2026-08-21 12:50:13 Fashion-MNIST stage (metric-privacy, non-iid, seed=42, noise_ratio=0.010705737174046187): 2 trajectories
2026-08-21 12:50:13 START fashion-mnist-in-remove__non-iid__metric-privacy__fedavg__clients-48__seed-42__nm0p513875__clip5__rounds-100__epochs-5__fashion_mnist_remove__fashion_mnist_cnn 
2026-08-21 13:06:44 DONE  fashion-mnist-in-remove__non-iid__metric-privacy__fedavg__clients-48__seed-42__nm0p513875__clip5__rounds-100__epochs-5__fashion_mnist_remove__fashion_mnist_cnn (991.0s)
2026-08-21 13:06:46 EVALUATED fashion-mnist-in-remove__non-iid__metric-privacy__fedavg__clients-48__seed-42__nm0p513875__clip5__rounds-100__epochs-5__fashion_mnist_remove__fashion_mnist_cnn round=1 (checkpoint deleted)
2026-08-21 13:06:49 EVALUATED fashion-mnist-in-remove__non-iid__metric-privacy__fedavg__clients-48__seed-42__nm0p513875__clip5__rounds-100__epochs-5__fashion_mnist_remove__fashion_mnist_cnn round=10 (checkpoint deleted)
2026-08-21 13:06:52 EVALUATED fashion-mnist-in-remove__non-iid__metric-privacy__fedavg__clients-48__seed-42__nm0p513875__clip5__rounds-100__epochs-5__fashion_mnist_remove__fashion_mnist_cnn round=20 (checkpoint deleted)
2026-08-21 13:06:54 EVALUATED fashion-mnist-in-remove__non-iid__metric-privacy__fedavg__clients-48__seed-42__nm0p513875__clip5__rounds-100__epochs-5__fashion_mnist_remove__fashion_mnist_cnn round=30 (checkpoint deleted)
2026-08-21 13:06:57 EVALUATED fashion-mnist-in-remove__non-iid__metric-privacy__fedavg__clients-48__seed-42__nm0p513875__clip5__rounds-100__epochs-5__fashion_mnist_remove__fashion_mnist_cnn round=40 (checkpoint deleted)
2026-08-21 13:07:00 EVALUATED fashion-mnist-in-remove__non-iid__metric-privacy__fedavg__clients-48__seed-42__nm0p513875__clip5__rounds-100__epochs-5__fashion_mnist_remove__fashion_mnist_cnn round=50 (checkpoint deleted)
2026-08-21 13:07:03 EVALUATED fashion-mnist-in-remove__non-iid__metric-privacy__fedavg__clients-48__seed-42__nm0p513875__clip5__rounds-100__epochs-5__fashion_mnist_remove__fashion_mnist_cnn round=60 (checkpoint deleted)
2026-08-21 13:07:05 EVALUATED fashion-mnist-in-remove__non-iid__metric-privacy__fedavg__clients-48__seed-42__nm0p513875__clip5__rounds-100__epochs-5__fashion_mnist_remove__fashion_mnist_cnn round=70 (checkpoint deleted)
2026-08-21 13:07:08 EVALUATED fashion-mnist-in-remove__non-iid__metric-privacy__fedavg__clients-48__seed-42__nm0p513875__clip5__rounds-100__epochs-5__fashion_mnist_remove__fashion_mnist_cnn round=80 (checkpoint deleted)
2026-08-21 13:07:11 EVALUATED fashion-mnist-in-remove__non-iid__metric-privacy__fedavg__clients-48__seed-42__nm0p513875__clip5__rounds-100__epochs-5__fashion_mnist_remove__fashion_mnist_cnn round=90 (checkpoint deleted)
2026-08-21 13:07:13 EVALUATED fashion-mnist-in-remove__non-iid__metric-privacy__fedavg__clients-48__seed-42__nm0p513875__clip5__rounds-100__epochs-5__fashion_mnist_remove__fashion_mnist_cnn round=100 (checkpoint deleted)
2026-08-21 13:07:13 PROGRESS 1/2 (0 failed so far)
2026-08-21 13:07:13 START fashion-mnist-out-remove__non-iid__metric-privacy__fedavg__clients-47__seed-42__nm0p50317__clip5__rounds-100__epochs-5__fashion_mnist_remove__fashion_mnist_cnn 
2026-08-21 13:23:20 DONE  fashion-mnist-out-remove__non-iid__metric-privacy__fedavg__clients-47__seed-42__nm0p50317__clip5__rounds-100__epochs-5__fashion_mnist_remove__fashion_mnist_cnn (967.0s)
2026-08-21 13:23:23 EVALUATED fashion-mnist-out-remove__non-iid__metric-privacy__fedavg__clients-47__seed-42__nm0p50317__clip5__rounds-100__epochs-5__fashion_mnist_remove__fashion_mnist_cnn round=1 (checkpoint deleted)
2026-08-21 13:23:26 EVALUATED fashion-mnist-out-remove__non-iid__metric-privacy__fedavg__clients-47__seed-42__nm0p50317__clip5__rounds-100__epochs-5__fashion_mnist_remove__fashion_mnist_cnn round=10 (checkpoint deleted)
2026-08-21 13:23:28 EVALUATED fashion-mnist-out-remove__non-iid__metric-privacy__fedavg__clients-47__seed-42__nm0p50317__clip5__rounds-100__epochs-5__fashion_mnist_remove__fashion_mnist_cnn round=20 (checkpoint deleted)
2026-08-21 13:23:31 EVALUATED fashion-mnist-out-remove__non-iid__metric-privacy__fedavg__clients-47__seed-42__nm0p50317__clip5__rounds-100__epochs-5__fashion_mnist_remove__fashion_mnist_cnn round=30 (checkpoint deleted)
2026-08-21 13:23:34 EVALUATED fashion-mnist-out-remove__non-iid__metric-privacy__fedavg__clients-47__seed-42__nm0p50317__clip5__rounds-100__epochs-5__fashion_mnist_remove__fashion_mnist_cnn round=40 (checkpoint deleted)
2026-08-21 13:23:37 EVALUATED fashion-mnist-out-remove__non-iid__metric-privacy__fedavg__clients-47__seed-42__nm0p50317__clip5__rounds-100__epochs-5__fashion_mnist_remove__fashion_mnist_cnn round=50 (checkpoint deleted)
2026-08-21 13:23:39 EVALUATED fashion-mnist-out-remove__non-iid__metric-privacy__fedavg__clients-47__seed-42__nm0p50317__clip5__rounds-100__epochs-5__fashion_mnist_remove__fashion_mnist_cnn round=60 (checkpoint deleted)
2026-08-21 13:23:42 EVALUATED fashion-mnist-out-remove__non-iid__metric-privacy__fedavg__clients-47__seed-42__nm0p50317__clip5__rounds-100__epochs-5__fashion_mnist_remove__fashion_mnist_cnn round=70 (checkpoint deleted)
2026-08-21 13:23:45 EVALUATED fashion-mnist-out-remove__non-iid__metric-privacy__fedavg__clients-47__seed-42__nm0p50317__clip5__rounds-100__epochs-5__fashion_mnist_remove__fashion_mnist_cnn round=80 (checkpoint deleted)
2026-08-21 13:23:47 EVALUATED fashion-mnist-out-remove__non-iid__metric-privacy__fedavg__clients-47__seed-42__nm0p50317__clip5__rounds-100__epochs-5__fashion_mnist_remove__fashion_mnist_cnn round=90 (checkpoint deleted)
2026-08-21 13:23:50 EVALUATED fashion-mnist-out-remove__non-iid__metric-privacy__fedavg__clients-47__seed-42__nm0p50317__clip5__rounds-100__epochs-5__fashion_mnist_remove__fashion_mnist_cnn round=100 (checkpoint deleted)
2026-08-21 13:23:50 PROGRESS 2/2 (0 failed so far)
2026-08-21 13:23:50 Sweep finished: 2/2 attempted, 0 failed
