2026-08-19 01:42:41 EuroSAT stage (metric-privacy, homogeneous, seed=42, noise_ratio=0.00038653252195102616): 2 trajectories
2026-08-19 01:42:41 START eurosat-in-remove__homogeneous__metric-privacy__fedavg__clients-48__seed-42__nm0p0185536__clip5__rounds-100__epochs-5__eurosat_remove__eurosat_cnn 
2026-08-19 02:00:56 DONE  eurosat-in-remove__homogeneous__metric-privacy__fedavg__clients-48__seed-42__nm0p0185536__clip5__rounds-100__epochs-5__eurosat_remove__eurosat_cnn (1095.2s)
2026-08-19 02:00:57 EVALUATED eurosat-in-remove__homogeneous__metric-privacy__fedavg__clients-48__seed-42__nm0p0185536__clip5__rounds-100__epochs-5__eurosat_remove__eurosat_cnn round=1 (checkpoint deleted)
2026-08-19 02:00:59 EVALUATED eurosat-in-remove__homogeneous__metric-privacy__fedavg__clients-48__seed-42__nm0p0185536__clip5__rounds-100__epochs-5__eurosat_remove__eurosat_cnn round=10 (checkpoint deleted)
2026-08-19 02:01:00 EVALUATED eurosat-in-remove__homogeneous__metric-privacy__fedavg__clients-48__seed-42__nm0p0185536__clip5__rounds-100__epochs-5__eurosat_remove__eurosat_cnn round=20 (checkpoint deleted)
2026-08-19 02:01:01 EVALUATED eurosat-in-remove__homogeneous__metric-privacy__fedavg__clients-48__seed-42__nm0p0185536__clip5__rounds-100__epochs-5__eurosat_remove__eurosat_cnn round=30 (checkpoint deleted)
2026-08-19 02:01:02 EVALUATED eurosat-in-remove__homogeneous__metric-privacy__fedavg__clients-48__seed-42__nm0p0185536__clip5__rounds-100__epochs-5__eurosat_remove__eurosat_cnn round=40 (checkpoint deleted)
2026-08-19 02:01:04 EVALUATED eurosat-in-remove__homogeneous__metric-privacy__fedavg__clients-48__seed-42__nm0p0185536__clip5__rounds-100__epochs-5__eurosat_remove__eurosat_cnn round=50 (checkpoint deleted)
2026-08-19 02:01:05 EVALUATED eurosat-in-remove__homogeneous__metric-privacy__fedavg__clients-48__seed-42__nm0p0185536__clip5__rounds-100__epochs-5__eurosat_remove__eurosat_cnn round=60 (checkpoint deleted)
2026-08-19 02:01:06 EVALUATED eurosat-in-remove__homogeneous__metric-privacy__fedavg__clients-48__seed-42__nm0p0185536__clip5__rounds-100__epochs-5__eurosat_remove__eurosat_cnn round=70 (checkpoint deleted)
2026-08-19 02:01:07 EVALUATED eurosat-in-remove__homogeneous__metric-privacy__fedavg__clients-48__seed-42__nm0p0185536__clip5__rounds-100__epochs-5__eurosat_remove__eurosat_cnn round=80 (checkpoint deleted)
2026-08-19 02:01:09 EVALUATED eurosat-in-remove__homogeneous__metric-privacy__fedavg__clients-48__seed-42__nm0p0185536__clip5__rounds-100__epochs-5__eurosat_remove__eurosat_cnn round=90 (checkpoint deleted)
2026-08-19 02:01:10 EVALUATED eurosat-in-remove__homogeneous__metric-privacy__fedavg__clients-48__seed-42__nm0p0185536__clip5__rounds-100__epochs-5__eurosat_remove__eurosat_cnn round=100 (checkpoint deleted)
2026-08-19 02:01:10 PROGRESS 1/2 (0 failed so far)
2026-08-19 02:01:10 START eurosat-out-remove__homogeneous__metric-privacy__fedavg__clients-47__seed-42__nm0p018167__clip5__rounds-100__epochs-5__eurosat_remove__eurosat_cnn 
2026-08-19 02:19:02 DONE  eurosat-out-remove__homogeneous__metric-privacy__fedavg__clients-47__seed-42__nm0p018167__clip5__rounds-100__epochs-5__eurosat_remove__eurosat_cnn (1072.3s)
2026-08-19 02:19:04 EVALUATED eurosat-out-remove__homogeneous__metric-privacy__fedavg__clients-47__seed-42__nm0p018167__clip5__rounds-100__epochs-5__eurosat_remove__eurosat_cnn round=1 (checkpoint deleted)
2026-08-19 02:19:05 EVALUATED eurosat-out-remove__homogeneous__metric-privacy__fedavg__clients-47__seed-42__nm0p018167__clip5__rounds-100__epochs-5__eurosat_remove__eurosat_cnn round=10 (checkpoint deleted)
2026-08-19 02:19:06 EVALUATED eurosat-out-remove__homogeneous__metric-privacy__fedavg__clients-47__seed-42__nm0p018167__clip5__rounds-100__epochs-5__eurosat_remove__eurosat_cnn round=20 (checkpoint deleted)
2026-08-19 02:19:07 EVALUATED eurosat-out-remove__homogeneous__metric-privacy__fedavg__clients-47__seed-42__nm0p018167__clip5__rounds-100__epochs-5__eurosat_remove__eurosat_cnn round=30 (checkpoint deleted)
2026-08-19 02:19:09 EVALUATED eurosat-out-remove__homogeneous__metric-privacy__fedavg__clients-47__seed-42__nm0p018167__clip5__rounds-100__epochs-5__eurosat_remove__eurosat_cnn round=40 (checkpoint deleted)
2026-08-19 02:19:10 EVALUATED eurosat-out-remove__homogeneous__metric-privacy__fedavg__clients-47__seed-42__nm0p018167__clip5__rounds-100__epochs-5__eurosat_remove__eurosat_cnn round=50 (checkpoint deleted)
2026-08-19 02:19:11 EVALUATED eurosat-out-remove__homogeneous__metric-privacy__fedavg__clients-47__seed-42__nm0p018167__clip5__rounds-100__epochs-5__eurosat_remove__eurosat_cnn round=60 (checkpoint deleted)
2026-08-19 02:19:13 EVALUATED eurosat-out-remove__homogeneous__metric-privacy__fedavg__clients-47__seed-42__nm0p018167__clip5__rounds-100__epochs-5__eurosat_remove__eurosat_cnn round=70 (checkpoint deleted)
2026-08-19 02:19:14 EVALUATED eurosat-out-remove__homogeneous__metric-privacy__fedavg__clients-47__seed-42__nm0p018167__clip5__rounds-100__epochs-5__eurosat_remove__eurosat_cnn round=80 (checkpoint deleted)
2026-08-19 02:19:15 EVALUATED eurosat-out-remove__homogeneous__metric-privacy__fedavg__clients-47__seed-42__nm0p018167__clip5__rounds-100__epochs-5__eurosat_remove__eurosat_cnn round=90 (checkpoint deleted)
2026-08-19 02:19:16 EVALUATED eurosat-out-remove__homogeneous__metric-privacy__fedavg__clients-47__seed-42__nm0p018167__clip5__rounds-100__epochs-5__eurosat_remove__eurosat_cnn round=100 (checkpoint deleted)
2026-08-19 02:19:16 PROGRESS 2/2 (0 failed so far)
2026-08-19 02:19:16 Sweep finished: 2/2 attempted, 0 failed
2026-08-19 02:19:17 EuroSAT stage (metric-privacy, homogeneous, seed=42, noise_ratio=0.00038653252195102616): 2 trajectories
2026-08-19 02:19:17 SKIP  2 combinations (attack results already exist)
2026-08-19 02:19:17 Sweep finished: 2/2 attempted, 0 failed
