2026-08-05 11:53:12 Starting max-records chunk: 1 trajectories
2026-08-05 11:53:12 START cifar-max-records-out-remove__non-iid__vanilla__fedavg__clients-2__seed-43__nm0p01__clip5__rounds-20__epochs-5__cifar_chunks__cifar10_cnn 
2026-08-05 11:58:48 DONE  cifar-max-records-out-remove__non-iid__vanilla__fedavg__clients-2__seed-43__nm0p01__clip5__rounds-20__epochs-5__cifar_chunks__cifar10_cnn (335.4s)
2026-08-05 11:58:58 EVALUATED cifar-max-records-out-remove__non-iid__vanilla__fedavg__clients-2__seed-43__nm0p01__clip5__rounds-20__epochs-5__cifar_chunks__cifar10_cnn round=1 (checkpoint deleted)
2026-08-05 11:59:05 EVALUATED cifar-max-records-out-remove__non-iid__vanilla__fedavg__clients-2__seed-43__nm0p01__clip5__rounds-20__epochs-5__cifar_chunks__cifar10_cnn round=2 (checkpoint deleted)
2026-08-05 11:59:12 EVALUATED cifar-max-records-out-remove__non-iid__vanilla__fedavg__clients-2__seed-43__nm0p01__clip5__rounds-20__epochs-5__cifar_chunks__cifar10_cnn round=3 (checkpoint deleted)
2026-08-05 11:59:19 EVALUATED cifar-max-records-out-remove__non-iid__vanilla__fedavg__clients-2__seed-43__nm0p01__clip5__rounds-20__epochs-5__cifar_chunks__cifar10_cnn round=4 (checkpoint deleted)
2026-08-05 11:59:26 EVALUATED cifar-max-records-out-remove__non-iid__vanilla__fedavg__clients-2__seed-43__nm0p01__clip5__rounds-20__epochs-5__cifar_chunks__cifar10_cnn round=5 (checkpoint deleted)
2026-08-05 11:59:33 EVALUATED cifar-max-records-out-remove__non-iid__vanilla__fedavg__clients-2__seed-43__nm0p01__clip5__rounds-20__epochs-5__cifar_chunks__cifar10_cnn round=6 (checkpoint deleted)
2026-08-05 11:59:40 EVALUATED cifar-max-records-out-remove__non-iid__vanilla__fedavg__clients-2__seed-43__nm0p01__clip5__rounds-20__epochs-5__cifar_chunks__cifar10_cnn round=7 (checkpoint deleted)
2026-08-05 11:59:46 EVALUATED cifar-max-records-out-remove__non-iid__vanilla__fedavg__clients-2__seed-43__nm0p01__clip5__rounds-20__epochs-5__cifar_chunks__cifar10_cnn round=8 (checkpoint deleted)
2026-08-05 11:59:53 EVALUATED cifar-max-records-out-remove__non-iid__vanilla__fedavg__clients-2__seed-43__nm0p01__clip5__rounds-20__epochs-5__cifar_chunks__cifar10_cnn round=9 (checkpoint deleted)
2026-08-05 12:00:00 EVALUATED cifar-max-records-out-remove__non-iid__vanilla__fedavg__clients-2__seed-43__nm0p01__clip5__rounds-20__epochs-5__cifar_chunks__cifar10_cnn round=10 (checkpoint deleted)
2026-08-05 12:00:07 EVALUATED cifar-max-records-out-remove__non-iid__vanilla__fedavg__clients-2__seed-43__nm0p01__clip5__rounds-20__epochs-5__cifar_chunks__cifar10_cnn round=11 (checkpoint deleted)
2026-08-05 12:00:14 EVALUATED cifar-max-records-out-remove__non-iid__vanilla__fedavg__clients-2__seed-43__nm0p01__clip5__rounds-20__epochs-5__cifar_chunks__cifar10_cnn round=12 (checkpoint deleted)
2026-08-05 12:00:21 EVALUATED cifar-max-records-out-remove__non-iid__vanilla__fedavg__clients-2__seed-43__nm0p01__clip5__rounds-20__epochs-5__cifar_chunks__cifar10_cnn round=13 (checkpoint deleted)
2026-08-05 12:00:28 EVALUATED cifar-max-records-out-remove__non-iid__vanilla__fedavg__clients-2__seed-43__nm0p01__clip5__rounds-20__epochs-5__cifar_chunks__cifar10_cnn round=14 (checkpoint deleted)
2026-08-05 12:00:34 EVALUATED cifar-max-records-out-remove__non-iid__vanilla__fedavg__clients-2__seed-43__nm0p01__clip5__rounds-20__epochs-5__cifar_chunks__cifar10_cnn round=15 (checkpoint deleted)
2026-08-05 12:00:41 EVALUATED cifar-max-records-out-remove__non-iid__vanilla__fedavg__clients-2__seed-43__nm0p01__clip5__rounds-20__epochs-5__cifar_chunks__cifar10_cnn round=16 (checkpoint deleted)
2026-08-05 12:00:48 EVALUATED cifar-max-records-out-remove__non-iid__vanilla__fedavg__clients-2__seed-43__nm0p01__clip5__rounds-20__epochs-5__cifar_chunks__cifar10_cnn round=17 (checkpoint deleted)
2026-08-05 12:00:55 EVALUATED cifar-max-records-out-remove__non-iid__vanilla__fedavg__clients-2__seed-43__nm0p01__clip5__rounds-20__epochs-5__cifar_chunks__cifar10_cnn round=18 (checkpoint deleted)
2026-08-05 12:01:02 EVALUATED cifar-max-records-out-remove__non-iid__vanilla__fedavg__clients-2__seed-43__nm0p01__clip5__rounds-20__epochs-5__cifar_chunks__cifar10_cnn round=19 (checkpoint deleted)
2026-08-05 12:01:09 EVALUATED cifar-max-records-out-remove__non-iid__vanilla__fedavg__clients-2__seed-43__nm0p01__clip5__rounds-20__epochs-5__cifar_chunks__cifar10_cnn round=20 (checkpoint deleted)
2026-08-05 12:01:09 PROGRESS 1/1 (0 failed so far)
2026-08-05 12:01:09 Sweep finished: 1/1 attempted, 0 failed
