2026-08-14 01:54:43 CIFAR-10 removal CIA chunk (global-dp, clients=100, noise_ratio=0.004): 2 trajectories
2026-08-14 01:54:43 START cifar10-in-remove__non-iid__global-dp__fedavg__clients-100__seed-42__nm0p4__clip5__rounds-20__epochs-5__cifar10_remove__cifar10_cnn 
2026-08-14 02:13:01 DONE  cifar10-in-remove__non-iid__global-dp__fedavg__clients-100__seed-42__nm0p4__clip5__rounds-20__epochs-5__cifar10_remove__cifar10_cnn (1097.5s)
2026-08-14 02:13:09 EVALUATED cifar10-in-remove__non-iid__global-dp__fedavg__clients-100__seed-42__nm0p4__clip5__rounds-20__epochs-5__cifar10_remove__cifar10_cnn round=1 (checkpoint deleted)
2026-08-14 02:13:13 EVALUATED cifar10-in-remove__non-iid__global-dp__fedavg__clients-100__seed-42__nm0p4__clip5__rounds-20__epochs-5__cifar10_remove__cifar10_cnn round=2 (checkpoint deleted)
2026-08-14 02:13:18 EVALUATED cifar10-in-remove__non-iid__global-dp__fedavg__clients-100__seed-42__nm0p4__clip5__rounds-20__epochs-5__cifar10_remove__cifar10_cnn round=3 (checkpoint deleted)
2026-08-14 02:13:23 EVALUATED cifar10-in-remove__non-iid__global-dp__fedavg__clients-100__seed-42__nm0p4__clip5__rounds-20__epochs-5__cifar10_remove__cifar10_cnn round=4 (checkpoint deleted)
2026-08-14 02:13:27 EVALUATED cifar10-in-remove__non-iid__global-dp__fedavg__clients-100__seed-42__nm0p4__clip5__rounds-20__epochs-5__cifar10_remove__cifar10_cnn round=5 (checkpoint deleted)
2026-08-14 02:13:32 EVALUATED cifar10-in-remove__non-iid__global-dp__fedavg__clients-100__seed-42__nm0p4__clip5__rounds-20__epochs-5__cifar10_remove__cifar10_cnn round=6 (checkpoint deleted)
2026-08-14 02:13:36 EVALUATED cifar10-in-remove__non-iid__global-dp__fedavg__clients-100__seed-42__nm0p4__clip5__rounds-20__epochs-5__cifar10_remove__cifar10_cnn round=7 (checkpoint deleted)
2026-08-14 02:13:41 EVALUATED cifar10-in-remove__non-iid__global-dp__fedavg__clients-100__seed-42__nm0p4__clip5__rounds-20__epochs-5__cifar10_remove__cifar10_cnn round=8 (checkpoint deleted)
2026-08-14 02:13:45 EVALUATED cifar10-in-remove__non-iid__global-dp__fedavg__clients-100__seed-42__nm0p4__clip5__rounds-20__epochs-5__cifar10_remove__cifar10_cnn round=9 (checkpoint deleted)
2026-08-14 02:13:50 EVALUATED cifar10-in-remove__non-iid__global-dp__fedavg__clients-100__seed-42__nm0p4__clip5__rounds-20__epochs-5__cifar10_remove__cifar10_cnn round=10 (checkpoint deleted)
2026-08-14 02:13:55 EVALUATED cifar10-in-remove__non-iid__global-dp__fedavg__clients-100__seed-42__nm0p4__clip5__rounds-20__epochs-5__cifar10_remove__cifar10_cnn round=11 (checkpoint deleted)
2026-08-14 02:13:59 EVALUATED cifar10-in-remove__non-iid__global-dp__fedavg__clients-100__seed-42__nm0p4__clip5__rounds-20__epochs-5__cifar10_remove__cifar10_cnn round=12 (checkpoint deleted)
2026-08-14 02:14:04 EVALUATED cifar10-in-remove__non-iid__global-dp__fedavg__clients-100__seed-42__nm0p4__clip5__rounds-20__epochs-5__cifar10_remove__cifar10_cnn round=13 (checkpoint deleted)
2026-08-14 02:14:08 EVALUATED cifar10-in-remove__non-iid__global-dp__fedavg__clients-100__seed-42__nm0p4__clip5__rounds-20__epochs-5__cifar10_remove__cifar10_cnn round=14 (checkpoint deleted)
2026-08-14 02:14:13 EVALUATED cifar10-in-remove__non-iid__global-dp__fedavg__clients-100__seed-42__nm0p4__clip5__rounds-20__epochs-5__cifar10_remove__cifar10_cnn round=15 (checkpoint deleted)
2026-08-14 02:14:17 EVALUATED cifar10-in-remove__non-iid__global-dp__fedavg__clients-100__seed-42__nm0p4__clip5__rounds-20__epochs-5__cifar10_remove__cifar10_cnn round=16 (checkpoint deleted)
2026-08-14 02:14:22 EVALUATED cifar10-in-remove__non-iid__global-dp__fedavg__clients-100__seed-42__nm0p4__clip5__rounds-20__epochs-5__cifar10_remove__cifar10_cnn round=17 (checkpoint deleted)
2026-08-14 02:14:27 EVALUATED cifar10-in-remove__non-iid__global-dp__fedavg__clients-100__seed-42__nm0p4__clip5__rounds-20__epochs-5__cifar10_remove__cifar10_cnn round=18 (checkpoint deleted)
2026-08-14 02:14:31 EVALUATED cifar10-in-remove__non-iid__global-dp__fedavg__clients-100__seed-42__nm0p4__clip5__rounds-20__epochs-5__cifar10_remove__cifar10_cnn round=19 (checkpoint deleted)
2026-08-14 02:14:36 EVALUATED cifar10-in-remove__non-iid__global-dp__fedavg__clients-100__seed-42__nm0p4__clip5__rounds-20__epochs-5__cifar10_remove__cifar10_cnn round=20 (checkpoint deleted)
2026-08-14 02:14:36 PROGRESS 1/2 (0 failed so far)
2026-08-14 02:14:36 START cifar10-out-remove__non-iid__global-dp__fedavg__clients-99__seed-42__nm0p396__clip5__rounds-20__epochs-5__cifar10_remove__cifar10_cnn 
2026-08-14 02:32:45 DONE  cifar10-out-remove__non-iid__global-dp__fedavg__clients-99__seed-42__nm0p396__clip5__rounds-20__epochs-5__cifar10_remove__cifar10_cnn (1089.1s)
2026-08-14 02:32:49 EVALUATED cifar10-out-remove__non-iid__global-dp__fedavg__clients-99__seed-42__nm0p396__clip5__rounds-20__epochs-5__cifar10_remove__cifar10_cnn round=1 (checkpoint deleted)
2026-08-14 02:32:54 EVALUATED cifar10-out-remove__non-iid__global-dp__fedavg__clients-99__seed-42__nm0p396__clip5__rounds-20__epochs-5__cifar10_remove__cifar10_cnn round=2 (checkpoint deleted)
2026-08-14 02:32:59 EVALUATED cifar10-out-remove__non-iid__global-dp__fedavg__clients-99__seed-42__nm0p396__clip5__rounds-20__epochs-5__cifar10_remove__cifar10_cnn round=3 (checkpoint deleted)
2026-08-14 02:33:03 EVALUATED cifar10-out-remove__non-iid__global-dp__fedavg__clients-99__seed-42__nm0p396__clip5__rounds-20__epochs-5__cifar10_remove__cifar10_cnn round=4 (checkpoint deleted)
2026-08-14 02:33:08 EVALUATED cifar10-out-remove__non-iid__global-dp__fedavg__clients-99__seed-42__nm0p396__clip5__rounds-20__epochs-5__cifar10_remove__cifar10_cnn round=5 (checkpoint deleted)
2026-08-14 02:33:12 EVALUATED cifar10-out-remove__non-iid__global-dp__fedavg__clients-99__seed-42__nm0p396__clip5__rounds-20__epochs-5__cifar10_remove__cifar10_cnn round=6 (checkpoint deleted)
2026-08-14 02:33:17 EVALUATED cifar10-out-remove__non-iid__global-dp__fedavg__clients-99__seed-42__nm0p396__clip5__rounds-20__epochs-5__cifar10_remove__cifar10_cnn round=7 (checkpoint deleted)
2026-08-14 02:33:22 EVALUATED cifar10-out-remove__non-iid__global-dp__fedavg__clients-99__seed-42__nm0p396__clip5__rounds-20__epochs-5__cifar10_remove__cifar10_cnn round=8 (checkpoint deleted)
2026-08-14 02:33:26 EVALUATED cifar10-out-remove__non-iid__global-dp__fedavg__clients-99__seed-42__nm0p396__clip5__rounds-20__epochs-5__cifar10_remove__cifar10_cnn round=9 (checkpoint deleted)
2026-08-14 02:33:31 EVALUATED cifar10-out-remove__non-iid__global-dp__fedavg__clients-99__seed-42__nm0p396__clip5__rounds-20__epochs-5__cifar10_remove__cifar10_cnn round=10 (checkpoint deleted)
2026-08-14 02:33:35 EVALUATED cifar10-out-remove__non-iid__global-dp__fedavg__clients-99__seed-42__nm0p396__clip5__rounds-20__epochs-5__cifar10_remove__cifar10_cnn round=11 (checkpoint deleted)
2026-08-14 02:33:40 EVALUATED cifar10-out-remove__non-iid__global-dp__fedavg__clients-99__seed-42__nm0p396__clip5__rounds-20__epochs-5__cifar10_remove__cifar10_cnn round=12 (checkpoint deleted)
2026-08-14 02:33:45 EVALUATED cifar10-out-remove__non-iid__global-dp__fedavg__clients-99__seed-42__nm0p396__clip5__rounds-20__epochs-5__cifar10_remove__cifar10_cnn round=13 (checkpoint deleted)
2026-08-14 02:33:49 EVALUATED cifar10-out-remove__non-iid__global-dp__fedavg__clients-99__seed-42__nm0p396__clip5__rounds-20__epochs-5__cifar10_remove__cifar10_cnn round=14 (checkpoint deleted)
2026-08-14 02:33:54 EVALUATED cifar10-out-remove__non-iid__global-dp__fedavg__clients-99__seed-42__nm0p396__clip5__rounds-20__epochs-5__cifar10_remove__cifar10_cnn round=15 (checkpoint deleted)
2026-08-14 02:33:59 EVALUATED cifar10-out-remove__non-iid__global-dp__fedavg__clients-99__seed-42__nm0p396__clip5__rounds-20__epochs-5__cifar10_remove__cifar10_cnn round=16 (checkpoint deleted)
2026-08-14 02:34:03 EVALUATED cifar10-out-remove__non-iid__global-dp__fedavg__clients-99__seed-42__nm0p396__clip5__rounds-20__epochs-5__cifar10_remove__cifar10_cnn round=17 (checkpoint deleted)
2026-08-14 02:34:08 EVALUATED cifar10-out-remove__non-iid__global-dp__fedavg__clients-99__seed-42__nm0p396__clip5__rounds-20__epochs-5__cifar10_remove__cifar10_cnn round=18 (checkpoint deleted)
2026-08-14 02:34:12 EVALUATED cifar10-out-remove__non-iid__global-dp__fedavg__clients-99__seed-42__nm0p396__clip5__rounds-20__epochs-5__cifar10_remove__cifar10_cnn round=19 (checkpoint deleted)
2026-08-14 02:34:17 EVALUATED cifar10-out-remove__non-iid__global-dp__fedavg__clients-99__seed-42__nm0p396__clip5__rounds-20__epochs-5__cifar10_remove__cifar10_cnn round=20 (checkpoint deleted)
2026-08-14 02:34:17 PROGRESS 2/2 (0 failed so far)
2026-08-14 02:34:17 Sweep finished: 2/2 attempted, 0 failed
