2026-08-13 23:17:12 CIFAR-10 removal CIA chunk (metric-privacy, clients=8, noise_ratio=0.00625): 2 trajectories
2026-08-13 23:17:12 START cifar10-in-remove__non-iid__metric-privacy__fedavg__clients-8__seed-42__nm0p05__clip5__rounds-20__epochs-5__cifar10_remove__cifar10_cnn 
2026-08-13 23:28:46 DONE  cifar10-in-remove__non-iid__metric-privacy__fedavg__clients-8__seed-42__nm0p05__clip5__rounds-20__epochs-5__cifar10_remove__cifar10_cnn (694.1s)
2026-08-13 23:28:55 EVALUATED cifar10-in-remove__non-iid__metric-privacy__fedavg__clients-8__seed-42__nm0p05__clip5__rounds-20__epochs-5__cifar10_remove__cifar10_cnn round=1 (checkpoint deleted)
2026-08-13 23:29:02 EVALUATED cifar10-in-remove__non-iid__metric-privacy__fedavg__clients-8__seed-42__nm0p05__clip5__rounds-20__epochs-5__cifar10_remove__cifar10_cnn round=2 (checkpoint deleted)
2026-08-13 23:29:09 EVALUATED cifar10-in-remove__non-iid__metric-privacy__fedavg__clients-8__seed-42__nm0p05__clip5__rounds-20__epochs-5__cifar10_remove__cifar10_cnn round=3 (checkpoint deleted)
2026-08-13 23:29:16 EVALUATED cifar10-in-remove__non-iid__metric-privacy__fedavg__clients-8__seed-42__nm0p05__clip5__rounds-20__epochs-5__cifar10_remove__cifar10_cnn round=4 (checkpoint deleted)
2026-08-13 23:29:23 EVALUATED cifar10-in-remove__non-iid__metric-privacy__fedavg__clients-8__seed-42__nm0p05__clip5__rounds-20__epochs-5__cifar10_remove__cifar10_cnn round=5 (checkpoint deleted)
2026-08-13 23:29:31 EVALUATED cifar10-in-remove__non-iid__metric-privacy__fedavg__clients-8__seed-42__nm0p05__clip5__rounds-20__epochs-5__cifar10_remove__cifar10_cnn round=6 (checkpoint deleted)
2026-08-13 23:29:38 EVALUATED cifar10-in-remove__non-iid__metric-privacy__fedavg__clients-8__seed-42__nm0p05__clip5__rounds-20__epochs-5__cifar10_remove__cifar10_cnn round=7 (checkpoint deleted)
2026-08-13 23:29:45 EVALUATED cifar10-in-remove__non-iid__metric-privacy__fedavg__clients-8__seed-42__nm0p05__clip5__rounds-20__epochs-5__cifar10_remove__cifar10_cnn round=8 (checkpoint deleted)
2026-08-13 23:29:52 EVALUATED cifar10-in-remove__non-iid__metric-privacy__fedavg__clients-8__seed-42__nm0p05__clip5__rounds-20__epochs-5__cifar10_remove__cifar10_cnn round=9 (checkpoint deleted)
2026-08-13 23:30:00 EVALUATED cifar10-in-remove__non-iid__metric-privacy__fedavg__clients-8__seed-42__nm0p05__clip5__rounds-20__epochs-5__cifar10_remove__cifar10_cnn round=10 (checkpoint deleted)
2026-08-13 23:30:07 EVALUATED cifar10-in-remove__non-iid__metric-privacy__fedavg__clients-8__seed-42__nm0p05__clip5__rounds-20__epochs-5__cifar10_remove__cifar10_cnn round=11 (checkpoint deleted)
2026-08-13 23:30:14 EVALUATED cifar10-in-remove__non-iid__metric-privacy__fedavg__clients-8__seed-42__nm0p05__clip5__rounds-20__epochs-5__cifar10_remove__cifar10_cnn round=12 (checkpoint deleted)
2026-08-13 23:30:21 EVALUATED cifar10-in-remove__non-iid__metric-privacy__fedavg__clients-8__seed-42__nm0p05__clip5__rounds-20__epochs-5__cifar10_remove__cifar10_cnn round=13 (checkpoint deleted)
2026-08-13 23:30:28 EVALUATED cifar10-in-remove__non-iid__metric-privacy__fedavg__clients-8__seed-42__nm0p05__clip5__rounds-20__epochs-5__cifar10_remove__cifar10_cnn round=14 (checkpoint deleted)
2026-08-13 23:30:36 EVALUATED cifar10-in-remove__non-iid__metric-privacy__fedavg__clients-8__seed-42__nm0p05__clip5__rounds-20__epochs-5__cifar10_remove__cifar10_cnn round=15 (checkpoint deleted)
2026-08-13 23:30:43 EVALUATED cifar10-in-remove__non-iid__metric-privacy__fedavg__clients-8__seed-42__nm0p05__clip5__rounds-20__epochs-5__cifar10_remove__cifar10_cnn round=16 (checkpoint deleted)
2026-08-13 23:30:50 EVALUATED cifar10-in-remove__non-iid__metric-privacy__fedavg__clients-8__seed-42__nm0p05__clip5__rounds-20__epochs-5__cifar10_remove__cifar10_cnn round=17 (checkpoint deleted)
2026-08-13 23:30:57 EVALUATED cifar10-in-remove__non-iid__metric-privacy__fedavg__clients-8__seed-42__nm0p05__clip5__rounds-20__epochs-5__cifar10_remove__cifar10_cnn round=18 (checkpoint deleted)
2026-08-13 23:31:05 EVALUATED cifar10-in-remove__non-iid__metric-privacy__fedavg__clients-8__seed-42__nm0p05__clip5__rounds-20__epochs-5__cifar10_remove__cifar10_cnn round=19 (checkpoint deleted)
2026-08-13 23:31:12 EVALUATED cifar10-in-remove__non-iid__metric-privacy__fedavg__clients-8__seed-42__nm0p05__clip5__rounds-20__epochs-5__cifar10_remove__cifar10_cnn round=20 (checkpoint deleted)
2026-08-13 23:31:12 PROGRESS 1/2 (0 failed so far)
2026-08-13 23:31:12 START cifar10-out-remove__non-iid__metric-privacy__fedavg__clients-7__seed-42__nm0p04375__clip5__rounds-20__epochs-5__cifar10_remove__cifar10_cnn 
2026-08-13 23:42:18 DONE  cifar10-out-remove__non-iid__metric-privacy__fedavg__clients-7__seed-42__nm0p04375__clip5__rounds-20__epochs-5__cifar10_remove__cifar10_cnn (666.4s)
2026-08-13 23:42:26 EVALUATED cifar10-out-remove__non-iid__metric-privacy__fedavg__clients-7__seed-42__nm0p04375__clip5__rounds-20__epochs-5__cifar10_remove__cifar10_cnn round=1 (checkpoint deleted)
2026-08-13 23:42:33 EVALUATED cifar10-out-remove__non-iid__metric-privacy__fedavg__clients-7__seed-42__nm0p04375__clip5__rounds-20__epochs-5__cifar10_remove__cifar10_cnn round=2 (checkpoint deleted)
2026-08-13 23:42:40 EVALUATED cifar10-out-remove__non-iid__metric-privacy__fedavg__clients-7__seed-42__nm0p04375__clip5__rounds-20__epochs-5__cifar10_remove__cifar10_cnn round=3 (checkpoint deleted)
2026-08-13 23:42:48 EVALUATED cifar10-out-remove__non-iid__metric-privacy__fedavg__clients-7__seed-42__nm0p04375__clip5__rounds-20__epochs-5__cifar10_remove__cifar10_cnn round=4 (checkpoint deleted)
2026-08-13 23:42:55 EVALUATED cifar10-out-remove__non-iid__metric-privacy__fedavg__clients-7__seed-42__nm0p04375__clip5__rounds-20__epochs-5__cifar10_remove__cifar10_cnn round=5 (checkpoint deleted)
2026-08-13 23:43:02 EVALUATED cifar10-out-remove__non-iid__metric-privacy__fedavg__clients-7__seed-42__nm0p04375__clip5__rounds-20__epochs-5__cifar10_remove__cifar10_cnn round=6 (checkpoint deleted)
2026-08-13 23:43:09 EVALUATED cifar10-out-remove__non-iid__metric-privacy__fedavg__clients-7__seed-42__nm0p04375__clip5__rounds-20__epochs-5__cifar10_remove__cifar10_cnn round=7 (checkpoint deleted)
2026-08-13 23:43:16 EVALUATED cifar10-out-remove__non-iid__metric-privacy__fedavg__clients-7__seed-42__nm0p04375__clip5__rounds-20__epochs-5__cifar10_remove__cifar10_cnn round=8 (checkpoint deleted)
2026-08-13 23:43:24 EVALUATED cifar10-out-remove__non-iid__metric-privacy__fedavg__clients-7__seed-42__nm0p04375__clip5__rounds-20__epochs-5__cifar10_remove__cifar10_cnn round=9 (checkpoint deleted)
2026-08-13 23:43:31 EVALUATED cifar10-out-remove__non-iid__metric-privacy__fedavg__clients-7__seed-42__nm0p04375__clip5__rounds-20__epochs-5__cifar10_remove__cifar10_cnn round=10 (checkpoint deleted)
2026-08-13 23:43:38 EVALUATED cifar10-out-remove__non-iid__metric-privacy__fedavg__clients-7__seed-42__nm0p04375__clip5__rounds-20__epochs-5__cifar10_remove__cifar10_cnn round=11 (checkpoint deleted)
2026-08-13 23:43:45 EVALUATED cifar10-out-remove__non-iid__metric-privacy__fedavg__clients-7__seed-42__nm0p04375__clip5__rounds-20__epochs-5__cifar10_remove__cifar10_cnn round=12 (checkpoint deleted)
2026-08-13 23:43:53 EVALUATED cifar10-out-remove__non-iid__metric-privacy__fedavg__clients-7__seed-42__nm0p04375__clip5__rounds-20__epochs-5__cifar10_remove__cifar10_cnn round=13 (checkpoint deleted)
2026-08-13 23:44:00 EVALUATED cifar10-out-remove__non-iid__metric-privacy__fedavg__clients-7__seed-42__nm0p04375__clip5__rounds-20__epochs-5__cifar10_remove__cifar10_cnn round=14 (checkpoint deleted)
2026-08-13 23:44:07 EVALUATED cifar10-out-remove__non-iid__metric-privacy__fedavg__clients-7__seed-42__nm0p04375__clip5__rounds-20__epochs-5__cifar10_remove__cifar10_cnn round=15 (checkpoint deleted)
2026-08-13 23:44:14 EVALUATED cifar10-out-remove__non-iid__metric-privacy__fedavg__clients-7__seed-42__nm0p04375__clip5__rounds-20__epochs-5__cifar10_remove__cifar10_cnn round=16 (checkpoint deleted)
2026-08-13 23:44:22 EVALUATED cifar10-out-remove__non-iid__metric-privacy__fedavg__clients-7__seed-42__nm0p04375__clip5__rounds-20__epochs-5__cifar10_remove__cifar10_cnn round=17 (checkpoint deleted)
2026-08-13 23:44:29 EVALUATED cifar10-out-remove__non-iid__metric-privacy__fedavg__clients-7__seed-42__nm0p04375__clip5__rounds-20__epochs-5__cifar10_remove__cifar10_cnn round=18 (checkpoint deleted)
2026-08-13 23:44:36 EVALUATED cifar10-out-remove__non-iid__metric-privacy__fedavg__clients-7__seed-42__nm0p04375__clip5__rounds-20__epochs-5__cifar10_remove__cifar10_cnn round=19 (checkpoint deleted)
2026-08-13 23:44:43 EVALUATED cifar10-out-remove__non-iid__metric-privacy__fedavg__clients-7__seed-42__nm0p04375__clip5__rounds-20__epochs-5__cifar10_remove__cifar10_cnn round=20 (checkpoint deleted)
2026-08-13 23:44:43 PROGRESS 2/2 (0 failed so far)
2026-08-13 23:44:43 Sweep finished: 2/2 attempted, 0 failed
