2026-08-05 15:33:02 Starting full chunk: 2 trajectories
2026-08-05 15:33:02 START cifar-full-out-replace__non-iid__global-dp__fedavg__clients-3__seed-42__nm0p009999__clip5__rounds-20__epochs-5__cifar_chunks__cifar10_cnn 
2026-08-05 15:37:07 DONE  cifar-full-out-replace__non-iid__global-dp__fedavg__clients-3__seed-42__nm0p009999__clip5__rounds-20__epochs-5__cifar_chunks__cifar10_cnn (245.4s)
2026-08-05 15:37:16 EVALUATED cifar-full-out-replace__non-iid__global-dp__fedavg__clients-3__seed-42__nm0p009999__clip5__rounds-20__epochs-5__cifar_chunks__cifar10_cnn round=1 (checkpoint deleted)
2026-08-05 15:37:23 EVALUATED cifar-full-out-replace__non-iid__global-dp__fedavg__clients-3__seed-42__nm0p009999__clip5__rounds-20__epochs-5__cifar_chunks__cifar10_cnn round=2 (checkpoint deleted)
2026-08-05 15:37:31 EVALUATED cifar-full-out-replace__non-iid__global-dp__fedavg__clients-3__seed-42__nm0p009999__clip5__rounds-20__epochs-5__cifar_chunks__cifar10_cnn round=3 (checkpoint deleted)
2026-08-05 15:37:38 EVALUATED cifar-full-out-replace__non-iid__global-dp__fedavg__clients-3__seed-42__nm0p009999__clip5__rounds-20__epochs-5__cifar_chunks__cifar10_cnn round=4 (checkpoint deleted)
2026-08-05 15:37:46 EVALUATED cifar-full-out-replace__non-iid__global-dp__fedavg__clients-3__seed-42__nm0p009999__clip5__rounds-20__epochs-5__cifar_chunks__cifar10_cnn round=5 (checkpoint deleted)
2026-08-05 15:37:53 EVALUATED cifar-full-out-replace__non-iid__global-dp__fedavg__clients-3__seed-42__nm0p009999__clip5__rounds-20__epochs-5__cifar_chunks__cifar10_cnn round=6 (checkpoint deleted)
2026-08-05 15:38:01 EVALUATED cifar-full-out-replace__non-iid__global-dp__fedavg__clients-3__seed-42__nm0p009999__clip5__rounds-20__epochs-5__cifar_chunks__cifar10_cnn round=7 (checkpoint deleted)
2026-08-05 15:38:08 EVALUATED cifar-full-out-replace__non-iid__global-dp__fedavg__clients-3__seed-42__nm0p009999__clip5__rounds-20__epochs-5__cifar_chunks__cifar10_cnn round=8 (checkpoint deleted)
2026-08-05 15:38:15 EVALUATED cifar-full-out-replace__non-iid__global-dp__fedavg__clients-3__seed-42__nm0p009999__clip5__rounds-20__epochs-5__cifar_chunks__cifar10_cnn round=9 (checkpoint deleted)
2026-08-05 15:38:23 EVALUATED cifar-full-out-replace__non-iid__global-dp__fedavg__clients-3__seed-42__nm0p009999__clip5__rounds-20__epochs-5__cifar_chunks__cifar10_cnn round=10 (checkpoint deleted)
2026-08-05 15:38:30 EVALUATED cifar-full-out-replace__non-iid__global-dp__fedavg__clients-3__seed-42__nm0p009999__clip5__rounds-20__epochs-5__cifar_chunks__cifar10_cnn round=11 (checkpoint deleted)
2026-08-05 15:38:38 EVALUATED cifar-full-out-replace__non-iid__global-dp__fedavg__clients-3__seed-42__nm0p009999__clip5__rounds-20__epochs-5__cifar_chunks__cifar10_cnn round=12 (checkpoint deleted)
2026-08-05 15:38:45 EVALUATED cifar-full-out-replace__non-iid__global-dp__fedavg__clients-3__seed-42__nm0p009999__clip5__rounds-20__epochs-5__cifar_chunks__cifar10_cnn round=13 (checkpoint deleted)
2026-08-05 15:38:53 EVALUATED cifar-full-out-replace__non-iid__global-dp__fedavg__clients-3__seed-42__nm0p009999__clip5__rounds-20__epochs-5__cifar_chunks__cifar10_cnn round=14 (checkpoint deleted)
2026-08-05 15:39:00 EVALUATED cifar-full-out-replace__non-iid__global-dp__fedavg__clients-3__seed-42__nm0p009999__clip5__rounds-20__epochs-5__cifar_chunks__cifar10_cnn round=15 (checkpoint deleted)
2026-08-05 15:39:08 EVALUATED cifar-full-out-replace__non-iid__global-dp__fedavg__clients-3__seed-42__nm0p009999__clip5__rounds-20__epochs-5__cifar_chunks__cifar10_cnn round=16 (checkpoint deleted)
2026-08-05 15:39:15 EVALUATED cifar-full-out-replace__non-iid__global-dp__fedavg__clients-3__seed-42__nm0p009999__clip5__rounds-20__epochs-5__cifar_chunks__cifar10_cnn round=17 (checkpoint deleted)
2026-08-05 15:39:23 EVALUATED cifar-full-out-replace__non-iid__global-dp__fedavg__clients-3__seed-42__nm0p009999__clip5__rounds-20__epochs-5__cifar_chunks__cifar10_cnn round=18 (checkpoint deleted)
2026-08-05 15:39:30 EVALUATED cifar-full-out-replace__non-iid__global-dp__fedavg__clients-3__seed-42__nm0p009999__clip5__rounds-20__epochs-5__cifar_chunks__cifar10_cnn round=19 (checkpoint deleted)
2026-08-05 15:39:38 EVALUATED cifar-full-out-replace__non-iid__global-dp__fedavg__clients-3__seed-42__nm0p009999__clip5__rounds-20__epochs-5__cifar_chunks__cifar10_cnn round=20 (checkpoint deleted)
2026-08-05 15:39:38 PROGRESS 1/2 (0 failed so far)
2026-08-05 15:39:38 START cifar-full-out-replace__non-iid__metric-privacy__fedavg__clients-3__seed-42__nm0p009999__clip5__rounds-20__epochs-5__cifar_chunks__cifar10_cnn 
2026-08-05 15:43:44 DONE  cifar-full-out-replace__non-iid__metric-privacy__fedavg__clients-3__seed-42__nm0p009999__clip5__rounds-20__epochs-5__cifar_chunks__cifar10_cnn (246.1s)
2026-08-05 15:43:51 EVALUATED cifar-full-out-replace__non-iid__metric-privacy__fedavg__clients-3__seed-42__nm0p009999__clip5__rounds-20__epochs-5__cifar_chunks__cifar10_cnn round=1 (checkpoint deleted)
2026-08-05 15:43:59 EVALUATED cifar-full-out-replace__non-iid__metric-privacy__fedavg__clients-3__seed-42__nm0p009999__clip5__rounds-20__epochs-5__cifar_chunks__cifar10_cnn round=2 (checkpoint deleted)
2026-08-05 15:44:06 EVALUATED cifar-full-out-replace__non-iid__metric-privacy__fedavg__clients-3__seed-42__nm0p009999__clip5__rounds-20__epochs-5__cifar_chunks__cifar10_cnn round=3 (checkpoint deleted)
2026-08-05 15:44:14 EVALUATED cifar-full-out-replace__non-iid__metric-privacy__fedavg__clients-3__seed-42__nm0p009999__clip5__rounds-20__epochs-5__cifar_chunks__cifar10_cnn round=4 (checkpoint deleted)
2026-08-05 15:44:21 EVALUATED cifar-full-out-replace__non-iid__metric-privacy__fedavg__clients-3__seed-42__nm0p009999__clip5__rounds-20__epochs-5__cifar_chunks__cifar10_cnn round=5 (checkpoint deleted)
2026-08-05 15:44:28 EVALUATED cifar-full-out-replace__non-iid__metric-privacy__fedavg__clients-3__seed-42__nm0p009999__clip5__rounds-20__epochs-5__cifar_chunks__cifar10_cnn round=6 (checkpoint deleted)
2026-08-05 15:44:36 EVALUATED cifar-full-out-replace__non-iid__metric-privacy__fedavg__clients-3__seed-42__nm0p009999__clip5__rounds-20__epochs-5__cifar_chunks__cifar10_cnn round=7 (checkpoint deleted)
2026-08-05 15:44:43 EVALUATED cifar-full-out-replace__non-iid__metric-privacy__fedavg__clients-3__seed-42__nm0p009999__clip5__rounds-20__epochs-5__cifar_chunks__cifar10_cnn round=8 (checkpoint deleted)
2026-08-05 15:44:51 EVALUATED cifar-full-out-replace__non-iid__metric-privacy__fedavg__clients-3__seed-42__nm0p009999__clip5__rounds-20__epochs-5__cifar_chunks__cifar10_cnn round=9 (checkpoint deleted)
2026-08-05 15:44:58 EVALUATED cifar-full-out-replace__non-iid__metric-privacy__fedavg__clients-3__seed-42__nm0p009999__clip5__rounds-20__epochs-5__cifar_chunks__cifar10_cnn round=10 (checkpoint deleted)
2026-08-05 15:45:06 EVALUATED cifar-full-out-replace__non-iid__metric-privacy__fedavg__clients-3__seed-42__nm0p009999__clip5__rounds-20__epochs-5__cifar_chunks__cifar10_cnn round=11 (checkpoint deleted)
2026-08-05 15:45:13 EVALUATED cifar-full-out-replace__non-iid__metric-privacy__fedavg__clients-3__seed-42__nm0p009999__clip5__rounds-20__epochs-5__cifar_chunks__cifar10_cnn round=12 (checkpoint deleted)
2026-08-05 15:45:21 EVALUATED cifar-full-out-replace__non-iid__metric-privacy__fedavg__clients-3__seed-42__nm0p009999__clip5__rounds-20__epochs-5__cifar_chunks__cifar10_cnn round=13 (checkpoint deleted)
2026-08-05 15:45:28 EVALUATED cifar-full-out-replace__non-iid__metric-privacy__fedavg__clients-3__seed-42__nm0p009999__clip5__rounds-20__epochs-5__cifar_chunks__cifar10_cnn round=14 (checkpoint deleted)
2026-08-05 15:45:36 EVALUATED cifar-full-out-replace__non-iid__metric-privacy__fedavg__clients-3__seed-42__nm0p009999__clip5__rounds-20__epochs-5__cifar_chunks__cifar10_cnn round=15 (checkpoint deleted)
2026-08-05 15:45:43 EVALUATED cifar-full-out-replace__non-iid__metric-privacy__fedavg__clients-3__seed-42__nm0p009999__clip5__rounds-20__epochs-5__cifar_chunks__cifar10_cnn round=16 (checkpoint deleted)
2026-08-05 15:45:51 EVALUATED cifar-full-out-replace__non-iid__metric-privacy__fedavg__clients-3__seed-42__nm0p009999__clip5__rounds-20__epochs-5__cifar_chunks__cifar10_cnn round=17 (checkpoint deleted)
2026-08-05 15:45:58 EVALUATED cifar-full-out-replace__non-iid__metric-privacy__fedavg__clients-3__seed-42__nm0p009999__clip5__rounds-20__epochs-5__cifar_chunks__cifar10_cnn round=18 (checkpoint deleted)
2026-08-05 15:46:06 EVALUATED cifar-full-out-replace__non-iid__metric-privacy__fedavg__clients-3__seed-42__nm0p009999__clip5__rounds-20__epochs-5__cifar_chunks__cifar10_cnn round=19 (checkpoint deleted)
2026-08-05 15:46:13 EVALUATED cifar-full-out-replace__non-iid__metric-privacy__fedavg__clients-3__seed-42__nm0p009999__clip5__rounds-20__epochs-5__cifar_chunks__cifar10_cnn round=20 (checkpoint deleted)
2026-08-05 15:46:13 PROGRESS 2/2 (0 failed so far)
2026-08-05 15:46:13 Sweep finished: 2/2 attempted, 0 failed
