2026-08-20 03:35:48 CIFAR-10 removal CIA chunk (metric-privacy, clients=8, alpha=0.1, noise_ratio=0.004): 2 trajectories
2026-08-20 03:35:48 START cifar10-in-remove__dirichlet__alpha-0p1__metric-privacy__fedavg__clients-8__seed-42__nm0p032__clip5__rounds-20__epochs-5__cifar10_dirichlet__cifar10_cnn 
2026-08-20 03:48:25 DONE  cifar10-in-remove__dirichlet__alpha-0p1__metric-privacy__fedavg__clients-8__seed-42__nm0p032__clip5__rounds-20__epochs-5__cifar10_dirichlet__cifar10_cnn (757.3s)
2026-08-20 03:48:35 EVALUATED cifar10-in-remove__dirichlet__alpha-0p1__metric-privacy__fedavg__clients-8__seed-42__nm0p032__clip5__rounds-20__epochs-5__cifar10_dirichlet__cifar10_cnn round=1 (checkpoint deleted)
2026-08-20 03:48:41 EVALUATED cifar10-in-remove__dirichlet__alpha-0p1__metric-privacy__fedavg__clients-8__seed-42__nm0p032__clip5__rounds-20__epochs-5__cifar10_dirichlet__cifar10_cnn round=2 (checkpoint deleted)
2026-08-20 03:48:48 EVALUATED cifar10-in-remove__dirichlet__alpha-0p1__metric-privacy__fedavg__clients-8__seed-42__nm0p032__clip5__rounds-20__epochs-5__cifar10_dirichlet__cifar10_cnn round=3 (checkpoint deleted)
2026-08-20 03:48:54 EVALUATED cifar10-in-remove__dirichlet__alpha-0p1__metric-privacy__fedavg__clients-8__seed-42__nm0p032__clip5__rounds-20__epochs-5__cifar10_dirichlet__cifar10_cnn round=4 (checkpoint deleted)
2026-08-20 03:49:00 EVALUATED cifar10-in-remove__dirichlet__alpha-0p1__metric-privacy__fedavg__clients-8__seed-42__nm0p032__clip5__rounds-20__epochs-5__cifar10_dirichlet__cifar10_cnn round=5 (checkpoint deleted)
2026-08-20 03:49:07 EVALUATED cifar10-in-remove__dirichlet__alpha-0p1__metric-privacy__fedavg__clients-8__seed-42__nm0p032__clip5__rounds-20__epochs-5__cifar10_dirichlet__cifar10_cnn round=6 (checkpoint deleted)
2026-08-20 03:49:13 EVALUATED cifar10-in-remove__dirichlet__alpha-0p1__metric-privacy__fedavg__clients-8__seed-42__nm0p032__clip5__rounds-20__epochs-5__cifar10_dirichlet__cifar10_cnn round=7 (checkpoint deleted)
2026-08-20 03:49:20 EVALUATED cifar10-in-remove__dirichlet__alpha-0p1__metric-privacy__fedavg__clients-8__seed-42__nm0p032__clip5__rounds-20__epochs-5__cifar10_dirichlet__cifar10_cnn round=8 (checkpoint deleted)
2026-08-20 03:49:26 EVALUATED cifar10-in-remove__dirichlet__alpha-0p1__metric-privacy__fedavg__clients-8__seed-42__nm0p032__clip5__rounds-20__epochs-5__cifar10_dirichlet__cifar10_cnn round=9 (checkpoint deleted)
2026-08-20 03:49:32 EVALUATED cifar10-in-remove__dirichlet__alpha-0p1__metric-privacy__fedavg__clients-8__seed-42__nm0p032__clip5__rounds-20__epochs-5__cifar10_dirichlet__cifar10_cnn round=10 (checkpoint deleted)
2026-08-20 03:49:39 EVALUATED cifar10-in-remove__dirichlet__alpha-0p1__metric-privacy__fedavg__clients-8__seed-42__nm0p032__clip5__rounds-20__epochs-5__cifar10_dirichlet__cifar10_cnn round=11 (checkpoint deleted)
2026-08-20 03:49:45 EVALUATED cifar10-in-remove__dirichlet__alpha-0p1__metric-privacy__fedavg__clients-8__seed-42__nm0p032__clip5__rounds-20__epochs-5__cifar10_dirichlet__cifar10_cnn round=12 (checkpoint deleted)
2026-08-20 03:49:51 EVALUATED cifar10-in-remove__dirichlet__alpha-0p1__metric-privacy__fedavg__clients-8__seed-42__nm0p032__clip5__rounds-20__epochs-5__cifar10_dirichlet__cifar10_cnn round=13 (checkpoint deleted)
2026-08-20 03:49:58 EVALUATED cifar10-in-remove__dirichlet__alpha-0p1__metric-privacy__fedavg__clients-8__seed-42__nm0p032__clip5__rounds-20__epochs-5__cifar10_dirichlet__cifar10_cnn round=14 (checkpoint deleted)
2026-08-20 03:50:04 EVALUATED cifar10-in-remove__dirichlet__alpha-0p1__metric-privacy__fedavg__clients-8__seed-42__nm0p032__clip5__rounds-20__epochs-5__cifar10_dirichlet__cifar10_cnn round=15 (checkpoint deleted)
2026-08-20 03:50:11 EVALUATED cifar10-in-remove__dirichlet__alpha-0p1__metric-privacy__fedavg__clients-8__seed-42__nm0p032__clip5__rounds-20__epochs-5__cifar10_dirichlet__cifar10_cnn round=16 (checkpoint deleted)
2026-08-20 03:50:17 EVALUATED cifar10-in-remove__dirichlet__alpha-0p1__metric-privacy__fedavg__clients-8__seed-42__nm0p032__clip5__rounds-20__epochs-5__cifar10_dirichlet__cifar10_cnn round=17 (checkpoint deleted)
2026-08-20 03:50:24 EVALUATED cifar10-in-remove__dirichlet__alpha-0p1__metric-privacy__fedavg__clients-8__seed-42__nm0p032__clip5__rounds-20__epochs-5__cifar10_dirichlet__cifar10_cnn round=18 (checkpoint deleted)
2026-08-20 03:50:30 EVALUATED cifar10-in-remove__dirichlet__alpha-0p1__metric-privacy__fedavg__clients-8__seed-42__nm0p032__clip5__rounds-20__epochs-5__cifar10_dirichlet__cifar10_cnn round=19 (checkpoint deleted)
2026-08-20 03:50:36 EVALUATED cifar10-in-remove__dirichlet__alpha-0p1__metric-privacy__fedavg__clients-8__seed-42__nm0p032__clip5__rounds-20__epochs-5__cifar10_dirichlet__cifar10_cnn round=20 (checkpoint deleted)
2026-08-20 03:50:36 PROGRESS 1/2 (0 failed so far)
2026-08-20 03:50:36 START cifar10-out-remove__dirichlet__alpha-0p1__metric-privacy__fedavg__clients-7__seed-42__nm0p028__clip5__rounds-20__epochs-5__cifar10_dirichlet__cifar10_cnn 
2026-08-20 04:02:48 DONE  cifar10-out-remove__dirichlet__alpha-0p1__metric-privacy__fedavg__clients-7__seed-42__nm0p028__clip5__rounds-20__epochs-5__cifar10_dirichlet__cifar10_cnn (732.1s)
2026-08-20 04:02:55 EVALUATED cifar10-out-remove__dirichlet__alpha-0p1__metric-privacy__fedavg__clients-7__seed-42__nm0p028__clip5__rounds-20__epochs-5__cifar10_dirichlet__cifar10_cnn round=1 (checkpoint deleted)
2026-08-20 04:03:01 EVALUATED cifar10-out-remove__dirichlet__alpha-0p1__metric-privacy__fedavg__clients-7__seed-42__nm0p028__clip5__rounds-20__epochs-5__cifar10_dirichlet__cifar10_cnn round=2 (checkpoint deleted)
2026-08-20 04:03:08 EVALUATED cifar10-out-remove__dirichlet__alpha-0p1__metric-privacy__fedavg__clients-7__seed-42__nm0p028__clip5__rounds-20__epochs-5__cifar10_dirichlet__cifar10_cnn round=3 (checkpoint deleted)
2026-08-20 04:03:14 EVALUATED cifar10-out-remove__dirichlet__alpha-0p1__metric-privacy__fedavg__clients-7__seed-42__nm0p028__clip5__rounds-20__epochs-5__cifar10_dirichlet__cifar10_cnn round=4 (checkpoint deleted)
2026-08-20 04:03:20 EVALUATED cifar10-out-remove__dirichlet__alpha-0p1__metric-privacy__fedavg__clients-7__seed-42__nm0p028__clip5__rounds-20__epochs-5__cifar10_dirichlet__cifar10_cnn round=5 (checkpoint deleted)
2026-08-20 04:03:27 EVALUATED cifar10-out-remove__dirichlet__alpha-0p1__metric-privacy__fedavg__clients-7__seed-42__nm0p028__clip5__rounds-20__epochs-5__cifar10_dirichlet__cifar10_cnn round=6 (checkpoint deleted)
2026-08-20 04:03:33 EVALUATED cifar10-out-remove__dirichlet__alpha-0p1__metric-privacy__fedavg__clients-7__seed-42__nm0p028__clip5__rounds-20__epochs-5__cifar10_dirichlet__cifar10_cnn round=7 (checkpoint deleted)
2026-08-20 04:03:39 EVALUATED cifar10-out-remove__dirichlet__alpha-0p1__metric-privacy__fedavg__clients-7__seed-42__nm0p028__clip5__rounds-20__epochs-5__cifar10_dirichlet__cifar10_cnn round=8 (checkpoint deleted)
2026-08-20 04:03:46 EVALUATED cifar10-out-remove__dirichlet__alpha-0p1__metric-privacy__fedavg__clients-7__seed-42__nm0p028__clip5__rounds-20__epochs-5__cifar10_dirichlet__cifar10_cnn round=9 (checkpoint deleted)
2026-08-20 04:03:52 EVALUATED cifar10-out-remove__dirichlet__alpha-0p1__metric-privacy__fedavg__clients-7__seed-42__nm0p028__clip5__rounds-20__epochs-5__cifar10_dirichlet__cifar10_cnn round=10 (checkpoint deleted)
2026-08-20 04:03:59 EVALUATED cifar10-out-remove__dirichlet__alpha-0p1__metric-privacy__fedavg__clients-7__seed-42__nm0p028__clip5__rounds-20__epochs-5__cifar10_dirichlet__cifar10_cnn round=11 (checkpoint deleted)
2026-08-20 04:04:05 EVALUATED cifar10-out-remove__dirichlet__alpha-0p1__metric-privacy__fedavg__clients-7__seed-42__nm0p028__clip5__rounds-20__epochs-5__cifar10_dirichlet__cifar10_cnn round=12 (checkpoint deleted)
2026-08-20 04:04:12 EVALUATED cifar10-out-remove__dirichlet__alpha-0p1__metric-privacy__fedavg__clients-7__seed-42__nm0p028__clip5__rounds-20__epochs-5__cifar10_dirichlet__cifar10_cnn round=13 (checkpoint deleted)
2026-08-20 04:04:18 EVALUATED cifar10-out-remove__dirichlet__alpha-0p1__metric-privacy__fedavg__clients-7__seed-42__nm0p028__clip5__rounds-20__epochs-5__cifar10_dirichlet__cifar10_cnn round=14 (checkpoint deleted)
2026-08-20 04:04:24 EVALUATED cifar10-out-remove__dirichlet__alpha-0p1__metric-privacy__fedavg__clients-7__seed-42__nm0p028__clip5__rounds-20__epochs-5__cifar10_dirichlet__cifar10_cnn round=15 (checkpoint deleted)
2026-08-20 04:04:31 EVALUATED cifar10-out-remove__dirichlet__alpha-0p1__metric-privacy__fedavg__clients-7__seed-42__nm0p028__clip5__rounds-20__epochs-5__cifar10_dirichlet__cifar10_cnn round=16 (checkpoint deleted)
2026-08-20 04:04:37 EVALUATED cifar10-out-remove__dirichlet__alpha-0p1__metric-privacy__fedavg__clients-7__seed-42__nm0p028__clip5__rounds-20__epochs-5__cifar10_dirichlet__cifar10_cnn round=17 (checkpoint deleted)
2026-08-20 04:04:44 EVALUATED cifar10-out-remove__dirichlet__alpha-0p1__metric-privacy__fedavg__clients-7__seed-42__nm0p028__clip5__rounds-20__epochs-5__cifar10_dirichlet__cifar10_cnn round=18 (checkpoint deleted)
2026-08-20 04:04:50 EVALUATED cifar10-out-remove__dirichlet__alpha-0p1__metric-privacy__fedavg__clients-7__seed-42__nm0p028__clip5__rounds-20__epochs-5__cifar10_dirichlet__cifar10_cnn round=19 (checkpoint deleted)
2026-08-20 04:04:57 EVALUATED cifar10-out-remove__dirichlet__alpha-0p1__metric-privacy__fedavg__clients-7__seed-42__nm0p028__clip5__rounds-20__epochs-5__cifar10_dirichlet__cifar10_cnn round=20 (checkpoint deleted)
2026-08-20 04:04:57 PROGRESS 2/2 (0 failed so far)
2026-08-20 04:04:57 Sweep finished: 2/2 attempted, 0 failed
