2026-07-26 20:43:05 START cia_scaling__first-round__homogeneous__vanilla__fedavg
2026-07-26 20:54:32 DONE cia_scaling__first-round__homogeneous__vanilla__fedavg
2026-07-26 20:54:32 PROGRESS 1/12 (0 failed so far)
2026-07-26 20:54:32 START cia_scaling__first-round__homogeneous__vanilla__fedyogi
2026-07-26 21:06:16 DONE cia_scaling__first-round__homogeneous__vanilla__fedyogi
2026-07-26 21:06:16 PROGRESS 2/12 (0 failed so far)
2026-07-26 21:06:16 START cia_scaling__first-round__homogeneous__global-dp__fedavg
2026-07-26 21:17:42 DONE cia_scaling__first-round__homogeneous__global-dp__fedavg
2026-07-26 21:17:42 PROGRESS 3/12 (0 failed so far)
2026-07-26 21:17:42 START cia_scaling__first-round__homogeneous__global-dp__fedyogi
2026-07-26 21:29:26 DONE cia_scaling__first-round__homogeneous__global-dp__fedyogi
2026-07-26 21:29:26 PROGRESS 4/12 (0 failed so far)
2026-07-26 21:29:26 START cia_scaling__first-round__homogeneous__metric-privacy__fedavg
2026-07-26 21:40:49 DONE cia_scaling__first-round__homogeneous__metric-privacy__fedavg
2026-07-26 21:40:49 PROGRESS 5/12 (0 failed so far)
2026-07-26 21:40:49 START cia_scaling__first-round__homogeneous__metric-privacy__fedyogi
2026-07-26 21:52:34 DONE cia_scaling__first-round__homogeneous__metric-privacy__fedyogi
2026-07-26 21:52:34 PROGRESS 6/12 (0 failed so far)
2026-07-26 21:52:34 START cia_scaling__first-round__non-iid__vanilla__fedavg
2026-07-26 22:04:22 DONE cia_scaling__first-round__non-iid__vanilla__fedavg
2026-07-26 22:04:22 PROGRESS 7/12 (0 failed so far)
2026-07-26 22:04:22 START cia_scaling__first-round__non-iid__vanilla__fedyogi
2026-07-26 22:16:29 DONE cia_scaling__first-round__non-iid__vanilla__fedyogi
2026-07-26 22:16:29 PROGRESS 8/12 (0 failed so far)
2026-07-26 22:16:29 START cia_scaling__first-round__non-iid__global-dp__fedavg
2026-07-26 22:28:13 DONE cia_scaling__first-round__non-iid__global-dp__fedavg
2026-07-26 22:28:13 PROGRESS 9/12 (0 failed so far)
2026-07-26 22:28:13 START cia_scaling__first-round__non-iid__global-dp__fedyogi
2026-07-26 22:40:23 DONE cia_scaling__first-round__non-iid__global-dp__fedyogi
2026-07-26 22:40:23 PROGRESS 10/12 (0 failed so far)
2026-07-26 22:40:23 START cia_scaling__first-round__non-iid__metric-privacy__fedavg
2026-07-26 22:52:19 DONE cia_scaling__first-round__non-iid__metric-privacy__fedavg
2026-07-26 22:52:19 PROGRESS 11/12 (0 failed so far)
2026-07-26 22:52:19 START cia_scaling__first-round__non-iid__metric-privacy__fedyogi
2026-07-26 23:04:35 DONE cia_scaling__first-round__non-iid__metric-privacy__fedyogi
2026-07-26 23:04:35 PROGRESS 12/12 (0 failed so far)
