2026-08-05 21:39:23 Starting full chunk: 2 trajectories
2026-08-05 21:39:23 START cifar-full-in-replace__non-iid__global-dp__fedavg__clients-16__seed-43__nm0p1__clip5__rounds-20__epochs-5__cifar_chunks__cifar10_cnn 
2026-08-05 21:45:07 DONE  cifar-full-in-replace__non-iid__global-dp__fedavg__clients-16__seed-43__nm0p1__clip5__rounds-20__epochs-5__cifar_chunks__cifar10_cnn (344.1s)
2026-08-05 21:45:14 EVALUATED cifar-full-in-replace__non-iid__global-dp__fedavg__clients-16__seed-43__nm0p1__clip5__rounds-20__epochs-5__cifar_chunks__cifar10_cnn round=1 (checkpoint deleted)
2026-08-05 21:45:19 EVALUATED cifar-full-in-replace__non-iid__global-dp__fedavg__clients-16__seed-43__nm0p1__clip5__rounds-20__epochs-5__cifar_chunks__cifar10_cnn round=2 (checkpoint deleted)
2026-08-05 21:45:23 EVALUATED cifar-full-in-replace__non-iid__global-dp__fedavg__clients-16__seed-43__nm0p1__clip5__rounds-20__epochs-5__cifar_chunks__cifar10_cnn round=3 (checkpoint deleted)
2026-08-05 21:45:27 EVALUATED cifar-full-in-replace__non-iid__global-dp__fedavg__clients-16__seed-43__nm0p1__clip5__rounds-20__epochs-5__cifar_chunks__cifar10_cnn round=4 (checkpoint deleted)
2026-08-05 21:45:32 EVALUATED cifar-full-in-replace__non-iid__global-dp__fedavg__clients-16__seed-43__nm0p1__clip5__rounds-20__epochs-5__cifar_chunks__cifar10_cnn round=5 (checkpoint deleted)
2026-08-05 21:45:36 EVALUATED cifar-full-in-replace__non-iid__global-dp__fedavg__clients-16__seed-43__nm0p1__clip5__rounds-20__epochs-5__cifar_chunks__cifar10_cnn round=6 (checkpoint deleted)
2026-08-05 21:45:40 EVALUATED cifar-full-in-replace__non-iid__global-dp__fedavg__clients-16__seed-43__nm0p1__clip5__rounds-20__epochs-5__cifar_chunks__cifar10_cnn round=7 (checkpoint deleted)
2026-08-05 21:45:45 EVALUATED cifar-full-in-replace__non-iid__global-dp__fedavg__clients-16__seed-43__nm0p1__clip5__rounds-20__epochs-5__cifar_chunks__cifar10_cnn round=8 (checkpoint deleted)
2026-08-05 21:45:49 EVALUATED cifar-full-in-replace__non-iid__global-dp__fedavg__clients-16__seed-43__nm0p1__clip5__rounds-20__epochs-5__cifar_chunks__cifar10_cnn round=9 (checkpoint deleted)
2026-08-05 21:45:53 EVALUATED cifar-full-in-replace__non-iid__global-dp__fedavg__clients-16__seed-43__nm0p1__clip5__rounds-20__epochs-5__cifar_chunks__cifar10_cnn round=10 (checkpoint deleted)
2026-08-05 21:45:58 EVALUATED cifar-full-in-replace__non-iid__global-dp__fedavg__clients-16__seed-43__nm0p1__clip5__rounds-20__epochs-5__cifar_chunks__cifar10_cnn round=11 (checkpoint deleted)
2026-08-05 21:46:02 EVALUATED cifar-full-in-replace__non-iid__global-dp__fedavg__clients-16__seed-43__nm0p1__clip5__rounds-20__epochs-5__cifar_chunks__cifar10_cnn round=12 (checkpoint deleted)
2026-08-05 21:46:06 EVALUATED cifar-full-in-replace__non-iid__global-dp__fedavg__clients-16__seed-43__nm0p1__clip5__rounds-20__epochs-5__cifar_chunks__cifar10_cnn round=13 (checkpoint deleted)
2026-08-05 21:46:11 EVALUATED cifar-full-in-replace__non-iid__global-dp__fedavg__clients-16__seed-43__nm0p1__clip5__rounds-20__epochs-5__cifar_chunks__cifar10_cnn round=14 (checkpoint deleted)
2026-08-05 21:46:15 EVALUATED cifar-full-in-replace__non-iid__global-dp__fedavg__clients-16__seed-43__nm0p1__clip5__rounds-20__epochs-5__cifar_chunks__cifar10_cnn round=15 (checkpoint deleted)
2026-08-05 21:46:19 EVALUATED cifar-full-in-replace__non-iid__global-dp__fedavg__clients-16__seed-43__nm0p1__clip5__rounds-20__epochs-5__cifar_chunks__cifar10_cnn round=16 (checkpoint deleted)
2026-08-05 21:46:23 EVALUATED cifar-full-in-replace__non-iid__global-dp__fedavg__clients-16__seed-43__nm0p1__clip5__rounds-20__epochs-5__cifar_chunks__cifar10_cnn round=17 (checkpoint deleted)
2026-08-05 21:46:28 EVALUATED cifar-full-in-replace__non-iid__global-dp__fedavg__clients-16__seed-43__nm0p1__clip5__rounds-20__epochs-5__cifar_chunks__cifar10_cnn round=18 (checkpoint deleted)
2026-08-05 21:46:32 EVALUATED cifar-full-in-replace__non-iid__global-dp__fedavg__clients-16__seed-43__nm0p1__clip5__rounds-20__epochs-5__cifar_chunks__cifar10_cnn round=19 (checkpoint deleted)
2026-08-05 21:46:36 EVALUATED cifar-full-in-replace__non-iid__global-dp__fedavg__clients-16__seed-43__nm0p1__clip5__rounds-20__epochs-5__cifar_chunks__cifar10_cnn round=20 (checkpoint deleted)
2026-08-05 21:46:36 PROGRESS 1/2 (0 failed so far)
2026-08-05 21:46:36 START cifar-full-in-replace__non-iid__metric-privacy__fedavg__clients-16__seed-43__nm0p1__clip5__rounds-20__epochs-5__cifar_chunks__cifar10_cnn 
2026-08-05 21:52:22 DONE  cifar-full-in-replace__non-iid__metric-privacy__fedavg__clients-16__seed-43__nm0p1__clip5__rounds-20__epochs-5__cifar_chunks__cifar10_cnn (345.8s)
2026-08-05 21:52:26 EVALUATED cifar-full-in-replace__non-iid__metric-privacy__fedavg__clients-16__seed-43__nm0p1__clip5__rounds-20__epochs-5__cifar_chunks__cifar10_cnn round=1 (checkpoint deleted)
2026-08-05 21:52:31 EVALUATED cifar-full-in-replace__non-iid__metric-privacy__fedavg__clients-16__seed-43__nm0p1__clip5__rounds-20__epochs-5__cifar_chunks__cifar10_cnn round=2 (checkpoint deleted)
2026-08-05 21:52:35 EVALUATED cifar-full-in-replace__non-iid__metric-privacy__fedavg__clients-16__seed-43__nm0p1__clip5__rounds-20__epochs-5__cifar_chunks__cifar10_cnn round=3 (checkpoint deleted)
2026-08-05 21:52:39 EVALUATED cifar-full-in-replace__non-iid__metric-privacy__fedavg__clients-16__seed-43__nm0p1__clip5__rounds-20__epochs-5__cifar_chunks__cifar10_cnn round=4 (checkpoint deleted)
2026-08-05 21:52:43 EVALUATED cifar-full-in-replace__non-iid__metric-privacy__fedavg__clients-16__seed-43__nm0p1__clip5__rounds-20__epochs-5__cifar_chunks__cifar10_cnn round=5 (checkpoint deleted)
2026-08-05 21:52:48 EVALUATED cifar-full-in-replace__non-iid__metric-privacy__fedavg__clients-16__seed-43__nm0p1__clip5__rounds-20__epochs-5__cifar_chunks__cifar10_cnn round=6 (checkpoint deleted)
2026-08-05 21:52:52 EVALUATED cifar-full-in-replace__non-iid__metric-privacy__fedavg__clients-16__seed-43__nm0p1__clip5__rounds-20__epochs-5__cifar_chunks__cifar10_cnn round=7 (checkpoint deleted)
2026-08-05 21:52:56 EVALUATED cifar-full-in-replace__non-iid__metric-privacy__fedavg__clients-16__seed-43__nm0p1__clip5__rounds-20__epochs-5__cifar_chunks__cifar10_cnn round=8 (checkpoint deleted)
2026-08-05 21:53:01 EVALUATED cifar-full-in-replace__non-iid__metric-privacy__fedavg__clients-16__seed-43__nm0p1__clip5__rounds-20__epochs-5__cifar_chunks__cifar10_cnn round=9 (checkpoint deleted)
2026-08-05 21:53:05 EVALUATED cifar-full-in-replace__non-iid__metric-privacy__fedavg__clients-16__seed-43__nm0p1__clip5__rounds-20__epochs-5__cifar_chunks__cifar10_cnn round=10 (checkpoint deleted)
2026-08-05 21:53:09 EVALUATED cifar-full-in-replace__non-iid__metric-privacy__fedavg__clients-16__seed-43__nm0p1__clip5__rounds-20__epochs-5__cifar_chunks__cifar10_cnn round=11 (checkpoint deleted)
2026-08-05 21:53:14 EVALUATED cifar-full-in-replace__non-iid__metric-privacy__fedavg__clients-16__seed-43__nm0p1__clip5__rounds-20__epochs-5__cifar_chunks__cifar10_cnn round=12 (checkpoint deleted)
2026-08-05 21:53:18 EVALUATED cifar-full-in-replace__non-iid__metric-privacy__fedavg__clients-16__seed-43__nm0p1__clip5__rounds-20__epochs-5__cifar_chunks__cifar10_cnn round=13 (checkpoint deleted)
2026-08-05 21:53:22 EVALUATED cifar-full-in-replace__non-iid__metric-privacy__fedavg__clients-16__seed-43__nm0p1__clip5__rounds-20__epochs-5__cifar_chunks__cifar10_cnn round=14 (checkpoint deleted)
2026-08-05 21:53:27 EVALUATED cifar-full-in-replace__non-iid__metric-privacy__fedavg__clients-16__seed-43__nm0p1__clip5__rounds-20__epochs-5__cifar_chunks__cifar10_cnn round=15 (checkpoint deleted)
2026-08-05 21:53:31 EVALUATED cifar-full-in-replace__non-iid__metric-privacy__fedavg__clients-16__seed-43__nm0p1__clip5__rounds-20__epochs-5__cifar_chunks__cifar10_cnn round=16 (checkpoint deleted)
2026-08-05 21:53:35 EVALUATED cifar-full-in-replace__non-iid__metric-privacy__fedavg__clients-16__seed-43__nm0p1__clip5__rounds-20__epochs-5__cifar_chunks__cifar10_cnn round=17 (checkpoint deleted)
2026-08-05 21:53:40 EVALUATED cifar-full-in-replace__non-iid__metric-privacy__fedavg__clients-16__seed-43__nm0p1__clip5__rounds-20__epochs-5__cifar_chunks__cifar10_cnn round=18 (checkpoint deleted)
2026-08-05 21:53:44 EVALUATED cifar-full-in-replace__non-iid__metric-privacy__fedavg__clients-16__seed-43__nm0p1__clip5__rounds-20__epochs-5__cifar_chunks__cifar10_cnn round=19 (checkpoint deleted)
2026-08-05 21:53:48 EVALUATED cifar-full-in-replace__non-iid__metric-privacy__fedavg__clients-16__seed-43__nm0p1__clip5__rounds-20__epochs-5__cifar_chunks__cifar10_cnn round=20 (checkpoint deleted)
2026-08-05 21:53:48 PROGRESS 2/2 (0 failed so far)
2026-08-05 21:53:48 Sweep finished: 2/2 attempted, 0 failed
