2026-08-21 11:42:46 Fashion-MNIST stage (metric-privacy, non-iid, seed=42, noise_ratio=0.0026764342935115468): 2 trajectories
2026-08-21 11:42:46 START fashion-mnist-in-remove__non-iid__metric-privacy__fedavg__clients-48__seed-42__nm0p128469__clip5__rounds-100__epochs-5__fashion_mnist_remove__fashion_mnist_cnn 
2026-08-21 11:59:17 DONE  fashion-mnist-in-remove__non-iid__metric-privacy__fedavg__clients-48__seed-42__nm0p128469__clip5__rounds-100__epochs-5__fashion_mnist_remove__fashion_mnist_cnn (990.6s)
2026-08-21 11:59:20 EVALUATED fashion-mnist-in-remove__non-iid__metric-privacy__fedavg__clients-48__seed-42__nm0p128469__clip5__rounds-100__epochs-5__fashion_mnist_remove__fashion_mnist_cnn round=1 (checkpoint deleted)
2026-08-21 11:59:22 EVALUATED fashion-mnist-in-remove__non-iid__metric-privacy__fedavg__clients-48__seed-42__nm0p128469__clip5__rounds-100__epochs-5__fashion_mnist_remove__fashion_mnist_cnn round=10 (checkpoint deleted)
2026-08-21 11:59:25 EVALUATED fashion-mnist-in-remove__non-iid__metric-privacy__fedavg__clients-48__seed-42__nm0p128469__clip5__rounds-100__epochs-5__fashion_mnist_remove__fashion_mnist_cnn round=20 (checkpoint deleted)
2026-08-21 11:59:28 EVALUATED fashion-mnist-in-remove__non-iid__metric-privacy__fedavg__clients-48__seed-42__nm0p128469__clip5__rounds-100__epochs-5__fashion_mnist_remove__fashion_mnist_cnn round=30 (checkpoint deleted)
2026-08-21 11:59:30 EVALUATED fashion-mnist-in-remove__non-iid__metric-privacy__fedavg__clients-48__seed-42__nm0p128469__clip5__rounds-100__epochs-5__fashion_mnist_remove__fashion_mnist_cnn round=40 (checkpoint deleted)
2026-08-21 11:59:33 EVALUATED fashion-mnist-in-remove__non-iid__metric-privacy__fedavg__clients-48__seed-42__nm0p128469__clip5__rounds-100__epochs-5__fashion_mnist_remove__fashion_mnist_cnn round=50 (checkpoint deleted)
2026-08-21 11:59:36 EVALUATED fashion-mnist-in-remove__non-iid__metric-privacy__fedavg__clients-48__seed-42__nm0p128469__clip5__rounds-100__epochs-5__fashion_mnist_remove__fashion_mnist_cnn round=60 (checkpoint deleted)
2026-08-21 11:59:39 EVALUATED fashion-mnist-in-remove__non-iid__metric-privacy__fedavg__clients-48__seed-42__nm0p128469__clip5__rounds-100__epochs-5__fashion_mnist_remove__fashion_mnist_cnn round=70 (checkpoint deleted)
2026-08-21 11:59:41 EVALUATED fashion-mnist-in-remove__non-iid__metric-privacy__fedavg__clients-48__seed-42__nm0p128469__clip5__rounds-100__epochs-5__fashion_mnist_remove__fashion_mnist_cnn round=80 (checkpoint deleted)
2026-08-21 11:59:44 EVALUATED fashion-mnist-in-remove__non-iid__metric-privacy__fedavg__clients-48__seed-42__nm0p128469__clip5__rounds-100__epochs-5__fashion_mnist_remove__fashion_mnist_cnn round=90 (checkpoint deleted)
2026-08-21 11:59:47 EVALUATED fashion-mnist-in-remove__non-iid__metric-privacy__fedavg__clients-48__seed-42__nm0p128469__clip5__rounds-100__epochs-5__fashion_mnist_remove__fashion_mnist_cnn round=100 (checkpoint deleted)
2026-08-21 11:59:47 PROGRESS 1/2 (0 failed so far)
2026-08-21 11:59:47 START fashion-mnist-out-remove__non-iid__metric-privacy__fedavg__clients-47__seed-42__nm0p125792__clip5__rounds-100__epochs-5__fashion_mnist_remove__fashion_mnist_cnn 
2026-08-21 12:16:01 DONE  fashion-mnist-out-remove__non-iid__metric-privacy__fedavg__clients-47__seed-42__nm0p125792__clip5__rounds-100__epochs-5__fashion_mnist_remove__fashion_mnist_cnn (974.1s)
2026-08-21 12:16:04 EVALUATED fashion-mnist-out-remove__non-iid__metric-privacy__fedavg__clients-47__seed-42__nm0p125792__clip5__rounds-100__epochs-5__fashion_mnist_remove__fashion_mnist_cnn round=1 (checkpoint deleted)
2026-08-21 12:16:06 EVALUATED fashion-mnist-out-remove__non-iid__metric-privacy__fedavg__clients-47__seed-42__nm0p125792__clip5__rounds-100__epochs-5__fashion_mnist_remove__fashion_mnist_cnn round=10 (checkpoint deleted)
2026-08-21 12:16:09 EVALUATED fashion-mnist-out-remove__non-iid__metric-privacy__fedavg__clients-47__seed-42__nm0p125792__clip5__rounds-100__epochs-5__fashion_mnist_remove__fashion_mnist_cnn round=20 (checkpoint deleted)
2026-08-21 12:16:12 EVALUATED fashion-mnist-out-remove__non-iid__metric-privacy__fedavg__clients-47__seed-42__nm0p125792__clip5__rounds-100__epochs-5__fashion_mnist_remove__fashion_mnist_cnn round=30 (checkpoint deleted)
2026-08-21 12:16:14 EVALUATED fashion-mnist-out-remove__non-iid__metric-privacy__fedavg__clients-47__seed-42__nm0p125792__clip5__rounds-100__epochs-5__fashion_mnist_remove__fashion_mnist_cnn round=40 (checkpoint deleted)
2026-08-21 12:16:17 EVALUATED fashion-mnist-out-remove__non-iid__metric-privacy__fedavg__clients-47__seed-42__nm0p125792__clip5__rounds-100__epochs-5__fashion_mnist_remove__fashion_mnist_cnn round=50 (checkpoint deleted)
2026-08-21 12:16:20 EVALUATED fashion-mnist-out-remove__non-iid__metric-privacy__fedavg__clients-47__seed-42__nm0p125792__clip5__rounds-100__epochs-5__fashion_mnist_remove__fashion_mnist_cnn round=60 (checkpoint deleted)
2026-08-21 12:16:22 EVALUATED fashion-mnist-out-remove__non-iid__metric-privacy__fedavg__clients-47__seed-42__nm0p125792__clip5__rounds-100__epochs-5__fashion_mnist_remove__fashion_mnist_cnn round=70 (checkpoint deleted)
2026-08-21 12:16:25 EVALUATED fashion-mnist-out-remove__non-iid__metric-privacy__fedavg__clients-47__seed-42__nm0p125792__clip5__rounds-100__epochs-5__fashion_mnist_remove__fashion_mnist_cnn round=80 (checkpoint deleted)
2026-08-21 12:16:28 EVALUATED fashion-mnist-out-remove__non-iid__metric-privacy__fedavg__clients-47__seed-42__nm0p125792__clip5__rounds-100__epochs-5__fashion_mnist_remove__fashion_mnist_cnn round=90 (checkpoint deleted)
2026-08-21 12:16:31 EVALUATED fashion-mnist-out-remove__non-iid__metric-privacy__fedavg__clients-47__seed-42__nm0p125792__clip5__rounds-100__epochs-5__fashion_mnist_remove__fashion_mnist_cnn round=100 (checkpoint deleted)
2026-08-21 12:16:31 PROGRESS 2/2 (0 failed so far)
2026-08-21 12:16:31 Sweep finished: 2/2 attempted, 0 failed
