2026-08-05 16:40:24 Starting full chunk: 2 trajectories
2026-08-05 16:40:24 START cifar-full-out-replace__non-iid__global-dp__fedavg__clients-3__seed-43__nm0p01875__clip5__rounds-20__epochs-5__cifar_chunks__cifar10_cnn 
2026-08-05 16:45:23 DONE  cifar-full-out-replace__non-iid__global-dp__fedavg__clients-3__seed-43__nm0p01875__clip5__rounds-20__epochs-5__cifar_chunks__cifar10_cnn (298.3s)
2026-08-05 16:45:32 EVALUATED cifar-full-out-replace__non-iid__global-dp__fedavg__clients-3__seed-43__nm0p01875__clip5__rounds-20__epochs-5__cifar_chunks__cifar10_cnn round=1 (checkpoint deleted)
2026-08-05 16:45:37 EVALUATED cifar-full-out-replace__non-iid__global-dp__fedavg__clients-3__seed-43__nm0p01875__clip5__rounds-20__epochs-5__cifar_chunks__cifar10_cnn round=2 (checkpoint deleted)
2026-08-05 16:45:43 EVALUATED cifar-full-out-replace__non-iid__global-dp__fedavg__clients-3__seed-43__nm0p01875__clip5__rounds-20__epochs-5__cifar_chunks__cifar10_cnn round=3 (checkpoint deleted)
2026-08-05 16:45:48 EVALUATED cifar-full-out-replace__non-iid__global-dp__fedavg__clients-3__seed-43__nm0p01875__clip5__rounds-20__epochs-5__cifar_chunks__cifar10_cnn round=4 (checkpoint deleted)
2026-08-05 16:45:54 EVALUATED cifar-full-out-replace__non-iid__global-dp__fedavg__clients-3__seed-43__nm0p01875__clip5__rounds-20__epochs-5__cifar_chunks__cifar10_cnn round=5 (checkpoint deleted)
2026-08-05 16:45:59 EVALUATED cifar-full-out-replace__non-iid__global-dp__fedavg__clients-3__seed-43__nm0p01875__clip5__rounds-20__epochs-5__cifar_chunks__cifar10_cnn round=6 (checkpoint deleted)
2026-08-05 16:46:05 EVALUATED cifar-full-out-replace__non-iid__global-dp__fedavg__clients-3__seed-43__nm0p01875__clip5__rounds-20__epochs-5__cifar_chunks__cifar10_cnn round=7 (checkpoint deleted)
2026-08-05 16:46:10 EVALUATED cifar-full-out-replace__non-iid__global-dp__fedavg__clients-3__seed-43__nm0p01875__clip5__rounds-20__epochs-5__cifar_chunks__cifar10_cnn round=8 (checkpoint deleted)
2026-08-05 16:46:16 EVALUATED cifar-full-out-replace__non-iid__global-dp__fedavg__clients-3__seed-43__nm0p01875__clip5__rounds-20__epochs-5__cifar_chunks__cifar10_cnn round=9 (checkpoint deleted)
2026-08-05 16:46:21 EVALUATED cifar-full-out-replace__non-iid__global-dp__fedavg__clients-3__seed-43__nm0p01875__clip5__rounds-20__epochs-5__cifar_chunks__cifar10_cnn round=10 (checkpoint deleted)
2026-08-05 16:46:27 EVALUATED cifar-full-out-replace__non-iid__global-dp__fedavg__clients-3__seed-43__nm0p01875__clip5__rounds-20__epochs-5__cifar_chunks__cifar10_cnn round=11 (checkpoint deleted)
2026-08-05 16:46:32 EVALUATED cifar-full-out-replace__non-iid__global-dp__fedavg__clients-3__seed-43__nm0p01875__clip5__rounds-20__epochs-5__cifar_chunks__cifar10_cnn round=12 (checkpoint deleted)
2026-08-05 16:46:38 EVALUATED cifar-full-out-replace__non-iid__global-dp__fedavg__clients-3__seed-43__nm0p01875__clip5__rounds-20__epochs-5__cifar_chunks__cifar10_cnn round=13 (checkpoint deleted)
2026-08-05 16:46:43 EVALUATED cifar-full-out-replace__non-iid__global-dp__fedavg__clients-3__seed-43__nm0p01875__clip5__rounds-20__epochs-5__cifar_chunks__cifar10_cnn round=14 (checkpoint deleted)
2026-08-05 16:46:49 EVALUATED cifar-full-out-replace__non-iid__global-dp__fedavg__clients-3__seed-43__nm0p01875__clip5__rounds-20__epochs-5__cifar_chunks__cifar10_cnn round=15 (checkpoint deleted)
2026-08-05 16:46:54 EVALUATED cifar-full-out-replace__non-iid__global-dp__fedavg__clients-3__seed-43__nm0p01875__clip5__rounds-20__epochs-5__cifar_chunks__cifar10_cnn round=16 (checkpoint deleted)
2026-08-05 16:47:00 EVALUATED cifar-full-out-replace__non-iid__global-dp__fedavg__clients-3__seed-43__nm0p01875__clip5__rounds-20__epochs-5__cifar_chunks__cifar10_cnn round=17 (checkpoint deleted)
2026-08-05 16:47:05 EVALUATED cifar-full-out-replace__non-iid__global-dp__fedavg__clients-3__seed-43__nm0p01875__clip5__rounds-20__epochs-5__cifar_chunks__cifar10_cnn round=18 (checkpoint deleted)
2026-08-05 16:47:11 EVALUATED cifar-full-out-replace__non-iid__global-dp__fedavg__clients-3__seed-43__nm0p01875__clip5__rounds-20__epochs-5__cifar_chunks__cifar10_cnn round=19 (checkpoint deleted)
2026-08-05 16:47:16 EVALUATED cifar-full-out-replace__non-iid__global-dp__fedavg__clients-3__seed-43__nm0p01875__clip5__rounds-20__epochs-5__cifar_chunks__cifar10_cnn round=20 (checkpoint deleted)
2026-08-05 16:47:16 PROGRESS 1/2 (0 failed so far)
2026-08-05 16:47:16 START cifar-full-out-replace__non-iid__metric-privacy__fedavg__clients-3__seed-43__nm0p01875__clip5__rounds-20__epochs-5__cifar_chunks__cifar10_cnn 
2026-08-05 16:52:24 DONE  cifar-full-out-replace__non-iid__metric-privacy__fedavg__clients-3__seed-43__nm0p01875__clip5__rounds-20__epochs-5__cifar_chunks__cifar10_cnn (307.9s)
2026-08-05 16:52:29 EVALUATED cifar-full-out-replace__non-iid__metric-privacy__fedavg__clients-3__seed-43__nm0p01875__clip5__rounds-20__epochs-5__cifar_chunks__cifar10_cnn round=1 (checkpoint deleted)
2026-08-05 16:52:35 EVALUATED cifar-full-out-replace__non-iid__metric-privacy__fedavg__clients-3__seed-43__nm0p01875__clip5__rounds-20__epochs-5__cifar_chunks__cifar10_cnn round=2 (checkpoint deleted)
2026-08-05 16:52:41 EVALUATED cifar-full-out-replace__non-iid__metric-privacy__fedavg__clients-3__seed-43__nm0p01875__clip5__rounds-20__epochs-5__cifar_chunks__cifar10_cnn round=3 (checkpoint deleted)
2026-08-05 16:52:46 EVALUATED cifar-full-out-replace__non-iid__metric-privacy__fedavg__clients-3__seed-43__nm0p01875__clip5__rounds-20__epochs-5__cifar_chunks__cifar10_cnn round=4 (checkpoint deleted)
2026-08-05 16:52:52 EVALUATED cifar-full-out-replace__non-iid__metric-privacy__fedavg__clients-3__seed-43__nm0p01875__clip5__rounds-20__epochs-5__cifar_chunks__cifar10_cnn round=5 (checkpoint deleted)
2026-08-05 16:52:57 EVALUATED cifar-full-out-replace__non-iid__metric-privacy__fedavg__clients-3__seed-43__nm0p01875__clip5__rounds-20__epochs-5__cifar_chunks__cifar10_cnn round=6 (checkpoint deleted)
2026-08-05 16:53:03 EVALUATED cifar-full-out-replace__non-iid__metric-privacy__fedavg__clients-3__seed-43__nm0p01875__clip5__rounds-20__epochs-5__cifar_chunks__cifar10_cnn round=7 (checkpoint deleted)
2026-08-05 16:53:08 EVALUATED cifar-full-out-replace__non-iid__metric-privacy__fedavg__clients-3__seed-43__nm0p01875__clip5__rounds-20__epochs-5__cifar_chunks__cifar10_cnn round=8 (checkpoint deleted)
2026-08-05 16:53:14 EVALUATED cifar-full-out-replace__non-iid__metric-privacy__fedavg__clients-3__seed-43__nm0p01875__clip5__rounds-20__epochs-5__cifar_chunks__cifar10_cnn round=9 (checkpoint deleted)
2026-08-05 16:53:19 EVALUATED cifar-full-out-replace__non-iid__metric-privacy__fedavg__clients-3__seed-43__nm0p01875__clip5__rounds-20__epochs-5__cifar_chunks__cifar10_cnn round=10 (checkpoint deleted)
2026-08-05 16:53:25 EVALUATED cifar-full-out-replace__non-iid__metric-privacy__fedavg__clients-3__seed-43__nm0p01875__clip5__rounds-20__epochs-5__cifar_chunks__cifar10_cnn round=11 (checkpoint deleted)
2026-08-05 16:53:30 EVALUATED cifar-full-out-replace__non-iid__metric-privacy__fedavg__clients-3__seed-43__nm0p01875__clip5__rounds-20__epochs-5__cifar_chunks__cifar10_cnn round=12 (checkpoint deleted)
2026-08-05 16:53:36 EVALUATED cifar-full-out-replace__non-iid__metric-privacy__fedavg__clients-3__seed-43__nm0p01875__clip5__rounds-20__epochs-5__cifar_chunks__cifar10_cnn round=13 (checkpoint deleted)
2026-08-05 16:53:41 EVALUATED cifar-full-out-replace__non-iid__metric-privacy__fedavg__clients-3__seed-43__nm0p01875__clip5__rounds-20__epochs-5__cifar_chunks__cifar10_cnn round=14 (checkpoint deleted)
2026-08-05 16:53:47 EVALUATED cifar-full-out-replace__non-iid__metric-privacy__fedavg__clients-3__seed-43__nm0p01875__clip5__rounds-20__epochs-5__cifar_chunks__cifar10_cnn round=15 (checkpoint deleted)
2026-08-05 16:53:52 EVALUATED cifar-full-out-replace__non-iid__metric-privacy__fedavg__clients-3__seed-43__nm0p01875__clip5__rounds-20__epochs-5__cifar_chunks__cifar10_cnn round=16 (checkpoint deleted)
2026-08-05 16:53:58 EVALUATED cifar-full-out-replace__non-iid__metric-privacy__fedavg__clients-3__seed-43__nm0p01875__clip5__rounds-20__epochs-5__cifar_chunks__cifar10_cnn round=17 (checkpoint deleted)
2026-08-05 16:54:03 EVALUATED cifar-full-out-replace__non-iid__metric-privacy__fedavg__clients-3__seed-43__nm0p01875__clip5__rounds-20__epochs-5__cifar_chunks__cifar10_cnn round=18 (checkpoint deleted)
2026-08-05 16:54:09 EVALUATED cifar-full-out-replace__non-iid__metric-privacy__fedavg__clients-3__seed-43__nm0p01875__clip5__rounds-20__epochs-5__cifar_chunks__cifar10_cnn round=19 (checkpoint deleted)
2026-08-05 16:54:14 EVALUATED cifar-full-out-replace__non-iid__metric-privacy__fedavg__clients-3__seed-43__nm0p01875__clip5__rounds-20__epochs-5__cifar_chunks__cifar10_cnn round=20 (checkpoint deleted)
2026-08-05 16:54:14 PROGRESS 2/2 (0 failed so far)
2026-08-05 16:54:14 Sweep finished: 2/2 attempted, 0 failed
