2026-08-05 17:54:52 Starting full chunk: 2 trajectories
2026-08-05 17:54:52 START cifar-full-in-replace__non-iid__global-dp__fedavg__clients-8__seed-43__nm0p02__clip5__rounds-20__epochs-5__cifar_chunks__cifar10_cnn 
2026-08-05 17:59:25 DONE  cifar-full-in-replace__non-iid__global-dp__fedavg__clients-8__seed-43__nm0p02__clip5__rounds-20__epochs-5__cifar_chunks__cifar10_cnn (272.9s)
2026-08-05 17:59:32 EVALUATED cifar-full-in-replace__non-iid__global-dp__fedavg__clients-8__seed-43__nm0p02__clip5__rounds-20__epochs-5__cifar_chunks__cifar10_cnn round=1 (checkpoint deleted)
2026-08-05 17:59:37 EVALUATED cifar-full-in-replace__non-iid__global-dp__fedavg__clients-8__seed-43__nm0p02__clip5__rounds-20__epochs-5__cifar_chunks__cifar10_cnn round=2 (checkpoint deleted)
2026-08-05 17:59:42 EVALUATED cifar-full-in-replace__non-iid__global-dp__fedavg__clients-8__seed-43__nm0p02__clip5__rounds-20__epochs-5__cifar_chunks__cifar10_cnn round=3 (checkpoint deleted)
2026-08-05 17:59:47 EVALUATED cifar-full-in-replace__non-iid__global-dp__fedavg__clients-8__seed-43__nm0p02__clip5__rounds-20__epochs-5__cifar_chunks__cifar10_cnn round=4 (checkpoint deleted)
2026-08-05 17:59:53 EVALUATED cifar-full-in-replace__non-iid__global-dp__fedavg__clients-8__seed-43__nm0p02__clip5__rounds-20__epochs-5__cifar_chunks__cifar10_cnn round=5 (checkpoint deleted)
2026-08-05 17:59:58 EVALUATED cifar-full-in-replace__non-iid__global-dp__fedavg__clients-8__seed-43__nm0p02__clip5__rounds-20__epochs-5__cifar_chunks__cifar10_cnn round=6 (checkpoint deleted)
2026-08-05 18:00:03 EVALUATED cifar-full-in-replace__non-iid__global-dp__fedavg__clients-8__seed-43__nm0p02__clip5__rounds-20__epochs-5__cifar_chunks__cifar10_cnn round=7 (checkpoint deleted)
2026-08-05 18:00:08 EVALUATED cifar-full-in-replace__non-iid__global-dp__fedavg__clients-8__seed-43__nm0p02__clip5__rounds-20__epochs-5__cifar_chunks__cifar10_cnn round=8 (checkpoint deleted)
2026-08-05 18:00:13 EVALUATED cifar-full-in-replace__non-iid__global-dp__fedavg__clients-8__seed-43__nm0p02__clip5__rounds-20__epochs-5__cifar_chunks__cifar10_cnn round=9 (checkpoint deleted)
2026-08-05 18:00:19 EVALUATED cifar-full-in-replace__non-iid__global-dp__fedavg__clients-8__seed-43__nm0p02__clip5__rounds-20__epochs-5__cifar_chunks__cifar10_cnn round=10 (checkpoint deleted)
2026-08-05 18:00:24 EVALUATED cifar-full-in-replace__non-iid__global-dp__fedavg__clients-8__seed-43__nm0p02__clip5__rounds-20__epochs-5__cifar_chunks__cifar10_cnn round=11 (checkpoint deleted)
2026-08-05 18:00:29 EVALUATED cifar-full-in-replace__non-iid__global-dp__fedavg__clients-8__seed-43__nm0p02__clip5__rounds-20__epochs-5__cifar_chunks__cifar10_cnn round=12 (checkpoint deleted)
2026-08-05 18:00:34 EVALUATED cifar-full-in-replace__non-iid__global-dp__fedavg__clients-8__seed-43__nm0p02__clip5__rounds-20__epochs-5__cifar_chunks__cifar10_cnn round=13 (checkpoint deleted)
2026-08-05 18:00:39 EVALUATED cifar-full-in-replace__non-iid__global-dp__fedavg__clients-8__seed-43__nm0p02__clip5__rounds-20__epochs-5__cifar_chunks__cifar10_cnn round=14 (checkpoint deleted)
2026-08-05 18:00:45 EVALUATED cifar-full-in-replace__non-iid__global-dp__fedavg__clients-8__seed-43__nm0p02__clip5__rounds-20__epochs-5__cifar_chunks__cifar10_cnn round=15 (checkpoint deleted)
2026-08-05 18:00:50 EVALUATED cifar-full-in-replace__non-iid__global-dp__fedavg__clients-8__seed-43__nm0p02__clip5__rounds-20__epochs-5__cifar_chunks__cifar10_cnn round=16 (checkpoint deleted)
2026-08-05 18:00:55 EVALUATED cifar-full-in-replace__non-iid__global-dp__fedavg__clients-8__seed-43__nm0p02__clip5__rounds-20__epochs-5__cifar_chunks__cifar10_cnn round=17 (checkpoint deleted)
2026-08-05 18:01:00 EVALUATED cifar-full-in-replace__non-iid__global-dp__fedavg__clients-8__seed-43__nm0p02__clip5__rounds-20__epochs-5__cifar_chunks__cifar10_cnn round=18 (checkpoint deleted)
2026-08-05 18:01:06 EVALUATED cifar-full-in-replace__non-iid__global-dp__fedavg__clients-8__seed-43__nm0p02__clip5__rounds-20__epochs-5__cifar_chunks__cifar10_cnn round=19 (checkpoint deleted)
2026-08-05 18:01:11 EVALUATED cifar-full-in-replace__non-iid__global-dp__fedavg__clients-8__seed-43__nm0p02__clip5__rounds-20__epochs-5__cifar_chunks__cifar10_cnn round=20 (checkpoint deleted)
2026-08-05 18:01:11 PROGRESS 1/2 (0 failed so far)
2026-08-05 18:01:11 START cifar-full-in-replace__non-iid__metric-privacy__fedavg__clients-8__seed-43__nm0p02__clip5__rounds-20__epochs-5__cifar_chunks__cifar10_cnn 
2026-08-05 18:05:46 DONE  cifar-full-in-replace__non-iid__metric-privacy__fedavg__clients-8__seed-43__nm0p02__clip5__rounds-20__epochs-5__cifar_chunks__cifar10_cnn (274.8s)
2026-08-05 18:05:51 EVALUATED cifar-full-in-replace__non-iid__metric-privacy__fedavg__clients-8__seed-43__nm0p02__clip5__rounds-20__epochs-5__cifar_chunks__cifar10_cnn round=1 (checkpoint deleted)
2026-08-05 18:05:56 EVALUATED cifar-full-in-replace__non-iid__metric-privacy__fedavg__clients-8__seed-43__nm0p02__clip5__rounds-20__epochs-5__cifar_chunks__cifar10_cnn round=2 (checkpoint deleted)
2026-08-05 18:06:02 EVALUATED cifar-full-in-replace__non-iid__metric-privacy__fedavg__clients-8__seed-43__nm0p02__clip5__rounds-20__epochs-5__cifar_chunks__cifar10_cnn round=3 (checkpoint deleted)
2026-08-05 18:06:07 EVALUATED cifar-full-in-replace__non-iid__metric-privacy__fedavg__clients-8__seed-43__nm0p02__clip5__rounds-20__epochs-5__cifar_chunks__cifar10_cnn round=4 (checkpoint deleted)
2026-08-05 18:06:12 EVALUATED cifar-full-in-replace__non-iid__metric-privacy__fedavg__clients-8__seed-43__nm0p02__clip5__rounds-20__epochs-5__cifar_chunks__cifar10_cnn round=5 (checkpoint deleted)
2026-08-05 18:06:17 EVALUATED cifar-full-in-replace__non-iid__metric-privacy__fedavg__clients-8__seed-43__nm0p02__clip5__rounds-20__epochs-5__cifar_chunks__cifar10_cnn round=6 (checkpoint deleted)
2026-08-05 18:06:23 EVALUATED cifar-full-in-replace__non-iid__metric-privacy__fedavg__clients-8__seed-43__nm0p02__clip5__rounds-20__epochs-5__cifar_chunks__cifar10_cnn round=7 (checkpoint deleted)
2026-08-05 18:06:28 EVALUATED cifar-full-in-replace__non-iid__metric-privacy__fedavg__clients-8__seed-43__nm0p02__clip5__rounds-20__epochs-5__cifar_chunks__cifar10_cnn round=8 (checkpoint deleted)
2026-08-05 18:06:33 EVALUATED cifar-full-in-replace__non-iid__metric-privacy__fedavg__clients-8__seed-43__nm0p02__clip5__rounds-20__epochs-5__cifar_chunks__cifar10_cnn round=9 (checkpoint deleted)
2026-08-05 18:06:38 EVALUATED cifar-full-in-replace__non-iid__metric-privacy__fedavg__clients-8__seed-43__nm0p02__clip5__rounds-20__epochs-5__cifar_chunks__cifar10_cnn round=10 (checkpoint deleted)
2026-08-05 18:06:44 EVALUATED cifar-full-in-replace__non-iid__metric-privacy__fedavg__clients-8__seed-43__nm0p02__clip5__rounds-20__epochs-5__cifar_chunks__cifar10_cnn round=11 (checkpoint deleted)
2026-08-05 18:06:49 EVALUATED cifar-full-in-replace__non-iid__metric-privacy__fedavg__clients-8__seed-43__nm0p02__clip5__rounds-20__epochs-5__cifar_chunks__cifar10_cnn round=12 (checkpoint deleted)
2026-08-05 18:06:54 EVALUATED cifar-full-in-replace__non-iid__metric-privacy__fedavg__clients-8__seed-43__nm0p02__clip5__rounds-20__epochs-5__cifar_chunks__cifar10_cnn round=13 (checkpoint deleted)
2026-08-05 18:06:59 EVALUATED cifar-full-in-replace__non-iid__metric-privacy__fedavg__clients-8__seed-43__nm0p02__clip5__rounds-20__epochs-5__cifar_chunks__cifar10_cnn round=14 (checkpoint deleted)
2026-08-05 18:07:04 EVALUATED cifar-full-in-replace__non-iid__metric-privacy__fedavg__clients-8__seed-43__nm0p02__clip5__rounds-20__epochs-5__cifar_chunks__cifar10_cnn round=15 (checkpoint deleted)
2026-08-05 18:07:10 EVALUATED cifar-full-in-replace__non-iid__metric-privacy__fedavg__clients-8__seed-43__nm0p02__clip5__rounds-20__epochs-5__cifar_chunks__cifar10_cnn round=16 (checkpoint deleted)
2026-08-05 18:07:15 EVALUATED cifar-full-in-replace__non-iid__metric-privacy__fedavg__clients-8__seed-43__nm0p02__clip5__rounds-20__epochs-5__cifar_chunks__cifar10_cnn round=17 (checkpoint deleted)
2026-08-05 18:07:20 EVALUATED cifar-full-in-replace__non-iid__metric-privacy__fedavg__clients-8__seed-43__nm0p02__clip5__rounds-20__epochs-5__cifar_chunks__cifar10_cnn round=18 (checkpoint deleted)
2026-08-05 18:07:25 EVALUATED cifar-full-in-replace__non-iid__metric-privacy__fedavg__clients-8__seed-43__nm0p02__clip5__rounds-20__epochs-5__cifar_chunks__cifar10_cnn round=19 (checkpoint deleted)
2026-08-05 18:07:31 EVALUATED cifar-full-in-replace__non-iid__metric-privacy__fedavg__clients-8__seed-43__nm0p02__clip5__rounds-20__epochs-5__cifar_chunks__cifar10_cnn round=20 (checkpoint deleted)
2026-08-05 18:07:31 PROGRESS 2/2 (0 failed so far)
2026-08-05 18:07:31 Sweep finished: 2/2 attempted, 0 failed
