2026-08-14 02:40:58 CIFAR-10 removal CIA chunk (global-dp, clients=100, noise_ratio=0.00625): 2 trajectories
2026-08-14 02:40:58 START cifar10-in-remove__non-iid__global-dp__fedavg__clients-100__seed-42__nm0p625__clip5__rounds-20__epochs-5__cifar10_remove__cifar10_cnn 
2026-08-14 02:59:20 DONE  cifar10-in-remove__non-iid__global-dp__fedavg__clients-100__seed-42__nm0p625__clip5__rounds-20__epochs-5__cifar10_remove__cifar10_cnn (1101.5s)
2026-08-14 02:59:28 EVALUATED cifar10-in-remove__non-iid__global-dp__fedavg__clients-100__seed-42__nm0p625__clip5__rounds-20__epochs-5__cifar10_remove__cifar10_cnn round=1 (checkpoint deleted)
2026-08-14 02:59:32 EVALUATED cifar10-in-remove__non-iid__global-dp__fedavg__clients-100__seed-42__nm0p625__clip5__rounds-20__epochs-5__cifar10_remove__cifar10_cnn round=2 (checkpoint deleted)
2026-08-14 02:59:37 EVALUATED cifar10-in-remove__non-iid__global-dp__fedavg__clients-100__seed-42__nm0p625__clip5__rounds-20__epochs-5__cifar10_remove__cifar10_cnn round=3 (checkpoint deleted)
2026-08-14 02:59:41 EVALUATED cifar10-in-remove__non-iid__global-dp__fedavg__clients-100__seed-42__nm0p625__clip5__rounds-20__epochs-5__cifar10_remove__cifar10_cnn round=4 (checkpoint deleted)
2026-08-14 02:59:46 EVALUATED cifar10-in-remove__non-iid__global-dp__fedavg__clients-100__seed-42__nm0p625__clip5__rounds-20__epochs-5__cifar10_remove__cifar10_cnn round=5 (checkpoint deleted)
2026-08-14 02:59:50 EVALUATED cifar10-in-remove__non-iid__global-dp__fedavg__clients-100__seed-42__nm0p625__clip5__rounds-20__epochs-5__cifar10_remove__cifar10_cnn round=6 (checkpoint deleted)
2026-08-14 02:59:55 EVALUATED cifar10-in-remove__non-iid__global-dp__fedavg__clients-100__seed-42__nm0p625__clip5__rounds-20__epochs-5__cifar10_remove__cifar10_cnn round=7 (checkpoint deleted)
2026-08-14 03:00:00 EVALUATED cifar10-in-remove__non-iid__global-dp__fedavg__clients-100__seed-42__nm0p625__clip5__rounds-20__epochs-5__cifar10_remove__cifar10_cnn round=8 (checkpoint deleted)
2026-08-14 03:00:04 EVALUATED cifar10-in-remove__non-iid__global-dp__fedavg__clients-100__seed-42__nm0p625__clip5__rounds-20__epochs-5__cifar10_remove__cifar10_cnn round=9 (checkpoint deleted)
2026-08-14 03:00:09 EVALUATED cifar10-in-remove__non-iid__global-dp__fedavg__clients-100__seed-42__nm0p625__clip5__rounds-20__epochs-5__cifar10_remove__cifar10_cnn round=10 (checkpoint deleted)
2026-08-14 03:00:13 EVALUATED cifar10-in-remove__non-iid__global-dp__fedavg__clients-100__seed-42__nm0p625__clip5__rounds-20__epochs-5__cifar10_remove__cifar10_cnn round=11 (checkpoint deleted)
2026-08-14 03:00:18 EVALUATED cifar10-in-remove__non-iid__global-dp__fedavg__clients-100__seed-42__nm0p625__clip5__rounds-20__epochs-5__cifar10_remove__cifar10_cnn round=12 (checkpoint deleted)
2026-08-14 03:00:23 EVALUATED cifar10-in-remove__non-iid__global-dp__fedavg__clients-100__seed-42__nm0p625__clip5__rounds-20__epochs-5__cifar10_remove__cifar10_cnn round=13 (checkpoint deleted)
2026-08-14 03:00:27 EVALUATED cifar10-in-remove__non-iid__global-dp__fedavg__clients-100__seed-42__nm0p625__clip5__rounds-20__epochs-5__cifar10_remove__cifar10_cnn round=14 (checkpoint deleted)
2026-08-14 03:00:32 EVALUATED cifar10-in-remove__non-iid__global-dp__fedavg__clients-100__seed-42__nm0p625__clip5__rounds-20__epochs-5__cifar10_remove__cifar10_cnn round=15 (checkpoint deleted)
2026-08-14 03:00:36 EVALUATED cifar10-in-remove__non-iid__global-dp__fedavg__clients-100__seed-42__nm0p625__clip5__rounds-20__epochs-5__cifar10_remove__cifar10_cnn round=16 (checkpoint deleted)
2026-08-14 03:00:41 EVALUATED cifar10-in-remove__non-iid__global-dp__fedavg__clients-100__seed-42__nm0p625__clip5__rounds-20__epochs-5__cifar10_remove__cifar10_cnn round=17 (checkpoint deleted)
2026-08-14 03:00:46 EVALUATED cifar10-in-remove__non-iid__global-dp__fedavg__clients-100__seed-42__nm0p625__clip5__rounds-20__epochs-5__cifar10_remove__cifar10_cnn round=18 (checkpoint deleted)
2026-08-14 03:00:50 EVALUATED cifar10-in-remove__non-iid__global-dp__fedavg__clients-100__seed-42__nm0p625__clip5__rounds-20__epochs-5__cifar10_remove__cifar10_cnn round=19 (checkpoint deleted)
2026-08-14 03:00:55 EVALUATED cifar10-in-remove__non-iid__global-dp__fedavg__clients-100__seed-42__nm0p625__clip5__rounds-20__epochs-5__cifar10_remove__cifar10_cnn round=20 (checkpoint deleted)
2026-08-14 03:00:55 PROGRESS 1/2 (0 failed so far)
2026-08-14 03:00:55 START cifar10-out-remove__non-iid__global-dp__fedavg__clients-99__seed-42__nm0p61875__clip5__rounds-20__epochs-5__cifar10_remove__cifar10_cnn 
2026-08-14 03:19:04 DONE  cifar10-out-remove__non-iid__global-dp__fedavg__clients-99__seed-42__nm0p61875__clip5__rounds-20__epochs-5__cifar10_remove__cifar10_cnn (1089.5s)
2026-08-14 03:19:09 EVALUATED cifar10-out-remove__non-iid__global-dp__fedavg__clients-99__seed-42__nm0p61875__clip5__rounds-20__epochs-5__cifar10_remove__cifar10_cnn round=1 (checkpoint deleted)
2026-08-14 03:19:14 EVALUATED cifar10-out-remove__non-iid__global-dp__fedavg__clients-99__seed-42__nm0p61875__clip5__rounds-20__epochs-5__cifar10_remove__cifar10_cnn round=2 (checkpoint deleted)
2026-08-14 03:19:18 EVALUATED cifar10-out-remove__non-iid__global-dp__fedavg__clients-99__seed-42__nm0p61875__clip5__rounds-20__epochs-5__cifar10_remove__cifar10_cnn round=3 (checkpoint deleted)
2026-08-14 03:19:23 EVALUATED cifar10-out-remove__non-iid__global-dp__fedavg__clients-99__seed-42__nm0p61875__clip5__rounds-20__epochs-5__cifar10_remove__cifar10_cnn round=4 (checkpoint deleted)
2026-08-14 03:19:27 EVALUATED cifar10-out-remove__non-iid__global-dp__fedavg__clients-99__seed-42__nm0p61875__clip5__rounds-20__epochs-5__cifar10_remove__cifar10_cnn round=5 (checkpoint deleted)
2026-08-14 03:19:32 EVALUATED cifar10-out-remove__non-iid__global-dp__fedavg__clients-99__seed-42__nm0p61875__clip5__rounds-20__epochs-5__cifar10_remove__cifar10_cnn round=6 (checkpoint deleted)
2026-08-14 03:19:37 EVALUATED cifar10-out-remove__non-iid__global-dp__fedavg__clients-99__seed-42__nm0p61875__clip5__rounds-20__epochs-5__cifar10_remove__cifar10_cnn round=7 (checkpoint deleted)
2026-08-14 03:19:41 EVALUATED cifar10-out-remove__non-iid__global-dp__fedavg__clients-99__seed-42__nm0p61875__clip5__rounds-20__epochs-5__cifar10_remove__cifar10_cnn round=8 (checkpoint deleted)
2026-08-14 03:19:46 EVALUATED cifar10-out-remove__non-iid__global-dp__fedavg__clients-99__seed-42__nm0p61875__clip5__rounds-20__epochs-5__cifar10_remove__cifar10_cnn round=9 (checkpoint deleted)
2026-08-14 03:19:50 EVALUATED cifar10-out-remove__non-iid__global-dp__fedavg__clients-99__seed-42__nm0p61875__clip5__rounds-20__epochs-5__cifar10_remove__cifar10_cnn round=10 (checkpoint deleted)
2026-08-14 03:19:55 EVALUATED cifar10-out-remove__non-iid__global-dp__fedavg__clients-99__seed-42__nm0p61875__clip5__rounds-20__epochs-5__cifar10_remove__cifar10_cnn round=11 (checkpoint deleted)
2026-08-14 03:20:00 EVALUATED cifar10-out-remove__non-iid__global-dp__fedavg__clients-99__seed-42__nm0p61875__clip5__rounds-20__epochs-5__cifar10_remove__cifar10_cnn round=12 (checkpoint deleted)
2026-08-14 03:20:04 EVALUATED cifar10-out-remove__non-iid__global-dp__fedavg__clients-99__seed-42__nm0p61875__clip5__rounds-20__epochs-5__cifar10_remove__cifar10_cnn round=13 (checkpoint deleted)
2026-08-14 03:20:09 EVALUATED cifar10-out-remove__non-iid__global-dp__fedavg__clients-99__seed-42__nm0p61875__clip5__rounds-20__epochs-5__cifar10_remove__cifar10_cnn round=14 (checkpoint deleted)
2026-08-14 03:20:14 EVALUATED cifar10-out-remove__non-iid__global-dp__fedavg__clients-99__seed-42__nm0p61875__clip5__rounds-20__epochs-5__cifar10_remove__cifar10_cnn round=15 (checkpoint deleted)
2026-08-14 03:20:18 EVALUATED cifar10-out-remove__non-iid__global-dp__fedavg__clients-99__seed-42__nm0p61875__clip5__rounds-20__epochs-5__cifar10_remove__cifar10_cnn round=16 (checkpoint deleted)
2026-08-14 03:20:23 EVALUATED cifar10-out-remove__non-iid__global-dp__fedavg__clients-99__seed-42__nm0p61875__clip5__rounds-20__epochs-5__cifar10_remove__cifar10_cnn round=17 (checkpoint deleted)
2026-08-14 03:20:27 EVALUATED cifar10-out-remove__non-iid__global-dp__fedavg__clients-99__seed-42__nm0p61875__clip5__rounds-20__epochs-5__cifar10_remove__cifar10_cnn round=18 (checkpoint deleted)
2026-08-14 03:20:32 EVALUATED cifar10-out-remove__non-iid__global-dp__fedavg__clients-99__seed-42__nm0p61875__clip5__rounds-20__epochs-5__cifar10_remove__cifar10_cnn round=19 (checkpoint deleted)
2026-08-14 03:20:37 EVALUATED cifar10-out-remove__non-iid__global-dp__fedavg__clients-99__seed-42__nm0p61875__clip5__rounds-20__epochs-5__cifar10_remove__cifar10_cnn round=20 (checkpoint deleted)
2026-08-14 03:20:37 PROGRESS 2/2 (0 failed so far)
2026-08-14 03:20:37 Sweep finished: 2/2 attempted, 0 failed
