2026-08-05 15:48:37 Starting full chunk: 2 trajectories
2026-08-05 15:48:37 START cifar-full-out-replace__non-iid__global-dp__fedavg__clients-3__seed-43__nm0p009999__clip5__rounds-20__epochs-5__cifar_chunks__cifar10_cnn 
2026-08-05 15:53:31 DONE  cifar-full-out-replace__non-iid__global-dp__fedavg__clients-3__seed-43__nm0p009999__clip5__rounds-20__epochs-5__cifar_chunks__cifar10_cnn (294.0s)
2026-08-05 15:53:40 EVALUATED cifar-full-out-replace__non-iid__global-dp__fedavg__clients-3__seed-43__nm0p009999__clip5__rounds-20__epochs-5__cifar_chunks__cifar10_cnn round=1 (checkpoint deleted)
2026-08-05 15:53:45 EVALUATED cifar-full-out-replace__non-iid__global-dp__fedavg__clients-3__seed-43__nm0p009999__clip5__rounds-20__epochs-5__cifar_chunks__cifar10_cnn round=2 (checkpoint deleted)
2026-08-05 15:53:51 EVALUATED cifar-full-out-replace__non-iid__global-dp__fedavg__clients-3__seed-43__nm0p009999__clip5__rounds-20__epochs-5__cifar_chunks__cifar10_cnn round=3 (checkpoint deleted)
2026-08-05 15:53:56 EVALUATED cifar-full-out-replace__non-iid__global-dp__fedavg__clients-3__seed-43__nm0p009999__clip5__rounds-20__epochs-5__cifar_chunks__cifar10_cnn round=4 (checkpoint deleted)
2026-08-05 15:54:01 EVALUATED cifar-full-out-replace__non-iid__global-dp__fedavg__clients-3__seed-43__nm0p009999__clip5__rounds-20__epochs-5__cifar_chunks__cifar10_cnn round=5 (checkpoint deleted)
2026-08-05 15:54:07 EVALUATED cifar-full-out-replace__non-iid__global-dp__fedavg__clients-3__seed-43__nm0p009999__clip5__rounds-20__epochs-5__cifar_chunks__cifar10_cnn round=6 (checkpoint deleted)
2026-08-05 15:54:12 EVALUATED cifar-full-out-replace__non-iid__global-dp__fedavg__clients-3__seed-43__nm0p009999__clip5__rounds-20__epochs-5__cifar_chunks__cifar10_cnn round=7 (checkpoint deleted)
2026-08-05 15:54:18 EVALUATED cifar-full-out-replace__non-iid__global-dp__fedavg__clients-3__seed-43__nm0p009999__clip5__rounds-20__epochs-5__cifar_chunks__cifar10_cnn round=8 (checkpoint deleted)
2026-08-05 15:54:23 EVALUATED cifar-full-out-replace__non-iid__global-dp__fedavg__clients-3__seed-43__nm0p009999__clip5__rounds-20__epochs-5__cifar_chunks__cifar10_cnn round=9 (checkpoint deleted)
2026-08-05 15:54:29 EVALUATED cifar-full-out-replace__non-iid__global-dp__fedavg__clients-3__seed-43__nm0p009999__clip5__rounds-20__epochs-5__cifar_chunks__cifar10_cnn round=10 (checkpoint deleted)
2026-08-05 15:54:34 EVALUATED cifar-full-out-replace__non-iid__global-dp__fedavg__clients-3__seed-43__nm0p009999__clip5__rounds-20__epochs-5__cifar_chunks__cifar10_cnn round=11 (checkpoint deleted)
2026-08-05 15:54:39 EVALUATED cifar-full-out-replace__non-iid__global-dp__fedavg__clients-3__seed-43__nm0p009999__clip5__rounds-20__epochs-5__cifar_chunks__cifar10_cnn round=12 (checkpoint deleted)
2026-08-05 15:54:45 EVALUATED cifar-full-out-replace__non-iid__global-dp__fedavg__clients-3__seed-43__nm0p009999__clip5__rounds-20__epochs-5__cifar_chunks__cifar10_cnn round=13 (checkpoint deleted)
2026-08-05 15:54:50 EVALUATED cifar-full-out-replace__non-iid__global-dp__fedavg__clients-3__seed-43__nm0p009999__clip5__rounds-20__epochs-5__cifar_chunks__cifar10_cnn round=14 (checkpoint deleted)
2026-08-05 15:54:56 EVALUATED cifar-full-out-replace__non-iid__global-dp__fedavg__clients-3__seed-43__nm0p009999__clip5__rounds-20__epochs-5__cifar_chunks__cifar10_cnn round=15 (checkpoint deleted)
2026-08-05 15:55:01 EVALUATED cifar-full-out-replace__non-iid__global-dp__fedavg__clients-3__seed-43__nm0p009999__clip5__rounds-20__epochs-5__cifar_chunks__cifar10_cnn round=16 (checkpoint deleted)
2026-08-05 15:55:07 EVALUATED cifar-full-out-replace__non-iid__global-dp__fedavg__clients-3__seed-43__nm0p009999__clip5__rounds-20__epochs-5__cifar_chunks__cifar10_cnn round=17 (checkpoint deleted)
2026-08-05 15:55:12 EVALUATED cifar-full-out-replace__non-iid__global-dp__fedavg__clients-3__seed-43__nm0p009999__clip5__rounds-20__epochs-5__cifar_chunks__cifar10_cnn round=18 (checkpoint deleted)
2026-08-05 15:55:18 EVALUATED cifar-full-out-replace__non-iid__global-dp__fedavg__clients-3__seed-43__nm0p009999__clip5__rounds-20__epochs-5__cifar_chunks__cifar10_cnn round=19 (checkpoint deleted)
2026-08-05 15:55:23 EVALUATED cifar-full-out-replace__non-iid__global-dp__fedavg__clients-3__seed-43__nm0p009999__clip5__rounds-20__epochs-5__cifar_chunks__cifar10_cnn round=20 (checkpoint deleted)
2026-08-05 15:55:23 PROGRESS 1/2 (0 failed so far)
2026-08-05 15:55:23 START cifar-full-out-replace__non-iid__metric-privacy__fedavg__clients-3__seed-43__nm0p009999__clip5__rounds-20__epochs-5__cifar_chunks__cifar10_cnn 
2026-08-05 16:00:20 DONE  cifar-full-out-replace__non-iid__metric-privacy__fedavg__clients-3__seed-43__nm0p009999__clip5__rounds-20__epochs-5__cifar_chunks__cifar10_cnn (296.7s)
2026-08-05 16:00:25 EVALUATED cifar-full-out-replace__non-iid__metric-privacy__fedavg__clients-3__seed-43__nm0p009999__clip5__rounds-20__epochs-5__cifar_chunks__cifar10_cnn round=1 (checkpoint deleted)
2026-08-05 16:00:31 EVALUATED cifar-full-out-replace__non-iid__metric-privacy__fedavg__clients-3__seed-43__nm0p009999__clip5__rounds-20__epochs-5__cifar_chunks__cifar10_cnn round=2 (checkpoint deleted)
2026-08-05 16:00:36 EVALUATED cifar-full-out-replace__non-iid__metric-privacy__fedavg__clients-3__seed-43__nm0p009999__clip5__rounds-20__epochs-5__cifar_chunks__cifar10_cnn round=3 (checkpoint deleted)
2026-08-05 16:00:41 EVALUATED cifar-full-out-replace__non-iid__metric-privacy__fedavg__clients-3__seed-43__nm0p009999__clip5__rounds-20__epochs-5__cifar_chunks__cifar10_cnn round=4 (checkpoint deleted)
2026-08-05 16:00:47 EVALUATED cifar-full-out-replace__non-iid__metric-privacy__fedavg__clients-3__seed-43__nm0p009999__clip5__rounds-20__epochs-5__cifar_chunks__cifar10_cnn round=5 (checkpoint deleted)
2026-08-05 16:00:52 EVALUATED cifar-full-out-replace__non-iid__metric-privacy__fedavg__clients-3__seed-43__nm0p009999__clip5__rounds-20__epochs-5__cifar_chunks__cifar10_cnn round=6 (checkpoint deleted)
2026-08-05 16:00:58 EVALUATED cifar-full-out-replace__non-iid__metric-privacy__fedavg__clients-3__seed-43__nm0p009999__clip5__rounds-20__epochs-5__cifar_chunks__cifar10_cnn round=7 (checkpoint deleted)
2026-08-05 16:01:03 EVALUATED cifar-full-out-replace__non-iid__metric-privacy__fedavg__clients-3__seed-43__nm0p009999__clip5__rounds-20__epochs-5__cifar_chunks__cifar10_cnn round=8 (checkpoint deleted)
2026-08-05 16:01:09 EVALUATED cifar-full-out-replace__non-iid__metric-privacy__fedavg__clients-3__seed-43__nm0p009999__clip5__rounds-20__epochs-5__cifar_chunks__cifar10_cnn round=9 (checkpoint deleted)
2026-08-05 16:01:14 EVALUATED cifar-full-out-replace__non-iid__metric-privacy__fedavg__clients-3__seed-43__nm0p009999__clip5__rounds-20__epochs-5__cifar_chunks__cifar10_cnn round=10 (checkpoint deleted)
2026-08-05 16:01:20 EVALUATED cifar-full-out-replace__non-iid__metric-privacy__fedavg__clients-3__seed-43__nm0p009999__clip5__rounds-20__epochs-5__cifar_chunks__cifar10_cnn round=11 (checkpoint deleted)
2026-08-05 16:01:25 EVALUATED cifar-full-out-replace__non-iid__metric-privacy__fedavg__clients-3__seed-43__nm0p009999__clip5__rounds-20__epochs-5__cifar_chunks__cifar10_cnn round=12 (checkpoint deleted)
2026-08-05 16:01:30 EVALUATED cifar-full-out-replace__non-iid__metric-privacy__fedavg__clients-3__seed-43__nm0p009999__clip5__rounds-20__epochs-5__cifar_chunks__cifar10_cnn round=13 (checkpoint deleted)
2026-08-05 16:01:36 EVALUATED cifar-full-out-replace__non-iid__metric-privacy__fedavg__clients-3__seed-43__nm0p009999__clip5__rounds-20__epochs-5__cifar_chunks__cifar10_cnn round=14 (checkpoint deleted)
2026-08-05 16:01:41 EVALUATED cifar-full-out-replace__non-iid__metric-privacy__fedavg__clients-3__seed-43__nm0p009999__clip5__rounds-20__epochs-5__cifar_chunks__cifar10_cnn round=15 (checkpoint deleted)
2026-08-05 16:01:47 EVALUATED cifar-full-out-replace__non-iid__metric-privacy__fedavg__clients-3__seed-43__nm0p009999__clip5__rounds-20__epochs-5__cifar_chunks__cifar10_cnn round=16 (checkpoint deleted)
2026-08-05 16:01:52 EVALUATED cifar-full-out-replace__non-iid__metric-privacy__fedavg__clients-3__seed-43__nm0p009999__clip5__rounds-20__epochs-5__cifar_chunks__cifar10_cnn round=17 (checkpoint deleted)
2026-08-05 16:01:58 EVALUATED cifar-full-out-replace__non-iid__metric-privacy__fedavg__clients-3__seed-43__nm0p009999__clip5__rounds-20__epochs-5__cifar_chunks__cifar10_cnn round=18 (checkpoint deleted)
2026-08-05 16:02:03 EVALUATED cifar-full-out-replace__non-iid__metric-privacy__fedavg__clients-3__seed-43__nm0p009999__clip5__rounds-20__epochs-5__cifar_chunks__cifar10_cnn round=19 (checkpoint deleted)
2026-08-05 16:02:09 EVALUATED cifar-full-out-replace__non-iid__metric-privacy__fedavg__clients-3__seed-43__nm0p009999__clip5__rounds-20__epochs-5__cifar_chunks__cifar10_cnn round=20 (checkpoint deleted)
2026-08-05 16:02:09 PROGRESS 2/2 (0 failed so far)
2026-08-05 16:02:09 Sweep finished: 2/2 attempted, 0 failed
