2026-08-20 03:35:21 CIFAR-10 removal CIA chunk (global-dp, clients=8, alpha=0.1, noise_ratio=0.004): 2 trajectories
2026-08-20 03:35:21 START cifar10-in-remove__dirichlet__alpha-0p1__global-dp__fedavg__clients-8__seed-42__nm0p032__clip5__rounds-20__epochs-5__cifar10_dirichlet__cifar10_cnn 
2026-08-20 03:48:03 DONE  cifar10-in-remove__dirichlet__alpha-0p1__global-dp__fedavg__clients-8__seed-42__nm0p032__clip5__rounds-20__epochs-5__cifar10_dirichlet__cifar10_cnn (761.9s)
2026-08-20 03:48:12 EVALUATED cifar10-in-remove__dirichlet__alpha-0p1__global-dp__fedavg__clients-8__seed-42__nm0p032__clip5__rounds-20__epochs-5__cifar10_dirichlet__cifar10_cnn round=1 (checkpoint deleted)
2026-08-20 03:48:19 EVALUATED cifar10-in-remove__dirichlet__alpha-0p1__global-dp__fedavg__clients-8__seed-42__nm0p032__clip5__rounds-20__epochs-5__cifar10_dirichlet__cifar10_cnn round=2 (checkpoint deleted)
2026-08-20 03:48:25 EVALUATED cifar10-in-remove__dirichlet__alpha-0p1__global-dp__fedavg__clients-8__seed-42__nm0p032__clip5__rounds-20__epochs-5__cifar10_dirichlet__cifar10_cnn round=3 (checkpoint deleted)
2026-08-20 03:48:31 EVALUATED cifar10-in-remove__dirichlet__alpha-0p1__global-dp__fedavg__clients-8__seed-42__nm0p032__clip5__rounds-20__epochs-5__cifar10_dirichlet__cifar10_cnn round=4 (checkpoint deleted)
2026-08-20 03:48:38 EVALUATED cifar10-in-remove__dirichlet__alpha-0p1__global-dp__fedavg__clients-8__seed-42__nm0p032__clip5__rounds-20__epochs-5__cifar10_dirichlet__cifar10_cnn round=5 (checkpoint deleted)
2026-08-20 03:48:44 EVALUATED cifar10-in-remove__dirichlet__alpha-0p1__global-dp__fedavg__clients-8__seed-42__nm0p032__clip5__rounds-20__epochs-5__cifar10_dirichlet__cifar10_cnn round=6 (checkpoint deleted)
2026-08-20 03:48:51 EVALUATED cifar10-in-remove__dirichlet__alpha-0p1__global-dp__fedavg__clients-8__seed-42__nm0p032__clip5__rounds-20__epochs-5__cifar10_dirichlet__cifar10_cnn round=7 (checkpoint deleted)
2026-08-20 03:48:57 EVALUATED cifar10-in-remove__dirichlet__alpha-0p1__global-dp__fedavg__clients-8__seed-42__nm0p032__clip5__rounds-20__epochs-5__cifar10_dirichlet__cifar10_cnn round=8 (checkpoint deleted)
2026-08-20 03:49:03 EVALUATED cifar10-in-remove__dirichlet__alpha-0p1__global-dp__fedavg__clients-8__seed-42__nm0p032__clip5__rounds-20__epochs-5__cifar10_dirichlet__cifar10_cnn round=9 (checkpoint deleted)
2026-08-20 03:49:10 EVALUATED cifar10-in-remove__dirichlet__alpha-0p1__global-dp__fedavg__clients-8__seed-42__nm0p032__clip5__rounds-20__epochs-5__cifar10_dirichlet__cifar10_cnn round=10 (checkpoint deleted)
2026-08-20 03:49:16 EVALUATED cifar10-in-remove__dirichlet__alpha-0p1__global-dp__fedavg__clients-8__seed-42__nm0p032__clip5__rounds-20__epochs-5__cifar10_dirichlet__cifar10_cnn round=11 (checkpoint deleted)
2026-08-20 03:49:23 EVALUATED cifar10-in-remove__dirichlet__alpha-0p1__global-dp__fedavg__clients-8__seed-42__nm0p032__clip5__rounds-20__epochs-5__cifar10_dirichlet__cifar10_cnn round=12 (checkpoint deleted)
2026-08-20 03:49:29 EVALUATED cifar10-in-remove__dirichlet__alpha-0p1__global-dp__fedavg__clients-8__seed-42__nm0p032__clip5__rounds-20__epochs-5__cifar10_dirichlet__cifar10_cnn round=13 (checkpoint deleted)
2026-08-20 03:49:36 EVALUATED cifar10-in-remove__dirichlet__alpha-0p1__global-dp__fedavg__clients-8__seed-42__nm0p032__clip5__rounds-20__epochs-5__cifar10_dirichlet__cifar10_cnn round=14 (checkpoint deleted)
2026-08-20 03:49:42 EVALUATED cifar10-in-remove__dirichlet__alpha-0p1__global-dp__fedavg__clients-8__seed-42__nm0p032__clip5__rounds-20__epochs-5__cifar10_dirichlet__cifar10_cnn round=15 (checkpoint deleted)
2026-08-20 03:49:48 EVALUATED cifar10-in-remove__dirichlet__alpha-0p1__global-dp__fedavg__clients-8__seed-42__nm0p032__clip5__rounds-20__epochs-5__cifar10_dirichlet__cifar10_cnn round=16 (checkpoint deleted)
2026-08-20 03:49:55 EVALUATED cifar10-in-remove__dirichlet__alpha-0p1__global-dp__fedavg__clients-8__seed-42__nm0p032__clip5__rounds-20__epochs-5__cifar10_dirichlet__cifar10_cnn round=17 (checkpoint deleted)
2026-08-20 03:50:01 EVALUATED cifar10-in-remove__dirichlet__alpha-0p1__global-dp__fedavg__clients-8__seed-42__nm0p032__clip5__rounds-20__epochs-5__cifar10_dirichlet__cifar10_cnn round=18 (checkpoint deleted)
2026-08-20 03:50:08 EVALUATED cifar10-in-remove__dirichlet__alpha-0p1__global-dp__fedavg__clients-8__seed-42__nm0p032__clip5__rounds-20__epochs-5__cifar10_dirichlet__cifar10_cnn round=19 (checkpoint deleted)
2026-08-20 03:50:14 EVALUATED cifar10-in-remove__dirichlet__alpha-0p1__global-dp__fedavg__clients-8__seed-42__nm0p032__clip5__rounds-20__epochs-5__cifar10_dirichlet__cifar10_cnn round=20 (checkpoint deleted)
2026-08-20 03:50:14 PROGRESS 1/2 (0 failed so far)
2026-08-20 03:50:14 START cifar10-out-remove__dirichlet__alpha-0p1__global-dp__fedavg__clients-7__seed-42__nm0p028__clip5__rounds-20__epochs-5__cifar10_dirichlet__cifar10_cnn 
2026-08-20 04:02:33 DONE  cifar10-out-remove__dirichlet__alpha-0p1__global-dp__fedavg__clients-7__seed-42__nm0p028__clip5__rounds-20__epochs-5__cifar10_dirichlet__cifar10_cnn (738.5s)
2026-08-20 04:02:39 EVALUATED cifar10-out-remove__dirichlet__alpha-0p1__global-dp__fedavg__clients-7__seed-42__nm0p028__clip5__rounds-20__epochs-5__cifar10_dirichlet__cifar10_cnn round=1 (checkpoint deleted)
2026-08-20 04:02:45 EVALUATED cifar10-out-remove__dirichlet__alpha-0p1__global-dp__fedavg__clients-7__seed-42__nm0p028__clip5__rounds-20__epochs-5__cifar10_dirichlet__cifar10_cnn round=2 (checkpoint deleted)
2026-08-20 04:02:52 EVALUATED cifar10-out-remove__dirichlet__alpha-0p1__global-dp__fedavg__clients-7__seed-42__nm0p028__clip5__rounds-20__epochs-5__cifar10_dirichlet__cifar10_cnn round=3 (checkpoint deleted)
2026-08-20 04:02:58 EVALUATED cifar10-out-remove__dirichlet__alpha-0p1__global-dp__fedavg__clients-7__seed-42__nm0p028__clip5__rounds-20__epochs-5__cifar10_dirichlet__cifar10_cnn round=4 (checkpoint deleted)
2026-08-20 04:03:05 EVALUATED cifar10-out-remove__dirichlet__alpha-0p1__global-dp__fedavg__clients-7__seed-42__nm0p028__clip5__rounds-20__epochs-5__cifar10_dirichlet__cifar10_cnn round=5 (checkpoint deleted)
2026-08-20 04:03:11 EVALUATED cifar10-out-remove__dirichlet__alpha-0p1__global-dp__fedavg__clients-7__seed-42__nm0p028__clip5__rounds-20__epochs-5__cifar10_dirichlet__cifar10_cnn round=6 (checkpoint deleted)
2026-08-20 04:03:17 EVALUATED cifar10-out-remove__dirichlet__alpha-0p1__global-dp__fedavg__clients-7__seed-42__nm0p028__clip5__rounds-20__epochs-5__cifar10_dirichlet__cifar10_cnn round=7 (checkpoint deleted)
2026-08-20 04:03:24 EVALUATED cifar10-out-remove__dirichlet__alpha-0p1__global-dp__fedavg__clients-7__seed-42__nm0p028__clip5__rounds-20__epochs-5__cifar10_dirichlet__cifar10_cnn round=8 (checkpoint deleted)
2026-08-20 04:03:30 EVALUATED cifar10-out-remove__dirichlet__alpha-0p1__global-dp__fedavg__clients-7__seed-42__nm0p028__clip5__rounds-20__epochs-5__cifar10_dirichlet__cifar10_cnn round=9 (checkpoint deleted)
2026-08-20 04:03:37 EVALUATED cifar10-out-remove__dirichlet__alpha-0p1__global-dp__fedavg__clients-7__seed-42__nm0p028__clip5__rounds-20__epochs-5__cifar10_dirichlet__cifar10_cnn round=10 (checkpoint deleted)
2026-08-20 04:03:43 EVALUATED cifar10-out-remove__dirichlet__alpha-0p1__global-dp__fedavg__clients-7__seed-42__nm0p028__clip5__rounds-20__epochs-5__cifar10_dirichlet__cifar10_cnn round=11 (checkpoint deleted)
2026-08-20 04:03:50 EVALUATED cifar10-out-remove__dirichlet__alpha-0p1__global-dp__fedavg__clients-7__seed-42__nm0p028__clip5__rounds-20__epochs-5__cifar10_dirichlet__cifar10_cnn round=12 (checkpoint deleted)
2026-08-20 04:03:56 EVALUATED cifar10-out-remove__dirichlet__alpha-0p1__global-dp__fedavg__clients-7__seed-42__nm0p028__clip5__rounds-20__epochs-5__cifar10_dirichlet__cifar10_cnn round=13 (checkpoint deleted)
2026-08-20 04:04:02 EVALUATED cifar10-out-remove__dirichlet__alpha-0p1__global-dp__fedavg__clients-7__seed-42__nm0p028__clip5__rounds-20__epochs-5__cifar10_dirichlet__cifar10_cnn round=14 (checkpoint deleted)
2026-08-20 04:04:09 EVALUATED cifar10-out-remove__dirichlet__alpha-0p1__global-dp__fedavg__clients-7__seed-42__nm0p028__clip5__rounds-20__epochs-5__cifar10_dirichlet__cifar10_cnn round=15 (checkpoint deleted)
2026-08-20 04:04:15 EVALUATED cifar10-out-remove__dirichlet__alpha-0p1__global-dp__fedavg__clients-7__seed-42__nm0p028__clip5__rounds-20__epochs-5__cifar10_dirichlet__cifar10_cnn round=16 (checkpoint deleted)
2026-08-20 04:04:22 EVALUATED cifar10-out-remove__dirichlet__alpha-0p1__global-dp__fedavg__clients-7__seed-42__nm0p028__clip5__rounds-20__epochs-5__cifar10_dirichlet__cifar10_cnn round=17 (checkpoint deleted)
2026-08-20 04:04:28 EVALUATED cifar10-out-remove__dirichlet__alpha-0p1__global-dp__fedavg__clients-7__seed-42__nm0p028__clip5__rounds-20__epochs-5__cifar10_dirichlet__cifar10_cnn round=18 (checkpoint deleted)
2026-08-20 04:04:35 EVALUATED cifar10-out-remove__dirichlet__alpha-0p1__global-dp__fedavg__clients-7__seed-42__nm0p028__clip5__rounds-20__epochs-5__cifar10_dirichlet__cifar10_cnn round=19 (checkpoint deleted)
2026-08-20 04:04:41 EVALUATED cifar10-out-remove__dirichlet__alpha-0p1__global-dp__fedavg__clients-7__seed-42__nm0p028__clip5__rounds-20__epochs-5__cifar10_dirichlet__cifar10_cnn round=20 (checkpoint deleted)
2026-08-20 04:04:41 PROGRESS 2/2 (0 failed so far)
2026-08-20 04:04:41 Sweep finished: 2/2 attempted, 0 failed
