2026-08-21 13:57:10 Fashion-MNIST stage (metric-privacy, non-iid, seed=42, noise_ratio=0.04282294869618475): 2 trajectories
2026-08-21 13:57:10 START fashion-mnist-in-remove__non-iid__metric-privacy__fedavg__clients-48__seed-42__nm2p0555__clip5__rounds-100__epochs-5__fashion_mnist_remove__fashion_mnist_cnn 
2026-08-21 14:13:27 DONE  fashion-mnist-in-remove__non-iid__metric-privacy__fedavg__clients-48__seed-42__nm2p0555__clip5__rounds-100__epochs-5__fashion_mnist_remove__fashion_mnist_cnn (976.3s)
2026-08-21 14:13:30 EVALUATED fashion-mnist-in-remove__non-iid__metric-privacy__fedavg__clients-48__seed-42__nm2p0555__clip5__rounds-100__epochs-5__fashion_mnist_remove__fashion_mnist_cnn round=1 (checkpoint deleted)
2026-08-21 14:13:32 EVALUATED fashion-mnist-in-remove__non-iid__metric-privacy__fedavg__clients-48__seed-42__nm2p0555__clip5__rounds-100__epochs-5__fashion_mnist_remove__fashion_mnist_cnn round=10 (checkpoint deleted)
2026-08-21 14:13:35 EVALUATED fashion-mnist-in-remove__non-iid__metric-privacy__fedavg__clients-48__seed-42__nm2p0555__clip5__rounds-100__epochs-5__fashion_mnist_remove__fashion_mnist_cnn round=20 (checkpoint deleted)
2026-08-21 14:13:38 EVALUATED fashion-mnist-in-remove__non-iid__metric-privacy__fedavg__clients-48__seed-42__nm2p0555__clip5__rounds-100__epochs-5__fashion_mnist_remove__fashion_mnist_cnn round=30 (checkpoint deleted)
2026-08-21 14:13:40 EVALUATED fashion-mnist-in-remove__non-iid__metric-privacy__fedavg__clients-48__seed-42__nm2p0555__clip5__rounds-100__epochs-5__fashion_mnist_remove__fashion_mnist_cnn round=40 (checkpoint deleted)
2026-08-21 14:13:43 EVALUATED fashion-mnist-in-remove__non-iid__metric-privacy__fedavg__clients-48__seed-42__nm2p0555__clip5__rounds-100__epochs-5__fashion_mnist_remove__fashion_mnist_cnn round=50 (checkpoint deleted)
2026-08-21 14:13:46 EVALUATED fashion-mnist-in-remove__non-iid__metric-privacy__fedavg__clients-48__seed-42__nm2p0555__clip5__rounds-100__epochs-5__fashion_mnist_remove__fashion_mnist_cnn round=60 (checkpoint deleted)
2026-08-21 14:13:48 EVALUATED fashion-mnist-in-remove__non-iid__metric-privacy__fedavg__clients-48__seed-42__nm2p0555__clip5__rounds-100__epochs-5__fashion_mnist_remove__fashion_mnist_cnn round=70 (checkpoint deleted)
2026-08-21 14:13:51 EVALUATED fashion-mnist-in-remove__non-iid__metric-privacy__fedavg__clients-48__seed-42__nm2p0555__clip5__rounds-100__epochs-5__fashion_mnist_remove__fashion_mnist_cnn round=80 (checkpoint deleted)
2026-08-21 14:13:54 EVALUATED fashion-mnist-in-remove__non-iid__metric-privacy__fedavg__clients-48__seed-42__nm2p0555__clip5__rounds-100__epochs-5__fashion_mnist_remove__fashion_mnist_cnn round=90 (checkpoint deleted)
2026-08-21 14:13:57 EVALUATED fashion-mnist-in-remove__non-iid__metric-privacy__fedavg__clients-48__seed-42__nm2p0555__clip5__rounds-100__epochs-5__fashion_mnist_remove__fashion_mnist_cnn round=100 (checkpoint deleted)
2026-08-21 14:13:57 PROGRESS 1/2 (0 failed so far)
2026-08-21 14:13:57 START fashion-mnist-out-remove__non-iid__metric-privacy__fedavg__clients-47__seed-42__nm2p01268__clip5__rounds-100__epochs-5__fashion_mnist_remove__fashion_mnist_cnn 
2026-08-21 14:29:58 DONE  fashion-mnist-out-remove__non-iid__metric-privacy__fedavg__clients-47__seed-42__nm2p01268__clip5__rounds-100__epochs-5__fashion_mnist_remove__fashion_mnist_cnn (961.4s)
2026-08-21 14:30:01 EVALUATED fashion-mnist-out-remove__non-iid__metric-privacy__fedavg__clients-47__seed-42__nm2p01268__clip5__rounds-100__epochs-5__fashion_mnist_remove__fashion_mnist_cnn round=1 (checkpoint deleted)
2026-08-21 14:30:04 EVALUATED fashion-mnist-out-remove__non-iid__metric-privacy__fedavg__clients-47__seed-42__nm2p01268__clip5__rounds-100__epochs-5__fashion_mnist_remove__fashion_mnist_cnn round=10 (checkpoint deleted)
2026-08-21 14:30:06 EVALUATED fashion-mnist-out-remove__non-iid__metric-privacy__fedavg__clients-47__seed-42__nm2p01268__clip5__rounds-100__epochs-5__fashion_mnist_remove__fashion_mnist_cnn round=20 (checkpoint deleted)
2026-08-21 14:30:09 EVALUATED fashion-mnist-out-remove__non-iid__metric-privacy__fedavg__clients-47__seed-42__nm2p01268__clip5__rounds-100__epochs-5__fashion_mnist_remove__fashion_mnist_cnn round=30 (checkpoint deleted)
2026-08-21 14:30:12 EVALUATED fashion-mnist-out-remove__non-iid__metric-privacy__fedavg__clients-47__seed-42__nm2p01268__clip5__rounds-100__epochs-5__fashion_mnist_remove__fashion_mnist_cnn round=40 (checkpoint deleted)
2026-08-21 14:30:15 EVALUATED fashion-mnist-out-remove__non-iid__metric-privacy__fedavg__clients-47__seed-42__nm2p01268__clip5__rounds-100__epochs-5__fashion_mnist_remove__fashion_mnist_cnn round=50 (checkpoint deleted)
2026-08-21 14:30:18 EVALUATED fashion-mnist-out-remove__non-iid__metric-privacy__fedavg__clients-47__seed-42__nm2p01268__clip5__rounds-100__epochs-5__fashion_mnist_remove__fashion_mnist_cnn round=60 (checkpoint deleted)
2026-08-21 14:30:20 EVALUATED fashion-mnist-out-remove__non-iid__metric-privacy__fedavg__clients-47__seed-42__nm2p01268__clip5__rounds-100__epochs-5__fashion_mnist_remove__fashion_mnist_cnn round=70 (checkpoint deleted)
2026-08-21 14:30:23 EVALUATED fashion-mnist-out-remove__non-iid__metric-privacy__fedavg__clients-47__seed-42__nm2p01268__clip5__rounds-100__epochs-5__fashion_mnist_remove__fashion_mnist_cnn round=80 (checkpoint deleted)
2026-08-21 14:30:26 EVALUATED fashion-mnist-out-remove__non-iid__metric-privacy__fedavg__clients-47__seed-42__nm2p01268__clip5__rounds-100__epochs-5__fashion_mnist_remove__fashion_mnist_cnn round=90 (checkpoint deleted)
2026-08-21 14:30:29 EVALUATED fashion-mnist-out-remove__non-iid__metric-privacy__fedavg__clients-47__seed-42__nm2p01268__clip5__rounds-100__epochs-5__fashion_mnist_remove__fashion_mnist_cnn round=100 (checkpoint deleted)
2026-08-21 14:30:29 PROGRESS 2/2 (0 failed so far)
2026-08-21 14:30:29 Sweep finished: 2/2 attempted, 0 failed
