2026-08-19 15:39:30 EuroSAT stage (vanilla, non-iid, seed=42, noise_ratio=None): 2 trajectories
2026-08-19 15:39:30 START eurosat-in-remove__non-iid__vanilla__fedavg__clients-48__seed-42__nm0p0371071__clip5__rounds-100__epochs-5__eurosat_remove__eurosat_cnn 
2026-08-19 15:59:33 DONE  eurosat-in-remove__non-iid__vanilla__fedavg__clients-48__seed-42__nm0p0371071__clip5__rounds-100__epochs-5__eurosat_remove__eurosat_cnn (1202.9s)
2026-08-19 15:59:37 EVALUATED eurosat-in-remove__non-iid__vanilla__fedavg__clients-48__seed-42__nm0p0371071__clip5__rounds-100__epochs-5__eurosat_remove__eurosat_cnn round=1 (checkpoint deleted)
2026-08-19 15:59:39 EVALUATED eurosat-in-remove__non-iid__vanilla__fedavg__clients-48__seed-42__nm0p0371071__clip5__rounds-100__epochs-5__eurosat_remove__eurosat_cnn round=10 (checkpoint deleted)
2026-08-19 15:59:40 EVALUATED eurosat-in-remove__non-iid__vanilla__fedavg__clients-48__seed-42__nm0p0371071__clip5__rounds-100__epochs-5__eurosat_remove__eurosat_cnn round=20 (checkpoint deleted)
2026-08-19 15:59:42 EVALUATED eurosat-in-remove__non-iid__vanilla__fedavg__clients-48__seed-42__nm0p0371071__clip5__rounds-100__epochs-5__eurosat_remove__eurosat_cnn round=30 (checkpoint deleted)
2026-08-19 15:59:43 EVALUATED eurosat-in-remove__non-iid__vanilla__fedavg__clients-48__seed-42__nm0p0371071__clip5__rounds-100__epochs-5__eurosat_remove__eurosat_cnn round=40 (checkpoint deleted)
2026-08-19 15:59:45 EVALUATED eurosat-in-remove__non-iid__vanilla__fedavg__clients-48__seed-42__nm0p0371071__clip5__rounds-100__epochs-5__eurosat_remove__eurosat_cnn round=50 (checkpoint deleted)
2026-08-19 15:59:46 EVALUATED eurosat-in-remove__non-iid__vanilla__fedavg__clients-48__seed-42__nm0p0371071__clip5__rounds-100__epochs-5__eurosat_remove__eurosat_cnn round=60 (checkpoint deleted)
2026-08-19 15:59:48 EVALUATED eurosat-in-remove__non-iid__vanilla__fedavg__clients-48__seed-42__nm0p0371071__clip5__rounds-100__epochs-5__eurosat_remove__eurosat_cnn round=70 (checkpoint deleted)
2026-08-19 15:59:50 EVALUATED eurosat-in-remove__non-iid__vanilla__fedavg__clients-48__seed-42__nm0p0371071__clip5__rounds-100__epochs-5__eurosat_remove__eurosat_cnn round=80 (checkpoint deleted)
2026-08-19 15:59:51 EVALUATED eurosat-in-remove__non-iid__vanilla__fedavg__clients-48__seed-42__nm0p0371071__clip5__rounds-100__epochs-5__eurosat_remove__eurosat_cnn round=90 (checkpoint deleted)
2026-08-19 15:59:53 EVALUATED eurosat-in-remove__non-iid__vanilla__fedavg__clients-48__seed-42__nm0p0371071__clip5__rounds-100__epochs-5__eurosat_remove__eurosat_cnn round=100 (checkpoint deleted)
2026-08-19 15:59:53 PROGRESS 1/2 (0 failed so far)
2026-08-19 15:59:53 START eurosat-out-remove__non-iid__vanilla__fedavg__clients-47__seed-42__nm0p0371071__clip5__rounds-100__epochs-5__eurosat_remove__eurosat_cnn 
2026-08-19 16:14:08 EuroSAT stage (vanilla, non-iid, seed=42, noise_ratio=None): 2 trajectories
2026-08-19 16:14:08 SKIP  1 combinations (attack results already exist)
2026-08-19 16:14:08 START eurosat-out-remove__non-iid__vanilla__fedavg__clients-47__seed-42__nm0p0371071__clip5__rounds-100__epochs-5__eurosat_remove__eurosat_cnn 
2026-08-19 16:33:25 DONE  eurosat-out-remove__non-iid__vanilla__fedavg__clients-47__seed-42__nm0p0371071__clip5__rounds-100__epochs-5__eurosat_remove__eurosat_cnn (1156.2s)
2026-08-19 16:33:29 EVALUATED eurosat-out-remove__non-iid__vanilla__fedavg__clients-47__seed-42__nm0p0371071__clip5__rounds-100__epochs-5__eurosat_remove__eurosat_cnn round=1 (checkpoint deleted)
2026-08-19 16:33:30 EVALUATED eurosat-out-remove__non-iid__vanilla__fedavg__clients-47__seed-42__nm0p0371071__clip5__rounds-100__epochs-5__eurosat_remove__eurosat_cnn round=10 (checkpoint deleted)
2026-08-19 16:33:31 EVALUATED eurosat-out-remove__non-iid__vanilla__fedavg__clients-47__seed-42__nm0p0371071__clip5__rounds-100__epochs-5__eurosat_remove__eurosat_cnn round=20 (checkpoint deleted)
2026-08-19 16:33:33 EVALUATED eurosat-out-remove__non-iid__vanilla__fedavg__clients-47__seed-42__nm0p0371071__clip5__rounds-100__epochs-5__eurosat_remove__eurosat_cnn round=30 (checkpoint deleted)
2026-08-19 16:33:34 EVALUATED eurosat-out-remove__non-iid__vanilla__fedavg__clients-47__seed-42__nm0p0371071__clip5__rounds-100__epochs-5__eurosat_remove__eurosat_cnn round=40 (checkpoint deleted)
2026-08-19 16:33:36 EVALUATED eurosat-out-remove__non-iid__vanilla__fedavg__clients-47__seed-42__nm0p0371071__clip5__rounds-100__epochs-5__eurosat_remove__eurosat_cnn round=50 (checkpoint deleted)
2026-08-19 16:33:37 EVALUATED eurosat-out-remove__non-iid__vanilla__fedavg__clients-47__seed-42__nm0p0371071__clip5__rounds-100__epochs-5__eurosat_remove__eurosat_cnn round=60 (checkpoint deleted)
2026-08-19 16:33:38 EVALUATED eurosat-out-remove__non-iid__vanilla__fedavg__clients-47__seed-42__nm0p0371071__clip5__rounds-100__epochs-5__eurosat_remove__eurosat_cnn round=70 (checkpoint deleted)
2026-08-19 16:33:40 EVALUATED eurosat-out-remove__non-iid__vanilla__fedavg__clients-47__seed-42__nm0p0371071__clip5__rounds-100__epochs-5__eurosat_remove__eurosat_cnn round=80 (checkpoint deleted)
2026-08-19 16:33:41 EVALUATED eurosat-out-remove__non-iid__vanilla__fedavg__clients-47__seed-42__nm0p0371071__clip5__rounds-100__epochs-5__eurosat_remove__eurosat_cnn round=90 (checkpoint deleted)
2026-08-19 16:33:43 EVALUATED eurosat-out-remove__non-iid__vanilla__fedavg__clients-47__seed-42__nm0p0371071__clip5__rounds-100__epochs-5__eurosat_remove__eurosat_cnn round=100 (checkpoint deleted)
2026-08-19 16:33:43 PROGRESS 2/2 (0 failed so far)
2026-08-19 16:33:43 Sweep finished: 2/2 attempted, 0 failed
