2026-08-20 13:41:31 CIFAR-10 removal CIA chunk (metric-privacy, clients=8, alpha=3.0, noise_ratio=0.004): 2 trajectories
2026-08-20 13:41:31 START cifar10-in-remove__dirichlet__alpha-3__metric-privacy__fedavg__clients-8__seed-42__nm0p032__clip5__rounds-20__epochs-5__cifar10_dirichlet__cifar10_cnn 
2026-08-20 13:51:28 DONE  cifar10-in-remove__dirichlet__alpha-3__metric-privacy__fedavg__clients-8__seed-42__nm0p032__clip5__rounds-20__epochs-5__cifar10_dirichlet__cifar10_cnn (597.6s)
2026-08-20 13:51:38 EVALUATED cifar10-in-remove__dirichlet__alpha-3__metric-privacy__fedavg__clients-8__seed-42__nm0p032__clip5__rounds-20__epochs-5__cifar10_dirichlet__cifar10_cnn round=1 (checkpoint deleted)
2026-08-20 13:51:46 EVALUATED cifar10-in-remove__dirichlet__alpha-3__metric-privacy__fedavg__clients-8__seed-42__nm0p032__clip5__rounds-20__epochs-5__cifar10_dirichlet__cifar10_cnn round=2 (checkpoint deleted)
2026-08-20 13:51:54 EVALUATED cifar10-in-remove__dirichlet__alpha-3__metric-privacy__fedavg__clients-8__seed-42__nm0p032__clip5__rounds-20__epochs-5__cifar10_dirichlet__cifar10_cnn round=3 (checkpoint deleted)
2026-08-20 13:52:02 EVALUATED cifar10-in-remove__dirichlet__alpha-3__metric-privacy__fedavg__clients-8__seed-42__nm0p032__clip5__rounds-20__epochs-5__cifar10_dirichlet__cifar10_cnn round=4 (checkpoint deleted)
2026-08-20 13:52:11 EVALUATED cifar10-in-remove__dirichlet__alpha-3__metric-privacy__fedavg__clients-8__seed-42__nm0p032__clip5__rounds-20__epochs-5__cifar10_dirichlet__cifar10_cnn round=5 (checkpoint deleted)
2026-08-20 13:52:19 EVALUATED cifar10-in-remove__dirichlet__alpha-3__metric-privacy__fedavg__clients-8__seed-42__nm0p032__clip5__rounds-20__epochs-5__cifar10_dirichlet__cifar10_cnn round=6 (checkpoint deleted)
2026-08-20 13:52:27 EVALUATED cifar10-in-remove__dirichlet__alpha-3__metric-privacy__fedavg__clients-8__seed-42__nm0p032__clip5__rounds-20__epochs-5__cifar10_dirichlet__cifar10_cnn round=7 (checkpoint deleted)
2026-08-20 13:52:35 EVALUATED cifar10-in-remove__dirichlet__alpha-3__metric-privacy__fedavg__clients-8__seed-42__nm0p032__clip5__rounds-20__epochs-5__cifar10_dirichlet__cifar10_cnn round=8 (checkpoint deleted)
2026-08-20 13:52:43 EVALUATED cifar10-in-remove__dirichlet__alpha-3__metric-privacy__fedavg__clients-8__seed-42__nm0p032__clip5__rounds-20__epochs-5__cifar10_dirichlet__cifar10_cnn round=9 (checkpoint deleted)
2026-08-20 13:52:52 EVALUATED cifar10-in-remove__dirichlet__alpha-3__metric-privacy__fedavg__clients-8__seed-42__nm0p032__clip5__rounds-20__epochs-5__cifar10_dirichlet__cifar10_cnn round=10 (checkpoint deleted)
2026-08-20 13:53:00 EVALUATED cifar10-in-remove__dirichlet__alpha-3__metric-privacy__fedavg__clients-8__seed-42__nm0p032__clip5__rounds-20__epochs-5__cifar10_dirichlet__cifar10_cnn round=11 (checkpoint deleted)
2026-08-20 13:53:08 EVALUATED cifar10-in-remove__dirichlet__alpha-3__metric-privacy__fedavg__clients-8__seed-42__nm0p032__clip5__rounds-20__epochs-5__cifar10_dirichlet__cifar10_cnn round=12 (checkpoint deleted)
2026-08-20 13:53:16 EVALUATED cifar10-in-remove__dirichlet__alpha-3__metric-privacy__fedavg__clients-8__seed-42__nm0p032__clip5__rounds-20__epochs-5__cifar10_dirichlet__cifar10_cnn round=13 (checkpoint deleted)
2026-08-20 13:53:24 EVALUATED cifar10-in-remove__dirichlet__alpha-3__metric-privacy__fedavg__clients-8__seed-42__nm0p032__clip5__rounds-20__epochs-5__cifar10_dirichlet__cifar10_cnn round=14 (checkpoint deleted)
2026-08-20 13:53:33 EVALUATED cifar10-in-remove__dirichlet__alpha-3__metric-privacy__fedavg__clients-8__seed-42__nm0p032__clip5__rounds-20__epochs-5__cifar10_dirichlet__cifar10_cnn round=15 (checkpoint deleted)
2026-08-20 13:53:41 EVALUATED cifar10-in-remove__dirichlet__alpha-3__metric-privacy__fedavg__clients-8__seed-42__nm0p032__clip5__rounds-20__epochs-5__cifar10_dirichlet__cifar10_cnn round=16 (checkpoint deleted)
2026-08-20 13:53:49 EVALUATED cifar10-in-remove__dirichlet__alpha-3__metric-privacy__fedavg__clients-8__seed-42__nm0p032__clip5__rounds-20__epochs-5__cifar10_dirichlet__cifar10_cnn round=17 (checkpoint deleted)
2026-08-20 13:53:57 EVALUATED cifar10-in-remove__dirichlet__alpha-3__metric-privacy__fedavg__clients-8__seed-42__nm0p032__clip5__rounds-20__epochs-5__cifar10_dirichlet__cifar10_cnn round=18 (checkpoint deleted)
2026-08-20 13:54:05 EVALUATED cifar10-in-remove__dirichlet__alpha-3__metric-privacy__fedavg__clients-8__seed-42__nm0p032__clip5__rounds-20__epochs-5__cifar10_dirichlet__cifar10_cnn round=19 (checkpoint deleted)
2026-08-20 13:54:13 EVALUATED cifar10-in-remove__dirichlet__alpha-3__metric-privacy__fedavg__clients-8__seed-42__nm0p032__clip5__rounds-20__epochs-5__cifar10_dirichlet__cifar10_cnn round=20 (checkpoint deleted)
2026-08-20 13:54:13 PROGRESS 1/2 (0 failed so far)
2026-08-20 13:54:13 START cifar10-out-remove__dirichlet__alpha-3__metric-privacy__fedavg__clients-7__seed-42__nm0p028__clip5__rounds-20__epochs-5__cifar10_dirichlet__cifar10_cnn 
2026-08-20 14:03:42 DONE  cifar10-out-remove__dirichlet__alpha-3__metric-privacy__fedavg__clients-7__seed-42__nm0p028__clip5__rounds-20__epochs-5__cifar10_dirichlet__cifar10_cnn (568.9s)
2026-08-20 14:03:50 EVALUATED cifar10-out-remove__dirichlet__alpha-3__metric-privacy__fedavg__clients-7__seed-42__nm0p028__clip5__rounds-20__epochs-5__cifar10_dirichlet__cifar10_cnn round=1 (checkpoint deleted)
2026-08-20 14:03:59 EVALUATED cifar10-out-remove__dirichlet__alpha-3__metric-privacy__fedavg__clients-7__seed-42__nm0p028__clip5__rounds-20__epochs-5__cifar10_dirichlet__cifar10_cnn round=2 (checkpoint deleted)
2026-08-20 14:04:07 EVALUATED cifar10-out-remove__dirichlet__alpha-3__metric-privacy__fedavg__clients-7__seed-42__nm0p028__clip5__rounds-20__epochs-5__cifar10_dirichlet__cifar10_cnn round=3 (checkpoint deleted)
2026-08-20 14:04:15 EVALUATED cifar10-out-remove__dirichlet__alpha-3__metric-privacy__fedavg__clients-7__seed-42__nm0p028__clip5__rounds-20__epochs-5__cifar10_dirichlet__cifar10_cnn round=4 (checkpoint deleted)
2026-08-20 14:04:23 EVALUATED cifar10-out-remove__dirichlet__alpha-3__metric-privacy__fedavg__clients-7__seed-42__nm0p028__clip5__rounds-20__epochs-5__cifar10_dirichlet__cifar10_cnn round=5 (checkpoint deleted)
2026-08-20 14:04:31 EVALUATED cifar10-out-remove__dirichlet__alpha-3__metric-privacy__fedavg__clients-7__seed-42__nm0p028__clip5__rounds-20__epochs-5__cifar10_dirichlet__cifar10_cnn round=6 (checkpoint deleted)
2026-08-20 14:04:40 EVALUATED cifar10-out-remove__dirichlet__alpha-3__metric-privacy__fedavg__clients-7__seed-42__nm0p028__clip5__rounds-20__epochs-5__cifar10_dirichlet__cifar10_cnn round=7 (checkpoint deleted)
2026-08-20 14:04:48 EVALUATED cifar10-out-remove__dirichlet__alpha-3__metric-privacy__fedavg__clients-7__seed-42__nm0p028__clip5__rounds-20__epochs-5__cifar10_dirichlet__cifar10_cnn round=8 (checkpoint deleted)
2026-08-20 14:04:56 EVALUATED cifar10-out-remove__dirichlet__alpha-3__metric-privacy__fedavg__clients-7__seed-42__nm0p028__clip5__rounds-20__epochs-5__cifar10_dirichlet__cifar10_cnn round=9 (checkpoint deleted)
2026-08-20 14:05:04 EVALUATED cifar10-out-remove__dirichlet__alpha-3__metric-privacy__fedavg__clients-7__seed-42__nm0p028__clip5__rounds-20__epochs-5__cifar10_dirichlet__cifar10_cnn round=10 (checkpoint deleted)
2026-08-20 14:05:12 EVALUATED cifar10-out-remove__dirichlet__alpha-3__metric-privacy__fedavg__clients-7__seed-42__nm0p028__clip5__rounds-20__epochs-5__cifar10_dirichlet__cifar10_cnn round=11 (checkpoint deleted)
2026-08-20 14:05:21 EVALUATED cifar10-out-remove__dirichlet__alpha-3__metric-privacy__fedavg__clients-7__seed-42__nm0p028__clip5__rounds-20__epochs-5__cifar10_dirichlet__cifar10_cnn round=12 (checkpoint deleted)
2026-08-20 14:05:29 EVALUATED cifar10-out-remove__dirichlet__alpha-3__metric-privacy__fedavg__clients-7__seed-42__nm0p028__clip5__rounds-20__epochs-5__cifar10_dirichlet__cifar10_cnn round=13 (checkpoint deleted)
2026-08-20 14:05:37 EVALUATED cifar10-out-remove__dirichlet__alpha-3__metric-privacy__fedavg__clients-7__seed-42__nm0p028__clip5__rounds-20__epochs-5__cifar10_dirichlet__cifar10_cnn round=14 (checkpoint deleted)
2026-08-20 14:05:45 EVALUATED cifar10-out-remove__dirichlet__alpha-3__metric-privacy__fedavg__clients-7__seed-42__nm0p028__clip5__rounds-20__epochs-5__cifar10_dirichlet__cifar10_cnn round=15 (checkpoint deleted)
2026-08-20 14:05:53 EVALUATED cifar10-out-remove__dirichlet__alpha-3__metric-privacy__fedavg__clients-7__seed-42__nm0p028__clip5__rounds-20__epochs-5__cifar10_dirichlet__cifar10_cnn round=16 (checkpoint deleted)
2026-08-20 14:06:02 EVALUATED cifar10-out-remove__dirichlet__alpha-3__metric-privacy__fedavg__clients-7__seed-42__nm0p028__clip5__rounds-20__epochs-5__cifar10_dirichlet__cifar10_cnn round=17 (checkpoint deleted)
2026-08-20 14:06:10 EVALUATED cifar10-out-remove__dirichlet__alpha-3__metric-privacy__fedavg__clients-7__seed-42__nm0p028__clip5__rounds-20__epochs-5__cifar10_dirichlet__cifar10_cnn round=18 (checkpoint deleted)
2026-08-20 14:06:18 EVALUATED cifar10-out-remove__dirichlet__alpha-3__metric-privacy__fedavg__clients-7__seed-42__nm0p028__clip5__rounds-20__epochs-5__cifar10_dirichlet__cifar10_cnn round=19 (checkpoint deleted)
2026-08-20 14:06:26 EVALUATED cifar10-out-remove__dirichlet__alpha-3__metric-privacy__fedavg__clients-7__seed-42__nm0p028__clip5__rounds-20__epochs-5__cifar10_dirichlet__cifar10_cnn round=20 (checkpoint deleted)
2026-08-20 14:06:26 PROGRESS 2/2 (0 failed so far)
2026-08-20 14:06:26 Sweep finished: 2/2 attempted, 0 failed
