2026-08-05 19:32:33 Starting full chunk: 2 trajectories
2026-08-05 19:32:33 START cifar-full-in-replace__non-iid__global-dp__fedavg__clients-8__seed-43__nm0p05__clip5__rounds-20__epochs-5__cifar_chunks__cifar10_cnn 
2026-08-05 19:37:04 DONE  cifar-full-in-replace__non-iid__global-dp__fedavg__clients-8__seed-43__nm0p05__clip5__rounds-20__epochs-5__cifar_chunks__cifar10_cnn (270.3s)
2026-08-05 19:37:12 EVALUATED cifar-full-in-replace__non-iid__global-dp__fedavg__clients-8__seed-43__nm0p05__clip5__rounds-20__epochs-5__cifar_chunks__cifar10_cnn round=1 (checkpoint deleted)
2026-08-05 19:37:18 EVALUATED cifar-full-in-replace__non-iid__global-dp__fedavg__clients-8__seed-43__nm0p05__clip5__rounds-20__epochs-5__cifar_chunks__cifar10_cnn round=2 (checkpoint deleted)
2026-08-05 19:37:23 EVALUATED cifar-full-in-replace__non-iid__global-dp__fedavg__clients-8__seed-43__nm0p05__clip5__rounds-20__epochs-5__cifar_chunks__cifar10_cnn round=3 (checkpoint deleted)
2026-08-05 19:37:28 EVALUATED cifar-full-in-replace__non-iid__global-dp__fedavg__clients-8__seed-43__nm0p05__clip5__rounds-20__epochs-5__cifar_chunks__cifar10_cnn round=4 (checkpoint deleted)
2026-08-05 19:37:33 EVALUATED cifar-full-in-replace__non-iid__global-dp__fedavg__clients-8__seed-43__nm0p05__clip5__rounds-20__epochs-5__cifar_chunks__cifar10_cnn round=5 (checkpoint deleted)
2026-08-05 19:37:39 EVALUATED cifar-full-in-replace__non-iid__global-dp__fedavg__clients-8__seed-43__nm0p05__clip5__rounds-20__epochs-5__cifar_chunks__cifar10_cnn round=6 (checkpoint deleted)
2026-08-05 19:37:44 EVALUATED cifar-full-in-replace__non-iid__global-dp__fedavg__clients-8__seed-43__nm0p05__clip5__rounds-20__epochs-5__cifar_chunks__cifar10_cnn round=7 (checkpoint deleted)
2026-08-05 19:37:49 EVALUATED cifar-full-in-replace__non-iid__global-dp__fedavg__clients-8__seed-43__nm0p05__clip5__rounds-20__epochs-5__cifar_chunks__cifar10_cnn round=8 (checkpoint deleted)
2026-08-05 19:37:54 EVALUATED cifar-full-in-replace__non-iid__global-dp__fedavg__clients-8__seed-43__nm0p05__clip5__rounds-20__epochs-5__cifar_chunks__cifar10_cnn round=9 (checkpoint deleted)
2026-08-05 19:38:00 EVALUATED cifar-full-in-replace__non-iid__global-dp__fedavg__clients-8__seed-43__nm0p05__clip5__rounds-20__epochs-5__cifar_chunks__cifar10_cnn round=10 (checkpoint deleted)
2026-08-05 19:38:05 EVALUATED cifar-full-in-replace__non-iid__global-dp__fedavg__clients-8__seed-43__nm0p05__clip5__rounds-20__epochs-5__cifar_chunks__cifar10_cnn round=11 (checkpoint deleted)
2026-08-05 19:38:10 EVALUATED cifar-full-in-replace__non-iid__global-dp__fedavg__clients-8__seed-43__nm0p05__clip5__rounds-20__epochs-5__cifar_chunks__cifar10_cnn round=12 (checkpoint deleted)
2026-08-05 19:38:15 EVALUATED cifar-full-in-replace__non-iid__global-dp__fedavg__clients-8__seed-43__nm0p05__clip5__rounds-20__epochs-5__cifar_chunks__cifar10_cnn round=13 (checkpoint deleted)
2026-08-05 19:38:21 EVALUATED cifar-full-in-replace__non-iid__global-dp__fedavg__clients-8__seed-43__nm0p05__clip5__rounds-20__epochs-5__cifar_chunks__cifar10_cnn round=14 (checkpoint deleted)
2026-08-05 19:38:26 EVALUATED cifar-full-in-replace__non-iid__global-dp__fedavg__clients-8__seed-43__nm0p05__clip5__rounds-20__epochs-5__cifar_chunks__cifar10_cnn round=15 (checkpoint deleted)
2026-08-05 19:38:31 EVALUATED cifar-full-in-replace__non-iid__global-dp__fedavg__clients-8__seed-43__nm0p05__clip5__rounds-20__epochs-5__cifar_chunks__cifar10_cnn round=16 (checkpoint deleted)
2026-08-05 19:38:37 EVALUATED cifar-full-in-replace__non-iid__global-dp__fedavg__clients-8__seed-43__nm0p05__clip5__rounds-20__epochs-5__cifar_chunks__cifar10_cnn round=17 (checkpoint deleted)
2026-08-05 19:38:42 EVALUATED cifar-full-in-replace__non-iid__global-dp__fedavg__clients-8__seed-43__nm0p05__clip5__rounds-20__epochs-5__cifar_chunks__cifar10_cnn round=18 (checkpoint deleted)
2026-08-05 19:38:47 EVALUATED cifar-full-in-replace__non-iid__global-dp__fedavg__clients-8__seed-43__nm0p05__clip5__rounds-20__epochs-5__cifar_chunks__cifar10_cnn round=19 (checkpoint deleted)
2026-08-05 19:38:52 EVALUATED cifar-full-in-replace__non-iid__global-dp__fedavg__clients-8__seed-43__nm0p05__clip5__rounds-20__epochs-5__cifar_chunks__cifar10_cnn round=20 (checkpoint deleted)
2026-08-05 19:38:52 PROGRESS 1/2 (0 failed so far)
2026-08-05 19:38:52 START cifar-full-in-replace__non-iid__metric-privacy__fedavg__clients-8__seed-43__nm0p05__clip5__rounds-20__epochs-5__cifar_chunks__cifar10_cnn 
2026-08-05 19:43:28 DONE  cifar-full-in-replace__non-iid__metric-privacy__fedavg__clients-8__seed-43__nm0p05__clip5__rounds-20__epochs-5__cifar_chunks__cifar10_cnn (275.5s)
2026-08-05 19:43:33 EVALUATED cifar-full-in-replace__non-iid__metric-privacy__fedavg__clients-8__seed-43__nm0p05__clip5__rounds-20__epochs-5__cifar_chunks__cifar10_cnn round=1 (checkpoint deleted)
2026-08-05 19:43:38 EVALUATED cifar-full-in-replace__non-iid__metric-privacy__fedavg__clients-8__seed-43__nm0p05__clip5__rounds-20__epochs-5__cifar_chunks__cifar10_cnn round=2 (checkpoint deleted)
2026-08-05 19:43:44 EVALUATED cifar-full-in-replace__non-iid__metric-privacy__fedavg__clients-8__seed-43__nm0p05__clip5__rounds-20__epochs-5__cifar_chunks__cifar10_cnn round=3 (checkpoint deleted)
2026-08-05 19:43:49 EVALUATED cifar-full-in-replace__non-iid__metric-privacy__fedavg__clients-8__seed-43__nm0p05__clip5__rounds-20__epochs-5__cifar_chunks__cifar10_cnn round=4 (checkpoint deleted)
2026-08-05 19:43:54 EVALUATED cifar-full-in-replace__non-iid__metric-privacy__fedavg__clients-8__seed-43__nm0p05__clip5__rounds-20__epochs-5__cifar_chunks__cifar10_cnn round=5 (checkpoint deleted)
2026-08-05 19:44:00 EVALUATED cifar-full-in-replace__non-iid__metric-privacy__fedavg__clients-8__seed-43__nm0p05__clip5__rounds-20__epochs-5__cifar_chunks__cifar10_cnn round=6 (checkpoint deleted)
2026-08-05 19:44:05 EVALUATED cifar-full-in-replace__non-iid__metric-privacy__fedavg__clients-8__seed-43__nm0p05__clip5__rounds-20__epochs-5__cifar_chunks__cifar10_cnn round=7 (checkpoint deleted)
2026-08-05 19:44:10 EVALUATED cifar-full-in-replace__non-iid__metric-privacy__fedavg__clients-8__seed-43__nm0p05__clip5__rounds-20__epochs-5__cifar_chunks__cifar10_cnn round=8 (checkpoint deleted)
2026-08-05 19:44:15 EVALUATED cifar-full-in-replace__non-iid__metric-privacy__fedavg__clients-8__seed-43__nm0p05__clip5__rounds-20__epochs-5__cifar_chunks__cifar10_cnn round=9 (checkpoint deleted)
2026-08-05 19:44:21 EVALUATED cifar-full-in-replace__non-iid__metric-privacy__fedavg__clients-8__seed-43__nm0p05__clip5__rounds-20__epochs-5__cifar_chunks__cifar10_cnn round=10 (checkpoint deleted)
2026-08-05 19:44:26 EVALUATED cifar-full-in-replace__non-iid__metric-privacy__fedavg__clients-8__seed-43__nm0p05__clip5__rounds-20__epochs-5__cifar_chunks__cifar10_cnn round=11 (checkpoint deleted)
2026-08-05 19:44:31 EVALUATED cifar-full-in-replace__non-iid__metric-privacy__fedavg__clients-8__seed-43__nm0p05__clip5__rounds-20__epochs-5__cifar_chunks__cifar10_cnn round=12 (checkpoint deleted)
2026-08-05 19:44:36 EVALUATED cifar-full-in-replace__non-iid__metric-privacy__fedavg__clients-8__seed-43__nm0p05__clip5__rounds-20__epochs-5__cifar_chunks__cifar10_cnn round=13 (checkpoint deleted)
2026-08-05 19:44:42 EVALUATED cifar-full-in-replace__non-iid__metric-privacy__fedavg__clients-8__seed-43__nm0p05__clip5__rounds-20__epochs-5__cifar_chunks__cifar10_cnn round=14 (checkpoint deleted)
2026-08-05 19:44:47 EVALUATED cifar-full-in-replace__non-iid__metric-privacy__fedavg__clients-8__seed-43__nm0p05__clip5__rounds-20__epochs-5__cifar_chunks__cifar10_cnn round=15 (checkpoint deleted)
2026-08-05 19:44:52 EVALUATED cifar-full-in-replace__non-iid__metric-privacy__fedavg__clients-8__seed-43__nm0p05__clip5__rounds-20__epochs-5__cifar_chunks__cifar10_cnn round=16 (checkpoint deleted)
2026-08-05 19:44:58 EVALUATED cifar-full-in-replace__non-iid__metric-privacy__fedavg__clients-8__seed-43__nm0p05__clip5__rounds-20__epochs-5__cifar_chunks__cifar10_cnn round=17 (checkpoint deleted)
2026-08-05 19:45:03 EVALUATED cifar-full-in-replace__non-iid__metric-privacy__fedavg__clients-8__seed-43__nm0p05__clip5__rounds-20__epochs-5__cifar_chunks__cifar10_cnn round=18 (checkpoint deleted)
2026-08-05 19:45:08 EVALUATED cifar-full-in-replace__non-iid__metric-privacy__fedavg__clients-8__seed-43__nm0p05__clip5__rounds-20__epochs-5__cifar_chunks__cifar10_cnn round=19 (checkpoint deleted)
2026-08-05 19:45:14 EVALUATED cifar-full-in-replace__non-iid__metric-privacy__fedavg__clients-8__seed-43__nm0p05__clip5__rounds-20__epochs-5__cifar_chunks__cifar10_cnn round=20 (checkpoint deleted)
2026-08-05 19:45:14 PROGRESS 2/2 (0 failed so far)
2026-08-05 19:45:14 Sweep finished: 2/2 attempted, 0 failed
