2026-08-05 16:24:07 Starting full chunk: 2 trajectories
2026-08-05 16:24:07 START cifar-full-in-replace__non-iid__global-dp__fedavg__clients-3__seed-42__nm0p01875__clip5__rounds-20__epochs-5__cifar_chunks__cifar10_cnn 
2026-08-05 16:29:09 DONE  cifar-full-in-replace__non-iid__global-dp__fedavg__clients-3__seed-42__nm0p01875__clip5__rounds-20__epochs-5__cifar_chunks__cifar10_cnn (302.2s)
2026-08-05 16:29:20 EVALUATED cifar-full-in-replace__non-iid__global-dp__fedavg__clients-3__seed-42__nm0p01875__clip5__rounds-20__epochs-5__cifar_chunks__cifar10_cnn round=1 (checkpoint deleted)
2026-08-05 16:29:27 EVALUATED cifar-full-in-replace__non-iid__global-dp__fedavg__clients-3__seed-42__nm0p01875__clip5__rounds-20__epochs-5__cifar_chunks__cifar10_cnn round=2 (checkpoint deleted)
2026-08-05 16:29:35 EVALUATED cifar-full-in-replace__non-iid__global-dp__fedavg__clients-3__seed-42__nm0p01875__clip5__rounds-20__epochs-5__cifar_chunks__cifar10_cnn round=3 (checkpoint deleted)
2026-08-05 16:29:42 EVALUATED cifar-full-in-replace__non-iid__global-dp__fedavg__clients-3__seed-42__nm0p01875__clip5__rounds-20__epochs-5__cifar_chunks__cifar10_cnn round=4 (checkpoint deleted)
2026-08-05 16:29:50 EVALUATED cifar-full-in-replace__non-iid__global-dp__fedavg__clients-3__seed-42__nm0p01875__clip5__rounds-20__epochs-5__cifar_chunks__cifar10_cnn round=5 (checkpoint deleted)
2026-08-05 16:29:57 EVALUATED cifar-full-in-replace__non-iid__global-dp__fedavg__clients-3__seed-42__nm0p01875__clip5__rounds-20__epochs-5__cifar_chunks__cifar10_cnn round=6 (checkpoint deleted)
2026-08-05 16:30:05 EVALUATED cifar-full-in-replace__non-iid__global-dp__fedavg__clients-3__seed-42__nm0p01875__clip5__rounds-20__epochs-5__cifar_chunks__cifar10_cnn round=7 (checkpoint deleted)
2026-08-05 16:30:12 EVALUATED cifar-full-in-replace__non-iid__global-dp__fedavg__clients-3__seed-42__nm0p01875__clip5__rounds-20__epochs-5__cifar_chunks__cifar10_cnn round=8 (checkpoint deleted)
2026-08-05 16:30:19 EVALUATED cifar-full-in-replace__non-iid__global-dp__fedavg__clients-3__seed-42__nm0p01875__clip5__rounds-20__epochs-5__cifar_chunks__cifar10_cnn round=9 (checkpoint deleted)
2026-08-05 16:30:27 EVALUATED cifar-full-in-replace__non-iid__global-dp__fedavg__clients-3__seed-42__nm0p01875__clip5__rounds-20__epochs-5__cifar_chunks__cifar10_cnn round=10 (checkpoint deleted)
2026-08-05 16:30:35 EVALUATED cifar-full-in-replace__non-iid__global-dp__fedavg__clients-3__seed-42__nm0p01875__clip5__rounds-20__epochs-5__cifar_chunks__cifar10_cnn round=11 (checkpoint deleted)
2026-08-05 16:30:42 EVALUATED cifar-full-in-replace__non-iid__global-dp__fedavg__clients-3__seed-42__nm0p01875__clip5__rounds-20__epochs-5__cifar_chunks__cifar10_cnn round=12 (checkpoint deleted)
2026-08-05 16:30:49 EVALUATED cifar-full-in-replace__non-iid__global-dp__fedavg__clients-3__seed-42__nm0p01875__clip5__rounds-20__epochs-5__cifar_chunks__cifar10_cnn round=13 (checkpoint deleted)
2026-08-05 16:30:57 EVALUATED cifar-full-in-replace__non-iid__global-dp__fedavg__clients-3__seed-42__nm0p01875__clip5__rounds-20__epochs-5__cifar_chunks__cifar10_cnn round=14 (checkpoint deleted)
2026-08-05 16:31:04 EVALUATED cifar-full-in-replace__non-iid__global-dp__fedavg__clients-3__seed-42__nm0p01875__clip5__rounds-20__epochs-5__cifar_chunks__cifar10_cnn round=15 (checkpoint deleted)
2026-08-05 16:31:12 EVALUATED cifar-full-in-replace__non-iid__global-dp__fedavg__clients-3__seed-42__nm0p01875__clip5__rounds-20__epochs-5__cifar_chunks__cifar10_cnn round=16 (checkpoint deleted)
2026-08-05 16:31:19 EVALUATED cifar-full-in-replace__non-iid__global-dp__fedavg__clients-3__seed-42__nm0p01875__clip5__rounds-20__epochs-5__cifar_chunks__cifar10_cnn round=17 (checkpoint deleted)
2026-08-05 16:31:27 EVALUATED cifar-full-in-replace__non-iid__global-dp__fedavg__clients-3__seed-42__nm0p01875__clip5__rounds-20__epochs-5__cifar_chunks__cifar10_cnn round=18 (checkpoint deleted)
2026-08-05 16:31:34 EVALUATED cifar-full-in-replace__non-iid__global-dp__fedavg__clients-3__seed-42__nm0p01875__clip5__rounds-20__epochs-5__cifar_chunks__cifar10_cnn round=19 (checkpoint deleted)
2026-08-05 16:31:42 EVALUATED cifar-full-in-replace__non-iid__global-dp__fedavg__clients-3__seed-42__nm0p01875__clip5__rounds-20__epochs-5__cifar_chunks__cifar10_cnn round=20 (checkpoint deleted)
2026-08-05 16:31:42 PROGRESS 1/2 (0 failed so far)
2026-08-05 16:31:42 START cifar-full-in-replace__non-iid__metric-privacy__fedavg__clients-3__seed-42__nm0p01875__clip5__rounds-20__epochs-5__cifar_chunks__cifar10_cnn 
2026-08-05 16:36:45 DONE  cifar-full-in-replace__non-iid__metric-privacy__fedavg__clients-3__seed-42__nm0p01875__clip5__rounds-20__epochs-5__cifar_chunks__cifar10_cnn (303.5s)
2026-08-05 16:36:53 EVALUATED cifar-full-in-replace__non-iid__metric-privacy__fedavg__clients-3__seed-42__nm0p01875__clip5__rounds-20__epochs-5__cifar_chunks__cifar10_cnn round=1 (checkpoint deleted)
2026-08-05 16:37:00 EVALUATED cifar-full-in-replace__non-iid__metric-privacy__fedavg__clients-3__seed-42__nm0p01875__clip5__rounds-20__epochs-5__cifar_chunks__cifar10_cnn round=2 (checkpoint deleted)
2026-08-05 16:37:08 EVALUATED cifar-full-in-replace__non-iid__metric-privacy__fedavg__clients-3__seed-42__nm0p01875__clip5__rounds-20__epochs-5__cifar_chunks__cifar10_cnn round=3 (checkpoint deleted)
2026-08-05 16:37:15 EVALUATED cifar-full-in-replace__non-iid__metric-privacy__fedavg__clients-3__seed-42__nm0p01875__clip5__rounds-20__epochs-5__cifar_chunks__cifar10_cnn round=4 (checkpoint deleted)
2026-08-05 16:37:23 EVALUATED cifar-full-in-replace__non-iid__metric-privacy__fedavg__clients-3__seed-42__nm0p01875__clip5__rounds-20__epochs-5__cifar_chunks__cifar10_cnn round=5 (checkpoint deleted)
2026-08-05 16:37:30 EVALUATED cifar-full-in-replace__non-iid__metric-privacy__fedavg__clients-3__seed-42__nm0p01875__clip5__rounds-20__epochs-5__cifar_chunks__cifar10_cnn round=6 (checkpoint deleted)
2026-08-05 16:37:38 EVALUATED cifar-full-in-replace__non-iid__metric-privacy__fedavg__clients-3__seed-42__nm0p01875__clip5__rounds-20__epochs-5__cifar_chunks__cifar10_cnn round=7 (checkpoint deleted)
2026-08-05 16:37:45 EVALUATED cifar-full-in-replace__non-iid__metric-privacy__fedavg__clients-3__seed-42__nm0p01875__clip5__rounds-20__epochs-5__cifar_chunks__cifar10_cnn round=8 (checkpoint deleted)
2026-08-05 16:37:53 EVALUATED cifar-full-in-replace__non-iid__metric-privacy__fedavg__clients-3__seed-42__nm0p01875__clip5__rounds-20__epochs-5__cifar_chunks__cifar10_cnn round=9 (checkpoint deleted)
2026-08-05 16:38:00 EVALUATED cifar-full-in-replace__non-iid__metric-privacy__fedavg__clients-3__seed-42__nm0p01875__clip5__rounds-20__epochs-5__cifar_chunks__cifar10_cnn round=10 (checkpoint deleted)
2026-08-05 16:38:08 EVALUATED cifar-full-in-replace__non-iid__metric-privacy__fedavg__clients-3__seed-42__nm0p01875__clip5__rounds-20__epochs-5__cifar_chunks__cifar10_cnn round=11 (checkpoint deleted)
2026-08-05 16:38:15 EVALUATED cifar-full-in-replace__non-iid__metric-privacy__fedavg__clients-3__seed-42__nm0p01875__clip5__rounds-20__epochs-5__cifar_chunks__cifar10_cnn round=12 (checkpoint deleted)
2026-08-05 16:38:23 EVALUATED cifar-full-in-replace__non-iid__metric-privacy__fedavg__clients-3__seed-42__nm0p01875__clip5__rounds-20__epochs-5__cifar_chunks__cifar10_cnn round=13 (checkpoint deleted)
2026-08-05 16:38:30 EVALUATED cifar-full-in-replace__non-iid__metric-privacy__fedavg__clients-3__seed-42__nm0p01875__clip5__rounds-20__epochs-5__cifar_chunks__cifar10_cnn round=14 (checkpoint deleted)
2026-08-05 16:38:38 EVALUATED cifar-full-in-replace__non-iid__metric-privacy__fedavg__clients-3__seed-42__nm0p01875__clip5__rounds-20__epochs-5__cifar_chunks__cifar10_cnn round=15 (checkpoint deleted)
2026-08-05 16:38:45 EVALUATED cifar-full-in-replace__non-iid__metric-privacy__fedavg__clients-3__seed-42__nm0p01875__clip5__rounds-20__epochs-5__cifar_chunks__cifar10_cnn round=16 (checkpoint deleted)
2026-08-05 16:38:53 EVALUATED cifar-full-in-replace__non-iid__metric-privacy__fedavg__clients-3__seed-42__nm0p01875__clip5__rounds-20__epochs-5__cifar_chunks__cifar10_cnn round=17 (checkpoint deleted)
2026-08-05 16:39:00 EVALUATED cifar-full-in-replace__non-iid__metric-privacy__fedavg__clients-3__seed-42__nm0p01875__clip5__rounds-20__epochs-5__cifar_chunks__cifar10_cnn round=18 (checkpoint deleted)
2026-08-05 16:39:08 EVALUATED cifar-full-in-replace__non-iid__metric-privacy__fedavg__clients-3__seed-42__nm0p01875__clip5__rounds-20__epochs-5__cifar_chunks__cifar10_cnn round=19 (checkpoint deleted)
2026-08-05 16:39:15 EVALUATED cifar-full-in-replace__non-iid__metric-privacy__fedavg__clients-3__seed-42__nm0p01875__clip5__rounds-20__epochs-5__cifar_chunks__cifar10_cnn round=20 (checkpoint deleted)
2026-08-05 16:39:15 PROGRESS 2/2 (0 failed so far)
2026-08-05 16:39:15 Sweep finished: 2/2 attempted, 0 failed
