2026-08-21 18:38:02 CIFAR-10 stage (global-dp, non-iid, seed=42, noise_ratio=0.0025): 2 trajectories
2026-08-21 18:38:02 START cifar10-in-remove__non-iid__global-dp__fedavg__clients-100__seed-42__nm0p25__clip5__rounds-20__epochs-5__cifar10_remove__cifar10_cnn 
2026-08-21 18:44:41 DONE  cifar10-in-remove__non-iid__global-dp__fedavg__clients-100__seed-42__nm0p25__clip5__rounds-20__epochs-5__cifar10_remove__cifar10_cnn (399.2s)
2026-08-21 18:44:44 EVALUATED cifar10-in-remove__non-iid__global-dp__fedavg__clients-100__seed-42__nm0p25__clip5__rounds-20__epochs-5__cifar10_remove__cifar10_cnn round=1 (checkpoint deleted)
2026-08-21 18:44:47 EVALUATED cifar10-in-remove__non-iid__global-dp__fedavg__clients-100__seed-42__nm0p25__clip5__rounds-20__epochs-5__cifar10_remove__cifar10_cnn round=2 (checkpoint deleted)
2026-08-21 18:44:50 EVALUATED cifar10-in-remove__non-iid__global-dp__fedavg__clients-100__seed-42__nm0p25__clip5__rounds-20__epochs-5__cifar10_remove__cifar10_cnn round=3 (checkpoint deleted)
2026-08-21 18:44:53 EVALUATED cifar10-in-remove__non-iid__global-dp__fedavg__clients-100__seed-42__nm0p25__clip5__rounds-20__epochs-5__cifar10_remove__cifar10_cnn round=4 (checkpoint deleted)
2026-08-21 18:44:56 EVALUATED cifar10-in-remove__non-iid__global-dp__fedavg__clients-100__seed-42__nm0p25__clip5__rounds-20__epochs-5__cifar10_remove__cifar10_cnn round=5 (checkpoint deleted)
2026-08-21 18:44:59 EVALUATED cifar10-in-remove__non-iid__global-dp__fedavg__clients-100__seed-42__nm0p25__clip5__rounds-20__epochs-5__cifar10_remove__cifar10_cnn round=6 (checkpoint deleted)
2026-08-21 18:45:02 EVALUATED cifar10-in-remove__non-iid__global-dp__fedavg__clients-100__seed-42__nm0p25__clip5__rounds-20__epochs-5__cifar10_remove__cifar10_cnn round=7 (checkpoint deleted)
2026-08-21 18:45:05 EVALUATED cifar10-in-remove__non-iid__global-dp__fedavg__clients-100__seed-42__nm0p25__clip5__rounds-20__epochs-5__cifar10_remove__cifar10_cnn round=8 (checkpoint deleted)
2026-08-21 18:45:08 EVALUATED cifar10-in-remove__non-iid__global-dp__fedavg__clients-100__seed-42__nm0p25__clip5__rounds-20__epochs-5__cifar10_remove__cifar10_cnn round=9 (checkpoint deleted)
2026-08-21 18:45:11 EVALUATED cifar10-in-remove__non-iid__global-dp__fedavg__clients-100__seed-42__nm0p25__clip5__rounds-20__epochs-5__cifar10_remove__cifar10_cnn round=10 (checkpoint deleted)
2026-08-21 18:45:14 EVALUATED cifar10-in-remove__non-iid__global-dp__fedavg__clients-100__seed-42__nm0p25__clip5__rounds-20__epochs-5__cifar10_remove__cifar10_cnn round=11 (checkpoint deleted)
2026-08-21 18:45:17 EVALUATED cifar10-in-remove__non-iid__global-dp__fedavg__clients-100__seed-42__nm0p25__clip5__rounds-20__epochs-5__cifar10_remove__cifar10_cnn round=12 (checkpoint deleted)
2026-08-21 18:45:20 EVALUATED cifar10-in-remove__non-iid__global-dp__fedavg__clients-100__seed-42__nm0p25__clip5__rounds-20__epochs-5__cifar10_remove__cifar10_cnn round=13 (checkpoint deleted)
2026-08-21 18:45:23 EVALUATED cifar10-in-remove__non-iid__global-dp__fedavg__clients-100__seed-42__nm0p25__clip5__rounds-20__epochs-5__cifar10_remove__cifar10_cnn round=14 (checkpoint deleted)
2026-08-21 18:45:26 EVALUATED cifar10-in-remove__non-iid__global-dp__fedavg__clients-100__seed-42__nm0p25__clip5__rounds-20__epochs-5__cifar10_remove__cifar10_cnn round=15 (checkpoint deleted)
2026-08-21 18:45:29 EVALUATED cifar10-in-remove__non-iid__global-dp__fedavg__clients-100__seed-42__nm0p25__clip5__rounds-20__epochs-5__cifar10_remove__cifar10_cnn round=16 (checkpoint deleted)
2026-08-21 18:45:32 EVALUATED cifar10-in-remove__non-iid__global-dp__fedavg__clients-100__seed-42__nm0p25__clip5__rounds-20__epochs-5__cifar10_remove__cifar10_cnn round=17 (checkpoint deleted)
2026-08-21 18:45:35 EVALUATED cifar10-in-remove__non-iid__global-dp__fedavg__clients-100__seed-42__nm0p25__clip5__rounds-20__epochs-5__cifar10_remove__cifar10_cnn round=18 (checkpoint deleted)
2026-08-21 18:45:38 EVALUATED cifar10-in-remove__non-iid__global-dp__fedavg__clients-100__seed-42__nm0p25__clip5__rounds-20__epochs-5__cifar10_remove__cifar10_cnn round=19 (checkpoint deleted)
2026-08-21 18:45:41 EVALUATED cifar10-in-remove__non-iid__global-dp__fedavg__clients-100__seed-42__nm0p25__clip5__rounds-20__epochs-5__cifar10_remove__cifar10_cnn round=20 (checkpoint deleted)
2026-08-21 18:45:41 PROGRESS 1/2 (0 failed so far)
2026-08-21 18:45:41 START cifar10-out-remove__non-iid__global-dp__fedavg__clients-99__seed-42__nm0p2475__clip5__rounds-20__epochs-5__cifar10_remove__cifar10_cnn 
2026-08-21 18:52:22 DONE  cifar10-out-remove__non-iid__global-dp__fedavg__clients-99__seed-42__nm0p2475__clip5__rounds-20__epochs-5__cifar10_remove__cifar10_cnn (400.5s)
2026-08-21 18:52:24 EVALUATED cifar10-out-remove__non-iid__global-dp__fedavg__clients-99__seed-42__nm0p2475__clip5__rounds-20__epochs-5__cifar10_remove__cifar10_cnn round=1 (checkpoint deleted)
2026-08-21 18:52:27 EVALUATED cifar10-out-remove__non-iid__global-dp__fedavg__clients-99__seed-42__nm0p2475__clip5__rounds-20__epochs-5__cifar10_remove__cifar10_cnn round=2 (checkpoint deleted)
2026-08-21 18:52:30 EVALUATED cifar10-out-remove__non-iid__global-dp__fedavg__clients-99__seed-42__nm0p2475__clip5__rounds-20__epochs-5__cifar10_remove__cifar10_cnn round=3 (checkpoint deleted)
2026-08-21 18:52:33 EVALUATED cifar10-out-remove__non-iid__global-dp__fedavg__clients-99__seed-42__nm0p2475__clip5__rounds-20__epochs-5__cifar10_remove__cifar10_cnn round=4 (checkpoint deleted)
2026-08-21 18:52:36 EVALUATED cifar10-out-remove__non-iid__global-dp__fedavg__clients-99__seed-42__nm0p2475__clip5__rounds-20__epochs-5__cifar10_remove__cifar10_cnn round=5 (checkpoint deleted)
2026-08-21 18:52:39 EVALUATED cifar10-out-remove__non-iid__global-dp__fedavg__clients-99__seed-42__nm0p2475__clip5__rounds-20__epochs-5__cifar10_remove__cifar10_cnn round=6 (checkpoint deleted)
2026-08-21 18:52:42 EVALUATED cifar10-out-remove__non-iid__global-dp__fedavg__clients-99__seed-42__nm0p2475__clip5__rounds-20__epochs-5__cifar10_remove__cifar10_cnn round=7 (checkpoint deleted)
2026-08-21 18:52:45 EVALUATED cifar10-out-remove__non-iid__global-dp__fedavg__clients-99__seed-42__nm0p2475__clip5__rounds-20__epochs-5__cifar10_remove__cifar10_cnn round=8 (checkpoint deleted)
2026-08-21 18:52:48 EVALUATED cifar10-out-remove__non-iid__global-dp__fedavg__clients-99__seed-42__nm0p2475__clip5__rounds-20__epochs-5__cifar10_remove__cifar10_cnn round=9 (checkpoint deleted)
2026-08-21 18:52:51 EVALUATED cifar10-out-remove__non-iid__global-dp__fedavg__clients-99__seed-42__nm0p2475__clip5__rounds-20__epochs-5__cifar10_remove__cifar10_cnn round=10 (checkpoint deleted)
2026-08-21 18:52:54 EVALUATED cifar10-out-remove__non-iid__global-dp__fedavg__clients-99__seed-42__nm0p2475__clip5__rounds-20__epochs-5__cifar10_remove__cifar10_cnn round=11 (checkpoint deleted)
2026-08-21 18:52:57 EVALUATED cifar10-out-remove__non-iid__global-dp__fedavg__clients-99__seed-42__nm0p2475__clip5__rounds-20__epochs-5__cifar10_remove__cifar10_cnn round=12 (checkpoint deleted)
2026-08-21 18:53:00 EVALUATED cifar10-out-remove__non-iid__global-dp__fedavg__clients-99__seed-42__nm0p2475__clip5__rounds-20__epochs-5__cifar10_remove__cifar10_cnn round=13 (checkpoint deleted)
2026-08-21 18:53:03 EVALUATED cifar10-out-remove__non-iid__global-dp__fedavg__clients-99__seed-42__nm0p2475__clip5__rounds-20__epochs-5__cifar10_remove__cifar10_cnn round=14 (checkpoint deleted)
2026-08-21 18:53:06 EVALUATED cifar10-out-remove__non-iid__global-dp__fedavg__clients-99__seed-42__nm0p2475__clip5__rounds-20__epochs-5__cifar10_remove__cifar10_cnn round=15 (checkpoint deleted)
2026-08-21 18:53:09 EVALUATED cifar10-out-remove__non-iid__global-dp__fedavg__clients-99__seed-42__nm0p2475__clip5__rounds-20__epochs-5__cifar10_remove__cifar10_cnn round=16 (checkpoint deleted)
2026-08-21 18:53:12 EVALUATED cifar10-out-remove__non-iid__global-dp__fedavg__clients-99__seed-42__nm0p2475__clip5__rounds-20__epochs-5__cifar10_remove__cifar10_cnn round=17 (checkpoint deleted)
2026-08-21 18:53:15 EVALUATED cifar10-out-remove__non-iid__global-dp__fedavg__clients-99__seed-42__nm0p2475__clip5__rounds-20__epochs-5__cifar10_remove__cifar10_cnn round=18 (checkpoint deleted)
2026-08-21 18:53:18 EVALUATED cifar10-out-remove__non-iid__global-dp__fedavg__clients-99__seed-42__nm0p2475__clip5__rounds-20__epochs-5__cifar10_remove__cifar10_cnn round=19 (checkpoint deleted)
2026-08-21 18:53:21 EVALUATED cifar10-out-remove__non-iid__global-dp__fedavg__clients-99__seed-42__nm0p2475__clip5__rounds-20__epochs-5__cifar10_remove__cifar10_cnn round=20 (checkpoint deleted)
2026-08-21 18:53:21 PROGRESS 2/2 (0 failed so far)
2026-08-21 18:53:21 Sweep finished: 2/2 attempted, 0 failed
