2026-08-11 19:27:24 CIFAR-10 removal CIA chunk (global-dp, clients=16): 1 trajectories
2026-08-11 19:27:24 START cifar10-out-remove__non-iid__global-dp__fedavg__clients-15__seed-42__nm0p0182__clip5__rounds-20__epochs-5__cifar10_remove__cifar10_cnn 
2026-08-11 19:38:27 DONE  cifar10-out-remove__non-iid__global-dp__fedavg__clients-15__seed-42__nm0p0182__clip5__rounds-20__epochs-5__cifar10_remove__cifar10_cnn (663.6s)
2026-08-11 19:38:36 EVALUATED cifar10-out-remove__non-iid__global-dp__fedavg__clients-15__seed-42__nm0p0182__clip5__rounds-20__epochs-5__cifar10_remove__cifar10_cnn round=1 (checkpoint deleted)
2026-08-11 19:38:42 EVALUATED cifar10-out-remove__non-iid__global-dp__fedavg__clients-15__seed-42__nm0p0182__clip5__rounds-20__epochs-5__cifar10_remove__cifar10_cnn round=2 (checkpoint deleted)
2026-08-11 19:38:48 EVALUATED cifar10-out-remove__non-iid__global-dp__fedavg__clients-15__seed-42__nm0p0182__clip5__rounds-20__epochs-5__cifar10_remove__cifar10_cnn round=3 (checkpoint deleted)
2026-08-11 19:38:54 EVALUATED cifar10-out-remove__non-iid__global-dp__fedavg__clients-15__seed-42__nm0p0182__clip5__rounds-20__epochs-5__cifar10_remove__cifar10_cnn round=4 (checkpoint deleted)
2026-08-11 19:38:59 EVALUATED cifar10-out-remove__non-iid__global-dp__fedavg__clients-15__seed-42__nm0p0182__clip5__rounds-20__epochs-5__cifar10_remove__cifar10_cnn round=5 (checkpoint deleted)
2026-08-11 19:39:05 EVALUATED cifar10-out-remove__non-iid__global-dp__fedavg__clients-15__seed-42__nm0p0182__clip5__rounds-20__epochs-5__cifar10_remove__cifar10_cnn round=6 (checkpoint deleted)
2026-08-11 19:39:11 EVALUATED cifar10-out-remove__non-iid__global-dp__fedavg__clients-15__seed-42__nm0p0182__clip5__rounds-20__epochs-5__cifar10_remove__cifar10_cnn round=7 (checkpoint deleted)
2026-08-11 19:39:16 EVALUATED cifar10-out-remove__non-iid__global-dp__fedavg__clients-15__seed-42__nm0p0182__clip5__rounds-20__epochs-5__cifar10_remove__cifar10_cnn round=8 (checkpoint deleted)
2026-08-11 19:39:22 EVALUATED cifar10-out-remove__non-iid__global-dp__fedavg__clients-15__seed-42__nm0p0182__clip5__rounds-20__epochs-5__cifar10_remove__cifar10_cnn round=9 (checkpoint deleted)
2026-08-11 19:39:28 EVALUATED cifar10-out-remove__non-iid__global-dp__fedavg__clients-15__seed-42__nm0p0182__clip5__rounds-20__epochs-5__cifar10_remove__cifar10_cnn round=10 (checkpoint deleted)
2026-08-11 19:39:33 EVALUATED cifar10-out-remove__non-iid__global-dp__fedavg__clients-15__seed-42__nm0p0182__clip5__rounds-20__epochs-5__cifar10_remove__cifar10_cnn round=11 (checkpoint deleted)
2026-08-11 19:39:39 EVALUATED cifar10-out-remove__non-iid__global-dp__fedavg__clients-15__seed-42__nm0p0182__clip5__rounds-20__epochs-5__cifar10_remove__cifar10_cnn round=12 (checkpoint deleted)
2026-08-11 19:39:45 EVALUATED cifar10-out-remove__non-iid__global-dp__fedavg__clients-15__seed-42__nm0p0182__clip5__rounds-20__epochs-5__cifar10_remove__cifar10_cnn round=13 (checkpoint deleted)
2026-08-11 19:39:50 EVALUATED cifar10-out-remove__non-iid__global-dp__fedavg__clients-15__seed-42__nm0p0182__clip5__rounds-20__epochs-5__cifar10_remove__cifar10_cnn round=14 (checkpoint deleted)
2026-08-11 19:39:56 EVALUATED cifar10-out-remove__non-iid__global-dp__fedavg__clients-15__seed-42__nm0p0182__clip5__rounds-20__epochs-5__cifar10_remove__cifar10_cnn round=15 (checkpoint deleted)
2026-08-11 19:40:02 EVALUATED cifar10-out-remove__non-iid__global-dp__fedavg__clients-15__seed-42__nm0p0182__clip5__rounds-20__epochs-5__cifar10_remove__cifar10_cnn round=16 (checkpoint deleted)
2026-08-11 19:40:07 EVALUATED cifar10-out-remove__non-iid__global-dp__fedavg__clients-15__seed-42__nm0p0182__clip5__rounds-20__epochs-5__cifar10_remove__cifar10_cnn round=17 (checkpoint deleted)
2026-08-11 19:40:13 EVALUATED cifar10-out-remove__non-iid__global-dp__fedavg__clients-15__seed-42__nm0p0182__clip5__rounds-20__epochs-5__cifar10_remove__cifar10_cnn round=18 (checkpoint deleted)
2026-08-11 19:40:19 EVALUATED cifar10-out-remove__non-iid__global-dp__fedavg__clients-15__seed-42__nm0p0182__clip5__rounds-20__epochs-5__cifar10_remove__cifar10_cnn round=19 (checkpoint deleted)
2026-08-11 19:40:25 EVALUATED cifar10-out-remove__non-iid__global-dp__fedavg__clients-15__seed-42__nm0p0182__clip5__rounds-20__epochs-5__cifar10_remove__cifar10_cnn round=20 (checkpoint deleted)
2026-08-11 19:40:25 PROGRESS 1/1 (0 failed so far)
2026-08-11 19:40:25 Sweep finished: 1/1 attempted, 0 failed
