2026-08-05 23:01:27 Starting full chunk: 1 trajectories
2026-08-05 23:01:27 START cifar-full-out-replace__non-iid__vanilla__fedavg__clients-16__seed-43__nm0p01__clip5__rounds-20__epochs-5__cifar_chunks__cifar10_cnn 
2026-08-05 23:07:02 DONE  cifar-full-out-replace__non-iid__vanilla__fedavg__clients-16__seed-43__nm0p01__clip5__rounds-20__epochs-5__cifar_chunks__cifar10_cnn (335.0s)
2026-08-05 23:07:09 EVALUATED cifar-full-out-replace__non-iid__vanilla__fedavg__clients-16__seed-43__nm0p01__clip5__rounds-20__epochs-5__cifar_chunks__cifar10_cnn round=1 (checkpoint deleted)
2026-08-05 23:07:13 EVALUATED cifar-full-out-replace__non-iid__vanilla__fedavg__clients-16__seed-43__nm0p01__clip5__rounds-20__epochs-5__cifar_chunks__cifar10_cnn round=2 (checkpoint deleted)
2026-08-05 23:07:17 EVALUATED cifar-full-out-replace__non-iid__vanilla__fedavg__clients-16__seed-43__nm0p01__clip5__rounds-20__epochs-5__cifar_chunks__cifar10_cnn round=3 (checkpoint deleted)
2026-08-05 23:07:22 EVALUATED cifar-full-out-replace__non-iid__vanilla__fedavg__clients-16__seed-43__nm0p01__clip5__rounds-20__epochs-5__cifar_chunks__cifar10_cnn round=4 (checkpoint deleted)
2026-08-05 23:07:26 EVALUATED cifar-full-out-replace__non-iid__vanilla__fedavg__clients-16__seed-43__nm0p01__clip5__rounds-20__epochs-5__cifar_chunks__cifar10_cnn round=5 (checkpoint deleted)
2026-08-05 23:07:30 EVALUATED cifar-full-out-replace__non-iid__vanilla__fedavg__clients-16__seed-43__nm0p01__clip5__rounds-20__epochs-5__cifar_chunks__cifar10_cnn round=6 (checkpoint deleted)
2026-08-05 23:07:34 EVALUATED cifar-full-out-replace__non-iid__vanilla__fedavg__clients-16__seed-43__nm0p01__clip5__rounds-20__epochs-5__cifar_chunks__cifar10_cnn round=7 (checkpoint deleted)
2026-08-05 23:07:39 EVALUATED cifar-full-out-replace__non-iid__vanilla__fedavg__clients-16__seed-43__nm0p01__clip5__rounds-20__epochs-5__cifar_chunks__cifar10_cnn round=8 (checkpoint deleted)
2026-08-05 23:07:43 EVALUATED cifar-full-out-replace__non-iid__vanilla__fedavg__clients-16__seed-43__nm0p01__clip5__rounds-20__epochs-5__cifar_chunks__cifar10_cnn round=9 (checkpoint deleted)
2026-08-05 23:07:47 EVALUATED cifar-full-out-replace__non-iid__vanilla__fedavg__clients-16__seed-43__nm0p01__clip5__rounds-20__epochs-5__cifar_chunks__cifar10_cnn round=10 (checkpoint deleted)
2026-08-05 23:07:51 EVALUATED cifar-full-out-replace__non-iid__vanilla__fedavg__clients-16__seed-43__nm0p01__clip5__rounds-20__epochs-5__cifar_chunks__cifar10_cnn round=11 (checkpoint deleted)
2026-08-05 23:07:56 EVALUATED cifar-full-out-replace__non-iid__vanilla__fedavg__clients-16__seed-43__nm0p01__clip5__rounds-20__epochs-5__cifar_chunks__cifar10_cnn round=12 (checkpoint deleted)
2026-08-05 23:08:00 EVALUATED cifar-full-out-replace__non-iid__vanilla__fedavg__clients-16__seed-43__nm0p01__clip5__rounds-20__epochs-5__cifar_chunks__cifar10_cnn round=13 (checkpoint deleted)
2026-08-05 23:08:04 EVALUATED cifar-full-out-replace__non-iid__vanilla__fedavg__clients-16__seed-43__nm0p01__clip5__rounds-20__epochs-5__cifar_chunks__cifar10_cnn round=14 (checkpoint deleted)
2026-08-05 23:08:08 EVALUATED cifar-full-out-replace__non-iid__vanilla__fedavg__clients-16__seed-43__nm0p01__clip5__rounds-20__epochs-5__cifar_chunks__cifar10_cnn round=15 (checkpoint deleted)
2026-08-05 23:08:12 EVALUATED cifar-full-out-replace__non-iid__vanilla__fedavg__clients-16__seed-43__nm0p01__clip5__rounds-20__epochs-5__cifar_chunks__cifar10_cnn round=16 (checkpoint deleted)
2026-08-05 23:08:17 EVALUATED cifar-full-out-replace__non-iid__vanilla__fedavg__clients-16__seed-43__nm0p01__clip5__rounds-20__epochs-5__cifar_chunks__cifar10_cnn round=17 (checkpoint deleted)
2026-08-05 23:08:21 EVALUATED cifar-full-out-replace__non-iid__vanilla__fedavg__clients-16__seed-43__nm0p01__clip5__rounds-20__epochs-5__cifar_chunks__cifar10_cnn round=18 (checkpoint deleted)
2026-08-05 23:08:25 EVALUATED cifar-full-out-replace__non-iid__vanilla__fedavg__clients-16__seed-43__nm0p01__clip5__rounds-20__epochs-5__cifar_chunks__cifar10_cnn round=19 (checkpoint deleted)
2026-08-05 23:08:29 EVALUATED cifar-full-out-replace__non-iid__vanilla__fedavg__clients-16__seed-43__nm0p01__clip5__rounds-20__epochs-5__cifar_chunks__cifar10_cnn round=20 (checkpoint deleted)
2026-08-05 23:08:29 PROGRESS 1/1 (0 failed so far)
2026-08-05 23:08:29 Sweep finished: 1/1 attempted, 0 failed
