2026-08-05 17:32:01 Starting full chunk: 1 trajectories
2026-08-05 17:32:01 START cifar-full-out-replace__non-iid__vanilla__fedavg__clients-8__seed-44__nm0p01__clip5__rounds-20__epochs-5__cifar_chunks__cifar10_cnn 
2026-08-05 17:36:35 DONE  cifar-full-out-replace__non-iid__vanilla__fedavg__clients-8__seed-44__nm0p01__clip5__rounds-20__epochs-5__cifar_chunks__cifar10_cnn (273.9s)
2026-08-05 17:36:43 EVALUATED cifar-full-out-replace__non-iid__vanilla__fedavg__clients-8__seed-44__nm0p01__clip5__rounds-20__epochs-5__cifar_chunks__cifar10_cnn round=1 (checkpoint deleted)
2026-08-05 17:36:47 EVALUATED cifar-full-out-replace__non-iid__vanilla__fedavg__clients-8__seed-44__nm0p01__clip5__rounds-20__epochs-5__cifar_chunks__cifar10_cnn round=2 (checkpoint deleted)
2026-08-05 17:36:52 EVALUATED cifar-full-out-replace__non-iid__vanilla__fedavg__clients-8__seed-44__nm0p01__clip5__rounds-20__epochs-5__cifar_chunks__cifar10_cnn round=3 (checkpoint deleted)
2026-08-05 17:36:56 EVALUATED cifar-full-out-replace__non-iid__vanilla__fedavg__clients-8__seed-44__nm0p01__clip5__rounds-20__epochs-5__cifar_chunks__cifar10_cnn round=4 (checkpoint deleted)
2026-08-05 17:37:01 EVALUATED cifar-full-out-replace__non-iid__vanilla__fedavg__clients-8__seed-44__nm0p01__clip5__rounds-20__epochs-5__cifar_chunks__cifar10_cnn round=5 (checkpoint deleted)
2026-08-05 17:37:05 EVALUATED cifar-full-out-replace__non-iid__vanilla__fedavg__clients-8__seed-44__nm0p01__clip5__rounds-20__epochs-5__cifar_chunks__cifar10_cnn round=6 (checkpoint deleted)
2026-08-05 17:37:10 EVALUATED cifar-full-out-replace__non-iid__vanilla__fedavg__clients-8__seed-44__nm0p01__clip5__rounds-20__epochs-5__cifar_chunks__cifar10_cnn round=7 (checkpoint deleted)
2026-08-05 17:37:15 EVALUATED cifar-full-out-replace__non-iid__vanilla__fedavg__clients-8__seed-44__nm0p01__clip5__rounds-20__epochs-5__cifar_chunks__cifar10_cnn round=8 (checkpoint deleted)
2026-08-05 17:37:19 EVALUATED cifar-full-out-replace__non-iid__vanilla__fedavg__clients-8__seed-44__nm0p01__clip5__rounds-20__epochs-5__cifar_chunks__cifar10_cnn round=9 (checkpoint deleted)
2026-08-05 17:37:24 EVALUATED cifar-full-out-replace__non-iid__vanilla__fedavg__clients-8__seed-44__nm0p01__clip5__rounds-20__epochs-5__cifar_chunks__cifar10_cnn round=10 (checkpoint deleted)
2026-08-05 17:37:28 EVALUATED cifar-full-out-replace__non-iid__vanilla__fedavg__clients-8__seed-44__nm0p01__clip5__rounds-20__epochs-5__cifar_chunks__cifar10_cnn round=11 (checkpoint deleted)
2026-08-05 17:37:33 EVALUATED cifar-full-out-replace__non-iid__vanilla__fedavg__clients-8__seed-44__nm0p01__clip5__rounds-20__epochs-5__cifar_chunks__cifar10_cnn round=12 (checkpoint deleted)
2026-08-05 17:37:37 EVALUATED cifar-full-out-replace__non-iid__vanilla__fedavg__clients-8__seed-44__nm0p01__clip5__rounds-20__epochs-5__cifar_chunks__cifar10_cnn round=13 (checkpoint deleted)
2026-08-05 17:37:42 EVALUATED cifar-full-out-replace__non-iid__vanilla__fedavg__clients-8__seed-44__nm0p01__clip5__rounds-20__epochs-5__cifar_chunks__cifar10_cnn round=14 (checkpoint deleted)
2026-08-05 17:37:46 EVALUATED cifar-full-out-replace__non-iid__vanilla__fedavg__clients-8__seed-44__nm0p01__clip5__rounds-20__epochs-5__cifar_chunks__cifar10_cnn round=15 (checkpoint deleted)
2026-08-05 17:37:51 EVALUATED cifar-full-out-replace__non-iid__vanilla__fedavg__clients-8__seed-44__nm0p01__clip5__rounds-20__epochs-5__cifar_chunks__cifar10_cnn round=16 (checkpoint deleted)
2026-08-05 17:37:55 EVALUATED cifar-full-out-replace__non-iid__vanilla__fedavg__clients-8__seed-44__nm0p01__clip5__rounds-20__epochs-5__cifar_chunks__cifar10_cnn round=17 (checkpoint deleted)
2026-08-05 17:38:00 EVALUATED cifar-full-out-replace__non-iid__vanilla__fedavg__clients-8__seed-44__nm0p01__clip5__rounds-20__epochs-5__cifar_chunks__cifar10_cnn round=18 (checkpoint deleted)
2026-08-05 17:38:04 EVALUATED cifar-full-out-replace__non-iid__vanilla__fedavg__clients-8__seed-44__nm0p01__clip5__rounds-20__epochs-5__cifar_chunks__cifar10_cnn round=19 (checkpoint deleted)
2026-08-05 17:38:09 EVALUATED cifar-full-out-replace__non-iid__vanilla__fedavg__clients-8__seed-44__nm0p01__clip5__rounds-20__epochs-5__cifar_chunks__cifar10_cnn round=20 (checkpoint deleted)
2026-08-05 17:38:09 PROGRESS 1/1 (0 failed so far)
2026-08-05 17:38:09 Sweep finished: 1/1 attempted, 0 failed
