2026-08-11 13:52:27 CIFAR-10 removal CIA chunk (global-dp, clients=8): 1 trajectories
2026-08-11 13:52:27 START cifar10-in-remove__non-iid__global-dp__fedavg__clients-8__seed-42__nm0p0182__clip5__rounds-20__epochs-5__cifar10_remove__cifar10_cnn 
2026-08-11 14:03:54 DONE  cifar10-in-remove__non-iid__global-dp__fedavg__clients-8__seed-42__nm0p0182__clip5__rounds-20__epochs-5__cifar10_remove__cifar10_cnn (686.7s)
2026-08-11 14:04:04 EVALUATED cifar10-in-remove__non-iid__global-dp__fedavg__clients-8__seed-42__nm0p0182__clip5__rounds-20__epochs-5__cifar10_remove__cifar10_cnn round=1 (checkpoint deleted)
2026-08-11 14:04:12 EVALUATED cifar10-in-remove__non-iid__global-dp__fedavg__clients-8__seed-42__nm0p0182__clip5__rounds-20__epochs-5__cifar10_remove__cifar10_cnn round=2 (checkpoint deleted)
2026-08-11 14:04:19 EVALUATED cifar10-in-remove__non-iid__global-dp__fedavg__clients-8__seed-42__nm0p0182__clip5__rounds-20__epochs-5__cifar10_remove__cifar10_cnn round=3 (checkpoint deleted)
2026-08-11 14:04:26 EVALUATED cifar10-in-remove__non-iid__global-dp__fedavg__clients-8__seed-42__nm0p0182__clip5__rounds-20__epochs-5__cifar10_remove__cifar10_cnn round=4 (checkpoint deleted)
2026-08-11 14:04:34 EVALUATED cifar10-in-remove__non-iid__global-dp__fedavg__clients-8__seed-42__nm0p0182__clip5__rounds-20__epochs-5__cifar10_remove__cifar10_cnn round=5 (checkpoint deleted)
2026-08-11 14:04:41 EVALUATED cifar10-in-remove__non-iid__global-dp__fedavg__clients-8__seed-42__nm0p0182__clip5__rounds-20__epochs-5__cifar10_remove__cifar10_cnn round=6 (checkpoint deleted)
2026-08-11 14:04:48 EVALUATED cifar10-in-remove__non-iid__global-dp__fedavg__clients-8__seed-42__nm0p0182__clip5__rounds-20__epochs-5__cifar10_remove__cifar10_cnn round=7 (checkpoint deleted)
2026-08-11 14:04:55 EVALUATED cifar10-in-remove__non-iid__global-dp__fedavg__clients-8__seed-42__nm0p0182__clip5__rounds-20__epochs-5__cifar10_remove__cifar10_cnn round=8 (checkpoint deleted)
2026-08-11 14:05:03 EVALUATED cifar10-in-remove__non-iid__global-dp__fedavg__clients-8__seed-42__nm0p0182__clip5__rounds-20__epochs-5__cifar10_remove__cifar10_cnn round=9 (checkpoint deleted)
2026-08-11 14:05:10 EVALUATED cifar10-in-remove__non-iid__global-dp__fedavg__clients-8__seed-42__nm0p0182__clip5__rounds-20__epochs-5__cifar10_remove__cifar10_cnn round=10 (checkpoint deleted)
2026-08-11 14:05:17 EVALUATED cifar10-in-remove__non-iid__global-dp__fedavg__clients-8__seed-42__nm0p0182__clip5__rounds-20__epochs-5__cifar10_remove__cifar10_cnn round=11 (checkpoint deleted)
2026-08-11 14:05:24 EVALUATED cifar10-in-remove__non-iid__global-dp__fedavg__clients-8__seed-42__nm0p0182__clip5__rounds-20__epochs-5__cifar10_remove__cifar10_cnn round=12 (checkpoint deleted)
2026-08-11 14:05:32 EVALUATED cifar10-in-remove__non-iid__global-dp__fedavg__clients-8__seed-42__nm0p0182__clip5__rounds-20__epochs-5__cifar10_remove__cifar10_cnn round=13 (checkpoint deleted)
2026-08-11 14:05:39 EVALUATED cifar10-in-remove__non-iid__global-dp__fedavg__clients-8__seed-42__nm0p0182__clip5__rounds-20__epochs-5__cifar10_remove__cifar10_cnn round=14 (checkpoint deleted)
2026-08-11 14:05:46 EVALUATED cifar10-in-remove__non-iid__global-dp__fedavg__clients-8__seed-42__nm0p0182__clip5__rounds-20__epochs-5__cifar10_remove__cifar10_cnn round=15 (checkpoint deleted)
2026-08-11 14:05:53 EVALUATED cifar10-in-remove__non-iid__global-dp__fedavg__clients-8__seed-42__nm0p0182__clip5__rounds-20__epochs-5__cifar10_remove__cifar10_cnn round=16 (checkpoint deleted)
2026-08-11 14:06:01 EVALUATED cifar10-in-remove__non-iid__global-dp__fedavg__clients-8__seed-42__nm0p0182__clip5__rounds-20__epochs-5__cifar10_remove__cifar10_cnn round=17 (checkpoint deleted)
2026-08-11 14:06:08 EVALUATED cifar10-in-remove__non-iid__global-dp__fedavg__clients-8__seed-42__nm0p0182__clip5__rounds-20__epochs-5__cifar10_remove__cifar10_cnn round=18 (checkpoint deleted)
2026-08-11 14:06:15 EVALUATED cifar10-in-remove__non-iid__global-dp__fedavg__clients-8__seed-42__nm0p0182__clip5__rounds-20__epochs-5__cifar10_remove__cifar10_cnn round=19 (checkpoint deleted)
2026-08-11 14:06:22 EVALUATED cifar10-in-remove__non-iid__global-dp__fedavg__clients-8__seed-42__nm0p0182__clip5__rounds-20__epochs-5__cifar10_remove__cifar10_cnn round=20 (checkpoint deleted)
2026-08-11 14:06:22 PROGRESS 1/1 (0 failed so far)
2026-08-11 14:06:22 Sweep finished: 1/1 attempted, 0 failed
