2026-08-11 20:24:40 CIFAR-10 removal CIA chunk (vanilla, clients=48): 1 trajectories
2026-08-11 20:24:40 START cifar10-out-remove__non-iid__vanilla__fedavg__clients-47__seed-42__nm0p0182__clip5__rounds-20__epochs-5__cifar10_remove__cifar10_cnn 
2026-08-11 20:37:30 DONE  cifar10-out-remove__non-iid__vanilla__fedavg__clients-47__seed-42__nm0p0182__clip5__rounds-20__epochs-5__cifar10_remove__cifar10_cnn (770.7s)
2026-08-11 20:37:41 EVALUATED cifar10-out-remove__non-iid__vanilla__fedavg__clients-47__seed-42__nm0p0182__clip5__rounds-20__epochs-5__cifar10_remove__cifar10_cnn round=1 (checkpoint deleted)
2026-08-11 20:37:46 EVALUATED cifar10-out-remove__non-iid__vanilla__fedavg__clients-47__seed-42__nm0p0182__clip5__rounds-20__epochs-5__cifar10_remove__cifar10_cnn round=2 (checkpoint deleted)
2026-08-11 20:37:51 EVALUATED cifar10-out-remove__non-iid__vanilla__fedavg__clients-47__seed-42__nm0p0182__clip5__rounds-20__epochs-5__cifar10_remove__cifar10_cnn round=3 (checkpoint deleted)
2026-08-11 20:37:56 EVALUATED cifar10-out-remove__non-iid__vanilla__fedavg__clients-47__seed-42__nm0p0182__clip5__rounds-20__epochs-5__cifar10_remove__cifar10_cnn round=4 (checkpoint deleted)
2026-08-11 20:38:01 EVALUATED cifar10-out-remove__non-iid__vanilla__fedavg__clients-47__seed-42__nm0p0182__clip5__rounds-20__epochs-5__cifar10_remove__cifar10_cnn round=5 (checkpoint deleted)
2026-08-11 20:38:06 EVALUATED cifar10-out-remove__non-iid__vanilla__fedavg__clients-47__seed-42__nm0p0182__clip5__rounds-20__epochs-5__cifar10_remove__cifar10_cnn round=6 (checkpoint deleted)
2026-08-11 20:38:11 EVALUATED cifar10-out-remove__non-iid__vanilla__fedavg__clients-47__seed-42__nm0p0182__clip5__rounds-20__epochs-5__cifar10_remove__cifar10_cnn round=7 (checkpoint deleted)
2026-08-11 20:38:16 EVALUATED cifar10-out-remove__non-iid__vanilla__fedavg__clients-47__seed-42__nm0p0182__clip5__rounds-20__epochs-5__cifar10_remove__cifar10_cnn round=8 (checkpoint deleted)
2026-08-11 20:38:21 EVALUATED cifar10-out-remove__non-iid__vanilla__fedavg__clients-47__seed-42__nm0p0182__clip5__rounds-20__epochs-5__cifar10_remove__cifar10_cnn round=9 (checkpoint deleted)
2026-08-11 20:38:26 EVALUATED cifar10-out-remove__non-iid__vanilla__fedavg__clients-47__seed-42__nm0p0182__clip5__rounds-20__epochs-5__cifar10_remove__cifar10_cnn round=10 (checkpoint deleted)
2026-08-11 20:38:31 EVALUATED cifar10-out-remove__non-iid__vanilla__fedavg__clients-47__seed-42__nm0p0182__clip5__rounds-20__epochs-5__cifar10_remove__cifar10_cnn round=11 (checkpoint deleted)
2026-08-11 20:38:36 EVALUATED cifar10-out-remove__non-iid__vanilla__fedavg__clients-47__seed-42__nm0p0182__clip5__rounds-20__epochs-5__cifar10_remove__cifar10_cnn round=12 (checkpoint deleted)
2026-08-11 20:38:41 EVALUATED cifar10-out-remove__non-iid__vanilla__fedavg__clients-47__seed-42__nm0p0182__clip5__rounds-20__epochs-5__cifar10_remove__cifar10_cnn round=13 (checkpoint deleted)
2026-08-11 20:38:46 EVALUATED cifar10-out-remove__non-iid__vanilla__fedavg__clients-47__seed-42__nm0p0182__clip5__rounds-20__epochs-5__cifar10_remove__cifar10_cnn round=14 (checkpoint deleted)
2026-08-11 20:38:51 EVALUATED cifar10-out-remove__non-iid__vanilla__fedavg__clients-47__seed-42__nm0p0182__clip5__rounds-20__epochs-5__cifar10_remove__cifar10_cnn round=15 (checkpoint deleted)
2026-08-11 20:38:56 EVALUATED cifar10-out-remove__non-iid__vanilla__fedavg__clients-47__seed-42__nm0p0182__clip5__rounds-20__epochs-5__cifar10_remove__cifar10_cnn round=16 (checkpoint deleted)
2026-08-11 20:39:01 EVALUATED cifar10-out-remove__non-iid__vanilla__fedavg__clients-47__seed-42__nm0p0182__clip5__rounds-20__epochs-5__cifar10_remove__cifar10_cnn round=17 (checkpoint deleted)
2026-08-11 20:39:06 EVALUATED cifar10-out-remove__non-iid__vanilla__fedavg__clients-47__seed-42__nm0p0182__clip5__rounds-20__epochs-5__cifar10_remove__cifar10_cnn round=18 (checkpoint deleted)
2026-08-11 20:39:11 EVALUATED cifar10-out-remove__non-iid__vanilla__fedavg__clients-47__seed-42__nm0p0182__clip5__rounds-20__epochs-5__cifar10_remove__cifar10_cnn round=19 (checkpoint deleted)
2026-08-11 20:39:16 EVALUATED cifar10-out-remove__non-iid__vanilla__fedavg__clients-47__seed-42__nm0p0182__clip5__rounds-20__epochs-5__cifar10_remove__cifar10_cnn round=20 (checkpoint deleted)
2026-08-11 20:39:16 PROGRESS 1/1 (0 failed so far)
2026-08-11 20:39:16 Sweep finished: 1/1 attempted, 0 failed
