2026-08-05 15:17:18 Starting full chunk: 2 trajectories
2026-08-05 15:17:18 START cifar-full-out-replace__non-iid__global-dp__fedavg__clients-3__seed-44__nm0p0075__clip5__rounds-20__epochs-5__cifar_chunks__cifar10_cnn 
2026-08-05 15:22:14 DONE  cifar-full-out-replace__non-iid__global-dp__fedavg__clients-3__seed-44__nm0p0075__clip5__rounds-20__epochs-5__cifar_chunks__cifar10_cnn (295.6s)
2026-08-05 15:22:20 EVALUATED cifar-full-out-replace__non-iid__global-dp__fedavg__clients-3__seed-44__nm0p0075__clip5__rounds-20__epochs-5__cifar_chunks__cifar10_cnn round=1 (checkpoint deleted)
2026-08-05 15:22:26 EVALUATED cifar-full-out-replace__non-iid__global-dp__fedavg__clients-3__seed-44__nm0p0075__clip5__rounds-20__epochs-5__cifar_chunks__cifar10_cnn round=2 (checkpoint deleted)
2026-08-05 15:22:31 EVALUATED cifar-full-out-replace__non-iid__global-dp__fedavg__clients-3__seed-44__nm0p0075__clip5__rounds-20__epochs-5__cifar_chunks__cifar10_cnn round=3 (checkpoint deleted)
2026-08-05 15:22:37 EVALUATED cifar-full-out-replace__non-iid__global-dp__fedavg__clients-3__seed-44__nm0p0075__clip5__rounds-20__epochs-5__cifar_chunks__cifar10_cnn round=4 (checkpoint deleted)
2026-08-05 15:22:42 EVALUATED cifar-full-out-replace__non-iid__global-dp__fedavg__clients-3__seed-44__nm0p0075__clip5__rounds-20__epochs-5__cifar_chunks__cifar10_cnn round=5 (checkpoint deleted)
2026-08-05 15:22:48 EVALUATED cifar-full-out-replace__non-iid__global-dp__fedavg__clients-3__seed-44__nm0p0075__clip5__rounds-20__epochs-5__cifar_chunks__cifar10_cnn round=6 (checkpoint deleted)
2026-08-05 15:22:53 EVALUATED cifar-full-out-replace__non-iid__global-dp__fedavg__clients-3__seed-44__nm0p0075__clip5__rounds-20__epochs-5__cifar_chunks__cifar10_cnn round=7 (checkpoint deleted)
2026-08-05 15:22:59 EVALUATED cifar-full-out-replace__non-iid__global-dp__fedavg__clients-3__seed-44__nm0p0075__clip5__rounds-20__epochs-5__cifar_chunks__cifar10_cnn round=8 (checkpoint deleted)
2026-08-05 15:23:04 EVALUATED cifar-full-out-replace__non-iid__global-dp__fedavg__clients-3__seed-44__nm0p0075__clip5__rounds-20__epochs-5__cifar_chunks__cifar10_cnn round=9 (checkpoint deleted)
2026-08-05 15:23:10 EVALUATED cifar-full-out-replace__non-iid__global-dp__fedavg__clients-3__seed-44__nm0p0075__clip5__rounds-20__epochs-5__cifar_chunks__cifar10_cnn round=10 (checkpoint deleted)
2026-08-05 15:23:15 EVALUATED cifar-full-out-replace__non-iid__global-dp__fedavg__clients-3__seed-44__nm0p0075__clip5__rounds-20__epochs-5__cifar_chunks__cifar10_cnn round=11 (checkpoint deleted)
2026-08-05 15:23:21 EVALUATED cifar-full-out-replace__non-iid__global-dp__fedavg__clients-3__seed-44__nm0p0075__clip5__rounds-20__epochs-5__cifar_chunks__cifar10_cnn round=12 (checkpoint deleted)
2026-08-05 15:23:26 EVALUATED cifar-full-out-replace__non-iid__global-dp__fedavg__clients-3__seed-44__nm0p0075__clip5__rounds-20__epochs-5__cifar_chunks__cifar10_cnn round=13 (checkpoint deleted)
2026-08-05 15:23:32 EVALUATED cifar-full-out-replace__non-iid__global-dp__fedavg__clients-3__seed-44__nm0p0075__clip5__rounds-20__epochs-5__cifar_chunks__cifar10_cnn round=14 (checkpoint deleted)
2026-08-05 15:23:37 EVALUATED cifar-full-out-replace__non-iid__global-dp__fedavg__clients-3__seed-44__nm0p0075__clip5__rounds-20__epochs-5__cifar_chunks__cifar10_cnn round=15 (checkpoint deleted)
2026-08-05 15:23:43 EVALUATED cifar-full-out-replace__non-iid__global-dp__fedavg__clients-3__seed-44__nm0p0075__clip5__rounds-20__epochs-5__cifar_chunks__cifar10_cnn round=16 (checkpoint deleted)
2026-08-05 15:23:48 EVALUATED cifar-full-out-replace__non-iid__global-dp__fedavg__clients-3__seed-44__nm0p0075__clip5__rounds-20__epochs-5__cifar_chunks__cifar10_cnn round=17 (checkpoint deleted)
2026-08-05 15:23:54 EVALUATED cifar-full-out-replace__non-iid__global-dp__fedavg__clients-3__seed-44__nm0p0075__clip5__rounds-20__epochs-5__cifar_chunks__cifar10_cnn round=18 (checkpoint deleted)
2026-08-05 15:23:59 EVALUATED cifar-full-out-replace__non-iid__global-dp__fedavg__clients-3__seed-44__nm0p0075__clip5__rounds-20__epochs-5__cifar_chunks__cifar10_cnn round=19 (checkpoint deleted)
2026-08-05 15:24:05 EVALUATED cifar-full-out-replace__non-iid__global-dp__fedavg__clients-3__seed-44__nm0p0075__clip5__rounds-20__epochs-5__cifar_chunks__cifar10_cnn round=20 (checkpoint deleted)
2026-08-05 15:24:05 PROGRESS 1/2 (0 failed so far)
2026-08-05 15:24:05 START cifar-full-out-replace__non-iid__metric-privacy__fedavg__clients-3__seed-44__nm0p0075__clip5__rounds-20__epochs-5__cifar_chunks__cifar10_cnn 
2026-08-05 15:29:02 DONE  cifar-full-out-replace__non-iid__metric-privacy__fedavg__clients-3__seed-44__nm0p0075__clip5__rounds-20__epochs-5__cifar_chunks__cifar10_cnn (297.3s)
2026-08-05 15:29:08 EVALUATED cifar-full-out-replace__non-iid__metric-privacy__fedavg__clients-3__seed-44__nm0p0075__clip5__rounds-20__epochs-5__cifar_chunks__cifar10_cnn round=1 (checkpoint deleted)
2026-08-05 15:29:13 EVALUATED cifar-full-out-replace__non-iid__metric-privacy__fedavg__clients-3__seed-44__nm0p0075__clip5__rounds-20__epochs-5__cifar_chunks__cifar10_cnn round=2 (checkpoint deleted)
2026-08-05 15:29:19 EVALUATED cifar-full-out-replace__non-iid__metric-privacy__fedavg__clients-3__seed-44__nm0p0075__clip5__rounds-20__epochs-5__cifar_chunks__cifar10_cnn round=3 (checkpoint deleted)
2026-08-05 15:29:24 EVALUATED cifar-full-out-replace__non-iid__metric-privacy__fedavg__clients-3__seed-44__nm0p0075__clip5__rounds-20__epochs-5__cifar_chunks__cifar10_cnn round=4 (checkpoint deleted)
2026-08-05 15:29:30 EVALUATED cifar-full-out-replace__non-iid__metric-privacy__fedavg__clients-3__seed-44__nm0p0075__clip5__rounds-20__epochs-5__cifar_chunks__cifar10_cnn round=5 (checkpoint deleted)
2026-08-05 15:29:36 EVALUATED cifar-full-out-replace__non-iid__metric-privacy__fedavg__clients-3__seed-44__nm0p0075__clip5__rounds-20__epochs-5__cifar_chunks__cifar10_cnn round=6 (checkpoint deleted)
2026-08-05 15:29:41 EVALUATED cifar-full-out-replace__non-iid__metric-privacy__fedavg__clients-3__seed-44__nm0p0075__clip5__rounds-20__epochs-5__cifar_chunks__cifar10_cnn round=7 (checkpoint deleted)
2026-08-05 15:29:47 EVALUATED cifar-full-out-replace__non-iid__metric-privacy__fedavg__clients-3__seed-44__nm0p0075__clip5__rounds-20__epochs-5__cifar_chunks__cifar10_cnn round=8 (checkpoint deleted)
2026-08-05 15:29:52 EVALUATED cifar-full-out-replace__non-iid__metric-privacy__fedavg__clients-3__seed-44__nm0p0075__clip5__rounds-20__epochs-5__cifar_chunks__cifar10_cnn round=9 (checkpoint deleted)
2026-08-05 15:29:57 EVALUATED cifar-full-out-replace__non-iid__metric-privacy__fedavg__clients-3__seed-44__nm0p0075__clip5__rounds-20__epochs-5__cifar_chunks__cifar10_cnn round=10 (checkpoint deleted)
2026-08-05 15:30:03 EVALUATED cifar-full-out-replace__non-iid__metric-privacy__fedavg__clients-3__seed-44__nm0p0075__clip5__rounds-20__epochs-5__cifar_chunks__cifar10_cnn round=11 (checkpoint deleted)
2026-08-05 15:30:09 EVALUATED cifar-full-out-replace__non-iid__metric-privacy__fedavg__clients-3__seed-44__nm0p0075__clip5__rounds-20__epochs-5__cifar_chunks__cifar10_cnn round=12 (checkpoint deleted)
2026-08-05 15:30:14 EVALUATED cifar-full-out-replace__non-iid__metric-privacy__fedavg__clients-3__seed-44__nm0p0075__clip5__rounds-20__epochs-5__cifar_chunks__cifar10_cnn round=13 (checkpoint deleted)
2026-08-05 15:30:20 EVALUATED cifar-full-out-replace__non-iid__metric-privacy__fedavg__clients-3__seed-44__nm0p0075__clip5__rounds-20__epochs-5__cifar_chunks__cifar10_cnn round=14 (checkpoint deleted)
2026-08-05 15:30:25 EVALUATED cifar-full-out-replace__non-iid__metric-privacy__fedavg__clients-3__seed-44__nm0p0075__clip5__rounds-20__epochs-5__cifar_chunks__cifar10_cnn round=15 (checkpoint deleted)
2026-08-05 15:30:31 EVALUATED cifar-full-out-replace__non-iid__metric-privacy__fedavg__clients-3__seed-44__nm0p0075__clip5__rounds-20__epochs-5__cifar_chunks__cifar10_cnn round=16 (checkpoint deleted)
2026-08-05 15:30:36 EVALUATED cifar-full-out-replace__non-iid__metric-privacy__fedavg__clients-3__seed-44__nm0p0075__clip5__rounds-20__epochs-5__cifar_chunks__cifar10_cnn round=17 (checkpoint deleted)
2026-08-05 15:30:42 EVALUATED cifar-full-out-replace__non-iid__metric-privacy__fedavg__clients-3__seed-44__nm0p0075__clip5__rounds-20__epochs-5__cifar_chunks__cifar10_cnn round=18 (checkpoint deleted)
2026-08-05 15:30:47 EVALUATED cifar-full-out-replace__non-iid__metric-privacy__fedavg__clients-3__seed-44__nm0p0075__clip5__rounds-20__epochs-5__cifar_chunks__cifar10_cnn round=19 (checkpoint deleted)
2026-08-05 15:30:53 EVALUATED cifar-full-out-replace__non-iid__metric-privacy__fedavg__clients-3__seed-44__nm0p0075__clip5__rounds-20__epochs-5__cifar_chunks__cifar10_cnn round=20 (checkpoint deleted)
2026-08-05 15:30:53 PROGRESS 2/2 (0 failed so far)
2026-08-05 15:30:53 Sweep finished: 2/2 attempted, 0 failed
