2026-08-05 17:13:27 Starting full chunk: 1 trajectories
2026-08-05 17:13:27 START cifar-full-out-replace__non-iid__vanilla__fedavg__clients-8__seed-42__nm0p01__clip5__rounds-20__epochs-5__cifar_chunks__cifar10_cnn 
2026-08-05 17:18:00 DONE  cifar-full-out-replace__non-iid__vanilla__fedavg__clients-8__seed-42__nm0p01__clip5__rounds-20__epochs-5__cifar_chunks__cifar10_cnn (272.4s)
2026-08-05 17:18:06 EVALUATED cifar-full-out-replace__non-iid__vanilla__fedavg__clients-8__seed-42__nm0p01__clip5__rounds-20__epochs-5__cifar_chunks__cifar10_cnn round=1 (checkpoint deleted)
2026-08-05 17:18:11 EVALUATED cifar-full-out-replace__non-iid__vanilla__fedavg__clients-8__seed-42__nm0p01__clip5__rounds-20__epochs-5__cifar_chunks__cifar10_cnn round=2 (checkpoint deleted)
2026-08-05 17:18:15 EVALUATED cifar-full-out-replace__non-iid__vanilla__fedavg__clients-8__seed-42__nm0p01__clip5__rounds-20__epochs-5__cifar_chunks__cifar10_cnn round=3 (checkpoint deleted)
2026-08-05 17:18:20 EVALUATED cifar-full-out-replace__non-iid__vanilla__fedavg__clients-8__seed-42__nm0p01__clip5__rounds-20__epochs-5__cifar_chunks__cifar10_cnn round=4 (checkpoint deleted)
2026-08-05 17:18:24 EVALUATED cifar-full-out-replace__non-iid__vanilla__fedavg__clients-8__seed-42__nm0p01__clip5__rounds-20__epochs-5__cifar_chunks__cifar10_cnn round=5 (checkpoint deleted)
2026-08-05 17:18:29 EVALUATED cifar-full-out-replace__non-iid__vanilla__fedavg__clients-8__seed-42__nm0p01__clip5__rounds-20__epochs-5__cifar_chunks__cifar10_cnn round=6 (checkpoint deleted)
2026-08-05 17:18:33 EVALUATED cifar-full-out-replace__non-iid__vanilla__fedavg__clients-8__seed-42__nm0p01__clip5__rounds-20__epochs-5__cifar_chunks__cifar10_cnn round=7 (checkpoint deleted)
2026-08-05 17:18:38 EVALUATED cifar-full-out-replace__non-iid__vanilla__fedavg__clients-8__seed-42__nm0p01__clip5__rounds-20__epochs-5__cifar_chunks__cifar10_cnn round=8 (checkpoint deleted)
2026-08-05 17:18:42 EVALUATED cifar-full-out-replace__non-iid__vanilla__fedavg__clients-8__seed-42__nm0p01__clip5__rounds-20__epochs-5__cifar_chunks__cifar10_cnn round=9 (checkpoint deleted)
2026-08-05 17:18:47 EVALUATED cifar-full-out-replace__non-iid__vanilla__fedavg__clients-8__seed-42__nm0p01__clip5__rounds-20__epochs-5__cifar_chunks__cifar10_cnn round=10 (checkpoint deleted)
2026-08-05 17:18:51 EVALUATED cifar-full-out-replace__non-iid__vanilla__fedavg__clients-8__seed-42__nm0p01__clip5__rounds-20__epochs-5__cifar_chunks__cifar10_cnn round=11 (checkpoint deleted)
2026-08-05 17:18:56 EVALUATED cifar-full-out-replace__non-iid__vanilla__fedavg__clients-8__seed-42__nm0p01__clip5__rounds-20__epochs-5__cifar_chunks__cifar10_cnn round=12 (checkpoint deleted)
2026-08-05 17:19:00 EVALUATED cifar-full-out-replace__non-iid__vanilla__fedavg__clients-8__seed-42__nm0p01__clip5__rounds-20__epochs-5__cifar_chunks__cifar10_cnn round=13 (checkpoint deleted)
2026-08-05 17:19:05 EVALUATED cifar-full-out-replace__non-iid__vanilla__fedavg__clients-8__seed-42__nm0p01__clip5__rounds-20__epochs-5__cifar_chunks__cifar10_cnn round=14 (checkpoint deleted)
2026-08-05 17:19:09 EVALUATED cifar-full-out-replace__non-iid__vanilla__fedavg__clients-8__seed-42__nm0p01__clip5__rounds-20__epochs-5__cifar_chunks__cifar10_cnn round=15 (checkpoint deleted)
2026-08-05 17:19:14 EVALUATED cifar-full-out-replace__non-iid__vanilla__fedavg__clients-8__seed-42__nm0p01__clip5__rounds-20__epochs-5__cifar_chunks__cifar10_cnn round=16 (checkpoint deleted)
2026-08-05 17:19:18 EVALUATED cifar-full-out-replace__non-iid__vanilla__fedavg__clients-8__seed-42__nm0p01__clip5__rounds-20__epochs-5__cifar_chunks__cifar10_cnn round=17 (checkpoint deleted)
2026-08-05 17:19:23 EVALUATED cifar-full-out-replace__non-iid__vanilla__fedavg__clients-8__seed-42__nm0p01__clip5__rounds-20__epochs-5__cifar_chunks__cifar10_cnn round=18 (checkpoint deleted)
2026-08-05 17:19:27 EVALUATED cifar-full-out-replace__non-iid__vanilla__fedavg__clients-8__seed-42__nm0p01__clip5__rounds-20__epochs-5__cifar_chunks__cifar10_cnn round=19 (checkpoint deleted)
2026-08-05 17:19:32 EVALUATED cifar-full-out-replace__non-iid__vanilla__fedavg__clients-8__seed-42__nm0p01__clip5__rounds-20__epochs-5__cifar_chunks__cifar10_cnn round=20 (checkpoint deleted)
2026-08-05 17:19:32 PROGRESS 1/1 (0 failed so far)
2026-08-05 17:19:32 Sweep finished: 1/1 attempted, 0 failed
