2026-08-05 14:03:26 Starting full chunk: 1 trajectories
2026-08-05 14:03:26 START cifar-full-out-replace__non-iid__vanilla__fedavg__clients-3__seed-42__nm0p01__clip5__rounds-20__epochs-5__cifar_chunks__cifar10_cnn 
{
  "partition-mode": "non-iid",
  "partition-profile": "auto",
  "client-weights": "",
  "data-module": "experiments.cia.scripts.cifar_chunks:create_cifar_out_replace",
  "model-module": "experiments.reproduce.cifar10_cnn:create_model",
  "data-cache-dir": "",
  "privacy": "vanilla",
  "aggregation": "fedavg",
  "seed": 42,
  "num-server-rounds": 20,
  "num-clients": 3,
  "fraction-evaluate": 1.0,
  "local-epochs": 5,
  "learning-rate": 0.001,
  "batch-size": 32,
  "initialization-batch-size": 32,
  "initialization-epochs": 20,
  "initialization-learning-rate": 0.001,
  "max-client-samples": 0,
  "max-test-samples": 0,
  "noise-multiplier": 0.01,
  "clipping-norm": 5.0,
  "output-dir": "/content/metricdp-pytorch/results/planned_runs/cifar/full/out-replace/clients-3/seed-42/vanilla/runs",
  "run-name": "cifar-full-out-replace__non-iid__vanilla__fedavg__clients-3__seed-42__nm0p01__clip5__rounds-20__epochs-5__cifar_chunks__cifar10_cnn",
  "checkpoint-rounds": [
    1,
    2,
    3,
    4,
    5,
    6,
    7,
    8,
    9,
    10,
    11,
    12,
    13,
    14,
    15,
    16,
    17,
    18,
    19,
    20
  ]
}
2026-08-05 14:03:30.640975: I tensorflow/core/util/port.cc:153] oneDNN custom operations are on. You may see slightly different numerical results due to floating-point round-off errors from different computation orders. To turn them off, set the environment variable `TF_ENABLE_ONEDNN_OPTS=0`.
2026-08-05 14:03:30.711563: I tensorflow/core/platform/cpu_feature_guard.cc:210] This TensorFlow binary is optimized to use available CPU instructions in performance-critical operations.
To enable the following instructions: AVX2 AVX512F AVX512_VNNI FMA, in other operations, rebuild TensorFlow with the appropriate compiler flags.
[93mWARNING [0m:   DEPRECATED FEATURE: The `run_simulation` function is deprecated and will be removed in a future version of Flower. Please use `flwr run` in the CLI instead to run your simulation. Refer to the Flower Tutorials for more details: https://flower.ai/docs/framework/tutorial-quickstart-pytorch.html

            This is a deprecated feature. It will be removed
            entirely in future versions of Flower.
        
Warning: You are sending unauthenticated requests to the HF Hub. Please set a HF_TOKEN to enable higher rate limits and faster downloads.
Generating train split:   0%|          | 0/50000 [00:00<?, ? examples/s]Generating train split:  28%|██▊       | 14200/50000 [00:00<00:00, 122764.33 examples/s]Generating train split:  85%|████████▌ | 42600/50000 [00:00<00:00, 191660.20 examples/s]Generating train split: 100%|██████████| 50000/50000 [00:00<00:00, 187754.50 examples/s]
Generating test split:   0%|          | 0/10000 [00:00<?, ? examples/s]Generating test split: 100%|██████████| 10000/10000 [00:00<00:00, 214845.72 examples/s]
Filtering CIFAR-10 to four classes:   0%|          | 0/50000 [00:00<?, ? examples/s]Filtering CIFAR-10 to four classes:  94%|█████████▍| 47000/50000 [00:00<00:00, 461890.95 examples/s]Filtering CIFAR-10 to four classes: 100%|██████████| 50000/50000 [00:00<00:00, 459590.32 examples/s]
Filtering CIFAR-10 to four classes:   0%|          | 0/10000 [00:00<?, ? examples/s]Filtering CIFAR-10 to four classes: 100%|██████████| 10000/10000 [00:00<00:00, 291834.51 examples/s]
[92mINFO [0m:      Starting DeterministicFedAvg strategy:
[92mINFO [0m:      	├── Number of rounds: 20
[92mINFO [0m:      	├── ArrayRecord (0.87 MB)
[92mINFO [0m:      	├── ConfigRecord (train): {'lr': 0.001}
[92mINFO [0m:      	├── ConfigRecord (evaluate): (empty!)
[92mINFO [0m:      	├──> Sampling:
[92mINFO [0m:      	│	├──Fraction: train (1.00) | evaluate ( 1.00)
[92mINFO [0m:      	│	├──Minimum nodes: train (3) | evaluate (3)
[92mINFO [0m:      	│	└──Minimum available nodes: 3
[92mINFO [0m:      	└──> Keys in records:
[92mINFO [0m:      		├── Weighted by: 'num-examples'
[92mINFO [0m:      		├── ArrayRecord key: 'arrays'
[92mINFO [0m:      		└── ConfigRecord key: 'config'
[92mINFO [0m:      
/usr/lib/python3.12/multiprocessing/popen_fork.py:66: DeprecationWarning: This process (pid=2700) is multi-threaded, use of fork() may lead to deadlocks in the child.
  self.pid = os.fork()
[92mINFO [0m:      Initial global evaluation results: {'loss': 1.389454957962036, 'accuracy': 0.25, 'f1': 0.1, 'precision': 0.0625, 'auc': 0.5196541250000001}
[92mINFO [0m:      
[92mINFO [0m:      [ROUND 1/20]
[92mINFO [0m:      configure_train: Sampled 3 nodes (out of 3)
/usr/local/lib/python3.12/dist-packages/ray/_private/worker.py:2051: FutureWarning: Tip: In future versions of Ray, Ray will no longer override accelerator visible devices env var if num_gpus=0 or num_gpus=None (default). To enable this behavior and turn off this error message, set RAY_ACCEL_ENV_VAR_OVERRIDE_ON_ZERO=0
  warnings.warn(
[36m(ClientAppActor pid=3297)[0m Warning: You are sending unauthenticated requests to the HF Hub. Please set a HF_TOKEN to enable higher rate limits and faster downloads.
[36m(ClientAppActor pid=3297)[0m /usr/lib/python3.12/multiprocessing/popen_fork.py:66: DeprecationWarning: This process (pid=3297) is multi-threaded, use of fork() may lead to deadlocks in the child.
[36m(ClientAppActor pid=3297)[0m   self.pid = os.fork()
[92mINFO [0m:      aggregate_train: Received 3 results and 0 failures
[92mINFO [0m:      	└──> Aggregated MetricRecord: {'train_loss': 0.7815004760026931, 'train_loss_mean': 0.9524123797218005, 'client-ids': [0, 1, 2], 'per-client-num-examples': [4800, 3200, 1600], 'per-client-train_loss': [0.710711229244868, 0.8104471272230148, 0.9359749138355256], 'per-client-train_loss_mean': [0.8924790069659551, 0.9650338467359543, 1.106969563961029]}
[92mINFO [0m:      configure_evaluate: Sampled 3 nodes (out of 3)
[92mINFO [0m:      aggregate_evaluate: Received 3 results and 0 failures
[92mINFO [0m:      	└──> Aggregated MetricRecord: {'eval_loss': 1.0323412863413493, 'eval_acc': 0.6670833333333334, 'client-ids': [0, 1, 2], 'per-client-eval_acc': [0.6616666666666666, 0.6825, 0.6525], 'per-client-eval_loss': [1.0354183689753214, 1.0250619196891784, 1.0376687717437745], 'per-client-num-examples': [1200, 800, 400]}
[92mINFO [0m:      Global evaluation
[92mINFO [0m:      	└──> MetricRecord: {'loss': 1.0265523042678832, 'accuracy': 0.6905, 'f1': 0.6808563497205367, 'precision': 0.6867786895386537, 'auc': 0.88186125}
[92mINFO [0m:      
[92mINFO [0m:      [ROUND 2/20]
[92mINFO [0m:      configure_train: Sampled 3 nodes (out of 3)
[36m(ClientAppActor pid=3295)[0m Warning: You are sending unauthenticated requests to the HF Hub. Please set a HF_TOKEN to enable higher rate limits and faster downloads.[32m [repeated 2x across cluster] (Ray deduplicates logs by default. Set RAY_DEDUP_LOGS=0 to disable log deduplication, or see https://docs.ray.io/en/master/ray-observability/user-guides/configure-logging.html#log-deduplication for more options.)[0m
[36m(ClientAppActor pid=3297)[0m /usr/lib/python3.12/multiprocessing/popen_fork.py:66: DeprecationWarning: This process (pid=3297) is multi-threaded, use of fork() may lead to deadlocks in the child.[32m [repeated 3x across cluster][0m
[36m(ClientAppActor pid=3297)[0m   self.pid = os.fork()[32m [repeated 3x across cluster][0m
[92mINFO [0m:      aggregate_train: Received 3 results and 0 failures
[92mINFO [0m:      	└──> Aggregated MetricRecord: {'train_loss': 0.6029105269908904, 'train_loss_mean': 0.688565689186255, 'client-ids': [0, 1, 2], 'per-client-num-examples': [4800, 3200, 1600], 'per-client-train_loss': [0.5766805285215377, 0.6295064115524291, 0.6284087532758713], 'per-client-train_loss_mean': [0.6591658763885497, 0.7133688373565674, 0.7271588312387467]}
[92mINFO [0m:      configure_evaluate: Sampled 3 nodes (out of 3)
[92mINFO [0m:      aggregate_evaluate: Received 3 results and 0 failures
[92mINFO [0m:      	└──> Aggregated MetricRecord: {'eval_loss': 0.6260543584823608, 'eval_acc': 0.755, 'client-ids': [0, 1, 2], 'per-client-eval_acc': [0.7583333333333333, 0.75875, 0.7375], 'per-client-eval_loss': [0.6393105030059815, 0.6009400022029877, 0.6365146374702454], 'per-client-num-examples': [1200, 800, 400]}
[92mINFO [0m:      Global evaluation
[92mINFO [0m:      	└──> MetricRecord: {'loss': 0.5750569415092468, 'accuracy': 0.776, 'f1': 0.7721270082930551, 'precision': 0.7740728143873334, 'auc': 0.9427980833333334}
[92mINFO [0m:      
[92mINFO [0m:      [ROUND 3/20]
[92mINFO [0m:      configure_train: Sampled 3 nodes (out of 3)
[36m(ClientAppActor pid=3297)[0m /usr/lib/python3.12/multiprocessing/popen_fork.py:66: DeprecationWarning: This process (pid=3297) is multi-threaded, use of fork() may lead to deadlocks in the child.[32m [repeated 3x across cluster][0m
[36m(ClientAppActor pid=3297)[0m   self.pid = os.fork()[32m [repeated 3x across cluster][0m
[92mINFO [0m:      aggregate_train: Received 3 results and 0 failures
[92mINFO [0m:      	└──> Aggregated MetricRecord: {'train_loss': 0.42458520879348116, 'train_loss_mean': 0.5217446936368942, 'client-ids': [0, 1, 2], 'per-client-num-examples': [4800, 3200, 1600], 'per-client-train_loss': [0.4092648815115293, 0.4322112873196602, 0.4552940335869789], 'per-client-train_loss_mean': [0.4982228758335113, 0.5409792792797089, 0.5538409757614136]}
[92mINFO [0m:      configure_evaluate: Sampled 3 nodes (out of 3)
[92mINFO [0m:      aggregate_evaluate: Received 3 results and 0 failures
[92mINFO [0m:      	└──> Aggregated MetricRecord: {'eval_loss': 0.5317980005343755, 'eval_acc': 0.80375, 'client-ids': [0, 1, 2], 'per-client-eval_acc': [0.8033333333333333, 0.81125, 0.79], 'per-client-eval_loss': [0.5627288003762563, 0.4935484004020691, 0.515504801273346], 'per-client-num-examples': [1200, 800, 400]}
[92mINFO [0m:      Global evaluation
[92mINFO [0m:      	└──> MetricRecord: {'loss': 0.5072420964241028, 'accuracy': 0.804, 'f1': 0.8049646930243105, 'precision': 0.8067591286856114, 'auc': 0.9556403333333334}
[92mINFO [0m:      
[92mINFO [0m:      [ROUND 4/20]
[92mINFO [0m:      configure_train: Sampled 3 nodes (out of 3)
[36m(ClientAppActor pid=3296)[0m /usr/lib/python3.12/multiprocessing/popen_fork.py:66: DeprecationWarning: This process (pid=3296) is multi-threaded, use of fork() may lead to deadlocks in the child.[32m [repeated 3x across cluster][0m
[36m(ClientAppActor pid=3296)[0m   self.pid = os.fork()[32m [repeated 3x across cluster][0m
[92mINFO [0m:      aggregate_train: Received 3 results and 0 failures
[92mINFO [0m:      	└──> Aggregated MetricRecord: {'train_loss': 0.3056737583627303, 'train_loss_mean': 0.39892703893284004, 'client-ids': [0, 1, 2], 'per-client-num-examples': [4800, 3200, 1600], 'per-client-train_loss': [0.2981390606363614, 0.30426533102989195, 0.3310947062075138], 'per-client-train_loss_mean': [0.3705210622747739, 0.418627192735672, 0.44474466130137447]}
[92mINFO [0m:      configure_evaluate: Sampled 3 nodes (out of 3)
[92mINFO [0m:      aggregate_evaluate: Received 3 results and 0 failures
[92mINFO [0m:      	└──> Aggregated MetricRecord: {'eval_loss': 0.5326515950759252, 'eval_acc': 0.8174999999999999, 'client-ids': [0, 1, 2], 'per-client-eval_acc': [0.8116666666666666, 0.83125, 0.8075], 'per-client-eval_loss': [0.5628809094429016, 0.4881621706485748, 0.5309425008296966], 'per-client-num-examples': [1200, 800, 400]}
[92mINFO [0m:      Global evaluation
[92mINFO [0m:      	└──> MetricRecord: {'loss': 0.49989388132095336, 'accuracy': 0.819, 'f1': 0.8189273927684197, 'precision': 0.8193212798828148, 'auc': 0.9612677500000001}
[92mINFO [0m:      
[92mINFO [0m:      [ROUND 5/20]
[92mINFO [0m:      configure_train: Sampled 3 nodes (out of 3)
[36m(ClientAppActor pid=3297)[0m /usr/lib/python3.12/multiprocessing/popen_fork.py:66: DeprecationWarning: This process (pid=3297) is multi-threaded, use of fork() may lead to deadlocks in the child.[32m [repeated 3x across cluster][0m
[36m(ClientAppActor pid=3297)[0m   self.pid = os.fork()[32m [repeated 3x across cluster][0m
[92mINFO [0m:      aggregate_train: Received 3 results and 0 failures
[92mINFO [0m:      	└──> Aggregated MetricRecord: {'train_loss': 0.21288729143639407, 'train_loss_mean': 0.28571336847047013, 'client-ids': [0, 1, 2], 'per-client-num-examples': [4800, 3200, 1600], 'per-client-train_loss': [0.2041861306130886, 0.21144905112683773, 0.24186725452542304], 'per-client-train_loss_mean': [0.25295342680811883, 0.29997425734996797, 0.35547141569852825]}
[92mINFO [0m:      configure_evaluate: Sampled 3 nodes (out of 3)
[92mINFO [0m:      aggregate_evaluate: Received 3 results and 0 failures
[92mINFO [0m:      	└──> Aggregated MetricRecord: {'eval_loss': 0.5834274333715438, 'eval_acc': 0.8004166666666668, 'client-ids': [0, 1, 2], 'per-client-eval_acc': [0.8025, 0.8, 0.795], 'per-client-eval_loss': [0.5953629759947459, 0.576586308479309, 0.5613030552864074], 'per-client-num-examples': [1200, 800, 400]}
[92mINFO [0m:      Global evaluation
[92mINFO [0m:      	└──> MetricRecord: {'loss': 0.5617442994117737, 'accuracy': 0.811, 'f1': 0.8094538658035482, 'precision': 0.8098680123966352, 'auc': 0.9552252916666667}
[92mINFO [0m:      
[92mINFO [0m:      [ROUND 6/20]
[92mINFO [0m:      configure_train: Sampled 3 nodes (out of 3)
[36m(ClientAppActor pid=3297)[0m /usr/lib/python3.12/multiprocessing/popen_fork.py:66: DeprecationWarning: This process (pid=3297) is multi-threaded, use of fork() may lead to deadlocks in the child.[32m [repeated 3x across cluster][0m
[36m(ClientAppActor pid=3297)[0m   self.pid = os.fork()[32m [repeated 3x across cluster][0m
[92mINFO [0m:      aggregate_train: Received 3 results and 0 failures
[92mINFO [0m:      	└──> Aggregated MetricRecord: {'train_loss': 0.12605579370011885, 'train_loss_mean': 0.19817236328062912, 'client-ids': [0, 1, 2], 'per-client-num-examples': [4800, 3200, 1600], 'per-client-train_loss': [0.11247071759154399, 0.12377130089327693, 0.17138000763952732], 'per-client-train_loss_mean': [0.1600235776367287, 0.2117244674451649, 0.2855145118832588]}
[92mINFO [0m:      configure_evaluate: Sampled 3 nodes (out of 3)
[92mINFO [0m:      aggregate_evaluate: Received 3 results and 0 failures
[92mINFO [0m:      	└──> Aggregated MetricRecord: {'eval_loss': 0.6928927636146546, 'eval_acc': 0.7991666666666667, 'client-ids': [0, 1, 2], 'per-client-eval_acc': [0.7991666666666667, 0.8, 0.7975], 'per-client-eval_loss': [0.7074590913454691, 0.6591375899314881, 0.7167041277885438], 'per-client-num-examples': [1200, 800, 400]}
[92mINFO [0m:      Global evaluation
[92mINFO [0m:      	└──> MetricRecord: {'loss': 0.672979267835617, 'accuracy': 0.804, 'f1': 0.8030577691423018, 'precision': 0.8121406480433888, 'auc': 0.9534079583333332}
[92mINFO [0m:      
[92mINFO [0m:      [ROUND 7/20]
[92mINFO [0m:      configure_train: Sampled 3 nodes (out of 3)
[36m(ClientAppActor pid=3295)[0m /usr/lib/python3.12/multiprocessing/popen_fork.py:66: DeprecationWarning: This process (pid=3295) is multi-threaded, use of fork() may lead to deadlocks in the child.[32m [repeated 3x across cluster][0m
[36m(ClientAppActor pid=3295)[0m   self.pid = os.fork()[32m [repeated 3x across cluster][0m
[92mINFO [0m:      aggregate_train: Received 3 results and 0 failures
[92mINFO [0m:      	└──> Aggregated MetricRecord: {'train_loss': 0.07813514942613742, 'train_loss_mean': 0.1446211856175214, 'client-ids': [0, 1, 2], 'per-client-num-examples': [4800, 3200, 1600], 'per-client-train_loss': [0.07911946382373572, 0.06779254195280374, 0.09586742118000985], 'per-client-train_loss_mean': [0.10912661043678722, 0.15529317466169595, 0.22976093307137488]}
[92mINFO [0m:      configure_evaluate: Sampled 3 nodes (out of 3)
[92mINFO [0m:      aggregate_evaluate: Received 3 results and 0 failures
[92mINFO [0m:      	└──> Aggregated MetricRecord: {'eval_loss': 0.7613039426008861, 'eval_acc': 0.8083333333333333, 'client-ids': [0, 1, 2], 'per-client-eval_acc': [0.8166666666666667, 0.8025, 0.795], 'per-client-eval_loss': [0.7774335940678915, 0.7324870598316192, 0.7705487537384034], 'per-client-num-examples': [1200, 800, 400]}
[92mINFO [0m:      Global evaluation
[92mINFO [0m:      	└──> MetricRecord: {'loss': 0.7111242713928223, 'accuracy': 0.8235, 'f1': 0.8239068125355268, 'precision': 0.825311489753665, 'auc': 0.9587668333333333}
[92mINFO [0m:      
[92mINFO [0m:      [ROUND 8/20]
[92mINFO [0m:      configure_train: Sampled 3 nodes (out of 3)
[36m(ClientAppActor pid=3297)[0m /usr/lib/python3.12/multiprocessing/popen_fork.py:66: DeprecationWarning: This process (pid=3297) is multi-threaded, use of fork() may lead to deadlocks in the child.[32m [repeated 3x across cluster][0m
[36m(ClientAppActor pid=3297)[0m   self.pid = os.fork()[32m [repeated 3x across cluster][0m
[92mINFO [0m:      aggregate_train: Received 3 results and 0 failures
[92mINFO [0m:      	└──> Aggregated MetricRecord: {'train_loss': 0.06753226776296894, 'train_loss_mean': 0.11265234822710044, 'client-ids': [0, 1, 2], 'per-client-num-examples': [4800, 3200, 1600], 'per-client-train_loss': [0.06065488546776275, 0.06374195178505034, 0.09574504660442472], 'per-client-train_loss_mean': [0.07828124760386224, 0.11669808929879219, 0.2076741679534316]}
[92mINFO [0m:      configure_evaluate: Sampled 3 nodes (out of 3)
[92mINFO [0m:      aggregate_evaluate: Received 3 results and 0 failures
[92mINFO [0m:      	└──> Aggregated MetricRecord: {'eval_loss': 0.7939800469080607, 'eval_acc': 0.8070833333333334, 'client-ids': [0, 1, 2], 'per-client-eval_acc': [0.8033333333333333, 0.81125, 0.81], 'per-client-eval_loss': [0.8372052280108134, 0.7398645126819611, 0.772535572052002], 'per-client-num-examples': [1200, 800, 400]}
[92mINFO [0m:      Global evaluation
[92mINFO [0m:      	└──> MetricRecord: {'loss': 0.7827748818397522, 'accuracy': 0.815, 'f1': 0.8146203779342419, 'precision': 0.8146458186769034, 'auc': 0.9558684166666668}
[92mINFO [0m:      
[92mINFO [0m:      [ROUND 9/20]
[92mINFO [0m:      configure_train: Sampled 3 nodes (out of 3)
[36m(ClientAppActor pid=3297)[0m /usr/lib/python3.12/multiprocessing/popen_fork.py:66: DeprecationWarning: This process (pid=3297) is multi-threaded, use of fork() may lead to deadlocks in the child.[32m [repeated 3x across cluster][0m
[36m(ClientAppActor pid=3297)[0m   self.pid = os.fork()[32m [repeated 3x across cluster][0m
[92mINFO [0m:      aggregate_train: Received 3 results and 0 failures
[92mINFO [0m:      	└──> Aggregated MetricRecord: {'train_loss': 0.06419673501048237, 'train_loss_mean': 0.0996657344647683, 'client-ids': [0, 1, 2], 'per-client-num-examples': [4800, 3200, 1600], 'per-client-train_loss': [0.06375861120255043, 0.059628065100405366, 0.0746484462544322], 'per-client-train_loss_mean': [0.06832271989279737, 0.09601532682962716, 0.20099559345096346]}
[92mINFO [0m:      configure_evaluate: Sampled 3 nodes (out of 3)
[92mINFO [0m:      aggregate_evaluate: Received 3 results and 0 failures
[92mINFO [0m:      	└──> Aggregated MetricRecord: {'eval_loss': 0.8464253477255503, 'eval_acc': 0.8091666666666666, 'client-ids': [0, 1, 2], 'per-client-eval_acc': [0.8091666666666667, 0.81, 0.8075], 'per-client-eval_loss': [0.8678580331802368, 0.8089925694465637, 0.8569928479194641], 'per-client-num-examples': [1200, 800, 400]}
[92mINFO [0m:      Global evaluation
[92mINFO [0m:      	└──> MetricRecord: {'loss': 0.8669126131534577, 'accuracy': 0.8115, 'f1': 0.8095520645412398, 'precision': 0.812875310382773, 'auc': 0.9515457500000001}
[92mINFO [0m:      
[92mINFO [0m:      [ROUND 10/20]
[92mINFO [0m:      configure_train: Sampled 3 nodes (out of 3)
[36m(ClientAppActor pid=3297)[0m /usr/lib/python3.12/multiprocessing/popen_fork.py:66: DeprecationWarning: This process (pid=3297) is multi-threaded, use of fork() may lead to deadlocks in the child.[32m [repeated 3x across cluster][0m
[36m(ClientAppActor pid=3297)[0m   self.pid = os.fork()[32m [repeated 3x across cluster][0m
[92mINFO [0m:      aggregate_train: Received 3 results and 0 failures
[92mINFO [0m:      	└──> Aggregated MetricRecord: {'train_loss': 0.04396452941931783, 'train_loss_mean': 0.08622042147031364, 'client-ids': [0, 1, 2], 'per-client-num-examples': [4800, 3200, 1600], 'per-client-train_loss': [0.0447510574835663, 0.03728270236169919, 0.05496859934180975], 'per-client-train_loss_mean': [0.06146053298329934, 0.08022235449450091, 0.172496220882982]}
[92mINFO [0m:      configure_evaluate: Sampled 3 nodes (out of 3)
[92mINFO [0m:      aggregate_evaluate: Received 3 results and 0 failures
[92mINFO [0m:      	└──> Aggregated MetricRecord: {'eval_loss': 0.9517016022404035, 'eval_acc': 0.8120833333333333, 'client-ids': [0, 1, 2], 'per-client-eval_acc': [0.8075, 0.82, 0.81], 'per-client-eval_loss': [1.0313729411363601, 0.8576212644577026, 0.9008482611179351], 'per-client-num-examples': [1200, 800, 400]}
[92mINFO [0m:      Global evaluation
[92mINFO [0m:      	└──> MetricRecord: {'loss': 0.9218394253253936, 'accuracy': 0.8105, 'f1': 0.811032525857746, 'precision': 0.8133055592987746, 'auc': 0.9558362916666666}
[92mINFO [0m:      
[92mINFO [0m:      [ROUND 11/20]
[92mINFO [0m:      configure_train: Sampled 3 nodes (out of 3)
[36m(ClientAppActor pid=3297)[0m /usr/lib/python3.12/multiprocessing/popen_fork.py:66: DeprecationWarning: This process (pid=3297) is multi-threaded, use of fork() may lead to deadlocks in the child.[32m [repeated 3x across cluster][0m
[36m(ClientAppActor pid=3297)[0m   self.pid = os.fork()[32m [repeated 3x across cluster][0m
[92mINFO [0m:      aggregate_train: Received 3 results and 0 failures
[92mINFO [0m:      	└──> Aggregated MetricRecord: {'train_loss': 0.055140658776508644, 'train_loss_mean': 0.07636676158311699, 'client-ids': [0, 1, 2], 'per-client-num-examples': [4800, 3200, 1600], 'per-client-train_loss': [0.05442366582884764, 0.0586688241455704, 0.05023530688136816], 'per-client-train_loss_mean': [0.05450630801958808, 0.07305920567829162, 0.14856323408335448]}
[92mINFO [0m:      configure_evaluate: Sampled 3 nodes (out of 3)
[92mINFO [0m:      aggregate_evaluate: Received 3 results and 0 failures
[92mINFO [0m:      	└──> Aggregated MetricRecord: {'eval_loss': 0.8789452334245046, 'eval_acc': 0.8070833333333334, 'client-ids': [0, 1, 2], 'per-client-eval_acc': [0.81, 0.80875, 0.795], 'per-client-eval_loss': [0.935877746740977, 0.7872895824909211, 0.8914589953422546], 'per-client-num-examples': [1200, 800, 400]}
[92mINFO [0m:      Global evaluation
[92mINFO [0m:      	└──> MetricRecord: {'loss': 0.8561044158935547, 'accuracy': 0.814, 'f1': 0.814033503156912, 'precision': 0.8142502933706469, 'auc': 0.9553842916666667}
[92mINFO [0m:      
[92mINFO [0m:      [ROUND 12/20]
[92mINFO [0m:      configure_train: Sampled 3 nodes (out of 3)
[36m(ClientAppActor pid=3297)[0m /usr/lib/python3.12/multiprocessing/popen_fork.py:66: DeprecationWarning: This process (pid=3297) is multi-threaded, use of fork() may lead to deadlocks in the child.[32m [repeated 3x across cluster][0m
[36m(ClientAppActor pid=3297)[0m   self.pid = os.fork()[32m [repeated 3x across cluster][0m
[92mINFO [0m:      aggregate_train: Received 3 results and 0 failures
[92mINFO [0m:      	└──> Aggregated MetricRecord: {'train_loss': 0.039363422978979844, 'train_loss_mean': 0.06880036244662671, 'client-ids': [0, 1, 2], 'per-client-num-examples': [4800, 3200, 1600], 'per-client-train_loss': [0.03249190800590441, 0.04694355262327008, 0.044817708609625695], 'per-client-train_loss_mean': [0.043140949626317406, 0.0603444307387108, 0.16269046432338655]}
[92mINFO [0m:      configure_evaluate: Sampled 3 nodes (out of 3)
[92mINFO [0m:      aggregate_evaluate: Received 3 results and 0 failures
[92mINFO [0m:      	└──> Aggregated MetricRecord: {'eval_loss': 0.990604442358017, 'eval_acc': 0.8070833333333333, 'client-ids': [0, 1, 2], 'per-client-eval_acc': [0.8058333333333333, 0.81375, 0.7975], 'per-client-eval_loss': [1.0676384043693543, 0.8584966635704041, 1.023718113899231], 'per-client-num-examples': [1200, 800, 400]}
[92mINFO [0m:      Global evaluation
[92mINFO [0m:      	└──> MetricRecord: {'loss': 0.9909041810035706, 'accuracy': 0.814, 'f1': 0.8142953841863853, 'precision': 0.8150083013252233, 'auc': 0.95173475}
[92mINFO [0m:      
[92mINFO [0m:      [ROUND 13/20]
[92mINFO [0m:      configure_train: Sampled 3 nodes (out of 3)
[36m(ClientAppActor pid=3297)[0m /usr/lib/python3.12/multiprocessing/popen_fork.py:66: DeprecationWarning: This process (pid=3297) is multi-threaded, use of fork() may lead to deadlocks in the child.[32m [repeated 3x across cluster][0m
[36m(ClientAppActor pid=3297)[0m   self.pid = os.fork()[32m [repeated 3x across cluster][0m
[92mINFO [0m:      aggregate_train: Received 3 results and 0 failures
[92mINFO [0m:      	└──> Aggregated MetricRecord: {'train_loss': 0.06245947212077832, 'train_loss_mean': 0.063150958813009, 'client-ids': [0, 1, 2], 'per-client-num-examples': [4800, 3200, 1600], 'per-client-train_loss': [0.036132707345532256, 0.1031687920691911, 0.06002112654969096], 'per-client-train_loss_mean': [0.041565612916951065, 0.06269450140371918, 0.12881991131976248]}
[92mINFO [0m:      configure_evaluate: Sampled 3 nodes (out of 3)
[92mINFO [0m:      aggregate_evaluate: Received 3 results and 0 failures
[92mINFO [0m:      	└──> Aggregated MetricRecord: {'eval_loss': 0.9611358314752578, 'eval_acc': 0.8108333333333333, 'client-ids': [0, 1, 2], 'per-client-eval_acc': [0.8108333333333333, 0.80875, 0.815], 'per-client-eval_loss': [0.9831160195668538, 0.9181165987253189, 0.9812337327003479], 'per-client-num-examples': [1200, 800, 400]}
[92mINFO [0m:      Global evaluation
[92mINFO [0m:      	└──> MetricRecord: {'loss': 0.9481587705612182, 'accuracy': 0.816, 'f1': 0.8160976633449808, 'precision': 0.8167510545490454, 'auc': 0.9542716666666666}
[92mINFO [0m:      
[92mINFO [0m:      [ROUND 14/20]
[92mINFO [0m:      configure_train: Sampled 3 nodes (out of 3)
[36m(ClientAppActor pid=3297)[0m /usr/lib/python3.12/multiprocessing/popen_fork.py:66: DeprecationWarning: This process (pid=3297) is multi-threaded, use of fork() may lead to deadlocks in the child.[32m [repeated 3x across cluster][0m
[36m(ClientAppActor pid=3297)[0m   self.pid = os.fork()[32m [repeated 3x across cluster][0m
[92mINFO [0m:      aggregate_train: Received 3 results and 0 failures
[92mINFO [0m:      	└──> Aggregated MetricRecord: {'train_loss': 0.04008871235137728, 'train_loss_mean': 0.05768081651617345, 'client-ids': [0, 1, 2], 'per-client-num-examples': [4800, 3200, 1600], 'per-client-train_loss': [0.022848193136160263, 0.07320082900347188, 0.025586036692839115], 'per-client-train_loss_mean': [0.04101131356404706, 0.05844368031673366, 0.10616359777143225]}
[92mINFO [0m:      configure_evaluate: Sampled 3 nodes (out of 3)
[92mINFO [0m:      aggregate_evaluate: Received 3 results and 0 failures
[92mINFO [0m:      	└──> Aggregated MetricRecord: {'eval_loss': 0.9974998060862222, 'eval_acc': 0.8087500000000001, 'client-ids': [0, 1, 2], 'per-client-eval_acc': [0.81, 0.80625, 0.81], 'per-client-eval_loss': [1.0253959806760151, 0.908400045633316, 1.0920108032226563], 'per-client-num-examples': [1200, 800, 400]}
[92mINFO [0m:      Global evaluation
[92mINFO [0m:      	└──> MetricRecord: {'loss': 0.9947928614616394, 'accuracy': 0.8185, 'f1': 0.816665324633452, 'precision': 0.8167963702240907, 'auc': 0.9527500416666667}
[92mINFO [0m:      
[92mINFO [0m:      [ROUND 15/20]
[92mINFO [0m:      configure_train: Sampled 3 nodes (out of 3)
[36m(ClientAppActor pid=3297)[0m /usr/lib/python3.12/multiprocessing/popen_fork.py:66: DeprecationWarning: This process (pid=3297) is multi-threaded, use of fork() may lead to deadlocks in the child.[32m [repeated 3x across cluster][0m
[36m(ClientAppActor pid=3297)[0m   self.pid = os.fork()[32m [repeated 3x across cluster][0m
[92mINFO [0m:      aggregate_train: Received 3 results and 0 failures
[92mINFO [0m:      	└──> Aggregated MetricRecord: {'train_loss': 0.04674062178295572, 'train_loss_mean': 0.05423010239455713, 'client-ids': [0, 1, 2], 'per-client-num-examples': [4800, 3200, 1600], 'per-client-train_loss': [0.04923628740051451, 0.046212506970623506, 0.04030985455494374], 'per-client-train_loss_mean': [0.03902959056696272, 0.05152233446668834, 0.10524717373307794]}
[92mINFO [0m:      configure_evaluate: Sampled 3 nodes (out of 3)
[92mINFO [0m:      aggregate_evaluate: Received 3 results and 0 failures
[92mINFO [0m:      	└──> Aggregated MetricRecord: {'eval_loss': 1.0846811282634734, 'eval_acc': 0.8016666666666667, 'client-ids': [0, 1, 2], 'per-client-eval_acc': [0.805, 0.805, 0.785], 'per-client-eval_loss': [1.099829339981079, 1.0110379207134246, 1.1865229082107545], 'per-client-num-examples': [1200, 800, 400]}
[92mINFO [0m:      Global evaluation
[92mINFO [0m:      	└──> MetricRecord: {'loss': 1.082861225605011, 'accuracy': 0.795, 'f1': 0.7962773481531554, 'precision': 0.8025903779931904, 'auc': 0.9508376249999999}
[92mINFO [0m:      
[92mINFO [0m:      [ROUND 16/20]
[92mINFO [0m:      configure_train: Sampled 3 nodes (out of 3)
[36m(ClientAppActor pid=3297)[0m /usr/lib/python3.12/multiprocessing/popen_fork.py:66: DeprecationWarning: This process (pid=3297) is multi-threaded, use of fork() may lead to deadlocks in the child.[32m [repeated 3x across cluster][0m
[36m(ClientAppActor pid=3297)[0m   self.pid = os.fork()[32m [repeated 3x across cluster][0m
[92mINFO [0m:      aggregate_train: Received 3 results and 0 failures
[92mINFO [0m:      	└──> Aggregated MetricRecord: {'train_loss': 0.043109426145189596, 'train_loss_mean': 0.052788272568213876, 'client-ids': [0, 1, 2], 'per-client-num-examples': [4800, 3200, 1600], 'per-client-train_loss': [0.04158041193149984, 0.05212683299410856, 0.029661655088420957], 'per-client-train_loss_mean': [0.03801604316370989, 0.05301120988797629, 0.09665908614220098]}
[92mINFO [0m:      configure_evaluate: Sampled 3 nodes (out of 3)
[92mINFO [0m:      aggregate_evaluate: Received 3 results and 0 failures
[92mINFO [0m:      	└──> Aggregated MetricRecord: {'eval_loss': 1.0499776288866998, 'eval_acc': 0.8, 'client-ids': [0, 1, 2], 'per-client-eval_acc': [0.7958333333333333, 0.80875, 0.795], 'per-client-eval_loss': [1.1009992665052415, 0.9445733547210693, 1.1077212643623353], 'per-client-num-examples': [1200, 800, 400]}
[92mINFO [0m:      Global evaluation
[92mINFO [0m:      	└──> MetricRecord: {'loss': 1.0168177146911621, 'accuracy': 0.8075, 'f1': 0.8072110570815796, 'precision': 0.8072443528719095, 'auc': 0.9523552083333333}
[92mINFO [0m:      
[92mINFO [0m:      [ROUND 17/20]
[92mINFO [0m:      configure_train: Sampled 3 nodes (out of 3)
[36m(ClientAppActor pid=3297)[0m /usr/lib/python3.12/multiprocessing/popen_fork.py:66: DeprecationWarning: This process (pid=3297) is multi-threaded, use of fork() may lead to deadlocks in the child.[32m [repeated 3x across cluster][0m
[36m(ClientAppActor pid=3297)[0m   self.pid = os.fork()[32m [repeated 3x across cluster][0m
[92mINFO [0m:      aggregate_train: Received 3 results and 0 failures
[92mINFO [0m:      	└──> Aggregated MetricRecord: {'train_loss': 0.04011999899802807, 'train_loss_mean': 0.046459453275563035, 'client-ids': [0, 1, 2], 'per-client-num-examples': [4800, 3200, 1600], 'per-client-train_loss': [0.051355122167345446, 0.01937529613263905, 0.047904035220853985], 'per-client-train_loss_mean': [0.03521913964181052, 0.04212225955899339, 0.0888547816099599]}
[92mINFO [0m:      configure_evaluate: Sampled 3 nodes (out of 3)
[92mINFO [0m:      aggregate_evaluate: Received 3 results and 0 failures
[92mINFO [0m:      	└──> Aggregated MetricRecord: {'eval_loss': 1.0935996607939402, 'eval_acc': 0.8091666666666666, 'client-ids': [0, 1, 2], 'per-client-eval_acc': [0.81, 0.8125, 0.8], 'per-client-eval_loss': [1.1210536972681682, 1.0155990242958068, 1.1672388243675231], 'per-client-num-examples': [1200, 800, 400]}
[92mINFO [0m:      Global evaluation
[92mINFO [0m:      	└──> MetricRecord: {'loss': 1.0807065176963806, 'accuracy': 0.8115, 'f1': 0.8110665369484631, 'precision': 0.8110190378394598, 'auc': 0.9530464583333335}
[92mINFO [0m:      
[92mINFO [0m:      [ROUND 18/20]
[92mINFO [0m:      configure_train: Sampled 3 nodes (out of 3)
[36m(ClientAppActor pid=3295)[0m /usr/lib/python3.12/multiprocessing/popen_fork.py:66: DeprecationWarning: This process (pid=3295) is multi-threaded, use of fork() may lead to deadlocks in the child.[32m [repeated 3x across cluster][0m
[36m(ClientAppActor pid=3295)[0m   self.pid = os.fork()[32m [repeated 3x across cluster][0m
[92mINFO [0m:      aggregate_train: Received 3 results and 0 failures
[92mINFO [0m:      	└──> Aggregated MetricRecord: {'train_loss': 0.017372671833606242, 'train_loss_mean': 0.04359738398366304, 'client-ids': [0, 1, 2], 'per-client-num-examples': [4800, 3200, 1600], 'per-client-train_loss': [0.019903340233528678, 0.016888984474862808, 0.01074804135132581], 'per-client-train_loss_mean': [0.029903310788488548, 0.04178044662739558, 0.08831347828172147]}
[92mINFO [0m:      configure_evaluate: Sampled 3 nodes (out of 3)
[92mINFO [0m:      aggregate_evaluate: Received 3 results and 0 failures
[92mINFO [0m:      	└──> Aggregated MetricRecord: {'eval_loss': 1.1851627763112385, 'eval_acc': 0.7975000000000001, 'client-ids': [0, 1, 2], 'per-client-eval_acc': [0.7966666666666666, 0.8, 0.795], 'per-client-eval_loss': [1.2411997071901957, 1.1134170806407928, 1.1605433750152587], 'per-client-num-examples': [1200, 800, 400]}
[92mINFO [0m:      Global evaluation
[92mINFO [0m:      	└──> MetricRecord: {'loss': 1.214687272787094, 'accuracy': 0.8085, 'f1': 0.8081704718543827, 'precision': 0.8090594590426816, 'auc': 0.9505190000000001}
[92mINFO [0m:      
[92mINFO [0m:      [ROUND 19/20]
[92mINFO [0m:      configure_train: Sampled 3 nodes (out of 3)
[36m(ClientAppActor pid=3297)[0m /usr/lib/python3.12/multiprocessing/popen_fork.py:66: DeprecationWarning: This process (pid=3297) is multi-threaded, use of fork() may lead to deadlocks in the child.[32m [repeated 3x across cluster][0m
[36m(ClientAppActor pid=3297)[0m   self.pid = os.fork()[32m [repeated 3x across cluster][0m
[92mINFO [0m:      aggregate_train: Received 3 results and 0 failures
[92mINFO [0m:      	└──> Aggregated MetricRecord: {'train_loss': 0.02486384933523368, 'train_loss_mean': 0.042034605900148264, 'client-ids': [0, 1, 2], 'per-client-num-examples': [4800, 3200, 1600], 'per-client-train_loss': [0.016549958747734007, 0.039806187258800495, 0.019920845250599086], 'per-client-train_loss_mean': [0.031219670424688963, 0.04010727277613478, 0.07833407857455313]}
[92mINFO [0m:      configure_evaluate: Sampled 3 nodes (out of 3)
[92mINFO [0m:      aggregate_evaluate: Received 3 results and 0 failures
[92mINFO [0m:      	└──> Aggregated MetricRecord: {'eval_loss': 1.2040277115503948, 'eval_acc': 0.79625, 'client-ids': [0, 1, 2], 'per-client-eval_acc': [0.7975, 0.79375, 0.7975], 'per-client-eval_loss': [1.2968036023775737, 1.085353708267212, 1.1630480456352235], 'per-client-num-examples': [1200, 800, 400]}
[92mINFO [0m:      Global evaluation
[92mINFO [0m:      	└──> MetricRecord: {'loss': 1.1680414414405822, 'accuracy': 0.8065, 'f1': 0.8073569637868718, 'precision': 0.8108739114378134, 'auc': 0.9513019166666666}
[92mINFO [0m:      
[92mINFO [0m:      [ROUND 20/20]
[92mINFO [0m:      configure_train: Sampled 3 nodes (out of 3)
[36m(ClientAppActor pid=3297)[0m /usr/lib/python3.12/multiprocessing/popen_fork.py:66: DeprecationWarning: This process (pid=3297) is multi-threaded, use of fork() may lead to deadlocks in the child.[32m [repeated 3x across cluster][0m
[36m(ClientAppActor pid=3297)[0m   self.pid = os.fork()[32m [repeated 3x across cluster][0m
[92mINFO [0m:      aggregate_train: Received 3 results and 0 failures
[92mINFO [0m:      	└──> Aggregated MetricRecord: {'train_loss': 0.013644478594057242, 'train_loss_mean': 0.033946415013017636, 'client-ids': [0, 1, 2], 'per-client-num-examples': [4800, 3200, 1600], 'per-client-train_loss': [0.016308644293045897, 0.007674798692169134, 0.017591341300867498], 'per-client-train_loss_mean': [0.02673170887537223, 0.03139197287270508, 0.060699417706578974]}
[92mINFO [0m:      configure_evaluate: Sampled 3 nodes (out of 3)
[92mINFO [0m:      aggregate_evaluate: Received 3 results and 0 failures
[92mINFO [0m:      	└──> Aggregated MetricRecord: {'eval_loss': 1.2845892121394475, 'eval_acc': 0.80125, 'client-ids': [0, 1, 2], 'per-client-eval_acc': [0.7916666666666666, 0.81125, 0.81], 'per-client-eval_loss': [1.3252013703187306, 1.1660974407196045, 1.3997362804412843], 'per-client-num-examples': [1200, 800, 400]}
[92mINFO [0m:      Global evaluation
[92mINFO [0m:      	└──> MetricRecord: {'loss': 1.2509335640668868, 'accuracy': 0.8115, 'f1': 0.8099411092117239, 'precision': 0.8111589075756039, 'auc': 0.9482674999999999}
[92mINFO [0m:      
[92mINFO [0m:      Strategy execution finished in 219.46s
[92mINFO [0m:      
[92mINFO [0m:      Final results:
[92mINFO [0m:      
[92mINFO [0m:      	Global Arrays:
[92mINFO [0m:      		ArrayRecord (0.866 MB)
[92mINFO [0m:      	
[92mINFO [0m:      	Aggregated ClientApp-side Train Metrics:
[92mINFO [0m:      	{ 1: { 'client-ids': "['0', '1', '2']",
[92mINFO [0m:      	       'per-client-num-examples': "['4800', '3200', '1600']",
[92mINFO [0m:      	       'per-client-train_loss': "['7.1071e-01', '8.1045e-01', '9.3597e-01']",
[92mINFO [0m:      	       'per-client-train_loss_mean': "['8.9248e-01', '9.6503e-01', "
[92mINFO [0m:      	                                     "'1.1070e+00']",
[92mINFO [0m:      	       'train_loss': '7.8150e-01',
[92mINFO [0m:      	       'train_loss_mean': '9.5241e-01'},
[92mINFO [0m:      	  2: { 'client-ids': "['0', '1', '2']",
[92mINFO [0m:      	       'per-client-num-examples': "['4800', '3200', '1600']",
[92mINFO [0m:      	       'per-client-train_loss': "['5.7668e-01', '6.2951e-01', '6.2841e-01']",
[92mINFO [0m:      	       'per-client-train_loss_mean': "['6.5917e-01', '7.1337e-01', "
[92mINFO [0m:      	                                     "'7.2716e-01']",
[92mINFO [0m:      	       'train_loss': '6.0291e-01',
[92mINFO [0m:      	       'train_loss_mean': '6.8857e-01'},
[92mINFO [0m:      	  3: { 'client-ids': "['0', '1', '2']",
[92mINFO [0m:      	       'per-client-num-examples': "['4800', '3200', '1600']",
[92mINFO [0m:      	       'per-client-train_loss': "['4.0926e-01', '4.3221e-01', '4.5529e-01']",
[92mINFO [0m:      	       'per-client-train_loss_mean': "['4.9822e-01', '5.4098e-01', "
[92mINFO [0m:      	                                     "'5.5384e-01']",
[92mINFO [0m:      	       'train_loss': '4.2459e-01',
[92mINFO [0m:      	       'train_loss_mean': '5.2174e-01'},
[92mINFO [0m:      	  4: { 'client-ids': "['0', '1', '2']",
[92mINFO [0m:      	       'per-client-num-examples': "['4800', '3200', '1600']",
[92mINFO [0m:      	       'per-client-train_loss': "['2.9814e-01', '3.0427e-01', '3.3109e-01']",
[92mINFO [0m:      	       'per-client-train_loss_mean': "['3.7052e-01', '4.1863e-01', "
[92mINFO [0m:      	                                     "'4.4474e-01']",
[92mINFO [0m:      	       'train_loss': '3.0567e-01',
[92mINFO [0m:      	       'train_loss_mean': '3.9893e-01'},
[92mINFO [0m:      	  5: { 'client-ids': "['0', '1', '2']",
[92mINFO [0m:      	       'per-client-num-examples': "['4800', '3200', '1600']",
[92mINFO [0m:      	       'per-client-train_loss': "['2.0419e-01', '2.1145e-01', '2.4187e-01']",
[92mINFO [0m:      	       'per-client-train_loss_mean': "['2.5295e-01', '2.9997e-01', "
[92mINFO [0m:      	                                     "'3.5547e-01']",
[92mINFO [0m:      	       'train_loss': '2.1289e-01',
[92mINFO [0m:      	       'train_loss_mean': '2.8571e-01'},
[92mINFO [0m:      	  6: { 'client-ids': "['0', '1', '2']",
[92mINFO [0m:      	       'per-client-num-examples': "['4800', '3200', '1600']",
[92mINFO [0m:      	       'per-client-train_loss': "['1.1247e-01', '1.2377e-01', '1.7138e-01']",
[92mINFO [0m:      	       'per-client-train_loss_mean': "['1.6002e-01', '2.1172e-01', "
[92mINFO [0m:      	                                     "'2.8551e-01']",
[92mINFO [0m:      	       'train_loss': '1.2606e-01',
[92mINFO [0m:      	       'train_loss_mean': '1.9817e-01'},
[92mINFO [0m:      	  7: { 'client-ids': "['0', '1', '2']",
[92mINFO [0m:      	       'per-client-num-examples': "['4800', '3200', '1600']",
[92mINFO [0m:      	       'per-client-train_loss': "['7.9119e-02', '6.7793e-02', '9.5867e-02']",
[92mINFO [0m:      	       'per-client-train_loss_mean': "['1.0913e-01', '1.5529e-01', "
[92mINFO [0m:      	                                     "'2.2976e-01']",
[92mINFO [0m:      	       'train_loss': '7.8135e-02',
[92mINFO [0m:      	       'train_loss_mean': '1.4462e-01'},
[92mINFO [0m:      	  8: { 'client-ids': "['0', '1', '2']",
[92mINFO [0m:      	       'per-client-num-examples': "['4800', '3200', '1600']",
[92mINFO [0m:      	       'per-client-train_loss': "['6.0655e-02', '6.3742e-02', '9.5745e-02']",
[92mINFO [0m:      	       'per-client-train_loss_mean': "['7.8281e-02', '1.1670e-01', "
[92mINFO [0m:      	                                     "'2.0767e-01']",
[92mINFO [0m:      	       'train_loss': '6.7532e-02',
[92mINFO [0m:      	       'train_loss_mean': '1.1265e-01'},
[92mINFO [0m:      	  9: { 'client-ids': "['0', '1', '2']",
[92mINFO [0m:      	       'per-client-num-examples': "['4800', '3200', '1600']",
[92mINFO [0m:      	       'per-client-train_loss': "['6.3759e-02', '5.9628e-02', '7.4648e-02']",
[92mINFO [0m:      	       'per-client-train_loss_mean': "['6.8323e-02', '9.6015e-02', "
[92mINFO [0m:      	                                     "'2.0100e-01']",
[92mINFO [0m:      	       'train_loss': '6.4197e-02',
[92mINFO [0m:      	       'train_loss_mean': '9.9666e-02'},
[92mINFO [0m:      	  10: { 'client-ids': "['0', '1', '2']",
[92mINFO [0m:      	        'per-client-num-examples': "['4800', '3200', '1600']",
[92mINFO [0m:      	        'per-client-train_loss': "['4.4751e-02', '3.7283e-02', '5.4969e-02']",
[92mINFO [0m:      	        'per-client-train_loss_mean': "['6.1461e-02', '8.0222e-02', "
[92mINFO [0m:      	                                      "'1.7250e-01']",
[92mINFO [0m:      	        'train_loss': '4.3965e-02',
[92mINFO [0m:      	        'train_loss_mean': '8.6220e-02'},
[92mINFO [0m:      	  11: { 'client-ids': "['0', '1', '2']",
[92mINFO [0m:      	        'per-client-num-examples': "['4800', '3200', '1600']",
[92mINFO [0m:      	        'per-client-train_loss': "['5.4424e-02', '5.8669e-02', '5.0235e-02']",
[92mINFO [0m:      	        'per-client-train_loss_mean': "['5.4506e-02', '7.3059e-02', "
[92mINFO [0m:      	                                      "'1.4856e-01']",
[92mINFO [0m:      	        'train_loss': '5.5141e-02',
[92mINFO [0m:      	        'train_loss_mean': '7.6367e-02'},
[92mINFO [0m:      	  12: { 'client-ids': "['0', '1', '2']",
[92mINFO [0m:      	        'per-client-num-examples': "['4800', '3200', '1600']",
[92mINFO [0m:      	        'per-client-train_loss': "['3.2492e-02', '4.6944e-02', '4.4818e-02']",
[92mINFO [0m:      	        'per-client-train_loss_mean': "['4.3141e-02', '6.0344e-02', "
[92mINFO [0m:      	                                      "'1.6269e-01']",
[92mINFO [0m:      	        'train_loss': '3.9363e-02',
[92mINFO [0m:      	        'train_loss_mean': '6.8800e-02'},
[92mINFO [0m:      	  13: { 'client-ids': "['0', '1', '2']",
[92mINFO [0m:      	        'per-client-num-examples': "['4800', '3200', '1600']",
[92mINFO [0m:      	        'per-client-train_loss': "['3.6133e-02', '1.0317e-01', '6.0021e-02']",
[92mINFO [0m:      	        'per-client-train_loss_mean': "['4.1566e-02', '6.2695e-02', "
[92mINFO [0m:      	                                      "'1.2882e-01']",
[92mINFO [0m:      	        'train_loss': '6.2459e-02',
[92mINFO [0m:      	        'train_loss_mean': '6.3151e-02'},
[92mINFO [0m:      	  14: { 'client-ids': "['0', '1', '2']",
[92mINFO [0m:      	        'per-client-num-examples': "['4800', '3200', '1600']",
[92mINFO [0m:      	        'per-client-train_loss': "['2.2848e-02', '7.3201e-02', '2.5586e-02']",
[92mINFO [0m:      	        'per-client-train_loss_mean': "['4.1011e-02', '5.8444e-02', "
[92mINFO [0m:      	                                      "'1.0616e-01']",
[92mINFO [0m:      	        'train_loss': '4.0089e-02',
[92mINFO [0m:      	        'train_loss_mean': '5.7681e-02'},
[92mINFO [0m:      	  15: { 'client-ids': "['0', '1', '2']",
[92mINFO [0m:      	        'per-client-num-examples': "['4800', '3200', '1600']",
[92mINFO [0m:      	        'per-client-train_loss': "['4.9236e-02', '4.6213e-02', '4.0310e-02']",
[92mINFO [0m:      	        'per-client-train_loss_mean': "['3.9030e-02', '5.1522e-02', "
[92mINFO [0m:      	                                      "'1.0525e-01']",
[92mINFO [0m:      	        'train_loss': '4.6741e-02',
[92mINFO [0m:      	        'train_loss_mean': '5.4230e-02'},
[92mINFO [0m:      	  16: { 'client-ids': "['0', '1', '2']",
[92mINFO [0m:      	        'per-client-num-examples': "['4800', '3200', '1600']",
[92mINFO [0m:      	        'per-client-train_loss': "['4.1580e-02', '5.2127e-02', '2.9662e-02']",
[92mINFO [0m:      	        'per-client-train_loss_mean': "['3.8016e-02', '5.3011e-02', "
[92mINFO [0m:      	                                      "'9.6659e-02']",
[92mINFO [0m:      	        'train_loss': '4.3109e-02',
[92mINFO [0m:      	        'train_loss_mean': '5.2788e-02'},
[92mINFO [0m:      	  17: { 'client-ids': "['0', '1', '2']",
[92mINFO [0m:      	        'per-client-num-examples': "['4800', '3200', '1600']",
[92mINFO [0m:      	        'per-client-train_loss': "['5.1355e-02', '1.9375e-02', '4.7904e-02']",
[92mINFO [0m:      	        'per-client-train_loss_mean': "['3.5219e-02', '4.2122e-02', "
[92mINFO [0m:      	                                      "'8.8855e-02']",
[92mINFO [0m:      	        'train_loss': '4.0120e-02',
[92mINFO [0m:      	        'train_loss_mean': '4.6459e-02'},
[92mINFO [0m:      	  18: { 'client-ids': "['0', '1', '2']",
[92mINFO [0m:      	        'per-client-num-examples': "['4800', '3200', '1600']",
[92mINFO [0m:      	        'per-client-train_loss': "['1.9903e-02', '1.6889e-02', '1.0748e-02']",
[92mINFO [0m:      	        'per-client-train_loss_mean': "['2.9903e-02', '4.1780e-02', "
[92mINFO [0m:      	                                      "'8.8313e-02']",
[92mINFO [0m:      	        'train_loss': '1.7373e-02',
[92mINFO [0m:      	        'train_loss_mean': '4.3597e-02'},
[92mINFO [0m:      	  19: { 'client-ids': "['0', '1', '2']",
[92mINFO [0m:      	        'per-client-num-examples': "['4800', '3200', '1600']",
[92mINFO [0m:      	        'per-client-train_loss': "['1.6550e-02', '3.9806e-02', '1.9921e-02']",
[92mINFO [0m:      	        'per-client-train_loss_mean': "['3.1220e-02', '4.0107e-02', "
[92mINFO [0m:      	                                      "'7.8334e-02']",
[92mINFO [0m:      	        'train_loss': '2.4864e-02',
[92mINFO [0m:      	        'train_loss_mean': '4.2035e-02'},
[92mINFO [0m:      	  20: { 'client-ids': "['0', '1', '2']",
[92mINFO [0m:      	        'per-client-num-examples': "['4800', '3200', '1600']",
[92mINFO [0m:      	        'per-client-train_loss': "['1.6309e-02', '7.6748e-03', '1.7591e-02']",
[92mINFO [0m:      	        'per-client-train_loss_mean': "['2.6732e-02', '3.1392e-02', "
[92mINFO [0m:      	                                      "'6.0699e-02']",
[92mINFO [0m:      	        'train_loss': '1.3644e-02',
[92mINFO [0m:      	        'train_loss_mean': '3.3946e-02'}}
[92mINFO [0m:      	
[92mINFO [0m:      	Aggregated ClientApp-side Evaluate Metrics:
[92mINFO [0m:      	{ 1: { 'client-ids': "['0', '1', '2']",
[92mINFO [0m:      	       'eval_acc': '6.6708e-01',
[92mINFO [0m:      	       'eval_loss': '1.0323e+00',
[92mINFO [0m:      	       'per-client-eval_acc': "['6.6167e-01', '6.8250e-01', '6.5250e-01']",
[92mINFO [0m:      	       'per-client-eval_loss': "['1.0354e+00', '1.0251e+00', '1.0377e+00']",
[92mINFO [0m:      	       'per-client-num-examples': "['1200', '800', '400']"},
[92mINFO [0m:      	  2: { 'client-ids': "['0', '1', '2']",
[92mINFO [0m:      	       'eval_acc': '7.5500e-01',
[92mINFO [0m:      	       'eval_loss': '6.2605e-01',
[92mINFO [0m:      	       'per-client-eval_acc': "['7.5833e-01', '7.5875e-01', '7.3750e-01']",
[92mINFO [0m:      	       'per-client-eval_loss': "['6.3931e-01', '6.0094e-01', '6.3651e-01']",
[92mINFO [0m:      	       'per-client-num-examples': "['1200', '800', '400']"},
[92mINFO [0m:      	  3: { 'client-ids': "['0', '1', '2']",
[92mINFO [0m:      	       'eval_acc': '8.0375e-01',
[92mINFO [0m:      	       'eval_loss': '5.3180e-01',
[92mINFO [0m:      	       'per-client-eval_acc': "['8.0333e-01', '8.1125e-01', '7.9000e-01']",
[92mINFO [0m:      	       'per-client-eval_loss': "['5.6273e-01', '4.9355e-01', '5.1550e-01']",
[92mINFO [0m:      	       'per-client-num-examples': "['1200', '800', '400']"},
[92mINFO [0m:      	  4: { 'client-ids': "['0', '1', '2']",
[92mINFO [0m:      	       'eval_acc': '8.1750e-01',
[92mINFO [0m:      	       'eval_loss': '5.3265e-01',
[92mINFO [0m:      	       'per-client-eval_acc': "['8.1167e-01', '8.3125e-01', '8.0750e-01']",
[92mINFO [0m:      	       'per-client-eval_loss': "['5.6288e-01', '4.8816e-01', '5.3094e-01']",
[92mINFO [0m:      	       'per-client-num-examples': "['1200', '800', '400']"},
[92mINFO [0m:      	  5: { 'client-ids': "['0', '1', '2']",
[92mINFO [0m:      	       'eval_acc': '8.0042e-01',
[92mINFO [0m:      	       'eval_loss': '5.8343e-01',
[92mINFO [0m:      	       'per-client-eval_acc': "['8.0250e-01', '8.0000e-01', '7.9500e-01']",
[92mINFO [0m:      	       'per-client-eval_loss': "['5.9536e-01', '5.7659e-01', '5.6130e-01']",
[92mINFO [0m:      	       'per-client-num-examples': "['1200', '800', '400']"},
[92mINFO [0m:      	  6: { 'client-ids': "['0', '1', '2']",
[92mINFO [0m:      	       'eval_acc': '7.9917e-01',
[92mINFO [0m:      	       'eval_loss': '6.9289e-01',
[92mINFO [0m:      	       'per-client-eval_acc': "['7.9917e-01', '8.0000e-01', '7.9750e-01']",
[92mINFO [0m:      	       'per-client-eval_loss': "['7.0746e-01', '6.5914e-01', '7.1670e-01']",
[92mINFO [0m:      	       'per-client-num-examples': "['1200', '800', '400']"},
[92mINFO [0m:      	  7: { 'client-ids': "['0', '1', '2']",
[92mINFO [0m:      	       'eval_acc': '8.0833e-01',
[92mINFO [0m:      	       'eval_loss': '7.6130e-01',
[92mINFO [0m:      	       'per-client-eval_acc': "['8.1667e-01', '8.0250e-01', '7.9500e-01']",
[92mINFO [0m:      	       'per-client-eval_loss': "['7.7743e-01', '7.3249e-01', '7.7055e-01']",
[92mINFO [0m:      	       'per-client-num-examples': "['1200', '800', '400']"},
[92mINFO [0m:      	  8: { 'client-ids': "['0', '1', '2']",
[92mINFO [0m:      	       'eval_acc': '8.0708e-01',
[92mINFO [0m:      	       'eval_loss': '7.9398e-01',
[92mINFO [0m:      	       'per-client-eval_acc': "['8.0333e-01', '8.1125e-01', '8.1000e-01']",
[92mINFO [0m:      	       'per-client-eval_loss': "['8.3721e-01', '7.3986e-01', '7.7254e-01']",
[92mINFO [0m:      	       'per-client-num-examples': "['1200', '800', '400']"},
[92mINFO [0m:      	  9: { 'client-ids': "['0', '1', '2']",
[92mINFO [0m:      	       'eval_acc': '8.0917e-01',
[92mINFO [0m:      	       'eval_loss': '8.4643e-01',
[92mINFO [0m:      	       'per-client-eval_acc': "['8.0917e-01', '8.1000e-01', '8.0750e-01']",
[92mINFO [0m:      	       'per-client-eval_loss': "['8.6786e-01', '8.0899e-01', '8.5699e-01']",
[92mINFO [0m:      	       'per-client-num-examples': "['1200', '800', '400']"},
[92mINFO [0m:      	  10: { 'client-ids': "['0', '1', '2']",
[92mINFO [0m:      	        'eval_acc': '8.1208e-01',
[92mINFO [0m:      	        'eval_loss': '9.5170e-01',
[92mINFO [0m:      	        'per-client-eval_acc': "['8.0750e-01', '8.2000e-01', '8.1000e-01']",
[92mINFO [0m:      	        'per-client-eval_loss': "['1.0314e+00', '8.5762e-01', '9.0085e-01']",
[92mINFO [0m:      	        'per-client-num-examples': "['1200', '800', '400']"},
[92mINFO [0m:      	  11: { 'client-ids': "['0', '1', '2']",
[92mINFO [0m:      	        'eval_acc': '8.0708e-01',
[92mINFO [0m:      	        'eval_loss': '8.7895e-01',
[92mINFO [0m:      	        'per-client-eval_acc': "['8.1000e-01', '8.0875e-01', '7.9500e-01']",
[92mINFO [0m:      	        'per-client-eval_loss': "['9.3588e-01', '7.8729e-01', '8.9146e-01']",
[92mINFO [0m:      	        'per-client-num-examples': "['1200', '800', '400']"},
[92mINFO [0m:      	  12: { 'client-ids': "['0', '1', '2']",
[92mINFO [0m:      	        'eval_acc': '8.0708e-01',
[92mINFO [0m:      	        'eval_loss': '9.9060e-01',
[92mINFO [0m:      	        'per-client-eval_acc': "['8.0583e-01', '8.1375e-01', '7.9750e-01']",
[92mINFO [0m:      	        'per-client-eval_loss': "['1.0676e+00', '8.5850e-01', '1.0237e+00']",
[92mINFO [0m:      	        'per-client-num-examples': "['1200', '800', '400']"},
[92mINFO [0m:      	  13: { 'client-ids': "['0', '1', '2']",
[92mINFO [0m:      	        'eval_acc': '8.1083e-01',
[92mINFO [0m:      	        'eval_loss': '9.6114e-01',
[92mINFO [0m:      	        'per-client-eval_acc': "['8.1083e-01', '8.0875e-01', '8.1500e-01']",
[92mINFO [0m:      	        'per-client-eval_loss': "['9.8312e-01', '9.1812e-01', '9.8123e-01']",
[92mINFO [0m:      	        'per-client-num-examples': "['1200', '800', '400']"},
[92mINFO [0m:      	  14: { 'client-ids': "['0', '1', '2']",
[92mINFO [0m:      	        'eval_acc': '8.0875e-01',
[92mINFO [0m:      	        'eval_loss': '9.9750e-01',
[92mINFO [0m:      	        'per-client-eval_acc': "['8.1000e-01', '8.0625e-01', '8.1000e-01']",
[92mINFO [0m:      	        'per-client-eval_loss': "['1.0254e+00', '9.0840e-01', '1.0920e+00']",
[92mINFO [0m:      	        'per-client-num-examples': "['1200', '800', '400']"},
[92mINFO [0m:      	  15: { 'client-ids': "['0', '1', '2']",
[92mINFO [0m:      	        'eval_acc': '8.0167e-01',
[92mINFO [0m:      	        'eval_loss': '1.0847e+00',
[92mINFO [0m:      	        'per-client-eval_acc': "['8.0500e-01', '8.0500e-01', '7.8500e-01']",
[92mINFO [0m:      	        'per-client-eval_loss': "['1.0998e+00', '1.0110e+00', '1.1865e+00']",
[92mINFO [0m:      	        'per-client-num-examples': "['1200', '800', '400']"},
[92mINFO [0m:      	  16: { 'client-ids': "['0', '1', '2']",
[92mINFO [0m:      	        'eval_acc': '8.0000e-01',
[92mINFO [0m:      	        'eval_loss': '1.0500e+00',
[92mINFO [0m:      	        'per-client-eval_acc': "['7.9583e-01', '8.0875e-01', '7.9500e-01']",
[92mINFO [0m:      	        'per-client-eval_loss': "['1.1010e+00', '9.4457e-01', '1.1077e+00']",
[92mINFO [0m:      	        'per-client-num-examples': "['1200', '800', '400']"},
[92mINFO [0m:      	  17: { 'client-ids': "['0', '1', '2']",
[92mINFO [0m:      	        'eval_acc': '8.0917e-01',
[92mINFO [0m:      	        'eval_loss': '1.0936e+00',
[92mINFO [0m:      	        'per-client-eval_acc': "['8.1000e-01', '8.1250e-01', '8.0000e-01']",
[92mINFO [0m:      	        'per-client-eval_loss': "['1.1211e+00', '1.0156e+00', '1.1672e+00']",
[92mINFO [0m:      	        'per-client-num-examples': "['1200', '800', '400']"},
[92mINFO [0m:      	  18: { 'client-ids': "['0', '1', '2']",
[92mINFO [0m:      	        'eval_acc': '7.9750e-01',
[92mINFO [0m:      	        'eval_loss': '1.1852e+00',
[92mINFO [0m:      	        'per-client-eval_acc': "['7.9667e-01', '8.0000e-01', '7.9500e-01']",
[92mINFO [0m:      	        'per-client-eval_loss': "['1.2412e+00', '1.1134e+00', '1.1605e+00']",
[92mINFO [0m:      	        'per-client-num-examples': "['1200', '800', '400']"},
[92mINFO [0m:      	  19: { 'client-ids': "['0', '1', '2']",
[92mINFO [0m:      	        'eval_acc': '7.9625e-01',
[92mINFO [0m:      	        'eval_loss': '1.2040e+00',
[92mINFO [0m:      	        'per-client-eval_acc': "['7.9750e-01', '7.9375e-01', '7.9750e-01']",
[92mINFO [0m:      	        'per-client-eval_loss': "['1.2968e+00', '1.0854e+00', '1.1630e+00']",
[92mINFO [0m:      	        'per-client-num-examples': "['1200', '800', '400']"},
[92mINFO [0m:      	  20: { 'client-ids': "['0', '1', '2']",
[92mINFO [0m:      	        'eval_acc': '8.0125e-01',
[92mINFO [0m:      	        'eval_loss': '1.2846e+00',
[92mINFO [0m:      	        'per-client-eval_acc': "['7.9167e-01', '8.1125e-01', '8.1000e-01']",
[92mINFO [0m:      	        'per-client-eval_loss': "['1.3252e+00', '1.1661e+00', '1.3997e+00']",
[92mINFO [0m:      	        'per-client-num-examples': "['1200', '800', '400']"}}
[92mINFO [0m:      	
[92mINFO [0m:      	ServerApp-side Evaluate Metrics:
[92mINFO [0m:      	{ 0: { 'accuracy': '2.5000e-01',
[92mINFO [0m:      	       'auc': '5.1965e-01',
[92mINFO [0m:      	       'f1': '1.0000e-01',
[92mINFO [0m:      	       'loss': '1.3895e+00',
[92mINFO [0m:      	       'precision': '6.2500e-02'},
[92mINFO [0m:      	  1: { 'accuracy': '6.9050e-01',
[92mINFO [0m:      	       'auc': '8.8186e-01',
[92mINFO [0m:      	       'f1': '6.8086e-01',
[92mINFO [0m:      	       'loss': '1.0266e+00',
[92mINFO [0m:      	       'precision': '6.8678e-01'},
[92mINFO [0m:      	  2: { 'accuracy': '7.7600e-01',
[92mINFO [0m:      	       'auc': '9.4280e-01',
[92mINFO [0m:      	       'f1': '7.7213e-01',
[92mINFO [0m:      	       'loss': '5.7506e-01',
[92mINFO [0m:      	       'precision': '7.7407e-01'},
[92mINFO [0m:      	  3: { 'accuracy': '8.0400e-01',
[92mINFO [0m:      	       'auc': '9.5564e-01',
[92mINFO [0m:      	       'f1': '8.0496e-01',
[92mINFO [0m:      	       'loss': '5.0724e-01',
[92mINFO [0m:      	       'precision': '8.0676e-01'},
[92mINFO [0m:      	  4: { 'accuracy': '8.1900e-01',
[92mINFO [0m:      	       'auc': '9.6127e-01',
[92mINFO [0m:      	       'f1': '8.1893e-01',
[92mINFO [0m:      	       'loss': '4.9989e-01',
[92mINFO [0m:      	       'precision': '8.1932e-01'},
[92mINFO [0m:      	  5: { 'accuracy': '8.1100e-01',
[92mINFO [0m:      	       'auc': '9.5523e-01',
[92mINFO [0m:      	       'f1': '8.0945e-01',
[92mINFO [0m:      	       'loss': '5.6174e-01',
[92mINFO [0m:      	       'precision': '8.0987e-01'},
[92mINFO [0m:      	  6: { 'accuracy': '8.0400e-01',
[92mINFO [0m:      	       'auc': '9.5341e-01',
[92mINFO [0m:      	       'f1': '8.0306e-01',
[92mINFO [0m:      	       'loss': '6.7298e-01',
[92mINFO [0m:      	       'precision': '8.1214e-01'},
[92mINFO [0m:      	  7: { 'accuracy': '8.2350e-01',
[92mINFO [0m:      	       'auc': '9.5877e-01',
[92mINFO [0m:      	       'f1': '8.2391e-01',
[92mINFO [0m:      	       'loss': '7.1112e-01',
[92mINFO [0m:      	       'precision': '8.2531e-01'},
[92mINFO [0m:      	  8: { 'accuracy': '8.1500e-01',
[92mINFO [0m:      	       'auc': '9.5587e-01',
[92mINFO [0m:      	       'f1': '8.1462e-01',
[92mINFO [0m:      	       'loss': '7.8277e-01',
[92mINFO [0m:      	       'precision': '8.1465e-01'},
[92mINFO [0m:      	  9: { 'accuracy': '8.1150e-01',
[92mINFO [0m:      	       'auc': '9.5155e-01',
[92mINFO [0m:      	       'f1': '8.0955e-01',
[92mINFO [0m:      	       'loss': '8.6691e-01',
[92mINFO [0m:      	       'precision': '8.1288e-01'},
[92mINFO [0m:      	  10: { 'accuracy': '8.1050e-01',
[92mINFO [0m:      	        'auc': '9.5584e-01',
[92mINFO [0m:      	        'f1': '8.1103e-01',
[92mINFO [0m:      	        'loss': '9.2184e-01',
[92mINFO [0m:      	        'precision': '8.1331e-01'},
[92mINFO [0m:      	  11: { 'accuracy': '8.1400e-01',
[92mINFO [0m:      	        'auc': '9.5538e-01',
[92mINFO [0m:      	        'f1': '8.1403e-01',
[92mINFO [0m:      	        'loss': '8.5610e-01',
[92mINFO [0m:      	        'precision': '8.1425e-01'},
[92mINFO [0m:      	  12: { 'accuracy': '8.1400e-01',
[92mINFO [0m:      	        'auc': '9.5173e-01',
[92mINFO [0m:      	        'f1': '8.1430e-01',
[92mINFO [0m:      	        'loss': '9.9090e-01',
[92mINFO [0m:      	        'precision': '8.1501e-01'},
[92mINFO [0m:      	  13: { 'accuracy': '8.1600e-01',
[92mINFO [0m:      	        'auc': '9.5427e-01',
[92mINFO [0m:      	        'f1': '8.1610e-01',
[92mINFO [0m:      	        'loss': '9.4816e-01',
[92mINFO [0m:      	        'precision': '8.1675e-01'},
[92mINFO [0m:      	  14: { 'accuracy': '8.1850e-01',
[92mINFO [0m:      	        'auc': '9.5275e-01',
[92mINFO [0m:      	        'f1': '8.1667e-01',
[92mINFO [0m:      	        'loss': '9.9479e-01',
[92mINFO [0m:      	        'precision': '8.1680e-01'},
[92mINFO [0m:      	  15: { 'accuracy': '7.9500e-01',
[92mINFO [0m:      	        'auc': '9.5084e-01',
[92mINFO [0m:      	        'f1': '7.9628e-01',
[92mINFO [0m:      	        'loss': '1.0829e+00',
[92mINFO [0m:      	        'precision': '8.0259e-01'},
[92mINFO [0m:      	  16: { 'accuracy': '8.0750e-01',
[92mINFO [0m:      	        'auc': '9.5236e-01',
[92mINFO [0m:      	        'f1': '8.0721e-01',
[92mINFO [0m:      	        'loss': '1.0168e+00',
[92mINFO [0m:      	        'precision': '8.0724e-01'},
[92mINFO [0m:      	  17: { 'accuracy': '8.1150e-01',
[92mINFO [0m:      	        'auc': '9.5305e-01',
[92mINFO [0m:      	        'f1': '8.1107e-01',
[92mINFO [0m:      	        'loss': '1.0807e+00',
[92mINFO [0m:      	        'precision': '8.1102e-01'},
[92mINFO [0m:      	  18: { 'accuracy': '8.0850e-01',
[92mINFO [0m:      	        'auc': '9.5052e-01',
[92mINFO [0m:      	        'f1': '8.0817e-01',
[92mINFO [0m:      	        'loss': '1.2147e+00',
[92mINFO [0m:      	        'precision': '8.0906e-01'},
[92mINFO [0m:      	  19: { 'accuracy': '8.0650e-01',
[92mINFO [0m:      	        'auc': '9.5130e-01',
[92mINFO [0m:      	        'f1': '8.0736e-01',
[92mINFO [0m:      	        'loss': '1.1680e+00',
[92mINFO [0m:      	        'precision': '8.1087e-01'},
[92mINFO [0m:      	  20: { 'accuracy': '8.1150e-01',
[92mINFO [0m:      	        'auc': '9.4827e-01',
[92mINFO [0m:      	        'f1': '8.0994e-01',
[92mINFO [0m:      	        'loss': '1.2509e+00',
[92mINFO [0m:      	        'precision': '8.1116e-01'}}
[92mINFO [0m:      
Round 1 checkpoint written to /content/metricdp-pytorch/results/planned_runs/cifar/full/out-replace/clients-3/seed-42/vanilla/runs/cifar-full-out-replace__non-iid__vanilla__fedavg__clients-3__seed-42__nm0p01__clip5__rounds-20__epochs-5__cifar_chunks__cifar10_cnn.round-1.pt
Round 2 checkpoint written to /content/metricdp-pytorch/results/planned_runs/cifar/full/out-replace/clients-3/seed-42/vanilla/runs/cifar-full-out-replace__non-iid__vanilla__fedavg__clients-3__seed-42__nm0p01__clip5__rounds-20__epochs-5__cifar_chunks__cifar10_cnn.round-2.pt
Round 3 checkpoint written to /content/metricdp-pytorch/results/planned_runs/cifar/full/out-replace/clients-3/seed-42/vanilla/runs/cifar-full-out-replace__non-iid__vanilla__fedavg__clients-3__seed-42__nm0p01__clip5__rounds-20__epochs-5__cifar_chunks__cifar10_cnn.round-3.pt
Round 4 checkpoint written to /content/metricdp-pytorch/results/planned_runs/cifar/full/out-replace/clients-3/seed-42/vanilla/runs/cifar-full-out-replace__non-iid__vanilla__fedavg__clients-3__seed-42__nm0p01__clip5__rounds-20__epochs-5__cifar_chunks__cifar10_cnn.round-4.pt
Round 5 checkpoint written to /content/metricdp-pytorch/results/planned_runs/cifar/full/out-replace/clients-3/seed-42/vanilla/runs/cifar-full-out-replace__non-iid__vanilla__fedavg__clients-3__seed-42__nm0p01__clip5__rounds-20__epochs-5__cifar_chunks__cifar10_cnn.round-5.pt
Round 6 checkpoint written to /content/metricdp-pytorch/results/planned_runs/cifar/full/out-replace/clients-3/seed-42/vanilla/runs/cifar-full-out-replace__non-iid__vanilla__fedavg__clients-3__seed-42__nm0p01__clip5__rounds-20__epochs-5__cifar_chunks__cifar10_cnn.round-6.pt
Round 7 checkpoint written to /content/metricdp-pytorch/results/planned_runs/cifar/full/out-replace/clients-3/seed-42/vanilla/runs/cifar-full-out-replace__non-iid__vanilla__fedavg__clients-3__seed-42__nm0p01__clip5__rounds-20__epochs-5__cifar_chunks__cifar10_cnn.round-7.pt
Round 8 checkpoint written to /content/metricdp-pytorch/results/planned_runs/cifar/full/out-replace/clients-3/seed-42/vanilla/runs/cifar-full-out-replace__non-iid__vanilla__fedavg__clients-3__seed-42__nm0p01__clip5__rounds-20__epochs-5__cifar_chunks__cifar10_cnn.round-8.pt
Round 9 checkpoint written to /content/metricdp-pytorch/results/planned_runs/cifar/full/out-replace/clients-3/seed-42/vanilla/runs/cifar-full-out-replace__non-iid__vanilla__fedavg__clients-3__seed-42__nm0p01__clip5__rounds-20__epochs-5__cifar_chunks__cifar10_cnn.round-9.pt
Round 10 checkpoint written to /content/metricdp-pytorch/results/planned_runs/cifar/full/out-replace/clients-3/seed-42/vanilla/runs/cifar-full-out-replace__non-iid__vanilla__fedavg__clients-3__seed-42__nm0p01__clip5__rounds-20__epochs-5__cifar_chunks__cifar10_cnn.round-10.pt
Round 11 checkpoint written to /content/metricdp-pytorch/results/planned_runs/cifar/full/out-replace/clients-3/seed-42/vanilla/runs/cifar-full-out-replace__non-iid__vanilla__fedavg__clients-3__seed-42__nm0p01__clip5__rounds-20__epochs-5__cifar_chunks__cifar10_cnn.round-11.pt
Round 12 checkpoint written to /content/metricdp-pytorch/results/planned_runs/cifar/full/out-replace/clients-3/seed-42/vanilla/runs/cifar-full-out-replace__non-iid__vanilla__fedavg__clients-3__seed-42__nm0p01__clip5__rounds-20__epochs-5__cifar_chunks__cifar10_cnn.round-12.pt
Round 13 checkpoint written to /content/metricdp-pytorch/results/planned_runs/cifar/full/out-replace/clients-3/seed-42/vanilla/runs/cifar-full-out-replace__non-iid__vanilla__fedavg__clients-3__seed-42__nm0p01__clip5__rounds-20__epochs-5__cifar_chunks__cifar10_cnn.round-13.pt
Round 14 checkpoint written to /content/metricdp-pytorch/results/planned_runs/cifar/full/out-replace/clients-3/seed-42/vanilla/runs/cifar-full-out-replace__non-iid__vanilla__fedavg__clients-3__seed-42__nm0p01__clip5__rounds-20__epochs-5__cifar_chunks__cifar10_cnn.round-14.pt
Round 15 checkpoint written to /content/metricdp-pytorch/results/planned_runs/cifar/full/out-replace/clients-3/seed-42/vanilla/runs/cifar-full-out-replace__non-iid__vanilla__fedavg__clients-3__seed-42__nm0p01__clip5__rounds-20__epochs-5__cifar_chunks__cifar10_cnn.round-15.pt
Round 16 checkpoint written to /content/metricdp-pytorch/results/planned_runs/cifar/full/out-replace/clients-3/seed-42/vanilla/runs/cifar-full-out-replace__non-iid__vanilla__fedavg__clients-3__seed-42__nm0p01__clip5__rounds-20__epochs-5__cifar_chunks__cifar10_cnn.round-16.pt
Round 17 checkpoint written to /content/metricdp-pytorch/results/planned_runs/cifar/full/out-replace/clients-3/seed-42/vanilla/runs/cifar-full-out-replace__non-iid__vanilla__fedavg__clients-3__seed-42__nm0p01__clip5__rounds-20__epochs-5__cifar_chunks__cifar10_cnn.round-17.pt
Round 18 checkpoint written to /content/metricdp-pytorch/results/planned_runs/cifar/full/out-replace/clients-3/seed-42/vanilla/runs/cifar-full-out-replace__non-iid__vanilla__fedavg__clients-3__seed-42__nm0p01__clip5__rounds-20__epochs-5__cifar_chunks__cifar10_cnn.round-18.pt
Round 19 checkpoint written to /content/metricdp-pytorch/results/planned_runs/cifar/full/out-replace/clients-3/seed-42/vanilla/runs/cifar-full-out-replace__non-iid__vanilla__fedavg__clients-3__seed-42__nm0p01__clip5__rounds-20__epochs-5__cifar_chunks__cifar10_cnn.round-19.pt
Round 20 checkpoint written to /content/metricdp-pytorch/results/planned_runs/cifar/full/out-replace/clients-3/seed-42/vanilla/runs/cifar-full-out-replace__non-iid__vanilla__fedavg__clients-3__seed-42__nm0p01__clip5__rounds-20__epochs-5__cifar_chunks__cifar10_cnn.round-20.pt
Experiment result written to /content/metricdp-pytorch/results/planned_runs/cifar/full/out-replace/clients-3/seed-42/vanilla/runs/cifar-full-out-replace__non-iid__vanilla__fedavg__clients-3__seed-42__nm0p01__clip5__rounds-20__epochs-5__cifar_chunks__cifar10_cnn.json
/usr/lib/python3.12/multiprocessing/popen_fork.py:66: DeprecationWarning: This process (pid=2700) is multi-threaded, use of fork() may lead to deadlocks in the child.
  self.pid = os.fork()
[36m(ClientAppActor pid=3295)[0m /usr/lib/python3.12/multiprocessing/popen_fork.py:66: DeprecationWarning: This process (pid=3295) is multi-threaded, use of fork() may lead to deadlocks in the child.[32m [repeated 2x across cluster][0m
[36m(ClientAppActor pid=3295)[0m   self.pid = os.fork()[32m [repeated 2x across cluster][0m
Detailed evaluation written to /content/metricdp-pytorch/results/planned_runs/cifar/full/out-replace/clients-3/seed-42/vanilla/runs/cifar-full-out-replace__non-iid__vanilla__fedavg__clients-3__seed-42__nm0p01__clip5__rounds-20__epochs-5__cifar_chunks__cifar10_cnn.evaluation.json and /content/metricdp-pytorch/results/planned_runs/cifar/full/out-replace/clients-3/seed-42/vanilla/runs/cifar-full-out-replace__non-iid__vanilla__fedavg__clients-3__seed-42__nm0p01__clip5__rounds-20__epochs-5__cifar_chunks__cifar10_cnn.predictions.npz
Result: /content/metricdp-pytorch/results/planned_runs/cifar/full/out-replace/clients-3/seed-42/vanilla/runs/cifar-full-out-replace__non-iid__vanilla__fedavg__clients-3__seed-42__nm0p01__clip5__rounds-20__epochs-5__cifar_chunks__cifar10_cnn.json
Final server metrics: {'loss': 1.2509335640668868, 'accuracy': 0.8115, 'f1': 0.8099411092117239, 'precision': 0.8111589075756039, 'auc': 0.9482674999999999}
2026-08-05 14:07:32 DONE  cifar-full-out-replace__non-iid__vanilla__fedavg__clients-3__seed-42__nm0p01__clip5__rounds-20__epochs-5__cifar_chunks__cifar10_cnn (246.4s)
2026-08-05 14:07:41 EVALUATED cifar-full-out-replace__non-iid__vanilla__fedavg__clients-3__seed-42__nm0p01__clip5__rounds-20__epochs-5__cifar_chunks__cifar10_cnn round=1 (checkpoint deleted)
2026-08-05 14:07:49 EVALUATED cifar-full-out-replace__non-iid__vanilla__fedavg__clients-3__seed-42__nm0p01__clip5__rounds-20__epochs-5__cifar_chunks__cifar10_cnn round=2 (checkpoint deleted)
2026-08-05 14:07:56 EVALUATED cifar-full-out-replace__non-iid__vanilla__fedavg__clients-3__seed-42__nm0p01__clip5__rounds-20__epochs-5__cifar_chunks__cifar10_cnn round=3 (checkpoint deleted)
2026-08-05 14:08:04 EVALUATED cifar-full-out-replace__non-iid__vanilla__fedavg__clients-3__seed-42__nm0p01__clip5__rounds-20__epochs-5__cifar_chunks__cifar10_cnn round=4 (checkpoint deleted)
2026-08-05 14:08:11 EVALUATED cifar-full-out-replace__non-iid__vanilla__fedavg__clients-3__seed-42__nm0p01__clip5__rounds-20__epochs-5__cifar_chunks__cifar10_cnn round=5 (checkpoint deleted)
2026-08-05 14:08:19 EVALUATED cifar-full-out-replace__non-iid__vanilla__fedavg__clients-3__seed-42__nm0p01__clip5__rounds-20__epochs-5__cifar_chunks__cifar10_cnn round=6 (checkpoint deleted)
2026-08-05 14:08:26 EVALUATED cifar-full-out-replace__non-iid__vanilla__fedavg__clients-3__seed-42__nm0p01__clip5__rounds-20__epochs-5__cifar_chunks__cifar10_cnn round=7 (checkpoint deleted)
2026-08-05 14:08:34 EVALUATED cifar-full-out-replace__non-iid__vanilla__fedavg__clients-3__seed-42__nm0p01__clip5__rounds-20__epochs-5__cifar_chunks__cifar10_cnn round=8 (checkpoint deleted)
2026-08-05 14:08:41 EVALUATED cifar-full-out-replace__non-iid__vanilla__fedavg__clients-3__seed-42__nm0p01__clip5__rounds-20__epochs-5__cifar_chunks__cifar10_cnn round=9 (checkpoint deleted)
2026-08-05 14:08:49 EVALUATED cifar-full-out-replace__non-iid__vanilla__fedavg__clients-3__seed-42__nm0p01__clip5__rounds-20__epochs-5__cifar_chunks__cifar10_cnn round=10 (checkpoint deleted)
2026-08-05 14:08:56 EVALUATED cifar-full-out-replace__non-iid__vanilla__fedavg__clients-3__seed-42__nm0p01__clip5__rounds-20__epochs-5__cifar_chunks__cifar10_cnn round=11 (checkpoint deleted)
2026-08-05 14:09:04 EVALUATED cifar-full-out-replace__non-iid__vanilla__fedavg__clients-3__seed-42__nm0p01__clip5__rounds-20__epochs-5__cifar_chunks__cifar10_cnn round=12 (checkpoint deleted)
2026-08-05 14:09:11 EVALUATED cifar-full-out-replace__non-iid__vanilla__fedavg__clients-3__seed-42__nm0p01__clip5__rounds-20__epochs-5__cifar_chunks__cifar10_cnn round=13 (checkpoint deleted)
2026-08-05 14:09:19 EVALUATED cifar-full-out-replace__non-iid__vanilla__fedavg__clients-3__seed-42__nm0p01__clip5__rounds-20__epochs-5__cifar_chunks__cifar10_cnn round=14 (checkpoint deleted)
2026-08-05 14:09:26 EVALUATED cifar-full-out-replace__non-iid__vanilla__fedavg__clients-3__seed-42__nm0p01__clip5__rounds-20__epochs-5__cifar_chunks__cifar10_cnn round=15 (checkpoint deleted)
2026-08-05 14:09:34 EVALUATED cifar-full-out-replace__non-iid__vanilla__fedavg__clients-3__seed-42__nm0p01__clip5__rounds-20__epochs-5__cifar_chunks__cifar10_cnn round=16 (checkpoint deleted)
2026-08-05 14:09:41 EVALUATED cifar-full-out-replace__non-iid__vanilla__fedavg__clients-3__seed-42__nm0p01__clip5__rounds-20__epochs-5__cifar_chunks__cifar10_cnn round=17 (checkpoint deleted)
2026-08-05 14:09:49 EVALUATED cifar-full-out-replace__non-iid__vanilla__fedavg__clients-3__seed-42__nm0p01__clip5__rounds-20__epochs-5__cifar_chunks__cifar10_cnn round=18 (checkpoint deleted)
2026-08-05 14:09:56 EVALUATED cifar-full-out-replace__non-iid__vanilla__fedavg__clients-3__seed-42__nm0p01__clip5__rounds-20__epochs-5__cifar_chunks__cifar10_cnn round=19 (checkpoint deleted)
2026-08-05 14:10:04 EVALUATED cifar-full-out-replace__non-iid__vanilla__fedavg__clients-3__seed-42__nm0p01__clip5__rounds-20__epochs-5__cifar_chunks__cifar10_cnn round=20 (checkpoint deleted)
2026-08-05 14:10:04 PROGRESS 1/1 (0 failed so far)
2026-08-05 14:10:04 Sweep finished: 1/1 attempted, 0 failed
