2026-08-14 01:07:13 CIFAR-10 removal CIA chunk (metric-privacy, clients=100, noise_ratio=0.0025): 2 trajectories
2026-08-14 01:07:13 START cifar10-in-remove__non-iid__metric-privacy__fedavg__clients-100__seed-42__nm0p25__clip5__rounds-20__epochs-5__cifar10_remove__cifar10_cnn 
2026-08-14 01:26:26 DONE  cifar10-in-remove__non-iid__metric-privacy__fedavg__clients-100__seed-42__nm0p25__clip5__rounds-20__epochs-5__cifar10_remove__cifar10_cnn (1153.5s)
2026-08-14 01:26:34 EVALUATED cifar10-in-remove__non-iid__metric-privacy__fedavg__clients-100__seed-42__nm0p25__clip5__rounds-20__epochs-5__cifar10_remove__cifar10_cnn round=1 (checkpoint deleted)
2026-08-14 01:26:39 EVALUATED cifar10-in-remove__non-iid__metric-privacy__fedavg__clients-100__seed-42__nm0p25__clip5__rounds-20__epochs-5__cifar10_remove__cifar10_cnn round=2 (checkpoint deleted)
2026-08-14 01:26:43 EVALUATED cifar10-in-remove__non-iid__metric-privacy__fedavg__clients-100__seed-42__nm0p25__clip5__rounds-20__epochs-5__cifar10_remove__cifar10_cnn round=3 (checkpoint deleted)
2026-08-14 01:26:48 EVALUATED cifar10-in-remove__non-iid__metric-privacy__fedavg__clients-100__seed-42__nm0p25__clip5__rounds-20__epochs-5__cifar10_remove__cifar10_cnn round=4 (checkpoint deleted)
2026-08-14 01:26:53 EVALUATED cifar10-in-remove__non-iid__metric-privacy__fedavg__clients-100__seed-42__nm0p25__clip5__rounds-20__epochs-5__cifar10_remove__cifar10_cnn round=5 (checkpoint deleted)
2026-08-14 01:26:57 EVALUATED cifar10-in-remove__non-iid__metric-privacy__fedavg__clients-100__seed-42__nm0p25__clip5__rounds-20__epochs-5__cifar10_remove__cifar10_cnn round=6 (checkpoint deleted)
2026-08-14 01:27:02 EVALUATED cifar10-in-remove__non-iid__metric-privacy__fedavg__clients-100__seed-42__nm0p25__clip5__rounds-20__epochs-5__cifar10_remove__cifar10_cnn round=7 (checkpoint deleted)
2026-08-14 01:27:06 EVALUATED cifar10-in-remove__non-iid__metric-privacy__fedavg__clients-100__seed-42__nm0p25__clip5__rounds-20__epochs-5__cifar10_remove__cifar10_cnn round=8 (checkpoint deleted)
2026-08-14 01:27:11 EVALUATED cifar10-in-remove__non-iid__metric-privacy__fedavg__clients-100__seed-42__nm0p25__clip5__rounds-20__epochs-5__cifar10_remove__cifar10_cnn round=9 (checkpoint deleted)
2026-08-14 01:27:15 EVALUATED cifar10-in-remove__non-iid__metric-privacy__fedavg__clients-100__seed-42__nm0p25__clip5__rounds-20__epochs-5__cifar10_remove__cifar10_cnn round=10 (checkpoint deleted)
2026-08-14 01:27:20 EVALUATED cifar10-in-remove__non-iid__metric-privacy__fedavg__clients-100__seed-42__nm0p25__clip5__rounds-20__epochs-5__cifar10_remove__cifar10_cnn round=11 (checkpoint deleted)
2026-08-14 01:27:25 EVALUATED cifar10-in-remove__non-iid__metric-privacy__fedavg__clients-100__seed-42__nm0p25__clip5__rounds-20__epochs-5__cifar10_remove__cifar10_cnn round=12 (checkpoint deleted)
2026-08-14 01:27:29 EVALUATED cifar10-in-remove__non-iid__metric-privacy__fedavg__clients-100__seed-42__nm0p25__clip5__rounds-20__epochs-5__cifar10_remove__cifar10_cnn round=13 (checkpoint deleted)
2026-08-14 01:27:34 EVALUATED cifar10-in-remove__non-iid__metric-privacy__fedavg__clients-100__seed-42__nm0p25__clip5__rounds-20__epochs-5__cifar10_remove__cifar10_cnn round=14 (checkpoint deleted)
2026-08-14 01:27:38 EVALUATED cifar10-in-remove__non-iid__metric-privacy__fedavg__clients-100__seed-42__nm0p25__clip5__rounds-20__epochs-5__cifar10_remove__cifar10_cnn round=15 (checkpoint deleted)
2026-08-14 01:27:43 EVALUATED cifar10-in-remove__non-iid__metric-privacy__fedavg__clients-100__seed-42__nm0p25__clip5__rounds-20__epochs-5__cifar10_remove__cifar10_cnn round=16 (checkpoint deleted)
2026-08-14 01:27:48 EVALUATED cifar10-in-remove__non-iid__metric-privacy__fedavg__clients-100__seed-42__nm0p25__clip5__rounds-20__epochs-5__cifar10_remove__cifar10_cnn round=17 (checkpoint deleted)
2026-08-14 01:27:52 EVALUATED cifar10-in-remove__non-iid__metric-privacy__fedavg__clients-100__seed-42__nm0p25__clip5__rounds-20__epochs-5__cifar10_remove__cifar10_cnn round=18 (checkpoint deleted)
2026-08-14 01:27:57 EVALUATED cifar10-in-remove__non-iid__metric-privacy__fedavg__clients-100__seed-42__nm0p25__clip5__rounds-20__epochs-5__cifar10_remove__cifar10_cnn round=19 (checkpoint deleted)
2026-08-14 01:28:01 EVALUATED cifar10-in-remove__non-iid__metric-privacy__fedavg__clients-100__seed-42__nm0p25__clip5__rounds-20__epochs-5__cifar10_remove__cifar10_cnn round=20 (checkpoint deleted)
2026-08-14 01:28:01 PROGRESS 1/2 (0 failed so far)
2026-08-14 01:28:01 START cifar10-out-remove__non-iid__metric-privacy__fedavg__clients-99__seed-42__nm0p2475__clip5__rounds-20__epochs-5__cifar10_remove__cifar10_cnn 
2026-08-14 01:47:06 DONE  cifar10-out-remove__non-iid__metric-privacy__fedavg__clients-99__seed-42__nm0p2475__clip5__rounds-20__epochs-5__cifar10_remove__cifar10_cnn (1144.6s)
2026-08-14 01:47:11 EVALUATED cifar10-out-remove__non-iid__metric-privacy__fedavg__clients-99__seed-42__nm0p2475__clip5__rounds-20__epochs-5__cifar10_remove__cifar10_cnn round=1 (checkpoint deleted)
2026-08-14 01:47:15 EVALUATED cifar10-out-remove__non-iid__metric-privacy__fedavg__clients-99__seed-42__nm0p2475__clip5__rounds-20__epochs-5__cifar10_remove__cifar10_cnn round=2 (checkpoint deleted)
2026-08-14 01:47:20 EVALUATED cifar10-out-remove__non-iid__metric-privacy__fedavg__clients-99__seed-42__nm0p2475__clip5__rounds-20__epochs-5__cifar10_remove__cifar10_cnn round=3 (checkpoint deleted)
2026-08-14 01:47:24 EVALUATED cifar10-out-remove__non-iid__metric-privacy__fedavg__clients-99__seed-42__nm0p2475__clip5__rounds-20__epochs-5__cifar10_remove__cifar10_cnn round=4 (checkpoint deleted)
2026-08-14 01:47:29 EVALUATED cifar10-out-remove__non-iid__metric-privacy__fedavg__clients-99__seed-42__nm0p2475__clip5__rounds-20__epochs-5__cifar10_remove__cifar10_cnn round=5 (checkpoint deleted)
2026-08-14 01:47:34 EVALUATED cifar10-out-remove__non-iid__metric-privacy__fedavg__clients-99__seed-42__nm0p2475__clip5__rounds-20__epochs-5__cifar10_remove__cifar10_cnn round=6 (checkpoint deleted)
2026-08-14 01:47:38 EVALUATED cifar10-out-remove__non-iid__metric-privacy__fedavg__clients-99__seed-42__nm0p2475__clip5__rounds-20__epochs-5__cifar10_remove__cifar10_cnn round=7 (checkpoint deleted)
2026-08-14 01:47:43 EVALUATED cifar10-out-remove__non-iid__metric-privacy__fedavg__clients-99__seed-42__nm0p2475__clip5__rounds-20__epochs-5__cifar10_remove__cifar10_cnn round=8 (checkpoint deleted)
2026-08-14 01:47:48 EVALUATED cifar10-out-remove__non-iid__metric-privacy__fedavg__clients-99__seed-42__nm0p2475__clip5__rounds-20__epochs-5__cifar10_remove__cifar10_cnn round=9 (checkpoint deleted)
2026-08-14 01:47:52 EVALUATED cifar10-out-remove__non-iid__metric-privacy__fedavg__clients-99__seed-42__nm0p2475__clip5__rounds-20__epochs-5__cifar10_remove__cifar10_cnn round=10 (checkpoint deleted)
2026-08-14 01:47:57 EVALUATED cifar10-out-remove__non-iid__metric-privacy__fedavg__clients-99__seed-42__nm0p2475__clip5__rounds-20__epochs-5__cifar10_remove__cifar10_cnn round=11 (checkpoint deleted)
2026-08-14 01:48:01 EVALUATED cifar10-out-remove__non-iid__metric-privacy__fedavg__clients-99__seed-42__nm0p2475__clip5__rounds-20__epochs-5__cifar10_remove__cifar10_cnn round=12 (checkpoint deleted)
2026-08-14 01:48:06 EVALUATED cifar10-out-remove__non-iid__metric-privacy__fedavg__clients-99__seed-42__nm0p2475__clip5__rounds-20__epochs-5__cifar10_remove__cifar10_cnn round=13 (checkpoint deleted)
2026-08-14 01:48:11 EVALUATED cifar10-out-remove__non-iid__metric-privacy__fedavg__clients-99__seed-42__nm0p2475__clip5__rounds-20__epochs-5__cifar10_remove__cifar10_cnn round=14 (checkpoint deleted)
2026-08-14 01:48:15 EVALUATED cifar10-out-remove__non-iid__metric-privacy__fedavg__clients-99__seed-42__nm0p2475__clip5__rounds-20__epochs-5__cifar10_remove__cifar10_cnn round=15 (checkpoint deleted)
2026-08-14 01:48:20 EVALUATED cifar10-out-remove__non-iid__metric-privacy__fedavg__clients-99__seed-42__nm0p2475__clip5__rounds-20__epochs-5__cifar10_remove__cifar10_cnn round=16 (checkpoint deleted)
2026-08-14 01:48:24 EVALUATED cifar10-out-remove__non-iid__metric-privacy__fedavg__clients-99__seed-42__nm0p2475__clip5__rounds-20__epochs-5__cifar10_remove__cifar10_cnn round=17 (checkpoint deleted)
2026-08-14 01:48:29 EVALUATED cifar10-out-remove__non-iid__metric-privacy__fedavg__clients-99__seed-42__nm0p2475__clip5__rounds-20__epochs-5__cifar10_remove__cifar10_cnn round=18 (checkpoint deleted)
2026-08-14 01:48:34 EVALUATED cifar10-out-remove__non-iid__metric-privacy__fedavg__clients-99__seed-42__nm0p2475__clip5__rounds-20__epochs-5__cifar10_remove__cifar10_cnn round=19 (checkpoint deleted)
2026-08-14 01:48:38 EVALUATED cifar10-out-remove__non-iid__metric-privacy__fedavg__clients-99__seed-42__nm0p2475__clip5__rounds-20__epochs-5__cifar10_remove__cifar10_cnn round=20 (checkpoint deleted)
2026-08-14 01:48:38 PROGRESS 2/2 (0 failed so far)
2026-08-14 01:48:38 Sweep finished: 2/2 attempted, 0 failed
