2026-08-20 13:13:03 CIFAR-10 removal CIA chunk (metric-privacy, clients=8, alpha=3.0, noise_ratio=0.0025): 2 trajectories
2026-08-20 13:13:03 START cifar10-in-remove__dirichlet__alpha-3__metric-privacy__fedavg__clients-8__seed-42__nm0p02__clip5__rounds-20__epochs-5__cifar10_dirichlet__cifar10_cnn 
2026-08-20 13:22:59 DONE  cifar10-in-remove__dirichlet__alpha-3__metric-privacy__fedavg__clients-8__seed-42__nm0p02__clip5__rounds-20__epochs-5__cifar10_dirichlet__cifar10_cnn (596.5s)
2026-08-20 13:23:11 EVALUATED cifar10-in-remove__dirichlet__alpha-3__metric-privacy__fedavg__clients-8__seed-42__nm0p02__clip5__rounds-20__epochs-5__cifar10_dirichlet__cifar10_cnn round=1 (checkpoint deleted)
2026-08-20 13:23:19 EVALUATED cifar10-in-remove__dirichlet__alpha-3__metric-privacy__fedavg__clients-8__seed-42__nm0p02__clip5__rounds-20__epochs-5__cifar10_dirichlet__cifar10_cnn round=2 (checkpoint deleted)
2026-08-20 13:23:27 EVALUATED cifar10-in-remove__dirichlet__alpha-3__metric-privacy__fedavg__clients-8__seed-42__nm0p02__clip5__rounds-20__epochs-5__cifar10_dirichlet__cifar10_cnn round=3 (checkpoint deleted)
2026-08-20 13:23:35 EVALUATED cifar10-in-remove__dirichlet__alpha-3__metric-privacy__fedavg__clients-8__seed-42__nm0p02__clip5__rounds-20__epochs-5__cifar10_dirichlet__cifar10_cnn round=4 (checkpoint deleted)
2026-08-20 13:23:43 EVALUATED cifar10-in-remove__dirichlet__alpha-3__metric-privacy__fedavg__clients-8__seed-42__nm0p02__clip5__rounds-20__epochs-5__cifar10_dirichlet__cifar10_cnn round=5 (checkpoint deleted)
2026-08-20 13:23:51 EVALUATED cifar10-in-remove__dirichlet__alpha-3__metric-privacy__fedavg__clients-8__seed-42__nm0p02__clip5__rounds-20__epochs-5__cifar10_dirichlet__cifar10_cnn round=6 (checkpoint deleted)
2026-08-20 13:23:59 EVALUATED cifar10-in-remove__dirichlet__alpha-3__metric-privacy__fedavg__clients-8__seed-42__nm0p02__clip5__rounds-20__epochs-5__cifar10_dirichlet__cifar10_cnn round=7 (checkpoint deleted)
2026-08-20 13:24:07 EVALUATED cifar10-in-remove__dirichlet__alpha-3__metric-privacy__fedavg__clients-8__seed-42__nm0p02__clip5__rounds-20__epochs-5__cifar10_dirichlet__cifar10_cnn round=8 (checkpoint deleted)
2026-08-20 13:24:15 EVALUATED cifar10-in-remove__dirichlet__alpha-3__metric-privacy__fedavg__clients-8__seed-42__nm0p02__clip5__rounds-20__epochs-5__cifar10_dirichlet__cifar10_cnn round=9 (checkpoint deleted)
2026-08-20 13:24:23 EVALUATED cifar10-in-remove__dirichlet__alpha-3__metric-privacy__fedavg__clients-8__seed-42__nm0p02__clip5__rounds-20__epochs-5__cifar10_dirichlet__cifar10_cnn round=10 (checkpoint deleted)
2026-08-20 13:24:31 EVALUATED cifar10-in-remove__dirichlet__alpha-3__metric-privacy__fedavg__clients-8__seed-42__nm0p02__clip5__rounds-20__epochs-5__cifar10_dirichlet__cifar10_cnn round=11 (checkpoint deleted)
2026-08-20 13:24:39 EVALUATED cifar10-in-remove__dirichlet__alpha-3__metric-privacy__fedavg__clients-8__seed-42__nm0p02__clip5__rounds-20__epochs-5__cifar10_dirichlet__cifar10_cnn round=12 (checkpoint deleted)
2026-08-20 13:24:48 EVALUATED cifar10-in-remove__dirichlet__alpha-3__metric-privacy__fedavg__clients-8__seed-42__nm0p02__clip5__rounds-20__epochs-5__cifar10_dirichlet__cifar10_cnn round=13 (checkpoint deleted)
2026-08-20 13:24:56 EVALUATED cifar10-in-remove__dirichlet__alpha-3__metric-privacy__fedavg__clients-8__seed-42__nm0p02__clip5__rounds-20__epochs-5__cifar10_dirichlet__cifar10_cnn round=14 (checkpoint deleted)
2026-08-20 13:25:04 EVALUATED cifar10-in-remove__dirichlet__alpha-3__metric-privacy__fedavg__clients-8__seed-42__nm0p02__clip5__rounds-20__epochs-5__cifar10_dirichlet__cifar10_cnn round=15 (checkpoint deleted)
2026-08-20 13:25:12 EVALUATED cifar10-in-remove__dirichlet__alpha-3__metric-privacy__fedavg__clients-8__seed-42__nm0p02__clip5__rounds-20__epochs-5__cifar10_dirichlet__cifar10_cnn round=16 (checkpoint deleted)
2026-08-20 13:25:20 EVALUATED cifar10-in-remove__dirichlet__alpha-3__metric-privacy__fedavg__clients-8__seed-42__nm0p02__clip5__rounds-20__epochs-5__cifar10_dirichlet__cifar10_cnn round=17 (checkpoint deleted)
2026-08-20 13:25:28 EVALUATED cifar10-in-remove__dirichlet__alpha-3__metric-privacy__fedavg__clients-8__seed-42__nm0p02__clip5__rounds-20__epochs-5__cifar10_dirichlet__cifar10_cnn round=18 (checkpoint deleted)
2026-08-20 13:25:36 EVALUATED cifar10-in-remove__dirichlet__alpha-3__metric-privacy__fedavg__clients-8__seed-42__nm0p02__clip5__rounds-20__epochs-5__cifar10_dirichlet__cifar10_cnn round=19 (checkpoint deleted)
2026-08-20 13:25:44 EVALUATED cifar10-in-remove__dirichlet__alpha-3__metric-privacy__fedavg__clients-8__seed-42__nm0p02__clip5__rounds-20__epochs-5__cifar10_dirichlet__cifar10_cnn round=20 (checkpoint deleted)
2026-08-20 13:25:44 PROGRESS 1/2 (0 failed so far)
2026-08-20 13:25:44 START cifar10-out-remove__dirichlet__alpha-3__metric-privacy__fedavg__clients-7__seed-42__nm0p0175__clip5__rounds-20__epochs-5__cifar10_dirichlet__cifar10_cnn 
2026-08-20 13:35:17 DONE  cifar10-out-remove__dirichlet__alpha-3__metric-privacy__fedavg__clients-7__seed-42__nm0p0175__clip5__rounds-20__epochs-5__cifar10_dirichlet__cifar10_cnn (573.3s)
2026-08-20 13:35:25 EVALUATED cifar10-out-remove__dirichlet__alpha-3__metric-privacy__fedavg__clients-7__seed-42__nm0p0175__clip5__rounds-20__epochs-5__cifar10_dirichlet__cifar10_cnn round=1 (checkpoint deleted)
2026-08-20 13:35:33 EVALUATED cifar10-out-remove__dirichlet__alpha-3__metric-privacy__fedavg__clients-7__seed-42__nm0p0175__clip5__rounds-20__epochs-5__cifar10_dirichlet__cifar10_cnn round=2 (checkpoint deleted)
2026-08-20 13:35:41 EVALUATED cifar10-out-remove__dirichlet__alpha-3__metric-privacy__fedavg__clients-7__seed-42__nm0p0175__clip5__rounds-20__epochs-5__cifar10_dirichlet__cifar10_cnn round=3 (checkpoint deleted)
2026-08-20 13:35:49 EVALUATED cifar10-out-remove__dirichlet__alpha-3__metric-privacy__fedavg__clients-7__seed-42__nm0p0175__clip5__rounds-20__epochs-5__cifar10_dirichlet__cifar10_cnn round=4 (checkpoint deleted)
2026-08-20 13:35:57 EVALUATED cifar10-out-remove__dirichlet__alpha-3__metric-privacy__fedavg__clients-7__seed-42__nm0p0175__clip5__rounds-20__epochs-5__cifar10_dirichlet__cifar10_cnn round=5 (checkpoint deleted)
2026-08-20 13:36:05 EVALUATED cifar10-out-remove__dirichlet__alpha-3__metric-privacy__fedavg__clients-7__seed-42__nm0p0175__clip5__rounds-20__epochs-5__cifar10_dirichlet__cifar10_cnn round=6 (checkpoint deleted)
2026-08-20 13:36:13 EVALUATED cifar10-out-remove__dirichlet__alpha-3__metric-privacy__fedavg__clients-7__seed-42__nm0p0175__clip5__rounds-20__epochs-5__cifar10_dirichlet__cifar10_cnn round=7 (checkpoint deleted)
2026-08-20 13:36:21 EVALUATED cifar10-out-remove__dirichlet__alpha-3__metric-privacy__fedavg__clients-7__seed-42__nm0p0175__clip5__rounds-20__epochs-5__cifar10_dirichlet__cifar10_cnn round=8 (checkpoint deleted)
2026-08-20 13:36:29 EVALUATED cifar10-out-remove__dirichlet__alpha-3__metric-privacy__fedavg__clients-7__seed-42__nm0p0175__clip5__rounds-20__epochs-5__cifar10_dirichlet__cifar10_cnn round=9 (checkpoint deleted)
2026-08-20 13:36:37 EVALUATED cifar10-out-remove__dirichlet__alpha-3__metric-privacy__fedavg__clients-7__seed-42__nm0p0175__clip5__rounds-20__epochs-5__cifar10_dirichlet__cifar10_cnn round=10 (checkpoint deleted)
2026-08-20 13:36:45 EVALUATED cifar10-out-remove__dirichlet__alpha-3__metric-privacy__fedavg__clients-7__seed-42__nm0p0175__clip5__rounds-20__epochs-5__cifar10_dirichlet__cifar10_cnn round=11 (checkpoint deleted)
2026-08-20 13:36:53 EVALUATED cifar10-out-remove__dirichlet__alpha-3__metric-privacy__fedavg__clients-7__seed-42__nm0p0175__clip5__rounds-20__epochs-5__cifar10_dirichlet__cifar10_cnn round=12 (checkpoint deleted)
2026-08-20 13:37:01 EVALUATED cifar10-out-remove__dirichlet__alpha-3__metric-privacy__fedavg__clients-7__seed-42__nm0p0175__clip5__rounds-20__epochs-5__cifar10_dirichlet__cifar10_cnn round=13 (checkpoint deleted)
2026-08-20 13:37:09 EVALUATED cifar10-out-remove__dirichlet__alpha-3__metric-privacy__fedavg__clients-7__seed-42__nm0p0175__clip5__rounds-20__epochs-5__cifar10_dirichlet__cifar10_cnn round=14 (checkpoint deleted)
2026-08-20 13:37:17 EVALUATED cifar10-out-remove__dirichlet__alpha-3__metric-privacy__fedavg__clients-7__seed-42__nm0p0175__clip5__rounds-20__epochs-5__cifar10_dirichlet__cifar10_cnn round=15 (checkpoint deleted)
2026-08-20 13:37:25 EVALUATED cifar10-out-remove__dirichlet__alpha-3__metric-privacy__fedavg__clients-7__seed-42__nm0p0175__clip5__rounds-20__epochs-5__cifar10_dirichlet__cifar10_cnn round=16 (checkpoint deleted)
2026-08-20 13:37:33 EVALUATED cifar10-out-remove__dirichlet__alpha-3__metric-privacy__fedavg__clients-7__seed-42__nm0p0175__clip5__rounds-20__epochs-5__cifar10_dirichlet__cifar10_cnn round=17 (checkpoint deleted)
2026-08-20 13:37:41 EVALUATED cifar10-out-remove__dirichlet__alpha-3__metric-privacy__fedavg__clients-7__seed-42__nm0p0175__clip5__rounds-20__epochs-5__cifar10_dirichlet__cifar10_cnn round=18 (checkpoint deleted)
2026-08-20 13:37:49 EVALUATED cifar10-out-remove__dirichlet__alpha-3__metric-privacy__fedavg__clients-7__seed-42__nm0p0175__clip5__rounds-20__epochs-5__cifar10_dirichlet__cifar10_cnn round=19 (checkpoint deleted)
2026-08-20 13:37:57 EVALUATED cifar10-out-remove__dirichlet__alpha-3__metric-privacy__fedavg__clients-7__seed-42__nm0p0175__clip5__rounds-20__epochs-5__cifar10_dirichlet__cifar10_cnn round=20 (checkpoint deleted)
2026-08-20 13:37:57 PROGRESS 2/2 (0 failed so far)
2026-08-20 13:37:57 Sweep finished: 2/2 attempted, 0 failed
