2026-08-05 12:07:02 Starting max-records chunk: 1 trajectories
2026-08-05 12:07:02 START cifar-max-records-out-remove__non-iid__vanilla__fedavg__clients-2__seed-44__nm0p01__clip5__rounds-20__epochs-5__cifar_chunks__cifar10_cnn 
{
  "partition-mode": "non-iid",
  "partition-profile": "auto",
  "client-weights": "",
  "data-module": "experiments.cia.scripts.cifar_chunks:create_cifar_out_remove_all",
  "model-module": "experiments.reproduce.cifar10_cnn:create_model",
  "data-cache-dir": "",
  "privacy": "vanilla",
  "aggregation": "fedavg",
  "seed": 44,
  "num-server-rounds": 20,
  "num-clients": 2,
  "fraction-evaluate": 1.0,
  "local-epochs": 5,
  "learning-rate": 0.001,
  "batch-size": 32,
  "initialization-batch-size": 32,
  "initialization-epochs": 20,
  "initialization-learning-rate": 0.001,
  "max-client-samples": 0,
  "max-test-samples": 0,
  "noise-multiplier": 0.01,
  "clipping-norm": 5.0,
  "output-dir": "/content/metricdp-pytorch/results/planned_runs/cifar/max_records/seed-44-vanilla/runs",
  "run-name": "cifar-max-records-out-remove__non-iid__vanilla__fedavg__clients-2__seed-44__nm0p01__clip5__rounds-20__epochs-5__cifar_chunks__cifar10_cnn",
  "checkpoint-rounds": [
    1,
    2,
    3,
    4,
    5,
    6,
    7,
    8,
    9,
    10,
    11,
    12,
    13,
    14,
    15,
    16,
    17,
    18,
    19,
    20
  ]
}
2026-08-05 12:07:06.596899: I tensorflow/core/util/port.cc:153] oneDNN custom operations are on. You may see slightly different numerical results due to floating-point round-off errors from different computation orders. To turn them off, set the environment variable `TF_ENABLE_ONEDNN_OPTS=0`.
2026-08-05 12:07:06.665664: I tensorflow/core/platform/cpu_feature_guard.cc:210] This TensorFlow binary is optimized to use available CPU instructions in performance-critical operations.
To enable the following instructions: AVX2 AVX512F AVX512_VNNI FMA, in other operations, rebuild TensorFlow with the appropriate compiler flags.
[93mWARNING [0m:   DEPRECATED FEATURE: The `run_simulation` function is deprecated and will be removed in a future version of Flower. Please use `flwr run` in the CLI instead to run your simulation. Refer to the Flower Tutorials for more details: https://flower.ai/docs/framework/tutorial-quickstart-pytorch.html

            This is a deprecated feature. It will be removed
            entirely in future versions of Flower.
        
Warning: You are sending unauthenticated requests to the HF Hub. Please set a HF_TOKEN to enable higher rate limits and faster downloads.
Generating train split:   0%|          | 0/50000 [00:00<?, ? examples/s]Generating train split:  28%|██▊       | 14200/50000 [00:00<00:00, 126923.25 examples/s]Generating train split:  85%|████████▌ | 42600/50000 [00:00<00:00, 197418.24 examples/s]Generating train split: 100%|██████████| 50000/50000 [00:00<00:00, 193376.26 examples/s]
Generating test split:   0%|          | 0/10000 [00:00<?, ? examples/s]Generating test split: 100%|██████████| 10000/10000 [00:00<00:00, 218038.83 examples/s]
Filtering CIFAR-10 to four classes:   0%|          | 0/50000 [00:00<?, ? examples/s]Filtering CIFAR-10 to four classes: 100%|██████████| 50000/50000 [00:00<00:00, 761216.70 examples/s]
Filtering CIFAR-10 to four classes:   0%|          | 0/10000 [00:00<?, ? examples/s]Filtering CIFAR-10 to four classes: 100%|██████████| 10000/10000 [00:00<00:00, 681934.12 examples/s]
/usr/local/lib/python3.12/dist-packages/ray/_private/worker.py:2051: FutureWarning: Tip: In future versions of Ray, Ray will no longer override accelerator visible devices env var if num_gpus=0 or num_gpus=None (default). To enable this behavior and turn off this error message, set RAY_ACCEL_ENV_VAR_OVERRIDE_ON_ZERO=0
  warnings.warn(
[92mINFO [0m:      Starting DeterministicFedAvg strategy:
[92mINFO [0m:      	├── Number of rounds: 20
[92mINFO [0m:      	├── ArrayRecord (0.87 MB)
[92mINFO [0m:      	├── ConfigRecord (train): {'lr': 0.001}
[92mINFO [0m:      	├── ConfigRecord (evaluate): (empty!)
[92mINFO [0m:      	├──> Sampling:
[92mINFO [0m:      	│	├──Fraction: train (1.00) | evaluate ( 1.00)
[92mINFO [0m:      	│	├──Minimum nodes: train (2) | evaluate (2)
[92mINFO [0m:      	│	└──Minimum available nodes: 2
[92mINFO [0m:      	└──> Keys in records:
[92mINFO [0m:      		├── Weighted by: 'num-examples'
[92mINFO [0m:      		├── ArrayRecord key: 'arrays'
[92mINFO [0m:      		└── ConfigRecord key: 'config'
[92mINFO [0m:      
/usr/lib/python3.12/multiprocessing/popen_fork.py:66: DeprecationWarning: This process (pid=1103) is multi-threaded, use of fork() may lead to deadlocks in the child.
  self.pid = os.fork()
[92mINFO [0m:      Initial global evaluation results: {'loss': 1.3892939643859863, 'accuracy': 0.25, 'f1': 0.1, 'precision': 0.0625, 'auc': 0.48708850000000004}
[92mINFO [0m:      
[92mINFO [0m:      [ROUND 1/20]
[92mINFO [0m:      configure_train: Sampled 2 nodes (out of 2)
[36m(ClientAppActor pid=1651)[0m Using the latest cached version of the dataset since uoft-cs/cifar10 couldn't be found on the Hugging Face Hub (offline mode is enabled).
[36m(ClientAppActor pid=1651)[0m Found the latest cached dataset configuration 'plain_text' at /root/.cache/huggingface/datasets/uoft-cs___cifar10/plain_text/0.0.0/0b2714987fa478483af9968de7c934580d0bb9a2 (last modified on Wed Aug  5 12:07:22 2026).
[36m(ClientAppActor pid=1651)[0m /usr/lib/python3.12/multiprocessing/popen_fork.py:66: DeprecationWarning: This process (pid=1651) is multi-threaded, use of fork() may lead to deadlocks in the child.
[36m(ClientAppActor pid=1651)[0m   self.pid = os.fork()
[92mINFO [0m:      aggregate_train: Received 2 results and 0 failures
[92mINFO [0m:      	└──> Aggregated MetricRecord: {'train_loss': 0.7173202840196544, 'train_loss_mean': 0.8759641396323115, 'client-ids': [0, 1], 'per-client-num-examples': [2133, 8532], 'per-client-train_loss': [0.9218678255624408, 0.6661833986339578], 'per-client-train_loss_mean': [1.1062320472207139, 0.8183971627352108]}
[92mINFO [0m:      configure_evaluate: Sampled 2 nodes (out of 2)
[92mINFO [0m:      aggregate_evaluate: Received 2 results and 0 failures
[92mINFO [0m:      	└──> Aggregated MetricRecord: {'eval_loss': 0.7683830128974285, 'eval_acc': 0.7458770614692654, 'client-ids': [0, 1], 'per-client-eval_acc': [0.7247191011235955, 0.7511715089034676], 'per-client-eval_loss': [0.8071568771248007, 0.7586804620551527], 'per-client-num-examples': [534, 2134]}
[92mINFO [0m:      Global evaluation
[92mINFO [0m:      	└──> MetricRecord: {'loss': 0.7678714208602905, 'accuracy': 0.741, 'f1': 0.7441267269614275, 'precision': 0.7529698652559987, 'auc': 0.9244438333333335}
[92mINFO [0m:      
[92mINFO [0m:      [ROUND 2/20]
[92mINFO [0m:      configure_train: Sampled 2 nodes (out of 2)
[36m(ClientAppActor pid=1650)[0m Using the latest cached version of the dataset since uoft-cs/cifar10 couldn't be found on the Hugging Face Hub (offline mode is enabled).
[36m(ClientAppActor pid=1650)[0m Found the latest cached dataset configuration 'plain_text' at /root/.cache/huggingface/datasets/uoft-cs___cifar10/plain_text/0.0.0/0b2714987fa478483af9968de7c934580d0bb9a2 (last modified on Wed Aug  5 12:07:22 2026).
[36m(ClientAppActor pid=1651)[0m /usr/lib/python3.12/multiprocessing/popen_fork.py:66: DeprecationWarning: This process (pid=1651) is multi-threaded, use of fork() may lead to deadlocks in the child.[32m [repeated 2x across cluster] (Ray deduplicates logs by default. Set RAY_DEDUP_LOGS=0 to disable log deduplication, or see https://docs.ray.io/en/master/ray-observability/user-guides/configure-logging.html#log-deduplication for more options.)[0m
[36m(ClientAppActor pid=1651)[0m   self.pid = os.fork()[32m [repeated 2x across cluster][0m
[92mINFO [0m:      aggregate_train: Received 2 results and 0 failures
[92mINFO [0m:      	└──> Aggregated MetricRecord: {'train_loss': 0.5240861999222889, 'train_loss_mean': 0.5907795044496146, 'client-ids': [0, 1], 'per-client-num-examples': [2133, 8532], 'per-client-train_loss': [0.5760775267435138, 0.5110883682169827], 'per-client-train_loss_mean': [0.6410987335474235, 0.5781996971751623]}
[92mINFO [0m:      configure_evaluate: Sampled 2 nodes (out of 2)
[92mINFO [0m:      aggregate_evaluate: Received 2 results and 0 failures
[92mINFO [0m:      	└──> Aggregated MetricRecord: {'eval_loss': 0.5487281035805034, 'eval_acc': 0.7897301349325336, 'client-ids': [0, 1], 'per-client-eval_acc': [0.8033707865168539, 0.7863167760074976], 'per-client-eval_loss': [0.5596526195940453, 0.5459944149435628], 'per-client-num-examples': [534, 2134]}
[92mINFO [0m:      Global evaluation
[92mINFO [0m:      	└──> MetricRecord: {'loss': 0.5507628681659699, 'accuracy': 0.7865, 'f1': 0.7835152259456957, 'precision': 0.7833909338660361, 'auc': 0.9474623333333333}
[92mINFO [0m:      
[92mINFO [0m:      [ROUND 3/20]
[92mINFO [0m:      configure_train: Sampled 2 nodes (out of 2)
[36m(ClientAppActor pid=1651)[0m /usr/lib/python3.12/multiprocessing/popen_fork.py:66: DeprecationWarning: This process (pid=1651) is multi-threaded, use of fork() may lead to deadlocks in the child.[32m [repeated 2x across cluster][0m
[36m(ClientAppActor pid=1651)[0m   self.pid = os.fork()[32m [repeated 2x across cluster][0m
[92mINFO [0m:      aggregate_train: Received 2 results and 0 failures
[92mINFO [0m:      	└──> Aggregated MetricRecord: {'train_loss': 0.38467185559878597, 'train_loss_mean': 0.44984738657243145, 'client-ids': [0, 1], 'per-client-num-examples': [2133, 8532], 'per-client-train_loss': [0.4177293755669466, 0.37640747560674576], 'per-client-train_loss_mean': [0.505708264306963, 0.4358821671387985]}
[92mINFO [0m:      configure_evaluate: Sampled 2 nodes (out of 2)
[92mINFO [0m:      aggregate_evaluate: Received 2 results and 0 failures
[92mINFO [0m:      	└──> Aggregated MetricRecord: {'eval_loss': 0.5020069339643533, 'eval_acc': 0.8189655172413792, 'client-ids': [0, 1], 'per-client-eval_acc': [0.8164794007490637, 0.8195876288659794], 'per-client-eval_loss': [0.5008470913890596, 0.5022971663613575], 'per-client-num-examples': [534, 2134]}
[92mINFO [0m:      Global evaluation
[92mINFO [0m:      	└──> MetricRecord: {'loss': 0.5353956091403961, 'accuracy': 0.799, 'f1': 0.798124795298834, 'precision': 0.7983058451647103, 'auc': 0.9531966666666666}
[92mINFO [0m:      
[92mINFO [0m:      [ROUND 4/20]
[92mINFO [0m:      configure_train: Sampled 2 nodes (out of 2)
[36m(ClientAppActor pid=1651)[0m /usr/lib/python3.12/multiprocessing/popen_fork.py:66: DeprecationWarning: This process (pid=1651) is multi-threaded, use of fork() may lead to deadlocks in the child.[32m [repeated 2x across cluster][0m
[36m(ClientAppActor pid=1651)[0m   self.pid = os.fork()[32m [repeated 2x across cluster][0m
[92mINFO [0m:      aggregate_train: Received 2 results and 0 failures
[92mINFO [0m:      	└──> Aggregated MetricRecord: {'train_loss': 0.2738692688204233, 'train_loss_mean': 0.3321592853156491, 'client-ids': [0, 1], 'per-client-num-examples': [2133, 8532], 'per-client-train_loss': [0.31872225084385286, 0.2626560233145659], 'per-client-train_loss_mean': [0.41984116199762117, 0.310238816145156]}
[92mINFO [0m:      configure_evaluate: Sampled 2 nodes (out of 2)
[92mINFO [0m:      aggregate_evaluate: Received 2 results and 0 failures
[92mINFO [0m:      	└──> Aggregated MetricRecord: {'eval_loss': 0.547716270322385, 'eval_acc': 0.8204647676161918, 'client-ids': [0, 1], 'per-client-eval_acc': [0.8239700374531835, 0.8195876288659794], 'per-client-eval_loss': [0.5256964070966628, 0.55322639542198], 'per-client-num-examples': [534, 2134]}
[92mINFO [0m:      Global evaluation
[92mINFO [0m:      	└──> MetricRecord: {'loss': 0.5757063210010529, 'accuracy': 0.799, 'f1': 0.7969762931652538, 'precision': 0.7980874116121934, 'auc': 0.9546979166666666}
[92mINFO [0m:      
[92mINFO [0m:      [ROUND 5/20]
[92mINFO [0m:      configure_train: Sampled 2 nodes (out of 2)
[36m(ClientAppActor pid=1651)[0m /usr/lib/python3.12/multiprocessing/popen_fork.py:66: DeprecationWarning: This process (pid=1651) is multi-threaded, use of fork() may lead to deadlocks in the child.[32m [repeated 2x across cluster][0m
[36m(ClientAppActor pid=1651)[0m   self.pid = os.fork()[32m [repeated 2x across cluster][0m
[92mINFO [0m:      aggregate_train: Received 2 results and 0 failures
[92mINFO [0m:      	└──> Aggregated MetricRecord: {'train_loss': 0.19218530196205752, 'train_loss_mean': 0.2421802721553658, 'client-ids': [0, 1], 'per-client-num-examples': [2133, 8532], 'per-client-train_loss': [0.22922286878183198, 0.1829259102571139], 'per-client-train_loss_mean': [0.3585406424040197, 0.2130901795932023]}
[92mINFO [0m:      configure_evaluate: Sampled 2 nodes (out of 2)
[92mINFO [0m:      aggregate_evaluate: Received 2 results and 0 failures
[92mINFO [0m:      	└──> Aggregated MetricRecord: {'eval_loss': 0.6369875824969747, 'eval_acc': 0.8092203898050975, 'client-ids': [0, 1], 'per-client-eval_acc': [0.799625468164794, 0.8116213683223993], 'per-client-eval_loss': [0.6221992630190617, 0.6406881272960402], 'per-client-num-examples': [534, 2134]}
[92mINFO [0m:      Global evaluation
[92mINFO [0m:      	└──> MetricRecord: {'loss': 0.6978072490692139, 'accuracy': 0.7965, 'f1': 0.7969793063621005, 'precision': 0.7997913114183653, 'auc': 0.9520282083333333}
[92mINFO [0m:      
[92mINFO [0m:      [ROUND 6/20]
[92mINFO [0m:      configure_train: Sampled 2 nodes (out of 2)
[36m(ClientAppActor pid=1651)[0m /usr/lib/python3.12/multiprocessing/popen_fork.py:66: DeprecationWarning: This process (pid=1651) is multi-threaded, use of fork() may lead to deadlocks in the child.[32m [repeated 2x across cluster][0m
[36m(ClientAppActor pid=1651)[0m   self.pid = os.fork()[32m [repeated 2x across cluster][0m
[92mINFO [0m:      aggregate_train: Received 2 results and 0 failures
[92mINFO [0m:      	└──> Aggregated MetricRecord: {'train_loss': 0.12690746672364173, 'train_loss_mean': 0.1761269217540946, 'client-ids': [0, 1], 'per-client-num-examples': [2133, 8532], 'per-client-train_loss': [0.18056524899494353, 0.11349302115581626], 'per-client-train_loss_mean': [0.31052608894061107, 0.1425271299574655]}
[92mINFO [0m:      configure_evaluate: Sampled 2 nodes (out of 2)
[92mINFO [0m:      aggregate_evaluate: Received 2 results and 0 failures
[92mINFO [0m:      	└──> Aggregated MetricRecord: {'eval_loss': 0.7374047071322508, 'eval_acc': 0.8039730134932535, 'client-ids': [0, 1], 'per-client-eval_acc': [0.7902621722846442, 0.8074039362699157], 'per-client-eval_loss': [0.7041036127211896, 0.7457377832407357], 'per-client-num-examples': [534, 2134]}
[92mINFO [0m:      Global evaluation
[92mINFO [0m:      	└──> MetricRecord: {'loss': 0.8385332882404327, 'accuracy': 0.7985, 'f1': 0.7977612783054624, 'precision': 0.7979819230899113, 'auc': 0.9477134583333333}
[92mINFO [0m:      
[92mINFO [0m:      [ROUND 7/20]
[92mINFO [0m:      configure_train: Sampled 2 nodes (out of 2)
[36m(ClientAppActor pid=1651)[0m /usr/lib/python3.12/multiprocessing/popen_fork.py:66: DeprecationWarning: This process (pid=1651) is multi-threaded, use of fork() may lead to deadlocks in the child.[32m [repeated 2x across cluster][0m
[36m(ClientAppActor pid=1651)[0m   self.pid = os.fork()[32m [repeated 2x across cluster][0m
[92mINFO [0m:      aggregate_train: Received 2 results and 0 failures
[92mINFO [0m:      	└──> Aggregated MetricRecord: {'train_loss': 0.10951441346453325, 'train_loss_mean': 0.14009758203802566, 'client-ids': [0, 1], 'per-client-num-examples': [2133, 8532], 'per-client-train_loss': [0.15659256150227335, 0.0977448764550982], 'per-client-train_loss_mean': [0.28603950906990283, 0.10361210028005637]}
[92mINFO [0m:      configure_evaluate: Sampled 2 nodes (out of 2)
[92mINFO [0m:      aggregate_evaluate: Received 2 results and 0 failures
[92mINFO [0m:      	└──> Aggregated MetricRecord: {'eval_loss': 0.7989892005205511, 'eval_acc': 0.8039730134932533, 'client-ids': [0, 1], 'per-client-eval_acc': [0.795880149812734, 0.8059981255857545], 'per-client-eval_loss': [0.8367233544253232, 0.7895468208649054], 'per-client-num-examples': [534, 2134]}
[92mINFO [0m:      Global evaluation
[92mINFO [0m:      	└──> MetricRecord: {'loss': 0.8290562884509564, 'accuracy': 0.7975, 'f1': 0.7973147680073304, 'precision': 0.8008337928536026, 'auc': 0.9527572916666667}
[92mINFO [0m:      
[92mINFO [0m:      [ROUND 8/20]
[92mINFO [0m:      configure_train: Sampled 2 nodes (out of 2)
[36m(ClientAppActor pid=1651)[0m /usr/lib/python3.12/multiprocessing/popen_fork.py:66: DeprecationWarning: This process (pid=1651) is multi-threaded, use of fork() may lead to deadlocks in the child.[32m [repeated 2x across cluster][0m
[36m(ClientAppActor pid=1651)[0m   self.pid = os.fork()[32m [repeated 2x across cluster][0m
[92mINFO [0m:      aggregate_train: Received 2 results and 0 failures
[92mINFO [0m:      	└──> Aggregated MetricRecord: {'train_loss': 0.08345514934036691, 'train_loss_mean': 0.11760301495333318, 'client-ids': [0, 1], 'per-client-num-examples': [2133, 8532], 'per-client-train_loss': [0.13225810180177613, 0.0712544112250146], 'per-client-train_loss_mean': [0.25339214309693725, 0.08365573291743215]}
[92mINFO [0m:      configure_evaluate: Sampled 2 nodes (out of 2)
[92mINFO [0m:      aggregate_evaluate: Received 2 results and 0 failures
[92mINFO [0m:      	└──> Aggregated MetricRecord: {'eval_loss': 0.9216430390971354, 'eval_acc': 0.8002248875562219, 'client-ids': [0, 1], 'per-client-eval_acc': [0.8183520599250936, 0.795688847235239], 'per-client-eval_loss': [0.8176954623018757, 0.9476542883982922], 'per-client-num-examples': [534, 2134]}
[92mINFO [0m:      Global evaluation
[92mINFO [0m:      	└──> MetricRecord: {'loss': 1.0474287892580032, 'accuracy': 0.777, 'f1': 0.7782801207639557, 'precision': 0.7825752956632719, 'auc': 0.9440545416666667}
[92mINFO [0m:      
[92mINFO [0m:      [ROUND 9/20]
[92mINFO [0m:      configure_train: Sampled 2 nodes (out of 2)
[36m(ClientAppActor pid=1651)[0m /usr/lib/python3.12/multiprocessing/popen_fork.py:66: DeprecationWarning: This process (pid=1651) is multi-threaded, use of fork() may lead to deadlocks in the child.[32m [repeated 2x across cluster][0m
[36m(ClientAppActor pid=1651)[0m   self.pid = os.fork()[32m [repeated 2x across cluster][0m
[92mINFO [0m:      aggregate_train: Received 2 results and 0 failures
[92mINFO [0m:      	└──> Aggregated MetricRecord: {'train_loss': 0.09617679620810479, 'train_loss_mean': 0.108097353510618, 'client-ids': [0, 1], 'per-client-num-examples': [2133, 8532], 'per-client-train_loss': [0.11679447824777263, 0.09102237569818783], 'per-client-train_loss_mean': [0.24050606453168633, 0.0749951757553509]}
[92mINFO [0m:      configure_evaluate: Sampled 2 nodes (out of 2)
[92mINFO [0m:      aggregate_evaluate: Received 2 results and 0 failures
[92mINFO [0m:      	└──> Aggregated MetricRecord: {'eval_loss': 0.9952592122322437, 'eval_acc': 0.8039730134932533, 'client-ids': [0, 1], 'per-client-eval_acc': [0.795880149812734, 0.8059981255857545], 'per-client-eval_loss': [0.9181794280862987, 1.0145472181994108], 'per-client-num-examples': [534, 2134]}
[92mINFO [0m:      Global evaluation
[92mINFO [0m:      	└──> MetricRecord: {'loss': 1.0324845983982087, 'accuracy': 0.792, 'f1': 0.792063505954349, 'precision': 0.7943310324695685, 'auc': 0.9511330416666667}
[92mINFO [0m:      
[92mINFO [0m:      [ROUND 10/20]
[92mINFO [0m:      configure_train: Sampled 2 nodes (out of 2)
[36m(ClientAppActor pid=1651)[0m /usr/lib/python3.12/multiprocessing/popen_fork.py:66: DeprecationWarning: This process (pid=1651) is multi-threaded, use of fork() may lead to deadlocks in the child.[32m [repeated 2x across cluster][0m
[36m(ClientAppActor pid=1651)[0m   self.pid = os.fork()[32m [repeated 2x across cluster][0m
[92mINFO [0m:      aggregate_train: Received 2 results and 0 failures
[92mINFO [0m:      	└──> Aggregated MetricRecord: {'train_loss': 0.06408781574325582, 'train_loss_mean': 0.09549257207104733, 'client-ids': [0, 1], 'per-client-num-examples': [2133, 8532], 'per-client-train_loss': [0.07572821288273975, 0.061177716458384844], 'per-client-train_loss_mean': [0.22374675748000894, 0.06342902571880693]}
[92mINFO [0m:      configure_evaluate: Sampled 2 nodes (out of 2)
[92mINFO [0m:      aggregate_evaluate: Received 2 results and 0 failures
[92mINFO [0m:      	└──> Aggregated MetricRecord: {'eval_loss': 0.9719162437690608, 'eval_acc': 0.8065967016491755, 'client-ids': [0, 1], 'per-client-eval_acc': [0.7902621722846442, 0.8106841611996252], 'per-client-eval_loss': [0.9920190389683184, 0.9668858348485344], 'per-client-num-examples': [534, 2134]}
[92mINFO [0m:      Global evaluation
[92mINFO [0m:      	└──> MetricRecord: {'loss': 1.0508736649155617, 'accuracy': 0.791, 'f1': 0.7913561652890687, 'precision': 0.7920481659317898, 'auc': 0.9499477083333333}
[92mINFO [0m:      
[92mINFO [0m:      [ROUND 11/20]
[92mINFO [0m:      configure_train: Sampled 2 nodes (out of 2)
[36m(ClientAppActor pid=1651)[0m /usr/lib/python3.12/multiprocessing/popen_fork.py:66: DeprecationWarning: This process (pid=1651) is multi-threaded, use of fork() may lead to deadlocks in the child.[32m [repeated 2x across cluster][0m
[36m(ClientAppActor pid=1651)[0m   self.pid = os.fork()[32m [repeated 2x across cluster][0m
[92mINFO [0m:      aggregate_train: Received 2 results and 0 failures
[92mINFO [0m:      	└──> Aggregated MetricRecord: {'train_loss': 0.06444948485345557, 'train_loss_mean': 0.09202424752676622, 'client-ids': [0, 1], 'per-client-num-examples': [2133, 8532], 'per-client-train_loss': [0.11994058719499537, 0.05057670926807061], 'per-client-train_loss_mean': [0.22623029717580848, 0.058472735114505646]}
[92mINFO [0m:      configure_evaluate: Sampled 2 nodes (out of 2)
[92mINFO [0m:      aggregate_evaluate: Received 2 results and 0 failures
[92mINFO [0m:      	└──> Aggregated MetricRecord: {'eval_loss': 1.0717410998365868, 'eval_acc': 0.8047226386806596, 'client-ids': [0, 1], 'per-client-eval_acc': [0.799625468164794, 0.8059981255857545], 'per-client-eval_loss': [1.0211184676666831, 1.0844086188519235], 'per-client-num-examples': [534, 2134]}
[92mINFO [0m:      Global evaluation
[92mINFO [0m:      	└──> MetricRecord: {'loss': 1.185173062324524, 'accuracy': 0.7835, 'f1': 0.7827598108142044, 'precision': 0.788751139950966, 'auc': 0.9462140416666667}
[92mINFO [0m:      
[92mINFO [0m:      [ROUND 12/20]
[92mINFO [0m:      configure_train: Sampled 2 nodes (out of 2)
[36m(ClientAppActor pid=1651)[0m /usr/lib/python3.12/multiprocessing/popen_fork.py:66: DeprecationWarning: This process (pid=1651) is multi-threaded, use of fork() may lead to deadlocks in the child.[32m [repeated 2x across cluster][0m
[36m(ClientAppActor pid=1651)[0m   self.pid = os.fork()[32m [repeated 2x across cluster][0m
[92mINFO [0m:      aggregate_train: Received 2 results and 0 failures
[92mINFO [0m:      	└──> Aggregated MetricRecord: {'train_loss': 0.0554076628149974, 'train_loss_mean': 0.08146540118905768, 'client-ids': [0, 1], 'per-client-num-examples': [2133, 8532], 'per-client-train_loss': [0.07574162045751331, 0.050324173404368414], 'per-client-train_loss_mean': [0.19590530822911958, 0.05285542442904221]}
[92mINFO [0m:      configure_evaluate: Sampled 2 nodes (out of 2)
[92mINFO [0m:      aggregate_evaluate: Received 2 results and 0 failures
[92mINFO [0m:      	└──> Aggregated MetricRecord: {'eval_loss': 1.0696620412137376, 'eval_acc': 0.798350824587706, 'client-ids': [0, 1], 'per-client-eval_acc': [0.7827715355805244, 0.8022492970946579], 'per-client-eval_loss': [1.0608835220336914, 1.0718587278314249], 'per-client-num-examples': [534, 2134]}
[92mINFO [0m:      Global evaluation
[92mINFO [0m:      	└──> MetricRecord: {'loss': 1.1860418394804, 'accuracy': 0.7905, 'f1': 0.7908135350492935, 'precision': 0.7928239557597346, 'auc': 0.9462331666666667}
[92mINFO [0m:      
[92mINFO [0m:      [ROUND 13/20]
[92mINFO [0m:      configure_train: Sampled 2 nodes (out of 2)
[36m(ClientAppActor pid=1651)[0m /usr/lib/python3.12/multiprocessing/popen_fork.py:66: DeprecationWarning: This process (pid=1651) is multi-threaded, use of fork() may lead to deadlocks in the child.[32m [repeated 2x across cluster][0m
[36m(ClientAppActor pid=1651)[0m   self.pid = os.fork()[32m [repeated 2x across cluster][0m
[92mINFO [0m:      aggregate_train: Received 2 results and 0 failures
[92mINFO [0m:      	└──> Aggregated MetricRecord: {'train_loss': 0.04520051186669407, 'train_loss_mean': 0.07731938923309584, 'client-ids': [0, 1], 'per-client-num-examples': [2133, 8532], 'per-client-train_loss': [0.07340695214380527, 0.038148901797416264], 'per-client-train_loss_mean': [0.1889289884026823, 0.0494169894406992]}
[92mINFO [0m:      configure_evaluate: Sampled 2 nodes (out of 2)
[92mINFO [0m:      aggregate_evaluate: Received 2 results and 0 failures
[92mINFO [0m:      	└──> Aggregated MetricRecord: {'eval_loss': 1.218818018640178, 'eval_acc': 0.808095952023988, 'client-ids': [0, 1], 'per-client-eval_acc': [0.8071161048689138, 0.8083411433926898], 'per-client-eval_loss': [1.1589060544074699, 1.2338100471782596], 'per-client-num-examples': [534, 2134]}
[92mINFO [0m:      Global evaluation
[92mINFO [0m:      	└──> MetricRecord: {'loss': 1.2382989172935486, 'accuracy': 0.798, 'f1': 0.7987047245581079, 'precision': 0.7999850878407422, 'auc': 0.9505844166666667}
[92mINFO [0m:      
[92mINFO [0m:      [ROUND 14/20]
[92mINFO [0m:      configure_train: Sampled 2 nodes (out of 2)
[36m(ClientAppActor pid=1651)[0m /usr/lib/python3.12/multiprocessing/popen_fork.py:66: DeprecationWarning: This process (pid=1651) is multi-threaded, use of fork() may lead to deadlocks in the child.[32m [repeated 2x across cluster][0m
[36m(ClientAppActor pid=1651)[0m   self.pid = os.fork()[32m [repeated 2x across cluster][0m
[92mINFO [0m:      aggregate_train: Received 2 results and 0 failures
[92mINFO [0m:      	└──> Aggregated MetricRecord: {'train_loss': 0.04359561595030957, 'train_loss_mean': 0.07013783941962318, 'client-ids': [0, 1], 'per-client-num-examples': [2133, 8532], 'per-client-train_loss': [0.0628690458676986, 0.038777258470962306], 'per-client-train_loss_mean': [0.17370612553263626, 0.0442457678913699]}
[92mINFO [0m:      configure_evaluate: Sampled 2 nodes (out of 2)
[92mINFO [0m:      aggregate_evaluate: Received 2 results and 0 failures
[92mINFO [0m:      	└──> Aggregated MetricRecord: {'eval_loss': 1.0989301780174519, 'eval_acc': 0.7994752623688155, 'client-ids': [0, 1], 'per-client-eval_acc': [0.7902621722846442, 0.8017806935332709], 'per-client-eval_loss': [1.0506656643156702, 1.111007614904402], 'per-client-num-examples': [534, 2134]}
[92mINFO [0m:      Global evaluation
[92mINFO [0m:      	└──> MetricRecord: {'loss': 1.169401161491871, 'accuracy': 0.792, 'f1': 0.7925764600029727, 'precision': 0.7962450082154833, 'auc': 0.9480414583333334}
[92mINFO [0m:      
[92mINFO [0m:      [ROUND 15/20]
[92mINFO [0m:      configure_train: Sampled 2 nodes (out of 2)
[36m(ClientAppActor pid=1650)[0m /usr/lib/python3.12/multiprocessing/popen_fork.py:66: DeprecationWarning: This process (pid=1650) is multi-threaded, use of fork() may lead to deadlocks in the child.[32m [repeated 2x across cluster][0m
[36m(ClientAppActor pid=1650)[0m   self.pid = os.fork()[32m [repeated 2x across cluster][0m
[92mINFO [0m:      aggregate_train: Received 2 results and 0 failures
[92mINFO [0m:      	└──> Aggregated MetricRecord: {'train_loss': 0.04717997395539586, 'train_loss_mean': 0.0677800362797579, 'client-ids': [0, 1], 'per-client-num-examples': [2133, 8532], 'per-client-train_loss': [0.06720051399060555, 0.042174838946593435], 'per-client-train_loss_mean': [0.17676712473687634, 0.04053326416547828]}
[92mINFO [0m:      configure_evaluate: Sampled 2 nodes (out of 2)
[92mINFO [0m:      aggregate_evaluate: Received 2 results and 0 failures
[92mINFO [0m:      	└──> Aggregated MetricRecord: {'eval_loss': 1.0738444707204198, 'eval_acc': 0.8020989505247376, 'client-ids': [0, 1], 'per-client-eval_acc': [0.7827715355805244, 0.8069353327085286], 'per-client-eval_loss': [1.0526864823330655, 1.0791389251716135], 'per-client-num-examples': [534, 2134]}
[92mINFO [0m:      Global evaluation
[92mINFO [0m:      	└──> MetricRecord: {'loss': 1.1174399568438529, 'accuracy': 0.788, 'f1': 0.787260683193951, 'precision': 0.7873348597452643, 'auc': 0.9497271666666667}
[92mINFO [0m:      
[92mINFO [0m:      [ROUND 16/20]
[92mINFO [0m:      configure_train: Sampled 2 nodes (out of 2)
[36m(ClientAppActor pid=1651)[0m /usr/lib/python3.12/multiprocessing/popen_fork.py:66: DeprecationWarning: This process (pid=1651) is multi-threaded, use of fork() may lead to deadlocks in the child.[32m [repeated 2x across cluster][0m
[36m(ClientAppActor pid=1651)[0m   self.pid = os.fork()[32m [repeated 2x across cluster][0m
[92mINFO [0m:      aggregate_train: Received 2 results and 0 failures
[92mINFO [0m:      	└──> Aggregated MetricRecord: {'train_loss': 0.053413188576556844, 'train_loss_mean': 0.06499632233307351, 'client-ids': [0, 1], 'per-client-num-examples': [2133, 8532], 'per-client-train_loss': [0.07087536188924447, 0.04904764524838493], 'per-client-train_loss_mean': [0.17192543430670404, 0.03826404433966587]}
[92mINFO [0m:      configure_evaluate: Sampled 2 nodes (out of 2)
[92mINFO [0m:      aggregate_evaluate: Received 2 results and 0 failures
[92mINFO [0m:      	└──> Aggregated MetricRecord: {'eval_loss': 1.1650646905312831, 'eval_acc': 0.7968515742128935, 'client-ids': [0, 1], 'per-client-eval_acc': [0.7846441947565543, 0.7999062792877226], 'per-client-eval_loss': [1.1075752361883384, 1.1794505239985429], 'per-client-num-examples': [534, 2134]}
[92mINFO [0m:      Global evaluation
[92mINFO [0m:      	└──> MetricRecord: {'loss': 1.1967237990498543, 'accuracy': 0.791, 'f1': 0.7927176343927657, 'precision': 0.7964991803910556, 'auc': 0.9494990833333332}
[92mINFO [0m:      
[92mINFO [0m:      [ROUND 17/20]
[92mINFO [0m:      configure_train: Sampled 2 nodes (out of 2)
[36m(ClientAppActor pid=1651)[0m /usr/lib/python3.12/multiprocessing/popen_fork.py:66: DeprecationWarning: This process (pid=1651) is multi-threaded, use of fork() may lead to deadlocks in the child.[32m [repeated 2x across cluster][0m
[36m(ClientAppActor pid=1651)[0m   self.pid = os.fork()[32m [repeated 2x across cluster][0m
[92mINFO [0m:      aggregate_train: Received 2 results and 0 failures
[92mINFO [0m:      	└──> Aggregated MetricRecord: {'train_loss': 0.043483421876749306, 'train_loss_mean': 0.06483966631143963, 'client-ids': [0, 1], 'per-client-num-examples': [2133, 8532], 'per-client-train_loss': [0.08310829631135433, 0.033577203268098044], 'per-client-train_loss_mean': [0.17122656969162314, 0.03824294046639374]}
[92mINFO [0m:      configure_evaluate: Sampled 2 nodes (out of 2)
[92mINFO [0m:      aggregate_evaluate: Received 2 results and 0 failures
[92mINFO [0m:      	└──> Aggregated MetricRecord: {'eval_loss': 1.2382091619800413, 'eval_acc': 0.8118440779610194, 'client-ids': [0, 1], 'per-client-eval_acc': [0.799625468164794, 0.8149015932521088], 'per-client-eval_loss': [1.1804156249828552, 1.252671087357969], 'per-client-num-examples': [534, 2134]}
[92mINFO [0m:      Global evaluation
[92mINFO [0m:      	└──> MetricRecord: {'loss': 1.3522403526902198, 'accuracy': 0.7985, 'f1': 0.7982041378545958, 'precision': 0.7982456447309478, 'auc': 0.9500648333333332}
[92mINFO [0m:      
[92mINFO [0m:      [ROUND 18/20]
[92mINFO [0m:      configure_train: Sampled 2 nodes (out of 2)
[36m(ClientAppActor pid=1651)[0m /usr/lib/python3.12/multiprocessing/popen_fork.py:66: DeprecationWarning: This process (pid=1651) is multi-threaded, use of fork() may lead to deadlocks in the child.[32m [repeated 2x across cluster][0m
[36m(ClientAppActor pid=1651)[0m   self.pid = os.fork()[32m [repeated 2x across cluster][0m
[92mINFO [0m:      aggregate_train: Received 2 results and 0 failures
[92mINFO [0m:      	└──> Aggregated MetricRecord: {'train_loss': 0.04355564276180006, 'train_loss_mean': 0.06097730568017849, 'client-ids': [0, 1], 'per-client-num-examples': [2133, 8532], 'per-client-train_loss': [0.045439565717559215, 0.043084662022860265], 'per-client-train_loss_mean': [0.1613104258563965, 0.03589402563612399]}
[92mINFO [0m:      configure_evaluate: Sampled 2 nodes (out of 2)
[92mINFO [0m:      aggregate_evaluate: Received 2 results and 0 failures
[92mINFO [0m:      	└──> Aggregated MetricRecord: {'eval_loss': 1.3895866895901567, 'eval_acc': 0.7961019490254873, 'client-ids': [0, 1], 'per-client-eval_acc': [0.8014981273408239, 0.7947516401124649], 'per-client-eval_loss': [1.36628752076224, 1.395416940833881], 'per-client-num-examples': [534, 2134]}
[92mINFO [0m:      Global evaluation
[92mINFO [0m:      	└──> MetricRecord: {'loss': 1.4883031522631645, 'accuracy': 0.797, 'f1': 0.7961403903048802, 'precision': 0.795920204677394, 'auc': 0.9463292500000001}
[92mINFO [0m:      
[92mINFO [0m:      [ROUND 19/20]
[92mINFO [0m:      configure_train: Sampled 2 nodes (out of 2)
[36m(ClientAppActor pid=1650)[0m /usr/lib/python3.12/multiprocessing/popen_fork.py:66: DeprecationWarning: This process (pid=1650) is multi-threaded, use of fork() may lead to deadlocks in the child.[32m [repeated 2x across cluster][0m
[36m(ClientAppActor pid=1650)[0m   self.pid = os.fork()[32m [repeated 2x across cluster][0m
[92mINFO [0m:      aggregate_train: Received 2 results and 0 failures
[92mINFO [0m:      	└──> Aggregated MetricRecord: {'train_loss': 0.054032455624176814, 'train_loss_mean': 0.06283661141687287, 'client-ids': [0, 1], 'per-client-num-examples': [2133, 8532], 'per-client-train_loss': [0.0726473594195285, 0.04937872967533889], 'per-client-train_loss_mean': [0.16427846625517134, 0.037476147707298256]}
[92mINFO [0m:      configure_evaluate: Sampled 2 nodes (out of 2)
[92mINFO [0m:      aggregate_evaluate: Received 2 results and 0 failures
[92mINFO [0m:      	└──> Aggregated MetricRecord: {'eval_loss': 1.2559793790777225, 'eval_acc': 0.7934782608695651, 'client-ids': [0, 1], 'per-client-eval_acc': [0.7827715355805244, 0.796157450796626], 'per-client-eval_loss': [1.1938180994898193, 1.271534263473196], 'per-client-num-examples': [534, 2134]}
[92mINFO [0m:      Global evaluation
[92mINFO [0m:      	└──> MetricRecord: {'loss': 1.3475094482898713, 'accuracy': 0.7875, 'f1': 0.7888417974877614, 'precision': 0.7912937096218784, 'auc': 0.9434524166666668}
[92mINFO [0m:      
[92mINFO [0m:      [ROUND 20/20]
[92mINFO [0m:      configure_train: Sampled 2 nodes (out of 2)
[36m(ClientAppActor pid=1651)[0m /usr/lib/python3.12/multiprocessing/popen_fork.py:66: DeprecationWarning: This process (pid=1651) is multi-threaded, use of fork() may lead to deadlocks in the child.[32m [repeated 2x across cluster][0m
[36m(ClientAppActor pid=1651)[0m   self.pid = os.fork()[32m [repeated 2x across cluster][0m
[92mINFO [0m:      aggregate_train: Received 2 results and 0 failures
[92mINFO [0m:      	└──> Aggregated MetricRecord: {'train_loss': 0.03627933735474141, 'train_loss_mean': 0.057601412949874906, 'client-ids': [0, 1], 'per-client-num-examples': [2133, 8532], 'per-client-train_loss': [0.06717784114905047, 0.02855471140616414], 'per-client-train_loss_mean': [0.15007553722690206, 0.03448288188061812]}
[92mINFO [0m:      configure_evaluate: Sampled 2 nodes (out of 2)
[92mINFO [0m:      aggregate_evaluate: Received 2 results and 0 failures
[92mINFO [0m:      	└──> Aggregated MetricRecord: {'eval_loss': 1.2946597278743668, 'eval_acc': 0.8009745127436281, 'client-ids': [0, 1], 'per-client-eval_acc': [0.7940074906367042, 0.802717900656045], 'per-client-eval_loss': [1.2318653399578194, 1.3103730376904101], 'per-client-num-examples': [534, 2134]}
[92mINFO [0m:      Global evaluation
[92mINFO [0m:      	└──> MetricRecord: {'loss': 1.3893109282255174, 'accuracy': 0.794, 'f1': 0.7933423633077752, 'precision': 0.7961768665532152, 'auc': 0.9477842500000001}
[92mINFO [0m:      
[92mINFO [0m:      Strategy execution finished in 304.37s
[92mINFO [0m:      
[92mINFO [0m:      Final results:
[92mINFO [0m:      
[92mINFO [0m:      	Global Arrays:
[92mINFO [0m:      		ArrayRecord (0.866 MB)
[92mINFO [0m:      	
[92mINFO [0m:      	Aggregated ClientApp-side Train Metrics:
[92mINFO [0m:      	{ 1: { 'client-ids': "['0', '1']",
[92mINFO [0m:      	       'per-client-num-examples': "['2133', '8532']",
[92mINFO [0m:      	       'per-client-train_loss': "['9.2187e-01', '6.6618e-01']",
[92mINFO [0m:      	       'per-client-train_loss_mean': "['1.1062e+00', '8.1840e-01']",
[92mINFO [0m:      	       'train_loss': '7.1732e-01',
[92mINFO [0m:      	       'train_loss_mean': '8.7596e-01'},
[92mINFO [0m:      	  2: { 'client-ids': "['0', '1']",
[92mINFO [0m:      	       'per-client-num-examples': "['2133', '8532']",
[92mINFO [0m:      	       'per-client-train_loss': "['5.7608e-01', '5.1109e-01']",
[92mINFO [0m:      	       'per-client-train_loss_mean': "['6.4110e-01', '5.7820e-01']",
[92mINFO [0m:      	       'train_loss': '5.2409e-01',
[92mINFO [0m:      	       'train_loss_mean': '5.9078e-01'},
[92mINFO [0m:      	  3: { 'client-ids': "['0', '1']",
[92mINFO [0m:      	       'per-client-num-examples': "['2133', '8532']",
[92mINFO [0m:      	       'per-client-train_loss': "['4.1773e-01', '3.7641e-01']",
[92mINFO [0m:      	       'per-client-train_loss_mean': "['5.0571e-01', '4.3588e-01']",
[92mINFO [0m:      	       'train_loss': '3.8467e-01',
[92mINFO [0m:      	       'train_loss_mean': '4.4985e-01'},
[92mINFO [0m:      	  4: { 'client-ids': "['0', '1']",
[92mINFO [0m:      	       'per-client-num-examples': "['2133', '8532']",
[92mINFO [0m:      	       'per-client-train_loss': "['3.1872e-01', '2.6266e-01']",
[92mINFO [0m:      	       'per-client-train_loss_mean': "['4.1984e-01', '3.1024e-01']",
[92mINFO [0m:      	       'train_loss': '2.7387e-01',
[92mINFO [0m:      	       'train_loss_mean': '3.3216e-01'},
[92mINFO [0m:      	  5: { 'client-ids': "['0', '1']",
[92mINFO [0m:      	       'per-client-num-examples': "['2133', '8532']",
[92mINFO [0m:      	       'per-client-train_loss': "['2.2922e-01', '1.8293e-01']",
[92mINFO [0m:      	       'per-client-train_loss_mean': "['3.5854e-01', '2.1309e-01']",
[92mINFO [0m:      	       'train_loss': '1.9219e-01',
[92mINFO [0m:      	       'train_loss_mean': '2.4218e-01'},
[92mINFO [0m:      	  6: { 'client-ids': "['0', '1']",
[92mINFO [0m:      	       'per-client-num-examples': "['2133', '8532']",
[92mINFO [0m:      	       'per-client-train_loss': "['1.8057e-01', '1.1349e-01']",
[92mINFO [0m:      	       'per-client-train_loss_mean': "['3.1053e-01', '1.4253e-01']",
[92mINFO [0m:      	       'train_loss': '1.2691e-01',
[92mINFO [0m:      	       'train_loss_mean': '1.7613e-01'},
[92mINFO [0m:      	  7: { 'client-ids': "['0', '1']",
[92mINFO [0m:      	       'per-client-num-examples': "['2133', '8532']",
[92mINFO [0m:      	       'per-client-train_loss': "['1.5659e-01', '9.7745e-02']",
[92mINFO [0m:      	       'per-client-train_loss_mean': "['2.8604e-01', '1.0361e-01']",
[92mINFO [0m:      	       'train_loss': '1.0951e-01',
[92mINFO [0m:      	       'train_loss_mean': '1.4010e-01'},
[92mINFO [0m:      	  8: { 'client-ids': "['0', '1']",
[92mINFO [0m:      	       'per-client-num-examples': "['2133', '8532']",
[92mINFO [0m:      	       'per-client-train_loss': "['1.3226e-01', '7.1254e-02']",
[92mINFO [0m:      	       'per-client-train_loss_mean': "['2.5339e-01', '8.3656e-02']",
[92mINFO [0m:      	       'train_loss': '8.3455e-02',
[92mINFO [0m:      	       'train_loss_mean': '1.1760e-01'},
[92mINFO [0m:      	  9: { 'client-ids': "['0', '1']",
[92mINFO [0m:      	       'per-client-num-examples': "['2133', '8532']",
[92mINFO [0m:      	       'per-client-train_loss': "['1.1679e-01', '9.1022e-02']",
[92mINFO [0m:      	       'per-client-train_loss_mean': "['2.4051e-01', '7.4995e-02']",
[92mINFO [0m:      	       'train_loss': '9.6177e-02',
[92mINFO [0m:      	       'train_loss_mean': '1.0810e-01'},
[92mINFO [0m:      	  10: { 'client-ids': "['0', '1']",
[92mINFO [0m:      	        'per-client-num-examples': "['2133', '8532']",
[92mINFO [0m:      	        'per-client-train_loss': "['7.5728e-02', '6.1178e-02']",
[92mINFO [0m:      	        'per-client-train_loss_mean': "['2.2375e-01', '6.3429e-02']",
[92mINFO [0m:      	        'train_loss': '6.4088e-02',
[92mINFO [0m:      	        'train_loss_mean': '9.5493e-02'},
[92mINFO [0m:      	  11: { 'client-ids': "['0', '1']",
[92mINFO [0m:      	        'per-client-num-examples': "['2133', '8532']",
[92mINFO [0m:      	        'per-client-train_loss': "['1.1994e-01', '5.0577e-02']",
[92mINFO [0m:      	        'per-client-train_loss_mean': "['2.2623e-01', '5.8473e-02']",
[92mINFO [0m:      	        'train_loss': '6.4449e-02',
[92mINFO [0m:      	        'train_loss_mean': '9.2024e-02'},
[92mINFO [0m:      	  12: { 'client-ids': "['0', '1']",
[92mINFO [0m:      	        'per-client-num-examples': "['2133', '8532']",
[92mINFO [0m:      	        'per-client-train_loss': "['7.5742e-02', '5.0324e-02']",
[92mINFO [0m:      	        'per-client-train_loss_mean': "['1.9591e-01', '5.2855e-02']",
[92mINFO [0m:      	        'train_loss': '5.5408e-02',
[92mINFO [0m:      	        'train_loss_mean': '8.1465e-02'},
[92mINFO [0m:      	  13: { 'client-ids': "['0', '1']",
[92mINFO [0m:      	        'per-client-num-examples': "['2133', '8532']",
[92mINFO [0m:      	        'per-client-train_loss': "['7.3407e-02', '3.8149e-02']",
[92mINFO [0m:      	        'per-client-train_loss_mean': "['1.8893e-01', '4.9417e-02']",
[92mINFO [0m:      	        'train_loss': '4.5201e-02',
[92mINFO [0m:      	        'train_loss_mean': '7.7319e-02'},
[92mINFO [0m:      	  14: { 'client-ids': "['0', '1']",
[92mINFO [0m:      	        'per-client-num-examples': "['2133', '8532']",
[92mINFO [0m:      	        'per-client-train_loss': "['6.2869e-02', '3.8777e-02']",
[92mINFO [0m:      	        'per-client-train_loss_mean': "['1.7371e-01', '4.4246e-02']",
[92mINFO [0m:      	        'train_loss': '4.3596e-02',
[92mINFO [0m:      	        'train_loss_mean': '7.0138e-02'},
[92mINFO [0m:      	  15: { 'client-ids': "['0', '1']",
[92mINFO [0m:      	        'per-client-num-examples': "['2133', '8532']",
[92mINFO [0m:      	        'per-client-train_loss': "['6.7201e-02', '4.2175e-02']",
[92mINFO [0m:      	        'per-client-train_loss_mean': "['1.7677e-01', '4.0533e-02']",
[92mINFO [0m:      	        'train_loss': '4.7180e-02',
[92mINFO [0m:      	        'train_loss_mean': '6.7780e-02'},
[92mINFO [0m:      	  16: { 'client-ids': "['0', '1']",
[92mINFO [0m:      	        'per-client-num-examples': "['2133', '8532']",
[92mINFO [0m:      	        'per-client-train_loss': "['7.0875e-02', '4.9048e-02']",
[92mINFO [0m:      	        'per-client-train_loss_mean': "['1.7193e-01', '3.8264e-02']",
[92mINFO [0m:      	        'train_loss': '5.3413e-02',
[92mINFO [0m:      	        'train_loss_mean': '6.4996e-02'},
[92mINFO [0m:      	  17: { 'client-ids': "['0', '1']",
[92mINFO [0m:      	        'per-client-num-examples': "['2133', '8532']",
[92mINFO [0m:      	        'per-client-train_loss': "['8.3108e-02', '3.3577e-02']",
[92mINFO [0m:      	        'per-client-train_loss_mean': "['1.7123e-01', '3.8243e-02']",
[92mINFO [0m:      	        'train_loss': '4.3483e-02',
[92mINFO [0m:      	        'train_loss_mean': '6.4840e-02'},
[92mINFO [0m:      	  18: { 'client-ids': "['0', '1']",
[92mINFO [0m:      	        'per-client-num-examples': "['2133', '8532']",
[92mINFO [0m:      	        'per-client-train_loss': "['4.5440e-02', '4.3085e-02']",
[92mINFO [0m:      	        'per-client-train_loss_mean': "['1.6131e-01', '3.5894e-02']",
[92mINFO [0m:      	        'train_loss': '4.3556e-02',
[92mINFO [0m:      	        'train_loss_mean': '6.0977e-02'},
[92mINFO [0m:      	  19: { 'client-ids': "['0', '1']",
[92mINFO [0m:      	        'per-client-num-examples': "['2133', '8532']",
[92mINFO [0m:      	        'per-client-train_loss': "['7.2647e-02', '4.9379e-02']",
[92mINFO [0m:      	        'per-client-train_loss_mean': "['1.6428e-01', '3.7476e-02']",
[92mINFO [0m:      	        'train_loss': '5.4032e-02',
[92mINFO [0m:      	        'train_loss_mean': '6.2837e-02'},
[92mINFO [0m:      	  20: { 'client-ids': "['0', '1']",
[92mINFO [0m:      	        'per-client-num-examples': "['2133', '8532']",
[92mINFO [0m:      	        'per-client-train_loss': "['6.7178e-02', '2.8555e-02']",
[92mINFO [0m:      	        'per-client-train_loss_mean': "['1.5008e-01', '3.4483e-02']",
[92mINFO [0m:      	        'train_loss': '3.6279e-02',
[92mINFO [0m:      	        'train_loss_mean': '5.7601e-02'}}
[92mINFO [0m:      	
[92mINFO [0m:      	Aggregated ClientApp-side Evaluate Metrics:
[92mINFO [0m:      	{ 1: { 'client-ids': "['0', '1']",
[92mINFO [0m:      	       'eval_acc': '7.4588e-01',
[92mINFO [0m:      	       'eval_loss': '7.6838e-01',
[92mINFO [0m:      	       'per-client-eval_acc': "['7.2472e-01', '7.5117e-01']",
[92mINFO [0m:      	       'per-client-eval_loss': "['8.0716e-01', '7.5868e-01']",
[92mINFO [0m:      	       'per-client-num-examples': "['534', '2134']"},
[92mINFO [0m:      	  2: { 'client-ids': "['0', '1']",
[92mINFO [0m:      	       'eval_acc': '7.8973e-01',
[92mINFO [0m:      	       'eval_loss': '5.4873e-01',
[92mINFO [0m:      	       'per-client-eval_acc': "['8.0337e-01', '7.8632e-01']",
[92mINFO [0m:      	       'per-client-eval_loss': "['5.5965e-01', '5.4599e-01']",
[92mINFO [0m:      	       'per-client-num-examples': "['534', '2134']"},
[92mINFO [0m:      	  3: { 'client-ids': "['0', '1']",
[92mINFO [0m:      	       'eval_acc': '8.1897e-01',
[92mINFO [0m:      	       'eval_loss': '5.0201e-01',
[92mINFO [0m:      	       'per-client-eval_acc': "['8.1648e-01', '8.1959e-01']",
[92mINFO [0m:      	       'per-client-eval_loss': "['5.0085e-01', '5.0230e-01']",
[92mINFO [0m:      	       'per-client-num-examples': "['534', '2134']"},
[92mINFO [0m:      	  4: { 'client-ids': "['0', '1']",
[92mINFO [0m:      	       'eval_acc': '8.2046e-01',
[92mINFO [0m:      	       'eval_loss': '5.4772e-01',
[92mINFO [0m:      	       'per-client-eval_acc': "['8.2397e-01', '8.1959e-01']",
[92mINFO [0m:      	       'per-client-eval_loss': "['5.2570e-01', '5.5323e-01']",
[92mINFO [0m:      	       'per-client-num-examples': "['534', '2134']"},
[92mINFO [0m:      	  5: { 'client-ids': "['0', '1']",
[92mINFO [0m:      	       'eval_acc': '8.0922e-01',
[92mINFO [0m:      	       'eval_loss': '6.3699e-01',
[92mINFO [0m:      	       'per-client-eval_acc': "['7.9963e-01', '8.1162e-01']",
[92mINFO [0m:      	       'per-client-eval_loss': "['6.2220e-01', '6.4069e-01']",
[92mINFO [0m:      	       'per-client-num-examples': "['534', '2134']"},
[92mINFO [0m:      	  6: { 'client-ids': "['0', '1']",
[92mINFO [0m:      	       'eval_acc': '8.0397e-01',
[92mINFO [0m:      	       'eval_loss': '7.3740e-01',
[92mINFO [0m:      	       'per-client-eval_acc': "['7.9026e-01', '8.0740e-01']",
[92mINFO [0m:      	       'per-client-eval_loss': "['7.0410e-01', '7.4574e-01']",
[92mINFO [0m:      	       'per-client-num-examples': "['534', '2134']"},
[92mINFO [0m:      	  7: { 'client-ids': "['0', '1']",
[92mINFO [0m:      	       'eval_acc': '8.0397e-01',
[92mINFO [0m:      	       'eval_loss': '7.9899e-01',
[92mINFO [0m:      	       'per-client-eval_acc': "['7.9588e-01', '8.0600e-01']",
[92mINFO [0m:      	       'per-client-eval_loss': "['8.3672e-01', '7.8955e-01']",
[92mINFO [0m:      	       'per-client-num-examples': "['534', '2134']"},
[92mINFO [0m:      	  8: { 'client-ids': "['0', '1']",
[92mINFO [0m:      	       'eval_acc': '8.0022e-01',
[92mINFO [0m:      	       'eval_loss': '9.2164e-01',
[92mINFO [0m:      	       'per-client-eval_acc': "['8.1835e-01', '7.9569e-01']",
[92mINFO [0m:      	       'per-client-eval_loss': "['8.1770e-01', '9.4765e-01']",
[92mINFO [0m:      	       'per-client-num-examples': "['534', '2134']"},
[92mINFO [0m:      	  9: { 'client-ids': "['0', '1']",
[92mINFO [0m:      	       'eval_acc': '8.0397e-01',
[92mINFO [0m:      	       'eval_loss': '9.9526e-01',
[92mINFO [0m:      	       'per-client-eval_acc': "['7.9588e-01', '8.0600e-01']",
[92mINFO [0m:      	       'per-client-eval_loss': "['9.1818e-01', '1.0145e+00']",
[92mINFO [0m:      	       'per-client-num-examples': "['534', '2134']"},
[92mINFO [0m:      	  10: { 'client-ids': "['0', '1']",
[92mINFO [0m:      	        'eval_acc': '8.0660e-01',
[92mINFO [0m:      	        'eval_loss': '9.7192e-01',
[92mINFO [0m:      	        'per-client-eval_acc': "['7.9026e-01', '8.1068e-01']",
[92mINFO [0m:      	        'per-client-eval_loss': "['9.9202e-01', '9.6689e-01']",
[92mINFO [0m:      	        'per-client-num-examples': "['534', '2134']"},
[92mINFO [0m:      	  11: { 'client-ids': "['0', '1']",
[92mINFO [0m:      	        'eval_acc': '8.0472e-01',
[92mINFO [0m:      	        'eval_loss': '1.0717e+00',
[92mINFO [0m:      	        'per-client-eval_acc': "['7.9963e-01', '8.0600e-01']",
[92mINFO [0m:      	        'per-client-eval_loss': "['1.0211e+00', '1.0844e+00']",
[92mINFO [0m:      	        'per-client-num-examples': "['534', '2134']"},
[92mINFO [0m:      	  12: { 'client-ids': "['0', '1']",
[92mINFO [0m:      	        'eval_acc': '7.9835e-01',
[92mINFO [0m:      	        'eval_loss': '1.0697e+00',
[92mINFO [0m:      	        'per-client-eval_acc': "['7.8277e-01', '8.0225e-01']",
[92mINFO [0m:      	        'per-client-eval_loss': "['1.0609e+00', '1.0719e+00']",
[92mINFO [0m:      	        'per-client-num-examples': "['534', '2134']"},
[92mINFO [0m:      	  13: { 'client-ids': "['0', '1']",
[92mINFO [0m:      	        'eval_acc': '8.0810e-01',
[92mINFO [0m:      	        'eval_loss': '1.2188e+00',
[92mINFO [0m:      	        'per-client-eval_acc': "['8.0712e-01', '8.0834e-01']",
[92mINFO [0m:      	        'per-client-eval_loss': "['1.1589e+00', '1.2338e+00']",
[92mINFO [0m:      	        'per-client-num-examples': "['534', '2134']"},
[92mINFO [0m:      	  14: { 'client-ids': "['0', '1']",
[92mINFO [0m:      	        'eval_acc': '7.9948e-01',
[92mINFO [0m:      	        'eval_loss': '1.0989e+00',
[92mINFO [0m:      	        'per-client-eval_acc': "['7.9026e-01', '8.0178e-01']",
[92mINFO [0m:      	        'per-client-eval_loss': "['1.0507e+00', '1.1110e+00']",
[92mINFO [0m:      	        'per-client-num-examples': "['534', '2134']"},
[92mINFO [0m:      	  15: { 'client-ids': "['0', '1']",
[92mINFO [0m:      	        'eval_acc': '8.0210e-01',
[92mINFO [0m:      	        'eval_loss': '1.0738e+00',
[92mINFO [0m:      	        'per-client-eval_acc': "['7.8277e-01', '8.0694e-01']",
[92mINFO [0m:      	        'per-client-eval_loss': "['1.0527e+00', '1.0791e+00']",
[92mINFO [0m:      	        'per-client-num-examples': "['534', '2134']"},
[92mINFO [0m:      	  16: { 'client-ids': "['0', '1']",
[92mINFO [0m:      	        'eval_acc': '7.9685e-01',
[92mINFO [0m:      	        'eval_loss': '1.1651e+00',
[92mINFO [0m:      	        'per-client-eval_acc': "['7.8464e-01', '7.9991e-01']",
[92mINFO [0m:      	        'per-client-eval_loss': "['1.1076e+00', '1.1795e+00']",
[92mINFO [0m:      	        'per-client-num-examples': "['534', '2134']"},
[92mINFO [0m:      	  17: { 'client-ids': "['0', '1']",
[92mINFO [0m:      	        'eval_acc': '8.1184e-01',
[92mINFO [0m:      	        'eval_loss': '1.2382e+00',
[92mINFO [0m:      	        'per-client-eval_acc': "['7.9963e-01', '8.1490e-01']",
[92mINFO [0m:      	        'per-client-eval_loss': "['1.1804e+00', '1.2527e+00']",
[92mINFO [0m:      	        'per-client-num-examples': "['534', '2134']"},
[92mINFO [0m:      	  18: { 'client-ids': "['0', '1']",
[92mINFO [0m:      	        'eval_acc': '7.9610e-01',
[92mINFO [0m:      	        'eval_loss': '1.3896e+00',
[92mINFO [0m:      	        'per-client-eval_acc': "['8.0150e-01', '7.9475e-01']",
[92mINFO [0m:      	        'per-client-eval_loss': "['1.3663e+00', '1.3954e+00']",
[92mINFO [0m:      	        'per-client-num-examples': "['534', '2134']"},
[92mINFO [0m:      	  19: { 'client-ids': "['0', '1']",
[92mINFO [0m:      	        'eval_acc': '7.9348e-01',
[92mINFO [0m:      	        'eval_loss': '1.2560e+00',
[92mINFO [0m:      	        'per-client-eval_acc': "['7.8277e-01', '7.9616e-01']",
[92mINFO [0m:      	        'per-client-eval_loss': "['1.1938e+00', '1.2715e+00']",
[92mINFO [0m:      	        'per-client-num-examples': "['534', '2134']"},
[92mINFO [0m:      	  20: { 'client-ids': "['0', '1']",
[92mINFO [0m:      	        'eval_acc': '8.0097e-01',
[92mINFO [0m:      	        'eval_loss': '1.2947e+00',
[92mINFO [0m:      	        'per-client-eval_acc': "['7.9401e-01', '8.0272e-01']",
[92mINFO [0m:      	        'per-client-eval_loss': "['1.2319e+00', '1.3104e+00']",
[92mINFO [0m:      	        'per-client-num-examples': "['534', '2134']"}}
[92mINFO [0m:      	
[92mINFO [0m:      	ServerApp-side Evaluate Metrics:
[92mINFO [0m:      	{ 0: { 'accuracy': '2.5000e-01',
[92mINFO [0m:      	       'auc': '4.8709e-01',
[92mINFO [0m:      	       'f1': '1.0000e-01',
[92mINFO [0m:      	       'loss': '1.3893e+00',
[92mINFO [0m:      	       'precision': '6.2500e-02'},
[92mINFO [0m:      	  1: { 'accuracy': '7.4100e-01',
[92mINFO [0m:      	       'auc': '9.2444e-01',
[92mINFO [0m:      	       'f1': '7.4413e-01',
[92mINFO [0m:      	       'loss': '7.6787e-01',
[92mINFO [0m:      	       'precision': '7.5297e-01'},
[92mINFO [0m:      	  2: { 'accuracy': '7.8650e-01',
[92mINFO [0m:      	       'auc': '9.4746e-01',
[92mINFO [0m:      	       'f1': '7.8352e-01',
[92mINFO [0m:      	       'loss': '5.5076e-01',
[92mINFO [0m:      	       'precision': '7.8339e-01'},
[92mINFO [0m:      	  3: { 'accuracy': '7.9900e-01',
[92mINFO [0m:      	       'auc': '9.5320e-01',
[92mINFO [0m:      	       'f1': '7.9812e-01',
[92mINFO [0m:      	       'loss': '5.3540e-01',
[92mINFO [0m:      	       'precision': '7.9831e-01'},
[92mINFO [0m:      	  4: { 'accuracy': '7.9900e-01',
[92mINFO [0m:      	       'auc': '9.5470e-01',
[92mINFO [0m:      	       'f1': '7.9698e-01',
[92mINFO [0m:      	       'loss': '5.7571e-01',
[92mINFO [0m:      	       'precision': '7.9809e-01'},
[92mINFO [0m:      	  5: { 'accuracy': '7.9650e-01',
[92mINFO [0m:      	       'auc': '9.5203e-01',
[92mINFO [0m:      	       'f1': '7.9698e-01',
[92mINFO [0m:      	       'loss': '6.9781e-01',
[92mINFO [0m:      	       'precision': '7.9979e-01'},
[92mINFO [0m:      	  6: { 'accuracy': '7.9850e-01',
[92mINFO [0m:      	       'auc': '9.4771e-01',
[92mINFO [0m:      	       'f1': '7.9776e-01',
[92mINFO [0m:      	       'loss': '8.3853e-01',
[92mINFO [0m:      	       'precision': '7.9798e-01'},
[92mINFO [0m:      	  7: { 'accuracy': '7.9750e-01',
[92mINFO [0m:      	       'auc': '9.5276e-01',
[92mINFO [0m:      	       'f1': '7.9731e-01',
[92mINFO [0m:      	       'loss': '8.2906e-01',
[92mINFO [0m:      	       'precision': '8.0083e-01'},
[92mINFO [0m:      	  8: { 'accuracy': '7.7700e-01',
[92mINFO [0m:      	       'auc': '9.4405e-01',
[92mINFO [0m:      	       'f1': '7.7828e-01',
[92mINFO [0m:      	       'loss': '1.0474e+00',
[92mINFO [0m:      	       'precision': '7.8258e-01'},
[92mINFO [0m:      	  9: { 'accuracy': '7.9200e-01',
[92mINFO [0m:      	       'auc': '9.5113e-01',
[92mINFO [0m:      	       'f1': '7.9206e-01',
[92mINFO [0m:      	       'loss': '1.0325e+00',
[92mINFO [0m:      	       'precision': '7.9433e-01'},
[92mINFO [0m:      	  10: { 'accuracy': '7.9100e-01',
[92mINFO [0m:      	        'auc': '9.4995e-01',
[92mINFO [0m:      	        'f1': '7.9136e-01',
[92mINFO [0m:      	        'loss': '1.0509e+00',
[92mINFO [0m:      	        'precision': '7.9205e-01'},
[92mINFO [0m:      	  11: { 'accuracy': '7.8350e-01',
[92mINFO [0m:      	        'auc': '9.4621e-01',
[92mINFO [0m:      	        'f1': '7.8276e-01',
[92mINFO [0m:      	        'loss': '1.1852e+00',
[92mINFO [0m:      	        'precision': '7.8875e-01'},
[92mINFO [0m:      	  12: { 'accuracy': '7.9050e-01',
[92mINFO [0m:      	        'auc': '9.4623e-01',
[92mINFO [0m:      	        'f1': '7.9081e-01',
[92mINFO [0m:      	        'loss': '1.1860e+00',
[92mINFO [0m:      	        'precision': '7.9282e-01'},
[92mINFO [0m:      	  13: { 'accuracy': '7.9800e-01',
[92mINFO [0m:      	        'auc': '9.5058e-01',
[92mINFO [0m:      	        'f1': '7.9870e-01',
[92mINFO [0m:      	        'loss': '1.2383e+00',
[92mINFO [0m:      	        'precision': '7.9999e-01'},
[92mINFO [0m:      	  14: { 'accuracy': '7.9200e-01',
[92mINFO [0m:      	        'auc': '9.4804e-01',
[92mINFO [0m:      	        'f1': '7.9258e-01',
[92mINFO [0m:      	        'loss': '1.1694e+00',
[92mINFO [0m:      	        'precision': '7.9625e-01'},
[92mINFO [0m:      	  15: { 'accuracy': '7.8800e-01',
[92mINFO [0m:      	        'auc': '9.4973e-01',
[92mINFO [0m:      	        'f1': '7.8726e-01',
[92mINFO [0m:      	        'loss': '1.1174e+00',
[92mINFO [0m:      	        'precision': '7.8733e-01'},
[92mINFO [0m:      	  16: { 'accuracy': '7.9100e-01',
[92mINFO [0m:      	        'auc': '9.4950e-01',
[92mINFO [0m:      	        'f1': '7.9272e-01',
[92mINFO [0m:      	        'loss': '1.1967e+00',
[92mINFO [0m:      	        'precision': '7.9650e-01'},
[92mINFO [0m:      	  17: { 'accuracy': '7.9850e-01',
[92mINFO [0m:      	        'auc': '9.5006e-01',
[92mINFO [0m:      	        'f1': '7.9820e-01',
[92mINFO [0m:      	        'loss': '1.3522e+00',
[92mINFO [0m:      	        'precision': '7.9825e-01'},
[92mINFO [0m:      	  18: { 'accuracy': '7.9700e-01',
[92mINFO [0m:      	        'auc': '9.4633e-01',
[92mINFO [0m:      	        'f1': '7.9614e-01',
[92mINFO [0m:      	        'loss': '1.4883e+00',
[92mINFO [0m:      	        'precision': '7.9592e-01'},
[92mINFO [0m:      	  19: { 'accuracy': '7.8750e-01',
[92mINFO [0m:      	        'auc': '9.4345e-01',
[92mINFO [0m:      	        'f1': '7.8884e-01',
[92mINFO [0m:      	        'loss': '1.3475e+00',
[92mINFO [0m:      	        'precision': '7.9129e-01'},
[92mINFO [0m:      	  20: { 'accuracy': '7.9400e-01',
[92mINFO [0m:      	        'auc': '9.4778e-01',
[92mINFO [0m:      	        'f1': '7.9334e-01',
[92mINFO [0m:      	        'loss': '1.3893e+00',
[92mINFO [0m:      	        'precision': '7.9618e-01'}}
[92mINFO [0m:      
Round 1 checkpoint written to /content/metricdp-pytorch/results/planned_runs/cifar/max_records/seed-44-vanilla/runs/cifar-max-records-out-remove__non-iid__vanilla__fedavg__clients-2__seed-44__nm0p01__clip5__rounds-20__epochs-5__cifar_chunks__cifar10_cnn.round-1.pt
Round 2 checkpoint written to /content/metricdp-pytorch/results/planned_runs/cifar/max_records/seed-44-vanilla/runs/cifar-max-records-out-remove__non-iid__vanilla__fedavg__clients-2__seed-44__nm0p01__clip5__rounds-20__epochs-5__cifar_chunks__cifar10_cnn.round-2.pt
Round 3 checkpoint written to /content/metricdp-pytorch/results/planned_runs/cifar/max_records/seed-44-vanilla/runs/cifar-max-records-out-remove__non-iid__vanilla__fedavg__clients-2__seed-44__nm0p01__clip5__rounds-20__epochs-5__cifar_chunks__cifar10_cnn.round-3.pt
Round 4 checkpoint written to /content/metricdp-pytorch/results/planned_runs/cifar/max_records/seed-44-vanilla/runs/cifar-max-records-out-remove__non-iid__vanilla__fedavg__clients-2__seed-44__nm0p01__clip5__rounds-20__epochs-5__cifar_chunks__cifar10_cnn.round-4.pt
Round 5 checkpoint written to /content/metricdp-pytorch/results/planned_runs/cifar/max_records/seed-44-vanilla/runs/cifar-max-records-out-remove__non-iid__vanilla__fedavg__clients-2__seed-44__nm0p01__clip5__rounds-20__epochs-5__cifar_chunks__cifar10_cnn.round-5.pt
Round 6 checkpoint written to /content/metricdp-pytorch/results/planned_runs/cifar/max_records/seed-44-vanilla/runs/cifar-max-records-out-remove__non-iid__vanilla__fedavg__clients-2__seed-44__nm0p01__clip5__rounds-20__epochs-5__cifar_chunks__cifar10_cnn.round-6.pt
Round 7 checkpoint written to /content/metricdp-pytorch/results/planned_runs/cifar/max_records/seed-44-vanilla/runs/cifar-max-records-out-remove__non-iid__vanilla__fedavg__clients-2__seed-44__nm0p01__clip5__rounds-20__epochs-5__cifar_chunks__cifar10_cnn.round-7.pt
Round 8 checkpoint written to /content/metricdp-pytorch/results/planned_runs/cifar/max_records/seed-44-vanilla/runs/cifar-max-records-out-remove__non-iid__vanilla__fedavg__clients-2__seed-44__nm0p01__clip5__rounds-20__epochs-5__cifar_chunks__cifar10_cnn.round-8.pt
Round 9 checkpoint written to /content/metricdp-pytorch/results/planned_runs/cifar/max_records/seed-44-vanilla/runs/cifar-max-records-out-remove__non-iid__vanilla__fedavg__clients-2__seed-44__nm0p01__clip5__rounds-20__epochs-5__cifar_chunks__cifar10_cnn.round-9.pt
Round 10 checkpoint written to /content/metricdp-pytorch/results/planned_runs/cifar/max_records/seed-44-vanilla/runs/cifar-max-records-out-remove__non-iid__vanilla__fedavg__clients-2__seed-44__nm0p01__clip5__rounds-20__epochs-5__cifar_chunks__cifar10_cnn.round-10.pt
Round 11 checkpoint written to /content/metricdp-pytorch/results/planned_runs/cifar/max_records/seed-44-vanilla/runs/cifar-max-records-out-remove__non-iid__vanilla__fedavg__clients-2__seed-44__nm0p01__clip5__rounds-20__epochs-5__cifar_chunks__cifar10_cnn.round-11.pt
Round 12 checkpoint written to /content/metricdp-pytorch/results/planned_runs/cifar/max_records/seed-44-vanilla/runs/cifar-max-records-out-remove__non-iid__vanilla__fedavg__clients-2__seed-44__nm0p01__clip5__rounds-20__epochs-5__cifar_chunks__cifar10_cnn.round-12.pt
Round 13 checkpoint written to /content/metricdp-pytorch/results/planned_runs/cifar/max_records/seed-44-vanilla/runs/cifar-max-records-out-remove__non-iid__vanilla__fedavg__clients-2__seed-44__nm0p01__clip5__rounds-20__epochs-5__cifar_chunks__cifar10_cnn.round-13.pt
Round 14 checkpoint written to /content/metricdp-pytorch/results/planned_runs/cifar/max_records/seed-44-vanilla/runs/cifar-max-records-out-remove__non-iid__vanilla__fedavg__clients-2__seed-44__nm0p01__clip5__rounds-20__epochs-5__cifar_chunks__cifar10_cnn.round-14.pt
Round 15 checkpoint written to /content/metricdp-pytorch/results/planned_runs/cifar/max_records/seed-44-vanilla/runs/cifar-max-records-out-remove__non-iid__vanilla__fedavg__clients-2__seed-44__nm0p01__clip5__rounds-20__epochs-5__cifar_chunks__cifar10_cnn.round-15.pt
Round 16 checkpoint written to /content/metricdp-pytorch/results/planned_runs/cifar/max_records/seed-44-vanilla/runs/cifar-max-records-out-remove__non-iid__vanilla__fedavg__clients-2__seed-44__nm0p01__clip5__rounds-20__epochs-5__cifar_chunks__cifar10_cnn.round-16.pt
Round 17 checkpoint written to /content/metricdp-pytorch/results/planned_runs/cifar/max_records/seed-44-vanilla/runs/cifar-max-records-out-remove__non-iid__vanilla__fedavg__clients-2__seed-44__nm0p01__clip5__rounds-20__epochs-5__cifar_chunks__cifar10_cnn.round-17.pt
Round 18 checkpoint written to /content/metricdp-pytorch/results/planned_runs/cifar/max_records/seed-44-vanilla/runs/cifar-max-records-out-remove__non-iid__vanilla__fedavg__clients-2__seed-44__nm0p01__clip5__rounds-20__epochs-5__cifar_chunks__cifar10_cnn.round-18.pt
Round 19 checkpoint written to /content/metricdp-pytorch/results/planned_runs/cifar/max_records/seed-44-vanilla/runs/cifar-max-records-out-remove__non-iid__vanilla__fedavg__clients-2__seed-44__nm0p01__clip5__rounds-20__epochs-5__cifar_chunks__cifar10_cnn.round-19.pt
Round 20 checkpoint written to /content/metricdp-pytorch/results/planned_runs/cifar/max_records/seed-44-vanilla/runs/cifar-max-records-out-remove__non-iid__vanilla__fedavg__clients-2__seed-44__nm0p01__clip5__rounds-20__epochs-5__cifar_chunks__cifar10_cnn.round-20.pt
Experiment result written to /content/metricdp-pytorch/results/planned_runs/cifar/max_records/seed-44-vanilla/runs/cifar-max-records-out-remove__non-iid__vanilla__fedavg__clients-2__seed-44__nm0p01__clip5__rounds-20__epochs-5__cifar_chunks__cifar10_cnn.json
/usr/lib/python3.12/multiprocessing/popen_fork.py:66: DeprecationWarning: This process (pid=1103) is multi-threaded, use of fork() may lead to deadlocks in the child.
  self.pid = os.fork()
[36m(ClientAppActor pid=1650)[0m /usr/lib/python3.12/multiprocessing/popen_fork.py:66: DeprecationWarning: This process (pid=1650) is multi-threaded, use of fork() may lead to deadlocks in the child.
[36m(ClientAppActor pid=1650)[0m   self.pid = os.fork()
Detailed evaluation written to /content/metricdp-pytorch/results/planned_runs/cifar/max_records/seed-44-vanilla/runs/cifar-max-records-out-remove__non-iid__vanilla__fedavg__clients-2__seed-44__nm0p01__clip5__rounds-20__epochs-5__cifar_chunks__cifar10_cnn.evaluation.json and /content/metricdp-pytorch/results/planned_runs/cifar/max_records/seed-44-vanilla/runs/cifar-max-records-out-remove__non-iid__vanilla__fedavg__clients-2__seed-44__nm0p01__clip5__rounds-20__epochs-5__cifar_chunks__cifar10_cnn.predictions.npz
Result: /content/metricdp-pytorch/results/planned_runs/cifar/max_records/seed-44-vanilla/runs/cifar-max-records-out-remove__non-iid__vanilla__fedavg__clients-2__seed-44__nm0p01__clip5__rounds-20__epochs-5__cifar_chunks__cifar10_cnn.json
Final server metrics: {'loss': 1.3893109282255174, 'accuracy': 0.794, 'f1': 0.7933423633077752, 'precision': 0.7961768665532152, 'auc': 0.9477842500000001}
2026-08-05 12:12:36 DONE  cifar-max-records-out-remove__non-iid__vanilla__fedavg__clients-2__seed-44__nm0p01__clip5__rounds-20__epochs-5__cifar_chunks__cifar10_cnn (334.9s)
Warning: You are sending unauthenticated requests to the HF Hub. Please set a HF_TOKEN to enable higher rate limits and faster downloads.
2026-08-05 12:12:47 EVALUATED cifar-max-records-out-remove__non-iid__vanilla__fedavg__clients-2__seed-44__nm0p01__clip5__rounds-20__epochs-5__cifar_chunks__cifar10_cnn round=1 (checkpoint deleted)
2026-08-05 12:12:53 EVALUATED cifar-max-records-out-remove__non-iid__vanilla__fedavg__clients-2__seed-44__nm0p01__clip5__rounds-20__epochs-5__cifar_chunks__cifar10_cnn round=2 (checkpoint deleted)
2026-08-05 12:13:00 EVALUATED cifar-max-records-out-remove__non-iid__vanilla__fedavg__clients-2__seed-44__nm0p01__clip5__rounds-20__epochs-5__cifar_chunks__cifar10_cnn round=3 (checkpoint deleted)
2026-08-05 12:13:07 EVALUATED cifar-max-records-out-remove__non-iid__vanilla__fedavg__clients-2__seed-44__nm0p01__clip5__rounds-20__epochs-5__cifar_chunks__cifar10_cnn round=4 (checkpoint deleted)
2026-08-05 12:13:14 EVALUATED cifar-max-records-out-remove__non-iid__vanilla__fedavg__clients-2__seed-44__nm0p01__clip5__rounds-20__epochs-5__cifar_chunks__cifar10_cnn round=5 (checkpoint deleted)
2026-08-05 12:13:21 EVALUATED cifar-max-records-out-remove__non-iid__vanilla__fedavg__clients-2__seed-44__nm0p01__clip5__rounds-20__epochs-5__cifar_chunks__cifar10_cnn round=6 (checkpoint deleted)
2026-08-05 12:13:28 EVALUATED cifar-max-records-out-remove__non-iid__vanilla__fedavg__clients-2__seed-44__nm0p01__clip5__rounds-20__epochs-5__cifar_chunks__cifar10_cnn round=7 (checkpoint deleted)
2026-08-05 12:13:35 EVALUATED cifar-max-records-out-remove__non-iid__vanilla__fedavg__clients-2__seed-44__nm0p01__clip5__rounds-20__epochs-5__cifar_chunks__cifar10_cnn round=8 (checkpoint deleted)
2026-08-05 12:13:41 EVALUATED cifar-max-records-out-remove__non-iid__vanilla__fedavg__clients-2__seed-44__nm0p01__clip5__rounds-20__epochs-5__cifar_chunks__cifar10_cnn round=9 (checkpoint deleted)
2026-08-05 12:13:48 EVALUATED cifar-max-records-out-remove__non-iid__vanilla__fedavg__clients-2__seed-44__nm0p01__clip5__rounds-20__epochs-5__cifar_chunks__cifar10_cnn round=10 (checkpoint deleted)
2026-08-05 12:13:55 EVALUATED cifar-max-records-out-remove__non-iid__vanilla__fedavg__clients-2__seed-44__nm0p01__clip5__rounds-20__epochs-5__cifar_chunks__cifar10_cnn round=11 (checkpoint deleted)
2026-08-05 12:14:02 EVALUATED cifar-max-records-out-remove__non-iid__vanilla__fedavg__clients-2__seed-44__nm0p01__clip5__rounds-20__epochs-5__cifar_chunks__cifar10_cnn round=12 (checkpoint deleted)
2026-08-05 12:14:09 EVALUATED cifar-max-records-out-remove__non-iid__vanilla__fedavg__clients-2__seed-44__nm0p01__clip5__rounds-20__epochs-5__cifar_chunks__cifar10_cnn round=13 (checkpoint deleted)
2026-08-05 12:14:16 EVALUATED cifar-max-records-out-remove__non-iid__vanilla__fedavg__clients-2__seed-44__nm0p01__clip5__rounds-20__epochs-5__cifar_chunks__cifar10_cnn round=14 (checkpoint deleted)
2026-08-05 12:14:22 EVALUATED cifar-max-records-out-remove__non-iid__vanilla__fedavg__clients-2__seed-44__nm0p01__clip5__rounds-20__epochs-5__cifar_chunks__cifar10_cnn round=15 (checkpoint deleted)
2026-08-05 12:14:29 EVALUATED cifar-max-records-out-remove__non-iid__vanilla__fedavg__clients-2__seed-44__nm0p01__clip5__rounds-20__epochs-5__cifar_chunks__cifar10_cnn round=16 (checkpoint deleted)
2026-08-05 12:14:36 EVALUATED cifar-max-records-out-remove__non-iid__vanilla__fedavg__clients-2__seed-44__nm0p01__clip5__rounds-20__epochs-5__cifar_chunks__cifar10_cnn round=17 (checkpoint deleted)
2026-08-05 12:14:43 EVALUATED cifar-max-records-out-remove__non-iid__vanilla__fedavg__clients-2__seed-44__nm0p01__clip5__rounds-20__epochs-5__cifar_chunks__cifar10_cnn round=18 (checkpoint deleted)
2026-08-05 12:14:50 EVALUATED cifar-max-records-out-remove__non-iid__vanilla__fedavg__clients-2__seed-44__nm0p01__clip5__rounds-20__epochs-5__cifar_chunks__cifar10_cnn round=19 (checkpoint deleted)
2026-08-05 12:14:57 EVALUATED cifar-max-records-out-remove__non-iid__vanilla__fedavg__clients-2__seed-44__nm0p01__clip5__rounds-20__epochs-5__cifar_chunks__cifar10_cnn round=20 (checkpoint deleted)
2026-08-05 12:14:57 PROGRESS 1/1 (0 failed so far)
2026-08-05 12:14:57 Sweep finished: 1/1 attempted, 0 failed
