2026-08-05 14:28:55 Starting full chunk: 1 trajectories
2026-08-05 14:28:55 START cifar-full-in-replace__non-iid__vanilla__fedavg__clients-3__seed-44__nm0p01__clip5__rounds-20__epochs-5__cifar_chunks__cifar10_cnn 
2026-08-05 14:33:01 DONE  cifar-full-in-replace__non-iid__vanilla__fedavg__clients-3__seed-44__nm0p01__clip5__rounds-20__epochs-5__cifar_chunks__cifar10_cnn (245.6s)
2026-08-05 14:33:09 EVALUATED cifar-full-in-replace__non-iid__vanilla__fedavg__clients-3__seed-44__nm0p01__clip5__rounds-20__epochs-5__cifar_chunks__cifar10_cnn round=1 (checkpoint deleted)
2026-08-05 14:33:15 EVALUATED cifar-full-in-replace__non-iid__vanilla__fedavg__clients-3__seed-44__nm0p01__clip5__rounds-20__epochs-5__cifar_chunks__cifar10_cnn round=2 (checkpoint deleted)
2026-08-05 14:33:21 EVALUATED cifar-full-in-replace__non-iid__vanilla__fedavg__clients-3__seed-44__nm0p01__clip5__rounds-20__epochs-5__cifar_chunks__cifar10_cnn round=3 (checkpoint deleted)
2026-08-05 14:33:26 EVALUATED cifar-full-in-replace__non-iid__vanilla__fedavg__clients-3__seed-44__nm0p01__clip5__rounds-20__epochs-5__cifar_chunks__cifar10_cnn round=4 (checkpoint deleted)
2026-08-05 14:33:32 EVALUATED cifar-full-in-replace__non-iid__vanilla__fedavg__clients-3__seed-44__nm0p01__clip5__rounds-20__epochs-5__cifar_chunks__cifar10_cnn round=5 (checkpoint deleted)
2026-08-05 14:33:37 EVALUATED cifar-full-in-replace__non-iid__vanilla__fedavg__clients-3__seed-44__nm0p01__clip5__rounds-20__epochs-5__cifar_chunks__cifar10_cnn round=6 (checkpoint deleted)
2026-08-05 14:33:43 EVALUATED cifar-full-in-replace__non-iid__vanilla__fedavg__clients-3__seed-44__nm0p01__clip5__rounds-20__epochs-5__cifar_chunks__cifar10_cnn round=7 (checkpoint deleted)
2026-08-05 14:33:48 EVALUATED cifar-full-in-replace__non-iid__vanilla__fedavg__clients-3__seed-44__nm0p01__clip5__rounds-20__epochs-5__cifar_chunks__cifar10_cnn round=8 (checkpoint deleted)
2026-08-05 14:33:54 EVALUATED cifar-full-in-replace__non-iid__vanilla__fedavg__clients-3__seed-44__nm0p01__clip5__rounds-20__epochs-5__cifar_chunks__cifar10_cnn round=9 (checkpoint deleted)
2026-08-05 14:33:59 EVALUATED cifar-full-in-replace__non-iid__vanilla__fedavg__clients-3__seed-44__nm0p01__clip5__rounds-20__epochs-5__cifar_chunks__cifar10_cnn round=10 (checkpoint deleted)
2026-08-05 14:34:05 EVALUATED cifar-full-in-replace__non-iid__vanilla__fedavg__clients-3__seed-44__nm0p01__clip5__rounds-20__epochs-5__cifar_chunks__cifar10_cnn round=11 (checkpoint deleted)
2026-08-05 14:34:11 EVALUATED cifar-full-in-replace__non-iid__vanilla__fedavg__clients-3__seed-44__nm0p01__clip5__rounds-20__epochs-5__cifar_chunks__cifar10_cnn round=12 (checkpoint deleted)
2026-08-05 14:34:16 EVALUATED cifar-full-in-replace__non-iid__vanilla__fedavg__clients-3__seed-44__nm0p01__clip5__rounds-20__epochs-5__cifar_chunks__cifar10_cnn round=13 (checkpoint deleted)
2026-08-05 14:34:22 EVALUATED cifar-full-in-replace__non-iid__vanilla__fedavg__clients-3__seed-44__nm0p01__clip5__rounds-20__epochs-5__cifar_chunks__cifar10_cnn round=14 (checkpoint deleted)
2026-08-05 14:34:27 EVALUATED cifar-full-in-replace__non-iid__vanilla__fedavg__clients-3__seed-44__nm0p01__clip5__rounds-20__epochs-5__cifar_chunks__cifar10_cnn round=15 (checkpoint deleted)
2026-08-05 14:34:33 EVALUATED cifar-full-in-replace__non-iid__vanilla__fedavg__clients-3__seed-44__nm0p01__clip5__rounds-20__epochs-5__cifar_chunks__cifar10_cnn round=16 (checkpoint deleted)
2026-08-05 14:34:38 EVALUATED cifar-full-in-replace__non-iid__vanilla__fedavg__clients-3__seed-44__nm0p01__clip5__rounds-20__epochs-5__cifar_chunks__cifar10_cnn round=17 (checkpoint deleted)
2026-08-05 14:34:44 EVALUATED cifar-full-in-replace__non-iid__vanilla__fedavg__clients-3__seed-44__nm0p01__clip5__rounds-20__epochs-5__cifar_chunks__cifar10_cnn round=18 (checkpoint deleted)
2026-08-05 14:34:49 EVALUATED cifar-full-in-replace__non-iid__vanilla__fedavg__clients-3__seed-44__nm0p01__clip5__rounds-20__epochs-5__cifar_chunks__cifar10_cnn round=19 (checkpoint deleted)
2026-08-05 14:34:55 EVALUATED cifar-full-in-replace__non-iid__vanilla__fedavg__clients-3__seed-44__nm0p01__clip5__rounds-20__epochs-5__cifar_chunks__cifar10_cnn round=20 (checkpoint deleted)
2026-08-05 14:34:55 PROGRESS 1/1 (0 failed so far)
2026-08-05 14:34:55 Sweep finished: 1/1 attempted, 0 failed
