2026-08-05 19:17:07 Starting full chunk: 2 trajectories
2026-08-05 19:17:07 START cifar-full-out-replace__non-iid__global-dp__fedavg__clients-8__seed-42__nm0p05__clip5__rounds-20__epochs-5__cifar_chunks__cifar10_cnn 
2026-08-05 19:21:41 DONE  cifar-full-out-replace__non-iid__global-dp__fedavg__clients-8__seed-42__nm0p05__clip5__rounds-20__epochs-5__cifar_chunks__cifar10_cnn (273.7s)
2026-08-05 19:21:49 EVALUATED cifar-full-out-replace__non-iid__global-dp__fedavg__clients-8__seed-42__nm0p05__clip5__rounds-20__epochs-5__cifar_chunks__cifar10_cnn round=1 (checkpoint deleted)
2026-08-05 19:21:53 EVALUATED cifar-full-out-replace__non-iid__global-dp__fedavg__clients-8__seed-42__nm0p05__clip5__rounds-20__epochs-5__cifar_chunks__cifar10_cnn round=2 (checkpoint deleted)
2026-08-05 19:21:58 EVALUATED cifar-full-out-replace__non-iid__global-dp__fedavg__clients-8__seed-42__nm0p05__clip5__rounds-20__epochs-5__cifar_chunks__cifar10_cnn round=3 (checkpoint deleted)
2026-08-05 19:22:02 EVALUATED cifar-full-out-replace__non-iid__global-dp__fedavg__clients-8__seed-42__nm0p05__clip5__rounds-20__epochs-5__cifar_chunks__cifar10_cnn round=4 (checkpoint deleted)
2026-08-05 19:22:07 EVALUATED cifar-full-out-replace__non-iid__global-dp__fedavg__clients-8__seed-42__nm0p05__clip5__rounds-20__epochs-5__cifar_chunks__cifar10_cnn round=5 (checkpoint deleted)
2026-08-05 19:22:11 EVALUATED cifar-full-out-replace__non-iid__global-dp__fedavg__clients-8__seed-42__nm0p05__clip5__rounds-20__epochs-5__cifar_chunks__cifar10_cnn round=6 (checkpoint deleted)
2026-08-05 19:22:16 EVALUATED cifar-full-out-replace__non-iid__global-dp__fedavg__clients-8__seed-42__nm0p05__clip5__rounds-20__epochs-5__cifar_chunks__cifar10_cnn round=7 (checkpoint deleted)
2026-08-05 19:22:20 EVALUATED cifar-full-out-replace__non-iid__global-dp__fedavg__clients-8__seed-42__nm0p05__clip5__rounds-20__epochs-5__cifar_chunks__cifar10_cnn round=8 (checkpoint deleted)
2026-08-05 19:22:25 EVALUATED cifar-full-out-replace__non-iid__global-dp__fedavg__clients-8__seed-42__nm0p05__clip5__rounds-20__epochs-5__cifar_chunks__cifar10_cnn round=9 (checkpoint deleted)
2026-08-05 19:22:29 EVALUATED cifar-full-out-replace__non-iid__global-dp__fedavg__clients-8__seed-42__nm0p05__clip5__rounds-20__epochs-5__cifar_chunks__cifar10_cnn round=10 (checkpoint deleted)
2026-08-05 19:22:34 EVALUATED cifar-full-out-replace__non-iid__global-dp__fedavg__clients-8__seed-42__nm0p05__clip5__rounds-20__epochs-5__cifar_chunks__cifar10_cnn round=11 (checkpoint deleted)
2026-08-05 19:22:38 EVALUATED cifar-full-out-replace__non-iid__global-dp__fedavg__clients-8__seed-42__nm0p05__clip5__rounds-20__epochs-5__cifar_chunks__cifar10_cnn round=12 (checkpoint deleted)
2026-08-05 19:22:43 EVALUATED cifar-full-out-replace__non-iid__global-dp__fedavg__clients-8__seed-42__nm0p05__clip5__rounds-20__epochs-5__cifar_chunks__cifar10_cnn round=13 (checkpoint deleted)
2026-08-05 19:22:47 EVALUATED cifar-full-out-replace__non-iid__global-dp__fedavg__clients-8__seed-42__nm0p05__clip5__rounds-20__epochs-5__cifar_chunks__cifar10_cnn round=14 (checkpoint deleted)
2026-08-05 19:22:52 EVALUATED cifar-full-out-replace__non-iid__global-dp__fedavg__clients-8__seed-42__nm0p05__clip5__rounds-20__epochs-5__cifar_chunks__cifar10_cnn round=15 (checkpoint deleted)
2026-08-05 19:22:57 EVALUATED cifar-full-out-replace__non-iid__global-dp__fedavg__clients-8__seed-42__nm0p05__clip5__rounds-20__epochs-5__cifar_chunks__cifar10_cnn round=16 (checkpoint deleted)
2026-08-05 19:23:01 EVALUATED cifar-full-out-replace__non-iid__global-dp__fedavg__clients-8__seed-42__nm0p05__clip5__rounds-20__epochs-5__cifar_chunks__cifar10_cnn round=17 (checkpoint deleted)
2026-08-05 19:23:06 EVALUATED cifar-full-out-replace__non-iid__global-dp__fedavg__clients-8__seed-42__nm0p05__clip5__rounds-20__epochs-5__cifar_chunks__cifar10_cnn round=18 (checkpoint deleted)
2026-08-05 19:23:10 EVALUATED cifar-full-out-replace__non-iid__global-dp__fedavg__clients-8__seed-42__nm0p05__clip5__rounds-20__epochs-5__cifar_chunks__cifar10_cnn round=19 (checkpoint deleted)
2026-08-05 19:23:15 EVALUATED cifar-full-out-replace__non-iid__global-dp__fedavg__clients-8__seed-42__nm0p05__clip5__rounds-20__epochs-5__cifar_chunks__cifar10_cnn round=20 (checkpoint deleted)
2026-08-05 19:23:15 PROGRESS 1/2 (0 failed so far)
2026-08-05 19:23:15 START cifar-full-out-replace__non-iid__metric-privacy__fedavg__clients-8__seed-42__nm0p05__clip5__rounds-20__epochs-5__cifar_chunks__cifar10_cnn 
2026-08-05 19:27:51 DONE  cifar-full-out-replace__non-iid__metric-privacy__fedavg__clients-8__seed-42__nm0p05__clip5__rounds-20__epochs-5__cifar_chunks__cifar10_cnn (276.5s)
2026-08-05 19:27:56 EVALUATED cifar-full-out-replace__non-iid__metric-privacy__fedavg__clients-8__seed-42__nm0p05__clip5__rounds-20__epochs-5__cifar_chunks__cifar10_cnn round=1 (checkpoint deleted)
2026-08-05 19:28:00 EVALUATED cifar-full-out-replace__non-iid__metric-privacy__fedavg__clients-8__seed-42__nm0p05__clip5__rounds-20__epochs-5__cifar_chunks__cifar10_cnn round=2 (checkpoint deleted)
2026-08-05 19:28:05 EVALUATED cifar-full-out-replace__non-iid__metric-privacy__fedavg__clients-8__seed-42__nm0p05__clip5__rounds-20__epochs-5__cifar_chunks__cifar10_cnn round=3 (checkpoint deleted)
2026-08-05 19:28:09 EVALUATED cifar-full-out-replace__non-iid__metric-privacy__fedavg__clients-8__seed-42__nm0p05__clip5__rounds-20__epochs-5__cifar_chunks__cifar10_cnn round=4 (checkpoint deleted)
2026-08-05 19:28:14 EVALUATED cifar-full-out-replace__non-iid__metric-privacy__fedavg__clients-8__seed-42__nm0p05__clip5__rounds-20__epochs-5__cifar_chunks__cifar10_cnn round=5 (checkpoint deleted)
2026-08-05 19:28:18 EVALUATED cifar-full-out-replace__non-iid__metric-privacy__fedavg__clients-8__seed-42__nm0p05__clip5__rounds-20__epochs-5__cifar_chunks__cifar10_cnn round=6 (checkpoint deleted)
2026-08-05 19:28:23 EVALUATED cifar-full-out-replace__non-iid__metric-privacy__fedavg__clients-8__seed-42__nm0p05__clip5__rounds-20__epochs-5__cifar_chunks__cifar10_cnn round=7 (checkpoint deleted)
2026-08-05 19:28:27 EVALUATED cifar-full-out-replace__non-iid__metric-privacy__fedavg__clients-8__seed-42__nm0p05__clip5__rounds-20__epochs-5__cifar_chunks__cifar10_cnn round=8 (checkpoint deleted)
2026-08-05 19:28:32 EVALUATED cifar-full-out-replace__non-iid__metric-privacy__fedavg__clients-8__seed-42__nm0p05__clip5__rounds-20__epochs-5__cifar_chunks__cifar10_cnn round=9 (checkpoint deleted)
2026-08-05 19:28:36 EVALUATED cifar-full-out-replace__non-iid__metric-privacy__fedavg__clients-8__seed-42__nm0p05__clip5__rounds-20__epochs-5__cifar_chunks__cifar10_cnn round=10 (checkpoint deleted)
2026-08-05 19:28:41 EVALUATED cifar-full-out-replace__non-iid__metric-privacy__fedavg__clients-8__seed-42__nm0p05__clip5__rounds-20__epochs-5__cifar_chunks__cifar10_cnn round=11 (checkpoint deleted)
2026-08-05 19:28:45 EVALUATED cifar-full-out-replace__non-iid__metric-privacy__fedavg__clients-8__seed-42__nm0p05__clip5__rounds-20__epochs-5__cifar_chunks__cifar10_cnn round=12 (checkpoint deleted)
2026-08-05 19:28:50 EVALUATED cifar-full-out-replace__non-iid__metric-privacy__fedavg__clients-8__seed-42__nm0p05__clip5__rounds-20__epochs-5__cifar_chunks__cifar10_cnn round=13 (checkpoint deleted)
2026-08-05 19:28:54 EVALUATED cifar-full-out-replace__non-iid__metric-privacy__fedavg__clients-8__seed-42__nm0p05__clip5__rounds-20__epochs-5__cifar_chunks__cifar10_cnn round=14 (checkpoint deleted)
2026-08-05 19:28:59 EVALUATED cifar-full-out-replace__non-iid__metric-privacy__fedavg__clients-8__seed-42__nm0p05__clip5__rounds-20__epochs-5__cifar_chunks__cifar10_cnn round=15 (checkpoint deleted)
2026-08-05 19:29:04 EVALUATED cifar-full-out-replace__non-iid__metric-privacy__fedavg__clients-8__seed-42__nm0p05__clip5__rounds-20__epochs-5__cifar_chunks__cifar10_cnn round=16 (checkpoint deleted)
2026-08-05 19:29:08 EVALUATED cifar-full-out-replace__non-iid__metric-privacy__fedavg__clients-8__seed-42__nm0p05__clip5__rounds-20__epochs-5__cifar_chunks__cifar10_cnn round=17 (checkpoint deleted)
2026-08-05 19:29:13 EVALUATED cifar-full-out-replace__non-iid__metric-privacy__fedavg__clients-8__seed-42__nm0p05__clip5__rounds-20__epochs-5__cifar_chunks__cifar10_cnn round=18 (checkpoint deleted)
2026-08-05 19:29:17 EVALUATED cifar-full-out-replace__non-iid__metric-privacy__fedavg__clients-8__seed-42__nm0p05__clip5__rounds-20__epochs-5__cifar_chunks__cifar10_cnn round=19 (checkpoint deleted)
2026-08-05 19:29:22 EVALUATED cifar-full-out-replace__non-iid__metric-privacy__fedavg__clients-8__seed-42__nm0p05__clip5__rounds-20__epochs-5__cifar_chunks__cifar10_cnn round=20 (checkpoint deleted)
2026-08-05 19:29:22 PROGRESS 2/2 (0 failed so far)
2026-08-05 19:29:22 Sweep finished: 2/2 attempted, 0 failed
