2026-08-11 21:05:07 CIFAR-10 removal CIA chunk (global-dp, clients=100): 1 trajectories
2026-08-11 21:05:07 START cifar10-in-remove__non-iid__global-dp__fedavg__clients-100__seed-42__nm0p0182__clip5__rounds-20__epochs-5__cifar10_remove__cifar10_cnn 
2026-08-11 21:23:29 DONE  cifar10-in-remove__non-iid__global-dp__fedavg__clients-100__seed-42__nm0p0182__clip5__rounds-20__epochs-5__cifar10_remove__cifar10_cnn (1101.3s)
2026-08-11 21:23:37 EVALUATED cifar10-in-remove__non-iid__global-dp__fedavg__clients-100__seed-42__nm0p0182__clip5__rounds-20__epochs-5__cifar10_remove__cifar10_cnn round=1 (checkpoint deleted)
2026-08-11 21:23:41 EVALUATED cifar10-in-remove__non-iid__global-dp__fedavg__clients-100__seed-42__nm0p0182__clip5__rounds-20__epochs-5__cifar10_remove__cifar10_cnn round=2 (checkpoint deleted)
2026-08-11 21:23:46 EVALUATED cifar10-in-remove__non-iid__global-dp__fedavg__clients-100__seed-42__nm0p0182__clip5__rounds-20__epochs-5__cifar10_remove__cifar10_cnn round=3 (checkpoint deleted)
2026-08-11 21:23:50 EVALUATED cifar10-in-remove__non-iid__global-dp__fedavg__clients-100__seed-42__nm0p0182__clip5__rounds-20__epochs-5__cifar10_remove__cifar10_cnn round=4 (checkpoint deleted)
2026-08-11 21:23:55 EVALUATED cifar10-in-remove__non-iid__global-dp__fedavg__clients-100__seed-42__nm0p0182__clip5__rounds-20__epochs-5__cifar10_remove__cifar10_cnn round=5 (checkpoint deleted)
2026-08-11 21:24:00 EVALUATED cifar10-in-remove__non-iid__global-dp__fedavg__clients-100__seed-42__nm0p0182__clip5__rounds-20__epochs-5__cifar10_remove__cifar10_cnn round=6 (checkpoint deleted)
2026-08-11 21:24:04 EVALUATED cifar10-in-remove__non-iid__global-dp__fedavg__clients-100__seed-42__nm0p0182__clip5__rounds-20__epochs-5__cifar10_remove__cifar10_cnn round=7 (checkpoint deleted)
2026-08-11 21:24:09 EVALUATED cifar10-in-remove__non-iid__global-dp__fedavg__clients-100__seed-42__nm0p0182__clip5__rounds-20__epochs-5__cifar10_remove__cifar10_cnn round=8 (checkpoint deleted)
2026-08-11 21:24:13 EVALUATED cifar10-in-remove__non-iid__global-dp__fedavg__clients-100__seed-42__nm0p0182__clip5__rounds-20__epochs-5__cifar10_remove__cifar10_cnn round=9 (checkpoint deleted)
2026-08-11 21:24:18 EVALUATED cifar10-in-remove__non-iid__global-dp__fedavg__clients-100__seed-42__nm0p0182__clip5__rounds-20__epochs-5__cifar10_remove__cifar10_cnn round=10 (checkpoint deleted)
2026-08-11 21:24:23 EVALUATED cifar10-in-remove__non-iid__global-dp__fedavg__clients-100__seed-42__nm0p0182__clip5__rounds-20__epochs-5__cifar10_remove__cifar10_cnn round=11 (checkpoint deleted)
2026-08-11 21:24:27 EVALUATED cifar10-in-remove__non-iid__global-dp__fedavg__clients-100__seed-42__nm0p0182__clip5__rounds-20__epochs-5__cifar10_remove__cifar10_cnn round=12 (checkpoint deleted)
2026-08-11 21:24:32 EVALUATED cifar10-in-remove__non-iid__global-dp__fedavg__clients-100__seed-42__nm0p0182__clip5__rounds-20__epochs-5__cifar10_remove__cifar10_cnn round=13 (checkpoint deleted)
2026-08-11 21:24:36 EVALUATED cifar10-in-remove__non-iid__global-dp__fedavg__clients-100__seed-42__nm0p0182__clip5__rounds-20__epochs-5__cifar10_remove__cifar10_cnn round=14 (checkpoint deleted)
2026-08-11 21:24:41 EVALUATED cifar10-in-remove__non-iid__global-dp__fedavg__clients-100__seed-42__nm0p0182__clip5__rounds-20__epochs-5__cifar10_remove__cifar10_cnn round=15 (checkpoint deleted)
2026-08-11 21:24:45 EVALUATED cifar10-in-remove__non-iid__global-dp__fedavg__clients-100__seed-42__nm0p0182__clip5__rounds-20__epochs-5__cifar10_remove__cifar10_cnn round=16 (checkpoint deleted)
2026-08-11 21:24:50 EVALUATED cifar10-in-remove__non-iid__global-dp__fedavg__clients-100__seed-42__nm0p0182__clip5__rounds-20__epochs-5__cifar10_remove__cifar10_cnn round=17 (checkpoint deleted)
2026-08-11 21:24:54 EVALUATED cifar10-in-remove__non-iid__global-dp__fedavg__clients-100__seed-42__nm0p0182__clip5__rounds-20__epochs-5__cifar10_remove__cifar10_cnn round=18 (checkpoint deleted)
2026-08-11 21:24:59 EVALUATED cifar10-in-remove__non-iid__global-dp__fedavg__clients-100__seed-42__nm0p0182__clip5__rounds-20__epochs-5__cifar10_remove__cifar10_cnn round=19 (checkpoint deleted)
2026-08-11 21:25:04 EVALUATED cifar10-in-remove__non-iid__global-dp__fedavg__clients-100__seed-42__nm0p0182__clip5__rounds-20__epochs-5__cifar10_remove__cifar10_cnn round=20 (checkpoint deleted)
2026-08-11 21:25:04 PROGRESS 1/1 (0 failed so far)
2026-08-11 21:25:04 Sweep finished: 1/1 attempted, 0 failed
