2026-08-21 15:01:02 CIFAR-10 stage (vanilla, homogeneous, seed=44, noise_ratio=None): 2 trajectories
2026-08-21 15:01:02 START cifar10-in-remove__homogeneous__vanilla__fedavg__clients-100__seed-44__nm0p0182__clip5__rounds-20__epochs-5__cifar10_remove__cifar10_cnn 
2026-08-21 15:07:34 DONE  cifar10-in-remove__homogeneous__vanilla__fedavg__clients-100__seed-44__nm0p0182__clip5__rounds-20__epochs-5__cifar10_remove__cifar10_cnn (392.3s)
2026-08-21 15:07:37 EVALUATED cifar10-in-remove__homogeneous__vanilla__fedavg__clients-100__seed-44__nm0p0182__clip5__rounds-20__epochs-5__cifar10_remove__cifar10_cnn round=1 (checkpoint deleted)
2026-08-21 15:07:40 EVALUATED cifar10-in-remove__homogeneous__vanilla__fedavg__clients-100__seed-44__nm0p0182__clip5__rounds-20__epochs-5__cifar10_remove__cifar10_cnn round=2 (checkpoint deleted)
2026-08-21 15:07:43 EVALUATED cifar10-in-remove__homogeneous__vanilla__fedavg__clients-100__seed-44__nm0p0182__clip5__rounds-20__epochs-5__cifar10_remove__cifar10_cnn round=3 (checkpoint deleted)
2026-08-21 15:07:46 EVALUATED cifar10-in-remove__homogeneous__vanilla__fedavg__clients-100__seed-44__nm0p0182__clip5__rounds-20__epochs-5__cifar10_remove__cifar10_cnn round=4 (checkpoint deleted)
2026-08-21 15:07:49 EVALUATED cifar10-in-remove__homogeneous__vanilla__fedavg__clients-100__seed-44__nm0p0182__clip5__rounds-20__epochs-5__cifar10_remove__cifar10_cnn round=5 (checkpoint deleted)
2026-08-21 15:07:52 EVALUATED cifar10-in-remove__homogeneous__vanilla__fedavg__clients-100__seed-44__nm0p0182__clip5__rounds-20__epochs-5__cifar10_remove__cifar10_cnn round=6 (checkpoint deleted)
2026-08-21 15:07:55 EVALUATED cifar10-in-remove__homogeneous__vanilla__fedavg__clients-100__seed-44__nm0p0182__clip5__rounds-20__epochs-5__cifar10_remove__cifar10_cnn round=7 (checkpoint deleted)
2026-08-21 15:07:58 EVALUATED cifar10-in-remove__homogeneous__vanilla__fedavg__clients-100__seed-44__nm0p0182__clip5__rounds-20__epochs-5__cifar10_remove__cifar10_cnn round=8 (checkpoint deleted)
2026-08-21 15:08:01 EVALUATED cifar10-in-remove__homogeneous__vanilla__fedavg__clients-100__seed-44__nm0p0182__clip5__rounds-20__epochs-5__cifar10_remove__cifar10_cnn round=9 (checkpoint deleted)
2026-08-21 15:08:04 EVALUATED cifar10-in-remove__homogeneous__vanilla__fedavg__clients-100__seed-44__nm0p0182__clip5__rounds-20__epochs-5__cifar10_remove__cifar10_cnn round=10 (checkpoint deleted)
2026-08-21 15:08:07 EVALUATED cifar10-in-remove__homogeneous__vanilla__fedavg__clients-100__seed-44__nm0p0182__clip5__rounds-20__epochs-5__cifar10_remove__cifar10_cnn round=11 (checkpoint deleted)
2026-08-21 15:08:10 EVALUATED cifar10-in-remove__homogeneous__vanilla__fedavg__clients-100__seed-44__nm0p0182__clip5__rounds-20__epochs-5__cifar10_remove__cifar10_cnn round=12 (checkpoint deleted)
2026-08-21 15:08:13 EVALUATED cifar10-in-remove__homogeneous__vanilla__fedavg__clients-100__seed-44__nm0p0182__clip5__rounds-20__epochs-5__cifar10_remove__cifar10_cnn round=13 (checkpoint deleted)
2026-08-21 15:08:16 EVALUATED cifar10-in-remove__homogeneous__vanilla__fedavg__clients-100__seed-44__nm0p0182__clip5__rounds-20__epochs-5__cifar10_remove__cifar10_cnn round=14 (checkpoint deleted)
2026-08-21 15:08:19 EVALUATED cifar10-in-remove__homogeneous__vanilla__fedavg__clients-100__seed-44__nm0p0182__clip5__rounds-20__epochs-5__cifar10_remove__cifar10_cnn round=15 (checkpoint deleted)
2026-08-21 15:08:22 EVALUATED cifar10-in-remove__homogeneous__vanilla__fedavg__clients-100__seed-44__nm0p0182__clip5__rounds-20__epochs-5__cifar10_remove__cifar10_cnn round=16 (checkpoint deleted)
2026-08-21 15:08:26 EVALUATED cifar10-in-remove__homogeneous__vanilla__fedavg__clients-100__seed-44__nm0p0182__clip5__rounds-20__epochs-5__cifar10_remove__cifar10_cnn round=17 (checkpoint deleted)
2026-08-21 15:08:29 EVALUATED cifar10-in-remove__homogeneous__vanilla__fedavg__clients-100__seed-44__nm0p0182__clip5__rounds-20__epochs-5__cifar10_remove__cifar10_cnn round=18 (checkpoint deleted)
2026-08-21 15:08:32 EVALUATED cifar10-in-remove__homogeneous__vanilla__fedavg__clients-100__seed-44__nm0p0182__clip5__rounds-20__epochs-5__cifar10_remove__cifar10_cnn round=19 (checkpoint deleted)
2026-08-21 15:08:35 EVALUATED cifar10-in-remove__homogeneous__vanilla__fedavg__clients-100__seed-44__nm0p0182__clip5__rounds-20__epochs-5__cifar10_remove__cifar10_cnn round=20 (checkpoint deleted)
2026-08-21 15:08:35 PROGRESS 1/2 (0 failed so far)
2026-08-21 15:08:35 START cifar10-out-remove__homogeneous__vanilla__fedavg__clients-99__seed-44__nm0p0182__clip5__rounds-20__epochs-5__cifar10_remove__cifar10_cnn 
2026-08-21 15:15:04 DONE  cifar10-out-remove__homogeneous__vanilla__fedavg__clients-99__seed-44__nm0p0182__clip5__rounds-20__epochs-5__cifar10_remove__cifar10_cnn (389.5s)
2026-08-21 15:15:07 EVALUATED cifar10-out-remove__homogeneous__vanilla__fedavg__clients-99__seed-44__nm0p0182__clip5__rounds-20__epochs-5__cifar10_remove__cifar10_cnn round=1 (checkpoint deleted)
2026-08-21 15:15:10 EVALUATED cifar10-out-remove__homogeneous__vanilla__fedavg__clients-99__seed-44__nm0p0182__clip5__rounds-20__epochs-5__cifar10_remove__cifar10_cnn round=2 (checkpoint deleted)
2026-08-21 15:15:13 EVALUATED cifar10-out-remove__homogeneous__vanilla__fedavg__clients-99__seed-44__nm0p0182__clip5__rounds-20__epochs-5__cifar10_remove__cifar10_cnn round=3 (checkpoint deleted)
2026-08-21 15:15:16 EVALUATED cifar10-out-remove__homogeneous__vanilla__fedavg__clients-99__seed-44__nm0p0182__clip5__rounds-20__epochs-5__cifar10_remove__cifar10_cnn round=4 (checkpoint deleted)
2026-08-21 15:15:20 EVALUATED cifar10-out-remove__homogeneous__vanilla__fedavg__clients-99__seed-44__nm0p0182__clip5__rounds-20__epochs-5__cifar10_remove__cifar10_cnn round=5 (checkpoint deleted)
2026-08-21 15:15:23 EVALUATED cifar10-out-remove__homogeneous__vanilla__fedavg__clients-99__seed-44__nm0p0182__clip5__rounds-20__epochs-5__cifar10_remove__cifar10_cnn round=6 (checkpoint deleted)
2026-08-21 15:15:26 EVALUATED cifar10-out-remove__homogeneous__vanilla__fedavg__clients-99__seed-44__nm0p0182__clip5__rounds-20__epochs-5__cifar10_remove__cifar10_cnn round=7 (checkpoint deleted)
2026-08-21 15:15:29 EVALUATED cifar10-out-remove__homogeneous__vanilla__fedavg__clients-99__seed-44__nm0p0182__clip5__rounds-20__epochs-5__cifar10_remove__cifar10_cnn round=8 (checkpoint deleted)
2026-08-21 15:15:32 EVALUATED cifar10-out-remove__homogeneous__vanilla__fedavg__clients-99__seed-44__nm0p0182__clip5__rounds-20__epochs-5__cifar10_remove__cifar10_cnn round=9 (checkpoint deleted)
2026-08-21 15:15:35 EVALUATED cifar10-out-remove__homogeneous__vanilla__fedavg__clients-99__seed-44__nm0p0182__clip5__rounds-20__epochs-5__cifar10_remove__cifar10_cnn round=10 (checkpoint deleted)
2026-08-21 15:15:38 EVALUATED cifar10-out-remove__homogeneous__vanilla__fedavg__clients-99__seed-44__nm0p0182__clip5__rounds-20__epochs-5__cifar10_remove__cifar10_cnn round=11 (checkpoint deleted)
2026-08-21 15:15:41 EVALUATED cifar10-out-remove__homogeneous__vanilla__fedavg__clients-99__seed-44__nm0p0182__clip5__rounds-20__epochs-5__cifar10_remove__cifar10_cnn round=12 (checkpoint deleted)
2026-08-21 15:15:44 EVALUATED cifar10-out-remove__homogeneous__vanilla__fedavg__clients-99__seed-44__nm0p0182__clip5__rounds-20__epochs-5__cifar10_remove__cifar10_cnn round=13 (checkpoint deleted)
2026-08-21 15:15:47 EVALUATED cifar10-out-remove__homogeneous__vanilla__fedavg__clients-99__seed-44__nm0p0182__clip5__rounds-20__epochs-5__cifar10_remove__cifar10_cnn round=14 (checkpoint deleted)
2026-08-21 15:15:50 EVALUATED cifar10-out-remove__homogeneous__vanilla__fedavg__clients-99__seed-44__nm0p0182__clip5__rounds-20__epochs-5__cifar10_remove__cifar10_cnn round=15 (checkpoint deleted)
2026-08-21 15:15:53 EVALUATED cifar10-out-remove__homogeneous__vanilla__fedavg__clients-99__seed-44__nm0p0182__clip5__rounds-20__epochs-5__cifar10_remove__cifar10_cnn round=16 (checkpoint deleted)
2026-08-21 15:15:56 EVALUATED cifar10-out-remove__homogeneous__vanilla__fedavg__clients-99__seed-44__nm0p0182__clip5__rounds-20__epochs-5__cifar10_remove__cifar10_cnn round=17 (checkpoint deleted)
2026-08-21 15:15:59 EVALUATED cifar10-out-remove__homogeneous__vanilla__fedavg__clients-99__seed-44__nm0p0182__clip5__rounds-20__epochs-5__cifar10_remove__cifar10_cnn round=18 (checkpoint deleted)
2026-08-21 15:16:02 EVALUATED cifar10-out-remove__homogeneous__vanilla__fedavg__clients-99__seed-44__nm0p0182__clip5__rounds-20__epochs-5__cifar10_remove__cifar10_cnn round=19 (checkpoint deleted)
2026-08-21 15:16:05 EVALUATED cifar10-out-remove__homogeneous__vanilla__fedavg__clients-99__seed-44__nm0p0182__clip5__rounds-20__epochs-5__cifar10_remove__cifar10_cnn round=20 (checkpoint deleted)
2026-08-21 15:16:05 PROGRESS 2/2 (0 failed so far)
2026-08-21 15:16:05 Sweep finished: 2/2 attempted, 0 failed
