2026-08-05 21:04:28 Starting full chunk: 2 trajectories
2026-08-05 21:04:28 START cifar-full-out-replace__non-iid__global-dp__fedavg__clients-16__seed-43__nm0p04__clip5__rounds-20__epochs-5__cifar_chunks__cifar10_cnn 
2026-08-05 21:10:03 DONE  cifar-full-out-replace__non-iid__global-dp__fedavg__clients-16__seed-43__nm0p04__clip5__rounds-20__epochs-5__cifar_chunks__cifar10_cnn (334.1s)
2026-08-05 21:10:09 EVALUATED cifar-full-out-replace__non-iid__global-dp__fedavg__clients-16__seed-43__nm0p04__clip5__rounds-20__epochs-5__cifar_chunks__cifar10_cnn round=1 (checkpoint deleted)
2026-08-05 21:10:13 EVALUATED cifar-full-out-replace__non-iid__global-dp__fedavg__clients-16__seed-43__nm0p04__clip5__rounds-20__epochs-5__cifar_chunks__cifar10_cnn round=2 (checkpoint deleted)
2026-08-05 21:10:17 EVALUATED cifar-full-out-replace__non-iid__global-dp__fedavg__clients-16__seed-43__nm0p04__clip5__rounds-20__epochs-5__cifar_chunks__cifar10_cnn round=3 (checkpoint deleted)
2026-08-05 21:10:22 EVALUATED cifar-full-out-replace__non-iid__global-dp__fedavg__clients-16__seed-43__nm0p04__clip5__rounds-20__epochs-5__cifar_chunks__cifar10_cnn round=4 (checkpoint deleted)
2026-08-05 21:10:26 EVALUATED cifar-full-out-replace__non-iid__global-dp__fedavg__clients-16__seed-43__nm0p04__clip5__rounds-20__epochs-5__cifar_chunks__cifar10_cnn round=5 (checkpoint deleted)
2026-08-05 21:10:30 EVALUATED cifar-full-out-replace__non-iid__global-dp__fedavg__clients-16__seed-43__nm0p04__clip5__rounds-20__epochs-5__cifar_chunks__cifar10_cnn round=6 (checkpoint deleted)
2026-08-05 21:10:35 EVALUATED cifar-full-out-replace__non-iid__global-dp__fedavg__clients-16__seed-43__nm0p04__clip5__rounds-20__epochs-5__cifar_chunks__cifar10_cnn round=7 (checkpoint deleted)
2026-08-05 21:10:39 EVALUATED cifar-full-out-replace__non-iid__global-dp__fedavg__clients-16__seed-43__nm0p04__clip5__rounds-20__epochs-5__cifar_chunks__cifar10_cnn round=8 (checkpoint deleted)
2026-08-05 21:10:43 EVALUATED cifar-full-out-replace__non-iid__global-dp__fedavg__clients-16__seed-43__nm0p04__clip5__rounds-20__epochs-5__cifar_chunks__cifar10_cnn round=9 (checkpoint deleted)
2026-08-05 21:10:48 EVALUATED cifar-full-out-replace__non-iid__global-dp__fedavg__clients-16__seed-43__nm0p04__clip5__rounds-20__epochs-5__cifar_chunks__cifar10_cnn round=10 (checkpoint deleted)
2026-08-05 21:10:52 EVALUATED cifar-full-out-replace__non-iid__global-dp__fedavg__clients-16__seed-43__nm0p04__clip5__rounds-20__epochs-5__cifar_chunks__cifar10_cnn round=11 (checkpoint deleted)
2026-08-05 21:10:56 EVALUATED cifar-full-out-replace__non-iid__global-dp__fedavg__clients-16__seed-43__nm0p04__clip5__rounds-20__epochs-5__cifar_chunks__cifar10_cnn round=12 (checkpoint deleted)
2026-08-05 21:11:01 EVALUATED cifar-full-out-replace__non-iid__global-dp__fedavg__clients-16__seed-43__nm0p04__clip5__rounds-20__epochs-5__cifar_chunks__cifar10_cnn round=13 (checkpoint deleted)
2026-08-05 21:11:05 EVALUATED cifar-full-out-replace__non-iid__global-dp__fedavg__clients-16__seed-43__nm0p04__clip5__rounds-20__epochs-5__cifar_chunks__cifar10_cnn round=14 (checkpoint deleted)
2026-08-05 21:11:09 EVALUATED cifar-full-out-replace__non-iid__global-dp__fedavg__clients-16__seed-43__nm0p04__clip5__rounds-20__epochs-5__cifar_chunks__cifar10_cnn round=15 (checkpoint deleted)
2026-08-05 21:11:14 EVALUATED cifar-full-out-replace__non-iid__global-dp__fedavg__clients-16__seed-43__nm0p04__clip5__rounds-20__epochs-5__cifar_chunks__cifar10_cnn round=16 (checkpoint deleted)
2026-08-05 21:11:18 EVALUATED cifar-full-out-replace__non-iid__global-dp__fedavg__clients-16__seed-43__nm0p04__clip5__rounds-20__epochs-5__cifar_chunks__cifar10_cnn round=17 (checkpoint deleted)
2026-08-05 21:11:22 EVALUATED cifar-full-out-replace__non-iid__global-dp__fedavg__clients-16__seed-43__nm0p04__clip5__rounds-20__epochs-5__cifar_chunks__cifar10_cnn round=18 (checkpoint deleted)
2026-08-05 21:11:27 EVALUATED cifar-full-out-replace__non-iid__global-dp__fedavg__clients-16__seed-43__nm0p04__clip5__rounds-20__epochs-5__cifar_chunks__cifar10_cnn round=19 (checkpoint deleted)
2026-08-05 21:11:31 EVALUATED cifar-full-out-replace__non-iid__global-dp__fedavg__clients-16__seed-43__nm0p04__clip5__rounds-20__epochs-5__cifar_chunks__cifar10_cnn round=20 (checkpoint deleted)
2026-08-05 21:11:31 PROGRESS 1/2 (0 failed so far)
2026-08-05 21:11:31 START cifar-full-out-replace__non-iid__metric-privacy__fedavg__clients-16__seed-43__nm0p04__clip5__rounds-20__epochs-5__cifar_chunks__cifar10_cnn 
2026-08-05 21:17:10 DONE  cifar-full-out-replace__non-iid__metric-privacy__fedavg__clients-16__seed-43__nm0p04__clip5__rounds-20__epochs-5__cifar_chunks__cifar10_cnn (339.0s)
2026-08-05 21:17:14 EVALUATED cifar-full-out-replace__non-iid__metric-privacy__fedavg__clients-16__seed-43__nm0p04__clip5__rounds-20__epochs-5__cifar_chunks__cifar10_cnn round=1 (checkpoint deleted)
2026-08-05 21:17:19 EVALUATED cifar-full-out-replace__non-iid__metric-privacy__fedavg__clients-16__seed-43__nm0p04__clip5__rounds-20__epochs-5__cifar_chunks__cifar10_cnn round=2 (checkpoint deleted)
2026-08-05 21:17:23 EVALUATED cifar-full-out-replace__non-iid__metric-privacy__fedavg__clients-16__seed-43__nm0p04__clip5__rounds-20__epochs-5__cifar_chunks__cifar10_cnn round=3 (checkpoint deleted)
2026-08-05 21:17:27 EVALUATED cifar-full-out-replace__non-iid__metric-privacy__fedavg__clients-16__seed-43__nm0p04__clip5__rounds-20__epochs-5__cifar_chunks__cifar10_cnn round=4 (checkpoint deleted)
2026-08-05 21:17:32 EVALUATED cifar-full-out-replace__non-iid__metric-privacy__fedavg__clients-16__seed-43__nm0p04__clip5__rounds-20__epochs-5__cifar_chunks__cifar10_cnn round=5 (checkpoint deleted)
2026-08-05 21:17:36 EVALUATED cifar-full-out-replace__non-iid__metric-privacy__fedavg__clients-16__seed-43__nm0p04__clip5__rounds-20__epochs-5__cifar_chunks__cifar10_cnn round=6 (checkpoint deleted)
2026-08-05 21:17:40 EVALUATED cifar-full-out-replace__non-iid__metric-privacy__fedavg__clients-16__seed-43__nm0p04__clip5__rounds-20__epochs-5__cifar_chunks__cifar10_cnn round=7 (checkpoint deleted)
2026-08-05 21:17:45 EVALUATED cifar-full-out-replace__non-iid__metric-privacy__fedavg__clients-16__seed-43__nm0p04__clip5__rounds-20__epochs-5__cifar_chunks__cifar10_cnn round=8 (checkpoint deleted)
2026-08-05 21:17:49 EVALUATED cifar-full-out-replace__non-iid__metric-privacy__fedavg__clients-16__seed-43__nm0p04__clip5__rounds-20__epochs-5__cifar_chunks__cifar10_cnn round=9 (checkpoint deleted)
2026-08-05 21:17:53 EVALUATED cifar-full-out-replace__non-iid__metric-privacy__fedavg__clients-16__seed-43__nm0p04__clip5__rounds-20__epochs-5__cifar_chunks__cifar10_cnn round=10 (checkpoint deleted)
2026-08-05 21:17:58 EVALUATED cifar-full-out-replace__non-iid__metric-privacy__fedavg__clients-16__seed-43__nm0p04__clip5__rounds-20__epochs-5__cifar_chunks__cifar10_cnn round=11 (checkpoint deleted)
2026-08-05 21:18:02 EVALUATED cifar-full-out-replace__non-iid__metric-privacy__fedavg__clients-16__seed-43__nm0p04__clip5__rounds-20__epochs-5__cifar_chunks__cifar10_cnn round=12 (checkpoint deleted)
2026-08-05 21:18:06 EVALUATED cifar-full-out-replace__non-iid__metric-privacy__fedavg__clients-16__seed-43__nm0p04__clip5__rounds-20__epochs-5__cifar_chunks__cifar10_cnn round=13 (checkpoint deleted)
2026-08-05 21:18:11 EVALUATED cifar-full-out-replace__non-iid__metric-privacy__fedavg__clients-16__seed-43__nm0p04__clip5__rounds-20__epochs-5__cifar_chunks__cifar10_cnn round=14 (checkpoint deleted)
2026-08-05 21:18:15 EVALUATED cifar-full-out-replace__non-iid__metric-privacy__fedavg__clients-16__seed-43__nm0p04__clip5__rounds-20__epochs-5__cifar_chunks__cifar10_cnn round=15 (checkpoint deleted)
2026-08-05 21:18:19 EVALUATED cifar-full-out-replace__non-iid__metric-privacy__fedavg__clients-16__seed-43__nm0p04__clip5__rounds-20__epochs-5__cifar_chunks__cifar10_cnn round=16 (checkpoint deleted)
2026-08-05 21:18:24 EVALUATED cifar-full-out-replace__non-iid__metric-privacy__fedavg__clients-16__seed-43__nm0p04__clip5__rounds-20__epochs-5__cifar_chunks__cifar10_cnn round=17 (checkpoint deleted)
2026-08-05 21:18:28 EVALUATED cifar-full-out-replace__non-iid__metric-privacy__fedavg__clients-16__seed-43__nm0p04__clip5__rounds-20__epochs-5__cifar_chunks__cifar10_cnn round=18 (checkpoint deleted)
2026-08-05 21:18:32 EVALUATED cifar-full-out-replace__non-iid__metric-privacy__fedavg__clients-16__seed-43__nm0p04__clip5__rounds-20__epochs-5__cifar_chunks__cifar10_cnn round=19 (checkpoint deleted)
2026-08-05 21:18:37 EVALUATED cifar-full-out-replace__non-iid__metric-privacy__fedavg__clients-16__seed-43__nm0p04__clip5__rounds-20__epochs-5__cifar_chunks__cifar10_cnn round=20 (checkpoint deleted)
2026-08-05 21:18:37 PROGRESS 2/2 (0 failed so far)
2026-08-05 21:18:37 Sweep finished: 2/2 attempted, 0 failed
