2026-08-19 02:55:50 EuroSAT stage (metric-privacy, homogeneous, seed=43, noise_ratio=0.0015461300878041046): 2 trajectories
2026-08-19 02:55:50 START eurosat-in-remove__homogeneous__metric-privacy__fedavg__clients-48__seed-43__nm0p0742142__clip5__rounds-100__epochs-5__eurosat_remove__eurosat_cnn 
2026-08-19 03:14:04 DONE  eurosat-in-remove__homogeneous__metric-privacy__fedavg__clients-48__seed-43__nm0p0742142__clip5__rounds-100__epochs-5__eurosat_remove__eurosat_cnn (1093.5s)
2026-08-19 03:14:05 EVALUATED eurosat-in-remove__homogeneous__metric-privacy__fedavg__clients-48__seed-43__nm0p0742142__clip5__rounds-100__epochs-5__eurosat_remove__eurosat_cnn round=1 (checkpoint deleted)
2026-08-19 03:14:06 EVALUATED eurosat-in-remove__homogeneous__metric-privacy__fedavg__clients-48__seed-43__nm0p0742142__clip5__rounds-100__epochs-5__eurosat_remove__eurosat_cnn round=10 (checkpoint deleted)
2026-08-19 03:14:08 EVALUATED eurosat-in-remove__homogeneous__metric-privacy__fedavg__clients-48__seed-43__nm0p0742142__clip5__rounds-100__epochs-5__eurosat_remove__eurosat_cnn round=20 (checkpoint deleted)
2026-08-19 03:14:09 EVALUATED eurosat-in-remove__homogeneous__metric-privacy__fedavg__clients-48__seed-43__nm0p0742142__clip5__rounds-100__epochs-5__eurosat_remove__eurosat_cnn round=30 (checkpoint deleted)
2026-08-19 03:14:10 EVALUATED eurosat-in-remove__homogeneous__metric-privacy__fedavg__clients-48__seed-43__nm0p0742142__clip5__rounds-100__epochs-5__eurosat_remove__eurosat_cnn round=40 (checkpoint deleted)
2026-08-19 03:14:11 EVALUATED eurosat-in-remove__homogeneous__metric-privacy__fedavg__clients-48__seed-43__nm0p0742142__clip5__rounds-100__epochs-5__eurosat_remove__eurosat_cnn round=50 (checkpoint deleted)
2026-08-19 03:14:13 EVALUATED eurosat-in-remove__homogeneous__metric-privacy__fedavg__clients-48__seed-43__nm0p0742142__clip5__rounds-100__epochs-5__eurosat_remove__eurosat_cnn round=60 (checkpoint deleted)
2026-08-19 03:14:14 EVALUATED eurosat-in-remove__homogeneous__metric-privacy__fedavg__clients-48__seed-43__nm0p0742142__clip5__rounds-100__epochs-5__eurosat_remove__eurosat_cnn round=70 (checkpoint deleted)
2026-08-19 03:14:15 EVALUATED eurosat-in-remove__homogeneous__metric-privacy__fedavg__clients-48__seed-43__nm0p0742142__clip5__rounds-100__epochs-5__eurosat_remove__eurosat_cnn round=80 (checkpoint deleted)
2026-08-19 03:14:16 EVALUATED eurosat-in-remove__homogeneous__metric-privacy__fedavg__clients-48__seed-43__nm0p0742142__clip5__rounds-100__epochs-5__eurosat_remove__eurosat_cnn round=90 (checkpoint deleted)
2026-08-19 03:14:18 EVALUATED eurosat-in-remove__homogeneous__metric-privacy__fedavg__clients-48__seed-43__nm0p0742142__clip5__rounds-100__epochs-5__eurosat_remove__eurosat_cnn round=100 (checkpoint deleted)
2026-08-19 03:14:18 PROGRESS 1/2 (0 failed so far)
2026-08-19 03:14:18 START eurosat-out-remove__homogeneous__metric-privacy__fedavg__clients-47__seed-43__nm0p0726681__clip5__rounds-100__epochs-5__eurosat_remove__eurosat_cnn 
2026-08-19 03:32:12 DONE  eurosat-out-remove__homogeneous__metric-privacy__fedavg__clients-47__seed-43__nm0p0726681__clip5__rounds-100__epochs-5__eurosat_remove__eurosat_cnn (1074.7s)
2026-08-19 03:32:14 EVALUATED eurosat-out-remove__homogeneous__metric-privacy__fedavg__clients-47__seed-43__nm0p0726681__clip5__rounds-100__epochs-5__eurosat_remove__eurosat_cnn round=1 (checkpoint deleted)
2026-08-19 03:32:15 EVALUATED eurosat-out-remove__homogeneous__metric-privacy__fedavg__clients-47__seed-43__nm0p0726681__clip5__rounds-100__epochs-5__eurosat_remove__eurosat_cnn round=10 (checkpoint deleted)
2026-08-19 03:32:16 EVALUATED eurosat-out-remove__homogeneous__metric-privacy__fedavg__clients-47__seed-43__nm0p0726681__clip5__rounds-100__epochs-5__eurosat_remove__eurosat_cnn round=20 (checkpoint deleted)
2026-08-19 03:32:18 EVALUATED eurosat-out-remove__homogeneous__metric-privacy__fedavg__clients-47__seed-43__nm0p0726681__clip5__rounds-100__epochs-5__eurosat_remove__eurosat_cnn round=30 (checkpoint deleted)
2026-08-19 03:32:19 EVALUATED eurosat-out-remove__homogeneous__metric-privacy__fedavg__clients-47__seed-43__nm0p0726681__clip5__rounds-100__epochs-5__eurosat_remove__eurosat_cnn round=40 (checkpoint deleted)
2026-08-19 03:32:20 EVALUATED eurosat-out-remove__homogeneous__metric-privacy__fedavg__clients-47__seed-43__nm0p0726681__clip5__rounds-100__epochs-5__eurosat_remove__eurosat_cnn round=50 (checkpoint deleted)
2026-08-19 03:32:21 EVALUATED eurosat-out-remove__homogeneous__metric-privacy__fedavg__clients-47__seed-43__nm0p0726681__clip5__rounds-100__epochs-5__eurosat_remove__eurosat_cnn round=60 (checkpoint deleted)
2026-08-19 03:32:23 EVALUATED eurosat-out-remove__homogeneous__metric-privacy__fedavg__clients-47__seed-43__nm0p0726681__clip5__rounds-100__epochs-5__eurosat_remove__eurosat_cnn round=70 (checkpoint deleted)
2026-08-19 03:32:24 EVALUATED eurosat-out-remove__homogeneous__metric-privacy__fedavg__clients-47__seed-43__nm0p0726681__clip5__rounds-100__epochs-5__eurosat_remove__eurosat_cnn round=80 (checkpoint deleted)
2026-08-19 03:32:25 EVALUATED eurosat-out-remove__homogeneous__metric-privacy__fedavg__clients-47__seed-43__nm0p0726681__clip5__rounds-100__epochs-5__eurosat_remove__eurosat_cnn round=90 (checkpoint deleted)
2026-08-19 03:32:27 EVALUATED eurosat-out-remove__homogeneous__metric-privacy__fedavg__clients-47__seed-43__nm0p0726681__clip5__rounds-100__epochs-5__eurosat_remove__eurosat_cnn round=100 (checkpoint deleted)
2026-08-19 03:32:27 PROGRESS 2/2 (0 failed so far)
2026-08-19 03:32:27 Sweep finished: 2/2 attempted, 0 failed
