2026-08-21 14:30:37 CIFAR-10 stage (vanilla, homogeneous, seed=42, noise_ratio=None): 2 trajectories
2026-08-21 14:30:37 START cifar10-in-remove__homogeneous__vanilla__fedavg__clients-100__seed-42__nm0p0182__clip5__rounds-20__epochs-5__cifar10_remove__cifar10_cnn 
2026-08-21 14:37:24 DONE  cifar10-in-remove__homogeneous__vanilla__fedavg__clients-100__seed-42__nm0p0182__clip5__rounds-20__epochs-5__cifar10_remove__cifar10_cnn (407.0s)
2026-08-21 14:37:29 EVALUATED cifar10-in-remove__homogeneous__vanilla__fedavg__clients-100__seed-42__nm0p0182__clip5__rounds-20__epochs-5__cifar10_remove__cifar10_cnn round=1 (checkpoint deleted)
2026-08-21 14:37:32 EVALUATED cifar10-in-remove__homogeneous__vanilla__fedavg__clients-100__seed-42__nm0p0182__clip5__rounds-20__epochs-5__cifar10_remove__cifar10_cnn round=2 (checkpoint deleted)
2026-08-21 14:37:35 EVALUATED cifar10-in-remove__homogeneous__vanilla__fedavg__clients-100__seed-42__nm0p0182__clip5__rounds-20__epochs-5__cifar10_remove__cifar10_cnn round=3 (checkpoint deleted)
2026-08-21 14:37:38 EVALUATED cifar10-in-remove__homogeneous__vanilla__fedavg__clients-100__seed-42__nm0p0182__clip5__rounds-20__epochs-5__cifar10_remove__cifar10_cnn round=4 (checkpoint deleted)
2026-08-21 14:37:41 EVALUATED cifar10-in-remove__homogeneous__vanilla__fedavg__clients-100__seed-42__nm0p0182__clip5__rounds-20__epochs-5__cifar10_remove__cifar10_cnn round=5 (checkpoint deleted)
2026-08-21 14:37:44 EVALUATED cifar10-in-remove__homogeneous__vanilla__fedavg__clients-100__seed-42__nm0p0182__clip5__rounds-20__epochs-5__cifar10_remove__cifar10_cnn round=6 (checkpoint deleted)
2026-08-21 14:37:47 EVALUATED cifar10-in-remove__homogeneous__vanilla__fedavg__clients-100__seed-42__nm0p0182__clip5__rounds-20__epochs-5__cifar10_remove__cifar10_cnn round=7 (checkpoint deleted)
2026-08-21 14:37:50 EVALUATED cifar10-in-remove__homogeneous__vanilla__fedavg__clients-100__seed-42__nm0p0182__clip5__rounds-20__epochs-5__cifar10_remove__cifar10_cnn round=8 (checkpoint deleted)
2026-08-21 14:37:53 EVALUATED cifar10-in-remove__homogeneous__vanilla__fedavg__clients-100__seed-42__nm0p0182__clip5__rounds-20__epochs-5__cifar10_remove__cifar10_cnn round=9 (checkpoint deleted)
2026-08-21 14:37:56 EVALUATED cifar10-in-remove__homogeneous__vanilla__fedavg__clients-100__seed-42__nm0p0182__clip5__rounds-20__epochs-5__cifar10_remove__cifar10_cnn round=10 (checkpoint deleted)
2026-08-21 14:38:00 EVALUATED cifar10-in-remove__homogeneous__vanilla__fedavg__clients-100__seed-42__nm0p0182__clip5__rounds-20__epochs-5__cifar10_remove__cifar10_cnn round=11 (checkpoint deleted)
2026-08-21 14:38:03 EVALUATED cifar10-in-remove__homogeneous__vanilla__fedavg__clients-100__seed-42__nm0p0182__clip5__rounds-20__epochs-5__cifar10_remove__cifar10_cnn round=12 (checkpoint deleted)
2026-08-21 14:38:06 EVALUATED cifar10-in-remove__homogeneous__vanilla__fedavg__clients-100__seed-42__nm0p0182__clip5__rounds-20__epochs-5__cifar10_remove__cifar10_cnn round=13 (checkpoint deleted)
2026-08-21 14:38:09 EVALUATED cifar10-in-remove__homogeneous__vanilla__fedavg__clients-100__seed-42__nm0p0182__clip5__rounds-20__epochs-5__cifar10_remove__cifar10_cnn round=14 (checkpoint deleted)
2026-08-21 14:38:12 EVALUATED cifar10-in-remove__homogeneous__vanilla__fedavg__clients-100__seed-42__nm0p0182__clip5__rounds-20__epochs-5__cifar10_remove__cifar10_cnn round=15 (checkpoint deleted)
2026-08-21 14:38:15 EVALUATED cifar10-in-remove__homogeneous__vanilla__fedavg__clients-100__seed-42__nm0p0182__clip5__rounds-20__epochs-5__cifar10_remove__cifar10_cnn round=16 (checkpoint deleted)
2026-08-21 14:38:18 EVALUATED cifar10-in-remove__homogeneous__vanilla__fedavg__clients-100__seed-42__nm0p0182__clip5__rounds-20__epochs-5__cifar10_remove__cifar10_cnn round=17 (checkpoint deleted)
2026-08-21 14:38:21 EVALUATED cifar10-in-remove__homogeneous__vanilla__fedavg__clients-100__seed-42__nm0p0182__clip5__rounds-20__epochs-5__cifar10_remove__cifar10_cnn round=18 (checkpoint deleted)
2026-08-21 14:38:24 EVALUATED cifar10-in-remove__homogeneous__vanilla__fedavg__clients-100__seed-42__nm0p0182__clip5__rounds-20__epochs-5__cifar10_remove__cifar10_cnn round=19 (checkpoint deleted)
2026-08-21 14:38:27 EVALUATED cifar10-in-remove__homogeneous__vanilla__fedavg__clients-100__seed-42__nm0p0182__clip5__rounds-20__epochs-5__cifar10_remove__cifar10_cnn round=20 (checkpoint deleted)
2026-08-21 14:38:27 PROGRESS 1/2 (0 failed so far)
2026-08-21 14:38:27 START cifar10-out-remove__homogeneous__vanilla__fedavg__clients-99__seed-42__nm0p0182__clip5__rounds-20__epochs-5__cifar10_remove__cifar10_cnn 
2026-08-21 14:44:57 DONE  cifar10-out-remove__homogeneous__vanilla__fedavg__clients-99__seed-42__nm0p0182__clip5__rounds-20__epochs-5__cifar10_remove__cifar10_cnn (389.8s)
2026-08-21 14:45:00 EVALUATED cifar10-out-remove__homogeneous__vanilla__fedavg__clients-99__seed-42__nm0p0182__clip5__rounds-20__epochs-5__cifar10_remove__cifar10_cnn round=1 (checkpoint deleted)
2026-08-21 14:45:03 EVALUATED cifar10-out-remove__homogeneous__vanilla__fedavg__clients-99__seed-42__nm0p0182__clip5__rounds-20__epochs-5__cifar10_remove__cifar10_cnn round=2 (checkpoint deleted)
2026-08-21 14:45:06 EVALUATED cifar10-out-remove__homogeneous__vanilla__fedavg__clients-99__seed-42__nm0p0182__clip5__rounds-20__epochs-5__cifar10_remove__cifar10_cnn round=3 (checkpoint deleted)
2026-08-21 14:45:09 EVALUATED cifar10-out-remove__homogeneous__vanilla__fedavg__clients-99__seed-42__nm0p0182__clip5__rounds-20__epochs-5__cifar10_remove__cifar10_cnn round=4 (checkpoint deleted)
2026-08-21 14:45:12 EVALUATED cifar10-out-remove__homogeneous__vanilla__fedavg__clients-99__seed-42__nm0p0182__clip5__rounds-20__epochs-5__cifar10_remove__cifar10_cnn round=5 (checkpoint deleted)
2026-08-21 14:45:15 EVALUATED cifar10-out-remove__homogeneous__vanilla__fedavg__clients-99__seed-42__nm0p0182__clip5__rounds-20__epochs-5__cifar10_remove__cifar10_cnn round=6 (checkpoint deleted)
2026-08-21 14:45:18 EVALUATED cifar10-out-remove__homogeneous__vanilla__fedavg__clients-99__seed-42__nm0p0182__clip5__rounds-20__epochs-5__cifar10_remove__cifar10_cnn round=7 (checkpoint deleted)
2026-08-21 14:45:21 EVALUATED cifar10-out-remove__homogeneous__vanilla__fedavg__clients-99__seed-42__nm0p0182__clip5__rounds-20__epochs-5__cifar10_remove__cifar10_cnn round=8 (checkpoint deleted)
2026-08-21 14:45:24 EVALUATED cifar10-out-remove__homogeneous__vanilla__fedavg__clients-99__seed-42__nm0p0182__clip5__rounds-20__epochs-5__cifar10_remove__cifar10_cnn round=9 (checkpoint deleted)
2026-08-21 14:45:27 EVALUATED cifar10-out-remove__homogeneous__vanilla__fedavg__clients-99__seed-42__nm0p0182__clip5__rounds-20__epochs-5__cifar10_remove__cifar10_cnn round=10 (checkpoint deleted)
2026-08-21 14:45:30 EVALUATED cifar10-out-remove__homogeneous__vanilla__fedavg__clients-99__seed-42__nm0p0182__clip5__rounds-20__epochs-5__cifar10_remove__cifar10_cnn round=11 (checkpoint deleted)
2026-08-21 14:45:33 EVALUATED cifar10-out-remove__homogeneous__vanilla__fedavg__clients-99__seed-42__nm0p0182__clip5__rounds-20__epochs-5__cifar10_remove__cifar10_cnn round=12 (checkpoint deleted)
2026-08-21 14:45:36 EVALUATED cifar10-out-remove__homogeneous__vanilla__fedavg__clients-99__seed-42__nm0p0182__clip5__rounds-20__epochs-5__cifar10_remove__cifar10_cnn round=13 (checkpoint deleted)
2026-08-21 14:45:39 EVALUATED cifar10-out-remove__homogeneous__vanilla__fedavg__clients-99__seed-42__nm0p0182__clip5__rounds-20__epochs-5__cifar10_remove__cifar10_cnn round=14 (checkpoint deleted)
2026-08-21 14:45:42 EVALUATED cifar10-out-remove__homogeneous__vanilla__fedavg__clients-99__seed-42__nm0p0182__clip5__rounds-20__epochs-5__cifar10_remove__cifar10_cnn round=15 (checkpoint deleted)
2026-08-21 14:45:45 EVALUATED cifar10-out-remove__homogeneous__vanilla__fedavg__clients-99__seed-42__nm0p0182__clip5__rounds-20__epochs-5__cifar10_remove__cifar10_cnn round=16 (checkpoint deleted)
2026-08-21 14:45:48 EVALUATED cifar10-out-remove__homogeneous__vanilla__fedavg__clients-99__seed-42__nm0p0182__clip5__rounds-20__epochs-5__cifar10_remove__cifar10_cnn round=17 (checkpoint deleted)
2026-08-21 14:45:51 EVALUATED cifar10-out-remove__homogeneous__vanilla__fedavg__clients-99__seed-42__nm0p0182__clip5__rounds-20__epochs-5__cifar10_remove__cifar10_cnn round=18 (checkpoint deleted)
2026-08-21 14:45:54 EVALUATED cifar10-out-remove__homogeneous__vanilla__fedavg__clients-99__seed-42__nm0p0182__clip5__rounds-20__epochs-5__cifar10_remove__cifar10_cnn round=19 (checkpoint deleted)
2026-08-21 14:45:57 EVALUATED cifar10-out-remove__homogeneous__vanilla__fedavg__clients-99__seed-42__nm0p0182__clip5__rounds-20__epochs-5__cifar10_remove__cifar10_cnn round=20 (checkpoint deleted)
2026-08-21 14:45:57 PROGRESS 2/2 (0 failed so far)
2026-08-21 14:45:57 Sweep finished: 2/2 attempted, 0 failed
