2026-08-05 15:41:33 Starting full chunk: 2 trajectories
2026-08-05 15:41:33 START cifar-full-in-replace__non-iid__global-dp__fedavg__clients-3__seed-43__nm0p009999__clip5__rounds-20__epochs-5__cifar_chunks__cifar10_cnn 
2026-08-05 15:45:40 DONE  cifar-full-in-replace__non-iid__global-dp__fedavg__clients-3__seed-43__nm0p009999__clip5__rounds-20__epochs-5__cifar_chunks__cifar10_cnn (247.3s)
2026-08-05 15:45:49 EVALUATED cifar-full-in-replace__non-iid__global-dp__fedavg__clients-3__seed-43__nm0p009999__clip5__rounds-20__epochs-5__cifar_chunks__cifar10_cnn round=1 (checkpoint deleted)
2026-08-05 15:45:55 EVALUATED cifar-full-in-replace__non-iid__global-dp__fedavg__clients-3__seed-43__nm0p009999__clip5__rounds-20__epochs-5__cifar_chunks__cifar10_cnn round=2 (checkpoint deleted)
2026-08-05 15:46:00 EVALUATED cifar-full-in-replace__non-iid__global-dp__fedavg__clients-3__seed-43__nm0p009999__clip5__rounds-20__epochs-5__cifar_chunks__cifar10_cnn round=3 (checkpoint deleted)
2026-08-05 15:46:06 EVALUATED cifar-full-in-replace__non-iid__global-dp__fedavg__clients-3__seed-43__nm0p009999__clip5__rounds-20__epochs-5__cifar_chunks__cifar10_cnn round=4 (checkpoint deleted)
2026-08-05 15:46:11 EVALUATED cifar-full-in-replace__non-iid__global-dp__fedavg__clients-3__seed-43__nm0p009999__clip5__rounds-20__epochs-5__cifar_chunks__cifar10_cnn round=5 (checkpoint deleted)
2026-08-05 15:46:17 EVALUATED cifar-full-in-replace__non-iid__global-dp__fedavg__clients-3__seed-43__nm0p009999__clip5__rounds-20__epochs-5__cifar_chunks__cifar10_cnn round=6 (checkpoint deleted)
2026-08-05 15:46:22 EVALUATED cifar-full-in-replace__non-iid__global-dp__fedavg__clients-3__seed-43__nm0p009999__clip5__rounds-20__epochs-5__cifar_chunks__cifar10_cnn round=7 (checkpoint deleted)
2026-08-05 15:46:28 EVALUATED cifar-full-in-replace__non-iid__global-dp__fedavg__clients-3__seed-43__nm0p009999__clip5__rounds-20__epochs-5__cifar_chunks__cifar10_cnn round=8 (checkpoint deleted)
2026-08-05 15:46:33 EVALUATED cifar-full-in-replace__non-iid__global-dp__fedavg__clients-3__seed-43__nm0p009999__clip5__rounds-20__epochs-5__cifar_chunks__cifar10_cnn round=9 (checkpoint deleted)
2026-08-05 15:46:39 EVALUATED cifar-full-in-replace__non-iid__global-dp__fedavg__clients-3__seed-43__nm0p009999__clip5__rounds-20__epochs-5__cifar_chunks__cifar10_cnn round=10 (checkpoint deleted)
2026-08-05 15:46:44 EVALUATED cifar-full-in-replace__non-iid__global-dp__fedavg__clients-3__seed-43__nm0p009999__clip5__rounds-20__epochs-5__cifar_chunks__cifar10_cnn round=11 (checkpoint deleted)
2026-08-05 15:46:50 EVALUATED cifar-full-in-replace__non-iid__global-dp__fedavg__clients-3__seed-43__nm0p009999__clip5__rounds-20__epochs-5__cifar_chunks__cifar10_cnn round=12 (checkpoint deleted)
2026-08-05 15:46:55 EVALUATED cifar-full-in-replace__non-iid__global-dp__fedavg__clients-3__seed-43__nm0p009999__clip5__rounds-20__epochs-5__cifar_chunks__cifar10_cnn round=13 (checkpoint deleted)
2026-08-05 15:47:01 EVALUATED cifar-full-in-replace__non-iid__global-dp__fedavg__clients-3__seed-43__nm0p009999__clip5__rounds-20__epochs-5__cifar_chunks__cifar10_cnn round=14 (checkpoint deleted)
2026-08-05 15:47:06 EVALUATED cifar-full-in-replace__non-iid__global-dp__fedavg__clients-3__seed-43__nm0p009999__clip5__rounds-20__epochs-5__cifar_chunks__cifar10_cnn round=15 (checkpoint deleted)
2026-08-05 15:47:12 EVALUATED cifar-full-in-replace__non-iid__global-dp__fedavg__clients-3__seed-43__nm0p009999__clip5__rounds-20__epochs-5__cifar_chunks__cifar10_cnn round=16 (checkpoint deleted)
2026-08-05 15:47:17 EVALUATED cifar-full-in-replace__non-iid__global-dp__fedavg__clients-3__seed-43__nm0p009999__clip5__rounds-20__epochs-5__cifar_chunks__cifar10_cnn round=17 (checkpoint deleted)
2026-08-05 15:47:23 EVALUATED cifar-full-in-replace__non-iid__global-dp__fedavg__clients-3__seed-43__nm0p009999__clip5__rounds-20__epochs-5__cifar_chunks__cifar10_cnn round=18 (checkpoint deleted)
2026-08-05 15:47:28 EVALUATED cifar-full-in-replace__non-iid__global-dp__fedavg__clients-3__seed-43__nm0p009999__clip5__rounds-20__epochs-5__cifar_chunks__cifar10_cnn round=19 (checkpoint deleted)
2026-08-05 15:47:34 EVALUATED cifar-full-in-replace__non-iid__global-dp__fedavg__clients-3__seed-43__nm0p009999__clip5__rounds-20__epochs-5__cifar_chunks__cifar10_cnn round=20 (checkpoint deleted)
2026-08-05 15:47:34 PROGRESS 1/2 (0 failed so far)
2026-08-05 15:47:34 START cifar-full-in-replace__non-iid__metric-privacy__fedavg__clients-3__seed-43__nm0p009999__clip5__rounds-20__epochs-5__cifar_chunks__cifar10_cnn 
2026-08-05 15:51:42 DONE  cifar-full-in-replace__non-iid__metric-privacy__fedavg__clients-3__seed-43__nm0p009999__clip5__rounds-20__epochs-5__cifar_chunks__cifar10_cnn (248.3s)
2026-08-05 15:51:48 EVALUATED cifar-full-in-replace__non-iid__metric-privacy__fedavg__clients-3__seed-43__nm0p009999__clip5__rounds-20__epochs-5__cifar_chunks__cifar10_cnn round=1 (checkpoint deleted)
2026-08-05 15:51:53 EVALUATED cifar-full-in-replace__non-iid__metric-privacy__fedavg__clients-3__seed-43__nm0p009999__clip5__rounds-20__epochs-5__cifar_chunks__cifar10_cnn round=2 (checkpoint deleted)
2026-08-05 15:51:59 EVALUATED cifar-full-in-replace__non-iid__metric-privacy__fedavg__clients-3__seed-43__nm0p009999__clip5__rounds-20__epochs-5__cifar_chunks__cifar10_cnn round=3 (checkpoint deleted)
2026-08-05 15:52:04 EVALUATED cifar-full-in-replace__non-iid__metric-privacy__fedavg__clients-3__seed-43__nm0p009999__clip5__rounds-20__epochs-5__cifar_chunks__cifar10_cnn round=4 (checkpoint deleted)
2026-08-05 15:52:10 EVALUATED cifar-full-in-replace__non-iid__metric-privacy__fedavg__clients-3__seed-43__nm0p009999__clip5__rounds-20__epochs-5__cifar_chunks__cifar10_cnn round=5 (checkpoint deleted)
2026-08-05 15:52:15 EVALUATED cifar-full-in-replace__non-iid__metric-privacy__fedavg__clients-3__seed-43__nm0p009999__clip5__rounds-20__epochs-5__cifar_chunks__cifar10_cnn round=6 (checkpoint deleted)
2026-08-05 15:52:21 EVALUATED cifar-full-in-replace__non-iid__metric-privacy__fedavg__clients-3__seed-43__nm0p009999__clip5__rounds-20__epochs-5__cifar_chunks__cifar10_cnn round=7 (checkpoint deleted)
2026-08-05 15:52:26 EVALUATED cifar-full-in-replace__non-iid__metric-privacy__fedavg__clients-3__seed-43__nm0p009999__clip5__rounds-20__epochs-5__cifar_chunks__cifar10_cnn round=8 (checkpoint deleted)
2026-08-05 15:52:32 EVALUATED cifar-full-in-replace__non-iid__metric-privacy__fedavg__clients-3__seed-43__nm0p009999__clip5__rounds-20__epochs-5__cifar_chunks__cifar10_cnn round=9 (checkpoint deleted)
2026-08-05 15:52:38 EVALUATED cifar-full-in-replace__non-iid__metric-privacy__fedavg__clients-3__seed-43__nm0p009999__clip5__rounds-20__epochs-5__cifar_chunks__cifar10_cnn round=10 (checkpoint deleted)
2026-08-05 15:52:43 EVALUATED cifar-full-in-replace__non-iid__metric-privacy__fedavg__clients-3__seed-43__nm0p009999__clip5__rounds-20__epochs-5__cifar_chunks__cifar10_cnn round=11 (checkpoint deleted)
2026-08-05 15:52:49 EVALUATED cifar-full-in-replace__non-iid__metric-privacy__fedavg__clients-3__seed-43__nm0p009999__clip5__rounds-20__epochs-5__cifar_chunks__cifar10_cnn round=12 (checkpoint deleted)
2026-08-05 15:52:54 EVALUATED cifar-full-in-replace__non-iid__metric-privacy__fedavg__clients-3__seed-43__nm0p009999__clip5__rounds-20__epochs-5__cifar_chunks__cifar10_cnn round=13 (checkpoint deleted)
2026-08-05 15:53:00 EVALUATED cifar-full-in-replace__non-iid__metric-privacy__fedavg__clients-3__seed-43__nm0p009999__clip5__rounds-20__epochs-5__cifar_chunks__cifar10_cnn round=14 (checkpoint deleted)
2026-08-05 15:53:05 EVALUATED cifar-full-in-replace__non-iid__metric-privacy__fedavg__clients-3__seed-43__nm0p009999__clip5__rounds-20__epochs-5__cifar_chunks__cifar10_cnn round=15 (checkpoint deleted)
2026-08-05 15:53:11 EVALUATED cifar-full-in-replace__non-iid__metric-privacy__fedavg__clients-3__seed-43__nm0p009999__clip5__rounds-20__epochs-5__cifar_chunks__cifar10_cnn round=16 (checkpoint deleted)
2026-08-05 15:53:16 EVALUATED cifar-full-in-replace__non-iid__metric-privacy__fedavg__clients-3__seed-43__nm0p009999__clip5__rounds-20__epochs-5__cifar_chunks__cifar10_cnn round=17 (checkpoint deleted)
2026-08-05 15:53:22 EVALUATED cifar-full-in-replace__non-iid__metric-privacy__fedavg__clients-3__seed-43__nm0p009999__clip5__rounds-20__epochs-5__cifar_chunks__cifar10_cnn round=18 (checkpoint deleted)
2026-08-05 15:53:27 EVALUATED cifar-full-in-replace__non-iid__metric-privacy__fedavg__clients-3__seed-43__nm0p009999__clip5__rounds-20__epochs-5__cifar_chunks__cifar10_cnn round=19 (checkpoint deleted)
2026-08-05 15:53:33 EVALUATED cifar-full-in-replace__non-iid__metric-privacy__fedavg__clients-3__seed-43__nm0p009999__clip5__rounds-20__epochs-5__cifar_chunks__cifar10_cnn round=20 (checkpoint deleted)
2026-08-05 15:53:33 PROGRESS 2/2 (0 failed so far)
2026-08-05 15:53:33 Sweep finished: 2/2 attempted, 0 failed
