2026-08-19 03:32:27 EuroSAT stage (metric-privacy, homogeneous, seed=44, noise_ratio=0.0015461300878041046): 2 trajectories
2026-08-19 03:32:27 START eurosat-in-remove__homogeneous__metric-privacy__fedavg__clients-48__seed-44__nm0p0742142__clip5__rounds-100__epochs-5__eurosat_remove__eurosat_cnn 
2026-08-19 03:50:40 DONE  eurosat-in-remove__homogeneous__metric-privacy__fedavg__clients-48__seed-44__nm0p0742142__clip5__rounds-100__epochs-5__eurosat_remove__eurosat_cnn (1093.5s)
2026-08-19 03:50:42 EVALUATED eurosat-in-remove__homogeneous__metric-privacy__fedavg__clients-48__seed-44__nm0p0742142__clip5__rounds-100__epochs-5__eurosat_remove__eurosat_cnn round=1 (checkpoint deleted)
2026-08-19 03:50:43 EVALUATED eurosat-in-remove__homogeneous__metric-privacy__fedavg__clients-48__seed-44__nm0p0742142__clip5__rounds-100__epochs-5__eurosat_remove__eurosat_cnn round=10 (checkpoint deleted)
2026-08-19 03:50:44 EVALUATED eurosat-in-remove__homogeneous__metric-privacy__fedavg__clients-48__seed-44__nm0p0742142__clip5__rounds-100__epochs-5__eurosat_remove__eurosat_cnn round=20 (checkpoint deleted)
2026-08-19 03:50:45 EVALUATED eurosat-in-remove__homogeneous__metric-privacy__fedavg__clients-48__seed-44__nm0p0742142__clip5__rounds-100__epochs-5__eurosat_remove__eurosat_cnn round=30 (checkpoint deleted)
2026-08-19 03:50:47 EVALUATED eurosat-in-remove__homogeneous__metric-privacy__fedavg__clients-48__seed-44__nm0p0742142__clip5__rounds-100__epochs-5__eurosat_remove__eurosat_cnn round=40 (checkpoint deleted)
2026-08-19 03:50:48 EVALUATED eurosat-in-remove__homogeneous__metric-privacy__fedavg__clients-48__seed-44__nm0p0742142__clip5__rounds-100__epochs-5__eurosat_remove__eurosat_cnn round=50 (checkpoint deleted)
2026-08-19 03:50:49 EVALUATED eurosat-in-remove__homogeneous__metric-privacy__fedavg__clients-48__seed-44__nm0p0742142__clip5__rounds-100__epochs-5__eurosat_remove__eurosat_cnn round=60 (checkpoint deleted)
2026-08-19 03:50:50 EVALUATED eurosat-in-remove__homogeneous__metric-privacy__fedavg__clients-48__seed-44__nm0p0742142__clip5__rounds-100__epochs-5__eurosat_remove__eurosat_cnn round=70 (checkpoint deleted)
2026-08-19 03:50:52 EVALUATED eurosat-in-remove__homogeneous__metric-privacy__fedavg__clients-48__seed-44__nm0p0742142__clip5__rounds-100__epochs-5__eurosat_remove__eurosat_cnn round=80 (checkpoint deleted)
2026-08-19 03:50:53 EVALUATED eurosat-in-remove__homogeneous__metric-privacy__fedavg__clients-48__seed-44__nm0p0742142__clip5__rounds-100__epochs-5__eurosat_remove__eurosat_cnn round=90 (checkpoint deleted)
2026-08-19 03:50:54 EVALUATED eurosat-in-remove__homogeneous__metric-privacy__fedavg__clients-48__seed-44__nm0p0742142__clip5__rounds-100__epochs-5__eurosat_remove__eurosat_cnn round=100 (checkpoint deleted)
2026-08-19 03:50:54 PROGRESS 1/2 (0 failed so far)
2026-08-19 03:50:54 START eurosat-out-remove__homogeneous__metric-privacy__fedavg__clients-47__seed-44__nm0p0726681__clip5__rounds-100__epochs-5__eurosat_remove__eurosat_cnn 
2026-08-19 04:08:48 DONE  eurosat-out-remove__homogeneous__metric-privacy__fedavg__clients-47__seed-44__nm0p0726681__clip5__rounds-100__epochs-5__eurosat_remove__eurosat_cnn (1074.3s)
2026-08-19 04:08:50 EVALUATED eurosat-out-remove__homogeneous__metric-privacy__fedavg__clients-47__seed-44__nm0p0726681__clip5__rounds-100__epochs-5__eurosat_remove__eurosat_cnn round=1 (checkpoint deleted)
2026-08-19 04:08:51 EVALUATED eurosat-out-remove__homogeneous__metric-privacy__fedavg__clients-47__seed-44__nm0p0726681__clip5__rounds-100__epochs-5__eurosat_remove__eurosat_cnn round=10 (checkpoint deleted)
2026-08-19 04:08:52 EVALUATED eurosat-out-remove__homogeneous__metric-privacy__fedavg__clients-47__seed-44__nm0p0726681__clip5__rounds-100__epochs-5__eurosat_remove__eurosat_cnn round=20 (checkpoint deleted)
2026-08-19 04:08:54 EVALUATED eurosat-out-remove__homogeneous__metric-privacy__fedavg__clients-47__seed-44__nm0p0726681__clip5__rounds-100__epochs-5__eurosat_remove__eurosat_cnn round=30 (checkpoint deleted)
2026-08-19 04:08:55 EVALUATED eurosat-out-remove__homogeneous__metric-privacy__fedavg__clients-47__seed-44__nm0p0726681__clip5__rounds-100__epochs-5__eurosat_remove__eurosat_cnn round=40 (checkpoint deleted)
2026-08-19 04:08:56 EVALUATED eurosat-out-remove__homogeneous__metric-privacy__fedavg__clients-47__seed-44__nm0p0726681__clip5__rounds-100__epochs-5__eurosat_remove__eurosat_cnn round=50 (checkpoint deleted)
2026-08-19 04:08:57 EVALUATED eurosat-out-remove__homogeneous__metric-privacy__fedavg__clients-47__seed-44__nm0p0726681__clip5__rounds-100__epochs-5__eurosat_remove__eurosat_cnn round=60 (checkpoint deleted)
2026-08-19 04:08:59 EVALUATED eurosat-out-remove__homogeneous__metric-privacy__fedavg__clients-47__seed-44__nm0p0726681__clip5__rounds-100__epochs-5__eurosat_remove__eurosat_cnn round=70 (checkpoint deleted)
2026-08-19 04:09:00 EVALUATED eurosat-out-remove__homogeneous__metric-privacy__fedavg__clients-47__seed-44__nm0p0726681__clip5__rounds-100__epochs-5__eurosat_remove__eurosat_cnn round=80 (checkpoint deleted)
2026-08-19 04:09:01 EVALUATED eurosat-out-remove__homogeneous__metric-privacy__fedavg__clients-47__seed-44__nm0p0726681__clip5__rounds-100__epochs-5__eurosat_remove__eurosat_cnn round=90 (checkpoint deleted)
2026-08-19 04:09:02 EVALUATED eurosat-out-remove__homogeneous__metric-privacy__fedavg__clients-47__seed-44__nm0p0726681__clip5__rounds-100__epochs-5__eurosat_remove__eurosat_cnn round=100 (checkpoint deleted)
2026-08-19 04:09:02 PROGRESS 2/2 (0 failed so far)
2026-08-19 04:09:02 Sweep finished: 2/2 attempted, 0 failed
