2026-08-21 08:22:39 Fashion-MNIST stage (global-dp, non-iid, seed=42, noise_ratio=0.0013382171467557734): 2 trajectories
2026-08-21 08:22:39 START fashion-mnist-in-remove__non-iid__global-dp__fedavg__clients-48__seed-42__nm0p0642344__clip5__rounds-100__epochs-5__fashion_mnist_remove__fashion_mnist_cnn 
2026-08-21 08:38:46 DONE  fashion-mnist-in-remove__non-iid__global-dp__fedavg__clients-48__seed-42__nm0p0642344__clip5__rounds-100__epochs-5__fashion_mnist_remove__fashion_mnist_cnn (966.7s)
2026-08-21 08:38:48 EVALUATED fashion-mnist-in-remove__non-iid__global-dp__fedavg__clients-48__seed-42__nm0p0642344__clip5__rounds-100__epochs-5__fashion_mnist_remove__fashion_mnist_cnn round=1 (checkpoint deleted)
2026-08-21 08:38:51 EVALUATED fashion-mnist-in-remove__non-iid__global-dp__fedavg__clients-48__seed-42__nm0p0642344__clip5__rounds-100__epochs-5__fashion_mnist_remove__fashion_mnist_cnn round=10 (checkpoint deleted)
2026-08-21 08:38:54 EVALUATED fashion-mnist-in-remove__non-iid__global-dp__fedavg__clients-48__seed-42__nm0p0642344__clip5__rounds-100__epochs-5__fashion_mnist_remove__fashion_mnist_cnn round=20 (checkpoint deleted)
2026-08-21 08:38:57 EVALUATED fashion-mnist-in-remove__non-iid__global-dp__fedavg__clients-48__seed-42__nm0p0642344__clip5__rounds-100__epochs-5__fashion_mnist_remove__fashion_mnist_cnn round=30 (checkpoint deleted)
2026-08-21 08:38:59 EVALUATED fashion-mnist-in-remove__non-iid__global-dp__fedavg__clients-48__seed-42__nm0p0642344__clip5__rounds-100__epochs-5__fashion_mnist_remove__fashion_mnist_cnn round=40 (checkpoint deleted)
2026-08-21 08:39:02 EVALUATED fashion-mnist-in-remove__non-iid__global-dp__fedavg__clients-48__seed-42__nm0p0642344__clip5__rounds-100__epochs-5__fashion_mnist_remove__fashion_mnist_cnn round=50 (checkpoint deleted)
2026-08-21 08:39:05 EVALUATED fashion-mnist-in-remove__non-iid__global-dp__fedavg__clients-48__seed-42__nm0p0642344__clip5__rounds-100__epochs-5__fashion_mnist_remove__fashion_mnist_cnn round=60 (checkpoint deleted)
2026-08-21 08:39:08 EVALUATED fashion-mnist-in-remove__non-iid__global-dp__fedavg__clients-48__seed-42__nm0p0642344__clip5__rounds-100__epochs-5__fashion_mnist_remove__fashion_mnist_cnn round=70 (checkpoint deleted)
2026-08-21 08:39:10 EVALUATED fashion-mnist-in-remove__non-iid__global-dp__fedavg__clients-48__seed-42__nm0p0642344__clip5__rounds-100__epochs-5__fashion_mnist_remove__fashion_mnist_cnn round=80 (checkpoint deleted)
2026-08-21 08:39:13 EVALUATED fashion-mnist-in-remove__non-iid__global-dp__fedavg__clients-48__seed-42__nm0p0642344__clip5__rounds-100__epochs-5__fashion_mnist_remove__fashion_mnist_cnn round=90 (checkpoint deleted)
2026-08-21 08:39:16 EVALUATED fashion-mnist-in-remove__non-iid__global-dp__fedavg__clients-48__seed-42__nm0p0642344__clip5__rounds-100__epochs-5__fashion_mnist_remove__fashion_mnist_cnn round=100 (checkpoint deleted)
2026-08-21 08:39:16 PROGRESS 1/2 (0 failed so far)
2026-08-21 08:39:16 START fashion-mnist-out-remove__non-iid__global-dp__fedavg__clients-47__seed-42__nm0p0628962__clip5__rounds-100__epochs-5__fashion_mnist_remove__fashion_mnist_cnn 
2026-08-21 08:55:10 DONE  fashion-mnist-out-remove__non-iid__global-dp__fedavg__clients-47__seed-42__nm0p0628962__clip5__rounds-100__epochs-5__fashion_mnist_remove__fashion_mnist_cnn (954.1s)
2026-08-21 08:55:13 EVALUATED fashion-mnist-out-remove__non-iid__global-dp__fedavg__clients-47__seed-42__nm0p0628962__clip5__rounds-100__epochs-5__fashion_mnist_remove__fashion_mnist_cnn round=1 (checkpoint deleted)
2026-08-21 08:55:15 EVALUATED fashion-mnist-out-remove__non-iid__global-dp__fedavg__clients-47__seed-42__nm0p0628962__clip5__rounds-100__epochs-5__fashion_mnist_remove__fashion_mnist_cnn round=10 (checkpoint deleted)
2026-08-21 08:55:18 EVALUATED fashion-mnist-out-remove__non-iid__global-dp__fedavg__clients-47__seed-42__nm0p0628962__clip5__rounds-100__epochs-5__fashion_mnist_remove__fashion_mnist_cnn round=20 (checkpoint deleted)
2026-08-21 08:55:21 EVALUATED fashion-mnist-out-remove__non-iid__global-dp__fedavg__clients-47__seed-42__nm0p0628962__clip5__rounds-100__epochs-5__fashion_mnist_remove__fashion_mnist_cnn round=30 (checkpoint deleted)
2026-08-21 08:55:24 EVALUATED fashion-mnist-out-remove__non-iid__global-dp__fedavg__clients-47__seed-42__nm0p0628962__clip5__rounds-100__epochs-5__fashion_mnist_remove__fashion_mnist_cnn round=40 (checkpoint deleted)
2026-08-21 08:55:26 EVALUATED fashion-mnist-out-remove__non-iid__global-dp__fedavg__clients-47__seed-42__nm0p0628962__clip5__rounds-100__epochs-5__fashion_mnist_remove__fashion_mnist_cnn round=50 (checkpoint deleted)
2026-08-21 08:55:29 EVALUATED fashion-mnist-out-remove__non-iid__global-dp__fedavg__clients-47__seed-42__nm0p0628962__clip5__rounds-100__epochs-5__fashion_mnist_remove__fashion_mnist_cnn round=60 (checkpoint deleted)
2026-08-21 08:55:32 EVALUATED fashion-mnist-out-remove__non-iid__global-dp__fedavg__clients-47__seed-42__nm0p0628962__clip5__rounds-100__epochs-5__fashion_mnist_remove__fashion_mnist_cnn round=70 (checkpoint deleted)
2026-08-21 08:55:35 EVALUATED fashion-mnist-out-remove__non-iid__global-dp__fedavg__clients-47__seed-42__nm0p0628962__clip5__rounds-100__epochs-5__fashion_mnist_remove__fashion_mnist_cnn round=80 (checkpoint deleted)
2026-08-21 08:55:37 EVALUATED fashion-mnist-out-remove__non-iid__global-dp__fedavg__clients-47__seed-42__nm0p0628962__clip5__rounds-100__epochs-5__fashion_mnist_remove__fashion_mnist_cnn round=90 (checkpoint deleted)
2026-08-21 08:55:40 EVALUATED fashion-mnist-out-remove__non-iid__global-dp__fedavg__clients-47__seed-42__nm0p0628962__clip5__rounds-100__epochs-5__fashion_mnist_remove__fashion_mnist_cnn round=100 (checkpoint deleted)
2026-08-21 08:55:40 PROGRESS 2/2 (0 failed so far)
2026-08-21 08:55:40 Sweep finished: 2/2 attempted, 0 failed
