2026-08-14 09:29:24 CIFAR-10 removal CIA chunk (vanilla, clients=48, noise_ratio=None): 2 trajectories
2026-08-14 09:29:24 START cifar10-in-remove__non-iid__vanilla__fedavg__clients-48__seed-42__nm0p0182__clip5__rounds-20__epochs-5__cifar10_remove__cifar10_cnn 
2026-08-14 09:42:38 DONE  cifar10-in-remove__non-iid__vanilla__fedavg__clients-48__seed-42__nm0p0182__clip5__rounds-20__epochs-5__cifar10_remove__cifar10_cnn (794.3s)
2026-08-14 09:42:47 EVALUATED cifar10-in-remove__non-iid__vanilla__fedavg__clients-48__seed-42__nm0p0182__clip5__rounds-20__epochs-5__cifar10_remove__cifar10_cnn round=1 (checkpoint deleted)
2026-08-14 09:42:52 EVALUATED cifar10-in-remove__non-iid__vanilla__fedavg__clients-48__seed-42__nm0p0182__clip5__rounds-20__epochs-5__cifar10_remove__cifar10_cnn round=2 (checkpoint deleted)
2026-08-14 09:42:57 EVALUATED cifar10-in-remove__non-iid__vanilla__fedavg__clients-48__seed-42__nm0p0182__clip5__rounds-20__epochs-5__cifar10_remove__cifar10_cnn round=3 (checkpoint deleted)
2026-08-14 09:43:02 EVALUATED cifar10-in-remove__non-iid__vanilla__fedavg__clients-48__seed-42__nm0p0182__clip5__rounds-20__epochs-5__cifar10_remove__cifar10_cnn round=4 (checkpoint deleted)
2026-08-14 09:43:07 EVALUATED cifar10-in-remove__non-iid__vanilla__fedavg__clients-48__seed-42__nm0p0182__clip5__rounds-20__epochs-5__cifar10_remove__cifar10_cnn round=5 (checkpoint deleted)
2026-08-14 09:43:12 EVALUATED cifar10-in-remove__non-iid__vanilla__fedavg__clients-48__seed-42__nm0p0182__clip5__rounds-20__epochs-5__cifar10_remove__cifar10_cnn round=6 (checkpoint deleted)
2026-08-14 09:43:18 EVALUATED cifar10-in-remove__non-iid__vanilla__fedavg__clients-48__seed-42__nm0p0182__clip5__rounds-20__epochs-5__cifar10_remove__cifar10_cnn round=7 (checkpoint deleted)
2026-08-14 09:43:23 EVALUATED cifar10-in-remove__non-iid__vanilla__fedavg__clients-48__seed-42__nm0p0182__clip5__rounds-20__epochs-5__cifar10_remove__cifar10_cnn round=8 (checkpoint deleted)
2026-08-14 09:43:28 EVALUATED cifar10-in-remove__non-iid__vanilla__fedavg__clients-48__seed-42__nm0p0182__clip5__rounds-20__epochs-5__cifar10_remove__cifar10_cnn round=9 (checkpoint deleted)
2026-08-14 09:43:33 EVALUATED cifar10-in-remove__non-iid__vanilla__fedavg__clients-48__seed-42__nm0p0182__clip5__rounds-20__epochs-5__cifar10_remove__cifar10_cnn round=10 (checkpoint deleted)
2026-08-14 09:43:38 EVALUATED cifar10-in-remove__non-iid__vanilla__fedavg__clients-48__seed-42__nm0p0182__clip5__rounds-20__epochs-5__cifar10_remove__cifar10_cnn round=11 (checkpoint deleted)
2026-08-14 09:43:43 EVALUATED cifar10-in-remove__non-iid__vanilla__fedavg__clients-48__seed-42__nm0p0182__clip5__rounds-20__epochs-5__cifar10_remove__cifar10_cnn round=12 (checkpoint deleted)
2026-08-14 09:43:48 EVALUATED cifar10-in-remove__non-iid__vanilla__fedavg__clients-48__seed-42__nm0p0182__clip5__rounds-20__epochs-5__cifar10_remove__cifar10_cnn round=13 (checkpoint deleted)
2026-08-14 09:43:53 EVALUATED cifar10-in-remove__non-iid__vanilla__fedavg__clients-48__seed-42__nm0p0182__clip5__rounds-20__epochs-5__cifar10_remove__cifar10_cnn round=14 (checkpoint deleted)
2026-08-14 09:43:58 EVALUATED cifar10-in-remove__non-iid__vanilla__fedavg__clients-48__seed-42__nm0p0182__clip5__rounds-20__epochs-5__cifar10_remove__cifar10_cnn round=15 (checkpoint deleted)
2026-08-14 09:44:03 EVALUATED cifar10-in-remove__non-iid__vanilla__fedavg__clients-48__seed-42__nm0p0182__clip5__rounds-20__epochs-5__cifar10_remove__cifar10_cnn round=16 (checkpoint deleted)
2026-08-14 09:44:08 EVALUATED cifar10-in-remove__non-iid__vanilla__fedavg__clients-48__seed-42__nm0p0182__clip5__rounds-20__epochs-5__cifar10_remove__cifar10_cnn round=17 (checkpoint deleted)
2026-08-14 09:44:13 EVALUATED cifar10-in-remove__non-iid__vanilla__fedavg__clients-48__seed-42__nm0p0182__clip5__rounds-20__epochs-5__cifar10_remove__cifar10_cnn round=18 (checkpoint deleted)
2026-08-14 09:44:18 EVALUATED cifar10-in-remove__non-iid__vanilla__fedavg__clients-48__seed-42__nm0p0182__clip5__rounds-20__epochs-5__cifar10_remove__cifar10_cnn round=19 (checkpoint deleted)
2026-08-14 09:44:23 EVALUATED cifar10-in-remove__non-iid__vanilla__fedavg__clients-48__seed-42__nm0p0182__clip5__rounds-20__epochs-5__cifar10_remove__cifar10_cnn round=20 (checkpoint deleted)
2026-08-14 09:44:23 PROGRESS 1/2 (0 failed so far)
2026-08-14 09:44:23 START cifar10-out-remove__non-iid__vanilla__fedavg__clients-47__seed-42__nm0p0182__clip5__rounds-20__epochs-5__cifar10_remove__cifar10_cnn 
2026-08-14 09:57:23 DONE  cifar10-out-remove__non-iid__vanilla__fedavg__clients-47__seed-42__nm0p0182__clip5__rounds-20__epochs-5__cifar10_remove__cifar10_cnn (779.8s)
2026-08-14 09:57:28 EVALUATED cifar10-out-remove__non-iid__vanilla__fedavg__clients-47__seed-42__nm0p0182__clip5__rounds-20__epochs-5__cifar10_remove__cifar10_cnn round=1 (checkpoint deleted)
2026-08-14 09:57:33 EVALUATED cifar10-out-remove__non-iid__vanilla__fedavg__clients-47__seed-42__nm0p0182__clip5__rounds-20__epochs-5__cifar10_remove__cifar10_cnn round=2 (checkpoint deleted)
2026-08-14 09:57:39 EVALUATED cifar10-out-remove__non-iid__vanilla__fedavg__clients-47__seed-42__nm0p0182__clip5__rounds-20__epochs-5__cifar10_remove__cifar10_cnn round=3 (checkpoint deleted)
2026-08-14 09:57:44 EVALUATED cifar10-out-remove__non-iid__vanilla__fedavg__clients-47__seed-42__nm0p0182__clip5__rounds-20__epochs-5__cifar10_remove__cifar10_cnn round=4 (checkpoint deleted)
2026-08-14 09:57:49 EVALUATED cifar10-out-remove__non-iid__vanilla__fedavg__clients-47__seed-42__nm0p0182__clip5__rounds-20__epochs-5__cifar10_remove__cifar10_cnn round=5 (checkpoint deleted)
2026-08-14 09:57:54 EVALUATED cifar10-out-remove__non-iid__vanilla__fedavg__clients-47__seed-42__nm0p0182__clip5__rounds-20__epochs-5__cifar10_remove__cifar10_cnn round=6 (checkpoint deleted)
2026-08-14 09:57:59 EVALUATED cifar10-out-remove__non-iid__vanilla__fedavg__clients-47__seed-42__nm0p0182__clip5__rounds-20__epochs-5__cifar10_remove__cifar10_cnn round=7 (checkpoint deleted)
2026-08-14 09:58:04 EVALUATED cifar10-out-remove__non-iid__vanilla__fedavg__clients-47__seed-42__nm0p0182__clip5__rounds-20__epochs-5__cifar10_remove__cifar10_cnn round=8 (checkpoint deleted)
2026-08-14 09:58:09 EVALUATED cifar10-out-remove__non-iid__vanilla__fedavg__clients-47__seed-42__nm0p0182__clip5__rounds-20__epochs-5__cifar10_remove__cifar10_cnn round=9 (checkpoint deleted)
2026-08-14 09:58:14 EVALUATED cifar10-out-remove__non-iid__vanilla__fedavg__clients-47__seed-42__nm0p0182__clip5__rounds-20__epochs-5__cifar10_remove__cifar10_cnn round=10 (checkpoint deleted)
2026-08-14 09:58:19 EVALUATED cifar10-out-remove__non-iid__vanilla__fedavg__clients-47__seed-42__nm0p0182__clip5__rounds-20__epochs-5__cifar10_remove__cifar10_cnn round=11 (checkpoint deleted)
2026-08-14 09:58:24 EVALUATED cifar10-out-remove__non-iid__vanilla__fedavg__clients-47__seed-42__nm0p0182__clip5__rounds-20__epochs-5__cifar10_remove__cifar10_cnn round=12 (checkpoint deleted)
2026-08-14 09:58:30 EVALUATED cifar10-out-remove__non-iid__vanilla__fedavg__clients-47__seed-42__nm0p0182__clip5__rounds-20__epochs-5__cifar10_remove__cifar10_cnn round=13 (checkpoint deleted)
2026-08-14 09:58:35 EVALUATED cifar10-out-remove__non-iid__vanilla__fedavg__clients-47__seed-42__nm0p0182__clip5__rounds-20__epochs-5__cifar10_remove__cifar10_cnn round=14 (checkpoint deleted)
2026-08-14 09:58:40 EVALUATED cifar10-out-remove__non-iid__vanilla__fedavg__clients-47__seed-42__nm0p0182__clip5__rounds-20__epochs-5__cifar10_remove__cifar10_cnn round=15 (checkpoint deleted)
2026-08-14 09:58:45 EVALUATED cifar10-out-remove__non-iid__vanilla__fedavg__clients-47__seed-42__nm0p0182__clip5__rounds-20__epochs-5__cifar10_remove__cifar10_cnn round=16 (checkpoint deleted)
2026-08-14 09:58:50 EVALUATED cifar10-out-remove__non-iid__vanilla__fedavg__clients-47__seed-42__nm0p0182__clip5__rounds-20__epochs-5__cifar10_remove__cifar10_cnn round=17 (checkpoint deleted)
2026-08-14 09:58:55 EVALUATED cifar10-out-remove__non-iid__vanilla__fedavg__clients-47__seed-42__nm0p0182__clip5__rounds-20__epochs-5__cifar10_remove__cifar10_cnn round=18 (checkpoint deleted)
2026-08-14 09:59:00 EVALUATED cifar10-out-remove__non-iid__vanilla__fedavg__clients-47__seed-42__nm0p0182__clip5__rounds-20__epochs-5__cifar10_remove__cifar10_cnn round=19 (checkpoint deleted)
2026-08-14 09:59:05 EVALUATED cifar10-out-remove__non-iid__vanilla__fedavg__clients-47__seed-42__nm0p0182__clip5__rounds-20__epochs-5__cifar10_remove__cifar10_cnn round=20 (checkpoint deleted)
2026-08-14 09:59:05 PROGRESS 2/2 (0 failed so far)
2026-08-14 09:59:05 Sweep finished: 2/2 attempted, 0 failed
