2026-08-21 07:17:11 Fashion-MNIST stage (vanilla, non-iid, seed=44, noise_ratio=None): 2 trajectories
2026-08-21 07:17:11 START fashion-mnist-in-remove__non-iid__vanilla__fedavg__clients-48__seed-44__nm0p0321172__clip5__rounds-100__epochs-5__fashion_mnist_remove__fashion_mnist_cnn 
2026-08-21 07:33:07 DONE  fashion-mnist-in-remove__non-iid__vanilla__fedavg__clients-48__seed-44__nm0p0321172__clip5__rounds-100__epochs-5__fashion_mnist_remove__fashion_mnist_cnn (956.1s)
2026-08-21 07:33:10 EVALUATED fashion-mnist-in-remove__non-iid__vanilla__fedavg__clients-48__seed-44__nm0p0321172__clip5__rounds-100__epochs-5__fashion_mnist_remove__fashion_mnist_cnn round=1 (checkpoint deleted)
2026-08-21 07:33:13 EVALUATED fashion-mnist-in-remove__non-iid__vanilla__fedavg__clients-48__seed-44__nm0p0321172__clip5__rounds-100__epochs-5__fashion_mnist_remove__fashion_mnist_cnn round=10 (checkpoint deleted)
2026-08-21 07:33:16 EVALUATED fashion-mnist-in-remove__non-iid__vanilla__fedavg__clients-48__seed-44__nm0p0321172__clip5__rounds-100__epochs-5__fashion_mnist_remove__fashion_mnist_cnn round=20 (checkpoint deleted)
2026-08-21 07:33:18 EVALUATED fashion-mnist-in-remove__non-iid__vanilla__fedavg__clients-48__seed-44__nm0p0321172__clip5__rounds-100__epochs-5__fashion_mnist_remove__fashion_mnist_cnn round=30 (checkpoint deleted)
2026-08-21 07:33:21 EVALUATED fashion-mnist-in-remove__non-iid__vanilla__fedavg__clients-48__seed-44__nm0p0321172__clip5__rounds-100__epochs-5__fashion_mnist_remove__fashion_mnist_cnn round=40 (checkpoint deleted)
2026-08-21 07:33:24 EVALUATED fashion-mnist-in-remove__non-iid__vanilla__fedavg__clients-48__seed-44__nm0p0321172__clip5__rounds-100__epochs-5__fashion_mnist_remove__fashion_mnist_cnn round=50 (checkpoint deleted)
2026-08-21 07:33:27 EVALUATED fashion-mnist-in-remove__non-iid__vanilla__fedavg__clients-48__seed-44__nm0p0321172__clip5__rounds-100__epochs-5__fashion_mnist_remove__fashion_mnist_cnn round=60 (checkpoint deleted)
2026-08-21 07:33:29 EVALUATED fashion-mnist-in-remove__non-iid__vanilla__fedavg__clients-48__seed-44__nm0p0321172__clip5__rounds-100__epochs-5__fashion_mnist_remove__fashion_mnist_cnn round=70 (checkpoint deleted)
2026-08-21 07:33:32 EVALUATED fashion-mnist-in-remove__non-iid__vanilla__fedavg__clients-48__seed-44__nm0p0321172__clip5__rounds-100__epochs-5__fashion_mnist_remove__fashion_mnist_cnn round=80 (checkpoint deleted)
2026-08-21 07:33:35 EVALUATED fashion-mnist-in-remove__non-iid__vanilla__fedavg__clients-48__seed-44__nm0p0321172__clip5__rounds-100__epochs-5__fashion_mnist_remove__fashion_mnist_cnn round=90 (checkpoint deleted)
2026-08-21 07:33:38 EVALUATED fashion-mnist-in-remove__non-iid__vanilla__fedavg__clients-48__seed-44__nm0p0321172__clip5__rounds-100__epochs-5__fashion_mnist_remove__fashion_mnist_cnn round=100 (checkpoint deleted)
2026-08-21 07:33:38 PROGRESS 1/2 (0 failed so far)
2026-08-21 07:33:38 START fashion-mnist-out-remove__non-iid__vanilla__fedavg__clients-47__seed-44__nm0p0321172__clip5__rounds-100__epochs-5__fashion_mnist_remove__fashion_mnist_cnn 
2026-08-21 07:49:11 DONE  fashion-mnist-out-remove__non-iid__vanilla__fedavg__clients-47__seed-44__nm0p0321172__clip5__rounds-100__epochs-5__fashion_mnist_remove__fashion_mnist_cnn (933.1s)
2026-08-21 07:49:14 EVALUATED fashion-mnist-out-remove__non-iid__vanilla__fedavg__clients-47__seed-44__nm0p0321172__clip5__rounds-100__epochs-5__fashion_mnist_remove__fashion_mnist_cnn round=1 (checkpoint deleted)
2026-08-21 07:49:16 EVALUATED fashion-mnist-out-remove__non-iid__vanilla__fedavg__clients-47__seed-44__nm0p0321172__clip5__rounds-100__epochs-5__fashion_mnist_remove__fashion_mnist_cnn round=10 (checkpoint deleted)
2026-08-21 07:49:19 EVALUATED fashion-mnist-out-remove__non-iid__vanilla__fedavg__clients-47__seed-44__nm0p0321172__clip5__rounds-100__epochs-5__fashion_mnist_remove__fashion_mnist_cnn round=20 (checkpoint deleted)
2026-08-21 07:49:22 EVALUATED fashion-mnist-out-remove__non-iid__vanilla__fedavg__clients-47__seed-44__nm0p0321172__clip5__rounds-100__epochs-5__fashion_mnist_remove__fashion_mnist_cnn round=30 (checkpoint deleted)
2026-08-21 07:49:24 EVALUATED fashion-mnist-out-remove__non-iid__vanilla__fedavg__clients-47__seed-44__nm0p0321172__clip5__rounds-100__epochs-5__fashion_mnist_remove__fashion_mnist_cnn round=40 (checkpoint deleted)
2026-08-21 07:49:27 EVALUATED fashion-mnist-out-remove__non-iid__vanilla__fedavg__clients-47__seed-44__nm0p0321172__clip5__rounds-100__epochs-5__fashion_mnist_remove__fashion_mnist_cnn round=50 (checkpoint deleted)
2026-08-21 07:49:30 EVALUATED fashion-mnist-out-remove__non-iid__vanilla__fedavg__clients-47__seed-44__nm0p0321172__clip5__rounds-100__epochs-5__fashion_mnist_remove__fashion_mnist_cnn round=60 (checkpoint deleted)
2026-08-21 07:49:33 EVALUATED fashion-mnist-out-remove__non-iid__vanilla__fedavg__clients-47__seed-44__nm0p0321172__clip5__rounds-100__epochs-5__fashion_mnist_remove__fashion_mnist_cnn round=70 (checkpoint deleted)
2026-08-21 07:49:35 EVALUATED fashion-mnist-out-remove__non-iid__vanilla__fedavg__clients-47__seed-44__nm0p0321172__clip5__rounds-100__epochs-5__fashion_mnist_remove__fashion_mnist_cnn round=80 (checkpoint deleted)
2026-08-21 07:49:38 EVALUATED fashion-mnist-out-remove__non-iid__vanilla__fedavg__clients-47__seed-44__nm0p0321172__clip5__rounds-100__epochs-5__fashion_mnist_remove__fashion_mnist_cnn round=90 (checkpoint deleted)
2026-08-21 07:49:41 EVALUATED fashion-mnist-out-remove__non-iid__vanilla__fedavg__clients-47__seed-44__nm0p0321172__clip5__rounds-100__epochs-5__fashion_mnist_remove__fashion_mnist_cnn round=100 (checkpoint deleted)
2026-08-21 07:49:41 PROGRESS 2/2 (0 failed so far)
2026-08-21 07:49:41 Sweep finished: 2/2 attempted, 0 failed
