2026-08-05 18:25:09 Starting full chunk: 2 trajectories
2026-08-05 18:25:09 START cifar-full-in-replace__non-iid__global-dp__fedavg__clients-8__seed-42__nm0p026664__clip5__rounds-20__epochs-5__cifar_chunks__cifar10_cnn 
2026-08-05 18:29:30 DONE  cifar-full-in-replace__non-iid__global-dp__fedavg__clients-8__seed-42__nm0p026664__clip5__rounds-20__epochs-5__cifar_chunks__cifar10_cnn (260.6s)
2026-08-05 18:29:36 EVALUATED cifar-full-in-replace__non-iid__global-dp__fedavg__clients-8__seed-42__nm0p026664__clip5__rounds-20__epochs-5__cifar_chunks__cifar10_cnn round=1 (checkpoint deleted)
2026-08-05 18:29:40 EVALUATED cifar-full-in-replace__non-iid__global-dp__fedavg__clients-8__seed-42__nm0p026664__clip5__rounds-20__epochs-5__cifar_chunks__cifar10_cnn round=2 (checkpoint deleted)
2026-08-05 18:29:45 EVALUATED cifar-full-in-replace__non-iid__global-dp__fedavg__clients-8__seed-42__nm0p026664__clip5__rounds-20__epochs-5__cifar_chunks__cifar10_cnn round=3 (checkpoint deleted)
2026-08-05 18:29:49 EVALUATED cifar-full-in-replace__non-iid__global-dp__fedavg__clients-8__seed-42__nm0p026664__clip5__rounds-20__epochs-5__cifar_chunks__cifar10_cnn round=4 (checkpoint deleted)
2026-08-05 18:29:54 EVALUATED cifar-full-in-replace__non-iid__global-dp__fedavg__clients-8__seed-42__nm0p026664__clip5__rounds-20__epochs-5__cifar_chunks__cifar10_cnn round=5 (checkpoint deleted)
2026-08-05 18:29:58 EVALUATED cifar-full-in-replace__non-iid__global-dp__fedavg__clients-8__seed-42__nm0p026664__clip5__rounds-20__epochs-5__cifar_chunks__cifar10_cnn round=6 (checkpoint deleted)
2026-08-05 18:30:03 EVALUATED cifar-full-in-replace__non-iid__global-dp__fedavg__clients-8__seed-42__nm0p026664__clip5__rounds-20__epochs-5__cifar_chunks__cifar10_cnn round=7 (checkpoint deleted)
2026-08-05 18:30:07 EVALUATED cifar-full-in-replace__non-iid__global-dp__fedavg__clients-8__seed-42__nm0p026664__clip5__rounds-20__epochs-5__cifar_chunks__cifar10_cnn round=8 (checkpoint deleted)
2026-08-05 18:30:12 EVALUATED cifar-full-in-replace__non-iid__global-dp__fedavg__clients-8__seed-42__nm0p026664__clip5__rounds-20__epochs-5__cifar_chunks__cifar10_cnn round=9 (checkpoint deleted)
2026-08-05 18:30:16 EVALUATED cifar-full-in-replace__non-iid__global-dp__fedavg__clients-8__seed-42__nm0p026664__clip5__rounds-20__epochs-5__cifar_chunks__cifar10_cnn round=10 (checkpoint deleted)
2026-08-05 18:30:20 EVALUATED cifar-full-in-replace__non-iid__global-dp__fedavg__clients-8__seed-42__nm0p026664__clip5__rounds-20__epochs-5__cifar_chunks__cifar10_cnn round=11 (checkpoint deleted)
2026-08-05 18:30:25 EVALUATED cifar-full-in-replace__non-iid__global-dp__fedavg__clients-8__seed-42__nm0p026664__clip5__rounds-20__epochs-5__cifar_chunks__cifar10_cnn round=12 (checkpoint deleted)
2026-08-05 18:30:29 EVALUATED cifar-full-in-replace__non-iid__global-dp__fedavg__clients-8__seed-42__nm0p026664__clip5__rounds-20__epochs-5__cifar_chunks__cifar10_cnn round=13 (checkpoint deleted)
2026-08-05 18:30:34 EVALUATED cifar-full-in-replace__non-iid__global-dp__fedavg__clients-8__seed-42__nm0p026664__clip5__rounds-20__epochs-5__cifar_chunks__cifar10_cnn round=14 (checkpoint deleted)
2026-08-05 18:30:38 EVALUATED cifar-full-in-replace__non-iid__global-dp__fedavg__clients-8__seed-42__nm0p026664__clip5__rounds-20__epochs-5__cifar_chunks__cifar10_cnn round=15 (checkpoint deleted)
2026-08-05 18:30:43 EVALUATED cifar-full-in-replace__non-iid__global-dp__fedavg__clients-8__seed-42__nm0p026664__clip5__rounds-20__epochs-5__cifar_chunks__cifar10_cnn round=16 (checkpoint deleted)
2026-08-05 18:30:47 EVALUATED cifar-full-in-replace__non-iid__global-dp__fedavg__clients-8__seed-42__nm0p026664__clip5__rounds-20__epochs-5__cifar_chunks__cifar10_cnn round=17 (checkpoint deleted)
2026-08-05 18:30:51 EVALUATED cifar-full-in-replace__non-iid__global-dp__fedavg__clients-8__seed-42__nm0p026664__clip5__rounds-20__epochs-5__cifar_chunks__cifar10_cnn round=18 (checkpoint deleted)
2026-08-05 18:30:56 EVALUATED cifar-full-in-replace__non-iid__global-dp__fedavg__clients-8__seed-42__nm0p026664__clip5__rounds-20__epochs-5__cifar_chunks__cifar10_cnn round=19 (checkpoint deleted)
2026-08-05 18:31:00 EVALUATED cifar-full-in-replace__non-iid__global-dp__fedavg__clients-8__seed-42__nm0p026664__clip5__rounds-20__epochs-5__cifar_chunks__cifar10_cnn round=20 (checkpoint deleted)
2026-08-05 18:31:00 PROGRESS 1/2 (0 failed so far)
2026-08-05 18:31:00 START cifar-full-in-replace__non-iid__metric-privacy__fedavg__clients-8__seed-42__nm0p026664__clip5__rounds-20__epochs-5__cifar_chunks__cifar10_cnn 
2026-08-05 18:35:22 DONE  cifar-full-in-replace__non-iid__metric-privacy__fedavg__clients-8__seed-42__nm0p026664__clip5__rounds-20__epochs-5__cifar_chunks__cifar10_cnn (261.6s)
2026-08-05 18:35:26 EVALUATED cifar-full-in-replace__non-iid__metric-privacy__fedavg__clients-8__seed-42__nm0p026664__clip5__rounds-20__epochs-5__cifar_chunks__cifar10_cnn round=1 (checkpoint deleted)
2026-08-05 18:35:31 EVALUATED cifar-full-in-replace__non-iid__metric-privacy__fedavg__clients-8__seed-42__nm0p026664__clip5__rounds-20__epochs-5__cifar_chunks__cifar10_cnn round=2 (checkpoint deleted)
2026-08-05 18:35:35 EVALUATED cifar-full-in-replace__non-iid__metric-privacy__fedavg__clients-8__seed-42__nm0p026664__clip5__rounds-20__epochs-5__cifar_chunks__cifar10_cnn round=3 (checkpoint deleted)
2026-08-05 18:35:40 EVALUATED cifar-full-in-replace__non-iid__metric-privacy__fedavg__clients-8__seed-42__nm0p026664__clip5__rounds-20__epochs-5__cifar_chunks__cifar10_cnn round=4 (checkpoint deleted)
2026-08-05 18:35:44 EVALUATED cifar-full-in-replace__non-iid__metric-privacy__fedavg__clients-8__seed-42__nm0p026664__clip5__rounds-20__epochs-5__cifar_chunks__cifar10_cnn round=5 (checkpoint deleted)
2026-08-05 18:35:49 EVALUATED cifar-full-in-replace__non-iid__metric-privacy__fedavg__clients-8__seed-42__nm0p026664__clip5__rounds-20__epochs-5__cifar_chunks__cifar10_cnn round=6 (checkpoint deleted)
2026-08-05 18:35:53 EVALUATED cifar-full-in-replace__non-iid__metric-privacy__fedavg__clients-8__seed-42__nm0p026664__clip5__rounds-20__epochs-5__cifar_chunks__cifar10_cnn round=7 (checkpoint deleted)
2026-08-05 18:35:58 EVALUATED cifar-full-in-replace__non-iid__metric-privacy__fedavg__clients-8__seed-42__nm0p026664__clip5__rounds-20__epochs-5__cifar_chunks__cifar10_cnn round=8 (checkpoint deleted)
2026-08-05 18:36:02 EVALUATED cifar-full-in-replace__non-iid__metric-privacy__fedavg__clients-8__seed-42__nm0p026664__clip5__rounds-20__epochs-5__cifar_chunks__cifar10_cnn round=9 (checkpoint deleted)
2026-08-05 18:36:06 EVALUATED cifar-full-in-replace__non-iid__metric-privacy__fedavg__clients-8__seed-42__nm0p026664__clip5__rounds-20__epochs-5__cifar_chunks__cifar10_cnn round=10 (checkpoint deleted)
2026-08-05 18:36:11 EVALUATED cifar-full-in-replace__non-iid__metric-privacy__fedavg__clients-8__seed-42__nm0p026664__clip5__rounds-20__epochs-5__cifar_chunks__cifar10_cnn round=11 (checkpoint deleted)
2026-08-05 18:36:15 EVALUATED cifar-full-in-replace__non-iid__metric-privacy__fedavg__clients-8__seed-42__nm0p026664__clip5__rounds-20__epochs-5__cifar_chunks__cifar10_cnn round=12 (checkpoint deleted)
2026-08-05 18:36:20 EVALUATED cifar-full-in-replace__non-iid__metric-privacy__fedavg__clients-8__seed-42__nm0p026664__clip5__rounds-20__epochs-5__cifar_chunks__cifar10_cnn round=13 (checkpoint deleted)
2026-08-05 18:36:24 EVALUATED cifar-full-in-replace__non-iid__metric-privacy__fedavg__clients-8__seed-42__nm0p026664__clip5__rounds-20__epochs-5__cifar_chunks__cifar10_cnn round=14 (checkpoint deleted)
2026-08-05 18:36:29 EVALUATED cifar-full-in-replace__non-iid__metric-privacy__fedavg__clients-8__seed-42__nm0p026664__clip5__rounds-20__epochs-5__cifar_chunks__cifar10_cnn round=15 (checkpoint deleted)
2026-08-05 18:36:33 EVALUATED cifar-full-in-replace__non-iid__metric-privacy__fedavg__clients-8__seed-42__nm0p026664__clip5__rounds-20__epochs-5__cifar_chunks__cifar10_cnn round=16 (checkpoint deleted)
2026-08-05 18:36:38 EVALUATED cifar-full-in-replace__non-iid__metric-privacy__fedavg__clients-8__seed-42__nm0p026664__clip5__rounds-20__epochs-5__cifar_chunks__cifar10_cnn round=17 (checkpoint deleted)
2026-08-05 18:36:42 EVALUATED cifar-full-in-replace__non-iid__metric-privacy__fedavg__clients-8__seed-42__nm0p026664__clip5__rounds-20__epochs-5__cifar_chunks__cifar10_cnn round=18 (checkpoint deleted)
2026-08-05 18:36:47 EVALUATED cifar-full-in-replace__non-iid__metric-privacy__fedavg__clients-8__seed-42__nm0p026664__clip5__rounds-20__epochs-5__cifar_chunks__cifar10_cnn round=19 (checkpoint deleted)
2026-08-05 18:36:51 EVALUATED cifar-full-in-replace__non-iid__metric-privacy__fedavg__clients-8__seed-42__nm0p026664__clip5__rounds-20__epochs-5__cifar_chunks__cifar10_cnn round=20 (checkpoint deleted)
2026-08-05 18:36:51 PROGRESS 2/2 (0 failed so far)
2026-08-05 18:36:51 Sweep finished: 2/2 attempted, 0 failed
