2026-08-19 18:30:40 EuroSAT stage (global-dp, non-iid, seed=42, noise_ratio=0.0015461300878041046): 2 trajectories
2026-08-19 18:30:40 START eurosat-in-remove__non-iid__global-dp__fedavg__clients-48__seed-42__nm0p0742142__clip5__rounds-100__epochs-5__eurosat_remove__eurosat_cnn 
2026-08-19 18:50:08 DONE  eurosat-in-remove__non-iid__global-dp__fedavg__clients-48__seed-42__nm0p0742142__clip5__rounds-100__epochs-5__eurosat_remove__eurosat_cnn (1168.1s)
2026-08-19 18:50:09 EVALUATED eurosat-in-remove__non-iid__global-dp__fedavg__clients-48__seed-42__nm0p0742142__clip5__rounds-100__epochs-5__eurosat_remove__eurosat_cnn round=1 (checkpoint deleted)
2026-08-19 18:50:11 EVALUATED eurosat-in-remove__non-iid__global-dp__fedavg__clients-48__seed-42__nm0p0742142__clip5__rounds-100__epochs-5__eurosat_remove__eurosat_cnn round=10 (checkpoint deleted)
2026-08-19 18:50:12 EVALUATED eurosat-in-remove__non-iid__global-dp__fedavg__clients-48__seed-42__nm0p0742142__clip5__rounds-100__epochs-5__eurosat_remove__eurosat_cnn round=20 (checkpoint deleted)
2026-08-19 18:50:13 EVALUATED eurosat-in-remove__non-iid__global-dp__fedavg__clients-48__seed-42__nm0p0742142__clip5__rounds-100__epochs-5__eurosat_remove__eurosat_cnn round=30 (checkpoint deleted)
2026-08-19 18:50:15 EVALUATED eurosat-in-remove__non-iid__global-dp__fedavg__clients-48__seed-42__nm0p0742142__clip5__rounds-100__epochs-5__eurosat_remove__eurosat_cnn round=40 (checkpoint deleted)
2026-08-19 18:50:16 EVALUATED eurosat-in-remove__non-iid__global-dp__fedavg__clients-48__seed-42__nm0p0742142__clip5__rounds-100__epochs-5__eurosat_remove__eurosat_cnn round=50 (checkpoint deleted)
2026-08-19 18:50:17 EVALUATED eurosat-in-remove__non-iid__global-dp__fedavg__clients-48__seed-42__nm0p0742142__clip5__rounds-100__epochs-5__eurosat_remove__eurosat_cnn round=60 (checkpoint deleted)
2026-08-19 18:50:19 EVALUATED eurosat-in-remove__non-iid__global-dp__fedavg__clients-48__seed-42__nm0p0742142__clip5__rounds-100__epochs-5__eurosat_remove__eurosat_cnn round=70 (checkpoint deleted)
2026-08-19 18:50:20 EVALUATED eurosat-in-remove__non-iid__global-dp__fedavg__clients-48__seed-42__nm0p0742142__clip5__rounds-100__epochs-5__eurosat_remove__eurosat_cnn round=80 (checkpoint deleted)
2026-08-19 18:50:21 EVALUATED eurosat-in-remove__non-iid__global-dp__fedavg__clients-48__seed-42__nm0p0742142__clip5__rounds-100__epochs-5__eurosat_remove__eurosat_cnn round=90 (checkpoint deleted)
2026-08-19 18:50:23 EVALUATED eurosat-in-remove__non-iid__global-dp__fedavg__clients-48__seed-42__nm0p0742142__clip5__rounds-100__epochs-5__eurosat_remove__eurosat_cnn round=100 (checkpoint deleted)
2026-08-19 18:50:23 PROGRESS 1/2 (0 failed so far)
2026-08-19 18:50:23 START eurosat-out-remove__non-iid__global-dp__fedavg__clients-47__seed-42__nm0p0726681__clip5__rounds-100__epochs-5__eurosat_remove__eurosat_cnn 
2026-08-19 19:08:02 DONE  eurosat-out-remove__non-iid__global-dp__fedavg__clients-47__seed-42__nm0p0726681__clip5__rounds-100__epochs-5__eurosat_remove__eurosat_cnn (1058.9s)
2026-08-19 19:08:03 EVALUATED eurosat-out-remove__non-iid__global-dp__fedavg__clients-47__seed-42__nm0p0726681__clip5__rounds-100__epochs-5__eurosat_remove__eurosat_cnn round=1 (checkpoint deleted)
2026-08-19 19:08:04 EVALUATED eurosat-out-remove__non-iid__global-dp__fedavg__clients-47__seed-42__nm0p0726681__clip5__rounds-100__epochs-5__eurosat_remove__eurosat_cnn round=10 (checkpoint deleted)
2026-08-19 19:08:06 EVALUATED eurosat-out-remove__non-iid__global-dp__fedavg__clients-47__seed-42__nm0p0726681__clip5__rounds-100__epochs-5__eurosat_remove__eurosat_cnn round=20 (checkpoint deleted)
2026-08-19 19:08:07 EVALUATED eurosat-out-remove__non-iid__global-dp__fedavg__clients-47__seed-42__nm0p0726681__clip5__rounds-100__epochs-5__eurosat_remove__eurosat_cnn round=30 (checkpoint deleted)
2026-08-19 19:08:08 EVALUATED eurosat-out-remove__non-iid__global-dp__fedavg__clients-47__seed-42__nm0p0726681__clip5__rounds-100__epochs-5__eurosat_remove__eurosat_cnn round=40 (checkpoint deleted)
2026-08-19 19:08:10 EVALUATED eurosat-out-remove__non-iid__global-dp__fedavg__clients-47__seed-42__nm0p0726681__clip5__rounds-100__epochs-5__eurosat_remove__eurosat_cnn round=50 (checkpoint deleted)
2026-08-19 19:08:11 EVALUATED eurosat-out-remove__non-iid__global-dp__fedavg__clients-47__seed-42__nm0p0726681__clip5__rounds-100__epochs-5__eurosat_remove__eurosat_cnn round=60 (checkpoint deleted)
2026-08-19 19:08:13 EVALUATED eurosat-out-remove__non-iid__global-dp__fedavg__clients-47__seed-42__nm0p0726681__clip5__rounds-100__epochs-5__eurosat_remove__eurosat_cnn round=70 (checkpoint deleted)
2026-08-19 19:08:14 EVALUATED eurosat-out-remove__non-iid__global-dp__fedavg__clients-47__seed-42__nm0p0726681__clip5__rounds-100__epochs-5__eurosat_remove__eurosat_cnn round=80 (checkpoint deleted)
2026-08-19 19:08:15 EVALUATED eurosat-out-remove__non-iid__global-dp__fedavg__clients-47__seed-42__nm0p0726681__clip5__rounds-100__epochs-5__eurosat_remove__eurosat_cnn round=90 (checkpoint deleted)
2026-08-19 19:08:17 EVALUATED eurosat-out-remove__non-iid__global-dp__fedavg__clients-47__seed-42__nm0p0726681__clip5__rounds-100__epochs-5__eurosat_remove__eurosat_cnn round=100 (checkpoint deleted)
2026-08-19 19:08:17 PROGRESS 2/2 (0 failed so far)
2026-08-19 19:08:17 Sweep finished: 2/2 attempted, 0 failed
