2026-08-20 04:08:32 CIFAR-10 removal CIA chunk (global-dp, clients=8, alpha=0.1, noise_ratio=0.00625): 2 trajectories
2026-08-20 04:08:32 START cifar10-in-remove__dirichlet__alpha-0p1__global-dp__fedavg__clients-8__seed-42__nm0p05__clip5__rounds-20__epochs-5__cifar10_dirichlet__cifar10_cnn 
2026-08-20 04:21:18 DONE  cifar10-in-remove__dirichlet__alpha-0p1__global-dp__fedavg__clients-8__seed-42__nm0p05__clip5__rounds-20__epochs-5__cifar10_dirichlet__cifar10_cnn (766.1s)
2026-08-20 04:21:27 EVALUATED cifar10-in-remove__dirichlet__alpha-0p1__global-dp__fedavg__clients-8__seed-42__nm0p05__clip5__rounds-20__epochs-5__cifar10_dirichlet__cifar10_cnn round=1 (checkpoint deleted)
2026-08-20 04:21:34 EVALUATED cifar10-in-remove__dirichlet__alpha-0p1__global-dp__fedavg__clients-8__seed-42__nm0p05__clip5__rounds-20__epochs-5__cifar10_dirichlet__cifar10_cnn round=2 (checkpoint deleted)
2026-08-20 04:21:40 EVALUATED cifar10-in-remove__dirichlet__alpha-0p1__global-dp__fedavg__clients-8__seed-42__nm0p05__clip5__rounds-20__epochs-5__cifar10_dirichlet__cifar10_cnn round=3 (checkpoint deleted)
2026-08-20 04:21:46 EVALUATED cifar10-in-remove__dirichlet__alpha-0p1__global-dp__fedavg__clients-8__seed-42__nm0p05__clip5__rounds-20__epochs-5__cifar10_dirichlet__cifar10_cnn round=4 (checkpoint deleted)
2026-08-20 04:21:53 EVALUATED cifar10-in-remove__dirichlet__alpha-0p1__global-dp__fedavg__clients-8__seed-42__nm0p05__clip5__rounds-20__epochs-5__cifar10_dirichlet__cifar10_cnn round=5 (checkpoint deleted)
2026-08-20 04:21:59 EVALUATED cifar10-in-remove__dirichlet__alpha-0p1__global-dp__fedavg__clients-8__seed-42__nm0p05__clip5__rounds-20__epochs-5__cifar10_dirichlet__cifar10_cnn round=6 (checkpoint deleted)
2026-08-20 04:22:05 EVALUATED cifar10-in-remove__dirichlet__alpha-0p1__global-dp__fedavg__clients-8__seed-42__nm0p05__clip5__rounds-20__epochs-5__cifar10_dirichlet__cifar10_cnn round=7 (checkpoint deleted)
2026-08-20 04:22:12 EVALUATED cifar10-in-remove__dirichlet__alpha-0p1__global-dp__fedavg__clients-8__seed-42__nm0p05__clip5__rounds-20__epochs-5__cifar10_dirichlet__cifar10_cnn round=8 (checkpoint deleted)
2026-08-20 04:22:18 EVALUATED cifar10-in-remove__dirichlet__alpha-0p1__global-dp__fedavg__clients-8__seed-42__nm0p05__clip5__rounds-20__epochs-5__cifar10_dirichlet__cifar10_cnn round=9 (checkpoint deleted)
2026-08-20 04:22:24 EVALUATED cifar10-in-remove__dirichlet__alpha-0p1__global-dp__fedavg__clients-8__seed-42__nm0p05__clip5__rounds-20__epochs-5__cifar10_dirichlet__cifar10_cnn round=10 (checkpoint deleted)
2026-08-20 04:22:31 EVALUATED cifar10-in-remove__dirichlet__alpha-0p1__global-dp__fedavg__clients-8__seed-42__nm0p05__clip5__rounds-20__epochs-5__cifar10_dirichlet__cifar10_cnn round=11 (checkpoint deleted)
2026-08-20 04:22:37 EVALUATED cifar10-in-remove__dirichlet__alpha-0p1__global-dp__fedavg__clients-8__seed-42__nm0p05__clip5__rounds-20__epochs-5__cifar10_dirichlet__cifar10_cnn round=12 (checkpoint deleted)
2026-08-20 04:22:43 EVALUATED cifar10-in-remove__dirichlet__alpha-0p1__global-dp__fedavg__clients-8__seed-42__nm0p05__clip5__rounds-20__epochs-5__cifar10_dirichlet__cifar10_cnn round=13 (checkpoint deleted)
2026-08-20 04:22:50 EVALUATED cifar10-in-remove__dirichlet__alpha-0p1__global-dp__fedavg__clients-8__seed-42__nm0p05__clip5__rounds-20__epochs-5__cifar10_dirichlet__cifar10_cnn round=14 (checkpoint deleted)
2026-08-20 04:22:56 EVALUATED cifar10-in-remove__dirichlet__alpha-0p1__global-dp__fedavg__clients-8__seed-42__nm0p05__clip5__rounds-20__epochs-5__cifar10_dirichlet__cifar10_cnn round=15 (checkpoint deleted)
2026-08-20 04:23:02 EVALUATED cifar10-in-remove__dirichlet__alpha-0p1__global-dp__fedavg__clients-8__seed-42__nm0p05__clip5__rounds-20__epochs-5__cifar10_dirichlet__cifar10_cnn round=16 (checkpoint deleted)
2026-08-20 04:23:09 EVALUATED cifar10-in-remove__dirichlet__alpha-0p1__global-dp__fedavg__clients-8__seed-42__nm0p05__clip5__rounds-20__epochs-5__cifar10_dirichlet__cifar10_cnn round=17 (checkpoint deleted)
2026-08-20 04:23:15 EVALUATED cifar10-in-remove__dirichlet__alpha-0p1__global-dp__fedavg__clients-8__seed-42__nm0p05__clip5__rounds-20__epochs-5__cifar10_dirichlet__cifar10_cnn round=18 (checkpoint deleted)
2026-08-20 04:23:21 EVALUATED cifar10-in-remove__dirichlet__alpha-0p1__global-dp__fedavg__clients-8__seed-42__nm0p05__clip5__rounds-20__epochs-5__cifar10_dirichlet__cifar10_cnn round=19 (checkpoint deleted)
2026-08-20 04:23:28 EVALUATED cifar10-in-remove__dirichlet__alpha-0p1__global-dp__fedavg__clients-8__seed-42__nm0p05__clip5__rounds-20__epochs-5__cifar10_dirichlet__cifar10_cnn round=20 (checkpoint deleted)
2026-08-20 04:23:28 PROGRESS 1/2 (0 failed so far)
2026-08-20 04:23:28 START cifar10-out-remove__dirichlet__alpha-0p1__global-dp__fedavg__clients-7__seed-42__nm0p04375__clip5__rounds-20__epochs-5__cifar10_dirichlet__cifar10_cnn 
2026-08-20 04:35:49 DONE  cifar10-out-remove__dirichlet__alpha-0p1__global-dp__fedavg__clients-7__seed-42__nm0p04375__clip5__rounds-20__epochs-5__cifar10_dirichlet__cifar10_cnn (740.9s)
2026-08-20 04:35:55 EVALUATED cifar10-out-remove__dirichlet__alpha-0p1__global-dp__fedavg__clients-7__seed-42__nm0p04375__clip5__rounds-20__epochs-5__cifar10_dirichlet__cifar10_cnn round=1 (checkpoint deleted)
2026-08-20 04:36:01 EVALUATED cifar10-out-remove__dirichlet__alpha-0p1__global-dp__fedavg__clients-7__seed-42__nm0p04375__clip5__rounds-20__epochs-5__cifar10_dirichlet__cifar10_cnn round=2 (checkpoint deleted)
2026-08-20 04:36:08 EVALUATED cifar10-out-remove__dirichlet__alpha-0p1__global-dp__fedavg__clients-7__seed-42__nm0p04375__clip5__rounds-20__epochs-5__cifar10_dirichlet__cifar10_cnn round=3 (checkpoint deleted)
2026-08-20 04:36:14 EVALUATED cifar10-out-remove__dirichlet__alpha-0p1__global-dp__fedavg__clients-7__seed-42__nm0p04375__clip5__rounds-20__epochs-5__cifar10_dirichlet__cifar10_cnn round=4 (checkpoint deleted)
2026-08-20 04:36:21 EVALUATED cifar10-out-remove__dirichlet__alpha-0p1__global-dp__fedavg__clients-7__seed-42__nm0p04375__clip5__rounds-20__epochs-5__cifar10_dirichlet__cifar10_cnn round=5 (checkpoint deleted)
2026-08-20 04:36:27 EVALUATED cifar10-out-remove__dirichlet__alpha-0p1__global-dp__fedavg__clients-7__seed-42__nm0p04375__clip5__rounds-20__epochs-5__cifar10_dirichlet__cifar10_cnn round=6 (checkpoint deleted)
2026-08-20 04:36:33 EVALUATED cifar10-out-remove__dirichlet__alpha-0p1__global-dp__fedavg__clients-7__seed-42__nm0p04375__clip5__rounds-20__epochs-5__cifar10_dirichlet__cifar10_cnn round=7 (checkpoint deleted)
2026-08-20 04:36:40 EVALUATED cifar10-out-remove__dirichlet__alpha-0p1__global-dp__fedavg__clients-7__seed-42__nm0p04375__clip5__rounds-20__epochs-5__cifar10_dirichlet__cifar10_cnn round=8 (checkpoint deleted)
2026-08-20 04:36:46 EVALUATED cifar10-out-remove__dirichlet__alpha-0p1__global-dp__fedavg__clients-7__seed-42__nm0p04375__clip5__rounds-20__epochs-5__cifar10_dirichlet__cifar10_cnn round=9 (checkpoint deleted)
2026-08-20 04:36:52 EVALUATED cifar10-out-remove__dirichlet__alpha-0p1__global-dp__fedavg__clients-7__seed-42__nm0p04375__clip5__rounds-20__epochs-5__cifar10_dirichlet__cifar10_cnn round=10 (checkpoint deleted)
2026-08-20 04:36:59 EVALUATED cifar10-out-remove__dirichlet__alpha-0p1__global-dp__fedavg__clients-7__seed-42__nm0p04375__clip5__rounds-20__epochs-5__cifar10_dirichlet__cifar10_cnn round=11 (checkpoint deleted)
2026-08-20 04:37:05 EVALUATED cifar10-out-remove__dirichlet__alpha-0p1__global-dp__fedavg__clients-7__seed-42__nm0p04375__clip5__rounds-20__epochs-5__cifar10_dirichlet__cifar10_cnn round=12 (checkpoint deleted)
2026-08-20 04:37:11 EVALUATED cifar10-out-remove__dirichlet__alpha-0p1__global-dp__fedavg__clients-7__seed-42__nm0p04375__clip5__rounds-20__epochs-5__cifar10_dirichlet__cifar10_cnn round=13 (checkpoint deleted)
2026-08-20 04:37:18 EVALUATED cifar10-out-remove__dirichlet__alpha-0p1__global-dp__fedavg__clients-7__seed-42__nm0p04375__clip5__rounds-20__epochs-5__cifar10_dirichlet__cifar10_cnn round=14 (checkpoint deleted)
2026-08-20 04:37:24 EVALUATED cifar10-out-remove__dirichlet__alpha-0p1__global-dp__fedavg__clients-7__seed-42__nm0p04375__clip5__rounds-20__epochs-5__cifar10_dirichlet__cifar10_cnn round=15 (checkpoint deleted)
2026-08-20 04:37:30 EVALUATED cifar10-out-remove__dirichlet__alpha-0p1__global-dp__fedavg__clients-7__seed-42__nm0p04375__clip5__rounds-20__epochs-5__cifar10_dirichlet__cifar10_cnn round=16 (checkpoint deleted)
2026-08-20 04:37:37 EVALUATED cifar10-out-remove__dirichlet__alpha-0p1__global-dp__fedavg__clients-7__seed-42__nm0p04375__clip5__rounds-20__epochs-5__cifar10_dirichlet__cifar10_cnn round=17 (checkpoint deleted)
2026-08-20 04:37:43 EVALUATED cifar10-out-remove__dirichlet__alpha-0p1__global-dp__fedavg__clients-7__seed-42__nm0p04375__clip5__rounds-20__epochs-5__cifar10_dirichlet__cifar10_cnn round=18 (checkpoint deleted)
2026-08-20 04:37:50 EVALUATED cifar10-out-remove__dirichlet__alpha-0p1__global-dp__fedavg__clients-7__seed-42__nm0p04375__clip5__rounds-20__epochs-5__cifar10_dirichlet__cifar10_cnn round=19 (checkpoint deleted)
2026-08-20 04:37:56 EVALUATED cifar10-out-remove__dirichlet__alpha-0p1__global-dp__fedavg__clients-7__seed-42__nm0p04375__clip5__rounds-20__epochs-5__cifar10_dirichlet__cifar10_cnn round=20 (checkpoint deleted)
2026-08-20 04:37:56 PROGRESS 2/2 (0 failed so far)
2026-08-20 04:37:56 Sweep finished: 2/2 attempted, 0 failed
