2026-08-21 19:39:05 CIFAR-10 stage (metric-privacy, non-iid, seed=42, noise_ratio=0.0025): 2 trajectories
2026-08-21 19:39:05 START cifar10-in-remove__non-iid__metric-privacy__fedavg__clients-100__seed-42__nm0p25__clip5__rounds-20__epochs-5__cifar10_remove__cifar10_cnn 
2026-08-21 19:46:03 DONE  cifar10-in-remove__non-iid__metric-privacy__fedavg__clients-100__seed-42__nm0p25__clip5__rounds-20__epochs-5__cifar10_remove__cifar10_cnn (417.8s)
2026-08-21 19:46:09 EVALUATED cifar10-in-remove__non-iid__metric-privacy__fedavg__clients-100__seed-42__nm0p25__clip5__rounds-20__epochs-5__cifar10_remove__cifar10_cnn round=1 (checkpoint deleted)
2026-08-21 19:46:12 EVALUATED cifar10-in-remove__non-iid__metric-privacy__fedavg__clients-100__seed-42__nm0p25__clip5__rounds-20__epochs-5__cifar10_remove__cifar10_cnn round=2 (checkpoint deleted)
2026-08-21 19:46:15 EVALUATED cifar10-in-remove__non-iid__metric-privacy__fedavg__clients-100__seed-42__nm0p25__clip5__rounds-20__epochs-5__cifar10_remove__cifar10_cnn round=3 (checkpoint deleted)
2026-08-21 19:46:18 EVALUATED cifar10-in-remove__non-iid__metric-privacy__fedavg__clients-100__seed-42__nm0p25__clip5__rounds-20__epochs-5__cifar10_remove__cifar10_cnn round=4 (checkpoint deleted)
2026-08-21 19:46:21 EVALUATED cifar10-in-remove__non-iid__metric-privacy__fedavg__clients-100__seed-42__nm0p25__clip5__rounds-20__epochs-5__cifar10_remove__cifar10_cnn round=5 (checkpoint deleted)
2026-08-21 19:46:24 EVALUATED cifar10-in-remove__non-iid__metric-privacy__fedavg__clients-100__seed-42__nm0p25__clip5__rounds-20__epochs-5__cifar10_remove__cifar10_cnn round=6 (checkpoint deleted)
2026-08-21 19:46:27 EVALUATED cifar10-in-remove__non-iid__metric-privacy__fedavg__clients-100__seed-42__nm0p25__clip5__rounds-20__epochs-5__cifar10_remove__cifar10_cnn round=7 (checkpoint deleted)
2026-08-21 19:46:30 EVALUATED cifar10-in-remove__non-iid__metric-privacy__fedavg__clients-100__seed-42__nm0p25__clip5__rounds-20__epochs-5__cifar10_remove__cifar10_cnn round=8 (checkpoint deleted)
2026-08-21 19:46:33 EVALUATED cifar10-in-remove__non-iid__metric-privacy__fedavg__clients-100__seed-42__nm0p25__clip5__rounds-20__epochs-5__cifar10_remove__cifar10_cnn round=9 (checkpoint deleted)
2026-08-21 19:46:36 EVALUATED cifar10-in-remove__non-iid__metric-privacy__fedavg__clients-100__seed-42__nm0p25__clip5__rounds-20__epochs-5__cifar10_remove__cifar10_cnn round=10 (checkpoint deleted)
2026-08-21 19:46:39 EVALUATED cifar10-in-remove__non-iid__metric-privacy__fedavg__clients-100__seed-42__nm0p25__clip5__rounds-20__epochs-5__cifar10_remove__cifar10_cnn round=11 (checkpoint deleted)
2026-08-21 19:46:42 EVALUATED cifar10-in-remove__non-iid__metric-privacy__fedavg__clients-100__seed-42__nm0p25__clip5__rounds-20__epochs-5__cifar10_remove__cifar10_cnn round=12 (checkpoint deleted)
2026-08-21 19:46:45 EVALUATED cifar10-in-remove__non-iid__metric-privacy__fedavg__clients-100__seed-42__nm0p25__clip5__rounds-20__epochs-5__cifar10_remove__cifar10_cnn round=13 (checkpoint deleted)
2026-08-21 19:46:48 EVALUATED cifar10-in-remove__non-iid__metric-privacy__fedavg__clients-100__seed-42__nm0p25__clip5__rounds-20__epochs-5__cifar10_remove__cifar10_cnn round=14 (checkpoint deleted)
2026-08-21 19:46:51 EVALUATED cifar10-in-remove__non-iid__metric-privacy__fedavg__clients-100__seed-42__nm0p25__clip5__rounds-20__epochs-5__cifar10_remove__cifar10_cnn round=15 (checkpoint deleted)
2026-08-21 19:46:55 EVALUATED cifar10-in-remove__non-iid__metric-privacy__fedavg__clients-100__seed-42__nm0p25__clip5__rounds-20__epochs-5__cifar10_remove__cifar10_cnn round=16 (checkpoint deleted)
2026-08-21 19:46:58 EVALUATED cifar10-in-remove__non-iid__metric-privacy__fedavg__clients-100__seed-42__nm0p25__clip5__rounds-20__epochs-5__cifar10_remove__cifar10_cnn round=17 (checkpoint deleted)
2026-08-21 19:47:01 EVALUATED cifar10-in-remove__non-iid__metric-privacy__fedavg__clients-100__seed-42__nm0p25__clip5__rounds-20__epochs-5__cifar10_remove__cifar10_cnn round=18 (checkpoint deleted)
2026-08-21 19:47:04 EVALUATED cifar10-in-remove__non-iid__metric-privacy__fedavg__clients-100__seed-42__nm0p25__clip5__rounds-20__epochs-5__cifar10_remove__cifar10_cnn round=19 (checkpoint deleted)
2026-08-21 19:47:07 EVALUATED cifar10-in-remove__non-iid__metric-privacy__fedavg__clients-100__seed-42__nm0p25__clip5__rounds-20__epochs-5__cifar10_remove__cifar10_cnn round=20 (checkpoint deleted)
2026-08-21 19:47:07 PROGRESS 1/2 (0 failed so far)
2026-08-21 19:47:07 START cifar10-out-remove__non-iid__metric-privacy__fedavg__clients-99__seed-42__nm0p2475__clip5__rounds-20__epochs-5__cifar10_remove__cifar10_cnn 
2026-08-21 19:54:02 DONE  cifar10-out-remove__non-iid__metric-privacy__fedavg__clients-99__seed-42__nm0p2475__clip5__rounds-20__epochs-5__cifar10_remove__cifar10_cnn (415.2s)
2026-08-21 19:54:05 EVALUATED cifar10-out-remove__non-iid__metric-privacy__fedavg__clients-99__seed-42__nm0p2475__clip5__rounds-20__epochs-5__cifar10_remove__cifar10_cnn round=1 (checkpoint deleted)
2026-08-21 19:54:08 EVALUATED cifar10-out-remove__non-iid__metric-privacy__fedavg__clients-99__seed-42__nm0p2475__clip5__rounds-20__epochs-5__cifar10_remove__cifar10_cnn round=2 (checkpoint deleted)
2026-08-21 19:54:11 EVALUATED cifar10-out-remove__non-iid__metric-privacy__fedavg__clients-99__seed-42__nm0p2475__clip5__rounds-20__epochs-5__cifar10_remove__cifar10_cnn round=3 (checkpoint deleted)
2026-08-21 19:54:14 EVALUATED cifar10-out-remove__non-iid__metric-privacy__fedavg__clients-99__seed-42__nm0p2475__clip5__rounds-20__epochs-5__cifar10_remove__cifar10_cnn round=4 (checkpoint deleted)
2026-08-21 19:54:17 EVALUATED cifar10-out-remove__non-iid__metric-privacy__fedavg__clients-99__seed-42__nm0p2475__clip5__rounds-20__epochs-5__cifar10_remove__cifar10_cnn round=5 (checkpoint deleted)
2026-08-21 19:54:20 EVALUATED cifar10-out-remove__non-iid__metric-privacy__fedavg__clients-99__seed-42__nm0p2475__clip5__rounds-20__epochs-5__cifar10_remove__cifar10_cnn round=6 (checkpoint deleted)
2026-08-21 19:54:23 EVALUATED cifar10-out-remove__non-iid__metric-privacy__fedavg__clients-99__seed-42__nm0p2475__clip5__rounds-20__epochs-5__cifar10_remove__cifar10_cnn round=7 (checkpoint deleted)
2026-08-21 19:54:26 EVALUATED cifar10-out-remove__non-iid__metric-privacy__fedavg__clients-99__seed-42__nm0p2475__clip5__rounds-20__epochs-5__cifar10_remove__cifar10_cnn round=8 (checkpoint deleted)
2026-08-21 19:54:29 EVALUATED cifar10-out-remove__non-iid__metric-privacy__fedavg__clients-99__seed-42__nm0p2475__clip5__rounds-20__epochs-5__cifar10_remove__cifar10_cnn round=9 (checkpoint deleted)
2026-08-21 19:54:32 EVALUATED cifar10-out-remove__non-iid__metric-privacy__fedavg__clients-99__seed-42__nm0p2475__clip5__rounds-20__epochs-5__cifar10_remove__cifar10_cnn round=10 (checkpoint deleted)
2026-08-21 19:54:35 EVALUATED cifar10-out-remove__non-iid__metric-privacy__fedavg__clients-99__seed-42__nm0p2475__clip5__rounds-20__epochs-5__cifar10_remove__cifar10_cnn round=11 (checkpoint deleted)
2026-08-21 19:54:39 EVALUATED cifar10-out-remove__non-iid__metric-privacy__fedavg__clients-99__seed-42__nm0p2475__clip5__rounds-20__epochs-5__cifar10_remove__cifar10_cnn round=12 (checkpoint deleted)
2026-08-21 19:54:42 EVALUATED cifar10-out-remove__non-iid__metric-privacy__fedavg__clients-99__seed-42__nm0p2475__clip5__rounds-20__epochs-5__cifar10_remove__cifar10_cnn round=13 (checkpoint deleted)
2026-08-21 19:54:45 EVALUATED cifar10-out-remove__non-iid__metric-privacy__fedavg__clients-99__seed-42__nm0p2475__clip5__rounds-20__epochs-5__cifar10_remove__cifar10_cnn round=14 (checkpoint deleted)
2026-08-21 19:54:48 EVALUATED cifar10-out-remove__non-iid__metric-privacy__fedavg__clients-99__seed-42__nm0p2475__clip5__rounds-20__epochs-5__cifar10_remove__cifar10_cnn round=15 (checkpoint deleted)
2026-08-21 19:54:51 EVALUATED cifar10-out-remove__non-iid__metric-privacy__fedavg__clients-99__seed-42__nm0p2475__clip5__rounds-20__epochs-5__cifar10_remove__cifar10_cnn round=16 (checkpoint deleted)
2026-08-21 19:54:54 EVALUATED cifar10-out-remove__non-iid__metric-privacy__fedavg__clients-99__seed-42__nm0p2475__clip5__rounds-20__epochs-5__cifar10_remove__cifar10_cnn round=17 (checkpoint deleted)
2026-08-21 19:54:57 EVALUATED cifar10-out-remove__non-iid__metric-privacy__fedavg__clients-99__seed-42__nm0p2475__clip5__rounds-20__epochs-5__cifar10_remove__cifar10_cnn round=18 (checkpoint deleted)
2026-08-21 19:55:00 EVALUATED cifar10-out-remove__non-iid__metric-privacy__fedavg__clients-99__seed-42__nm0p2475__clip5__rounds-20__epochs-5__cifar10_remove__cifar10_cnn round=19 (checkpoint deleted)
2026-08-21 19:55:03 EVALUATED cifar10-out-remove__non-iid__metric-privacy__fedavg__clients-99__seed-42__nm0p2475__clip5__rounds-20__epochs-5__cifar10_remove__cifar10_cnn round=20 (checkpoint deleted)
2026-08-21 19:55:03 PROGRESS 2/2 (0 failed so far)
2026-08-21 19:55:03 Sweep finished: 2/2 attempted, 0 failed
2026-08-21 20:26:58 CIFAR-10 stage (metric-privacy, non-iid, seed=42, noise_ratio=0.0025): 2 trajectories
2026-08-21 20:26:58 SKIP  2 combinations (attack results already exist)
2026-08-21 20:26:58 Sweep finished: 2/2 attempted, 0 failed
