2026-08-20 11:17:35 Alzheimer stage (vanilla, non-iid, seed=43, noise_ratio=None): 2 trajectories
2026-08-20 11:17:35 START alzheimer-in-remove__non-iid__vanilla__fedavg__clients-48__seed-43__nm0p00373606__clip5__rounds-100__epochs-5__alzheimer_remove__paper_cnn 
2026-08-20 11:27:47 DONE  alzheimer-in-remove__non-iid__vanilla__fedavg__clients-48__seed-43__nm0p00373606__clip5__rounds-100__epochs-5__alzheimer_remove__paper_cnn (611.4s)
2026-08-20 11:27:47 EVALUATED alzheimer-in-remove__non-iid__vanilla__fedavg__clients-48__seed-43__nm0p00373606__clip5__rounds-100__epochs-5__alzheimer_remove__paper_cnn round=1 (checkpoint deleted)
2026-08-20 11:27:48 EVALUATED alzheimer-in-remove__non-iid__vanilla__fedavg__clients-48__seed-43__nm0p00373606__clip5__rounds-100__epochs-5__alzheimer_remove__paper_cnn round=10 (checkpoint deleted)
2026-08-20 11:27:48 EVALUATED alzheimer-in-remove__non-iid__vanilla__fedavg__clients-48__seed-43__nm0p00373606__clip5__rounds-100__epochs-5__alzheimer_remove__paper_cnn round=20 (checkpoint deleted)
2026-08-20 11:27:49 EVALUATED alzheimer-in-remove__non-iid__vanilla__fedavg__clients-48__seed-43__nm0p00373606__clip5__rounds-100__epochs-5__alzheimer_remove__paper_cnn round=30 (checkpoint deleted)
2026-08-20 11:27:49 EVALUATED alzheimer-in-remove__non-iid__vanilla__fedavg__clients-48__seed-43__nm0p00373606__clip5__rounds-100__epochs-5__alzheimer_remove__paper_cnn round=40 (checkpoint deleted)
2026-08-20 11:27:50 EVALUATED alzheimer-in-remove__non-iid__vanilla__fedavg__clients-48__seed-43__nm0p00373606__clip5__rounds-100__epochs-5__alzheimer_remove__paper_cnn round=50 (checkpoint deleted)
2026-08-20 11:27:50 EVALUATED alzheimer-in-remove__non-iid__vanilla__fedavg__clients-48__seed-43__nm0p00373606__clip5__rounds-100__epochs-5__alzheimer_remove__paper_cnn round=60 (checkpoint deleted)
2026-08-20 11:27:51 EVALUATED alzheimer-in-remove__non-iid__vanilla__fedavg__clients-48__seed-43__nm0p00373606__clip5__rounds-100__epochs-5__alzheimer_remove__paper_cnn round=70 (checkpoint deleted)
2026-08-20 11:27:51 EVALUATED alzheimer-in-remove__non-iid__vanilla__fedavg__clients-48__seed-43__nm0p00373606__clip5__rounds-100__epochs-5__alzheimer_remove__paper_cnn round=80 (checkpoint deleted)
2026-08-20 11:27:52 EVALUATED alzheimer-in-remove__non-iid__vanilla__fedavg__clients-48__seed-43__nm0p00373606__clip5__rounds-100__epochs-5__alzheimer_remove__paper_cnn round=90 (checkpoint deleted)
2026-08-20 11:27:52 EVALUATED alzheimer-in-remove__non-iid__vanilla__fedavg__clients-48__seed-43__nm0p00373606__clip5__rounds-100__epochs-5__alzheimer_remove__paper_cnn round=100 (checkpoint deleted)
2026-08-20 11:27:52 PROGRESS 1/2 (0 failed so far)
2026-08-20 11:27:52 START alzheimer-out-remove__non-iid__vanilla__fedavg__clients-47__seed-43__nm0p00373606__clip5__rounds-100__epochs-5__alzheimer_remove__paper_cnn 
2026-08-20 11:37:48 DONE  alzheimer-out-remove__non-iid__vanilla__fedavg__clients-47__seed-43__nm0p00373606__clip5__rounds-100__epochs-5__alzheimer_remove__paper_cnn (595.5s)
2026-08-20 11:37:48 EVALUATED alzheimer-out-remove__non-iid__vanilla__fedavg__clients-47__seed-43__nm0p00373606__clip5__rounds-100__epochs-5__alzheimer_remove__paper_cnn round=1 (checkpoint deleted)
2026-08-20 11:37:49 EVALUATED alzheimer-out-remove__non-iid__vanilla__fedavg__clients-47__seed-43__nm0p00373606__clip5__rounds-100__epochs-5__alzheimer_remove__paper_cnn round=10 (checkpoint deleted)
2026-08-20 11:37:49 EVALUATED alzheimer-out-remove__non-iid__vanilla__fedavg__clients-47__seed-43__nm0p00373606__clip5__rounds-100__epochs-5__alzheimer_remove__paper_cnn round=20 (checkpoint deleted)
2026-08-20 11:37:50 EVALUATED alzheimer-out-remove__non-iid__vanilla__fedavg__clients-47__seed-43__nm0p00373606__clip5__rounds-100__epochs-5__alzheimer_remove__paper_cnn round=30 (checkpoint deleted)
2026-08-20 11:37:50 EVALUATED alzheimer-out-remove__non-iid__vanilla__fedavg__clients-47__seed-43__nm0p00373606__clip5__rounds-100__epochs-5__alzheimer_remove__paper_cnn round=40 (checkpoint deleted)
2026-08-20 11:37:51 EVALUATED alzheimer-out-remove__non-iid__vanilla__fedavg__clients-47__seed-43__nm0p00373606__clip5__rounds-100__epochs-5__alzheimer_remove__paper_cnn round=50 (checkpoint deleted)
2026-08-20 11:37:51 EVALUATED alzheimer-out-remove__non-iid__vanilla__fedavg__clients-47__seed-43__nm0p00373606__clip5__rounds-100__epochs-5__alzheimer_remove__paper_cnn round=60 (checkpoint deleted)
2026-08-20 11:37:52 EVALUATED alzheimer-out-remove__non-iid__vanilla__fedavg__clients-47__seed-43__nm0p00373606__clip5__rounds-100__epochs-5__alzheimer_remove__paper_cnn round=70 (checkpoint deleted)
2026-08-20 11:37:52 EVALUATED alzheimer-out-remove__non-iid__vanilla__fedavg__clients-47__seed-43__nm0p00373606__clip5__rounds-100__epochs-5__alzheimer_remove__paper_cnn round=80 (checkpoint deleted)
2026-08-20 11:37:53 EVALUATED alzheimer-out-remove__non-iid__vanilla__fedavg__clients-47__seed-43__nm0p00373606__clip5__rounds-100__epochs-5__alzheimer_remove__paper_cnn round=90 (checkpoint deleted)
2026-08-20 11:37:53 EVALUATED alzheimer-out-remove__non-iid__vanilla__fedavg__clients-47__seed-43__nm0p00373606__clip5__rounds-100__epochs-5__alzheimer_remove__paper_cnn round=100 (checkpoint deleted)
2026-08-20 11:37:53 PROGRESS 2/2 (0 failed so far)
2026-08-20 11:37:53 Sweep finished: 2/2 attempted, 0 failed
