2026-08-21 17:20:53 CIFAR-10 stage (metric-privacy, homogeneous, seed=43, noise_ratio=0.005): 2 trajectories
2026-08-21 17:20:53 START cifar10-in-remove__homogeneous__metric-privacy__fedavg__clients-100__seed-43__nm0p5__clip5__rounds-20__epochs-5__cifar10_remove__cifar10_cnn 
2026-08-21 17:27:54 DONE  cifar10-in-remove__homogeneous__metric-privacy__fedavg__clients-100__seed-43__nm0p5__clip5__rounds-20__epochs-5__cifar10_remove__cifar10_cnn (421.0s)
2026-08-21 17:27:57 EVALUATED cifar10-in-remove__homogeneous__metric-privacy__fedavg__clients-100__seed-43__nm0p5__clip5__rounds-20__epochs-5__cifar10_remove__cifar10_cnn round=1 (checkpoint deleted)
2026-08-21 17:28:00 EVALUATED cifar10-in-remove__homogeneous__metric-privacy__fedavg__clients-100__seed-43__nm0p5__clip5__rounds-20__epochs-5__cifar10_remove__cifar10_cnn round=2 (checkpoint deleted)
2026-08-21 17:28:03 EVALUATED cifar10-in-remove__homogeneous__metric-privacy__fedavg__clients-100__seed-43__nm0p5__clip5__rounds-20__epochs-5__cifar10_remove__cifar10_cnn round=3 (checkpoint deleted)
2026-08-21 17:28:06 EVALUATED cifar10-in-remove__homogeneous__metric-privacy__fedavg__clients-100__seed-43__nm0p5__clip5__rounds-20__epochs-5__cifar10_remove__cifar10_cnn round=4 (checkpoint deleted)
2026-08-21 17:28:09 EVALUATED cifar10-in-remove__homogeneous__metric-privacy__fedavg__clients-100__seed-43__nm0p5__clip5__rounds-20__epochs-5__cifar10_remove__cifar10_cnn round=5 (checkpoint deleted)
2026-08-21 17:28:12 EVALUATED cifar10-in-remove__homogeneous__metric-privacy__fedavg__clients-100__seed-43__nm0p5__clip5__rounds-20__epochs-5__cifar10_remove__cifar10_cnn round=6 (checkpoint deleted)
2026-08-21 17:28:15 EVALUATED cifar10-in-remove__homogeneous__metric-privacy__fedavg__clients-100__seed-43__nm0p5__clip5__rounds-20__epochs-5__cifar10_remove__cifar10_cnn round=7 (checkpoint deleted)
2026-08-21 17:28:18 EVALUATED cifar10-in-remove__homogeneous__metric-privacy__fedavg__clients-100__seed-43__nm0p5__clip5__rounds-20__epochs-5__cifar10_remove__cifar10_cnn round=8 (checkpoint deleted)
2026-08-21 17:28:21 EVALUATED cifar10-in-remove__homogeneous__metric-privacy__fedavg__clients-100__seed-43__nm0p5__clip5__rounds-20__epochs-5__cifar10_remove__cifar10_cnn round=9 (checkpoint deleted)
2026-08-21 17:28:25 EVALUATED cifar10-in-remove__homogeneous__metric-privacy__fedavg__clients-100__seed-43__nm0p5__clip5__rounds-20__epochs-5__cifar10_remove__cifar10_cnn round=10 (checkpoint deleted)
2026-08-21 17:28:28 EVALUATED cifar10-in-remove__homogeneous__metric-privacy__fedavg__clients-100__seed-43__nm0p5__clip5__rounds-20__epochs-5__cifar10_remove__cifar10_cnn round=11 (checkpoint deleted)
2026-08-21 17:28:31 EVALUATED cifar10-in-remove__homogeneous__metric-privacy__fedavg__clients-100__seed-43__nm0p5__clip5__rounds-20__epochs-5__cifar10_remove__cifar10_cnn round=12 (checkpoint deleted)
2026-08-21 17:28:34 EVALUATED cifar10-in-remove__homogeneous__metric-privacy__fedavg__clients-100__seed-43__nm0p5__clip5__rounds-20__epochs-5__cifar10_remove__cifar10_cnn round=13 (checkpoint deleted)
2026-08-21 17:28:37 EVALUATED cifar10-in-remove__homogeneous__metric-privacy__fedavg__clients-100__seed-43__nm0p5__clip5__rounds-20__epochs-5__cifar10_remove__cifar10_cnn round=14 (checkpoint deleted)
2026-08-21 17:28:40 EVALUATED cifar10-in-remove__homogeneous__metric-privacy__fedavg__clients-100__seed-43__nm0p5__clip5__rounds-20__epochs-5__cifar10_remove__cifar10_cnn round=15 (checkpoint deleted)
2026-08-21 17:28:43 EVALUATED cifar10-in-remove__homogeneous__metric-privacy__fedavg__clients-100__seed-43__nm0p5__clip5__rounds-20__epochs-5__cifar10_remove__cifar10_cnn round=16 (checkpoint deleted)
2026-08-21 17:28:46 EVALUATED cifar10-in-remove__homogeneous__metric-privacy__fedavg__clients-100__seed-43__nm0p5__clip5__rounds-20__epochs-5__cifar10_remove__cifar10_cnn round=17 (checkpoint deleted)
2026-08-21 17:28:49 EVALUATED cifar10-in-remove__homogeneous__metric-privacy__fedavg__clients-100__seed-43__nm0p5__clip5__rounds-20__epochs-5__cifar10_remove__cifar10_cnn round=18 (checkpoint deleted)
2026-08-21 17:28:52 EVALUATED cifar10-in-remove__homogeneous__metric-privacy__fedavg__clients-100__seed-43__nm0p5__clip5__rounds-20__epochs-5__cifar10_remove__cifar10_cnn round=19 (checkpoint deleted)
2026-08-21 17:28:55 EVALUATED cifar10-in-remove__homogeneous__metric-privacy__fedavg__clients-100__seed-43__nm0p5__clip5__rounds-20__epochs-5__cifar10_remove__cifar10_cnn round=20 (checkpoint deleted)
2026-08-21 17:28:55 PROGRESS 1/2 (0 failed so far)
2026-08-21 17:28:55 START cifar10-out-remove__homogeneous__metric-privacy__fedavg__clients-99__seed-43__nm0p495__clip5__rounds-20__epochs-5__cifar10_remove__cifar10_cnn 
2026-08-21 17:35:52 DONE  cifar10-out-remove__homogeneous__metric-privacy__fedavg__clients-99__seed-43__nm0p495__clip5__rounds-20__epochs-5__cifar10_remove__cifar10_cnn (417.5s)
2026-08-21 17:35:55 EVALUATED cifar10-out-remove__homogeneous__metric-privacy__fedavg__clients-99__seed-43__nm0p495__clip5__rounds-20__epochs-5__cifar10_remove__cifar10_cnn round=1 (checkpoint deleted)
2026-08-21 17:35:58 EVALUATED cifar10-out-remove__homogeneous__metric-privacy__fedavg__clients-99__seed-43__nm0p495__clip5__rounds-20__epochs-5__cifar10_remove__cifar10_cnn round=2 (checkpoint deleted)
2026-08-21 17:36:01 EVALUATED cifar10-out-remove__homogeneous__metric-privacy__fedavg__clients-99__seed-43__nm0p495__clip5__rounds-20__epochs-5__cifar10_remove__cifar10_cnn round=3 (checkpoint deleted)
2026-08-21 17:36:04 EVALUATED cifar10-out-remove__homogeneous__metric-privacy__fedavg__clients-99__seed-43__nm0p495__clip5__rounds-20__epochs-5__cifar10_remove__cifar10_cnn round=4 (checkpoint deleted)
2026-08-21 17:36:07 EVALUATED cifar10-out-remove__homogeneous__metric-privacy__fedavg__clients-99__seed-43__nm0p495__clip5__rounds-20__epochs-5__cifar10_remove__cifar10_cnn round=5 (checkpoint deleted)
2026-08-21 17:36:10 EVALUATED cifar10-out-remove__homogeneous__metric-privacy__fedavg__clients-99__seed-43__nm0p495__clip5__rounds-20__epochs-5__cifar10_remove__cifar10_cnn round=6 (checkpoint deleted)
2026-08-21 17:36:13 EVALUATED cifar10-out-remove__homogeneous__metric-privacy__fedavg__clients-99__seed-43__nm0p495__clip5__rounds-20__epochs-5__cifar10_remove__cifar10_cnn round=7 (checkpoint deleted)
2026-08-21 17:36:16 EVALUATED cifar10-out-remove__homogeneous__metric-privacy__fedavg__clients-99__seed-43__nm0p495__clip5__rounds-20__epochs-5__cifar10_remove__cifar10_cnn round=8 (checkpoint deleted)
2026-08-21 17:36:19 EVALUATED cifar10-out-remove__homogeneous__metric-privacy__fedavg__clients-99__seed-43__nm0p495__clip5__rounds-20__epochs-5__cifar10_remove__cifar10_cnn round=9 (checkpoint deleted)
2026-08-21 17:36:22 EVALUATED cifar10-out-remove__homogeneous__metric-privacy__fedavg__clients-99__seed-43__nm0p495__clip5__rounds-20__epochs-5__cifar10_remove__cifar10_cnn round=10 (checkpoint deleted)
2026-08-21 17:36:25 EVALUATED cifar10-out-remove__homogeneous__metric-privacy__fedavg__clients-99__seed-43__nm0p495__clip5__rounds-20__epochs-5__cifar10_remove__cifar10_cnn round=11 (checkpoint deleted)
2026-08-21 17:36:29 EVALUATED cifar10-out-remove__homogeneous__metric-privacy__fedavg__clients-99__seed-43__nm0p495__clip5__rounds-20__epochs-5__cifar10_remove__cifar10_cnn round=12 (checkpoint deleted)
2026-08-21 17:36:31 EVALUATED cifar10-out-remove__homogeneous__metric-privacy__fedavg__clients-99__seed-43__nm0p495__clip5__rounds-20__epochs-5__cifar10_remove__cifar10_cnn round=13 (checkpoint deleted)
2026-08-21 17:36:34 EVALUATED cifar10-out-remove__homogeneous__metric-privacy__fedavg__clients-99__seed-43__nm0p495__clip5__rounds-20__epochs-5__cifar10_remove__cifar10_cnn round=14 (checkpoint deleted)
2026-08-21 17:36:37 EVALUATED cifar10-out-remove__homogeneous__metric-privacy__fedavg__clients-99__seed-43__nm0p495__clip5__rounds-20__epochs-5__cifar10_remove__cifar10_cnn round=15 (checkpoint deleted)
2026-08-21 17:36:41 EVALUATED cifar10-out-remove__homogeneous__metric-privacy__fedavg__clients-99__seed-43__nm0p495__clip5__rounds-20__epochs-5__cifar10_remove__cifar10_cnn round=16 (checkpoint deleted)
2026-08-21 17:36:44 EVALUATED cifar10-out-remove__homogeneous__metric-privacy__fedavg__clients-99__seed-43__nm0p495__clip5__rounds-20__epochs-5__cifar10_remove__cifar10_cnn round=17 (checkpoint deleted)
2026-08-21 17:36:47 EVALUATED cifar10-out-remove__homogeneous__metric-privacy__fedavg__clients-99__seed-43__nm0p495__clip5__rounds-20__epochs-5__cifar10_remove__cifar10_cnn round=18 (checkpoint deleted)
2026-08-21 17:36:50 EVALUATED cifar10-out-remove__homogeneous__metric-privacy__fedavg__clients-99__seed-43__nm0p495__clip5__rounds-20__epochs-5__cifar10_remove__cifar10_cnn round=19 (checkpoint deleted)
2026-08-21 17:36:53 EVALUATED cifar10-out-remove__homogeneous__metric-privacy__fedavg__clients-99__seed-43__nm0p495__clip5__rounds-20__epochs-5__cifar10_remove__cifar10_cnn round=20 (checkpoint deleted)
2026-08-21 17:36:53 PROGRESS 2/2 (0 failed so far)
2026-08-21 17:36:53 Sweep finished: 2/2 attempted, 0 failed
