2026-08-20 03:02:24 CIFAR-10 removal CIA chunk (vanilla, clients=8, alpha=0.1, noise_ratio=0.004): 2 trajectories
2026-08-20 03:02:24 START cifar10-in-remove__dirichlet__alpha-0p1__vanilla__fedavg__clients-8__seed-42__nm0p032__clip5__rounds-20__epochs-5__cifar10_dirichlet__cifar10_cnn 
2026-08-20 03:14:58 DONE  cifar10-in-remove__dirichlet__alpha-0p1__vanilla__fedavg__clients-8__seed-42__nm0p032__clip5__rounds-20__epochs-5__cifar10_dirichlet__cifar10_cnn (753.9s)
2026-08-20 03:15:07 EVALUATED cifar10-in-remove__dirichlet__alpha-0p1__vanilla__fedavg__clients-8__seed-42__nm0p032__clip5__rounds-20__epochs-5__cifar10_dirichlet__cifar10_cnn round=1 (checkpoint deleted)
2026-08-20 03:15:14 EVALUATED cifar10-in-remove__dirichlet__alpha-0p1__vanilla__fedavg__clients-8__seed-42__nm0p032__clip5__rounds-20__epochs-5__cifar10_dirichlet__cifar10_cnn round=2 (checkpoint deleted)
2026-08-20 03:15:20 EVALUATED cifar10-in-remove__dirichlet__alpha-0p1__vanilla__fedavg__clients-8__seed-42__nm0p032__clip5__rounds-20__epochs-5__cifar10_dirichlet__cifar10_cnn round=3 (checkpoint deleted)
2026-08-20 03:15:26 EVALUATED cifar10-in-remove__dirichlet__alpha-0p1__vanilla__fedavg__clients-8__seed-42__nm0p032__clip5__rounds-20__epochs-5__cifar10_dirichlet__cifar10_cnn round=4 (checkpoint deleted)
2026-08-20 03:15:33 EVALUATED cifar10-in-remove__dirichlet__alpha-0p1__vanilla__fedavg__clients-8__seed-42__nm0p032__clip5__rounds-20__epochs-5__cifar10_dirichlet__cifar10_cnn round=5 (checkpoint deleted)
2026-08-20 03:15:39 EVALUATED cifar10-in-remove__dirichlet__alpha-0p1__vanilla__fedavg__clients-8__seed-42__nm0p032__clip5__rounds-20__epochs-5__cifar10_dirichlet__cifar10_cnn round=6 (checkpoint deleted)
2026-08-20 03:15:46 EVALUATED cifar10-in-remove__dirichlet__alpha-0p1__vanilla__fedavg__clients-8__seed-42__nm0p032__clip5__rounds-20__epochs-5__cifar10_dirichlet__cifar10_cnn round=7 (checkpoint deleted)
2026-08-20 03:15:52 EVALUATED cifar10-in-remove__dirichlet__alpha-0p1__vanilla__fedavg__clients-8__seed-42__nm0p032__clip5__rounds-20__epochs-5__cifar10_dirichlet__cifar10_cnn round=8 (checkpoint deleted)
2026-08-20 03:15:58 EVALUATED cifar10-in-remove__dirichlet__alpha-0p1__vanilla__fedavg__clients-8__seed-42__nm0p032__clip5__rounds-20__epochs-5__cifar10_dirichlet__cifar10_cnn round=9 (checkpoint deleted)
2026-08-20 03:16:04 EVALUATED cifar10-in-remove__dirichlet__alpha-0p1__vanilla__fedavg__clients-8__seed-42__nm0p032__clip5__rounds-20__epochs-5__cifar10_dirichlet__cifar10_cnn round=10 (checkpoint deleted)
2026-08-20 03:16:11 EVALUATED cifar10-in-remove__dirichlet__alpha-0p1__vanilla__fedavg__clients-8__seed-42__nm0p032__clip5__rounds-20__epochs-5__cifar10_dirichlet__cifar10_cnn round=11 (checkpoint deleted)
2026-08-20 03:16:17 EVALUATED cifar10-in-remove__dirichlet__alpha-0p1__vanilla__fedavg__clients-8__seed-42__nm0p032__clip5__rounds-20__epochs-5__cifar10_dirichlet__cifar10_cnn round=12 (checkpoint deleted)
2026-08-20 03:16:23 EVALUATED cifar10-in-remove__dirichlet__alpha-0p1__vanilla__fedavg__clients-8__seed-42__nm0p032__clip5__rounds-20__epochs-5__cifar10_dirichlet__cifar10_cnn round=13 (checkpoint deleted)
2026-08-20 03:16:30 EVALUATED cifar10-in-remove__dirichlet__alpha-0p1__vanilla__fedavg__clients-8__seed-42__nm0p032__clip5__rounds-20__epochs-5__cifar10_dirichlet__cifar10_cnn round=14 (checkpoint deleted)
2026-08-20 03:16:36 EVALUATED cifar10-in-remove__dirichlet__alpha-0p1__vanilla__fedavg__clients-8__seed-42__nm0p032__clip5__rounds-20__epochs-5__cifar10_dirichlet__cifar10_cnn round=15 (checkpoint deleted)
2026-08-20 03:16:42 EVALUATED cifar10-in-remove__dirichlet__alpha-0p1__vanilla__fedavg__clients-8__seed-42__nm0p032__clip5__rounds-20__epochs-5__cifar10_dirichlet__cifar10_cnn round=16 (checkpoint deleted)
2026-08-20 03:16:49 EVALUATED cifar10-in-remove__dirichlet__alpha-0p1__vanilla__fedavg__clients-8__seed-42__nm0p032__clip5__rounds-20__epochs-5__cifar10_dirichlet__cifar10_cnn round=17 (checkpoint deleted)
2026-08-20 03:16:55 EVALUATED cifar10-in-remove__dirichlet__alpha-0p1__vanilla__fedavg__clients-8__seed-42__nm0p032__clip5__rounds-20__epochs-5__cifar10_dirichlet__cifar10_cnn round=18 (checkpoint deleted)
2026-08-20 03:17:02 EVALUATED cifar10-in-remove__dirichlet__alpha-0p1__vanilla__fedavg__clients-8__seed-42__nm0p032__clip5__rounds-20__epochs-5__cifar10_dirichlet__cifar10_cnn round=19 (checkpoint deleted)
2026-08-20 03:17:08 EVALUATED cifar10-in-remove__dirichlet__alpha-0p1__vanilla__fedavg__clients-8__seed-42__nm0p032__clip5__rounds-20__epochs-5__cifar10_dirichlet__cifar10_cnn round=20 (checkpoint deleted)
2026-08-20 03:17:08 PROGRESS 1/2 (0 failed so far)
2026-08-20 03:17:08 START cifar10-out-remove__dirichlet__alpha-0p1__vanilla__fedavg__clients-7__seed-42__nm0p028__clip5__rounds-20__epochs-5__cifar10_dirichlet__cifar10_cnn 
2026-08-20 03:29:18 DONE  cifar10-out-remove__dirichlet__alpha-0p1__vanilla__fedavg__clients-7__seed-42__nm0p028__clip5__rounds-20__epochs-5__cifar10_dirichlet__cifar10_cnn (730.1s)
2026-08-20 03:29:24 EVALUATED cifar10-out-remove__dirichlet__alpha-0p1__vanilla__fedavg__clients-7__seed-42__nm0p028__clip5__rounds-20__epochs-5__cifar10_dirichlet__cifar10_cnn round=1 (checkpoint deleted)
2026-08-20 03:29:31 EVALUATED cifar10-out-remove__dirichlet__alpha-0p1__vanilla__fedavg__clients-7__seed-42__nm0p028__clip5__rounds-20__epochs-5__cifar10_dirichlet__cifar10_cnn round=2 (checkpoint deleted)
2026-08-20 03:29:37 EVALUATED cifar10-out-remove__dirichlet__alpha-0p1__vanilla__fedavg__clients-7__seed-42__nm0p028__clip5__rounds-20__epochs-5__cifar10_dirichlet__cifar10_cnn round=3 (checkpoint deleted)
2026-08-20 03:29:43 EVALUATED cifar10-out-remove__dirichlet__alpha-0p1__vanilla__fedavg__clients-7__seed-42__nm0p028__clip5__rounds-20__epochs-5__cifar10_dirichlet__cifar10_cnn round=4 (checkpoint deleted)
2026-08-20 03:29:50 EVALUATED cifar10-out-remove__dirichlet__alpha-0p1__vanilla__fedavg__clients-7__seed-42__nm0p028__clip5__rounds-20__epochs-5__cifar10_dirichlet__cifar10_cnn round=5 (checkpoint deleted)
2026-08-20 03:29:56 EVALUATED cifar10-out-remove__dirichlet__alpha-0p1__vanilla__fedavg__clients-7__seed-42__nm0p028__clip5__rounds-20__epochs-5__cifar10_dirichlet__cifar10_cnn round=6 (checkpoint deleted)
2026-08-20 03:30:03 EVALUATED cifar10-out-remove__dirichlet__alpha-0p1__vanilla__fedavg__clients-7__seed-42__nm0p028__clip5__rounds-20__epochs-5__cifar10_dirichlet__cifar10_cnn round=7 (checkpoint deleted)
2026-08-20 03:30:09 EVALUATED cifar10-out-remove__dirichlet__alpha-0p1__vanilla__fedavg__clients-7__seed-42__nm0p028__clip5__rounds-20__epochs-5__cifar10_dirichlet__cifar10_cnn round=8 (checkpoint deleted)
2026-08-20 03:30:15 EVALUATED cifar10-out-remove__dirichlet__alpha-0p1__vanilla__fedavg__clients-7__seed-42__nm0p028__clip5__rounds-20__epochs-5__cifar10_dirichlet__cifar10_cnn round=9 (checkpoint deleted)
2026-08-20 03:30:22 EVALUATED cifar10-out-remove__dirichlet__alpha-0p1__vanilla__fedavg__clients-7__seed-42__nm0p028__clip5__rounds-20__epochs-5__cifar10_dirichlet__cifar10_cnn round=10 (checkpoint deleted)
2026-08-20 03:30:28 EVALUATED cifar10-out-remove__dirichlet__alpha-0p1__vanilla__fedavg__clients-7__seed-42__nm0p028__clip5__rounds-20__epochs-5__cifar10_dirichlet__cifar10_cnn round=11 (checkpoint deleted)
2026-08-20 03:30:34 EVALUATED cifar10-out-remove__dirichlet__alpha-0p1__vanilla__fedavg__clients-7__seed-42__nm0p028__clip5__rounds-20__epochs-5__cifar10_dirichlet__cifar10_cnn round=12 (checkpoint deleted)
2026-08-20 03:30:41 EVALUATED cifar10-out-remove__dirichlet__alpha-0p1__vanilla__fedavg__clients-7__seed-42__nm0p028__clip5__rounds-20__epochs-5__cifar10_dirichlet__cifar10_cnn round=13 (checkpoint deleted)
2026-08-20 03:30:47 EVALUATED cifar10-out-remove__dirichlet__alpha-0p1__vanilla__fedavg__clients-7__seed-42__nm0p028__clip5__rounds-20__epochs-5__cifar10_dirichlet__cifar10_cnn round=14 (checkpoint deleted)
2026-08-20 03:30:53 EVALUATED cifar10-out-remove__dirichlet__alpha-0p1__vanilla__fedavg__clients-7__seed-42__nm0p028__clip5__rounds-20__epochs-5__cifar10_dirichlet__cifar10_cnn round=15 (checkpoint deleted)
2026-08-20 03:31:00 EVALUATED cifar10-out-remove__dirichlet__alpha-0p1__vanilla__fedavg__clients-7__seed-42__nm0p028__clip5__rounds-20__epochs-5__cifar10_dirichlet__cifar10_cnn round=16 (checkpoint deleted)
2026-08-20 03:31:06 EVALUATED cifar10-out-remove__dirichlet__alpha-0p1__vanilla__fedavg__clients-7__seed-42__nm0p028__clip5__rounds-20__epochs-5__cifar10_dirichlet__cifar10_cnn round=17 (checkpoint deleted)
2026-08-20 03:31:12 EVALUATED cifar10-out-remove__dirichlet__alpha-0p1__vanilla__fedavg__clients-7__seed-42__nm0p028__clip5__rounds-20__epochs-5__cifar10_dirichlet__cifar10_cnn round=18 (checkpoint deleted)
2026-08-20 03:31:19 EVALUATED cifar10-out-remove__dirichlet__alpha-0p1__vanilla__fedavg__clients-7__seed-42__nm0p028__clip5__rounds-20__epochs-5__cifar10_dirichlet__cifar10_cnn round=19 (checkpoint deleted)
2026-08-20 03:31:25 EVALUATED cifar10-out-remove__dirichlet__alpha-0p1__vanilla__fedavg__clients-7__seed-42__nm0p028__clip5__rounds-20__epochs-5__cifar10_dirichlet__cifar10_cnn round=20 (checkpoint deleted)
2026-08-20 03:31:25 PROGRESS 2/2 (0 failed so far)
2026-08-20 03:31:25 Sweep finished: 2/2 attempted, 0 failed
