2026-08-09 14:04:36 Starting cifar100 in-remove group: 6 trajectories
2026-08-09 14:04:36 START cifar100-in-remove__homogeneous__vanilla__fedavg__clients-100__seed-42__nm0p0182__clip5__rounds-250__epochs-5__cifar100_scaling__cifar100_cnn 
2026-08-09 18:19:22 DONE  cifar100-in-remove__homogeneous__vanilla__fedavg__clients-100__seed-42__nm0p0182__clip5__rounds-250__epochs-5__cifar100_scaling__cifar100_cnn (15286.4s)
2026-08-09 18:19:29 EVALUATED cifar100-in-remove__homogeneous__vanilla__fedavg__clients-100__seed-42__nm0p0182__clip5__rounds-250__epochs-5__cifar100_scaling__cifar100_cnn round=1 (checkpoint deleted)
2026-08-09 18:19:33 EVALUATED cifar100-in-remove__homogeneous__vanilla__fedavg__clients-100__seed-42__nm0p0182__clip5__rounds-250__epochs-5__cifar100_scaling__cifar100_cnn round=10 (checkpoint deleted)
2026-08-09 18:19:37 EVALUATED cifar100-in-remove__homogeneous__vanilla__fedavg__clients-100__seed-42__nm0p0182__clip5__rounds-250__epochs-5__cifar100_scaling__cifar100_cnn round=20 (checkpoint deleted)
2026-08-09 18:19:40 EVALUATED cifar100-in-remove__homogeneous__vanilla__fedavg__clients-100__seed-42__nm0p0182__clip5__rounds-250__epochs-5__cifar100_scaling__cifar100_cnn round=30 (checkpoint deleted)
2026-08-09 18:19:44 EVALUATED cifar100-in-remove__homogeneous__vanilla__fedavg__clients-100__seed-42__nm0p0182__clip5__rounds-250__epochs-5__cifar100_scaling__cifar100_cnn round=40 (checkpoint deleted)
2026-08-09 18:19:48 EVALUATED cifar100-in-remove__homogeneous__vanilla__fedavg__clients-100__seed-42__nm0p0182__clip5__rounds-250__epochs-5__cifar100_scaling__cifar100_cnn round=50 (checkpoint deleted)
2026-08-09 18:19:52 EVALUATED cifar100-in-remove__homogeneous__vanilla__fedavg__clients-100__seed-42__nm0p0182__clip5__rounds-250__epochs-5__cifar100_scaling__cifar100_cnn round=60 (checkpoint deleted)
2026-08-09 18:19:55 EVALUATED cifar100-in-remove__homogeneous__vanilla__fedavg__clients-100__seed-42__nm0p0182__clip5__rounds-250__epochs-5__cifar100_scaling__cifar100_cnn round=70 (checkpoint deleted)
2026-08-09 18:19:59 EVALUATED cifar100-in-remove__homogeneous__vanilla__fedavg__clients-100__seed-42__nm0p0182__clip5__rounds-250__epochs-5__cifar100_scaling__cifar100_cnn round=80 (checkpoint deleted)
2026-08-09 18:20:03 EVALUATED cifar100-in-remove__homogeneous__vanilla__fedavg__clients-100__seed-42__nm0p0182__clip5__rounds-250__epochs-5__cifar100_scaling__cifar100_cnn round=90 (checkpoint deleted)
2026-08-09 18:20:06 EVALUATED cifar100-in-remove__homogeneous__vanilla__fedavg__clients-100__seed-42__nm0p0182__clip5__rounds-250__epochs-5__cifar100_scaling__cifar100_cnn round=100 (checkpoint deleted)
2026-08-09 18:20:10 EVALUATED cifar100-in-remove__homogeneous__vanilla__fedavg__clients-100__seed-42__nm0p0182__clip5__rounds-250__epochs-5__cifar100_scaling__cifar100_cnn round=110 (checkpoint deleted)
2026-08-09 18:20:13 EVALUATED cifar100-in-remove__homogeneous__vanilla__fedavg__clients-100__seed-42__nm0p0182__clip5__rounds-250__epochs-5__cifar100_scaling__cifar100_cnn round=120 (checkpoint deleted)
2026-08-09 18:20:17 EVALUATED cifar100-in-remove__homogeneous__vanilla__fedavg__clients-100__seed-42__nm0p0182__clip5__rounds-250__epochs-5__cifar100_scaling__cifar100_cnn round=130 (checkpoint deleted)
2026-08-09 18:20:20 EVALUATED cifar100-in-remove__homogeneous__vanilla__fedavg__clients-100__seed-42__nm0p0182__clip5__rounds-250__epochs-5__cifar100_scaling__cifar100_cnn round=140 (checkpoint deleted)
2026-08-09 18:20:24 EVALUATED cifar100-in-remove__homogeneous__vanilla__fedavg__clients-100__seed-42__nm0p0182__clip5__rounds-250__epochs-5__cifar100_scaling__cifar100_cnn round=150 (checkpoint deleted)
2026-08-09 18:20:28 EVALUATED cifar100-in-remove__homogeneous__vanilla__fedavg__clients-100__seed-42__nm0p0182__clip5__rounds-250__epochs-5__cifar100_scaling__cifar100_cnn round=160 (checkpoint deleted)
2026-08-09 18:20:31 EVALUATED cifar100-in-remove__homogeneous__vanilla__fedavg__clients-100__seed-42__nm0p0182__clip5__rounds-250__epochs-5__cifar100_scaling__cifar100_cnn round=170 (checkpoint deleted)
2026-08-09 18:20:34 EVALUATED cifar100-in-remove__homogeneous__vanilla__fedavg__clients-100__seed-42__nm0p0182__clip5__rounds-250__epochs-5__cifar100_scaling__cifar100_cnn round=180 (checkpoint deleted)
2026-08-09 18:20:38 EVALUATED cifar100-in-remove__homogeneous__vanilla__fedavg__clients-100__seed-42__nm0p0182__clip5__rounds-250__epochs-5__cifar100_scaling__cifar100_cnn round=190 (checkpoint deleted)
2026-08-09 18:20:42 EVALUATED cifar100-in-remove__homogeneous__vanilla__fedavg__clients-100__seed-42__nm0p0182__clip5__rounds-250__epochs-5__cifar100_scaling__cifar100_cnn round=200 (checkpoint deleted)
2026-08-09 18:20:45 EVALUATED cifar100-in-remove__homogeneous__vanilla__fedavg__clients-100__seed-42__nm0p0182__clip5__rounds-250__epochs-5__cifar100_scaling__cifar100_cnn round=210 (checkpoint deleted)
2026-08-09 18:20:49 EVALUATED cifar100-in-remove__homogeneous__vanilla__fedavg__clients-100__seed-42__nm0p0182__clip5__rounds-250__epochs-5__cifar100_scaling__cifar100_cnn round=220 (checkpoint deleted)
2026-08-09 18:20:52 EVALUATED cifar100-in-remove__homogeneous__vanilla__fedavg__clients-100__seed-42__nm0p0182__clip5__rounds-250__epochs-5__cifar100_scaling__cifar100_cnn round=230 (checkpoint deleted)
2026-08-09 18:20:55 EVALUATED cifar100-in-remove__homogeneous__vanilla__fedavg__clients-100__seed-42__nm0p0182__clip5__rounds-250__epochs-5__cifar100_scaling__cifar100_cnn round=240 (checkpoint deleted)
2026-08-09 18:20:58 EVALUATED cifar100-in-remove__homogeneous__vanilla__fedavg__clients-100__seed-42__nm0p0182__clip5__rounds-250__epochs-5__cifar100_scaling__cifar100_cnn round=250 (checkpoint deleted)
2026-08-09 18:20:58 PROGRESS 1/6 (0 failed so far)
2026-08-09 18:20:58 START cifar100-in-remove__homogeneous__global-dp__fedavg__clients-100__seed-42__nm0p0182__clip5__rounds-250__epochs-5__cifar100_scaling__cifar100_cnn 
2026-08-09 22:26:18 DONE  cifar100-in-remove__homogeneous__global-dp__fedavg__clients-100__seed-42__nm0p0182__clip5__rounds-250__epochs-5__cifar100_scaling__cifar100_cnn (14719.0s)
2026-08-09 22:26:21 EVALUATED cifar100-in-remove__homogeneous__global-dp__fedavg__clients-100__seed-42__nm0p0182__clip5__rounds-250__epochs-5__cifar100_scaling__cifar100_cnn round=1 (checkpoint deleted)
2026-08-09 22:26:24 EVALUATED cifar100-in-remove__homogeneous__global-dp__fedavg__clients-100__seed-42__nm0p0182__clip5__rounds-250__epochs-5__cifar100_scaling__cifar100_cnn round=10 (checkpoint deleted)
2026-08-09 22:26:27 EVALUATED cifar100-in-remove__homogeneous__global-dp__fedavg__clients-100__seed-42__nm0p0182__clip5__rounds-250__epochs-5__cifar100_scaling__cifar100_cnn round=20 (checkpoint deleted)
2026-08-09 22:26:31 EVALUATED cifar100-in-remove__homogeneous__global-dp__fedavg__clients-100__seed-42__nm0p0182__clip5__rounds-250__epochs-5__cifar100_scaling__cifar100_cnn round=30 (checkpoint deleted)
2026-08-09 22:26:34 EVALUATED cifar100-in-remove__homogeneous__global-dp__fedavg__clients-100__seed-42__nm0p0182__clip5__rounds-250__epochs-5__cifar100_scaling__cifar100_cnn round=40 (checkpoint deleted)
2026-08-09 22:26:37 EVALUATED cifar100-in-remove__homogeneous__global-dp__fedavg__clients-100__seed-42__nm0p0182__clip5__rounds-250__epochs-5__cifar100_scaling__cifar100_cnn round=50 (checkpoint deleted)
2026-08-09 22:26:41 EVALUATED cifar100-in-remove__homogeneous__global-dp__fedavg__clients-100__seed-42__nm0p0182__clip5__rounds-250__epochs-5__cifar100_scaling__cifar100_cnn round=60 (checkpoint deleted)
2026-08-09 22:26:44 EVALUATED cifar100-in-remove__homogeneous__global-dp__fedavg__clients-100__seed-42__nm0p0182__clip5__rounds-250__epochs-5__cifar100_scaling__cifar100_cnn round=70 (checkpoint deleted)
2026-08-09 22:26:48 EVALUATED cifar100-in-remove__homogeneous__global-dp__fedavg__clients-100__seed-42__nm0p0182__clip5__rounds-250__epochs-5__cifar100_scaling__cifar100_cnn round=80 (checkpoint deleted)
2026-08-09 22:26:51 EVALUATED cifar100-in-remove__homogeneous__global-dp__fedavg__clients-100__seed-42__nm0p0182__clip5__rounds-250__epochs-5__cifar100_scaling__cifar100_cnn round=90 (checkpoint deleted)
2026-08-09 22:26:54 EVALUATED cifar100-in-remove__homogeneous__global-dp__fedavg__clients-100__seed-42__nm0p0182__clip5__rounds-250__epochs-5__cifar100_scaling__cifar100_cnn round=100 (checkpoint deleted)
2026-08-09 22:26:58 EVALUATED cifar100-in-remove__homogeneous__global-dp__fedavg__clients-100__seed-42__nm0p0182__clip5__rounds-250__epochs-5__cifar100_scaling__cifar100_cnn round=110 (checkpoint deleted)
2026-08-09 22:27:01 EVALUATED cifar100-in-remove__homogeneous__global-dp__fedavg__clients-100__seed-42__nm0p0182__clip5__rounds-250__epochs-5__cifar100_scaling__cifar100_cnn round=120 (checkpoint deleted)
2026-08-09 22:27:05 EVALUATED cifar100-in-remove__homogeneous__global-dp__fedavg__clients-100__seed-42__nm0p0182__clip5__rounds-250__epochs-5__cifar100_scaling__cifar100_cnn round=130 (checkpoint deleted)
2026-08-09 22:27:08 EVALUATED cifar100-in-remove__homogeneous__global-dp__fedavg__clients-100__seed-42__nm0p0182__clip5__rounds-250__epochs-5__cifar100_scaling__cifar100_cnn round=140 (checkpoint deleted)
2026-08-09 22:27:12 EVALUATED cifar100-in-remove__homogeneous__global-dp__fedavg__clients-100__seed-42__nm0p0182__clip5__rounds-250__epochs-5__cifar100_scaling__cifar100_cnn round=150 (checkpoint deleted)
2026-08-09 22:27:15 EVALUATED cifar100-in-remove__homogeneous__global-dp__fedavg__clients-100__seed-42__nm0p0182__clip5__rounds-250__epochs-5__cifar100_scaling__cifar100_cnn round=160 (checkpoint deleted)
2026-08-09 22:27:19 EVALUATED cifar100-in-remove__homogeneous__global-dp__fedavg__clients-100__seed-42__nm0p0182__clip5__rounds-250__epochs-5__cifar100_scaling__cifar100_cnn round=170 (checkpoint deleted)
2026-08-09 22:27:22 EVALUATED cifar100-in-remove__homogeneous__global-dp__fedavg__clients-100__seed-42__nm0p0182__clip5__rounds-250__epochs-5__cifar100_scaling__cifar100_cnn round=180 (checkpoint deleted)
2026-08-09 22:27:26 EVALUATED cifar100-in-remove__homogeneous__global-dp__fedavg__clients-100__seed-42__nm0p0182__clip5__rounds-250__epochs-5__cifar100_scaling__cifar100_cnn round=190 (checkpoint deleted)
2026-08-09 22:27:30 EVALUATED cifar100-in-remove__homogeneous__global-dp__fedavg__clients-100__seed-42__nm0p0182__clip5__rounds-250__epochs-5__cifar100_scaling__cifar100_cnn round=200 (checkpoint deleted)
2026-08-09 22:27:33 EVALUATED cifar100-in-remove__homogeneous__global-dp__fedavg__clients-100__seed-42__nm0p0182__clip5__rounds-250__epochs-5__cifar100_scaling__cifar100_cnn round=210 (checkpoint deleted)
2026-08-09 22:27:36 EVALUATED cifar100-in-remove__homogeneous__global-dp__fedavg__clients-100__seed-42__nm0p0182__clip5__rounds-250__epochs-5__cifar100_scaling__cifar100_cnn round=220 (checkpoint deleted)
2026-08-09 22:27:40 EVALUATED cifar100-in-remove__homogeneous__global-dp__fedavg__clients-100__seed-42__nm0p0182__clip5__rounds-250__epochs-5__cifar100_scaling__cifar100_cnn round=230 (checkpoint deleted)
2026-08-09 22:27:44 EVALUATED cifar100-in-remove__homogeneous__global-dp__fedavg__clients-100__seed-42__nm0p0182__clip5__rounds-250__epochs-5__cifar100_scaling__cifar100_cnn round=240 (checkpoint deleted)
2026-08-09 22:27:48 EVALUATED cifar100-in-remove__homogeneous__global-dp__fedavg__clients-100__seed-42__nm0p0182__clip5__rounds-250__epochs-5__cifar100_scaling__cifar100_cnn round=250 (checkpoint deleted)
2026-08-09 22:27:48 PROGRESS 2/6 (0 failed so far)
2026-08-09 22:27:48 START cifar100-in-remove__homogeneous__metric-privacy__fedavg__clients-100__seed-42__nm0p0182__clip5__rounds-250__epochs-5__cifar100_scaling__cifar100_cnn 
2026-08-10 02:44:34 DONE  cifar100-in-remove__homogeneous__metric-privacy__fedavg__clients-100__seed-42__nm0p0182__clip5__rounds-250__epochs-5__cifar100_scaling__cifar100_cnn (15406.2s)
2026-08-10 02:44:37 EVALUATED cifar100-in-remove__homogeneous__metric-privacy__fedavg__clients-100__seed-42__nm0p0182__clip5__rounds-250__epochs-5__cifar100_scaling__cifar100_cnn round=1 (checkpoint deleted)
2026-08-10 02:44:41 EVALUATED cifar100-in-remove__homogeneous__metric-privacy__fedavg__clients-100__seed-42__nm0p0182__clip5__rounds-250__epochs-5__cifar100_scaling__cifar100_cnn round=10 (checkpoint deleted)
2026-08-10 02:44:44 EVALUATED cifar100-in-remove__homogeneous__metric-privacy__fedavg__clients-100__seed-42__nm0p0182__clip5__rounds-250__epochs-5__cifar100_scaling__cifar100_cnn round=20 (checkpoint deleted)
2026-08-10 02:44:47 EVALUATED cifar100-in-remove__homogeneous__metric-privacy__fedavg__clients-100__seed-42__nm0p0182__clip5__rounds-250__epochs-5__cifar100_scaling__cifar100_cnn round=30 (checkpoint deleted)
2026-08-10 02:44:50 EVALUATED cifar100-in-remove__homogeneous__metric-privacy__fedavg__clients-100__seed-42__nm0p0182__clip5__rounds-250__epochs-5__cifar100_scaling__cifar100_cnn round=40 (checkpoint deleted)
2026-08-10 02:44:53 EVALUATED cifar100-in-remove__homogeneous__metric-privacy__fedavg__clients-100__seed-42__nm0p0182__clip5__rounds-250__epochs-5__cifar100_scaling__cifar100_cnn round=50 (checkpoint deleted)
2026-08-10 02:44:57 EVALUATED cifar100-in-remove__homogeneous__metric-privacy__fedavg__clients-100__seed-42__nm0p0182__clip5__rounds-250__epochs-5__cifar100_scaling__cifar100_cnn round=60 (checkpoint deleted)
2026-08-10 02:45:00 EVALUATED cifar100-in-remove__homogeneous__metric-privacy__fedavg__clients-100__seed-42__nm0p0182__clip5__rounds-250__epochs-5__cifar100_scaling__cifar100_cnn round=70 (checkpoint deleted)
2026-08-10 02:45:03 EVALUATED cifar100-in-remove__homogeneous__metric-privacy__fedavg__clients-100__seed-42__nm0p0182__clip5__rounds-250__epochs-5__cifar100_scaling__cifar100_cnn round=80 (checkpoint deleted)
2026-08-10 02:45:06 EVALUATED cifar100-in-remove__homogeneous__metric-privacy__fedavg__clients-100__seed-42__nm0p0182__clip5__rounds-250__epochs-5__cifar100_scaling__cifar100_cnn round=90 (checkpoint deleted)
2026-08-10 02:45:10 EVALUATED cifar100-in-remove__homogeneous__metric-privacy__fedavg__clients-100__seed-42__nm0p0182__clip5__rounds-250__epochs-5__cifar100_scaling__cifar100_cnn round=100 (checkpoint deleted)
2026-08-10 02:45:13 EVALUATED cifar100-in-remove__homogeneous__metric-privacy__fedavg__clients-100__seed-42__nm0p0182__clip5__rounds-250__epochs-5__cifar100_scaling__cifar100_cnn round=110 (checkpoint deleted)
2026-08-10 02:45:16 EVALUATED cifar100-in-remove__homogeneous__metric-privacy__fedavg__clients-100__seed-42__nm0p0182__clip5__rounds-250__epochs-5__cifar100_scaling__cifar100_cnn round=120 (checkpoint deleted)
2026-08-10 02:45:20 EVALUATED cifar100-in-remove__homogeneous__metric-privacy__fedavg__clients-100__seed-42__nm0p0182__clip5__rounds-250__epochs-5__cifar100_scaling__cifar100_cnn round=130 (checkpoint deleted)
2026-08-10 02:45:23 EVALUATED cifar100-in-remove__homogeneous__metric-privacy__fedavg__clients-100__seed-42__nm0p0182__clip5__rounds-250__epochs-5__cifar100_scaling__cifar100_cnn round=140 (checkpoint deleted)
2026-08-10 02:45:26 EVALUATED cifar100-in-remove__homogeneous__metric-privacy__fedavg__clients-100__seed-42__nm0p0182__clip5__rounds-250__epochs-5__cifar100_scaling__cifar100_cnn round=150 (checkpoint deleted)
2026-08-10 02:45:30 EVALUATED cifar100-in-remove__homogeneous__metric-privacy__fedavg__clients-100__seed-42__nm0p0182__clip5__rounds-250__epochs-5__cifar100_scaling__cifar100_cnn round=160 (checkpoint deleted)
2026-08-10 02:45:33 EVALUATED cifar100-in-remove__homogeneous__metric-privacy__fedavg__clients-100__seed-42__nm0p0182__clip5__rounds-250__epochs-5__cifar100_scaling__cifar100_cnn round=170 (checkpoint deleted)
2026-08-10 02:45:37 EVALUATED cifar100-in-remove__homogeneous__metric-privacy__fedavg__clients-100__seed-42__nm0p0182__clip5__rounds-250__epochs-5__cifar100_scaling__cifar100_cnn round=180 (checkpoint deleted)
2026-08-10 02:45:41 EVALUATED cifar100-in-remove__homogeneous__metric-privacy__fedavg__clients-100__seed-42__nm0p0182__clip5__rounds-250__epochs-5__cifar100_scaling__cifar100_cnn round=190 (checkpoint deleted)
2026-08-10 02:45:44 EVALUATED cifar100-in-remove__homogeneous__metric-privacy__fedavg__clients-100__seed-42__nm0p0182__clip5__rounds-250__epochs-5__cifar100_scaling__cifar100_cnn round=200 (checkpoint deleted)
2026-08-10 02:45:47 EVALUATED cifar100-in-remove__homogeneous__metric-privacy__fedavg__clients-100__seed-42__nm0p0182__clip5__rounds-250__epochs-5__cifar100_scaling__cifar100_cnn round=210 (checkpoint deleted)
2026-08-10 02:45:51 EVALUATED cifar100-in-remove__homogeneous__metric-privacy__fedavg__clients-100__seed-42__nm0p0182__clip5__rounds-250__epochs-5__cifar100_scaling__cifar100_cnn round=220 (checkpoint deleted)
2026-08-10 02:45:55 EVALUATED cifar100-in-remove__homogeneous__metric-privacy__fedavg__clients-100__seed-42__nm0p0182__clip5__rounds-250__epochs-5__cifar100_scaling__cifar100_cnn round=230 (checkpoint deleted)
2026-08-10 02:45:58 EVALUATED cifar100-in-remove__homogeneous__metric-privacy__fedavg__clients-100__seed-42__nm0p0182__clip5__rounds-250__epochs-5__cifar100_scaling__cifar100_cnn round=240 (checkpoint deleted)
2026-08-10 02:46:03 EVALUATED cifar100-in-remove__homogeneous__metric-privacy__fedavg__clients-100__seed-42__nm0p0182__clip5__rounds-250__epochs-5__cifar100_scaling__cifar100_cnn round=250 (checkpoint deleted)
2026-08-10 02:46:03 PROGRESS 3/6 (0 failed so far)
2026-08-10 02:46:03 START cifar100-in-remove__non-iid__vanilla__fedavg__clients-100__seed-42__nm0p0182__clip5__rounds-250__epochs-5__cifar100_scaling__cifar100_cnn 
2026-08-10 06:44:21 DONE  cifar100-in-remove__non-iid__vanilla__fedavg__clients-100__seed-42__nm0p0182__clip5__rounds-250__epochs-5__cifar100_scaling__cifar100_cnn (14297.2s)
2026-08-10 06:44:24 EVALUATED cifar100-in-remove__non-iid__vanilla__fedavg__clients-100__seed-42__nm0p0182__clip5__rounds-250__epochs-5__cifar100_scaling__cifar100_cnn round=1 (checkpoint deleted)
2026-08-10 06:44:27 EVALUATED cifar100-in-remove__non-iid__vanilla__fedavg__clients-100__seed-42__nm0p0182__clip5__rounds-250__epochs-5__cifar100_scaling__cifar100_cnn round=10 (checkpoint deleted)
2026-08-10 06:44:31 EVALUATED cifar100-in-remove__non-iid__vanilla__fedavg__clients-100__seed-42__nm0p0182__clip5__rounds-250__epochs-5__cifar100_scaling__cifar100_cnn round=20 (checkpoint deleted)
2026-08-10 06:44:34 EVALUATED cifar100-in-remove__non-iid__vanilla__fedavg__clients-100__seed-42__nm0p0182__clip5__rounds-250__epochs-5__cifar100_scaling__cifar100_cnn round=30 (checkpoint deleted)
2026-08-10 06:44:38 EVALUATED cifar100-in-remove__non-iid__vanilla__fedavg__clients-100__seed-42__nm0p0182__clip5__rounds-250__epochs-5__cifar100_scaling__cifar100_cnn round=40 (checkpoint deleted)
2026-08-10 06:44:41 EVALUATED cifar100-in-remove__non-iid__vanilla__fedavg__clients-100__seed-42__nm0p0182__clip5__rounds-250__epochs-5__cifar100_scaling__cifar100_cnn round=50 (checkpoint deleted)
2026-08-10 06:44:44 EVALUATED cifar100-in-remove__non-iid__vanilla__fedavg__clients-100__seed-42__nm0p0182__clip5__rounds-250__epochs-5__cifar100_scaling__cifar100_cnn round=60 (checkpoint deleted)
2026-08-10 06:44:48 EVALUATED cifar100-in-remove__non-iid__vanilla__fedavg__clients-100__seed-42__nm0p0182__clip5__rounds-250__epochs-5__cifar100_scaling__cifar100_cnn round=70 (checkpoint deleted)
2026-08-10 06:44:51 EVALUATED cifar100-in-remove__non-iid__vanilla__fedavg__clients-100__seed-42__nm0p0182__clip5__rounds-250__epochs-5__cifar100_scaling__cifar100_cnn round=80 (checkpoint deleted)
2026-08-10 06:44:54 EVALUATED cifar100-in-remove__non-iid__vanilla__fedavg__clients-100__seed-42__nm0p0182__clip5__rounds-250__epochs-5__cifar100_scaling__cifar100_cnn round=90 (checkpoint deleted)
2026-08-10 06:44:58 EVALUATED cifar100-in-remove__non-iid__vanilla__fedavg__clients-100__seed-42__nm0p0182__clip5__rounds-250__epochs-5__cifar100_scaling__cifar100_cnn round=100 (checkpoint deleted)
2026-08-10 06:45:01 EVALUATED cifar100-in-remove__non-iid__vanilla__fedavg__clients-100__seed-42__nm0p0182__clip5__rounds-250__epochs-5__cifar100_scaling__cifar100_cnn round=110 (checkpoint deleted)
2026-08-10 06:45:04 EVALUATED cifar100-in-remove__non-iid__vanilla__fedavg__clients-100__seed-42__nm0p0182__clip5__rounds-250__epochs-5__cifar100_scaling__cifar100_cnn round=120 (checkpoint deleted)
2026-08-10 06:45:07 EVALUATED cifar100-in-remove__non-iid__vanilla__fedavg__clients-100__seed-42__nm0p0182__clip5__rounds-250__epochs-5__cifar100_scaling__cifar100_cnn round=130 (checkpoint deleted)
2026-08-10 06:45:10 EVALUATED cifar100-in-remove__non-iid__vanilla__fedavg__clients-100__seed-42__nm0p0182__clip5__rounds-250__epochs-5__cifar100_scaling__cifar100_cnn round=140 (checkpoint deleted)
2026-08-10 06:45:13 EVALUATED cifar100-in-remove__non-iid__vanilla__fedavg__clients-100__seed-42__nm0p0182__clip5__rounds-250__epochs-5__cifar100_scaling__cifar100_cnn round=150 (checkpoint deleted)
2026-08-10 06:45:17 EVALUATED cifar100-in-remove__non-iid__vanilla__fedavg__clients-100__seed-42__nm0p0182__clip5__rounds-250__epochs-5__cifar100_scaling__cifar100_cnn round=160 (checkpoint deleted)
2026-08-10 06:45:20 EVALUATED cifar100-in-remove__non-iid__vanilla__fedavg__clients-100__seed-42__nm0p0182__clip5__rounds-250__epochs-5__cifar100_scaling__cifar100_cnn round=170 (checkpoint deleted)
2026-08-10 06:45:23 EVALUATED cifar100-in-remove__non-iid__vanilla__fedavg__clients-100__seed-42__nm0p0182__clip5__rounds-250__epochs-5__cifar100_scaling__cifar100_cnn round=180 (checkpoint deleted)
2026-08-10 06:45:26 EVALUATED cifar100-in-remove__non-iid__vanilla__fedavg__clients-100__seed-42__nm0p0182__clip5__rounds-250__epochs-5__cifar100_scaling__cifar100_cnn round=190 (checkpoint deleted)
2026-08-10 06:45:30 EVALUATED cifar100-in-remove__non-iid__vanilla__fedavg__clients-100__seed-42__nm0p0182__clip5__rounds-250__epochs-5__cifar100_scaling__cifar100_cnn round=200 (checkpoint deleted)
2026-08-10 06:45:33 EVALUATED cifar100-in-remove__non-iid__vanilla__fedavg__clients-100__seed-42__nm0p0182__clip5__rounds-250__epochs-5__cifar100_scaling__cifar100_cnn round=210 (checkpoint deleted)
2026-08-10 06:45:37 EVALUATED cifar100-in-remove__non-iid__vanilla__fedavg__clients-100__seed-42__nm0p0182__clip5__rounds-250__epochs-5__cifar100_scaling__cifar100_cnn round=220 (checkpoint deleted)
2026-08-10 06:45:40 EVALUATED cifar100-in-remove__non-iid__vanilla__fedavg__clients-100__seed-42__nm0p0182__clip5__rounds-250__epochs-5__cifar100_scaling__cifar100_cnn round=230 (checkpoint deleted)
2026-08-10 06:45:43 EVALUATED cifar100-in-remove__non-iid__vanilla__fedavg__clients-100__seed-42__nm0p0182__clip5__rounds-250__epochs-5__cifar100_scaling__cifar100_cnn round=240 (checkpoint deleted)
2026-08-10 06:45:47 EVALUATED cifar100-in-remove__non-iid__vanilla__fedavg__clients-100__seed-42__nm0p0182__clip5__rounds-250__epochs-5__cifar100_scaling__cifar100_cnn round=250 (checkpoint deleted)
2026-08-10 06:45:47 PROGRESS 4/6 (0 failed so far)
2026-08-10 06:45:47 START cifar100-in-remove__non-iid__global-dp__fedavg__clients-100__seed-42__nm0p0182__clip5__rounds-250__epochs-5__cifar100_scaling__cifar100_cnn 
2026-08-10 10:43:48 DONE  cifar100-in-remove__non-iid__global-dp__fedavg__clients-100__seed-42__nm0p0182__clip5__rounds-250__epochs-5__cifar100_scaling__cifar100_cnn (14281.1s)
2026-08-10 10:43:51 EVALUATED cifar100-in-remove__non-iid__global-dp__fedavg__clients-100__seed-42__nm0p0182__clip5__rounds-250__epochs-5__cifar100_scaling__cifar100_cnn round=1 (checkpoint deleted)
2026-08-10 10:43:54 EVALUATED cifar100-in-remove__non-iid__global-dp__fedavg__clients-100__seed-42__nm0p0182__clip5__rounds-250__epochs-5__cifar100_scaling__cifar100_cnn round=10 (checkpoint deleted)
2026-08-10 10:43:58 EVALUATED cifar100-in-remove__non-iid__global-dp__fedavg__clients-100__seed-42__nm0p0182__clip5__rounds-250__epochs-5__cifar100_scaling__cifar100_cnn round=20 (checkpoint deleted)
2026-08-10 10:44:01 EVALUATED cifar100-in-remove__non-iid__global-dp__fedavg__clients-100__seed-42__nm0p0182__clip5__rounds-250__epochs-5__cifar100_scaling__cifar100_cnn round=30 (checkpoint deleted)
2026-08-10 10:44:04 EVALUATED cifar100-in-remove__non-iid__global-dp__fedavg__clients-100__seed-42__nm0p0182__clip5__rounds-250__epochs-5__cifar100_scaling__cifar100_cnn round=40 (checkpoint deleted)
2026-08-10 10:44:07 EVALUATED cifar100-in-remove__non-iid__global-dp__fedavg__clients-100__seed-42__nm0p0182__clip5__rounds-250__epochs-5__cifar100_scaling__cifar100_cnn round=50 (checkpoint deleted)
2026-08-10 10:44:11 EVALUATED cifar100-in-remove__non-iid__global-dp__fedavg__clients-100__seed-42__nm0p0182__clip5__rounds-250__epochs-5__cifar100_scaling__cifar100_cnn round=60 (checkpoint deleted)
2026-08-10 10:44:14 EVALUATED cifar100-in-remove__non-iid__global-dp__fedavg__clients-100__seed-42__nm0p0182__clip5__rounds-250__epochs-5__cifar100_scaling__cifar100_cnn round=70 (checkpoint deleted)
2026-08-10 10:44:17 EVALUATED cifar100-in-remove__non-iid__global-dp__fedavg__clients-100__seed-42__nm0p0182__clip5__rounds-250__epochs-5__cifar100_scaling__cifar100_cnn round=80 (checkpoint deleted)
2026-08-10 10:44:20 EVALUATED cifar100-in-remove__non-iid__global-dp__fedavg__clients-100__seed-42__nm0p0182__clip5__rounds-250__epochs-5__cifar100_scaling__cifar100_cnn round=90 (checkpoint deleted)
2026-08-10 10:44:23 EVALUATED cifar100-in-remove__non-iid__global-dp__fedavg__clients-100__seed-42__nm0p0182__clip5__rounds-250__epochs-5__cifar100_scaling__cifar100_cnn round=100 (checkpoint deleted)
2026-08-10 10:44:27 EVALUATED cifar100-in-remove__non-iid__global-dp__fedavg__clients-100__seed-42__nm0p0182__clip5__rounds-250__epochs-5__cifar100_scaling__cifar100_cnn round=110 (checkpoint deleted)
2026-08-10 10:44:30 EVALUATED cifar100-in-remove__non-iid__global-dp__fedavg__clients-100__seed-42__nm0p0182__clip5__rounds-250__epochs-5__cifar100_scaling__cifar100_cnn round=120 (checkpoint deleted)
2026-08-10 10:44:33 EVALUATED cifar100-in-remove__non-iid__global-dp__fedavg__clients-100__seed-42__nm0p0182__clip5__rounds-250__epochs-5__cifar100_scaling__cifar100_cnn round=130 (checkpoint deleted)
2026-08-10 10:44:36 EVALUATED cifar100-in-remove__non-iid__global-dp__fedavg__clients-100__seed-42__nm0p0182__clip5__rounds-250__epochs-5__cifar100_scaling__cifar100_cnn round=140 (checkpoint deleted)
2026-08-10 10:44:39 EVALUATED cifar100-in-remove__non-iid__global-dp__fedavg__clients-100__seed-42__nm0p0182__clip5__rounds-250__epochs-5__cifar100_scaling__cifar100_cnn round=150 (checkpoint deleted)
2026-08-10 10:44:43 EVALUATED cifar100-in-remove__non-iid__global-dp__fedavg__clients-100__seed-42__nm0p0182__clip5__rounds-250__epochs-5__cifar100_scaling__cifar100_cnn round=160 (checkpoint deleted)
2026-08-10 10:44:46 EVALUATED cifar100-in-remove__non-iid__global-dp__fedavg__clients-100__seed-42__nm0p0182__clip5__rounds-250__epochs-5__cifar100_scaling__cifar100_cnn round=170 (checkpoint deleted)
2026-08-10 10:44:49 EVALUATED cifar100-in-remove__non-iid__global-dp__fedavg__clients-100__seed-42__nm0p0182__clip5__rounds-250__epochs-5__cifar100_scaling__cifar100_cnn round=180 (checkpoint deleted)
2026-08-10 10:44:52 EVALUATED cifar100-in-remove__non-iid__global-dp__fedavg__clients-100__seed-42__nm0p0182__clip5__rounds-250__epochs-5__cifar100_scaling__cifar100_cnn round=190 (checkpoint deleted)
2026-08-10 10:44:56 EVALUATED cifar100-in-remove__non-iid__global-dp__fedavg__clients-100__seed-42__nm0p0182__clip5__rounds-250__epochs-5__cifar100_scaling__cifar100_cnn round=200 (checkpoint deleted)
2026-08-10 10:44:59 EVALUATED cifar100-in-remove__non-iid__global-dp__fedavg__clients-100__seed-42__nm0p0182__clip5__rounds-250__epochs-5__cifar100_scaling__cifar100_cnn round=210 (checkpoint deleted)
2026-08-10 10:45:02 EVALUATED cifar100-in-remove__non-iid__global-dp__fedavg__clients-100__seed-42__nm0p0182__clip5__rounds-250__epochs-5__cifar100_scaling__cifar100_cnn round=220 (checkpoint deleted)
2026-08-10 10:45:06 EVALUATED cifar100-in-remove__non-iid__global-dp__fedavg__clients-100__seed-42__nm0p0182__clip5__rounds-250__epochs-5__cifar100_scaling__cifar100_cnn round=230 (checkpoint deleted)
2026-08-10 10:45:09 EVALUATED cifar100-in-remove__non-iid__global-dp__fedavg__clients-100__seed-42__nm0p0182__clip5__rounds-250__epochs-5__cifar100_scaling__cifar100_cnn round=240 (checkpoint deleted)
2026-08-10 10:45:12 EVALUATED cifar100-in-remove__non-iid__global-dp__fedavg__clients-100__seed-42__nm0p0182__clip5__rounds-250__epochs-5__cifar100_scaling__cifar100_cnn round=250 (checkpoint deleted)
2026-08-10 10:45:12 PROGRESS 5/6 (0 failed so far)
2026-08-10 10:45:12 START cifar100-in-remove__non-iid__metric-privacy__fedavg__clients-100__seed-42__nm0p0182__clip5__rounds-250__epochs-5__cifar100_scaling__cifar100_cnn 
2026-08-10 14:57:57 DONE  cifar100-in-remove__non-iid__metric-privacy__fedavg__clients-100__seed-42__nm0p0182__clip5__rounds-250__epochs-5__cifar100_scaling__cifar100_cnn (15164.4s)
2026-08-10 14:58:00 EVALUATED cifar100-in-remove__non-iid__metric-privacy__fedavg__clients-100__seed-42__nm0p0182__clip5__rounds-250__epochs-5__cifar100_scaling__cifar100_cnn round=1 (checkpoint deleted)
2026-08-10 14:58:03 EVALUATED cifar100-in-remove__non-iid__metric-privacy__fedavg__clients-100__seed-42__nm0p0182__clip5__rounds-250__epochs-5__cifar100_scaling__cifar100_cnn round=10 (checkpoint deleted)
2026-08-10 14:58:07 EVALUATED cifar100-in-remove__non-iid__metric-privacy__fedavg__clients-100__seed-42__nm0p0182__clip5__rounds-250__epochs-5__cifar100_scaling__cifar100_cnn round=20 (checkpoint deleted)
2026-08-10 14:58:10 EVALUATED cifar100-in-remove__non-iid__metric-privacy__fedavg__clients-100__seed-42__nm0p0182__clip5__rounds-250__epochs-5__cifar100_scaling__cifar100_cnn round=30 (checkpoint deleted)
2026-08-10 14:58:13 EVALUATED cifar100-in-remove__non-iid__metric-privacy__fedavg__clients-100__seed-42__nm0p0182__clip5__rounds-250__epochs-5__cifar100_scaling__cifar100_cnn round=40 (checkpoint deleted)
2026-08-10 14:58:16 EVALUATED cifar100-in-remove__non-iid__metric-privacy__fedavg__clients-100__seed-42__nm0p0182__clip5__rounds-250__epochs-5__cifar100_scaling__cifar100_cnn round=50 (checkpoint deleted)
2026-08-10 14:58:19 EVALUATED cifar100-in-remove__non-iid__metric-privacy__fedavg__clients-100__seed-42__nm0p0182__clip5__rounds-250__epochs-5__cifar100_scaling__cifar100_cnn round=60 (checkpoint deleted)
2026-08-10 14:58:23 EVALUATED cifar100-in-remove__non-iid__metric-privacy__fedavg__clients-100__seed-42__nm0p0182__clip5__rounds-250__epochs-5__cifar100_scaling__cifar100_cnn round=70 (checkpoint deleted)
2026-08-10 14:58:26 EVALUATED cifar100-in-remove__non-iid__metric-privacy__fedavg__clients-100__seed-42__nm0p0182__clip5__rounds-250__epochs-5__cifar100_scaling__cifar100_cnn round=80 (checkpoint deleted)
2026-08-10 14:58:29 EVALUATED cifar100-in-remove__non-iid__metric-privacy__fedavg__clients-100__seed-42__nm0p0182__clip5__rounds-250__epochs-5__cifar100_scaling__cifar100_cnn round=90 (checkpoint deleted)
2026-08-10 14:58:32 EVALUATED cifar100-in-remove__non-iid__metric-privacy__fedavg__clients-100__seed-42__nm0p0182__clip5__rounds-250__epochs-5__cifar100_scaling__cifar100_cnn round=100 (checkpoint deleted)
2026-08-10 14:58:35 EVALUATED cifar100-in-remove__non-iid__metric-privacy__fedavg__clients-100__seed-42__nm0p0182__clip5__rounds-250__epochs-5__cifar100_scaling__cifar100_cnn round=110 (checkpoint deleted)
2026-08-10 14:58:39 EVALUATED cifar100-in-remove__non-iid__metric-privacy__fedavg__clients-100__seed-42__nm0p0182__clip5__rounds-250__epochs-5__cifar100_scaling__cifar100_cnn round=120 (checkpoint deleted)
2026-08-10 14:58:42 EVALUATED cifar100-in-remove__non-iid__metric-privacy__fedavg__clients-100__seed-42__nm0p0182__clip5__rounds-250__epochs-5__cifar100_scaling__cifar100_cnn round=130 (checkpoint deleted)
2026-08-10 14:58:45 EVALUATED cifar100-in-remove__non-iid__metric-privacy__fedavg__clients-100__seed-42__nm0p0182__clip5__rounds-250__epochs-5__cifar100_scaling__cifar100_cnn round=140 (checkpoint deleted)
2026-08-10 14:58:49 EVALUATED cifar100-in-remove__non-iid__metric-privacy__fedavg__clients-100__seed-42__nm0p0182__clip5__rounds-250__epochs-5__cifar100_scaling__cifar100_cnn round=150 (checkpoint deleted)
2026-08-10 14:58:52 EVALUATED cifar100-in-remove__non-iid__metric-privacy__fedavg__clients-100__seed-42__nm0p0182__clip5__rounds-250__epochs-5__cifar100_scaling__cifar100_cnn round=160 (checkpoint deleted)
2026-08-10 14:58:56 EVALUATED cifar100-in-remove__non-iid__metric-privacy__fedavg__clients-100__seed-42__nm0p0182__clip5__rounds-250__epochs-5__cifar100_scaling__cifar100_cnn round=170 (checkpoint deleted)
2026-08-10 14:58:59 EVALUATED cifar100-in-remove__non-iid__metric-privacy__fedavg__clients-100__seed-42__nm0p0182__clip5__rounds-250__epochs-5__cifar100_scaling__cifar100_cnn round=180 (checkpoint deleted)
2026-08-10 14:59:02 EVALUATED cifar100-in-remove__non-iid__metric-privacy__fedavg__clients-100__seed-42__nm0p0182__clip5__rounds-250__epochs-5__cifar100_scaling__cifar100_cnn round=190 (checkpoint deleted)
2026-08-10 14:59:05 EVALUATED cifar100-in-remove__non-iid__metric-privacy__fedavg__clients-100__seed-42__nm0p0182__clip5__rounds-250__epochs-5__cifar100_scaling__cifar100_cnn round=200 (checkpoint deleted)
2026-08-10 14:59:08 EVALUATED cifar100-in-remove__non-iid__metric-privacy__fedavg__clients-100__seed-42__nm0p0182__clip5__rounds-250__epochs-5__cifar100_scaling__cifar100_cnn round=210 (checkpoint deleted)
2026-08-10 14:59:12 EVALUATED cifar100-in-remove__non-iid__metric-privacy__fedavg__clients-100__seed-42__nm0p0182__clip5__rounds-250__epochs-5__cifar100_scaling__cifar100_cnn round=220 (checkpoint deleted)
2026-08-10 14:59:15 EVALUATED cifar100-in-remove__non-iid__metric-privacy__fedavg__clients-100__seed-42__nm0p0182__clip5__rounds-250__epochs-5__cifar100_scaling__cifar100_cnn round=230 (checkpoint deleted)
2026-08-10 14:59:18 EVALUATED cifar100-in-remove__non-iid__metric-privacy__fedavg__clients-100__seed-42__nm0p0182__clip5__rounds-250__epochs-5__cifar100_scaling__cifar100_cnn round=240 (checkpoint deleted)
2026-08-10 14:59:21 EVALUATED cifar100-in-remove__non-iid__metric-privacy__fedavg__clients-100__seed-42__nm0p0182__clip5__rounds-250__epochs-5__cifar100_scaling__cifar100_cnn round=250 (checkpoint deleted)
2026-08-10 14:59:21 PROGRESS 6/6 (0 failed so far)
2026-08-10 14:59:21 Sweep finished: 6/6 attempted, 0 failed
2026-08-10 20:06:41 Starting cifar100 in-remove group: 18 trajectories
2026-08-10 20:06:41 SKIP  6 combinations (attack results already exist)
2026-08-10 20:06:41 START cifar100-in-remove__homogeneous__vanilla__fedavg__clients-100__seed-43__nm0p0182__clip5__rounds-250__epochs-5__cifar100_scaling__cifar100_cnn 
2026-08-10 20:08:11 Starting cifar100 in-remove group: 18 trajectories
2026-08-10 20:08:11 SKIP  6 combinations (attack results already exist)
2026-08-10 20:08:11 START cifar100-in-remove__homogeneous__vanilla__fedavg__clients-100__seed-43__nm0p0182__clip5__rounds-250__epochs-5__cifar100_scaling__cifar100_cnn 
2026-08-10 23:22:49 DONE  cifar100-in-remove__homogeneous__vanilla__fedavg__clients-100__seed-43__nm0p0182__clip5__rounds-250__epochs-5__cifar100_scaling__cifar100_cnn (11678.0s)
2026-08-10 23:22:55 EVALUATED cifar100-in-remove__homogeneous__vanilla__fedavg__clients-100__seed-43__nm0p0182__clip5__rounds-250__epochs-5__cifar100_scaling__cifar100_cnn round=1 (checkpoint deleted)
2026-08-10 23:22:59 EVALUATED cifar100-in-remove__homogeneous__vanilla__fedavg__clients-100__seed-43__nm0p0182__clip5__rounds-250__epochs-5__cifar100_scaling__cifar100_cnn round=10 (checkpoint deleted)
2026-08-10 23:23:03 EVALUATED cifar100-in-remove__homogeneous__vanilla__fedavg__clients-100__seed-43__nm0p0182__clip5__rounds-250__epochs-5__cifar100_scaling__cifar100_cnn round=20 (checkpoint deleted)
2026-08-10 23:23:07 EVALUATED cifar100-in-remove__homogeneous__vanilla__fedavg__clients-100__seed-43__nm0p0182__clip5__rounds-250__epochs-5__cifar100_scaling__cifar100_cnn round=30 (checkpoint deleted)
2026-08-10 23:23:11 EVALUATED cifar100-in-remove__homogeneous__vanilla__fedavg__clients-100__seed-43__nm0p0182__clip5__rounds-250__epochs-5__cifar100_scaling__cifar100_cnn round=40 (checkpoint deleted)
2026-08-10 23:23:16 EVALUATED cifar100-in-remove__homogeneous__vanilla__fedavg__clients-100__seed-43__nm0p0182__clip5__rounds-250__epochs-5__cifar100_scaling__cifar100_cnn round=50 (checkpoint deleted)
2026-08-10 23:23:21 EVALUATED cifar100-in-remove__homogeneous__vanilla__fedavg__clients-100__seed-43__nm0p0182__clip5__rounds-250__epochs-5__cifar100_scaling__cifar100_cnn round=60 (checkpoint deleted)
2026-08-10 23:23:25 EVALUATED cifar100-in-remove__homogeneous__vanilla__fedavg__clients-100__seed-43__nm0p0182__clip5__rounds-250__epochs-5__cifar100_scaling__cifar100_cnn round=70 (checkpoint deleted)
2026-08-10 23:23:30 EVALUATED cifar100-in-remove__homogeneous__vanilla__fedavg__clients-100__seed-43__nm0p0182__clip5__rounds-250__epochs-5__cifar100_scaling__cifar100_cnn round=80 (checkpoint deleted)
2026-08-10 23:23:34 EVALUATED cifar100-in-remove__homogeneous__vanilla__fedavg__clients-100__seed-43__nm0p0182__clip5__rounds-250__epochs-5__cifar100_scaling__cifar100_cnn round=90 (checkpoint deleted)
2026-08-10 23:23:39 EVALUATED cifar100-in-remove__homogeneous__vanilla__fedavg__clients-100__seed-43__nm0p0182__clip5__rounds-250__epochs-5__cifar100_scaling__cifar100_cnn round=100 (checkpoint deleted)
2026-08-10 23:23:44 EVALUATED cifar100-in-remove__homogeneous__vanilla__fedavg__clients-100__seed-43__nm0p0182__clip5__rounds-250__epochs-5__cifar100_scaling__cifar100_cnn round=110 (checkpoint deleted)
2026-08-10 23:23:49 EVALUATED cifar100-in-remove__homogeneous__vanilla__fedavg__clients-100__seed-43__nm0p0182__clip5__rounds-250__epochs-5__cifar100_scaling__cifar100_cnn round=120 (checkpoint deleted)
2026-08-10 23:23:54 EVALUATED cifar100-in-remove__homogeneous__vanilla__fedavg__clients-100__seed-43__nm0p0182__clip5__rounds-250__epochs-5__cifar100_scaling__cifar100_cnn round=130 (checkpoint deleted)
2026-08-10 23:23:58 EVALUATED cifar100-in-remove__homogeneous__vanilla__fedavg__clients-100__seed-43__nm0p0182__clip5__rounds-250__epochs-5__cifar100_scaling__cifar100_cnn round=140 (checkpoint deleted)
2026-08-10 23:24:03 EVALUATED cifar100-in-remove__homogeneous__vanilla__fedavg__clients-100__seed-43__nm0p0182__clip5__rounds-250__epochs-5__cifar100_scaling__cifar100_cnn round=150 (checkpoint deleted)
2026-08-10 23:24:08 EVALUATED cifar100-in-remove__homogeneous__vanilla__fedavg__clients-100__seed-43__nm0p0182__clip5__rounds-250__epochs-5__cifar100_scaling__cifar100_cnn round=160 (checkpoint deleted)
2026-08-10 23:24:13 EVALUATED cifar100-in-remove__homogeneous__vanilla__fedavg__clients-100__seed-43__nm0p0182__clip5__rounds-250__epochs-5__cifar100_scaling__cifar100_cnn round=170 (checkpoint deleted)
2026-08-10 23:24:17 EVALUATED cifar100-in-remove__homogeneous__vanilla__fedavg__clients-100__seed-43__nm0p0182__clip5__rounds-250__epochs-5__cifar100_scaling__cifar100_cnn round=180 (checkpoint deleted)
2026-08-10 23:24:22 EVALUATED cifar100-in-remove__homogeneous__vanilla__fedavg__clients-100__seed-43__nm0p0182__clip5__rounds-250__epochs-5__cifar100_scaling__cifar100_cnn round=190 (checkpoint deleted)
2026-08-10 23:24:27 EVALUATED cifar100-in-remove__homogeneous__vanilla__fedavg__clients-100__seed-43__nm0p0182__clip5__rounds-250__epochs-5__cifar100_scaling__cifar100_cnn round=200 (checkpoint deleted)
2026-08-10 23:24:32 EVALUATED cifar100-in-remove__homogeneous__vanilla__fedavg__clients-100__seed-43__nm0p0182__clip5__rounds-250__epochs-5__cifar100_scaling__cifar100_cnn round=210 (checkpoint deleted)
2026-08-10 23:24:37 EVALUATED cifar100-in-remove__homogeneous__vanilla__fedavg__clients-100__seed-43__nm0p0182__clip5__rounds-250__epochs-5__cifar100_scaling__cifar100_cnn round=220 (checkpoint deleted)
2026-08-10 23:24:41 EVALUATED cifar100-in-remove__homogeneous__vanilla__fedavg__clients-100__seed-43__nm0p0182__clip5__rounds-250__epochs-5__cifar100_scaling__cifar100_cnn round=230 (checkpoint deleted)
2026-08-10 23:24:46 EVALUATED cifar100-in-remove__homogeneous__vanilla__fedavg__clients-100__seed-43__nm0p0182__clip5__rounds-250__epochs-5__cifar100_scaling__cifar100_cnn round=240 (checkpoint deleted)
2026-08-10 23:24:50 EVALUATED cifar100-in-remove__homogeneous__vanilla__fedavg__clients-100__seed-43__nm0p0182__clip5__rounds-250__epochs-5__cifar100_scaling__cifar100_cnn round=250 (checkpoint deleted)
2026-08-10 23:24:50 PROGRESS 7/18 (0 failed so far)
2026-08-10 23:24:50 START cifar100-in-remove__homogeneous__vanilla__fedavg__clients-100__seed-44__nm0p0182__clip5__rounds-250__epochs-5__cifar100_scaling__cifar100_cnn 
2026-08-11 00:00:45 DONE  cifar100-in-remove__homogeneous__vanilla__fedavg__clients-100__seed-44__nm0p0182__clip5__rounds-250__epochs-5__cifar100_scaling__cifar100_cnn (2155.1s)
2026-08-11 00:00:49 EVALUATED cifar100-in-remove__homogeneous__vanilla__fedavg__clients-100__seed-44__nm0p0182__clip5__rounds-250__epochs-5__cifar100_scaling__cifar100_cnn round=1 (checkpoint deleted)
2026-08-11 00:00:53 EVALUATED cifar100-in-remove__homogeneous__vanilla__fedavg__clients-100__seed-44__nm0p0182__clip5__rounds-250__epochs-5__cifar100_scaling__cifar100_cnn round=10 (checkpoint deleted)
2026-08-11 00:00:56 EVALUATED cifar100-in-remove__homogeneous__vanilla__fedavg__clients-100__seed-44__nm0p0182__clip5__rounds-250__epochs-5__cifar100_scaling__cifar100_cnn round=20 (checkpoint deleted)
2026-08-11 00:01:00 EVALUATED cifar100-in-remove__homogeneous__vanilla__fedavg__clients-100__seed-44__nm0p0182__clip5__rounds-250__epochs-5__cifar100_scaling__cifar100_cnn round=30 (checkpoint deleted)
2026-08-11 00:01:05 EVALUATED cifar100-in-remove__homogeneous__vanilla__fedavg__clients-100__seed-44__nm0p0182__clip5__rounds-250__epochs-5__cifar100_scaling__cifar100_cnn round=40 (checkpoint deleted)
2026-08-11 00:01:09 EVALUATED cifar100-in-remove__homogeneous__vanilla__fedavg__clients-100__seed-44__nm0p0182__clip5__rounds-250__epochs-5__cifar100_scaling__cifar100_cnn round=50 (checkpoint deleted)
2026-08-11 00:01:13 EVALUATED cifar100-in-remove__homogeneous__vanilla__fedavg__clients-100__seed-44__nm0p0182__clip5__rounds-250__epochs-5__cifar100_scaling__cifar100_cnn round=60 (checkpoint deleted)
2026-08-11 00:01:17 EVALUATED cifar100-in-remove__homogeneous__vanilla__fedavg__clients-100__seed-44__nm0p0182__clip5__rounds-250__epochs-5__cifar100_scaling__cifar100_cnn round=70 (checkpoint deleted)
2026-08-11 00:01:21 EVALUATED cifar100-in-remove__homogeneous__vanilla__fedavg__clients-100__seed-44__nm0p0182__clip5__rounds-250__epochs-5__cifar100_scaling__cifar100_cnn round=80 (checkpoint deleted)
2026-08-11 00:01:26 EVALUATED cifar100-in-remove__homogeneous__vanilla__fedavg__clients-100__seed-44__nm0p0182__clip5__rounds-250__epochs-5__cifar100_scaling__cifar100_cnn round=90 (checkpoint deleted)
2026-08-11 00:01:30 EVALUATED cifar100-in-remove__homogeneous__vanilla__fedavg__clients-100__seed-44__nm0p0182__clip5__rounds-250__epochs-5__cifar100_scaling__cifar100_cnn round=100 (checkpoint deleted)
2026-08-11 00:01:35 EVALUATED cifar100-in-remove__homogeneous__vanilla__fedavg__clients-100__seed-44__nm0p0182__clip5__rounds-250__epochs-5__cifar100_scaling__cifar100_cnn round=110 (checkpoint deleted)
2026-08-11 00:01:39 EVALUATED cifar100-in-remove__homogeneous__vanilla__fedavg__clients-100__seed-44__nm0p0182__clip5__rounds-250__epochs-5__cifar100_scaling__cifar100_cnn round=120 (checkpoint deleted)
2026-08-11 00:01:44 EVALUATED cifar100-in-remove__homogeneous__vanilla__fedavg__clients-100__seed-44__nm0p0182__clip5__rounds-250__epochs-5__cifar100_scaling__cifar100_cnn round=130 (checkpoint deleted)
2026-08-11 00:01:49 EVALUATED cifar100-in-remove__homogeneous__vanilla__fedavg__clients-100__seed-44__nm0p0182__clip5__rounds-250__epochs-5__cifar100_scaling__cifar100_cnn round=140 (checkpoint deleted)
2026-08-11 00:01:53 EVALUATED cifar100-in-remove__homogeneous__vanilla__fedavg__clients-100__seed-44__nm0p0182__clip5__rounds-250__epochs-5__cifar100_scaling__cifar100_cnn round=150 (checkpoint deleted)
2026-08-11 00:01:58 EVALUATED cifar100-in-remove__homogeneous__vanilla__fedavg__clients-100__seed-44__nm0p0182__clip5__rounds-250__epochs-5__cifar100_scaling__cifar100_cnn round=160 (checkpoint deleted)
2026-08-11 00:02:03 EVALUATED cifar100-in-remove__homogeneous__vanilla__fedavg__clients-100__seed-44__nm0p0182__clip5__rounds-250__epochs-5__cifar100_scaling__cifar100_cnn round=170 (checkpoint deleted)
2026-08-11 00:02:07 EVALUATED cifar100-in-remove__homogeneous__vanilla__fedavg__clients-100__seed-44__nm0p0182__clip5__rounds-250__epochs-5__cifar100_scaling__cifar100_cnn round=180 (checkpoint deleted)
2026-08-11 00:02:12 EVALUATED cifar100-in-remove__homogeneous__vanilla__fedavg__clients-100__seed-44__nm0p0182__clip5__rounds-250__epochs-5__cifar100_scaling__cifar100_cnn round=190 (checkpoint deleted)
2026-08-11 00:02:17 EVALUATED cifar100-in-remove__homogeneous__vanilla__fedavg__clients-100__seed-44__nm0p0182__clip5__rounds-250__epochs-5__cifar100_scaling__cifar100_cnn round=200 (checkpoint deleted)
2026-08-11 00:02:22 EVALUATED cifar100-in-remove__homogeneous__vanilla__fedavg__clients-100__seed-44__nm0p0182__clip5__rounds-250__epochs-5__cifar100_scaling__cifar100_cnn round=210 (checkpoint deleted)
2026-08-11 00:02:27 EVALUATED cifar100-in-remove__homogeneous__vanilla__fedavg__clients-100__seed-44__nm0p0182__clip5__rounds-250__epochs-5__cifar100_scaling__cifar100_cnn round=220 (checkpoint deleted)
2026-08-11 00:02:32 EVALUATED cifar100-in-remove__homogeneous__vanilla__fedavg__clients-100__seed-44__nm0p0182__clip5__rounds-250__epochs-5__cifar100_scaling__cifar100_cnn round=230 (checkpoint deleted)
2026-08-11 00:02:36 EVALUATED cifar100-in-remove__homogeneous__vanilla__fedavg__clients-100__seed-44__nm0p0182__clip5__rounds-250__epochs-5__cifar100_scaling__cifar100_cnn round=240 (checkpoint deleted)
2026-08-11 00:02:41 EVALUATED cifar100-in-remove__homogeneous__vanilla__fedavg__clients-100__seed-44__nm0p0182__clip5__rounds-250__epochs-5__cifar100_scaling__cifar100_cnn round=250 (checkpoint deleted)
2026-08-11 00:02:41 PROGRESS 8/18 (0 failed so far)
2026-08-11 00:02:41 START cifar100-in-remove__homogeneous__global-dp__fedavg__clients-100__seed-43__nm0p0182__clip5__rounds-250__epochs-5__cifar100_scaling__cifar100_cnn 
2026-08-11 00:04:27 FAILED cifar100-in-remove__homogeneous__global-dp__fedavg__clients-100__seed-43__nm0p0182__clip5__rounds-250__epochs-5__cifar100_scaling__cifar100_cnn (exit=1, 106.0s)
2026-08-11 00:04:27 PROGRESS 9/18 (1 failed so far)
2026-08-11 00:04:27 START cifar100-in-remove__homogeneous__global-dp__fedavg__clients-100__seed-44__nm0p0182__clip5__rounds-250__epochs-5__cifar100_scaling__cifar100_cnn 
2026-08-11 00:06:14 FAILED cifar100-in-remove__homogeneous__global-dp__fedavg__clients-100__seed-44__nm0p0182__clip5__rounds-250__epochs-5__cifar100_scaling__cifar100_cnn (exit=1, 106.9s)
2026-08-11 00:06:14 PROGRESS 10/18 (2 failed so far)
2026-08-11 00:06:14 START cifar100-in-remove__homogeneous__metric-privacy__fedavg__clients-100__seed-43__nm0p0182__clip5__rounds-250__epochs-5__cifar100_scaling__cifar100_cnn 
2026-08-11 00:36:25 DONE  cifar100-in-remove__homogeneous__metric-privacy__fedavg__clients-100__seed-43__nm0p0182__clip5__rounds-250__epochs-5__cifar100_scaling__cifar100_cnn (1810.6s)
2026-08-11 00:36:28 EVALUATED cifar100-in-remove__homogeneous__metric-privacy__fedavg__clients-100__seed-43__nm0p0182__clip5__rounds-250__epochs-5__cifar100_scaling__cifar100_cnn round=1 (checkpoint deleted)
2026-08-11 00:36:32 EVALUATED cifar100-in-remove__homogeneous__metric-privacy__fedavg__clients-100__seed-43__nm0p0182__clip5__rounds-250__epochs-5__cifar100_scaling__cifar100_cnn round=10 (checkpoint deleted)
2026-08-11 00:36:35 EVALUATED cifar100-in-remove__homogeneous__metric-privacy__fedavg__clients-100__seed-43__nm0p0182__clip5__rounds-250__epochs-5__cifar100_scaling__cifar100_cnn round=20 (checkpoint deleted)
2026-08-11 00:36:39 EVALUATED cifar100-in-remove__homogeneous__metric-privacy__fedavg__clients-100__seed-43__nm0p0182__clip5__rounds-250__epochs-5__cifar100_scaling__cifar100_cnn round=30 (checkpoint deleted)
2026-08-11 00:36:42 EVALUATED cifar100-in-remove__homogeneous__metric-privacy__fedavg__clients-100__seed-43__nm0p0182__clip5__rounds-250__epochs-5__cifar100_scaling__cifar100_cnn round=40 (checkpoint deleted)
2026-08-11 00:36:46 EVALUATED cifar100-in-remove__homogeneous__metric-privacy__fedavg__clients-100__seed-43__nm0p0182__clip5__rounds-250__epochs-5__cifar100_scaling__cifar100_cnn round=50 (checkpoint deleted)
2026-08-11 00:36:49 EVALUATED cifar100-in-remove__homogeneous__metric-privacy__fedavg__clients-100__seed-43__nm0p0182__clip5__rounds-250__epochs-5__cifar100_scaling__cifar100_cnn round=60 (checkpoint deleted)
2026-08-11 00:36:52 EVALUATED cifar100-in-remove__homogeneous__metric-privacy__fedavg__clients-100__seed-43__nm0p0182__clip5__rounds-250__epochs-5__cifar100_scaling__cifar100_cnn round=70 (checkpoint deleted)
2026-08-11 00:36:56 EVALUATED cifar100-in-remove__homogeneous__metric-privacy__fedavg__clients-100__seed-43__nm0p0182__clip5__rounds-250__epochs-5__cifar100_scaling__cifar100_cnn round=80 (checkpoint deleted)
2026-08-11 00:36:59 EVALUATED cifar100-in-remove__homogeneous__metric-privacy__fedavg__clients-100__seed-43__nm0p0182__clip5__rounds-250__epochs-5__cifar100_scaling__cifar100_cnn round=90 (checkpoint deleted)
2026-08-11 00:37:02 EVALUATED cifar100-in-remove__homogeneous__metric-privacy__fedavg__clients-100__seed-43__nm0p0182__clip5__rounds-250__epochs-5__cifar100_scaling__cifar100_cnn round=100 (checkpoint deleted)
2026-08-11 00:37:06 EVALUATED cifar100-in-remove__homogeneous__metric-privacy__fedavg__clients-100__seed-43__nm0p0182__clip5__rounds-250__epochs-5__cifar100_scaling__cifar100_cnn round=110 (checkpoint deleted)
2026-08-11 00:37:09 EVALUATED cifar100-in-remove__homogeneous__metric-privacy__fedavg__clients-100__seed-43__nm0p0182__clip5__rounds-250__epochs-5__cifar100_scaling__cifar100_cnn round=120 (checkpoint deleted)
2026-08-11 00:37:13 EVALUATED cifar100-in-remove__homogeneous__metric-privacy__fedavg__clients-100__seed-43__nm0p0182__clip5__rounds-250__epochs-5__cifar100_scaling__cifar100_cnn round=130 (checkpoint deleted)
2026-08-11 00:37:16 EVALUATED cifar100-in-remove__homogeneous__metric-privacy__fedavg__clients-100__seed-43__nm0p0182__clip5__rounds-250__epochs-5__cifar100_scaling__cifar100_cnn round=140 (checkpoint deleted)
2026-08-11 00:37:19 EVALUATED cifar100-in-remove__homogeneous__metric-privacy__fedavg__clients-100__seed-43__nm0p0182__clip5__rounds-250__epochs-5__cifar100_scaling__cifar100_cnn round=150 (checkpoint deleted)
2026-08-11 00:37:23 EVALUATED cifar100-in-remove__homogeneous__metric-privacy__fedavg__clients-100__seed-43__nm0p0182__clip5__rounds-250__epochs-5__cifar100_scaling__cifar100_cnn round=160 (checkpoint deleted)
2026-08-11 00:37:26 EVALUATED cifar100-in-remove__homogeneous__metric-privacy__fedavg__clients-100__seed-43__nm0p0182__clip5__rounds-250__epochs-5__cifar100_scaling__cifar100_cnn round=170 (checkpoint deleted)
2026-08-11 00:37:29 EVALUATED cifar100-in-remove__homogeneous__metric-privacy__fedavg__clients-100__seed-43__nm0p0182__clip5__rounds-250__epochs-5__cifar100_scaling__cifar100_cnn round=180 (checkpoint deleted)
2026-08-11 00:37:33 EVALUATED cifar100-in-remove__homogeneous__metric-privacy__fedavg__clients-100__seed-43__nm0p0182__clip5__rounds-250__epochs-5__cifar100_scaling__cifar100_cnn round=190 (checkpoint deleted)
2026-08-11 00:37:36 EVALUATED cifar100-in-remove__homogeneous__metric-privacy__fedavg__clients-100__seed-43__nm0p0182__clip5__rounds-250__epochs-5__cifar100_scaling__cifar100_cnn round=200 (checkpoint deleted)
2026-08-11 00:37:39 EVALUATED cifar100-in-remove__homogeneous__metric-privacy__fedavg__clients-100__seed-43__nm0p0182__clip5__rounds-250__epochs-5__cifar100_scaling__cifar100_cnn round=210 (checkpoint deleted)
2026-08-11 00:37:42 EVALUATED cifar100-in-remove__homogeneous__metric-privacy__fedavg__clients-100__seed-43__nm0p0182__clip5__rounds-250__epochs-5__cifar100_scaling__cifar100_cnn round=220 (checkpoint deleted)
2026-08-11 00:37:46 EVALUATED cifar100-in-remove__homogeneous__metric-privacy__fedavg__clients-100__seed-43__nm0p0182__clip5__rounds-250__epochs-5__cifar100_scaling__cifar100_cnn round=230 (checkpoint deleted)
2026-08-11 00:37:49 EVALUATED cifar100-in-remove__homogeneous__metric-privacy__fedavg__clients-100__seed-43__nm0p0182__clip5__rounds-250__epochs-5__cifar100_scaling__cifar100_cnn round=240 (checkpoint deleted)
2026-08-11 00:37:53 EVALUATED cifar100-in-remove__homogeneous__metric-privacy__fedavg__clients-100__seed-43__nm0p0182__clip5__rounds-250__epochs-5__cifar100_scaling__cifar100_cnn round=250 (checkpoint deleted)
2026-08-11 00:37:53 PROGRESS 11/18 (2 failed so far)
2026-08-11 00:37:53 START cifar100-in-remove__homogeneous__metric-privacy__fedavg__clients-100__seed-44__nm0p0182__clip5__rounds-250__epochs-5__cifar100_scaling__cifar100_cnn 
2026-08-11 05:57:12 DONE  cifar100-in-remove__homogeneous__metric-privacy__fedavg__clients-100__seed-44__nm0p0182__clip5__rounds-250__epochs-5__cifar100_scaling__cifar100_cnn (19159.0s)
2026-08-11 05:57:15 EVALUATED cifar100-in-remove__homogeneous__metric-privacy__fedavg__clients-100__seed-44__nm0p0182__clip5__rounds-250__epochs-5__cifar100_scaling__cifar100_cnn round=1 (checkpoint deleted)
2026-08-11 05:57:19 EVALUATED cifar100-in-remove__homogeneous__metric-privacy__fedavg__clients-100__seed-44__nm0p0182__clip5__rounds-250__epochs-5__cifar100_scaling__cifar100_cnn round=10 (checkpoint deleted)
2026-08-11 05:57:22 EVALUATED cifar100-in-remove__homogeneous__metric-privacy__fedavg__clients-100__seed-44__nm0p0182__clip5__rounds-250__epochs-5__cifar100_scaling__cifar100_cnn round=20 (checkpoint deleted)
2026-08-11 05:57:26 EVALUATED cifar100-in-remove__homogeneous__metric-privacy__fedavg__clients-100__seed-44__nm0p0182__clip5__rounds-250__epochs-5__cifar100_scaling__cifar100_cnn round=30 (checkpoint deleted)
2026-08-11 05:57:30 EVALUATED cifar100-in-remove__homogeneous__metric-privacy__fedavg__clients-100__seed-44__nm0p0182__clip5__rounds-250__epochs-5__cifar100_scaling__cifar100_cnn round=40 (checkpoint deleted)
2026-08-11 05:57:34 EVALUATED cifar100-in-remove__homogeneous__metric-privacy__fedavg__clients-100__seed-44__nm0p0182__clip5__rounds-250__epochs-5__cifar100_scaling__cifar100_cnn round=50 (checkpoint deleted)
2026-08-11 05:57:37 EVALUATED cifar100-in-remove__homogeneous__metric-privacy__fedavg__clients-100__seed-44__nm0p0182__clip5__rounds-250__epochs-5__cifar100_scaling__cifar100_cnn round=60 (checkpoint deleted)
2026-08-11 05:57:41 EVALUATED cifar100-in-remove__homogeneous__metric-privacy__fedavg__clients-100__seed-44__nm0p0182__clip5__rounds-250__epochs-5__cifar100_scaling__cifar100_cnn round=70 (checkpoint deleted)
2026-08-11 05:57:44 EVALUATED cifar100-in-remove__homogeneous__metric-privacy__fedavg__clients-100__seed-44__nm0p0182__clip5__rounds-250__epochs-5__cifar100_scaling__cifar100_cnn round=80 (checkpoint deleted)
2026-08-11 05:57:48 EVALUATED cifar100-in-remove__homogeneous__metric-privacy__fedavg__clients-100__seed-44__nm0p0182__clip5__rounds-250__epochs-5__cifar100_scaling__cifar100_cnn round=90 (checkpoint deleted)
2026-08-11 05:57:51 EVALUATED cifar100-in-remove__homogeneous__metric-privacy__fedavg__clients-100__seed-44__nm0p0182__clip5__rounds-250__epochs-5__cifar100_scaling__cifar100_cnn round=100 (checkpoint deleted)
2026-08-11 05:57:55 EVALUATED cifar100-in-remove__homogeneous__metric-privacy__fedavg__clients-100__seed-44__nm0p0182__clip5__rounds-250__epochs-5__cifar100_scaling__cifar100_cnn round=110 (checkpoint deleted)
2026-08-11 05:57:58 EVALUATED cifar100-in-remove__homogeneous__metric-privacy__fedavg__clients-100__seed-44__nm0p0182__clip5__rounds-250__epochs-5__cifar100_scaling__cifar100_cnn round=120 (checkpoint deleted)
2026-08-11 05:58:02 EVALUATED cifar100-in-remove__homogeneous__metric-privacy__fedavg__clients-100__seed-44__nm0p0182__clip5__rounds-250__epochs-5__cifar100_scaling__cifar100_cnn round=130 (checkpoint deleted)
2026-08-11 05:58:06 EVALUATED cifar100-in-remove__homogeneous__metric-privacy__fedavg__clients-100__seed-44__nm0p0182__clip5__rounds-250__epochs-5__cifar100_scaling__cifar100_cnn round=140 (checkpoint deleted)
2026-08-11 05:58:09 EVALUATED cifar100-in-remove__homogeneous__metric-privacy__fedavg__clients-100__seed-44__nm0p0182__clip5__rounds-250__epochs-5__cifar100_scaling__cifar100_cnn round=150 (checkpoint deleted)
2026-08-11 05:58:13 EVALUATED cifar100-in-remove__homogeneous__metric-privacy__fedavg__clients-100__seed-44__nm0p0182__clip5__rounds-250__epochs-5__cifar100_scaling__cifar100_cnn round=160 (checkpoint deleted)
2026-08-11 05:58:16 EVALUATED cifar100-in-remove__homogeneous__metric-privacy__fedavg__clients-100__seed-44__nm0p0182__clip5__rounds-250__epochs-5__cifar100_scaling__cifar100_cnn round=170 (checkpoint deleted)
2026-08-11 05:58:20 EVALUATED cifar100-in-remove__homogeneous__metric-privacy__fedavg__clients-100__seed-44__nm0p0182__clip5__rounds-250__epochs-5__cifar100_scaling__cifar100_cnn round=180 (checkpoint deleted)
2026-08-11 05:58:23 EVALUATED cifar100-in-remove__homogeneous__metric-privacy__fedavg__clients-100__seed-44__nm0p0182__clip5__rounds-250__epochs-5__cifar100_scaling__cifar100_cnn round=190 (checkpoint deleted)
2026-08-11 05:58:27 EVALUATED cifar100-in-remove__homogeneous__metric-privacy__fedavg__clients-100__seed-44__nm0p0182__clip5__rounds-250__epochs-5__cifar100_scaling__cifar100_cnn round=200 (checkpoint deleted)
2026-08-11 05:58:30 EVALUATED cifar100-in-remove__homogeneous__metric-privacy__fedavg__clients-100__seed-44__nm0p0182__clip5__rounds-250__epochs-5__cifar100_scaling__cifar100_cnn round=210 (checkpoint deleted)
2026-08-11 05:58:34 EVALUATED cifar100-in-remove__homogeneous__metric-privacy__fedavg__clients-100__seed-44__nm0p0182__clip5__rounds-250__epochs-5__cifar100_scaling__cifar100_cnn round=220 (checkpoint deleted)
2026-08-11 05:58:37 EVALUATED cifar100-in-remove__homogeneous__metric-privacy__fedavg__clients-100__seed-44__nm0p0182__clip5__rounds-250__epochs-5__cifar100_scaling__cifar100_cnn round=230 (checkpoint deleted)
2026-08-11 05:58:40 EVALUATED cifar100-in-remove__homogeneous__metric-privacy__fedavg__clients-100__seed-44__nm0p0182__clip5__rounds-250__epochs-5__cifar100_scaling__cifar100_cnn round=240 (checkpoint deleted)
2026-08-11 05:58:44 EVALUATED cifar100-in-remove__homogeneous__metric-privacy__fedavg__clients-100__seed-44__nm0p0182__clip5__rounds-250__epochs-5__cifar100_scaling__cifar100_cnn round=250 (checkpoint deleted)
2026-08-11 05:58:44 PROGRESS 12/18 (2 failed so far)
2026-08-11 05:58:44 START cifar100-in-remove__non-iid__vanilla__fedavg__clients-100__seed-43__nm0p0182__clip5__rounds-250__epochs-5__cifar100_scaling__cifar100_cnn 
2026-08-11 07:08:22 DONE  cifar100-in-remove__non-iid__vanilla__fedavg__clients-100__seed-43__nm0p0182__clip5__rounds-250__epochs-5__cifar100_scaling__cifar100_cnn (4177.9s)
2026-08-11 07:08:25 EVALUATED cifar100-in-remove__non-iid__vanilla__fedavg__clients-100__seed-43__nm0p0182__clip5__rounds-250__epochs-5__cifar100_scaling__cifar100_cnn round=1 (checkpoint deleted)
2026-08-11 07:08:28 EVALUATED cifar100-in-remove__non-iid__vanilla__fedavg__clients-100__seed-43__nm0p0182__clip5__rounds-250__epochs-5__cifar100_scaling__cifar100_cnn round=10 (checkpoint deleted)
2026-08-11 07:08:31 EVALUATED cifar100-in-remove__non-iid__vanilla__fedavg__clients-100__seed-43__nm0p0182__clip5__rounds-250__epochs-5__cifar100_scaling__cifar100_cnn round=20 (checkpoint deleted)
2026-08-11 07:08:34 EVALUATED cifar100-in-remove__non-iid__vanilla__fedavg__clients-100__seed-43__nm0p0182__clip5__rounds-250__epochs-5__cifar100_scaling__cifar100_cnn round=30 (checkpoint deleted)
2026-08-11 07:08:38 EVALUATED cifar100-in-remove__non-iid__vanilla__fedavg__clients-100__seed-43__nm0p0182__clip5__rounds-250__epochs-5__cifar100_scaling__cifar100_cnn round=40 (checkpoint deleted)
2026-08-11 07:08:41 EVALUATED cifar100-in-remove__non-iid__vanilla__fedavg__clients-100__seed-43__nm0p0182__clip5__rounds-250__epochs-5__cifar100_scaling__cifar100_cnn round=50 (checkpoint deleted)
2026-08-11 07:08:44 EVALUATED cifar100-in-remove__non-iid__vanilla__fedavg__clients-100__seed-43__nm0p0182__clip5__rounds-250__epochs-5__cifar100_scaling__cifar100_cnn round=60 (checkpoint deleted)
2026-08-11 07:08:47 EVALUATED cifar100-in-remove__non-iid__vanilla__fedavg__clients-100__seed-43__nm0p0182__clip5__rounds-250__epochs-5__cifar100_scaling__cifar100_cnn round=70 (checkpoint deleted)
2026-08-11 07:08:50 EVALUATED cifar100-in-remove__non-iid__vanilla__fedavg__clients-100__seed-43__nm0p0182__clip5__rounds-250__epochs-5__cifar100_scaling__cifar100_cnn round=80 (checkpoint deleted)
2026-08-11 07:08:53 EVALUATED cifar100-in-remove__non-iid__vanilla__fedavg__clients-100__seed-43__nm0p0182__clip5__rounds-250__epochs-5__cifar100_scaling__cifar100_cnn round=90 (checkpoint deleted)
2026-08-11 07:08:56 EVALUATED cifar100-in-remove__non-iid__vanilla__fedavg__clients-100__seed-43__nm0p0182__clip5__rounds-250__epochs-5__cifar100_scaling__cifar100_cnn round=100 (checkpoint deleted)
2026-08-11 07:09:00 EVALUATED cifar100-in-remove__non-iid__vanilla__fedavg__clients-100__seed-43__nm0p0182__clip5__rounds-250__epochs-5__cifar100_scaling__cifar100_cnn round=110 (checkpoint deleted)
2026-08-11 07:09:03 EVALUATED cifar100-in-remove__non-iid__vanilla__fedavg__clients-100__seed-43__nm0p0182__clip5__rounds-250__epochs-5__cifar100_scaling__cifar100_cnn round=120 (checkpoint deleted)
2026-08-11 07:09:06 EVALUATED cifar100-in-remove__non-iid__vanilla__fedavg__clients-100__seed-43__nm0p0182__clip5__rounds-250__epochs-5__cifar100_scaling__cifar100_cnn round=130 (checkpoint deleted)
2026-08-11 07:09:09 EVALUATED cifar100-in-remove__non-iid__vanilla__fedavg__clients-100__seed-43__nm0p0182__clip5__rounds-250__epochs-5__cifar100_scaling__cifar100_cnn round=140 (checkpoint deleted)
2026-08-11 07:09:12 EVALUATED cifar100-in-remove__non-iid__vanilla__fedavg__clients-100__seed-43__nm0p0182__clip5__rounds-250__epochs-5__cifar100_scaling__cifar100_cnn round=150 (checkpoint deleted)
2026-08-11 07:09:16 EVALUATED cifar100-in-remove__non-iid__vanilla__fedavg__clients-100__seed-43__nm0p0182__clip5__rounds-250__epochs-5__cifar100_scaling__cifar100_cnn round=160 (checkpoint deleted)
2026-08-11 07:09:19 EVALUATED cifar100-in-remove__non-iid__vanilla__fedavg__clients-100__seed-43__nm0p0182__clip5__rounds-250__epochs-5__cifar100_scaling__cifar100_cnn round=170 (checkpoint deleted)
2026-08-11 07:09:22 EVALUATED cifar100-in-remove__non-iid__vanilla__fedavg__clients-100__seed-43__nm0p0182__clip5__rounds-250__epochs-5__cifar100_scaling__cifar100_cnn round=180 (checkpoint deleted)
2026-08-11 07:09:25 EVALUATED cifar100-in-remove__non-iid__vanilla__fedavg__clients-100__seed-43__nm0p0182__clip5__rounds-250__epochs-5__cifar100_scaling__cifar100_cnn round=190 (checkpoint deleted)
2026-08-11 07:09:29 EVALUATED cifar100-in-remove__non-iid__vanilla__fedavg__clients-100__seed-43__nm0p0182__clip5__rounds-250__epochs-5__cifar100_scaling__cifar100_cnn round=200 (checkpoint deleted)
2026-08-11 07:09:32 EVALUATED cifar100-in-remove__non-iid__vanilla__fedavg__clients-100__seed-43__nm0p0182__clip5__rounds-250__epochs-5__cifar100_scaling__cifar100_cnn round=210 (checkpoint deleted)
2026-08-11 07:09:36 EVALUATED cifar100-in-remove__non-iid__vanilla__fedavg__clients-100__seed-43__nm0p0182__clip5__rounds-250__epochs-5__cifar100_scaling__cifar100_cnn round=220 (checkpoint deleted)
2026-08-11 07:09:39 EVALUATED cifar100-in-remove__non-iid__vanilla__fedavg__clients-100__seed-43__nm0p0182__clip5__rounds-250__epochs-5__cifar100_scaling__cifar100_cnn round=230 (checkpoint deleted)
2026-08-11 07:09:42 EVALUATED cifar100-in-remove__non-iid__vanilla__fedavg__clients-100__seed-43__nm0p0182__clip5__rounds-250__epochs-5__cifar100_scaling__cifar100_cnn round=240 (checkpoint deleted)
2026-08-11 07:09:46 EVALUATED cifar100-in-remove__non-iid__vanilla__fedavg__clients-100__seed-43__nm0p0182__clip5__rounds-250__epochs-5__cifar100_scaling__cifar100_cnn round=250 (checkpoint deleted)
2026-08-11 07:09:46 PROGRESS 13/18 (2 failed so far)
2026-08-11 07:09:46 START cifar100-in-remove__non-iid__vanilla__fedavg__clients-100__seed-44__nm0p0182__clip5__rounds-250__epochs-5__cifar100_scaling__cifar100_cnn 
2026-08-11 10:57:05 DONE  cifar100-in-remove__non-iid__vanilla__fedavg__clients-100__seed-44__nm0p0182__clip5__rounds-250__epochs-5__cifar100_scaling__cifar100_cnn (13638.9s)
2026-08-11 10:57:08 EVALUATED cifar100-in-remove__non-iid__vanilla__fedavg__clients-100__seed-44__nm0p0182__clip5__rounds-250__epochs-5__cifar100_scaling__cifar100_cnn round=1 (checkpoint deleted)
2026-08-11 10:57:11 EVALUATED cifar100-in-remove__non-iid__vanilla__fedavg__clients-100__seed-44__nm0p0182__clip5__rounds-250__epochs-5__cifar100_scaling__cifar100_cnn round=10 (checkpoint deleted)
2026-08-11 10:57:15 EVALUATED cifar100-in-remove__non-iid__vanilla__fedavg__clients-100__seed-44__nm0p0182__clip5__rounds-250__epochs-5__cifar100_scaling__cifar100_cnn round=20 (checkpoint deleted)
2026-08-11 10:57:18 EVALUATED cifar100-in-remove__non-iid__vanilla__fedavg__clients-100__seed-44__nm0p0182__clip5__rounds-250__epochs-5__cifar100_scaling__cifar100_cnn round=30 (checkpoint deleted)
2026-08-11 10:57:22 EVALUATED cifar100-in-remove__non-iid__vanilla__fedavg__clients-100__seed-44__nm0p0182__clip5__rounds-250__epochs-5__cifar100_scaling__cifar100_cnn round=40 (checkpoint deleted)
2026-08-11 10:57:25 EVALUATED cifar100-in-remove__non-iid__vanilla__fedavg__clients-100__seed-44__nm0p0182__clip5__rounds-250__epochs-5__cifar100_scaling__cifar100_cnn round=50 (checkpoint deleted)
2026-08-11 10:57:29 EVALUATED cifar100-in-remove__non-iid__vanilla__fedavg__clients-100__seed-44__nm0p0182__clip5__rounds-250__epochs-5__cifar100_scaling__cifar100_cnn round=60 (checkpoint deleted)
2026-08-11 10:57:33 EVALUATED cifar100-in-remove__non-iid__vanilla__fedavg__clients-100__seed-44__nm0p0182__clip5__rounds-250__epochs-5__cifar100_scaling__cifar100_cnn round=70 (checkpoint deleted)
2026-08-11 10:57:37 EVALUATED cifar100-in-remove__non-iid__vanilla__fedavg__clients-100__seed-44__nm0p0182__clip5__rounds-250__epochs-5__cifar100_scaling__cifar100_cnn round=80 (checkpoint deleted)
2026-08-11 10:57:40 EVALUATED cifar100-in-remove__non-iid__vanilla__fedavg__clients-100__seed-44__nm0p0182__clip5__rounds-250__epochs-5__cifar100_scaling__cifar100_cnn round=90 (checkpoint deleted)
2026-08-11 10:57:44 EVALUATED cifar100-in-remove__non-iid__vanilla__fedavg__clients-100__seed-44__nm0p0182__clip5__rounds-250__epochs-5__cifar100_scaling__cifar100_cnn round=100 (checkpoint deleted)
2026-08-11 10:57:47 EVALUATED cifar100-in-remove__non-iid__vanilla__fedavg__clients-100__seed-44__nm0p0182__clip5__rounds-250__epochs-5__cifar100_scaling__cifar100_cnn round=110 (checkpoint deleted)
2026-08-11 10:57:51 EVALUATED cifar100-in-remove__non-iid__vanilla__fedavg__clients-100__seed-44__nm0p0182__clip5__rounds-250__epochs-5__cifar100_scaling__cifar100_cnn round=120 (checkpoint deleted)
2026-08-11 10:57:55 EVALUATED cifar100-in-remove__non-iid__vanilla__fedavg__clients-100__seed-44__nm0p0182__clip5__rounds-250__epochs-5__cifar100_scaling__cifar100_cnn round=130 (checkpoint deleted)
2026-08-11 10:57:59 EVALUATED cifar100-in-remove__non-iid__vanilla__fedavg__clients-100__seed-44__nm0p0182__clip5__rounds-250__epochs-5__cifar100_scaling__cifar100_cnn round=140 (checkpoint deleted)
2026-08-11 10:58:02 EVALUATED cifar100-in-remove__non-iid__vanilla__fedavg__clients-100__seed-44__nm0p0182__clip5__rounds-250__epochs-5__cifar100_scaling__cifar100_cnn round=150 (checkpoint deleted)
2026-08-11 10:58:06 EVALUATED cifar100-in-remove__non-iid__vanilla__fedavg__clients-100__seed-44__nm0p0182__clip5__rounds-250__epochs-5__cifar100_scaling__cifar100_cnn round=160 (checkpoint deleted)
2026-08-11 10:58:10 EVALUATED cifar100-in-remove__non-iid__vanilla__fedavg__clients-100__seed-44__nm0p0182__clip5__rounds-250__epochs-5__cifar100_scaling__cifar100_cnn round=170 (checkpoint deleted)
2026-08-11 10:58:13 EVALUATED cifar100-in-remove__non-iid__vanilla__fedavg__clients-100__seed-44__nm0p0182__clip5__rounds-250__epochs-5__cifar100_scaling__cifar100_cnn round=180 (checkpoint deleted)
2026-08-11 10:58:17 EVALUATED cifar100-in-remove__non-iid__vanilla__fedavg__clients-100__seed-44__nm0p0182__clip5__rounds-250__epochs-5__cifar100_scaling__cifar100_cnn round=190 (checkpoint deleted)
2026-08-11 10:58:21 EVALUATED cifar100-in-remove__non-iid__vanilla__fedavg__clients-100__seed-44__nm0p0182__clip5__rounds-250__epochs-5__cifar100_scaling__cifar100_cnn round=200 (checkpoint deleted)
2026-08-11 10:58:25 EVALUATED cifar100-in-remove__non-iid__vanilla__fedavg__clients-100__seed-44__nm0p0182__clip5__rounds-250__epochs-5__cifar100_scaling__cifar100_cnn round=210 (checkpoint deleted)
2026-08-11 10:58:28 EVALUATED cifar100-in-remove__non-iid__vanilla__fedavg__clients-100__seed-44__nm0p0182__clip5__rounds-250__epochs-5__cifar100_scaling__cifar100_cnn round=220 (checkpoint deleted)
2026-08-11 10:58:32 EVALUATED cifar100-in-remove__non-iid__vanilla__fedavg__clients-100__seed-44__nm0p0182__clip5__rounds-250__epochs-5__cifar100_scaling__cifar100_cnn round=230 (checkpoint deleted)
2026-08-11 10:58:36 EVALUATED cifar100-in-remove__non-iid__vanilla__fedavg__clients-100__seed-44__nm0p0182__clip5__rounds-250__epochs-5__cifar100_scaling__cifar100_cnn round=240 (checkpoint deleted)
2026-08-11 10:58:39 EVALUATED cifar100-in-remove__non-iid__vanilla__fedavg__clients-100__seed-44__nm0p0182__clip5__rounds-250__epochs-5__cifar100_scaling__cifar100_cnn round=250 (checkpoint deleted)
2026-08-11 10:58:39 PROGRESS 14/18 (2 failed so far)
2026-08-11 10:58:39 START cifar100-in-remove__non-iid__global-dp__fedavg__clients-100__seed-43__nm0p0182__clip5__rounds-250__epochs-5__cifar100_scaling__cifar100_cnn 
2026-08-11 15:53:39 DONE  cifar100-in-remove__non-iid__global-dp__fedavg__clients-100__seed-43__nm0p0182__clip5__rounds-250__epochs-5__cifar100_scaling__cifar100_cnn (17700.1s)
2026-08-11 15:53:43 EVALUATED cifar100-in-remove__non-iid__global-dp__fedavg__clients-100__seed-43__nm0p0182__clip5__rounds-250__epochs-5__cifar100_scaling__cifar100_cnn round=1 (checkpoint deleted)
2026-08-11 15:53:47 EVALUATED cifar100-in-remove__non-iid__global-dp__fedavg__clients-100__seed-43__nm0p0182__clip5__rounds-250__epochs-5__cifar100_scaling__cifar100_cnn round=10 (checkpoint deleted)
2026-08-11 15:53:51 EVALUATED cifar100-in-remove__non-iid__global-dp__fedavg__clients-100__seed-43__nm0p0182__clip5__rounds-250__epochs-5__cifar100_scaling__cifar100_cnn round=20 (checkpoint deleted)
2026-08-11 15:53:55 EVALUATED cifar100-in-remove__non-iid__global-dp__fedavg__clients-100__seed-43__nm0p0182__clip5__rounds-250__epochs-5__cifar100_scaling__cifar100_cnn round=30 (checkpoint deleted)
2026-08-11 15:53:59 EVALUATED cifar100-in-remove__non-iid__global-dp__fedavg__clients-100__seed-43__nm0p0182__clip5__rounds-250__epochs-5__cifar100_scaling__cifar100_cnn round=40 (checkpoint deleted)
2026-08-11 15:54:03 EVALUATED cifar100-in-remove__non-iid__global-dp__fedavg__clients-100__seed-43__nm0p0182__clip5__rounds-250__epochs-5__cifar100_scaling__cifar100_cnn round=50 (checkpoint deleted)
2026-08-11 15:54:07 EVALUATED cifar100-in-remove__non-iid__global-dp__fedavg__clients-100__seed-43__nm0p0182__clip5__rounds-250__epochs-5__cifar100_scaling__cifar100_cnn round=60 (checkpoint deleted)
2026-08-11 15:54:10 EVALUATED cifar100-in-remove__non-iid__global-dp__fedavg__clients-100__seed-43__nm0p0182__clip5__rounds-250__epochs-5__cifar100_scaling__cifar100_cnn round=70 (checkpoint deleted)
2026-08-11 15:54:14 EVALUATED cifar100-in-remove__non-iid__global-dp__fedavg__clients-100__seed-43__nm0p0182__clip5__rounds-250__epochs-5__cifar100_scaling__cifar100_cnn round=80 (checkpoint deleted)
2026-08-11 15:54:18 EVALUATED cifar100-in-remove__non-iid__global-dp__fedavg__clients-100__seed-43__nm0p0182__clip5__rounds-250__epochs-5__cifar100_scaling__cifar100_cnn round=90 (checkpoint deleted)
2026-08-11 15:54:22 EVALUATED cifar100-in-remove__non-iid__global-dp__fedavg__clients-100__seed-43__nm0p0182__clip5__rounds-250__epochs-5__cifar100_scaling__cifar100_cnn round=100 (checkpoint deleted)
2026-08-11 15:54:26 EVALUATED cifar100-in-remove__non-iid__global-dp__fedavg__clients-100__seed-43__nm0p0182__clip5__rounds-250__epochs-5__cifar100_scaling__cifar100_cnn round=110 (checkpoint deleted)
2026-08-11 15:54:29 EVALUATED cifar100-in-remove__non-iid__global-dp__fedavg__clients-100__seed-43__nm0p0182__clip5__rounds-250__epochs-5__cifar100_scaling__cifar100_cnn round=120 (checkpoint deleted)
2026-08-11 15:54:33 EVALUATED cifar100-in-remove__non-iid__global-dp__fedavg__clients-100__seed-43__nm0p0182__clip5__rounds-250__epochs-5__cifar100_scaling__cifar100_cnn round=130 (checkpoint deleted)
2026-08-11 15:54:37 EVALUATED cifar100-in-remove__non-iid__global-dp__fedavg__clients-100__seed-43__nm0p0182__clip5__rounds-250__epochs-5__cifar100_scaling__cifar100_cnn round=140 (checkpoint deleted)
2026-08-11 15:54:41 EVALUATED cifar100-in-remove__non-iid__global-dp__fedavg__clients-100__seed-43__nm0p0182__clip5__rounds-250__epochs-5__cifar100_scaling__cifar100_cnn round=150 (checkpoint deleted)
2026-08-11 15:54:45 EVALUATED cifar100-in-remove__non-iid__global-dp__fedavg__clients-100__seed-43__nm0p0182__clip5__rounds-250__epochs-5__cifar100_scaling__cifar100_cnn round=160 (checkpoint deleted)
2026-08-11 15:54:48 EVALUATED cifar100-in-remove__non-iid__global-dp__fedavg__clients-100__seed-43__nm0p0182__clip5__rounds-250__epochs-5__cifar100_scaling__cifar100_cnn round=170 (checkpoint deleted)
2026-08-11 15:54:52 EVALUATED cifar100-in-remove__non-iid__global-dp__fedavg__clients-100__seed-43__nm0p0182__clip5__rounds-250__epochs-5__cifar100_scaling__cifar100_cnn round=180 (checkpoint deleted)
2026-08-11 15:54:55 EVALUATED cifar100-in-remove__non-iid__global-dp__fedavg__clients-100__seed-43__nm0p0182__clip5__rounds-250__epochs-5__cifar100_scaling__cifar100_cnn round=190 (checkpoint deleted)
2026-08-11 15:54:59 EVALUATED cifar100-in-remove__non-iid__global-dp__fedavg__clients-100__seed-43__nm0p0182__clip5__rounds-250__epochs-5__cifar100_scaling__cifar100_cnn round=200 (checkpoint deleted)
2026-08-11 15:55:03 EVALUATED cifar100-in-remove__non-iid__global-dp__fedavg__clients-100__seed-43__nm0p0182__clip5__rounds-250__epochs-5__cifar100_scaling__cifar100_cnn round=210 (checkpoint deleted)
2026-08-11 15:55:07 EVALUATED cifar100-in-remove__non-iid__global-dp__fedavg__clients-100__seed-43__nm0p0182__clip5__rounds-250__epochs-5__cifar100_scaling__cifar100_cnn round=220 (checkpoint deleted)
2026-08-11 15:55:10 EVALUATED cifar100-in-remove__non-iid__global-dp__fedavg__clients-100__seed-43__nm0p0182__clip5__rounds-250__epochs-5__cifar100_scaling__cifar100_cnn round=230 (checkpoint deleted)
2026-08-11 15:55:14 EVALUATED cifar100-in-remove__non-iid__global-dp__fedavg__clients-100__seed-43__nm0p0182__clip5__rounds-250__epochs-5__cifar100_scaling__cifar100_cnn round=240 (checkpoint deleted)
2026-08-11 15:55:17 EVALUATED cifar100-in-remove__non-iid__global-dp__fedavg__clients-100__seed-43__nm0p0182__clip5__rounds-250__epochs-5__cifar100_scaling__cifar100_cnn round=250 (checkpoint deleted)
2026-08-11 15:55:17 PROGRESS 15/18 (2 failed so far)
2026-08-11 15:55:17 START cifar100-in-remove__non-iid__global-dp__fedavg__clients-100__seed-44__nm0p0182__clip5__rounds-250__epochs-5__cifar100_scaling__cifar100_cnn 
2026-08-11 18:04:48 FAILED cifar100-in-remove__non-iid__global-dp__fedavg__clients-100__seed-44__nm0p0182__clip5__rounds-250__epochs-5__cifar100_scaling__cifar100_cnn (exit=1, 7770.2s)
2026-08-11 18:04:48 PROGRESS 16/18 (3 failed so far)
2026-08-11 18:04:48 START cifar100-in-remove__non-iid__metric-privacy__fedavg__clients-100__seed-43__nm0p0182__clip5__rounds-250__epochs-5__cifar100_scaling__cifar100_cnn 
2026-08-11 18:48:59 DONE  cifar100-in-remove__non-iid__metric-privacy__fedavg__clients-100__seed-43__nm0p0182__clip5__rounds-250__epochs-5__cifar100_scaling__cifar100_cnn (2651.6s)
2026-08-11 18:49:03 EVALUATED cifar100-in-remove__non-iid__metric-privacy__fedavg__clients-100__seed-43__nm0p0182__clip5__rounds-250__epochs-5__cifar100_scaling__cifar100_cnn round=1 (checkpoint deleted)
2026-08-11 18:49:07 EVALUATED cifar100-in-remove__non-iid__metric-privacy__fedavg__clients-100__seed-43__nm0p0182__clip5__rounds-250__epochs-5__cifar100_scaling__cifar100_cnn round=10 (checkpoint deleted)
2026-08-11 18:49:11 EVALUATED cifar100-in-remove__non-iid__metric-privacy__fedavg__clients-100__seed-43__nm0p0182__clip5__rounds-250__epochs-5__cifar100_scaling__cifar100_cnn round=20 (checkpoint deleted)
2026-08-11 18:49:14 EVALUATED cifar100-in-remove__non-iid__metric-privacy__fedavg__clients-100__seed-43__nm0p0182__clip5__rounds-250__epochs-5__cifar100_scaling__cifar100_cnn round=30 (checkpoint deleted)
2026-08-11 18:49:18 EVALUATED cifar100-in-remove__non-iid__metric-privacy__fedavg__clients-100__seed-43__nm0p0182__clip5__rounds-250__epochs-5__cifar100_scaling__cifar100_cnn round=40 (checkpoint deleted)
2026-08-11 18:49:22 EVALUATED cifar100-in-remove__non-iid__metric-privacy__fedavg__clients-100__seed-43__nm0p0182__clip5__rounds-250__epochs-5__cifar100_scaling__cifar100_cnn round=50 (checkpoint deleted)
2026-08-11 18:49:26 EVALUATED cifar100-in-remove__non-iid__metric-privacy__fedavg__clients-100__seed-43__nm0p0182__clip5__rounds-250__epochs-5__cifar100_scaling__cifar100_cnn round=60 (checkpoint deleted)
2026-08-11 18:49:29 EVALUATED cifar100-in-remove__non-iid__metric-privacy__fedavg__clients-100__seed-43__nm0p0182__clip5__rounds-250__epochs-5__cifar100_scaling__cifar100_cnn round=70 (checkpoint deleted)
2026-08-11 18:49:33 EVALUATED cifar100-in-remove__non-iid__metric-privacy__fedavg__clients-100__seed-43__nm0p0182__clip5__rounds-250__epochs-5__cifar100_scaling__cifar100_cnn round=80 (checkpoint deleted)
2026-08-11 18:49:37 EVALUATED cifar100-in-remove__non-iid__metric-privacy__fedavg__clients-100__seed-43__nm0p0182__clip5__rounds-250__epochs-5__cifar100_scaling__cifar100_cnn round=90 (checkpoint deleted)
2026-08-11 18:49:40 EVALUATED cifar100-in-remove__non-iid__metric-privacy__fedavg__clients-100__seed-43__nm0p0182__clip5__rounds-250__epochs-5__cifar100_scaling__cifar100_cnn round=100 (checkpoint deleted)
2026-08-11 18:49:44 EVALUATED cifar100-in-remove__non-iid__metric-privacy__fedavg__clients-100__seed-43__nm0p0182__clip5__rounds-250__epochs-5__cifar100_scaling__cifar100_cnn round=110 (checkpoint deleted)
2026-08-11 18:49:48 EVALUATED cifar100-in-remove__non-iid__metric-privacy__fedavg__clients-100__seed-43__nm0p0182__clip5__rounds-250__epochs-5__cifar100_scaling__cifar100_cnn round=120 (checkpoint deleted)
2026-08-11 18:49:52 EVALUATED cifar100-in-remove__non-iid__metric-privacy__fedavg__clients-100__seed-43__nm0p0182__clip5__rounds-250__epochs-5__cifar100_scaling__cifar100_cnn round=130 (checkpoint deleted)
2026-08-11 18:49:55 EVALUATED cifar100-in-remove__non-iid__metric-privacy__fedavg__clients-100__seed-43__nm0p0182__clip5__rounds-250__epochs-5__cifar100_scaling__cifar100_cnn round=140 (checkpoint deleted)
2026-08-11 18:49:59 EVALUATED cifar100-in-remove__non-iid__metric-privacy__fedavg__clients-100__seed-43__nm0p0182__clip5__rounds-250__epochs-5__cifar100_scaling__cifar100_cnn round=150 (checkpoint deleted)
2026-08-11 18:50:03 EVALUATED cifar100-in-remove__non-iid__metric-privacy__fedavg__clients-100__seed-43__nm0p0182__clip5__rounds-250__epochs-5__cifar100_scaling__cifar100_cnn round=160 (checkpoint deleted)
2026-08-11 18:50:07 EVALUATED cifar100-in-remove__non-iid__metric-privacy__fedavg__clients-100__seed-43__nm0p0182__clip5__rounds-250__epochs-5__cifar100_scaling__cifar100_cnn round=170 (checkpoint deleted)
2026-08-11 18:50:11 EVALUATED cifar100-in-remove__non-iid__metric-privacy__fedavg__clients-100__seed-43__nm0p0182__clip5__rounds-250__epochs-5__cifar100_scaling__cifar100_cnn round=180 (checkpoint deleted)
2026-08-11 18:50:15 EVALUATED cifar100-in-remove__non-iid__metric-privacy__fedavg__clients-100__seed-43__nm0p0182__clip5__rounds-250__epochs-5__cifar100_scaling__cifar100_cnn round=190 (checkpoint deleted)
2026-08-11 18:50:18 EVALUATED cifar100-in-remove__non-iid__metric-privacy__fedavg__clients-100__seed-43__nm0p0182__clip5__rounds-250__epochs-5__cifar100_scaling__cifar100_cnn round=200 (checkpoint deleted)
2026-08-11 18:50:22 EVALUATED cifar100-in-remove__non-iid__metric-privacy__fedavg__clients-100__seed-43__nm0p0182__clip5__rounds-250__epochs-5__cifar100_scaling__cifar100_cnn round=210 (checkpoint deleted)
2026-08-11 18:50:26 EVALUATED cifar100-in-remove__non-iid__metric-privacy__fedavg__clients-100__seed-43__nm0p0182__clip5__rounds-250__epochs-5__cifar100_scaling__cifar100_cnn round=220 (checkpoint deleted)
2026-08-11 18:50:30 EVALUATED cifar100-in-remove__non-iid__metric-privacy__fedavg__clients-100__seed-43__nm0p0182__clip5__rounds-250__epochs-5__cifar100_scaling__cifar100_cnn round=230 (checkpoint deleted)
2026-08-11 18:50:34 EVALUATED cifar100-in-remove__non-iid__metric-privacy__fedavg__clients-100__seed-43__nm0p0182__clip5__rounds-250__epochs-5__cifar100_scaling__cifar100_cnn round=240 (checkpoint deleted)
2026-08-11 18:50:38 EVALUATED cifar100-in-remove__non-iid__metric-privacy__fedavg__clients-100__seed-43__nm0p0182__clip5__rounds-250__epochs-5__cifar100_scaling__cifar100_cnn round=250 (checkpoint deleted)
2026-08-11 18:50:38 PROGRESS 17/18 (3 failed so far)
2026-08-11 18:50:38 START cifar100-in-remove__non-iid__metric-privacy__fedavg__clients-100__seed-44__nm0p0182__clip5__rounds-250__epochs-5__cifar100_scaling__cifar100_cnn 
2026-08-11 21:42:25 DONE  cifar100-in-remove__non-iid__metric-privacy__fedavg__clients-100__seed-44__nm0p0182__clip5__rounds-250__epochs-5__cifar100_scaling__cifar100_cnn (10307.4s)
2026-08-11 21:42:29 EVALUATED cifar100-in-remove__non-iid__metric-privacy__fedavg__clients-100__seed-44__nm0p0182__clip5__rounds-250__epochs-5__cifar100_scaling__cifar100_cnn round=1 (checkpoint deleted)
2026-08-11 21:42:32 EVALUATED cifar100-in-remove__non-iid__metric-privacy__fedavg__clients-100__seed-44__nm0p0182__clip5__rounds-250__epochs-5__cifar100_scaling__cifar100_cnn round=10 (checkpoint deleted)
2026-08-11 21:42:35 EVALUATED cifar100-in-remove__non-iid__metric-privacy__fedavg__clients-100__seed-44__nm0p0182__clip5__rounds-250__epochs-5__cifar100_scaling__cifar100_cnn round=20 (checkpoint deleted)
2026-08-11 21:42:39 EVALUATED cifar100-in-remove__non-iid__metric-privacy__fedavg__clients-100__seed-44__nm0p0182__clip5__rounds-250__epochs-5__cifar100_scaling__cifar100_cnn round=30 (checkpoint deleted)
2026-08-11 21:42:42 EVALUATED cifar100-in-remove__non-iid__metric-privacy__fedavg__clients-100__seed-44__nm0p0182__clip5__rounds-250__epochs-5__cifar100_scaling__cifar100_cnn round=40 (checkpoint deleted)
2026-08-11 21:42:46 EVALUATED cifar100-in-remove__non-iid__metric-privacy__fedavg__clients-100__seed-44__nm0p0182__clip5__rounds-250__epochs-5__cifar100_scaling__cifar100_cnn round=50 (checkpoint deleted)
2026-08-11 21:42:49 EVALUATED cifar100-in-remove__non-iid__metric-privacy__fedavg__clients-100__seed-44__nm0p0182__clip5__rounds-250__epochs-5__cifar100_scaling__cifar100_cnn round=60 (checkpoint deleted)
2026-08-11 21:42:53 EVALUATED cifar100-in-remove__non-iid__metric-privacy__fedavg__clients-100__seed-44__nm0p0182__clip5__rounds-250__epochs-5__cifar100_scaling__cifar100_cnn round=70 (checkpoint deleted)
2026-08-11 21:42:56 EVALUATED cifar100-in-remove__non-iid__metric-privacy__fedavg__clients-100__seed-44__nm0p0182__clip5__rounds-250__epochs-5__cifar100_scaling__cifar100_cnn round=80 (checkpoint deleted)
2026-08-11 21:43:00 EVALUATED cifar100-in-remove__non-iid__metric-privacy__fedavg__clients-100__seed-44__nm0p0182__clip5__rounds-250__epochs-5__cifar100_scaling__cifar100_cnn round=90 (checkpoint deleted)
2026-08-11 21:43:03 EVALUATED cifar100-in-remove__non-iid__metric-privacy__fedavg__clients-100__seed-44__nm0p0182__clip5__rounds-250__epochs-5__cifar100_scaling__cifar100_cnn round=100 (checkpoint deleted)
2026-08-11 21:43:07 EVALUATED cifar100-in-remove__non-iid__metric-privacy__fedavg__clients-100__seed-44__nm0p0182__clip5__rounds-250__epochs-5__cifar100_scaling__cifar100_cnn round=110 (checkpoint deleted)
2026-08-11 21:43:10 EVALUATED cifar100-in-remove__non-iid__metric-privacy__fedavg__clients-100__seed-44__nm0p0182__clip5__rounds-250__epochs-5__cifar100_scaling__cifar100_cnn round=120 (checkpoint deleted)
2026-08-11 21:43:14 EVALUATED cifar100-in-remove__non-iid__metric-privacy__fedavg__clients-100__seed-44__nm0p0182__clip5__rounds-250__epochs-5__cifar100_scaling__cifar100_cnn round=130 (checkpoint deleted)
2026-08-11 21:43:17 EVALUATED cifar100-in-remove__non-iid__metric-privacy__fedavg__clients-100__seed-44__nm0p0182__clip5__rounds-250__epochs-5__cifar100_scaling__cifar100_cnn round=140 (checkpoint deleted)
2026-08-11 21:43:20 EVALUATED cifar100-in-remove__non-iid__metric-privacy__fedavg__clients-100__seed-44__nm0p0182__clip5__rounds-250__epochs-5__cifar100_scaling__cifar100_cnn round=150 (checkpoint deleted)
2026-08-11 21:43:24 EVALUATED cifar100-in-remove__non-iid__metric-privacy__fedavg__clients-100__seed-44__nm0p0182__clip5__rounds-250__epochs-5__cifar100_scaling__cifar100_cnn round=160 (checkpoint deleted)
2026-08-11 21:43:27 EVALUATED cifar100-in-remove__non-iid__metric-privacy__fedavg__clients-100__seed-44__nm0p0182__clip5__rounds-250__epochs-5__cifar100_scaling__cifar100_cnn round=170 (checkpoint deleted)
2026-08-11 21:43:31 EVALUATED cifar100-in-remove__non-iid__metric-privacy__fedavg__clients-100__seed-44__nm0p0182__clip5__rounds-250__epochs-5__cifar100_scaling__cifar100_cnn round=180 (checkpoint deleted)
2026-08-11 21:43:34 EVALUATED cifar100-in-remove__non-iid__metric-privacy__fedavg__clients-100__seed-44__nm0p0182__clip5__rounds-250__epochs-5__cifar100_scaling__cifar100_cnn round=190 (checkpoint deleted)
2026-08-11 21:43:38 EVALUATED cifar100-in-remove__non-iid__metric-privacy__fedavg__clients-100__seed-44__nm0p0182__clip5__rounds-250__epochs-5__cifar100_scaling__cifar100_cnn round=200 (checkpoint deleted)
2026-08-11 21:43:41 EVALUATED cifar100-in-remove__non-iid__metric-privacy__fedavg__clients-100__seed-44__nm0p0182__clip5__rounds-250__epochs-5__cifar100_scaling__cifar100_cnn round=210 (checkpoint deleted)
2026-08-11 21:43:45 EVALUATED cifar100-in-remove__non-iid__metric-privacy__fedavg__clients-100__seed-44__nm0p0182__clip5__rounds-250__epochs-5__cifar100_scaling__cifar100_cnn round=220 (checkpoint deleted)
2026-08-11 21:43:48 EVALUATED cifar100-in-remove__non-iid__metric-privacy__fedavg__clients-100__seed-44__nm0p0182__clip5__rounds-250__epochs-5__cifar100_scaling__cifar100_cnn round=230 (checkpoint deleted)
2026-08-11 21:43:52 EVALUATED cifar100-in-remove__non-iid__metric-privacy__fedavg__clients-100__seed-44__nm0p0182__clip5__rounds-250__epochs-5__cifar100_scaling__cifar100_cnn round=240 (checkpoint deleted)
2026-08-11 21:43:55 EVALUATED cifar100-in-remove__non-iid__metric-privacy__fedavg__clients-100__seed-44__nm0p0182__clip5__rounds-250__epochs-5__cifar100_scaling__cifar100_cnn round=250 (checkpoint deleted)
2026-08-11 21:43:55 PROGRESS 18/18 (3 failed so far)
2026-08-11 21:43:55 Sweep finished: 18/18 attempted, 3 failed
2026-08-11 21:43:55 Failed combinations: cifar100-in-remove__homogeneous__global-dp__fedavg__clients-100__seed-43__nm0p0182__clip5__rounds-250__epochs-5__cifar100_scaling__cifar100_cnn, cifar100-in-remove__homogeneous__global-dp__fedavg__clients-100__seed-44__nm0p0182__clip5__rounds-250__epochs-5__cifar100_scaling__cifar100_cnn, cifar100-in-remove__non-iid__global-dp__fedavg__clients-100__seed-44__nm0p0182__clip5__rounds-250__epochs-5__cifar100_scaling__cifar100_cnn
2026-08-12 12:05:21 Starting cifar100 in-remove group: 18 trajectories
2026-08-12 12:05:21 SKIP  15 combinations (attack results already exist)
2026-08-12 12:05:21 START cifar100-in-remove__homogeneous__global-dp__fedavg__clients-100__seed-43__nm0p0182__clip5__rounds-250__epochs-5__cifar100_scaling__cifar100_cnn 
2026-08-12 16:08:15 FAILED cifar100-in-remove__homogeneous__global-dp__fedavg__clients-100__seed-43__nm0p0182__clip5__rounds-250__epochs-5__cifar100_scaling__cifar100_cnn (exit=1, 14573.1s)
2026-08-12 16:08:15 PROGRESS 16/18 (1 failed so far)
2026-08-12 16:08:15 START cifar100-in-remove__homogeneous__global-dp__fedavg__clients-100__seed-44__nm0p0182__clip5__rounds-250__epochs-5__cifar100_scaling__cifar100_cnn 
2026-08-12 18:22:54 FAILED cifar100-in-remove__homogeneous__global-dp__fedavg__clients-100__seed-44__nm0p0182__clip5__rounds-250__epochs-5__cifar100_scaling__cifar100_cnn (exit=1, 8079.4s)
2026-08-12 18:22:54 PROGRESS 17/18 (2 failed so far)
2026-08-12 18:22:54 START cifar100-in-remove__non-iid__global-dp__fedavg__clients-100__seed-44__nm0p0182__clip5__rounds-250__epochs-5__cifar100_scaling__cifar100_cnn 
2026-08-12 18:27:17 FAILED cifar100-in-remove__non-iid__global-dp__fedavg__clients-100__seed-44__nm0p0182__clip5__rounds-250__epochs-5__cifar100_scaling__cifar100_cnn (exit=1, 262.5s)
2026-08-12 18:27:17 PROGRESS 18/18 (3 failed so far)
2026-08-12 18:27:17 Sweep finished: 18/18 attempted, 3 failed
2026-08-12 18:27:17 Failed combinations: cifar100-in-remove__homogeneous__global-dp__fedavg__clients-100__seed-43__nm0p0182__clip5__rounds-250__epochs-5__cifar100_scaling__cifar100_cnn, cifar100-in-remove__homogeneous__global-dp__fedavg__clients-100__seed-44__nm0p0182__clip5__rounds-250__epochs-5__cifar100_scaling__cifar100_cnn, cifar100-in-remove__non-iid__global-dp__fedavg__clients-100__seed-44__nm0p0182__clip5__rounds-250__epochs-5__cifar100_scaling__cifar100_cnn
2026-08-12 20:56:17 Starting cifar100 in-remove group: 18 trajectories
2026-08-12 20:56:17 SKIP  15 combinations (attack results already exist)
2026-08-12 20:56:17 START cifar100-in-remove__homogeneous__global-dp__fedavg__clients-100__seed-43__nm0p0182__clip5__rounds-250__epochs-5__cifar100_scaling__cifar100_cnn 
2026-08-12 21:39:58 Starting cifar100 in-remove group: 18 trajectories
2026-08-12 21:39:58 SKIP  15 combinations (attack results already exist)
2026-08-12 21:39:58 START cifar100-in-remove__homogeneous__global-dp__fedavg__clients-100__seed-43__nm0p0182__clip5__rounds-250__epochs-5__cifar100_scaling__cifar100_cnn 
2026-08-13 00:13:35 FAILED cifar100-in-remove__homogeneous__global-dp__fedavg__clients-100__seed-43__nm0p0182__clip5__rounds-250__epochs-5__cifar100_scaling__cifar100_cnn (exit=1, 9216.8s)
2026-08-13 00:13:35 PROGRESS 16/18 (1 failed so far)
2026-08-13 00:13:35 START cifar100-in-remove__homogeneous__global-dp__fedavg__clients-100__seed-44__nm0p0182__clip5__rounds-250__epochs-5__cifar100_scaling__cifar100_cnn 
2026-08-13 00:15:15 FAILED cifar100-in-remove__homogeneous__global-dp__fedavg__clients-100__seed-44__nm0p0182__clip5__rounds-250__epochs-5__cifar100_scaling__cifar100_cnn (exit=1, 100.4s)
2026-08-13 00:15:15 PROGRESS 17/18 (2 failed so far)
2026-08-13 00:15:15 START cifar100-in-remove__non-iid__global-dp__fedavg__clients-100__seed-44__nm0p0182__clip5__rounds-250__epochs-5__cifar100_scaling__cifar100_cnn 
2026-08-13 02:56:44 FAILED cifar100-in-remove__non-iid__global-dp__fedavg__clients-100__seed-44__nm0p0182__clip5__rounds-250__epochs-5__cifar100_scaling__cifar100_cnn (exit=1, 9689.1s)
2026-08-13 02:56:44 PROGRESS 18/18 (3 failed so far)
2026-08-13 02:56:44 Sweep finished: 18/18 attempted, 3 failed
2026-08-13 02:56:44 Failed combinations: cifar100-in-remove__homogeneous__global-dp__fedavg__clients-100__seed-43__nm0p0182__clip5__rounds-250__epochs-5__cifar100_scaling__cifar100_cnn, cifar100-in-remove__homogeneous__global-dp__fedavg__clients-100__seed-44__nm0p0182__clip5__rounds-250__epochs-5__cifar100_scaling__cifar100_cnn, cifar100-in-remove__non-iid__global-dp__fedavg__clients-100__seed-44__nm0p0182__clip5__rounds-250__epochs-5__cifar100_scaling__cifar100_cnn
2026-08-13 12:20:53 Starting cifar100 in-remove group: 18 trajectories
2026-08-13 12:20:53 SKIP  15 combinations (attack results already exist)
2026-08-13 12:20:53 START cifar100-in-remove__homogeneous__global-dp__fedavg__clients-100__seed-43__nm0p0182__clip5__rounds-250__epochs-5__cifar100_scaling__cifar100_cnn 
2026-08-13 12:22:19 Starting cifar100 in-remove group: 18 trajectories
2026-08-13 12:22:19 SKIP  15 combinations (attack results already exist)
2026-08-13 12:22:19 START cifar100-in-remove__homogeneous__global-dp__fedavg__clients-100__seed-43__nm0p0182__clip5__rounds-250__epochs-5__cifar100_scaling__cifar100_cnn 
2026-08-13 16:47:03 DONE  cifar100-in-remove__homogeneous__global-dp__fedavg__clients-100__seed-43__nm0p0182__clip5__rounds-250__epochs-5__cifar100_scaling__cifar100_cnn (15883.5s)
2026-08-13 16:47:09 EVALUATED cifar100-in-remove__homogeneous__global-dp__fedavg__clients-100__seed-43__nm0p0182__clip5__rounds-250__epochs-5__cifar100_scaling__cifar100_cnn round=1 (checkpoint deleted)
2026-08-13 16:47:14 EVALUATED cifar100-in-remove__homogeneous__global-dp__fedavg__clients-100__seed-43__nm0p0182__clip5__rounds-250__epochs-5__cifar100_scaling__cifar100_cnn round=10 (checkpoint deleted)
2026-08-13 16:47:18 EVALUATED cifar100-in-remove__homogeneous__global-dp__fedavg__clients-100__seed-43__nm0p0182__clip5__rounds-250__epochs-5__cifar100_scaling__cifar100_cnn round=20 (checkpoint deleted)
2026-08-13 16:47:23 EVALUATED cifar100-in-remove__homogeneous__global-dp__fedavg__clients-100__seed-43__nm0p0182__clip5__rounds-250__epochs-5__cifar100_scaling__cifar100_cnn round=30 (checkpoint deleted)
2026-08-13 16:47:28 EVALUATED cifar100-in-remove__homogeneous__global-dp__fedavg__clients-100__seed-43__nm0p0182__clip5__rounds-250__epochs-5__cifar100_scaling__cifar100_cnn round=40 (checkpoint deleted)
2026-08-13 16:47:32 EVALUATED cifar100-in-remove__homogeneous__global-dp__fedavg__clients-100__seed-43__nm0p0182__clip5__rounds-250__epochs-5__cifar100_scaling__cifar100_cnn round=50 (checkpoint deleted)
2026-08-13 16:47:37 EVALUATED cifar100-in-remove__homogeneous__global-dp__fedavg__clients-100__seed-43__nm0p0182__clip5__rounds-250__epochs-5__cifar100_scaling__cifar100_cnn round=60 (checkpoint deleted)
2026-08-13 16:47:41 EVALUATED cifar100-in-remove__homogeneous__global-dp__fedavg__clients-100__seed-43__nm0p0182__clip5__rounds-250__epochs-5__cifar100_scaling__cifar100_cnn round=70 (checkpoint deleted)
2026-08-13 16:47:46 EVALUATED cifar100-in-remove__homogeneous__global-dp__fedavg__clients-100__seed-43__nm0p0182__clip5__rounds-250__epochs-5__cifar100_scaling__cifar100_cnn round=80 (checkpoint deleted)
2026-08-13 16:47:50 EVALUATED cifar100-in-remove__homogeneous__global-dp__fedavg__clients-100__seed-43__nm0p0182__clip5__rounds-250__epochs-5__cifar100_scaling__cifar100_cnn round=90 (checkpoint deleted)
2026-08-13 16:47:55 EVALUATED cifar100-in-remove__homogeneous__global-dp__fedavg__clients-100__seed-43__nm0p0182__clip5__rounds-250__epochs-5__cifar100_scaling__cifar100_cnn round=100 (checkpoint deleted)
2026-08-13 16:47:59 EVALUATED cifar100-in-remove__homogeneous__global-dp__fedavg__clients-100__seed-43__nm0p0182__clip5__rounds-250__epochs-5__cifar100_scaling__cifar100_cnn round=110 (checkpoint deleted)
2026-08-13 16:48:04 EVALUATED cifar100-in-remove__homogeneous__global-dp__fedavg__clients-100__seed-43__nm0p0182__clip5__rounds-250__epochs-5__cifar100_scaling__cifar100_cnn round=120 (checkpoint deleted)
2026-08-13 16:48:09 EVALUATED cifar100-in-remove__homogeneous__global-dp__fedavg__clients-100__seed-43__nm0p0182__clip5__rounds-250__epochs-5__cifar100_scaling__cifar100_cnn round=130 (checkpoint deleted)
2026-08-13 16:48:14 EVALUATED cifar100-in-remove__homogeneous__global-dp__fedavg__clients-100__seed-43__nm0p0182__clip5__rounds-250__epochs-5__cifar100_scaling__cifar100_cnn round=140 (checkpoint deleted)
2026-08-13 16:48:18 EVALUATED cifar100-in-remove__homogeneous__global-dp__fedavg__clients-100__seed-43__nm0p0182__clip5__rounds-250__epochs-5__cifar100_scaling__cifar100_cnn round=150 (checkpoint deleted)
2026-08-13 16:48:23 EVALUATED cifar100-in-remove__homogeneous__global-dp__fedavg__clients-100__seed-43__nm0p0182__clip5__rounds-250__epochs-5__cifar100_scaling__cifar100_cnn round=160 (checkpoint deleted)
2026-08-13 16:48:28 EVALUATED cifar100-in-remove__homogeneous__global-dp__fedavg__clients-100__seed-43__nm0p0182__clip5__rounds-250__epochs-5__cifar100_scaling__cifar100_cnn round=170 (checkpoint deleted)
2026-08-13 16:48:33 EVALUATED cifar100-in-remove__homogeneous__global-dp__fedavg__clients-100__seed-43__nm0p0182__clip5__rounds-250__epochs-5__cifar100_scaling__cifar100_cnn round=180 (checkpoint deleted)
2026-08-13 16:48:38 EVALUATED cifar100-in-remove__homogeneous__global-dp__fedavg__clients-100__seed-43__nm0p0182__clip5__rounds-250__epochs-5__cifar100_scaling__cifar100_cnn round=190 (checkpoint deleted)
2026-08-13 16:48:42 EVALUATED cifar100-in-remove__homogeneous__global-dp__fedavg__clients-100__seed-43__nm0p0182__clip5__rounds-250__epochs-5__cifar100_scaling__cifar100_cnn round=200 (checkpoint deleted)
2026-08-13 16:48:47 EVALUATED cifar100-in-remove__homogeneous__global-dp__fedavg__clients-100__seed-43__nm0p0182__clip5__rounds-250__epochs-5__cifar100_scaling__cifar100_cnn round=210 (checkpoint deleted)
2026-08-13 16:48:51 EVALUATED cifar100-in-remove__homogeneous__global-dp__fedavg__clients-100__seed-43__nm0p0182__clip5__rounds-250__epochs-5__cifar100_scaling__cifar100_cnn round=220 (checkpoint deleted)
2026-08-13 16:48:56 EVALUATED cifar100-in-remove__homogeneous__global-dp__fedavg__clients-100__seed-43__nm0p0182__clip5__rounds-250__epochs-5__cifar100_scaling__cifar100_cnn round=230 (checkpoint deleted)
2026-08-13 16:49:01 EVALUATED cifar100-in-remove__homogeneous__global-dp__fedavg__clients-100__seed-43__nm0p0182__clip5__rounds-250__epochs-5__cifar100_scaling__cifar100_cnn round=240 (checkpoint deleted)
2026-08-13 16:49:06 EVALUATED cifar100-in-remove__homogeneous__global-dp__fedavg__clients-100__seed-43__nm0p0182__clip5__rounds-250__epochs-5__cifar100_scaling__cifar100_cnn round=250 (checkpoint deleted)
2026-08-13 16:49:06 PROGRESS 16/18 (0 failed so far)
2026-08-13 16:49:06 START cifar100-in-remove__homogeneous__global-dp__fedavg__clients-100__seed-44__nm0p0182__clip5__rounds-250__epochs-5__cifar100_scaling__cifar100_cnn 
