2026-08-19 21:35:07 EuroSAT stage (metric-privacy, non-iid, seed=42, noise_ratio=0.0015461300878041046): 2 trajectories
2026-08-19 21:35:07 START eurosat-in-remove__non-iid__metric-privacy__fedavg__clients-48__seed-42__nm0p0742142__clip5__rounds-100__epochs-5__eurosat_remove__eurosat_cnn 
2026-08-19 21:53:38 DONE  eurosat-in-remove__non-iid__metric-privacy__fedavg__clients-48__seed-42__nm0p0742142__clip5__rounds-100__epochs-5__eurosat_remove__eurosat_cnn (1111.0s)
2026-08-19 21:53:39 EVALUATED eurosat-in-remove__non-iid__metric-privacy__fedavg__clients-48__seed-42__nm0p0742142__clip5__rounds-100__epochs-5__eurosat_remove__eurosat_cnn round=1 (checkpoint deleted)
2026-08-19 21:53:41 EVALUATED eurosat-in-remove__non-iid__metric-privacy__fedavg__clients-48__seed-42__nm0p0742142__clip5__rounds-100__epochs-5__eurosat_remove__eurosat_cnn round=10 (checkpoint deleted)
2026-08-19 21:53:42 EVALUATED eurosat-in-remove__non-iid__metric-privacy__fedavg__clients-48__seed-42__nm0p0742142__clip5__rounds-100__epochs-5__eurosat_remove__eurosat_cnn round=20 (checkpoint deleted)
2026-08-19 21:53:43 EVALUATED eurosat-in-remove__non-iid__metric-privacy__fedavg__clients-48__seed-42__nm0p0742142__clip5__rounds-100__epochs-5__eurosat_remove__eurosat_cnn round=30 (checkpoint deleted)
2026-08-19 21:53:45 EVALUATED eurosat-in-remove__non-iid__metric-privacy__fedavg__clients-48__seed-42__nm0p0742142__clip5__rounds-100__epochs-5__eurosat_remove__eurosat_cnn round=40 (checkpoint deleted)
2026-08-19 21:53:46 EVALUATED eurosat-in-remove__non-iid__metric-privacy__fedavg__clients-48__seed-42__nm0p0742142__clip5__rounds-100__epochs-5__eurosat_remove__eurosat_cnn round=50 (checkpoint deleted)
2026-08-19 21:53:48 EVALUATED eurosat-in-remove__non-iid__metric-privacy__fedavg__clients-48__seed-42__nm0p0742142__clip5__rounds-100__epochs-5__eurosat_remove__eurosat_cnn round=60 (checkpoint deleted)
2026-08-19 21:53:49 EVALUATED eurosat-in-remove__non-iid__metric-privacy__fedavg__clients-48__seed-42__nm0p0742142__clip5__rounds-100__epochs-5__eurosat_remove__eurosat_cnn round=70 (checkpoint deleted)
2026-08-19 21:53:50 EVALUATED eurosat-in-remove__non-iid__metric-privacy__fedavg__clients-48__seed-42__nm0p0742142__clip5__rounds-100__epochs-5__eurosat_remove__eurosat_cnn round=80 (checkpoint deleted)
2026-08-19 21:53:52 EVALUATED eurosat-in-remove__non-iid__metric-privacy__fedavg__clients-48__seed-42__nm0p0742142__clip5__rounds-100__epochs-5__eurosat_remove__eurosat_cnn round=90 (checkpoint deleted)
2026-08-19 21:53:53 EVALUATED eurosat-in-remove__non-iid__metric-privacy__fedavg__clients-48__seed-42__nm0p0742142__clip5__rounds-100__epochs-5__eurosat_remove__eurosat_cnn round=100 (checkpoint deleted)
2026-08-19 21:53:53 PROGRESS 1/2 (0 failed so far)
2026-08-19 21:53:53 START eurosat-out-remove__non-iid__metric-privacy__fedavg__clients-47__seed-42__nm0p0726681__clip5__rounds-100__epochs-5__eurosat_remove__eurosat_cnn 
2026-08-19 22:12:04 DONE  eurosat-out-remove__non-iid__metric-privacy__fedavg__clients-47__seed-42__nm0p0726681__clip5__rounds-100__epochs-5__eurosat_remove__eurosat_cnn (1091.2s)
2026-08-19 22:12:06 EVALUATED eurosat-out-remove__non-iid__metric-privacy__fedavg__clients-47__seed-42__nm0p0726681__clip5__rounds-100__epochs-5__eurosat_remove__eurosat_cnn round=1 (checkpoint deleted)
2026-08-19 22:12:07 EVALUATED eurosat-out-remove__non-iid__metric-privacy__fedavg__clients-47__seed-42__nm0p0726681__clip5__rounds-100__epochs-5__eurosat_remove__eurosat_cnn round=10 (checkpoint deleted)
2026-08-19 22:12:09 EVALUATED eurosat-out-remove__non-iid__metric-privacy__fedavg__clients-47__seed-42__nm0p0726681__clip5__rounds-100__epochs-5__eurosat_remove__eurosat_cnn round=20 (checkpoint deleted)
2026-08-19 22:12:10 EVALUATED eurosat-out-remove__non-iid__metric-privacy__fedavg__clients-47__seed-42__nm0p0726681__clip5__rounds-100__epochs-5__eurosat_remove__eurosat_cnn round=30 (checkpoint deleted)
2026-08-19 22:12:11 EVALUATED eurosat-out-remove__non-iid__metric-privacy__fedavg__clients-47__seed-42__nm0p0726681__clip5__rounds-100__epochs-5__eurosat_remove__eurosat_cnn round=40 (checkpoint deleted)
2026-08-19 22:12:13 EVALUATED eurosat-out-remove__non-iid__metric-privacy__fedavg__clients-47__seed-42__nm0p0726681__clip5__rounds-100__epochs-5__eurosat_remove__eurosat_cnn round=50 (checkpoint deleted)
2026-08-19 22:12:14 EVALUATED eurosat-out-remove__non-iid__metric-privacy__fedavg__clients-47__seed-42__nm0p0726681__clip5__rounds-100__epochs-5__eurosat_remove__eurosat_cnn round=60 (checkpoint deleted)
2026-08-19 22:12:15 EVALUATED eurosat-out-remove__non-iid__metric-privacy__fedavg__clients-47__seed-42__nm0p0726681__clip5__rounds-100__epochs-5__eurosat_remove__eurosat_cnn round=70 (checkpoint deleted)
2026-08-19 22:12:17 EVALUATED eurosat-out-remove__non-iid__metric-privacy__fedavg__clients-47__seed-42__nm0p0726681__clip5__rounds-100__epochs-5__eurosat_remove__eurosat_cnn round=80 (checkpoint deleted)
2026-08-19 22:12:18 EVALUATED eurosat-out-remove__non-iid__metric-privacy__fedavg__clients-47__seed-42__nm0p0726681__clip5__rounds-100__epochs-5__eurosat_remove__eurosat_cnn round=90 (checkpoint deleted)
2026-08-19 22:12:19 EVALUATED eurosat-out-remove__non-iid__metric-privacy__fedavg__clients-47__seed-42__nm0p0726681__clip5__rounds-100__epochs-5__eurosat_remove__eurosat_cnn round=100 (checkpoint deleted)
2026-08-19 22:12:19 PROGRESS 2/2 (0 failed so far)
2026-08-19 22:12:19 Sweep finished: 2/2 attempted, 0 failed
