2026-08-05 14:37:23 Starting full chunk: 2 trajectories
2026-08-05 14:37:23 START cifar-full-in-replace__non-iid__global-dp__fedavg__clients-3__seed-42__nm0p0075__clip5__rounds-20__epochs-5__cifar_chunks__cifar10_cnn 
2026-08-05 14:42:25 DONE  cifar-full-in-replace__non-iid__global-dp__fedavg__clients-3__seed-42__nm0p0075__clip5__rounds-20__epochs-5__cifar_chunks__cifar10_cnn (302.0s)
2026-08-05 14:42:36 EVALUATED cifar-full-in-replace__non-iid__global-dp__fedavg__clients-3__seed-42__nm0p0075__clip5__rounds-20__epochs-5__cifar_chunks__cifar10_cnn round=1 (checkpoint deleted)
2026-08-05 14:42:43 EVALUATED cifar-full-in-replace__non-iid__global-dp__fedavg__clients-3__seed-42__nm0p0075__clip5__rounds-20__epochs-5__cifar_chunks__cifar10_cnn round=2 (checkpoint deleted)
2026-08-05 14:42:51 EVALUATED cifar-full-in-replace__non-iid__global-dp__fedavg__clients-3__seed-42__nm0p0075__clip5__rounds-20__epochs-5__cifar_chunks__cifar10_cnn round=3 (checkpoint deleted)
2026-08-05 14:42:58 EVALUATED cifar-full-in-replace__non-iid__global-dp__fedavg__clients-3__seed-42__nm0p0075__clip5__rounds-20__epochs-5__cifar_chunks__cifar10_cnn round=4 (checkpoint deleted)
2026-08-05 14:43:06 EVALUATED cifar-full-in-replace__non-iid__global-dp__fedavg__clients-3__seed-42__nm0p0075__clip5__rounds-20__epochs-5__cifar_chunks__cifar10_cnn round=5 (checkpoint deleted)
2026-08-05 14:43:13 EVALUATED cifar-full-in-replace__non-iid__global-dp__fedavg__clients-3__seed-42__nm0p0075__clip5__rounds-20__epochs-5__cifar_chunks__cifar10_cnn round=6 (checkpoint deleted)
2026-08-05 14:43:21 EVALUATED cifar-full-in-replace__non-iid__global-dp__fedavg__clients-3__seed-42__nm0p0075__clip5__rounds-20__epochs-5__cifar_chunks__cifar10_cnn round=7 (checkpoint deleted)
2026-08-05 14:43:28 EVALUATED cifar-full-in-replace__non-iid__global-dp__fedavg__clients-3__seed-42__nm0p0075__clip5__rounds-20__epochs-5__cifar_chunks__cifar10_cnn round=8 (checkpoint deleted)
2026-08-05 14:43:35 EVALUATED cifar-full-in-replace__non-iid__global-dp__fedavg__clients-3__seed-42__nm0p0075__clip5__rounds-20__epochs-5__cifar_chunks__cifar10_cnn round=9 (checkpoint deleted)
2026-08-05 14:43:43 EVALUATED cifar-full-in-replace__non-iid__global-dp__fedavg__clients-3__seed-42__nm0p0075__clip5__rounds-20__epochs-5__cifar_chunks__cifar10_cnn round=10 (checkpoint deleted)
2026-08-05 14:43:50 EVALUATED cifar-full-in-replace__non-iid__global-dp__fedavg__clients-3__seed-42__nm0p0075__clip5__rounds-20__epochs-5__cifar_chunks__cifar10_cnn round=11 (checkpoint deleted)
2026-08-05 14:43:58 EVALUATED cifar-full-in-replace__non-iid__global-dp__fedavg__clients-3__seed-42__nm0p0075__clip5__rounds-20__epochs-5__cifar_chunks__cifar10_cnn round=12 (checkpoint deleted)
2026-08-05 14:44:05 EVALUATED cifar-full-in-replace__non-iid__global-dp__fedavg__clients-3__seed-42__nm0p0075__clip5__rounds-20__epochs-5__cifar_chunks__cifar10_cnn round=13 (checkpoint deleted)
2026-08-05 14:44:13 EVALUATED cifar-full-in-replace__non-iid__global-dp__fedavg__clients-3__seed-42__nm0p0075__clip5__rounds-20__epochs-5__cifar_chunks__cifar10_cnn round=14 (checkpoint deleted)
2026-08-05 14:44:20 EVALUATED cifar-full-in-replace__non-iid__global-dp__fedavg__clients-3__seed-42__nm0p0075__clip5__rounds-20__epochs-5__cifar_chunks__cifar10_cnn round=15 (checkpoint deleted)
2026-08-05 14:44:28 EVALUATED cifar-full-in-replace__non-iid__global-dp__fedavg__clients-3__seed-42__nm0p0075__clip5__rounds-20__epochs-5__cifar_chunks__cifar10_cnn round=16 (checkpoint deleted)
2026-08-05 14:44:35 EVALUATED cifar-full-in-replace__non-iid__global-dp__fedavg__clients-3__seed-42__nm0p0075__clip5__rounds-20__epochs-5__cifar_chunks__cifar10_cnn round=17 (checkpoint deleted)
2026-08-05 14:44:43 EVALUATED cifar-full-in-replace__non-iid__global-dp__fedavg__clients-3__seed-42__nm0p0075__clip5__rounds-20__epochs-5__cifar_chunks__cifar10_cnn round=18 (checkpoint deleted)
2026-08-05 14:44:50 EVALUATED cifar-full-in-replace__non-iid__global-dp__fedavg__clients-3__seed-42__nm0p0075__clip5__rounds-20__epochs-5__cifar_chunks__cifar10_cnn round=19 (checkpoint deleted)
2026-08-05 14:44:58 EVALUATED cifar-full-in-replace__non-iid__global-dp__fedavg__clients-3__seed-42__nm0p0075__clip5__rounds-20__epochs-5__cifar_chunks__cifar10_cnn round=20 (checkpoint deleted)
2026-08-05 14:44:58 PROGRESS 1/2 (0 failed so far)
2026-08-05 14:44:58 START cifar-full-in-replace__non-iid__metric-privacy__fedavg__clients-3__seed-42__nm0p0075__clip5__rounds-20__epochs-5__cifar_chunks__cifar10_cnn 
2026-08-05 14:50:02 DONE  cifar-full-in-replace__non-iid__metric-privacy__fedavg__clients-3__seed-42__nm0p0075__clip5__rounds-20__epochs-5__cifar_chunks__cifar10_cnn (304.6s)
2026-08-05 14:50:10 EVALUATED cifar-full-in-replace__non-iid__metric-privacy__fedavg__clients-3__seed-42__nm0p0075__clip5__rounds-20__epochs-5__cifar_chunks__cifar10_cnn round=1 (checkpoint deleted)
2026-08-05 14:50:17 EVALUATED cifar-full-in-replace__non-iid__metric-privacy__fedavg__clients-3__seed-42__nm0p0075__clip5__rounds-20__epochs-5__cifar_chunks__cifar10_cnn round=2 (checkpoint deleted)
2026-08-05 14:50:25 EVALUATED cifar-full-in-replace__non-iid__metric-privacy__fedavg__clients-3__seed-42__nm0p0075__clip5__rounds-20__epochs-5__cifar_chunks__cifar10_cnn round=3 (checkpoint deleted)
2026-08-05 14:50:32 EVALUATED cifar-full-in-replace__non-iid__metric-privacy__fedavg__clients-3__seed-42__nm0p0075__clip5__rounds-20__epochs-5__cifar_chunks__cifar10_cnn round=4 (checkpoint deleted)
2026-08-05 14:50:40 EVALUATED cifar-full-in-replace__non-iid__metric-privacy__fedavg__clients-3__seed-42__nm0p0075__clip5__rounds-20__epochs-5__cifar_chunks__cifar10_cnn round=5 (checkpoint deleted)
2026-08-05 14:50:47 EVALUATED cifar-full-in-replace__non-iid__metric-privacy__fedavg__clients-3__seed-42__nm0p0075__clip5__rounds-20__epochs-5__cifar_chunks__cifar10_cnn round=6 (checkpoint deleted)
2026-08-05 14:50:55 EVALUATED cifar-full-in-replace__non-iid__metric-privacy__fedavg__clients-3__seed-42__nm0p0075__clip5__rounds-20__epochs-5__cifar_chunks__cifar10_cnn round=7 (checkpoint deleted)
2026-08-05 14:51:02 EVALUATED cifar-full-in-replace__non-iid__metric-privacy__fedavg__clients-3__seed-42__nm0p0075__clip5__rounds-20__epochs-5__cifar_chunks__cifar10_cnn round=8 (checkpoint deleted)
2026-08-05 14:51:10 EVALUATED cifar-full-in-replace__non-iid__metric-privacy__fedavg__clients-3__seed-42__nm0p0075__clip5__rounds-20__epochs-5__cifar_chunks__cifar10_cnn round=9 (checkpoint deleted)
2026-08-05 14:51:17 EVALUATED cifar-full-in-replace__non-iid__metric-privacy__fedavg__clients-3__seed-42__nm0p0075__clip5__rounds-20__epochs-5__cifar_chunks__cifar10_cnn round=10 (checkpoint deleted)
2026-08-05 14:51:25 EVALUATED cifar-full-in-replace__non-iid__metric-privacy__fedavg__clients-3__seed-42__nm0p0075__clip5__rounds-20__epochs-5__cifar_chunks__cifar10_cnn round=11 (checkpoint deleted)
2026-08-05 14:51:32 EVALUATED cifar-full-in-replace__non-iid__metric-privacy__fedavg__clients-3__seed-42__nm0p0075__clip5__rounds-20__epochs-5__cifar_chunks__cifar10_cnn round=12 (checkpoint deleted)
2026-08-05 14:51:40 EVALUATED cifar-full-in-replace__non-iid__metric-privacy__fedavg__clients-3__seed-42__nm0p0075__clip5__rounds-20__epochs-5__cifar_chunks__cifar10_cnn round=13 (checkpoint deleted)
2026-08-05 14:51:47 EVALUATED cifar-full-in-replace__non-iid__metric-privacy__fedavg__clients-3__seed-42__nm0p0075__clip5__rounds-20__epochs-5__cifar_chunks__cifar10_cnn round=14 (checkpoint deleted)
2026-08-05 14:51:55 EVALUATED cifar-full-in-replace__non-iid__metric-privacy__fedavg__clients-3__seed-42__nm0p0075__clip5__rounds-20__epochs-5__cifar_chunks__cifar10_cnn round=15 (checkpoint deleted)
2026-08-05 14:52:02 EVALUATED cifar-full-in-replace__non-iid__metric-privacy__fedavg__clients-3__seed-42__nm0p0075__clip5__rounds-20__epochs-5__cifar_chunks__cifar10_cnn round=16 (checkpoint deleted)
2026-08-05 14:52:10 EVALUATED cifar-full-in-replace__non-iid__metric-privacy__fedavg__clients-3__seed-42__nm0p0075__clip5__rounds-20__epochs-5__cifar_chunks__cifar10_cnn round=17 (checkpoint deleted)
2026-08-05 14:52:17 EVALUATED cifar-full-in-replace__non-iid__metric-privacy__fedavg__clients-3__seed-42__nm0p0075__clip5__rounds-20__epochs-5__cifar_chunks__cifar10_cnn round=18 (checkpoint deleted)
2026-08-05 14:52:25 EVALUATED cifar-full-in-replace__non-iid__metric-privacy__fedavg__clients-3__seed-42__nm0p0075__clip5__rounds-20__epochs-5__cifar_chunks__cifar10_cnn round=19 (checkpoint deleted)
2026-08-05 14:52:32 EVALUATED cifar-full-in-replace__non-iid__metric-privacy__fedavg__clients-3__seed-42__nm0p0075__clip5__rounds-20__epochs-5__cifar_chunks__cifar10_cnn round=20 (checkpoint deleted)
2026-08-05 14:52:32 PROGRESS 2/2 (0 failed so far)
2026-08-05 14:52:32 Sweep finished: 2/2 attempted, 0 failed
