2026-08-21 00:10:26 Fashion-MNIST stage (vanilla, homogeneous, seed=44, noise_ratio=None): 2 trajectories
2026-08-21 00:10:26 START fashion-mnist-in-remove__homogeneous__vanilla__fedavg__clients-48__seed-44__nm0p0321172__clip5__rounds-100__epochs-5__fashion_mnist_remove__fashion_mnist_cnn 
2026-08-21 00:26:03 DONE  fashion-mnist-in-remove__homogeneous__vanilla__fedavg__clients-48__seed-44__nm0p0321172__clip5__rounds-100__epochs-5__fashion_mnist_remove__fashion_mnist_cnn (936.4s)
2026-08-21 00:26:05 EVALUATED fashion-mnist-in-remove__homogeneous__vanilla__fedavg__clients-48__seed-44__nm0p0321172__clip5__rounds-100__epochs-5__fashion_mnist_remove__fashion_mnist_cnn round=1 (checkpoint deleted)
2026-08-21 00:26:08 EVALUATED fashion-mnist-in-remove__homogeneous__vanilla__fedavg__clients-48__seed-44__nm0p0321172__clip5__rounds-100__epochs-5__fashion_mnist_remove__fashion_mnist_cnn round=10 (checkpoint deleted)
2026-08-21 00:26:11 EVALUATED fashion-mnist-in-remove__homogeneous__vanilla__fedavg__clients-48__seed-44__nm0p0321172__clip5__rounds-100__epochs-5__fashion_mnist_remove__fashion_mnist_cnn round=20 (checkpoint deleted)
2026-08-21 00:26:13 EVALUATED fashion-mnist-in-remove__homogeneous__vanilla__fedavg__clients-48__seed-44__nm0p0321172__clip5__rounds-100__epochs-5__fashion_mnist_remove__fashion_mnist_cnn round=30 (checkpoint deleted)
2026-08-21 00:26:16 EVALUATED fashion-mnist-in-remove__homogeneous__vanilla__fedavg__clients-48__seed-44__nm0p0321172__clip5__rounds-100__epochs-5__fashion_mnist_remove__fashion_mnist_cnn round=40 (checkpoint deleted)
2026-08-21 00:26:19 EVALUATED fashion-mnist-in-remove__homogeneous__vanilla__fedavg__clients-48__seed-44__nm0p0321172__clip5__rounds-100__epochs-5__fashion_mnist_remove__fashion_mnist_cnn round=50 (checkpoint deleted)
2026-08-21 00:26:21 EVALUATED fashion-mnist-in-remove__homogeneous__vanilla__fedavg__clients-48__seed-44__nm0p0321172__clip5__rounds-100__epochs-5__fashion_mnist_remove__fashion_mnist_cnn round=60 (checkpoint deleted)
2026-08-21 00:26:24 EVALUATED fashion-mnist-in-remove__homogeneous__vanilla__fedavg__clients-48__seed-44__nm0p0321172__clip5__rounds-100__epochs-5__fashion_mnist_remove__fashion_mnist_cnn round=70 (checkpoint deleted)
2026-08-21 00:26:27 EVALUATED fashion-mnist-in-remove__homogeneous__vanilla__fedavg__clients-48__seed-44__nm0p0321172__clip5__rounds-100__epochs-5__fashion_mnist_remove__fashion_mnist_cnn round=80 (checkpoint deleted)
2026-08-21 00:26:29 EVALUATED fashion-mnist-in-remove__homogeneous__vanilla__fedavg__clients-48__seed-44__nm0p0321172__clip5__rounds-100__epochs-5__fashion_mnist_remove__fashion_mnist_cnn round=90 (checkpoint deleted)
2026-08-21 00:26:32 EVALUATED fashion-mnist-in-remove__homogeneous__vanilla__fedavg__clients-48__seed-44__nm0p0321172__clip5__rounds-100__epochs-5__fashion_mnist_remove__fashion_mnist_cnn round=100 (checkpoint deleted)
2026-08-21 00:26:32 PROGRESS 1/2 (0 failed so far)
2026-08-21 00:26:32 START fashion-mnist-out-remove__homogeneous__vanilla__fedavg__clients-47__seed-44__nm0p0321172__clip5__rounds-100__epochs-5__fashion_mnist_remove__fashion_mnist_cnn 
2026-08-21 00:41:52 DONE  fashion-mnist-out-remove__homogeneous__vanilla__fedavg__clients-47__seed-44__nm0p0321172__clip5__rounds-100__epochs-5__fashion_mnist_remove__fashion_mnist_cnn (920.5s)
2026-08-21 00:41:55 EVALUATED fashion-mnist-out-remove__homogeneous__vanilla__fedavg__clients-47__seed-44__nm0p0321172__clip5__rounds-100__epochs-5__fashion_mnist_remove__fashion_mnist_cnn round=1 (checkpoint deleted)
2026-08-21 00:41:58 EVALUATED fashion-mnist-out-remove__homogeneous__vanilla__fedavg__clients-47__seed-44__nm0p0321172__clip5__rounds-100__epochs-5__fashion_mnist_remove__fashion_mnist_cnn round=10 (checkpoint deleted)
2026-08-21 00:42:01 EVALUATED fashion-mnist-out-remove__homogeneous__vanilla__fedavg__clients-47__seed-44__nm0p0321172__clip5__rounds-100__epochs-5__fashion_mnist_remove__fashion_mnist_cnn round=20 (checkpoint deleted)
2026-08-21 00:42:03 EVALUATED fashion-mnist-out-remove__homogeneous__vanilla__fedavg__clients-47__seed-44__nm0p0321172__clip5__rounds-100__epochs-5__fashion_mnist_remove__fashion_mnist_cnn round=30 (checkpoint deleted)
2026-08-21 00:42:06 EVALUATED fashion-mnist-out-remove__homogeneous__vanilla__fedavg__clients-47__seed-44__nm0p0321172__clip5__rounds-100__epochs-5__fashion_mnist_remove__fashion_mnist_cnn round=40 (checkpoint deleted)
2026-08-21 00:42:08 EVALUATED fashion-mnist-out-remove__homogeneous__vanilla__fedavg__clients-47__seed-44__nm0p0321172__clip5__rounds-100__epochs-5__fashion_mnist_remove__fashion_mnist_cnn round=50 (checkpoint deleted)
2026-08-21 00:42:11 EVALUATED fashion-mnist-out-remove__homogeneous__vanilla__fedavg__clients-47__seed-44__nm0p0321172__clip5__rounds-100__epochs-5__fashion_mnist_remove__fashion_mnist_cnn round=60 (checkpoint deleted)
2026-08-21 00:42:14 EVALUATED fashion-mnist-out-remove__homogeneous__vanilla__fedavg__clients-47__seed-44__nm0p0321172__clip5__rounds-100__epochs-5__fashion_mnist_remove__fashion_mnist_cnn round=70 (checkpoint deleted)
2026-08-21 00:42:16 EVALUATED fashion-mnist-out-remove__homogeneous__vanilla__fedavg__clients-47__seed-44__nm0p0321172__clip5__rounds-100__epochs-5__fashion_mnist_remove__fashion_mnist_cnn round=80 (checkpoint deleted)
2026-08-21 00:42:19 EVALUATED fashion-mnist-out-remove__homogeneous__vanilla__fedavg__clients-47__seed-44__nm0p0321172__clip5__rounds-100__epochs-5__fashion_mnist_remove__fashion_mnist_cnn round=90 (checkpoint deleted)
2026-08-21 00:42:22 EVALUATED fashion-mnist-out-remove__homogeneous__vanilla__fedavg__clients-47__seed-44__nm0p0321172__clip5__rounds-100__epochs-5__fashion_mnist_remove__fashion_mnist_cnn round=100 (checkpoint deleted)
2026-08-21 00:42:22 PROGRESS 2/2 (0 failed so far)
2026-08-21 00:42:22 Sweep finished: 2/2 attempted, 0 failed
