2026-08-20 19:45:19 Alzheimer stage (metric-privacy, non-iid, seed=42, noise_ratio=0.00062267734904117): 2 trajectories
2026-08-20 19:45:19 START alzheimer-in-remove__non-iid__metric-privacy__fedavg__clients-48__seed-42__nm0p0298885__clip5__rounds-100__epochs-5__alzheimer_remove__paper_cnn 
2026-08-20 20:11:45 DONE  alzheimer-in-remove__non-iid__metric-privacy__fedavg__clients-48__seed-42__nm0p0298885__clip5__rounds-100__epochs-5__alzheimer_remove__paper_cnn (1585.8s)
2026-08-20 20:11:46 EVALUATED alzheimer-in-remove__non-iid__metric-privacy__fedavg__clients-48__seed-42__nm0p0298885__clip5__rounds-100__epochs-5__alzheimer_remove__paper_cnn round=1 (checkpoint deleted)
2026-08-20 20:11:46 EVALUATED alzheimer-in-remove__non-iid__metric-privacy__fedavg__clients-48__seed-42__nm0p0298885__clip5__rounds-100__epochs-5__alzheimer_remove__paper_cnn round=10 (checkpoint deleted)
2026-08-20 20:11:47 EVALUATED alzheimer-in-remove__non-iid__metric-privacy__fedavg__clients-48__seed-42__nm0p0298885__clip5__rounds-100__epochs-5__alzheimer_remove__paper_cnn round=20 (checkpoint deleted)
2026-08-20 20:11:47 EVALUATED alzheimer-in-remove__non-iid__metric-privacy__fedavg__clients-48__seed-42__nm0p0298885__clip5__rounds-100__epochs-5__alzheimer_remove__paper_cnn round=30 (checkpoint deleted)
2026-08-20 20:11:48 EVALUATED alzheimer-in-remove__non-iid__metric-privacy__fedavg__clients-48__seed-42__nm0p0298885__clip5__rounds-100__epochs-5__alzheimer_remove__paper_cnn round=40 (checkpoint deleted)
2026-08-20 20:11:48 EVALUATED alzheimer-in-remove__non-iid__metric-privacy__fedavg__clients-48__seed-42__nm0p0298885__clip5__rounds-100__epochs-5__alzheimer_remove__paper_cnn round=50 (checkpoint deleted)
2026-08-20 20:11:49 EVALUATED alzheimer-in-remove__non-iid__metric-privacy__fedavg__clients-48__seed-42__nm0p0298885__clip5__rounds-100__epochs-5__alzheimer_remove__paper_cnn round=60 (checkpoint deleted)
2026-08-20 20:11:49 EVALUATED alzheimer-in-remove__non-iid__metric-privacy__fedavg__clients-48__seed-42__nm0p0298885__clip5__rounds-100__epochs-5__alzheimer_remove__paper_cnn round=70 (checkpoint deleted)
2026-08-20 20:11:50 EVALUATED alzheimer-in-remove__non-iid__metric-privacy__fedavg__clients-48__seed-42__nm0p0298885__clip5__rounds-100__epochs-5__alzheimer_remove__paper_cnn round=80 (checkpoint deleted)
2026-08-20 20:11:50 EVALUATED alzheimer-in-remove__non-iid__metric-privacy__fedavg__clients-48__seed-42__nm0p0298885__clip5__rounds-100__epochs-5__alzheimer_remove__paper_cnn round=90 (checkpoint deleted)
2026-08-20 20:11:51 EVALUATED alzheimer-in-remove__non-iid__metric-privacy__fedavg__clients-48__seed-42__nm0p0298885__clip5__rounds-100__epochs-5__alzheimer_remove__paper_cnn round=100 (checkpoint deleted)
2026-08-20 20:11:51 PROGRESS 1/2 (0 failed so far)
2026-08-20 20:11:51 START alzheimer-out-remove__non-iid__metric-privacy__fedavg__clients-47__seed-42__nm0p0292658__clip5__rounds-100__epochs-5__alzheimer_remove__paper_cnn 
2026-08-20 20:37:22 DONE  alzheimer-out-remove__non-iid__metric-privacy__fedavg__clients-47__seed-42__nm0p0292658__clip5__rounds-100__epochs-5__alzheimer_remove__paper_cnn (1531.2s)
2026-08-20 20:37:22 EVALUATED alzheimer-out-remove__non-iid__metric-privacy__fedavg__clients-47__seed-42__nm0p0292658__clip5__rounds-100__epochs-5__alzheimer_remove__paper_cnn round=1 (checkpoint deleted)
2026-08-20 20:37:23 EVALUATED alzheimer-out-remove__non-iid__metric-privacy__fedavg__clients-47__seed-42__nm0p0292658__clip5__rounds-100__epochs-5__alzheimer_remove__paper_cnn round=10 (checkpoint deleted)
2026-08-20 20:37:23 EVALUATED alzheimer-out-remove__non-iid__metric-privacy__fedavg__clients-47__seed-42__nm0p0292658__clip5__rounds-100__epochs-5__alzheimer_remove__paper_cnn round=20 (checkpoint deleted)
2026-08-20 20:37:24 EVALUATED alzheimer-out-remove__non-iid__metric-privacy__fedavg__clients-47__seed-42__nm0p0292658__clip5__rounds-100__epochs-5__alzheimer_remove__paper_cnn round=30 (checkpoint deleted)
2026-08-20 20:37:24 EVALUATED alzheimer-out-remove__non-iid__metric-privacy__fedavg__clients-47__seed-42__nm0p0292658__clip5__rounds-100__epochs-5__alzheimer_remove__paper_cnn round=40 (checkpoint deleted)
2026-08-20 20:37:25 EVALUATED alzheimer-out-remove__non-iid__metric-privacy__fedavg__clients-47__seed-42__nm0p0292658__clip5__rounds-100__epochs-5__alzheimer_remove__paper_cnn round=50 (checkpoint deleted)
2026-08-20 20:37:25 EVALUATED alzheimer-out-remove__non-iid__metric-privacy__fedavg__clients-47__seed-42__nm0p0292658__clip5__rounds-100__epochs-5__alzheimer_remove__paper_cnn round=60 (checkpoint deleted)
2026-08-20 20:37:26 EVALUATED alzheimer-out-remove__non-iid__metric-privacy__fedavg__clients-47__seed-42__nm0p0292658__clip5__rounds-100__epochs-5__alzheimer_remove__paper_cnn round=70 (checkpoint deleted)
2026-08-20 20:37:26 EVALUATED alzheimer-out-remove__non-iid__metric-privacy__fedavg__clients-47__seed-42__nm0p0292658__clip5__rounds-100__epochs-5__alzheimer_remove__paper_cnn round=80 (checkpoint deleted)
2026-08-20 20:37:27 EVALUATED alzheimer-out-remove__non-iid__metric-privacy__fedavg__clients-47__seed-42__nm0p0292658__clip5__rounds-100__epochs-5__alzheimer_remove__paper_cnn round=90 (checkpoint deleted)
2026-08-20 20:37:27 EVALUATED alzheimer-out-remove__non-iid__metric-privacy__fedavg__clients-47__seed-42__nm0p0292658__clip5__rounds-100__epochs-5__alzheimer_remove__paper_cnn round=100 (checkpoint deleted)
2026-08-20 20:37:27 PROGRESS 2/2 (0 failed so far)
2026-08-20 20:37:27 Sweep finished: 2/2 attempted, 0 failed
