2026-08-20 11:44:50 CIFAR-10 removal CIA chunk (metric-privacy, clients=8, alpha=1.5, noise_ratio=0.004): 2 trajectories
2026-08-20 11:44:50 START cifar10-in-remove__dirichlet__alpha-1p5__metric-privacy__fedavg__clients-8__seed-42__nm0p032__clip5__rounds-20__epochs-5__cifar10_dirichlet__cifar10_cnn 
2026-08-20 11:55:10 DONE  cifar10-in-remove__dirichlet__alpha-1p5__metric-privacy__fedavg__clients-8__seed-42__nm0p032__clip5__rounds-20__epochs-5__cifar10_dirichlet__cifar10_cnn (619.9s)
2026-08-20 11:55:22 EVALUATED cifar10-in-remove__dirichlet__alpha-1p5__metric-privacy__fedavg__clients-8__seed-42__nm0p032__clip5__rounds-20__epochs-5__cifar10_dirichlet__cifar10_cnn round=1 (checkpoint deleted)
2026-08-20 11:55:30 EVALUATED cifar10-in-remove__dirichlet__alpha-1p5__metric-privacy__fedavg__clients-8__seed-42__nm0p032__clip5__rounds-20__epochs-5__cifar10_dirichlet__cifar10_cnn round=2 (checkpoint deleted)
2026-08-20 11:55:38 EVALUATED cifar10-in-remove__dirichlet__alpha-1p5__metric-privacy__fedavg__clients-8__seed-42__nm0p032__clip5__rounds-20__epochs-5__cifar10_dirichlet__cifar10_cnn round=3 (checkpoint deleted)
2026-08-20 11:55:47 EVALUATED cifar10-in-remove__dirichlet__alpha-1p5__metric-privacy__fedavg__clients-8__seed-42__nm0p032__clip5__rounds-20__epochs-5__cifar10_dirichlet__cifar10_cnn round=4 (checkpoint deleted)
2026-08-20 11:55:55 EVALUATED cifar10-in-remove__dirichlet__alpha-1p5__metric-privacy__fedavg__clients-8__seed-42__nm0p032__clip5__rounds-20__epochs-5__cifar10_dirichlet__cifar10_cnn round=5 (checkpoint deleted)
2026-08-20 11:56:03 EVALUATED cifar10-in-remove__dirichlet__alpha-1p5__metric-privacy__fedavg__clients-8__seed-42__nm0p032__clip5__rounds-20__epochs-5__cifar10_dirichlet__cifar10_cnn round=6 (checkpoint deleted)
2026-08-20 11:56:11 EVALUATED cifar10-in-remove__dirichlet__alpha-1p5__metric-privacy__fedavg__clients-8__seed-42__nm0p032__clip5__rounds-20__epochs-5__cifar10_dirichlet__cifar10_cnn round=7 (checkpoint deleted)
2026-08-20 11:56:19 EVALUATED cifar10-in-remove__dirichlet__alpha-1p5__metric-privacy__fedavg__clients-8__seed-42__nm0p032__clip5__rounds-20__epochs-5__cifar10_dirichlet__cifar10_cnn round=8 (checkpoint deleted)
2026-08-20 11:56:28 EVALUATED cifar10-in-remove__dirichlet__alpha-1p5__metric-privacy__fedavg__clients-8__seed-42__nm0p032__clip5__rounds-20__epochs-5__cifar10_dirichlet__cifar10_cnn round=9 (checkpoint deleted)
2026-08-20 11:56:36 EVALUATED cifar10-in-remove__dirichlet__alpha-1p5__metric-privacy__fedavg__clients-8__seed-42__nm0p032__clip5__rounds-20__epochs-5__cifar10_dirichlet__cifar10_cnn round=10 (checkpoint deleted)
2026-08-20 11:56:44 EVALUATED cifar10-in-remove__dirichlet__alpha-1p5__metric-privacy__fedavg__clients-8__seed-42__nm0p032__clip5__rounds-20__epochs-5__cifar10_dirichlet__cifar10_cnn round=11 (checkpoint deleted)
2026-08-20 11:56:52 EVALUATED cifar10-in-remove__dirichlet__alpha-1p5__metric-privacy__fedavg__clients-8__seed-42__nm0p032__clip5__rounds-20__epochs-5__cifar10_dirichlet__cifar10_cnn round=12 (checkpoint deleted)
2026-08-20 11:57:01 EVALUATED cifar10-in-remove__dirichlet__alpha-1p5__metric-privacy__fedavg__clients-8__seed-42__nm0p032__clip5__rounds-20__epochs-5__cifar10_dirichlet__cifar10_cnn round=13 (checkpoint deleted)
2026-08-20 11:57:09 EVALUATED cifar10-in-remove__dirichlet__alpha-1p5__metric-privacy__fedavg__clients-8__seed-42__nm0p032__clip5__rounds-20__epochs-5__cifar10_dirichlet__cifar10_cnn round=14 (checkpoint deleted)
2026-08-20 11:57:17 EVALUATED cifar10-in-remove__dirichlet__alpha-1p5__metric-privacy__fedavg__clients-8__seed-42__nm0p032__clip5__rounds-20__epochs-5__cifar10_dirichlet__cifar10_cnn round=15 (checkpoint deleted)
2026-08-20 11:57:25 EVALUATED cifar10-in-remove__dirichlet__alpha-1p5__metric-privacy__fedavg__clients-8__seed-42__nm0p032__clip5__rounds-20__epochs-5__cifar10_dirichlet__cifar10_cnn round=16 (checkpoint deleted)
2026-08-20 11:57:33 EVALUATED cifar10-in-remove__dirichlet__alpha-1p5__metric-privacy__fedavg__clients-8__seed-42__nm0p032__clip5__rounds-20__epochs-5__cifar10_dirichlet__cifar10_cnn round=17 (checkpoint deleted)
2026-08-20 11:57:41 EVALUATED cifar10-in-remove__dirichlet__alpha-1p5__metric-privacy__fedavg__clients-8__seed-42__nm0p032__clip5__rounds-20__epochs-5__cifar10_dirichlet__cifar10_cnn round=18 (checkpoint deleted)
2026-08-20 11:57:49 EVALUATED cifar10-in-remove__dirichlet__alpha-1p5__metric-privacy__fedavg__clients-8__seed-42__nm0p032__clip5__rounds-20__epochs-5__cifar10_dirichlet__cifar10_cnn round=19 (checkpoint deleted)
2026-08-20 11:57:58 EVALUATED cifar10-in-remove__dirichlet__alpha-1p5__metric-privacy__fedavg__clients-8__seed-42__nm0p032__clip5__rounds-20__epochs-5__cifar10_dirichlet__cifar10_cnn round=20 (checkpoint deleted)
2026-08-20 11:57:58 PROGRESS 1/2 (0 failed so far)
2026-08-20 11:57:58 START cifar10-out-remove__dirichlet__alpha-1p5__metric-privacy__fedavg__clients-7__seed-42__nm0p028__clip5__rounds-20__epochs-5__cifar10_dirichlet__cifar10_cnn 
2026-08-20 12:07:48 DONE  cifar10-out-remove__dirichlet__alpha-1p5__metric-privacy__fedavg__clients-7__seed-42__nm0p028__clip5__rounds-20__epochs-5__cifar10_dirichlet__cifar10_cnn (589.9s)
2026-08-20 12:07:56 EVALUATED cifar10-out-remove__dirichlet__alpha-1p5__metric-privacy__fedavg__clients-7__seed-42__nm0p028__clip5__rounds-20__epochs-5__cifar10_dirichlet__cifar10_cnn round=1 (checkpoint deleted)
2026-08-20 12:08:04 EVALUATED cifar10-out-remove__dirichlet__alpha-1p5__metric-privacy__fedavg__clients-7__seed-42__nm0p028__clip5__rounds-20__epochs-5__cifar10_dirichlet__cifar10_cnn round=2 (checkpoint deleted)
2026-08-20 12:08:12 EVALUATED cifar10-out-remove__dirichlet__alpha-1p5__metric-privacy__fedavg__clients-7__seed-42__nm0p028__clip5__rounds-20__epochs-5__cifar10_dirichlet__cifar10_cnn round=3 (checkpoint deleted)
2026-08-20 12:08:20 EVALUATED cifar10-out-remove__dirichlet__alpha-1p5__metric-privacy__fedavg__clients-7__seed-42__nm0p028__clip5__rounds-20__epochs-5__cifar10_dirichlet__cifar10_cnn round=4 (checkpoint deleted)
2026-08-20 12:08:29 EVALUATED cifar10-out-remove__dirichlet__alpha-1p5__metric-privacy__fedavg__clients-7__seed-42__nm0p028__clip5__rounds-20__epochs-5__cifar10_dirichlet__cifar10_cnn round=5 (checkpoint deleted)
2026-08-20 12:08:37 EVALUATED cifar10-out-remove__dirichlet__alpha-1p5__metric-privacy__fedavg__clients-7__seed-42__nm0p028__clip5__rounds-20__epochs-5__cifar10_dirichlet__cifar10_cnn round=6 (checkpoint deleted)
2026-08-20 12:08:45 EVALUATED cifar10-out-remove__dirichlet__alpha-1p5__metric-privacy__fedavg__clients-7__seed-42__nm0p028__clip5__rounds-20__epochs-5__cifar10_dirichlet__cifar10_cnn round=7 (checkpoint deleted)
2026-08-20 12:08:53 EVALUATED cifar10-out-remove__dirichlet__alpha-1p5__metric-privacy__fedavg__clients-7__seed-42__nm0p028__clip5__rounds-20__epochs-5__cifar10_dirichlet__cifar10_cnn round=8 (checkpoint deleted)
2026-08-20 12:09:01 EVALUATED cifar10-out-remove__dirichlet__alpha-1p5__metric-privacy__fedavg__clients-7__seed-42__nm0p028__clip5__rounds-20__epochs-5__cifar10_dirichlet__cifar10_cnn round=9 (checkpoint deleted)
2026-08-20 12:09:10 EVALUATED cifar10-out-remove__dirichlet__alpha-1p5__metric-privacy__fedavg__clients-7__seed-42__nm0p028__clip5__rounds-20__epochs-5__cifar10_dirichlet__cifar10_cnn round=10 (checkpoint deleted)
2026-08-20 12:09:18 EVALUATED cifar10-out-remove__dirichlet__alpha-1p5__metric-privacy__fedavg__clients-7__seed-42__nm0p028__clip5__rounds-20__epochs-5__cifar10_dirichlet__cifar10_cnn round=11 (checkpoint deleted)
2026-08-20 12:09:26 EVALUATED cifar10-out-remove__dirichlet__alpha-1p5__metric-privacy__fedavg__clients-7__seed-42__nm0p028__clip5__rounds-20__epochs-5__cifar10_dirichlet__cifar10_cnn round=12 (checkpoint deleted)
2026-08-20 12:09:34 EVALUATED cifar10-out-remove__dirichlet__alpha-1p5__metric-privacy__fedavg__clients-7__seed-42__nm0p028__clip5__rounds-20__epochs-5__cifar10_dirichlet__cifar10_cnn round=13 (checkpoint deleted)
2026-08-20 12:09:42 EVALUATED cifar10-out-remove__dirichlet__alpha-1p5__metric-privacy__fedavg__clients-7__seed-42__nm0p028__clip5__rounds-20__epochs-5__cifar10_dirichlet__cifar10_cnn round=14 (checkpoint deleted)
2026-08-20 12:09:50 EVALUATED cifar10-out-remove__dirichlet__alpha-1p5__metric-privacy__fedavg__clients-7__seed-42__nm0p028__clip5__rounds-20__epochs-5__cifar10_dirichlet__cifar10_cnn round=15 (checkpoint deleted)
2026-08-20 12:09:59 EVALUATED cifar10-out-remove__dirichlet__alpha-1p5__metric-privacy__fedavg__clients-7__seed-42__nm0p028__clip5__rounds-20__epochs-5__cifar10_dirichlet__cifar10_cnn round=16 (checkpoint deleted)
2026-08-20 12:10:07 EVALUATED cifar10-out-remove__dirichlet__alpha-1p5__metric-privacy__fedavg__clients-7__seed-42__nm0p028__clip5__rounds-20__epochs-5__cifar10_dirichlet__cifar10_cnn round=17 (checkpoint deleted)
2026-08-20 12:10:15 EVALUATED cifar10-out-remove__dirichlet__alpha-1p5__metric-privacy__fedavg__clients-7__seed-42__nm0p028__clip5__rounds-20__epochs-5__cifar10_dirichlet__cifar10_cnn round=18 (checkpoint deleted)
2026-08-20 12:10:23 EVALUATED cifar10-out-remove__dirichlet__alpha-1p5__metric-privacy__fedavg__clients-7__seed-42__nm0p028__clip5__rounds-20__epochs-5__cifar10_dirichlet__cifar10_cnn round=19 (checkpoint deleted)
2026-08-20 12:10:31 EVALUATED cifar10-out-remove__dirichlet__alpha-1p5__metric-privacy__fedavg__clients-7__seed-42__nm0p028__clip5__rounds-20__epochs-5__cifar10_dirichlet__cifar10_cnn round=20 (checkpoint deleted)
2026-08-20 12:10:31 PROGRESS 2/2 (0 failed so far)
2026-08-20 12:10:31 Sweep finished: 2/2 attempted, 0 failed
