2026-08-18 00:21:33 EuroSAT stage (global-dp, homogeneous, seed=42, noise_ratio=0.0007730650439020523): 2 trajectories
2026-08-18 00:21:33 START eurosat-in-remove__homogeneous__global-dp__fedavg__clients-48__seed-42__nm0p0371071__clip5__rounds-100__epochs-5__eurosat_remove__eurosat_cnn 
2026-08-18 00:57:34 DONE  eurosat-in-remove__homogeneous__global-dp__fedavg__clients-48__seed-42__nm0p0371071__clip5__rounds-100__epochs-5__eurosat_remove__eurosat_cnn (2161.2s)
2026-08-18 00:57:35 EVALUATED eurosat-in-remove__homogeneous__global-dp__fedavg__clients-48__seed-42__nm0p0371071__clip5__rounds-100__epochs-5__eurosat_remove__eurosat_cnn round=1 (checkpoint deleted)
2026-08-18 00:57:37 EVALUATED eurosat-in-remove__homogeneous__global-dp__fedavg__clients-48__seed-42__nm0p0371071__clip5__rounds-100__epochs-5__eurosat_remove__eurosat_cnn round=10 (checkpoint deleted)
2026-08-18 00:57:38 EVALUATED eurosat-in-remove__homogeneous__global-dp__fedavg__clients-48__seed-42__nm0p0371071__clip5__rounds-100__epochs-5__eurosat_remove__eurosat_cnn round=20 (checkpoint deleted)
2026-08-18 00:57:39 EVALUATED eurosat-in-remove__homogeneous__global-dp__fedavg__clients-48__seed-42__nm0p0371071__clip5__rounds-100__epochs-5__eurosat_remove__eurosat_cnn round=30 (checkpoint deleted)
2026-08-18 00:57:41 EVALUATED eurosat-in-remove__homogeneous__global-dp__fedavg__clients-48__seed-42__nm0p0371071__clip5__rounds-100__epochs-5__eurosat_remove__eurosat_cnn round=40 (checkpoint deleted)
2026-08-18 00:57:42 EVALUATED eurosat-in-remove__homogeneous__global-dp__fedavg__clients-48__seed-42__nm0p0371071__clip5__rounds-100__epochs-5__eurosat_remove__eurosat_cnn round=50 (checkpoint deleted)
2026-08-18 00:57:44 EVALUATED eurosat-in-remove__homogeneous__global-dp__fedavg__clients-48__seed-42__nm0p0371071__clip5__rounds-100__epochs-5__eurosat_remove__eurosat_cnn round=60 (checkpoint deleted)
2026-08-18 00:57:45 EVALUATED eurosat-in-remove__homogeneous__global-dp__fedavg__clients-48__seed-42__nm0p0371071__clip5__rounds-100__epochs-5__eurosat_remove__eurosat_cnn round=70 (checkpoint deleted)
2026-08-18 00:57:46 EVALUATED eurosat-in-remove__homogeneous__global-dp__fedavg__clients-48__seed-42__nm0p0371071__clip5__rounds-100__epochs-5__eurosat_remove__eurosat_cnn round=80 (checkpoint deleted)
2026-08-18 00:57:48 EVALUATED eurosat-in-remove__homogeneous__global-dp__fedavg__clients-48__seed-42__nm0p0371071__clip5__rounds-100__epochs-5__eurosat_remove__eurosat_cnn round=90 (checkpoint deleted)
2026-08-18 00:57:49 EVALUATED eurosat-in-remove__homogeneous__global-dp__fedavg__clients-48__seed-42__nm0p0371071__clip5__rounds-100__epochs-5__eurosat_remove__eurosat_cnn round=100 (checkpoint deleted)
2026-08-18 00:57:49 PROGRESS 1/2 (0 failed so far)
2026-08-18 00:57:49 START eurosat-out-remove__homogeneous__global-dp__fedavg__clients-47__seed-42__nm0p0363341__clip5__rounds-100__epochs-5__eurosat_remove__eurosat_cnn 
2026-08-18 01:32:33 DONE  eurosat-out-remove__homogeneous__global-dp__fedavg__clients-47__seed-42__nm0p0363341__clip5__rounds-100__epochs-5__eurosat_remove__eurosat_cnn (2083.5s)
2026-08-18 01:32:34 EVALUATED eurosat-out-remove__homogeneous__global-dp__fedavg__clients-47__seed-42__nm0p0363341__clip5__rounds-100__epochs-5__eurosat_remove__eurosat_cnn round=1 (checkpoint deleted)
2026-08-18 01:32:36 EVALUATED eurosat-out-remove__homogeneous__global-dp__fedavg__clients-47__seed-42__nm0p0363341__clip5__rounds-100__epochs-5__eurosat_remove__eurosat_cnn round=10 (checkpoint deleted)
2026-08-18 01:32:37 EVALUATED eurosat-out-remove__homogeneous__global-dp__fedavg__clients-47__seed-42__nm0p0363341__clip5__rounds-100__epochs-5__eurosat_remove__eurosat_cnn round=20 (checkpoint deleted)
2026-08-18 01:32:38 EVALUATED eurosat-out-remove__homogeneous__global-dp__fedavg__clients-47__seed-42__nm0p0363341__clip5__rounds-100__epochs-5__eurosat_remove__eurosat_cnn round=30 (checkpoint deleted)
2026-08-18 01:32:40 EVALUATED eurosat-out-remove__homogeneous__global-dp__fedavg__clients-47__seed-42__nm0p0363341__clip5__rounds-100__epochs-5__eurosat_remove__eurosat_cnn round=40 (checkpoint deleted)
2026-08-18 01:32:41 EVALUATED eurosat-out-remove__homogeneous__global-dp__fedavg__clients-47__seed-42__nm0p0363341__clip5__rounds-100__epochs-5__eurosat_remove__eurosat_cnn round=50 (checkpoint deleted)
2026-08-18 01:32:43 EVALUATED eurosat-out-remove__homogeneous__global-dp__fedavg__clients-47__seed-42__nm0p0363341__clip5__rounds-100__epochs-5__eurosat_remove__eurosat_cnn round=60 (checkpoint deleted)
2026-08-18 01:32:44 EVALUATED eurosat-out-remove__homogeneous__global-dp__fedavg__clients-47__seed-42__nm0p0363341__clip5__rounds-100__epochs-5__eurosat_remove__eurosat_cnn round=70 (checkpoint deleted)
2026-08-18 01:32:45 EVALUATED eurosat-out-remove__homogeneous__global-dp__fedavg__clients-47__seed-42__nm0p0363341__clip5__rounds-100__epochs-5__eurosat_remove__eurosat_cnn round=80 (checkpoint deleted)
2026-08-18 01:32:47 EVALUATED eurosat-out-remove__homogeneous__global-dp__fedavg__clients-47__seed-42__nm0p0363341__clip5__rounds-100__epochs-5__eurosat_remove__eurosat_cnn round=90 (checkpoint deleted)
2026-08-18 01:32:48 EVALUATED eurosat-out-remove__homogeneous__global-dp__fedavg__clients-47__seed-42__nm0p0363341__clip5__rounds-100__epochs-5__eurosat_remove__eurosat_cnn round=100 (checkpoint deleted)
2026-08-18 01:32:48 PROGRESS 2/2 (0 failed so far)
2026-08-18 01:32:48 Sweep finished: 2/2 attempted, 0 failed
