2026-08-20 03:56:34 Alzheimer stage (global-dp, homogeneous, seed=43, noise_ratio=0.00249070939616468): 2 trajectories
2026-08-20 03:56:34 START alzheimer-in-remove__homogeneous__global-dp__fedavg__clients-48__seed-43__nm0p119554__clip5__rounds-100__epochs-5__alzheimer_remove__paper_cnn 
2026-08-20 04:13:50 DONE  alzheimer-in-remove__homogeneous__global-dp__fedavg__clients-48__seed-43__nm0p119554__clip5__rounds-100__epochs-5__alzheimer_remove__paper_cnn (1035.9s)
2026-08-20 04:13:50 EVALUATED alzheimer-in-remove__homogeneous__global-dp__fedavg__clients-48__seed-43__nm0p119554__clip5__rounds-100__epochs-5__alzheimer_remove__paper_cnn round=1 (checkpoint deleted)
2026-08-20 04:13:51 EVALUATED alzheimer-in-remove__homogeneous__global-dp__fedavg__clients-48__seed-43__nm0p119554__clip5__rounds-100__epochs-5__alzheimer_remove__paper_cnn round=10 (checkpoint deleted)
2026-08-20 04:13:51 EVALUATED alzheimer-in-remove__homogeneous__global-dp__fedavg__clients-48__seed-43__nm0p119554__clip5__rounds-100__epochs-5__alzheimer_remove__paper_cnn round=20 (checkpoint deleted)
2026-08-20 04:13:52 EVALUATED alzheimer-in-remove__homogeneous__global-dp__fedavg__clients-48__seed-43__nm0p119554__clip5__rounds-100__epochs-5__alzheimer_remove__paper_cnn round=30 (checkpoint deleted)
2026-08-20 04:13:52 EVALUATED alzheimer-in-remove__homogeneous__global-dp__fedavg__clients-48__seed-43__nm0p119554__clip5__rounds-100__epochs-5__alzheimer_remove__paper_cnn round=40 (checkpoint deleted)
2026-08-20 04:13:53 EVALUATED alzheimer-in-remove__homogeneous__global-dp__fedavg__clients-48__seed-43__nm0p119554__clip5__rounds-100__epochs-5__alzheimer_remove__paper_cnn round=50 (checkpoint deleted)
2026-08-20 04:13:53 EVALUATED alzheimer-in-remove__homogeneous__global-dp__fedavg__clients-48__seed-43__nm0p119554__clip5__rounds-100__epochs-5__alzheimer_remove__paper_cnn round=60 (checkpoint deleted)
2026-08-20 04:13:54 EVALUATED alzheimer-in-remove__homogeneous__global-dp__fedavg__clients-48__seed-43__nm0p119554__clip5__rounds-100__epochs-5__alzheimer_remove__paper_cnn round=70 (checkpoint deleted)
2026-08-20 04:13:54 EVALUATED alzheimer-in-remove__homogeneous__global-dp__fedavg__clients-48__seed-43__nm0p119554__clip5__rounds-100__epochs-5__alzheimer_remove__paper_cnn round=80 (checkpoint deleted)
2026-08-20 04:13:55 EVALUATED alzheimer-in-remove__homogeneous__global-dp__fedavg__clients-48__seed-43__nm0p119554__clip5__rounds-100__epochs-5__alzheimer_remove__paper_cnn round=90 (checkpoint deleted)
2026-08-20 04:13:55 EVALUATED alzheimer-in-remove__homogeneous__global-dp__fedavg__clients-48__seed-43__nm0p119554__clip5__rounds-100__epochs-5__alzheimer_remove__paper_cnn round=100 (checkpoint deleted)
2026-08-20 04:13:55 PROGRESS 1/2 (0 failed so far)
2026-08-20 04:13:55 START alzheimer-out-remove__homogeneous__global-dp__fedavg__clients-47__seed-43__nm0p117063__clip5__rounds-100__epochs-5__alzheimer_remove__paper_cnn 
2026-08-20 04:31:02 DONE  alzheimer-out-remove__homogeneous__global-dp__fedavg__clients-47__seed-43__nm0p117063__clip5__rounds-100__epochs-5__alzheimer_remove__paper_cnn (1027.3s)
2026-08-20 04:31:03 EVALUATED alzheimer-out-remove__homogeneous__global-dp__fedavg__clients-47__seed-43__nm0p117063__clip5__rounds-100__epochs-5__alzheimer_remove__paper_cnn round=1 (checkpoint deleted)
2026-08-20 04:31:03 EVALUATED alzheimer-out-remove__homogeneous__global-dp__fedavg__clients-47__seed-43__nm0p117063__clip5__rounds-100__epochs-5__alzheimer_remove__paper_cnn round=10 (checkpoint deleted)
2026-08-20 04:31:04 EVALUATED alzheimer-out-remove__homogeneous__global-dp__fedavg__clients-47__seed-43__nm0p117063__clip5__rounds-100__epochs-5__alzheimer_remove__paper_cnn round=20 (checkpoint deleted)
2026-08-20 04:31:04 EVALUATED alzheimer-out-remove__homogeneous__global-dp__fedavg__clients-47__seed-43__nm0p117063__clip5__rounds-100__epochs-5__alzheimer_remove__paper_cnn round=30 (checkpoint deleted)
2026-08-20 04:31:05 EVALUATED alzheimer-out-remove__homogeneous__global-dp__fedavg__clients-47__seed-43__nm0p117063__clip5__rounds-100__epochs-5__alzheimer_remove__paper_cnn round=40 (checkpoint deleted)
2026-08-20 04:31:05 EVALUATED alzheimer-out-remove__homogeneous__global-dp__fedavg__clients-47__seed-43__nm0p117063__clip5__rounds-100__epochs-5__alzheimer_remove__paper_cnn round=50 (checkpoint deleted)
2026-08-20 04:31:06 EVALUATED alzheimer-out-remove__homogeneous__global-dp__fedavg__clients-47__seed-43__nm0p117063__clip5__rounds-100__epochs-5__alzheimer_remove__paper_cnn round=60 (checkpoint deleted)
2026-08-20 04:31:06 EVALUATED alzheimer-out-remove__homogeneous__global-dp__fedavg__clients-47__seed-43__nm0p117063__clip5__rounds-100__epochs-5__alzheimer_remove__paper_cnn round=70 (checkpoint deleted)
2026-08-20 04:31:07 EVALUATED alzheimer-out-remove__homogeneous__global-dp__fedavg__clients-47__seed-43__nm0p117063__clip5__rounds-100__epochs-5__alzheimer_remove__paper_cnn round=80 (checkpoint deleted)
2026-08-20 04:31:07 EVALUATED alzheimer-out-remove__homogeneous__global-dp__fedavg__clients-47__seed-43__nm0p117063__clip5__rounds-100__epochs-5__alzheimer_remove__paper_cnn round=90 (checkpoint deleted)
2026-08-20 04:31:08 EVALUATED alzheimer-out-remove__homogeneous__global-dp__fedavg__clients-47__seed-43__nm0p117063__clip5__rounds-100__epochs-5__alzheimer_remove__paper_cnn round=100 (checkpoint deleted)
2026-08-20 04:31:08 PROGRESS 2/2 (0 failed so far)
2026-08-20 04:31:08 Sweep finished: 2/2 attempted, 0 failed
