2026-08-19 20:57:53 EuroSAT stage (metric-privacy, non-iid, seed=42, noise_ratio=0.00038653252195102616): 2 trajectories
2026-08-19 20:57:53 START eurosat-in-remove__non-iid__metric-privacy__fedavg__clients-48__seed-42__nm0p0185536__clip5__rounds-100__epochs-5__eurosat_remove__eurosat_cnn 
2026-08-19 21:16:26 DONE  eurosat-in-remove__non-iid__metric-privacy__fedavg__clients-48__seed-42__nm0p0185536__clip5__rounds-100__epochs-5__eurosat_remove__eurosat_cnn (1113.5s)
2026-08-19 21:16:27 EVALUATED eurosat-in-remove__non-iid__metric-privacy__fedavg__clients-48__seed-42__nm0p0185536__clip5__rounds-100__epochs-5__eurosat_remove__eurosat_cnn round=1 (checkpoint deleted)
2026-08-19 21:16:29 EVALUATED eurosat-in-remove__non-iid__metric-privacy__fedavg__clients-48__seed-42__nm0p0185536__clip5__rounds-100__epochs-5__eurosat_remove__eurosat_cnn round=10 (checkpoint deleted)
2026-08-19 21:16:30 EVALUATED eurosat-in-remove__non-iid__metric-privacy__fedavg__clients-48__seed-42__nm0p0185536__clip5__rounds-100__epochs-5__eurosat_remove__eurosat_cnn round=20 (checkpoint deleted)
2026-08-19 21:16:32 EVALUATED eurosat-in-remove__non-iid__metric-privacy__fedavg__clients-48__seed-42__nm0p0185536__clip5__rounds-100__epochs-5__eurosat_remove__eurosat_cnn round=30 (checkpoint deleted)
2026-08-19 21:16:33 EVALUATED eurosat-in-remove__non-iid__metric-privacy__fedavg__clients-48__seed-42__nm0p0185536__clip5__rounds-100__epochs-5__eurosat_remove__eurosat_cnn round=40 (checkpoint deleted)
2026-08-19 21:16:34 EVALUATED eurosat-in-remove__non-iid__metric-privacy__fedavg__clients-48__seed-42__nm0p0185536__clip5__rounds-100__epochs-5__eurosat_remove__eurosat_cnn round=50 (checkpoint deleted)
2026-08-19 21:16:36 EVALUATED eurosat-in-remove__non-iid__metric-privacy__fedavg__clients-48__seed-42__nm0p0185536__clip5__rounds-100__epochs-5__eurosat_remove__eurosat_cnn round=60 (checkpoint deleted)
2026-08-19 21:16:37 EVALUATED eurosat-in-remove__non-iid__metric-privacy__fedavg__clients-48__seed-42__nm0p0185536__clip5__rounds-100__epochs-5__eurosat_remove__eurosat_cnn round=70 (checkpoint deleted)
2026-08-19 21:16:38 EVALUATED eurosat-in-remove__non-iid__metric-privacy__fedavg__clients-48__seed-42__nm0p0185536__clip5__rounds-100__epochs-5__eurosat_remove__eurosat_cnn round=80 (checkpoint deleted)
2026-08-19 21:16:40 EVALUATED eurosat-in-remove__non-iid__metric-privacy__fedavg__clients-48__seed-42__nm0p0185536__clip5__rounds-100__epochs-5__eurosat_remove__eurosat_cnn round=90 (checkpoint deleted)
2026-08-19 21:16:41 EVALUATED eurosat-in-remove__non-iid__metric-privacy__fedavg__clients-48__seed-42__nm0p0185536__clip5__rounds-100__epochs-5__eurosat_remove__eurosat_cnn round=100 (checkpoint deleted)
2026-08-19 21:16:41 PROGRESS 1/2 (0 failed so far)
2026-08-19 21:16:41 START eurosat-out-remove__non-iid__metric-privacy__fedavg__clients-47__seed-42__nm0p018167__clip5__rounds-100__epochs-5__eurosat_remove__eurosat_cnn 
2026-08-19 21:34:51 DONE  eurosat-out-remove__non-iid__metric-privacy__fedavg__clients-47__seed-42__nm0p018167__clip5__rounds-100__epochs-5__eurosat_remove__eurosat_cnn (1090.5s)
2026-08-19 21:34:53 EVALUATED eurosat-out-remove__non-iid__metric-privacy__fedavg__clients-47__seed-42__nm0p018167__clip5__rounds-100__epochs-5__eurosat_remove__eurosat_cnn round=1 (checkpoint deleted)
2026-08-19 21:34:54 EVALUATED eurosat-out-remove__non-iid__metric-privacy__fedavg__clients-47__seed-42__nm0p018167__clip5__rounds-100__epochs-5__eurosat_remove__eurosat_cnn round=10 (checkpoint deleted)
2026-08-19 21:34:56 EVALUATED eurosat-out-remove__non-iid__metric-privacy__fedavg__clients-47__seed-42__nm0p018167__clip5__rounds-100__epochs-5__eurosat_remove__eurosat_cnn round=20 (checkpoint deleted)
2026-08-19 21:34:57 EVALUATED eurosat-out-remove__non-iid__metric-privacy__fedavg__clients-47__seed-42__nm0p018167__clip5__rounds-100__epochs-5__eurosat_remove__eurosat_cnn round=30 (checkpoint deleted)
2026-08-19 21:34:58 EVALUATED eurosat-out-remove__non-iid__metric-privacy__fedavg__clients-47__seed-42__nm0p018167__clip5__rounds-100__epochs-5__eurosat_remove__eurosat_cnn round=40 (checkpoint deleted)
2026-08-19 21:35:00 EVALUATED eurosat-out-remove__non-iid__metric-privacy__fedavg__clients-47__seed-42__nm0p018167__clip5__rounds-100__epochs-5__eurosat_remove__eurosat_cnn round=50 (checkpoint deleted)
2026-08-19 21:35:01 EVALUATED eurosat-out-remove__non-iid__metric-privacy__fedavg__clients-47__seed-42__nm0p018167__clip5__rounds-100__epochs-5__eurosat_remove__eurosat_cnn round=60 (checkpoint deleted)
2026-08-19 21:35:02 EVALUATED eurosat-out-remove__non-iid__metric-privacy__fedavg__clients-47__seed-42__nm0p018167__clip5__rounds-100__epochs-5__eurosat_remove__eurosat_cnn round=70 (checkpoint deleted)
2026-08-19 21:35:04 EVALUATED eurosat-out-remove__non-iid__metric-privacy__fedavg__clients-47__seed-42__nm0p018167__clip5__rounds-100__epochs-5__eurosat_remove__eurosat_cnn round=80 (checkpoint deleted)
2026-08-19 21:35:05 EVALUATED eurosat-out-remove__non-iid__metric-privacy__fedavg__clients-47__seed-42__nm0p018167__clip5__rounds-100__epochs-5__eurosat_remove__eurosat_cnn round=90 (checkpoint deleted)
2026-08-19 21:35:07 EVALUATED eurosat-out-remove__non-iid__metric-privacy__fedavg__clients-47__seed-42__nm0p018167__clip5__rounds-100__epochs-5__eurosat_remove__eurosat_cnn round=100 (checkpoint deleted)
2026-08-19 21:35:07 PROGRESS 2/2 (0 failed so far)
2026-08-19 21:35:07 Sweep finished: 2/2 attempted, 0 failed
2026-08-19 21:35:07 EuroSAT stage (metric-privacy, non-iid, seed=42, noise_ratio=0.00038653252195102616): 2 trajectories
2026-08-19 21:35:07 SKIP  2 combinations (attack results already exist)
2026-08-19 21:35:07 Sweep finished: 2/2 attempted, 0 failed
