2026-08-20 09:45:22 CIFAR-10 removal CIA chunk (global-dp, clients=8, alpha=1.5, noise_ratio=0.0025): 2 trajectories
2026-08-20 09:45:22 START cifar10-in-remove__dirichlet__alpha-1p5__global-dp__fedavg__clients-8__seed-42__nm0p02__clip5__rounds-20__epochs-5__cifar10_dirichlet__cifar10_cnn 
2026-08-20 09:55:27 DONE  cifar10-in-remove__dirichlet__alpha-1p5__global-dp__fedavg__clients-8__seed-42__nm0p02__clip5__rounds-20__epochs-5__cifar10_dirichlet__cifar10_cnn (604.6s)
2026-08-20 09:55:38 EVALUATED cifar10-in-remove__dirichlet__alpha-1p5__global-dp__fedavg__clients-8__seed-42__nm0p02__clip5__rounds-20__epochs-5__cifar10_dirichlet__cifar10_cnn round=1 (checkpoint deleted)
2026-08-20 09:55:46 EVALUATED cifar10-in-remove__dirichlet__alpha-1p5__global-dp__fedavg__clients-8__seed-42__nm0p02__clip5__rounds-20__epochs-5__cifar10_dirichlet__cifar10_cnn round=2 (checkpoint deleted)
2026-08-20 09:55:55 EVALUATED cifar10-in-remove__dirichlet__alpha-1p5__global-dp__fedavg__clients-8__seed-42__nm0p02__clip5__rounds-20__epochs-5__cifar10_dirichlet__cifar10_cnn round=3 (checkpoint deleted)
2026-08-20 09:56:03 EVALUATED cifar10-in-remove__dirichlet__alpha-1p5__global-dp__fedavg__clients-8__seed-42__nm0p02__clip5__rounds-20__epochs-5__cifar10_dirichlet__cifar10_cnn round=4 (checkpoint deleted)
2026-08-20 09:56:11 EVALUATED cifar10-in-remove__dirichlet__alpha-1p5__global-dp__fedavg__clients-8__seed-42__nm0p02__clip5__rounds-20__epochs-5__cifar10_dirichlet__cifar10_cnn round=5 (checkpoint deleted)
2026-08-20 09:56:19 EVALUATED cifar10-in-remove__dirichlet__alpha-1p5__global-dp__fedavg__clients-8__seed-42__nm0p02__clip5__rounds-20__epochs-5__cifar10_dirichlet__cifar10_cnn round=6 (checkpoint deleted)
2026-08-20 09:56:28 EVALUATED cifar10-in-remove__dirichlet__alpha-1p5__global-dp__fedavg__clients-8__seed-42__nm0p02__clip5__rounds-20__epochs-5__cifar10_dirichlet__cifar10_cnn round=7 (checkpoint deleted)
2026-08-20 09:56:36 EVALUATED cifar10-in-remove__dirichlet__alpha-1p5__global-dp__fedavg__clients-8__seed-42__nm0p02__clip5__rounds-20__epochs-5__cifar10_dirichlet__cifar10_cnn round=8 (checkpoint deleted)
2026-08-20 09:56:44 EVALUATED cifar10-in-remove__dirichlet__alpha-1p5__global-dp__fedavg__clients-8__seed-42__nm0p02__clip5__rounds-20__epochs-5__cifar10_dirichlet__cifar10_cnn round=9 (checkpoint deleted)
2026-08-20 09:56:52 EVALUATED cifar10-in-remove__dirichlet__alpha-1p5__global-dp__fedavg__clients-8__seed-42__nm0p02__clip5__rounds-20__epochs-5__cifar10_dirichlet__cifar10_cnn round=10 (checkpoint deleted)
2026-08-20 09:57:01 EVALUATED cifar10-in-remove__dirichlet__alpha-1p5__global-dp__fedavg__clients-8__seed-42__nm0p02__clip5__rounds-20__epochs-5__cifar10_dirichlet__cifar10_cnn round=11 (checkpoint deleted)
2026-08-20 09:57:09 EVALUATED cifar10-in-remove__dirichlet__alpha-1p5__global-dp__fedavg__clients-8__seed-42__nm0p02__clip5__rounds-20__epochs-5__cifar10_dirichlet__cifar10_cnn round=12 (checkpoint deleted)
2026-08-20 09:57:17 EVALUATED cifar10-in-remove__dirichlet__alpha-1p5__global-dp__fedavg__clients-8__seed-42__nm0p02__clip5__rounds-20__epochs-5__cifar10_dirichlet__cifar10_cnn round=13 (checkpoint deleted)
2026-08-20 09:57:26 EVALUATED cifar10-in-remove__dirichlet__alpha-1p5__global-dp__fedavg__clients-8__seed-42__nm0p02__clip5__rounds-20__epochs-5__cifar10_dirichlet__cifar10_cnn round=14 (checkpoint deleted)
2026-08-20 09:57:34 EVALUATED cifar10-in-remove__dirichlet__alpha-1p5__global-dp__fedavg__clients-8__seed-42__nm0p02__clip5__rounds-20__epochs-5__cifar10_dirichlet__cifar10_cnn round=15 (checkpoint deleted)
2026-08-20 09:57:42 EVALUATED cifar10-in-remove__dirichlet__alpha-1p5__global-dp__fedavg__clients-8__seed-42__nm0p02__clip5__rounds-20__epochs-5__cifar10_dirichlet__cifar10_cnn round=16 (checkpoint deleted)
2026-08-20 09:57:50 EVALUATED cifar10-in-remove__dirichlet__alpha-1p5__global-dp__fedavg__clients-8__seed-42__nm0p02__clip5__rounds-20__epochs-5__cifar10_dirichlet__cifar10_cnn round=17 (checkpoint deleted)
2026-08-20 09:57:58 EVALUATED cifar10-in-remove__dirichlet__alpha-1p5__global-dp__fedavg__clients-8__seed-42__nm0p02__clip5__rounds-20__epochs-5__cifar10_dirichlet__cifar10_cnn round=18 (checkpoint deleted)
2026-08-20 09:58:07 EVALUATED cifar10-in-remove__dirichlet__alpha-1p5__global-dp__fedavg__clients-8__seed-42__nm0p02__clip5__rounds-20__epochs-5__cifar10_dirichlet__cifar10_cnn round=19 (checkpoint deleted)
2026-08-20 09:58:15 EVALUATED cifar10-in-remove__dirichlet__alpha-1p5__global-dp__fedavg__clients-8__seed-42__nm0p02__clip5__rounds-20__epochs-5__cifar10_dirichlet__cifar10_cnn round=20 (checkpoint deleted)
2026-08-20 09:58:15 PROGRESS 1/2 (0 failed so far)
2026-08-20 09:58:15 START cifar10-out-remove__dirichlet__alpha-1p5__global-dp__fedavg__clients-7__seed-42__nm0p0175__clip5__rounds-20__epochs-5__cifar10_dirichlet__cifar10_cnn 
2026-08-20 10:07:54 DONE  cifar10-out-remove__dirichlet__alpha-1p5__global-dp__fedavg__clients-7__seed-42__nm0p0175__clip5__rounds-20__epochs-5__cifar10_dirichlet__cifar10_cnn (578.9s)
2026-08-20 10:08:02 EVALUATED cifar10-out-remove__dirichlet__alpha-1p5__global-dp__fedavg__clients-7__seed-42__nm0p0175__clip5__rounds-20__epochs-5__cifar10_dirichlet__cifar10_cnn round=1 (checkpoint deleted)
2026-08-20 10:08:10 EVALUATED cifar10-out-remove__dirichlet__alpha-1p5__global-dp__fedavg__clients-7__seed-42__nm0p0175__clip5__rounds-20__epochs-5__cifar10_dirichlet__cifar10_cnn round=2 (checkpoint deleted)
2026-08-20 10:08:19 EVALUATED cifar10-out-remove__dirichlet__alpha-1p5__global-dp__fedavg__clients-7__seed-42__nm0p0175__clip5__rounds-20__epochs-5__cifar10_dirichlet__cifar10_cnn round=3 (checkpoint deleted)
2026-08-20 10:08:27 EVALUATED cifar10-out-remove__dirichlet__alpha-1p5__global-dp__fedavg__clients-7__seed-42__nm0p0175__clip5__rounds-20__epochs-5__cifar10_dirichlet__cifar10_cnn round=4 (checkpoint deleted)
2026-08-20 10:08:35 EVALUATED cifar10-out-remove__dirichlet__alpha-1p5__global-dp__fedavg__clients-7__seed-42__nm0p0175__clip5__rounds-20__epochs-5__cifar10_dirichlet__cifar10_cnn round=5 (checkpoint deleted)
2026-08-20 10:08:44 EVALUATED cifar10-out-remove__dirichlet__alpha-1p5__global-dp__fedavg__clients-7__seed-42__nm0p0175__clip5__rounds-20__epochs-5__cifar10_dirichlet__cifar10_cnn round=6 (checkpoint deleted)
2026-08-20 10:08:52 EVALUATED cifar10-out-remove__dirichlet__alpha-1p5__global-dp__fedavg__clients-7__seed-42__nm0p0175__clip5__rounds-20__epochs-5__cifar10_dirichlet__cifar10_cnn round=7 (checkpoint deleted)
2026-08-20 10:09:00 EVALUATED cifar10-out-remove__dirichlet__alpha-1p5__global-dp__fedavg__clients-7__seed-42__nm0p0175__clip5__rounds-20__epochs-5__cifar10_dirichlet__cifar10_cnn round=8 (checkpoint deleted)
2026-08-20 10:09:09 EVALUATED cifar10-out-remove__dirichlet__alpha-1p5__global-dp__fedavg__clients-7__seed-42__nm0p0175__clip5__rounds-20__epochs-5__cifar10_dirichlet__cifar10_cnn round=9 (checkpoint deleted)
2026-08-20 10:09:17 EVALUATED cifar10-out-remove__dirichlet__alpha-1p5__global-dp__fedavg__clients-7__seed-42__nm0p0175__clip5__rounds-20__epochs-5__cifar10_dirichlet__cifar10_cnn round=10 (checkpoint deleted)
2026-08-20 10:09:25 EVALUATED cifar10-out-remove__dirichlet__alpha-1p5__global-dp__fedavg__clients-7__seed-42__nm0p0175__clip5__rounds-20__epochs-5__cifar10_dirichlet__cifar10_cnn round=11 (checkpoint deleted)
2026-08-20 10:09:33 EVALUATED cifar10-out-remove__dirichlet__alpha-1p5__global-dp__fedavg__clients-7__seed-42__nm0p0175__clip5__rounds-20__epochs-5__cifar10_dirichlet__cifar10_cnn round=12 (checkpoint deleted)
2026-08-20 10:09:42 EVALUATED cifar10-out-remove__dirichlet__alpha-1p5__global-dp__fedavg__clients-7__seed-42__nm0p0175__clip5__rounds-20__epochs-5__cifar10_dirichlet__cifar10_cnn round=13 (checkpoint deleted)
2026-08-20 10:09:50 EVALUATED cifar10-out-remove__dirichlet__alpha-1p5__global-dp__fedavg__clients-7__seed-42__nm0p0175__clip5__rounds-20__epochs-5__cifar10_dirichlet__cifar10_cnn round=14 (checkpoint deleted)
2026-08-20 10:09:58 EVALUATED cifar10-out-remove__dirichlet__alpha-1p5__global-dp__fedavg__clients-7__seed-42__nm0p0175__clip5__rounds-20__epochs-5__cifar10_dirichlet__cifar10_cnn round=15 (checkpoint deleted)
2026-08-20 10:10:06 EVALUATED cifar10-out-remove__dirichlet__alpha-1p5__global-dp__fedavg__clients-7__seed-42__nm0p0175__clip5__rounds-20__epochs-5__cifar10_dirichlet__cifar10_cnn round=16 (checkpoint deleted)
2026-08-20 10:10:15 EVALUATED cifar10-out-remove__dirichlet__alpha-1p5__global-dp__fedavg__clients-7__seed-42__nm0p0175__clip5__rounds-20__epochs-5__cifar10_dirichlet__cifar10_cnn round=17 (checkpoint deleted)
2026-08-20 10:10:23 EVALUATED cifar10-out-remove__dirichlet__alpha-1p5__global-dp__fedavg__clients-7__seed-42__nm0p0175__clip5__rounds-20__epochs-5__cifar10_dirichlet__cifar10_cnn round=18 (checkpoint deleted)
2026-08-20 10:10:31 EVALUATED cifar10-out-remove__dirichlet__alpha-1p5__global-dp__fedavg__clients-7__seed-42__nm0p0175__clip5__rounds-20__epochs-5__cifar10_dirichlet__cifar10_cnn round=19 (checkpoint deleted)
2026-08-20 10:10:39 EVALUATED cifar10-out-remove__dirichlet__alpha-1p5__global-dp__fedavg__clients-7__seed-42__nm0p0175__clip5__rounds-20__epochs-5__cifar10_dirichlet__cifar10_cnn round=20 (checkpoint deleted)
2026-08-20 10:10:39 PROGRESS 2/2 (0 failed so far)
2026-08-20 10:10:39 Sweep finished: 2/2 attempted, 0 failed
