2026-08-05 20:21:50 Starting full chunk: 2 trajectories
2026-08-05 20:21:50 START cifar-full-out-replace__non-iid__global-dp__fedavg__clients-16__seed-42__nm0p053328__clip5__rounds-20__epochs-5__cifar_chunks__cifar10_cnn 
2026-08-05 20:27:32 DONE  cifar-full-out-replace__non-iid__global-dp__fedavg__clients-16__seed-42__nm0p053328__clip5__rounds-20__epochs-5__cifar_chunks__cifar10_cnn (341.3s)
2026-08-05 20:27:37 EVALUATED cifar-full-out-replace__non-iid__global-dp__fedavg__clients-16__seed-42__nm0p053328__clip5__rounds-20__epochs-5__cifar_chunks__cifar10_cnn round=1 (checkpoint deleted)
2026-08-05 20:27:42 EVALUATED cifar-full-out-replace__non-iid__global-dp__fedavg__clients-16__seed-42__nm0p053328__clip5__rounds-20__epochs-5__cifar_chunks__cifar10_cnn round=2 (checkpoint deleted)
2026-08-05 20:27:46 EVALUATED cifar-full-out-replace__non-iid__global-dp__fedavg__clients-16__seed-42__nm0p053328__clip5__rounds-20__epochs-5__cifar_chunks__cifar10_cnn round=3 (checkpoint deleted)
2026-08-05 20:27:50 EVALUATED cifar-full-out-replace__non-iid__global-dp__fedavg__clients-16__seed-42__nm0p053328__clip5__rounds-20__epochs-5__cifar_chunks__cifar10_cnn round=4 (checkpoint deleted)
2026-08-05 20:27:55 EVALUATED cifar-full-out-replace__non-iid__global-dp__fedavg__clients-16__seed-42__nm0p053328__clip5__rounds-20__epochs-5__cifar_chunks__cifar10_cnn round=5 (checkpoint deleted)
2026-08-05 20:27:59 EVALUATED cifar-full-out-replace__non-iid__global-dp__fedavg__clients-16__seed-42__nm0p053328__clip5__rounds-20__epochs-5__cifar_chunks__cifar10_cnn round=6 (checkpoint deleted)
2026-08-05 20:28:03 EVALUATED cifar-full-out-replace__non-iid__global-dp__fedavg__clients-16__seed-42__nm0p053328__clip5__rounds-20__epochs-5__cifar_chunks__cifar10_cnn round=7 (checkpoint deleted)
2026-08-05 20:28:07 EVALUATED cifar-full-out-replace__non-iid__global-dp__fedavg__clients-16__seed-42__nm0p053328__clip5__rounds-20__epochs-5__cifar_chunks__cifar10_cnn round=8 (checkpoint deleted)
2026-08-05 20:28:12 EVALUATED cifar-full-out-replace__non-iid__global-dp__fedavg__clients-16__seed-42__nm0p053328__clip5__rounds-20__epochs-5__cifar_chunks__cifar10_cnn round=9 (checkpoint deleted)
2026-08-05 20:28:16 EVALUATED cifar-full-out-replace__non-iid__global-dp__fedavg__clients-16__seed-42__nm0p053328__clip5__rounds-20__epochs-5__cifar_chunks__cifar10_cnn round=10 (checkpoint deleted)
2026-08-05 20:28:20 EVALUATED cifar-full-out-replace__non-iid__global-dp__fedavg__clients-16__seed-42__nm0p053328__clip5__rounds-20__epochs-5__cifar_chunks__cifar10_cnn round=11 (checkpoint deleted)
2026-08-05 20:28:25 EVALUATED cifar-full-out-replace__non-iid__global-dp__fedavg__clients-16__seed-42__nm0p053328__clip5__rounds-20__epochs-5__cifar_chunks__cifar10_cnn round=12 (checkpoint deleted)
2026-08-05 20:28:29 EVALUATED cifar-full-out-replace__non-iid__global-dp__fedavg__clients-16__seed-42__nm0p053328__clip5__rounds-20__epochs-5__cifar_chunks__cifar10_cnn round=13 (checkpoint deleted)
2026-08-05 20:28:33 EVALUATED cifar-full-out-replace__non-iid__global-dp__fedavg__clients-16__seed-42__nm0p053328__clip5__rounds-20__epochs-5__cifar_chunks__cifar10_cnn round=14 (checkpoint deleted)
2026-08-05 20:28:37 EVALUATED cifar-full-out-replace__non-iid__global-dp__fedavg__clients-16__seed-42__nm0p053328__clip5__rounds-20__epochs-5__cifar_chunks__cifar10_cnn round=15 (checkpoint deleted)
2026-08-05 20:28:42 EVALUATED cifar-full-out-replace__non-iid__global-dp__fedavg__clients-16__seed-42__nm0p053328__clip5__rounds-20__epochs-5__cifar_chunks__cifar10_cnn round=16 (checkpoint deleted)
2026-08-05 20:28:46 EVALUATED cifar-full-out-replace__non-iid__global-dp__fedavg__clients-16__seed-42__nm0p053328__clip5__rounds-20__epochs-5__cifar_chunks__cifar10_cnn round=17 (checkpoint deleted)
2026-08-05 20:28:50 EVALUATED cifar-full-out-replace__non-iid__global-dp__fedavg__clients-16__seed-42__nm0p053328__clip5__rounds-20__epochs-5__cifar_chunks__cifar10_cnn round=18 (checkpoint deleted)
2026-08-05 20:28:55 EVALUATED cifar-full-out-replace__non-iid__global-dp__fedavg__clients-16__seed-42__nm0p053328__clip5__rounds-20__epochs-5__cifar_chunks__cifar10_cnn round=19 (checkpoint deleted)
2026-08-05 20:28:59 EVALUATED cifar-full-out-replace__non-iid__global-dp__fedavg__clients-16__seed-42__nm0p053328__clip5__rounds-20__epochs-5__cifar_chunks__cifar10_cnn round=20 (checkpoint deleted)
2026-08-05 20:28:59 PROGRESS 1/2 (0 failed so far)
2026-08-05 20:28:59 START cifar-full-out-replace__non-iid__metric-privacy__fedavg__clients-16__seed-42__nm0p053328__clip5__rounds-20__epochs-5__cifar_chunks__cifar10_cnn 
2026-08-05 20:34:41 DONE  cifar-full-out-replace__non-iid__metric-privacy__fedavg__clients-16__seed-42__nm0p053328__clip5__rounds-20__epochs-5__cifar_chunks__cifar10_cnn (341.8s)
2026-08-05 20:34:45 EVALUATED cifar-full-out-replace__non-iid__metric-privacy__fedavg__clients-16__seed-42__nm0p053328__clip5__rounds-20__epochs-5__cifar_chunks__cifar10_cnn round=1 (checkpoint deleted)
2026-08-05 20:34:49 EVALUATED cifar-full-out-replace__non-iid__metric-privacy__fedavg__clients-16__seed-42__nm0p053328__clip5__rounds-20__epochs-5__cifar_chunks__cifar10_cnn round=2 (checkpoint deleted)
2026-08-05 20:34:54 EVALUATED cifar-full-out-replace__non-iid__metric-privacy__fedavg__clients-16__seed-42__nm0p053328__clip5__rounds-20__epochs-5__cifar_chunks__cifar10_cnn round=3 (checkpoint deleted)
2026-08-05 20:34:58 EVALUATED cifar-full-out-replace__non-iid__metric-privacy__fedavg__clients-16__seed-42__nm0p053328__clip5__rounds-20__epochs-5__cifar_chunks__cifar10_cnn round=4 (checkpoint deleted)
2026-08-05 20:35:02 EVALUATED cifar-full-out-replace__non-iid__metric-privacy__fedavg__clients-16__seed-42__nm0p053328__clip5__rounds-20__epochs-5__cifar_chunks__cifar10_cnn round=5 (checkpoint deleted)
2026-08-05 20:35:06 EVALUATED cifar-full-out-replace__non-iid__metric-privacy__fedavg__clients-16__seed-42__nm0p053328__clip5__rounds-20__epochs-5__cifar_chunks__cifar10_cnn round=6 (checkpoint deleted)
2026-08-05 20:35:11 EVALUATED cifar-full-out-replace__non-iid__metric-privacy__fedavg__clients-16__seed-42__nm0p053328__clip5__rounds-20__epochs-5__cifar_chunks__cifar10_cnn round=7 (checkpoint deleted)
2026-08-05 20:35:15 EVALUATED cifar-full-out-replace__non-iid__metric-privacy__fedavg__clients-16__seed-42__nm0p053328__clip5__rounds-20__epochs-5__cifar_chunks__cifar10_cnn round=8 (checkpoint deleted)
2026-08-05 20:35:19 EVALUATED cifar-full-out-replace__non-iid__metric-privacy__fedavg__clients-16__seed-42__nm0p053328__clip5__rounds-20__epochs-5__cifar_chunks__cifar10_cnn round=9 (checkpoint deleted)
2026-08-05 20:35:24 EVALUATED cifar-full-out-replace__non-iid__metric-privacy__fedavg__clients-16__seed-42__nm0p053328__clip5__rounds-20__epochs-5__cifar_chunks__cifar10_cnn round=10 (checkpoint deleted)
2026-08-05 20:35:28 EVALUATED cifar-full-out-replace__non-iid__metric-privacy__fedavg__clients-16__seed-42__nm0p053328__clip5__rounds-20__epochs-5__cifar_chunks__cifar10_cnn round=11 (checkpoint deleted)
2026-08-05 20:35:32 EVALUATED cifar-full-out-replace__non-iid__metric-privacy__fedavg__clients-16__seed-42__nm0p053328__clip5__rounds-20__epochs-5__cifar_chunks__cifar10_cnn round=12 (checkpoint deleted)
2026-08-05 20:35:37 EVALUATED cifar-full-out-replace__non-iid__metric-privacy__fedavg__clients-16__seed-42__nm0p053328__clip5__rounds-20__epochs-5__cifar_chunks__cifar10_cnn round=13 (checkpoint deleted)
2026-08-05 20:35:41 EVALUATED cifar-full-out-replace__non-iid__metric-privacy__fedavg__clients-16__seed-42__nm0p053328__clip5__rounds-20__epochs-5__cifar_chunks__cifar10_cnn round=14 (checkpoint deleted)
2026-08-05 20:35:45 EVALUATED cifar-full-out-replace__non-iid__metric-privacy__fedavg__clients-16__seed-42__nm0p053328__clip5__rounds-20__epochs-5__cifar_chunks__cifar10_cnn round=15 (checkpoint deleted)
2026-08-05 20:35:50 EVALUATED cifar-full-out-replace__non-iid__metric-privacy__fedavg__clients-16__seed-42__nm0p053328__clip5__rounds-20__epochs-5__cifar_chunks__cifar10_cnn round=16 (checkpoint deleted)
2026-08-05 20:35:54 EVALUATED cifar-full-out-replace__non-iid__metric-privacy__fedavg__clients-16__seed-42__nm0p053328__clip5__rounds-20__epochs-5__cifar_chunks__cifar10_cnn round=17 (checkpoint deleted)
2026-08-05 20:35:58 EVALUATED cifar-full-out-replace__non-iid__metric-privacy__fedavg__clients-16__seed-42__nm0p053328__clip5__rounds-20__epochs-5__cifar_chunks__cifar10_cnn round=18 (checkpoint deleted)
2026-08-05 20:36:03 EVALUATED cifar-full-out-replace__non-iid__metric-privacy__fedavg__clients-16__seed-42__nm0p053328__clip5__rounds-20__epochs-5__cifar_chunks__cifar10_cnn round=19 (checkpoint deleted)
2026-08-05 20:36:07 EVALUATED cifar-full-out-replace__non-iid__metric-privacy__fedavg__clients-16__seed-42__nm0p053328__clip5__rounds-20__epochs-5__cifar_chunks__cifar10_cnn round=20 (checkpoint deleted)
2026-08-05 20:36:07 PROGRESS 2/2 (0 failed so far)
2026-08-05 20:36:07 Sweep finished: 2/2 attempted, 0 failed
