2026-08-17 21:10:38 EuroSAT stage (vanilla, homogeneous, seed=42, noise_ratio=None): 2 trajectories
2026-08-17 21:10:38 START eurosat-in-remove__homogeneous__vanilla__fedavg__clients-48__seed-42__nm0p0371071__clip5__rounds-100__epochs-5__eurosat_remove__eurosat_cnn 
2026-08-17 21:41:17 DONE  eurosat-in-remove__homogeneous__vanilla__fedavg__clients-48__seed-42__nm0p0371071__clip5__rounds-100__epochs-5__eurosat_remove__eurosat_cnn (1839.4s)
2026-08-17 21:41:21 EVALUATED eurosat-in-remove__homogeneous__vanilla__fedavg__clients-48__seed-42__nm0p0371071__clip5__rounds-100__epochs-5__eurosat_remove__eurosat_cnn round=1 (checkpoint deleted)
2026-08-17 21:41:22 EVALUATED eurosat-in-remove__homogeneous__vanilla__fedavg__clients-48__seed-42__nm0p0371071__clip5__rounds-100__epochs-5__eurosat_remove__eurosat_cnn round=10 (checkpoint deleted)
2026-08-17 21:41:24 EVALUATED eurosat-in-remove__homogeneous__vanilla__fedavg__clients-48__seed-42__nm0p0371071__clip5__rounds-100__epochs-5__eurosat_remove__eurosat_cnn round=20 (checkpoint deleted)
2026-08-17 21:41:25 EVALUATED eurosat-in-remove__homogeneous__vanilla__fedavg__clients-48__seed-42__nm0p0371071__clip5__rounds-100__epochs-5__eurosat_remove__eurosat_cnn round=30 (checkpoint deleted)
2026-08-17 21:41:27 EVALUATED eurosat-in-remove__homogeneous__vanilla__fedavg__clients-48__seed-42__nm0p0371071__clip5__rounds-100__epochs-5__eurosat_remove__eurosat_cnn round=40 (checkpoint deleted)
2026-08-17 21:41:28 EVALUATED eurosat-in-remove__homogeneous__vanilla__fedavg__clients-48__seed-42__nm0p0371071__clip5__rounds-100__epochs-5__eurosat_remove__eurosat_cnn round=50 (checkpoint deleted)
2026-08-17 21:41:29 EVALUATED eurosat-in-remove__homogeneous__vanilla__fedavg__clients-48__seed-42__nm0p0371071__clip5__rounds-100__epochs-5__eurosat_remove__eurosat_cnn round=60 (checkpoint deleted)
2026-08-17 21:41:31 EVALUATED eurosat-in-remove__homogeneous__vanilla__fedavg__clients-48__seed-42__nm0p0371071__clip5__rounds-100__epochs-5__eurosat_remove__eurosat_cnn round=70 (checkpoint deleted)
2026-08-17 21:41:32 EVALUATED eurosat-in-remove__homogeneous__vanilla__fedavg__clients-48__seed-42__nm0p0371071__clip5__rounds-100__epochs-5__eurosat_remove__eurosat_cnn round=80 (checkpoint deleted)
2026-08-17 21:41:33 EVALUATED eurosat-in-remove__homogeneous__vanilla__fedavg__clients-48__seed-42__nm0p0371071__clip5__rounds-100__epochs-5__eurosat_remove__eurosat_cnn round=90 (checkpoint deleted)
2026-08-17 21:41:35 EVALUATED eurosat-in-remove__homogeneous__vanilla__fedavg__clients-48__seed-42__nm0p0371071__clip5__rounds-100__epochs-5__eurosat_remove__eurosat_cnn round=100 (checkpoint deleted)
2026-08-17 21:41:35 PROGRESS 1/2 (0 failed so far)
2026-08-17 21:41:35 START eurosat-out-remove__homogeneous__vanilla__fedavg__clients-47__seed-42__nm0p0371071__clip5__rounds-100__epochs-5__eurosat_remove__eurosat_cnn 
2026-08-17 22:12:02 DONE  eurosat-out-remove__homogeneous__vanilla__fedavg__clients-47__seed-42__nm0p0371071__clip5__rounds-100__epochs-5__eurosat_remove__eurosat_cnn (1827.3s)
2026-08-17 22:12:03 EVALUATED eurosat-out-remove__homogeneous__vanilla__fedavg__clients-47__seed-42__nm0p0371071__clip5__rounds-100__epochs-5__eurosat_remove__eurosat_cnn round=1 (checkpoint deleted)
2026-08-17 22:12:05 EVALUATED eurosat-out-remove__homogeneous__vanilla__fedavg__clients-47__seed-42__nm0p0371071__clip5__rounds-100__epochs-5__eurosat_remove__eurosat_cnn round=10 (checkpoint deleted)
2026-08-17 22:12:06 EVALUATED eurosat-out-remove__homogeneous__vanilla__fedavg__clients-47__seed-42__nm0p0371071__clip5__rounds-100__epochs-5__eurosat_remove__eurosat_cnn round=20 (checkpoint deleted)
2026-08-17 22:12:07 EVALUATED eurosat-out-remove__homogeneous__vanilla__fedavg__clients-47__seed-42__nm0p0371071__clip5__rounds-100__epochs-5__eurosat_remove__eurosat_cnn round=30 (checkpoint deleted)
2026-08-17 22:12:09 EVALUATED eurosat-out-remove__homogeneous__vanilla__fedavg__clients-47__seed-42__nm0p0371071__clip5__rounds-100__epochs-5__eurosat_remove__eurosat_cnn round=40 (checkpoint deleted)
2026-08-17 22:12:10 EVALUATED eurosat-out-remove__homogeneous__vanilla__fedavg__clients-47__seed-42__nm0p0371071__clip5__rounds-100__epochs-5__eurosat_remove__eurosat_cnn round=50 (checkpoint deleted)
2026-08-17 22:12:12 EVALUATED eurosat-out-remove__homogeneous__vanilla__fedavg__clients-47__seed-42__nm0p0371071__clip5__rounds-100__epochs-5__eurosat_remove__eurosat_cnn round=60 (checkpoint deleted)
2026-08-17 22:12:13 EVALUATED eurosat-out-remove__homogeneous__vanilla__fedavg__clients-47__seed-42__nm0p0371071__clip5__rounds-100__epochs-5__eurosat_remove__eurosat_cnn round=70 (checkpoint deleted)
2026-08-17 22:12:14 EVALUATED eurosat-out-remove__homogeneous__vanilla__fedavg__clients-47__seed-42__nm0p0371071__clip5__rounds-100__epochs-5__eurosat_remove__eurosat_cnn round=80 (checkpoint deleted)
2026-08-17 22:12:16 EVALUATED eurosat-out-remove__homogeneous__vanilla__fedavg__clients-47__seed-42__nm0p0371071__clip5__rounds-100__epochs-5__eurosat_remove__eurosat_cnn round=90 (checkpoint deleted)
2026-08-17 22:12:17 EVALUATED eurosat-out-remove__homogeneous__vanilla__fedavg__clients-47__seed-42__nm0p0371071__clip5__rounds-100__epochs-5__eurosat_remove__eurosat_cnn round=100 (checkpoint deleted)
2026-08-17 22:12:17 PROGRESS 2/2 (0 failed so far)
2026-08-17 22:12:17 Sweep finished: 2/2 attempted, 0 failed
