2026-08-21 16:02:07 CIFAR-10 stage (global-dp, homogeneous, seed=43, noise_ratio=0.01): 2 trajectories
2026-08-21 16:02:07 START cifar10-in-remove__homogeneous__global-dp__fedavg__clients-100__seed-43__nm1__clip5__rounds-20__epochs-5__cifar10_remove__cifar10_cnn 
2026-08-21 16:08:48 DONE  cifar10-in-remove__homogeneous__global-dp__fedavg__clients-100__seed-43__nm1__clip5__rounds-20__epochs-5__cifar10_remove__cifar10_cnn (401.0s)
2026-08-21 16:08:51 EVALUATED cifar10-in-remove__homogeneous__global-dp__fedavg__clients-100__seed-43__nm1__clip5__rounds-20__epochs-5__cifar10_remove__cifar10_cnn round=1 (checkpoint deleted)
2026-08-21 16:08:54 EVALUATED cifar10-in-remove__homogeneous__global-dp__fedavg__clients-100__seed-43__nm1__clip5__rounds-20__epochs-5__cifar10_remove__cifar10_cnn round=2 (checkpoint deleted)
2026-08-21 16:08:58 EVALUATED cifar10-in-remove__homogeneous__global-dp__fedavg__clients-100__seed-43__nm1__clip5__rounds-20__epochs-5__cifar10_remove__cifar10_cnn round=3 (checkpoint deleted)
2026-08-21 16:09:01 EVALUATED cifar10-in-remove__homogeneous__global-dp__fedavg__clients-100__seed-43__nm1__clip5__rounds-20__epochs-5__cifar10_remove__cifar10_cnn round=4 (checkpoint deleted)
2026-08-21 16:09:04 EVALUATED cifar10-in-remove__homogeneous__global-dp__fedavg__clients-100__seed-43__nm1__clip5__rounds-20__epochs-5__cifar10_remove__cifar10_cnn round=5 (checkpoint deleted)
2026-08-21 16:09:07 EVALUATED cifar10-in-remove__homogeneous__global-dp__fedavg__clients-100__seed-43__nm1__clip5__rounds-20__epochs-5__cifar10_remove__cifar10_cnn round=6 (checkpoint deleted)
2026-08-21 16:09:10 EVALUATED cifar10-in-remove__homogeneous__global-dp__fedavg__clients-100__seed-43__nm1__clip5__rounds-20__epochs-5__cifar10_remove__cifar10_cnn round=7 (checkpoint deleted)
2026-08-21 16:09:13 EVALUATED cifar10-in-remove__homogeneous__global-dp__fedavg__clients-100__seed-43__nm1__clip5__rounds-20__epochs-5__cifar10_remove__cifar10_cnn round=8 (checkpoint deleted)
2026-08-21 16:09:16 EVALUATED cifar10-in-remove__homogeneous__global-dp__fedavg__clients-100__seed-43__nm1__clip5__rounds-20__epochs-5__cifar10_remove__cifar10_cnn round=9 (checkpoint deleted)
2026-08-21 16:09:19 EVALUATED cifar10-in-remove__homogeneous__global-dp__fedavg__clients-100__seed-43__nm1__clip5__rounds-20__epochs-5__cifar10_remove__cifar10_cnn round=10 (checkpoint deleted)
2026-08-21 16:09:22 EVALUATED cifar10-in-remove__homogeneous__global-dp__fedavg__clients-100__seed-43__nm1__clip5__rounds-20__epochs-5__cifar10_remove__cifar10_cnn round=11 (checkpoint deleted)
2026-08-21 16:09:25 EVALUATED cifar10-in-remove__homogeneous__global-dp__fedavg__clients-100__seed-43__nm1__clip5__rounds-20__epochs-5__cifar10_remove__cifar10_cnn round=12 (checkpoint deleted)
2026-08-21 16:09:28 EVALUATED cifar10-in-remove__homogeneous__global-dp__fedavg__clients-100__seed-43__nm1__clip5__rounds-20__epochs-5__cifar10_remove__cifar10_cnn round=13 (checkpoint deleted)
2026-08-21 16:09:31 EVALUATED cifar10-in-remove__homogeneous__global-dp__fedavg__clients-100__seed-43__nm1__clip5__rounds-20__epochs-5__cifar10_remove__cifar10_cnn round=14 (checkpoint deleted)
2026-08-21 16:09:34 EVALUATED cifar10-in-remove__homogeneous__global-dp__fedavg__clients-100__seed-43__nm1__clip5__rounds-20__epochs-5__cifar10_remove__cifar10_cnn round=15 (checkpoint deleted)
2026-08-21 16:09:37 EVALUATED cifar10-in-remove__homogeneous__global-dp__fedavg__clients-100__seed-43__nm1__clip5__rounds-20__epochs-5__cifar10_remove__cifar10_cnn round=16 (checkpoint deleted)
2026-08-21 16:09:40 EVALUATED cifar10-in-remove__homogeneous__global-dp__fedavg__clients-100__seed-43__nm1__clip5__rounds-20__epochs-5__cifar10_remove__cifar10_cnn round=17 (checkpoint deleted)
2026-08-21 16:09:43 EVALUATED cifar10-in-remove__homogeneous__global-dp__fedavg__clients-100__seed-43__nm1__clip5__rounds-20__epochs-5__cifar10_remove__cifar10_cnn round=18 (checkpoint deleted)
2026-08-21 16:09:46 EVALUATED cifar10-in-remove__homogeneous__global-dp__fedavg__clients-100__seed-43__nm1__clip5__rounds-20__epochs-5__cifar10_remove__cifar10_cnn round=19 (checkpoint deleted)
2026-08-21 16:09:49 EVALUATED cifar10-in-remove__homogeneous__global-dp__fedavg__clients-100__seed-43__nm1__clip5__rounds-20__epochs-5__cifar10_remove__cifar10_cnn round=20 (checkpoint deleted)
2026-08-21 16:09:49 PROGRESS 1/2 (0 failed so far)
2026-08-21 16:09:49 START cifar10-out-remove__homogeneous__global-dp__fedavg__clients-99__seed-43__nm0p99__clip5__rounds-20__epochs-5__cifar10_remove__cifar10_cnn 
2026-08-21 16:16:26 DONE  cifar10-out-remove__homogeneous__global-dp__fedavg__clients-99__seed-43__nm0p99__clip5__rounds-20__epochs-5__cifar10_remove__cifar10_cnn (397.4s)
2026-08-21 16:16:29 EVALUATED cifar10-out-remove__homogeneous__global-dp__fedavg__clients-99__seed-43__nm0p99__clip5__rounds-20__epochs-5__cifar10_remove__cifar10_cnn round=1 (checkpoint deleted)
2026-08-21 16:16:32 EVALUATED cifar10-out-remove__homogeneous__global-dp__fedavg__clients-99__seed-43__nm0p99__clip5__rounds-20__epochs-5__cifar10_remove__cifar10_cnn round=2 (checkpoint deleted)
2026-08-21 16:16:35 EVALUATED cifar10-out-remove__homogeneous__global-dp__fedavg__clients-99__seed-43__nm0p99__clip5__rounds-20__epochs-5__cifar10_remove__cifar10_cnn round=3 (checkpoint deleted)
2026-08-21 16:16:38 EVALUATED cifar10-out-remove__homogeneous__global-dp__fedavg__clients-99__seed-43__nm0p99__clip5__rounds-20__epochs-5__cifar10_remove__cifar10_cnn round=4 (checkpoint deleted)
2026-08-21 16:16:42 EVALUATED cifar10-out-remove__homogeneous__global-dp__fedavg__clients-99__seed-43__nm0p99__clip5__rounds-20__epochs-5__cifar10_remove__cifar10_cnn round=5 (checkpoint deleted)
2026-08-21 16:16:45 EVALUATED cifar10-out-remove__homogeneous__global-dp__fedavg__clients-99__seed-43__nm0p99__clip5__rounds-20__epochs-5__cifar10_remove__cifar10_cnn round=6 (checkpoint deleted)
2026-08-21 16:16:48 EVALUATED cifar10-out-remove__homogeneous__global-dp__fedavg__clients-99__seed-43__nm0p99__clip5__rounds-20__epochs-5__cifar10_remove__cifar10_cnn round=7 (checkpoint deleted)
2026-08-21 16:16:51 EVALUATED cifar10-out-remove__homogeneous__global-dp__fedavg__clients-99__seed-43__nm0p99__clip5__rounds-20__epochs-5__cifar10_remove__cifar10_cnn round=8 (checkpoint deleted)
2026-08-21 16:16:54 EVALUATED cifar10-out-remove__homogeneous__global-dp__fedavg__clients-99__seed-43__nm0p99__clip5__rounds-20__epochs-5__cifar10_remove__cifar10_cnn round=9 (checkpoint deleted)
2026-08-21 16:16:57 EVALUATED cifar10-out-remove__homogeneous__global-dp__fedavg__clients-99__seed-43__nm0p99__clip5__rounds-20__epochs-5__cifar10_remove__cifar10_cnn round=10 (checkpoint deleted)
2026-08-21 16:17:00 EVALUATED cifar10-out-remove__homogeneous__global-dp__fedavg__clients-99__seed-43__nm0p99__clip5__rounds-20__epochs-5__cifar10_remove__cifar10_cnn round=11 (checkpoint deleted)
2026-08-21 16:17:03 EVALUATED cifar10-out-remove__homogeneous__global-dp__fedavg__clients-99__seed-43__nm0p99__clip5__rounds-20__epochs-5__cifar10_remove__cifar10_cnn round=12 (checkpoint deleted)
2026-08-21 16:17:06 EVALUATED cifar10-out-remove__homogeneous__global-dp__fedavg__clients-99__seed-43__nm0p99__clip5__rounds-20__epochs-5__cifar10_remove__cifar10_cnn round=13 (checkpoint deleted)
2026-08-21 16:17:09 EVALUATED cifar10-out-remove__homogeneous__global-dp__fedavg__clients-99__seed-43__nm0p99__clip5__rounds-20__epochs-5__cifar10_remove__cifar10_cnn round=14 (checkpoint deleted)
2026-08-21 16:17:12 EVALUATED cifar10-out-remove__homogeneous__global-dp__fedavg__clients-99__seed-43__nm0p99__clip5__rounds-20__epochs-5__cifar10_remove__cifar10_cnn round=15 (checkpoint deleted)
2026-08-21 16:17:15 EVALUATED cifar10-out-remove__homogeneous__global-dp__fedavg__clients-99__seed-43__nm0p99__clip5__rounds-20__epochs-5__cifar10_remove__cifar10_cnn round=16 (checkpoint deleted)
2026-08-21 16:17:18 EVALUATED cifar10-out-remove__homogeneous__global-dp__fedavg__clients-99__seed-43__nm0p99__clip5__rounds-20__epochs-5__cifar10_remove__cifar10_cnn round=17 (checkpoint deleted)
2026-08-21 16:17:21 EVALUATED cifar10-out-remove__homogeneous__global-dp__fedavg__clients-99__seed-43__nm0p99__clip5__rounds-20__epochs-5__cifar10_remove__cifar10_cnn round=18 (checkpoint deleted)
2026-08-21 16:17:24 EVALUATED cifar10-out-remove__homogeneous__global-dp__fedavg__clients-99__seed-43__nm0p99__clip5__rounds-20__epochs-5__cifar10_remove__cifar10_cnn round=19 (checkpoint deleted)
2026-08-21 16:17:27 EVALUATED cifar10-out-remove__homogeneous__global-dp__fedavg__clients-99__seed-43__nm0p99__clip5__rounds-20__epochs-5__cifar10_remove__cifar10_cnn round=20 (checkpoint deleted)
2026-08-21 16:17:27 PROGRESS 2/2 (0 failed so far)
2026-08-21 16:17:27 Sweep finished: 2/2 attempted, 0 failed
