2026-08-12 21:11:12 Starting eurosat out-remove group: 18 trajectories
2026-08-12 21:11:12 START eurosat-out-remove__homogeneous__vanilla__fedavg__clients-47__seed-42__nm0p0371071__clip5__rounds-100__epochs-5__eurosat_scaling__eurosat_cnn 
2026-08-12 21:39:58 Starting eurosat out-remove group: 18 trajectories
2026-08-12 21:39:58 START eurosat-out-remove__homogeneous__vanilla__fedavg__clients-47__seed-42__nm0p0371071__clip5__rounds-100__epochs-5__eurosat_scaling__eurosat_cnn 
2026-08-12 21:40:24 Starting eurosat out-remove group: 18 trajectories
2026-08-12 21:40:24 START eurosat-out-remove__homogeneous__vanilla__fedavg__clients-47__seed-42__nm0p0371071__clip5__rounds-100__epochs-5__eurosat_scaling__eurosat_cnn 
2026-08-12 22:20:35 DONE  eurosat-out-remove__homogeneous__vanilla__fedavg__clients-47__seed-42__nm0p0371071__clip5__rounds-100__epochs-5__eurosat_scaling__eurosat_cnn (2411.0s)
2026-08-12 22:20:40 EVALUATED eurosat-out-remove__homogeneous__vanilla__fedavg__clients-47__seed-42__nm0p0371071__clip5__rounds-100__epochs-5__eurosat_scaling__eurosat_cnn round=1 (checkpoint deleted)
2026-08-12 22:20:43 EVALUATED eurosat-out-remove__homogeneous__vanilla__fedavg__clients-47__seed-42__nm0p0371071__clip5__rounds-100__epochs-5__eurosat_scaling__eurosat_cnn round=10 (checkpoint deleted)
2026-08-12 22:20:46 EVALUATED eurosat-out-remove__homogeneous__vanilla__fedavg__clients-47__seed-42__nm0p0371071__clip5__rounds-100__epochs-5__eurosat_scaling__eurosat_cnn round=20 (checkpoint deleted)
2026-08-12 22:20:49 EVALUATED eurosat-out-remove__homogeneous__vanilla__fedavg__clients-47__seed-42__nm0p0371071__clip5__rounds-100__epochs-5__eurosat_scaling__eurosat_cnn round=30 (checkpoint deleted)
2026-08-12 22:20:51 EVALUATED eurosat-out-remove__homogeneous__vanilla__fedavg__clients-47__seed-42__nm0p0371071__clip5__rounds-100__epochs-5__eurosat_scaling__eurosat_cnn round=40 (checkpoint deleted)
2026-08-12 22:20:54 EVALUATED eurosat-out-remove__homogeneous__vanilla__fedavg__clients-47__seed-42__nm0p0371071__clip5__rounds-100__epochs-5__eurosat_scaling__eurosat_cnn round=50 (checkpoint deleted)
2026-08-12 22:20:57 EVALUATED eurosat-out-remove__homogeneous__vanilla__fedavg__clients-47__seed-42__nm0p0371071__clip5__rounds-100__epochs-5__eurosat_scaling__eurosat_cnn round=60 (checkpoint deleted)
2026-08-12 22:21:00 EVALUATED eurosat-out-remove__homogeneous__vanilla__fedavg__clients-47__seed-42__nm0p0371071__clip5__rounds-100__epochs-5__eurosat_scaling__eurosat_cnn round=70 (checkpoint deleted)
2026-08-12 22:21:02 EVALUATED eurosat-out-remove__homogeneous__vanilla__fedavg__clients-47__seed-42__nm0p0371071__clip5__rounds-100__epochs-5__eurosat_scaling__eurosat_cnn round=80 (checkpoint deleted)
2026-08-12 22:21:05 EVALUATED eurosat-out-remove__homogeneous__vanilla__fedavg__clients-47__seed-42__nm0p0371071__clip5__rounds-100__epochs-5__eurosat_scaling__eurosat_cnn round=90 (checkpoint deleted)
2026-08-12 22:21:08 EVALUATED eurosat-out-remove__homogeneous__vanilla__fedavg__clients-47__seed-42__nm0p0371071__clip5__rounds-100__epochs-5__eurosat_scaling__eurosat_cnn round=100 (checkpoint deleted)
2026-08-12 22:21:08 PROGRESS 1/18 (0 failed so far)
2026-08-12 22:21:08 START eurosat-out-remove__homogeneous__vanilla__fedavg__clients-47__seed-43__nm0p0371071__clip5__rounds-100__epochs-5__eurosat_scaling__eurosat_cnn 
2026-08-12 23:02:22 DONE  eurosat-out-remove__homogeneous__vanilla__fedavg__clients-47__seed-43__nm0p0371071__clip5__rounds-100__epochs-5__eurosat_scaling__eurosat_cnn (2474.2s)
2026-08-12 23:02:26 EVALUATED eurosat-out-remove__homogeneous__vanilla__fedavg__clients-47__seed-43__nm0p0371071__clip5__rounds-100__epochs-5__eurosat_scaling__eurosat_cnn round=1 (checkpoint deleted)
2026-08-12 23:02:29 EVALUATED eurosat-out-remove__homogeneous__vanilla__fedavg__clients-47__seed-43__nm0p0371071__clip5__rounds-100__epochs-5__eurosat_scaling__eurosat_cnn round=10 (checkpoint deleted)
2026-08-12 23:02:32 EVALUATED eurosat-out-remove__homogeneous__vanilla__fedavg__clients-47__seed-43__nm0p0371071__clip5__rounds-100__epochs-5__eurosat_scaling__eurosat_cnn round=20 (checkpoint deleted)
2026-08-12 23:02:34 EVALUATED eurosat-out-remove__homogeneous__vanilla__fedavg__clients-47__seed-43__nm0p0371071__clip5__rounds-100__epochs-5__eurosat_scaling__eurosat_cnn round=30 (checkpoint deleted)
2026-08-12 23:02:37 EVALUATED eurosat-out-remove__homogeneous__vanilla__fedavg__clients-47__seed-43__nm0p0371071__clip5__rounds-100__epochs-5__eurosat_scaling__eurosat_cnn round=40 (checkpoint deleted)
2026-08-12 23:02:40 EVALUATED eurosat-out-remove__homogeneous__vanilla__fedavg__clients-47__seed-43__nm0p0371071__clip5__rounds-100__epochs-5__eurosat_scaling__eurosat_cnn round=50 (checkpoint deleted)
2026-08-12 23:02:43 EVALUATED eurosat-out-remove__homogeneous__vanilla__fedavg__clients-47__seed-43__nm0p0371071__clip5__rounds-100__epochs-5__eurosat_scaling__eurosat_cnn round=60 (checkpoint deleted)
2026-08-12 23:02:46 EVALUATED eurosat-out-remove__homogeneous__vanilla__fedavg__clients-47__seed-43__nm0p0371071__clip5__rounds-100__epochs-5__eurosat_scaling__eurosat_cnn round=70 (checkpoint deleted)
2026-08-12 23:02:49 EVALUATED eurosat-out-remove__homogeneous__vanilla__fedavg__clients-47__seed-43__nm0p0371071__clip5__rounds-100__epochs-5__eurosat_scaling__eurosat_cnn round=80 (checkpoint deleted)
2026-08-12 23:02:53 EVALUATED eurosat-out-remove__homogeneous__vanilla__fedavg__clients-47__seed-43__nm0p0371071__clip5__rounds-100__epochs-5__eurosat_scaling__eurosat_cnn round=90 (checkpoint deleted)
2026-08-12 23:02:56 EVALUATED eurosat-out-remove__homogeneous__vanilla__fedavg__clients-47__seed-43__nm0p0371071__clip5__rounds-100__epochs-5__eurosat_scaling__eurosat_cnn round=100 (checkpoint deleted)
2026-08-12 23:02:56 PROGRESS 2/18 (0 failed so far)
2026-08-12 23:02:56 START eurosat-out-remove__homogeneous__vanilla__fedavg__clients-47__seed-44__nm0p0371071__clip5__rounds-100__epochs-5__eurosat_scaling__eurosat_cnn 
2026-08-12 23:49:01 DONE  eurosat-out-remove__homogeneous__vanilla__fedavg__clients-47__seed-44__nm0p0371071__clip5__rounds-100__epochs-5__eurosat_scaling__eurosat_cnn (2765.0s)
2026-08-12 23:49:02 EVALUATED eurosat-out-remove__homogeneous__vanilla__fedavg__clients-47__seed-44__nm0p0371071__clip5__rounds-100__epochs-5__eurosat_scaling__eurosat_cnn round=1 (checkpoint deleted)
2026-08-12 23:49:04 EVALUATED eurosat-out-remove__homogeneous__vanilla__fedavg__clients-47__seed-44__nm0p0371071__clip5__rounds-100__epochs-5__eurosat_scaling__eurosat_cnn round=10 (checkpoint deleted)
2026-08-12 23:49:05 EVALUATED eurosat-out-remove__homogeneous__vanilla__fedavg__clients-47__seed-44__nm0p0371071__clip5__rounds-100__epochs-5__eurosat_scaling__eurosat_cnn round=20 (checkpoint deleted)
2026-08-12 23:49:08 EVALUATED eurosat-out-remove__homogeneous__vanilla__fedavg__clients-47__seed-44__nm0p0371071__clip5__rounds-100__epochs-5__eurosat_scaling__eurosat_cnn round=30 (checkpoint deleted)
2026-08-12 23:49:11 EVALUATED eurosat-out-remove__homogeneous__vanilla__fedavg__clients-47__seed-44__nm0p0371071__clip5__rounds-100__epochs-5__eurosat_scaling__eurosat_cnn round=40 (checkpoint deleted)
2026-08-12 23:49:14 EVALUATED eurosat-out-remove__homogeneous__vanilla__fedavg__clients-47__seed-44__nm0p0371071__clip5__rounds-100__epochs-5__eurosat_scaling__eurosat_cnn round=50 (checkpoint deleted)
2026-08-12 23:49:16 EVALUATED eurosat-out-remove__homogeneous__vanilla__fedavg__clients-47__seed-44__nm0p0371071__clip5__rounds-100__epochs-5__eurosat_scaling__eurosat_cnn round=60 (checkpoint deleted)
2026-08-12 23:49:18 EVALUATED eurosat-out-remove__homogeneous__vanilla__fedavg__clients-47__seed-44__nm0p0371071__clip5__rounds-100__epochs-5__eurosat_scaling__eurosat_cnn round=70 (checkpoint deleted)
2026-08-12 23:49:20 EVALUATED eurosat-out-remove__homogeneous__vanilla__fedavg__clients-47__seed-44__nm0p0371071__clip5__rounds-100__epochs-5__eurosat_scaling__eurosat_cnn round=80 (checkpoint deleted)
2026-08-12 23:49:23 EVALUATED eurosat-out-remove__homogeneous__vanilla__fedavg__clients-47__seed-44__nm0p0371071__clip5__rounds-100__epochs-5__eurosat_scaling__eurosat_cnn round=90 (checkpoint deleted)
2026-08-12 23:49:25 EVALUATED eurosat-out-remove__homogeneous__vanilla__fedavg__clients-47__seed-44__nm0p0371071__clip5__rounds-100__epochs-5__eurosat_scaling__eurosat_cnn round=100 (checkpoint deleted)
2026-08-12 23:49:25 PROGRESS 3/18 (0 failed so far)
2026-08-12 23:49:25 START eurosat-out-remove__homogeneous__global-dp__fedavg__clients-47__seed-42__nm0p0371071__clip5__rounds-100__epochs-5__eurosat_scaling__eurosat_cnn 
2026-08-13 00:33:49 DONE  eurosat-out-remove__homogeneous__global-dp__fedavg__clients-47__seed-42__nm0p0371071__clip5__rounds-100__epochs-5__eurosat_scaling__eurosat_cnn (2663.2s)
2026-08-13 00:33:52 EVALUATED eurosat-out-remove__homogeneous__global-dp__fedavg__clients-47__seed-42__nm0p0371071__clip5__rounds-100__epochs-5__eurosat_scaling__eurosat_cnn round=1 (checkpoint deleted)
2026-08-13 00:33:54 EVALUATED eurosat-out-remove__homogeneous__global-dp__fedavg__clients-47__seed-42__nm0p0371071__clip5__rounds-100__epochs-5__eurosat_scaling__eurosat_cnn round=10 (checkpoint deleted)
2026-08-13 00:33:55 EVALUATED eurosat-out-remove__homogeneous__global-dp__fedavg__clients-47__seed-42__nm0p0371071__clip5__rounds-100__epochs-5__eurosat_scaling__eurosat_cnn round=20 (checkpoint deleted)
2026-08-13 00:33:57 EVALUATED eurosat-out-remove__homogeneous__global-dp__fedavg__clients-47__seed-42__nm0p0371071__clip5__rounds-100__epochs-5__eurosat_scaling__eurosat_cnn round=30 (checkpoint deleted)
2026-08-13 00:34:00 EVALUATED eurosat-out-remove__homogeneous__global-dp__fedavg__clients-47__seed-42__nm0p0371071__clip5__rounds-100__epochs-5__eurosat_scaling__eurosat_cnn round=40 (checkpoint deleted)
2026-08-13 00:34:02 EVALUATED eurosat-out-remove__homogeneous__global-dp__fedavg__clients-47__seed-42__nm0p0371071__clip5__rounds-100__epochs-5__eurosat_scaling__eurosat_cnn round=50 (checkpoint deleted)
2026-08-13 00:34:04 EVALUATED eurosat-out-remove__homogeneous__global-dp__fedavg__clients-47__seed-42__nm0p0371071__clip5__rounds-100__epochs-5__eurosat_scaling__eurosat_cnn round=60 (checkpoint deleted)
2026-08-13 00:34:06 EVALUATED eurosat-out-remove__homogeneous__global-dp__fedavg__clients-47__seed-42__nm0p0371071__clip5__rounds-100__epochs-5__eurosat_scaling__eurosat_cnn round=70 (checkpoint deleted)
2026-08-13 00:34:09 EVALUATED eurosat-out-remove__homogeneous__global-dp__fedavg__clients-47__seed-42__nm0p0371071__clip5__rounds-100__epochs-5__eurosat_scaling__eurosat_cnn round=80 (checkpoint deleted)
2026-08-13 00:34:11 EVALUATED eurosat-out-remove__homogeneous__global-dp__fedavg__clients-47__seed-42__nm0p0371071__clip5__rounds-100__epochs-5__eurosat_scaling__eurosat_cnn round=90 (checkpoint deleted)
2026-08-13 00:34:13 EVALUATED eurosat-out-remove__homogeneous__global-dp__fedavg__clients-47__seed-42__nm0p0371071__clip5__rounds-100__epochs-5__eurosat_scaling__eurosat_cnn round=100 (checkpoint deleted)
2026-08-13 00:34:13 PROGRESS 4/18 (0 failed so far)
2026-08-13 00:34:13 START eurosat-out-remove__homogeneous__global-dp__fedavg__clients-47__seed-43__nm0p0371071__clip5__rounds-100__epochs-5__eurosat_scaling__eurosat_cnn 
2026-08-13 01:25:51 DONE  eurosat-out-remove__homogeneous__global-dp__fedavg__clients-47__seed-43__nm0p0371071__clip5__rounds-100__epochs-5__eurosat_scaling__eurosat_cnn (3098.3s)
2026-08-13 01:25:53 EVALUATED eurosat-out-remove__homogeneous__global-dp__fedavg__clients-47__seed-43__nm0p0371071__clip5__rounds-100__epochs-5__eurosat_scaling__eurosat_cnn round=1 (checkpoint deleted)
2026-08-13 01:25:56 EVALUATED eurosat-out-remove__homogeneous__global-dp__fedavg__clients-47__seed-43__nm0p0371071__clip5__rounds-100__epochs-5__eurosat_scaling__eurosat_cnn round=10 (checkpoint deleted)
2026-08-13 01:25:58 EVALUATED eurosat-out-remove__homogeneous__global-dp__fedavg__clients-47__seed-43__nm0p0371071__clip5__rounds-100__epochs-5__eurosat_scaling__eurosat_cnn round=20 (checkpoint deleted)
2026-08-13 01:26:01 EVALUATED eurosat-out-remove__homogeneous__global-dp__fedavg__clients-47__seed-43__nm0p0371071__clip5__rounds-100__epochs-5__eurosat_scaling__eurosat_cnn round=30 (checkpoint deleted)
2026-08-13 01:26:03 EVALUATED eurosat-out-remove__homogeneous__global-dp__fedavg__clients-47__seed-43__nm0p0371071__clip5__rounds-100__epochs-5__eurosat_scaling__eurosat_cnn round=40 (checkpoint deleted)
2026-08-13 01:26:05 EVALUATED eurosat-out-remove__homogeneous__global-dp__fedavg__clients-47__seed-43__nm0p0371071__clip5__rounds-100__epochs-5__eurosat_scaling__eurosat_cnn round=50 (checkpoint deleted)
2026-08-13 01:26:07 EVALUATED eurosat-out-remove__homogeneous__global-dp__fedavg__clients-47__seed-43__nm0p0371071__clip5__rounds-100__epochs-5__eurosat_scaling__eurosat_cnn round=60 (checkpoint deleted)
2026-08-13 01:26:10 EVALUATED eurosat-out-remove__homogeneous__global-dp__fedavg__clients-47__seed-43__nm0p0371071__clip5__rounds-100__epochs-5__eurosat_scaling__eurosat_cnn round=70 (checkpoint deleted)
2026-08-13 01:26:12 EVALUATED eurosat-out-remove__homogeneous__global-dp__fedavg__clients-47__seed-43__nm0p0371071__clip5__rounds-100__epochs-5__eurosat_scaling__eurosat_cnn round=80 (checkpoint deleted)
2026-08-13 01:26:14 EVALUATED eurosat-out-remove__homogeneous__global-dp__fedavg__clients-47__seed-43__nm0p0371071__clip5__rounds-100__epochs-5__eurosat_scaling__eurosat_cnn round=90 (checkpoint deleted)
2026-08-13 01:26:16 EVALUATED eurosat-out-remove__homogeneous__global-dp__fedavg__clients-47__seed-43__nm0p0371071__clip5__rounds-100__epochs-5__eurosat_scaling__eurosat_cnn round=100 (checkpoint deleted)
2026-08-13 01:26:16 PROGRESS 5/18 (0 failed so far)
2026-08-13 01:26:16 START eurosat-out-remove__homogeneous__global-dp__fedavg__clients-47__seed-44__nm0p0371071__clip5__rounds-100__epochs-5__eurosat_scaling__eurosat_cnn 
2026-08-13 02:17:46 DONE  eurosat-out-remove__homogeneous__global-dp__fedavg__clients-47__seed-44__nm0p0371071__clip5__rounds-100__epochs-5__eurosat_scaling__eurosat_cnn (3089.7s)
2026-08-13 02:17:48 EVALUATED eurosat-out-remove__homogeneous__global-dp__fedavg__clients-47__seed-44__nm0p0371071__clip5__rounds-100__epochs-5__eurosat_scaling__eurosat_cnn round=1 (checkpoint deleted)
2026-08-13 02:17:51 EVALUATED eurosat-out-remove__homogeneous__global-dp__fedavg__clients-47__seed-44__nm0p0371071__clip5__rounds-100__epochs-5__eurosat_scaling__eurosat_cnn round=10 (checkpoint deleted)
2026-08-13 02:17:54 EVALUATED eurosat-out-remove__homogeneous__global-dp__fedavg__clients-47__seed-44__nm0p0371071__clip5__rounds-100__epochs-5__eurosat_scaling__eurosat_cnn round=20 (checkpoint deleted)
2026-08-13 02:17:55 EVALUATED eurosat-out-remove__homogeneous__global-dp__fedavg__clients-47__seed-44__nm0p0371071__clip5__rounds-100__epochs-5__eurosat_scaling__eurosat_cnn round=30 (checkpoint deleted)
2026-08-13 02:17:57 EVALUATED eurosat-out-remove__homogeneous__global-dp__fedavg__clients-47__seed-44__nm0p0371071__clip5__rounds-100__epochs-5__eurosat_scaling__eurosat_cnn round=40 (checkpoint deleted)
2026-08-13 02:17:59 EVALUATED eurosat-out-remove__homogeneous__global-dp__fedavg__clients-47__seed-44__nm0p0371071__clip5__rounds-100__epochs-5__eurosat_scaling__eurosat_cnn round=50 (checkpoint deleted)
2026-08-13 02:18:00 EVALUATED eurosat-out-remove__homogeneous__global-dp__fedavg__clients-47__seed-44__nm0p0371071__clip5__rounds-100__epochs-5__eurosat_scaling__eurosat_cnn round=60 (checkpoint deleted)
2026-08-13 02:18:03 EVALUATED eurosat-out-remove__homogeneous__global-dp__fedavg__clients-47__seed-44__nm0p0371071__clip5__rounds-100__epochs-5__eurosat_scaling__eurosat_cnn round=70 (checkpoint deleted)
2026-08-13 02:18:06 EVALUATED eurosat-out-remove__homogeneous__global-dp__fedavg__clients-47__seed-44__nm0p0371071__clip5__rounds-100__epochs-5__eurosat_scaling__eurosat_cnn round=80 (checkpoint deleted)
2026-08-13 02:18:08 EVALUATED eurosat-out-remove__homogeneous__global-dp__fedavg__clients-47__seed-44__nm0p0371071__clip5__rounds-100__epochs-5__eurosat_scaling__eurosat_cnn round=90 (checkpoint deleted)
2026-08-13 02:18:10 EVALUATED eurosat-out-remove__homogeneous__global-dp__fedavg__clients-47__seed-44__nm0p0371071__clip5__rounds-100__epochs-5__eurosat_scaling__eurosat_cnn round=100 (checkpoint deleted)
2026-08-13 02:18:10 PROGRESS 6/18 (0 failed so far)
2026-08-13 02:18:10 START eurosat-out-remove__homogeneous__metric-privacy__fedavg__clients-47__seed-42__nm0p0371071__clip5__rounds-100__epochs-5__eurosat_scaling__eurosat_cnn 
2026-08-13 03:10:03 DONE  eurosat-out-remove__homogeneous__metric-privacy__fedavg__clients-47__seed-42__nm0p0371071__clip5__rounds-100__epochs-5__eurosat_scaling__eurosat_cnn (3113.0s)
2026-08-13 03:10:04 EVALUATED eurosat-out-remove__homogeneous__metric-privacy__fedavg__clients-47__seed-42__nm0p0371071__clip5__rounds-100__epochs-5__eurosat_scaling__eurosat_cnn round=1 (checkpoint deleted)
2026-08-13 03:10:06 EVALUATED eurosat-out-remove__homogeneous__metric-privacy__fedavg__clients-47__seed-42__nm0p0371071__clip5__rounds-100__epochs-5__eurosat_scaling__eurosat_cnn round=10 (checkpoint deleted)
2026-08-13 03:10:08 EVALUATED eurosat-out-remove__homogeneous__metric-privacy__fedavg__clients-47__seed-42__nm0p0371071__clip5__rounds-100__epochs-5__eurosat_scaling__eurosat_cnn round=20 (checkpoint deleted)
2026-08-13 03:10:09 EVALUATED eurosat-out-remove__homogeneous__metric-privacy__fedavg__clients-47__seed-42__nm0p0371071__clip5__rounds-100__epochs-5__eurosat_scaling__eurosat_cnn round=30 (checkpoint deleted)
2026-08-13 03:10:11 EVALUATED eurosat-out-remove__homogeneous__metric-privacy__fedavg__clients-47__seed-42__nm0p0371071__clip5__rounds-100__epochs-5__eurosat_scaling__eurosat_cnn round=40 (checkpoint deleted)
2026-08-13 03:10:13 EVALUATED eurosat-out-remove__homogeneous__metric-privacy__fedavg__clients-47__seed-42__nm0p0371071__clip5__rounds-100__epochs-5__eurosat_scaling__eurosat_cnn round=50 (checkpoint deleted)
2026-08-13 03:10:14 EVALUATED eurosat-out-remove__homogeneous__metric-privacy__fedavg__clients-47__seed-42__nm0p0371071__clip5__rounds-100__epochs-5__eurosat_scaling__eurosat_cnn round=60 (checkpoint deleted)
2026-08-13 03:10:16 EVALUATED eurosat-out-remove__homogeneous__metric-privacy__fedavg__clients-47__seed-42__nm0p0371071__clip5__rounds-100__epochs-5__eurosat_scaling__eurosat_cnn round=70 (checkpoint deleted)
2026-08-13 03:10:17 EVALUATED eurosat-out-remove__homogeneous__metric-privacy__fedavg__clients-47__seed-42__nm0p0371071__clip5__rounds-100__epochs-5__eurosat_scaling__eurosat_cnn round=80 (checkpoint deleted)
2026-08-13 03:10:19 EVALUATED eurosat-out-remove__homogeneous__metric-privacy__fedavg__clients-47__seed-42__nm0p0371071__clip5__rounds-100__epochs-5__eurosat_scaling__eurosat_cnn round=90 (checkpoint deleted)
2026-08-13 03:10:21 EVALUATED eurosat-out-remove__homogeneous__metric-privacy__fedavg__clients-47__seed-42__nm0p0371071__clip5__rounds-100__epochs-5__eurosat_scaling__eurosat_cnn round=100 (checkpoint deleted)
2026-08-13 03:10:21 PROGRESS 7/18 (0 failed so far)
2026-08-13 03:10:21 START eurosat-out-remove__homogeneous__metric-privacy__fedavg__clients-47__seed-43__nm0p0371071__clip5__rounds-100__epochs-5__eurosat_scaling__eurosat_cnn 
2026-08-13 03:51:19 DONE  eurosat-out-remove__homogeneous__metric-privacy__fedavg__clients-47__seed-43__nm0p0371071__clip5__rounds-100__epochs-5__eurosat_scaling__eurosat_cnn (2458.6s)
2026-08-13 03:51:21 EVALUATED eurosat-out-remove__homogeneous__metric-privacy__fedavg__clients-47__seed-43__nm0p0371071__clip5__rounds-100__epochs-5__eurosat_scaling__eurosat_cnn round=1 (checkpoint deleted)
2026-08-13 03:51:22 EVALUATED eurosat-out-remove__homogeneous__metric-privacy__fedavg__clients-47__seed-43__nm0p0371071__clip5__rounds-100__epochs-5__eurosat_scaling__eurosat_cnn round=10 (checkpoint deleted)
2026-08-13 03:51:24 EVALUATED eurosat-out-remove__homogeneous__metric-privacy__fedavg__clients-47__seed-43__nm0p0371071__clip5__rounds-100__epochs-5__eurosat_scaling__eurosat_cnn round=20 (checkpoint deleted)
2026-08-13 03:51:25 EVALUATED eurosat-out-remove__homogeneous__metric-privacy__fedavg__clients-47__seed-43__nm0p0371071__clip5__rounds-100__epochs-5__eurosat_scaling__eurosat_cnn round=30 (checkpoint deleted)
2026-08-13 03:51:27 EVALUATED eurosat-out-remove__homogeneous__metric-privacy__fedavg__clients-47__seed-43__nm0p0371071__clip5__rounds-100__epochs-5__eurosat_scaling__eurosat_cnn round=40 (checkpoint deleted)
2026-08-13 03:51:28 EVALUATED eurosat-out-remove__homogeneous__metric-privacy__fedavg__clients-47__seed-43__nm0p0371071__clip5__rounds-100__epochs-5__eurosat_scaling__eurosat_cnn round=50 (checkpoint deleted)
2026-08-13 03:51:29 EVALUATED eurosat-out-remove__homogeneous__metric-privacy__fedavg__clients-47__seed-43__nm0p0371071__clip5__rounds-100__epochs-5__eurosat_scaling__eurosat_cnn round=60 (checkpoint deleted)
2026-08-13 03:51:31 EVALUATED eurosat-out-remove__homogeneous__metric-privacy__fedavg__clients-47__seed-43__nm0p0371071__clip5__rounds-100__epochs-5__eurosat_scaling__eurosat_cnn round=70 (checkpoint deleted)
2026-08-13 03:51:32 EVALUATED eurosat-out-remove__homogeneous__metric-privacy__fedavg__clients-47__seed-43__nm0p0371071__clip5__rounds-100__epochs-5__eurosat_scaling__eurosat_cnn round=80 (checkpoint deleted)
2026-08-13 03:51:34 EVALUATED eurosat-out-remove__homogeneous__metric-privacy__fedavg__clients-47__seed-43__nm0p0371071__clip5__rounds-100__epochs-5__eurosat_scaling__eurosat_cnn round=90 (checkpoint deleted)
2026-08-13 03:51:35 EVALUATED eurosat-out-remove__homogeneous__metric-privacy__fedavg__clients-47__seed-43__nm0p0371071__clip5__rounds-100__epochs-5__eurosat_scaling__eurosat_cnn round=100 (checkpoint deleted)
2026-08-13 03:51:35 PROGRESS 8/18 (0 failed so far)
2026-08-13 03:51:35 START eurosat-out-remove__homogeneous__metric-privacy__fedavg__clients-47__seed-44__nm0p0371071__clip5__rounds-100__epochs-5__eurosat_scaling__eurosat_cnn 
2026-08-13 04:24:24 DONE  eurosat-out-remove__homogeneous__metric-privacy__fedavg__clients-47__seed-44__nm0p0371071__clip5__rounds-100__epochs-5__eurosat_scaling__eurosat_cnn (1969.3s)
2026-08-13 04:24:26 EVALUATED eurosat-out-remove__homogeneous__metric-privacy__fedavg__clients-47__seed-44__nm0p0371071__clip5__rounds-100__epochs-5__eurosat_scaling__eurosat_cnn round=1 (checkpoint deleted)
2026-08-13 04:24:27 EVALUATED eurosat-out-remove__homogeneous__metric-privacy__fedavg__clients-47__seed-44__nm0p0371071__clip5__rounds-100__epochs-5__eurosat_scaling__eurosat_cnn round=10 (checkpoint deleted)
2026-08-13 04:24:28 EVALUATED eurosat-out-remove__homogeneous__metric-privacy__fedavg__clients-47__seed-44__nm0p0371071__clip5__rounds-100__epochs-5__eurosat_scaling__eurosat_cnn round=20 (checkpoint deleted)
2026-08-13 04:24:30 EVALUATED eurosat-out-remove__homogeneous__metric-privacy__fedavg__clients-47__seed-44__nm0p0371071__clip5__rounds-100__epochs-5__eurosat_scaling__eurosat_cnn round=30 (checkpoint deleted)
2026-08-13 04:24:31 EVALUATED eurosat-out-remove__homogeneous__metric-privacy__fedavg__clients-47__seed-44__nm0p0371071__clip5__rounds-100__epochs-5__eurosat_scaling__eurosat_cnn round=40 (checkpoint deleted)
2026-08-13 04:24:32 EVALUATED eurosat-out-remove__homogeneous__metric-privacy__fedavg__clients-47__seed-44__nm0p0371071__clip5__rounds-100__epochs-5__eurosat_scaling__eurosat_cnn round=50 (checkpoint deleted)
2026-08-13 04:24:34 EVALUATED eurosat-out-remove__homogeneous__metric-privacy__fedavg__clients-47__seed-44__nm0p0371071__clip5__rounds-100__epochs-5__eurosat_scaling__eurosat_cnn round=60 (checkpoint deleted)
2026-08-13 04:24:35 EVALUATED eurosat-out-remove__homogeneous__metric-privacy__fedavg__clients-47__seed-44__nm0p0371071__clip5__rounds-100__epochs-5__eurosat_scaling__eurosat_cnn round=70 (checkpoint deleted)
2026-08-13 04:24:36 EVALUATED eurosat-out-remove__homogeneous__metric-privacy__fedavg__clients-47__seed-44__nm0p0371071__clip5__rounds-100__epochs-5__eurosat_scaling__eurosat_cnn round=80 (checkpoint deleted)
2026-08-13 04:24:38 EVALUATED eurosat-out-remove__homogeneous__metric-privacy__fedavg__clients-47__seed-44__nm0p0371071__clip5__rounds-100__epochs-5__eurosat_scaling__eurosat_cnn round=90 (checkpoint deleted)
2026-08-13 04:24:39 EVALUATED eurosat-out-remove__homogeneous__metric-privacy__fedavg__clients-47__seed-44__nm0p0371071__clip5__rounds-100__epochs-5__eurosat_scaling__eurosat_cnn round=100 (checkpoint deleted)
2026-08-13 04:24:39 PROGRESS 9/18 (0 failed so far)
2026-08-13 04:24:39 START eurosat-out-remove__non-iid__vanilla__fedavg__clients-47__seed-42__nm0p0371071__clip5__rounds-100__epochs-5__eurosat_scaling__eurosat_cnn 
2026-08-13 04:54:39 DONE  eurosat-out-remove__non-iid__vanilla__fedavg__clients-47__seed-42__nm0p0371071__clip5__rounds-100__epochs-5__eurosat_scaling__eurosat_cnn (1800.1s)
2026-08-13 04:54:40 EVALUATED eurosat-out-remove__non-iid__vanilla__fedavg__clients-47__seed-42__nm0p0371071__clip5__rounds-100__epochs-5__eurosat_scaling__eurosat_cnn round=1 (checkpoint deleted)
2026-08-13 04:54:42 EVALUATED eurosat-out-remove__non-iid__vanilla__fedavg__clients-47__seed-42__nm0p0371071__clip5__rounds-100__epochs-5__eurosat_scaling__eurosat_cnn round=10 (checkpoint deleted)
2026-08-13 04:54:43 EVALUATED eurosat-out-remove__non-iid__vanilla__fedavg__clients-47__seed-42__nm0p0371071__clip5__rounds-100__epochs-5__eurosat_scaling__eurosat_cnn round=20 (checkpoint deleted)
2026-08-13 04:54:45 EVALUATED eurosat-out-remove__non-iid__vanilla__fedavg__clients-47__seed-42__nm0p0371071__clip5__rounds-100__epochs-5__eurosat_scaling__eurosat_cnn round=30 (checkpoint deleted)
2026-08-13 04:54:46 EVALUATED eurosat-out-remove__non-iid__vanilla__fedavg__clients-47__seed-42__nm0p0371071__clip5__rounds-100__epochs-5__eurosat_scaling__eurosat_cnn round=40 (checkpoint deleted)
2026-08-13 04:54:47 EVALUATED eurosat-out-remove__non-iid__vanilla__fedavg__clients-47__seed-42__nm0p0371071__clip5__rounds-100__epochs-5__eurosat_scaling__eurosat_cnn round=50 (checkpoint deleted)
2026-08-13 04:54:49 EVALUATED eurosat-out-remove__non-iid__vanilla__fedavg__clients-47__seed-42__nm0p0371071__clip5__rounds-100__epochs-5__eurosat_scaling__eurosat_cnn round=60 (checkpoint deleted)
2026-08-13 04:54:50 EVALUATED eurosat-out-remove__non-iid__vanilla__fedavg__clients-47__seed-42__nm0p0371071__clip5__rounds-100__epochs-5__eurosat_scaling__eurosat_cnn round=70 (checkpoint deleted)
2026-08-13 04:54:52 EVALUATED eurosat-out-remove__non-iid__vanilla__fedavg__clients-47__seed-42__nm0p0371071__clip5__rounds-100__epochs-5__eurosat_scaling__eurosat_cnn round=80 (checkpoint deleted)
2026-08-13 04:54:53 EVALUATED eurosat-out-remove__non-iid__vanilla__fedavg__clients-47__seed-42__nm0p0371071__clip5__rounds-100__epochs-5__eurosat_scaling__eurosat_cnn round=90 (checkpoint deleted)
2026-08-13 04:54:55 EVALUATED eurosat-out-remove__non-iid__vanilla__fedavg__clients-47__seed-42__nm0p0371071__clip5__rounds-100__epochs-5__eurosat_scaling__eurosat_cnn round=100 (checkpoint deleted)
2026-08-13 04:54:55 PROGRESS 10/18 (0 failed so far)
2026-08-13 04:54:55 START eurosat-out-remove__non-iid__vanilla__fedavg__clients-47__seed-43__nm0p0371071__clip5__rounds-100__epochs-5__eurosat_scaling__eurosat_cnn 
2026-08-13 05:24:57 DONE  eurosat-out-remove__non-iid__vanilla__fedavg__clients-47__seed-43__nm0p0371071__clip5__rounds-100__epochs-5__eurosat_scaling__eurosat_cnn (1801.8s)
2026-08-13 05:24:58 EVALUATED eurosat-out-remove__non-iid__vanilla__fedavg__clients-47__seed-43__nm0p0371071__clip5__rounds-100__epochs-5__eurosat_scaling__eurosat_cnn round=1 (checkpoint deleted)
2026-08-13 05:24:59 EVALUATED eurosat-out-remove__non-iid__vanilla__fedavg__clients-47__seed-43__nm0p0371071__clip5__rounds-100__epochs-5__eurosat_scaling__eurosat_cnn round=10 (checkpoint deleted)
2026-08-13 05:25:01 EVALUATED eurosat-out-remove__non-iid__vanilla__fedavg__clients-47__seed-43__nm0p0371071__clip5__rounds-100__epochs-5__eurosat_scaling__eurosat_cnn round=20 (checkpoint deleted)
2026-08-13 05:25:02 EVALUATED eurosat-out-remove__non-iid__vanilla__fedavg__clients-47__seed-43__nm0p0371071__clip5__rounds-100__epochs-5__eurosat_scaling__eurosat_cnn round=30 (checkpoint deleted)
2026-08-13 05:25:04 EVALUATED eurosat-out-remove__non-iid__vanilla__fedavg__clients-47__seed-43__nm0p0371071__clip5__rounds-100__epochs-5__eurosat_scaling__eurosat_cnn round=40 (checkpoint deleted)
2026-08-13 05:25:05 EVALUATED eurosat-out-remove__non-iid__vanilla__fedavg__clients-47__seed-43__nm0p0371071__clip5__rounds-100__epochs-5__eurosat_scaling__eurosat_cnn round=50 (checkpoint deleted)
2026-08-13 05:25:06 EVALUATED eurosat-out-remove__non-iid__vanilla__fedavg__clients-47__seed-43__nm0p0371071__clip5__rounds-100__epochs-5__eurosat_scaling__eurosat_cnn round=60 (checkpoint deleted)
2026-08-13 05:25:08 EVALUATED eurosat-out-remove__non-iid__vanilla__fedavg__clients-47__seed-43__nm0p0371071__clip5__rounds-100__epochs-5__eurosat_scaling__eurosat_cnn round=70 (checkpoint deleted)
2026-08-13 05:25:09 EVALUATED eurosat-out-remove__non-iid__vanilla__fedavg__clients-47__seed-43__nm0p0371071__clip5__rounds-100__epochs-5__eurosat_scaling__eurosat_cnn round=80 (checkpoint deleted)
2026-08-13 05:25:10 EVALUATED eurosat-out-remove__non-iid__vanilla__fedavg__clients-47__seed-43__nm0p0371071__clip5__rounds-100__epochs-5__eurosat_scaling__eurosat_cnn round=90 (checkpoint deleted)
2026-08-13 05:25:12 EVALUATED eurosat-out-remove__non-iid__vanilla__fedavg__clients-47__seed-43__nm0p0371071__clip5__rounds-100__epochs-5__eurosat_scaling__eurosat_cnn round=100 (checkpoint deleted)
2026-08-13 05:25:12 PROGRESS 11/18 (0 failed so far)
2026-08-13 05:25:12 START eurosat-out-remove__non-iid__vanilla__fedavg__clients-47__seed-44__nm0p0371071__clip5__rounds-100__epochs-5__eurosat_scaling__eurosat_cnn 
2026-08-13 05:54:39 DONE  eurosat-out-remove__non-iid__vanilla__fedavg__clients-47__seed-44__nm0p0371071__clip5__rounds-100__epochs-5__eurosat_scaling__eurosat_cnn (1767.4s)
2026-08-13 05:54:41 EVALUATED eurosat-out-remove__non-iid__vanilla__fedavg__clients-47__seed-44__nm0p0371071__clip5__rounds-100__epochs-5__eurosat_scaling__eurosat_cnn round=1 (checkpoint deleted)
2026-08-13 05:54:42 EVALUATED eurosat-out-remove__non-iid__vanilla__fedavg__clients-47__seed-44__nm0p0371071__clip5__rounds-100__epochs-5__eurosat_scaling__eurosat_cnn round=10 (checkpoint deleted)
2026-08-13 05:54:43 EVALUATED eurosat-out-remove__non-iid__vanilla__fedavg__clients-47__seed-44__nm0p0371071__clip5__rounds-100__epochs-5__eurosat_scaling__eurosat_cnn round=20 (checkpoint deleted)
2026-08-13 05:54:45 EVALUATED eurosat-out-remove__non-iid__vanilla__fedavg__clients-47__seed-44__nm0p0371071__clip5__rounds-100__epochs-5__eurosat_scaling__eurosat_cnn round=30 (checkpoint deleted)
2026-08-13 05:54:46 EVALUATED eurosat-out-remove__non-iid__vanilla__fedavg__clients-47__seed-44__nm0p0371071__clip5__rounds-100__epochs-5__eurosat_scaling__eurosat_cnn round=40 (checkpoint deleted)
2026-08-13 05:54:48 EVALUATED eurosat-out-remove__non-iid__vanilla__fedavg__clients-47__seed-44__nm0p0371071__clip5__rounds-100__epochs-5__eurosat_scaling__eurosat_cnn round=50 (checkpoint deleted)
2026-08-13 05:54:49 EVALUATED eurosat-out-remove__non-iid__vanilla__fedavg__clients-47__seed-44__nm0p0371071__clip5__rounds-100__epochs-5__eurosat_scaling__eurosat_cnn round=60 (checkpoint deleted)
2026-08-13 05:54:50 EVALUATED eurosat-out-remove__non-iid__vanilla__fedavg__clients-47__seed-44__nm0p0371071__clip5__rounds-100__epochs-5__eurosat_scaling__eurosat_cnn round=70 (checkpoint deleted)
2026-08-13 05:54:52 EVALUATED eurosat-out-remove__non-iid__vanilla__fedavg__clients-47__seed-44__nm0p0371071__clip5__rounds-100__epochs-5__eurosat_scaling__eurosat_cnn round=80 (checkpoint deleted)
2026-08-13 05:54:53 EVALUATED eurosat-out-remove__non-iid__vanilla__fedavg__clients-47__seed-44__nm0p0371071__clip5__rounds-100__epochs-5__eurosat_scaling__eurosat_cnn round=90 (checkpoint deleted)
2026-08-13 05:54:55 EVALUATED eurosat-out-remove__non-iid__vanilla__fedavg__clients-47__seed-44__nm0p0371071__clip5__rounds-100__epochs-5__eurosat_scaling__eurosat_cnn round=100 (checkpoint deleted)
2026-08-13 05:54:55 PROGRESS 12/18 (0 failed so far)
2026-08-13 05:54:55 START eurosat-out-remove__non-iid__global-dp__fedavg__clients-47__seed-42__nm0p0371071__clip5__rounds-100__epochs-5__eurosat_scaling__eurosat_cnn 
2026-08-13 06:24:55 DONE  eurosat-out-remove__non-iid__global-dp__fedavg__clients-47__seed-42__nm0p0371071__clip5__rounds-100__epochs-5__eurosat_scaling__eurosat_cnn (1800.3s)
2026-08-13 06:24:56 EVALUATED eurosat-out-remove__non-iid__global-dp__fedavg__clients-47__seed-42__nm0p0371071__clip5__rounds-100__epochs-5__eurosat_scaling__eurosat_cnn round=1 (checkpoint deleted)
2026-08-13 06:24:58 EVALUATED eurosat-out-remove__non-iid__global-dp__fedavg__clients-47__seed-42__nm0p0371071__clip5__rounds-100__epochs-5__eurosat_scaling__eurosat_cnn round=10 (checkpoint deleted)
2026-08-13 06:24:59 EVALUATED eurosat-out-remove__non-iid__global-dp__fedavg__clients-47__seed-42__nm0p0371071__clip5__rounds-100__epochs-5__eurosat_scaling__eurosat_cnn round=20 (checkpoint deleted)
2026-08-13 06:25:01 EVALUATED eurosat-out-remove__non-iid__global-dp__fedavg__clients-47__seed-42__nm0p0371071__clip5__rounds-100__epochs-5__eurosat_scaling__eurosat_cnn round=30 (checkpoint deleted)
2026-08-13 06:25:02 EVALUATED eurosat-out-remove__non-iid__global-dp__fedavg__clients-47__seed-42__nm0p0371071__clip5__rounds-100__epochs-5__eurosat_scaling__eurosat_cnn round=40 (checkpoint deleted)
2026-08-13 06:25:03 EVALUATED eurosat-out-remove__non-iid__global-dp__fedavg__clients-47__seed-42__nm0p0371071__clip5__rounds-100__epochs-5__eurosat_scaling__eurosat_cnn round=50 (checkpoint deleted)
2026-08-13 06:25:05 EVALUATED eurosat-out-remove__non-iid__global-dp__fedavg__clients-47__seed-42__nm0p0371071__clip5__rounds-100__epochs-5__eurosat_scaling__eurosat_cnn round=60 (checkpoint deleted)
2026-08-13 06:25:06 EVALUATED eurosat-out-remove__non-iid__global-dp__fedavg__clients-47__seed-42__nm0p0371071__clip5__rounds-100__epochs-5__eurosat_scaling__eurosat_cnn round=70 (checkpoint deleted)
2026-08-13 06:25:08 EVALUATED eurosat-out-remove__non-iid__global-dp__fedavg__clients-47__seed-42__nm0p0371071__clip5__rounds-100__epochs-5__eurosat_scaling__eurosat_cnn round=80 (checkpoint deleted)
2026-08-13 06:25:09 EVALUATED eurosat-out-remove__non-iid__global-dp__fedavg__clients-47__seed-42__nm0p0371071__clip5__rounds-100__epochs-5__eurosat_scaling__eurosat_cnn round=90 (checkpoint deleted)
2026-08-13 06:25:10 EVALUATED eurosat-out-remove__non-iid__global-dp__fedavg__clients-47__seed-42__nm0p0371071__clip5__rounds-100__epochs-5__eurosat_scaling__eurosat_cnn round=100 (checkpoint deleted)
2026-08-13 06:25:10 PROGRESS 13/18 (0 failed so far)
2026-08-13 06:25:10 START eurosat-out-remove__non-iid__global-dp__fedavg__clients-47__seed-43__nm0p0371071__clip5__rounds-100__epochs-5__eurosat_scaling__eurosat_cnn 
2026-08-13 06:55:30 DONE  eurosat-out-remove__non-iid__global-dp__fedavg__clients-47__seed-43__nm0p0371071__clip5__rounds-100__epochs-5__eurosat_scaling__eurosat_cnn (1819.9s)
2026-08-13 06:55:32 EVALUATED eurosat-out-remove__non-iid__global-dp__fedavg__clients-47__seed-43__nm0p0371071__clip5__rounds-100__epochs-5__eurosat_scaling__eurosat_cnn round=1 (checkpoint deleted)
2026-08-13 06:55:33 EVALUATED eurosat-out-remove__non-iid__global-dp__fedavg__clients-47__seed-43__nm0p0371071__clip5__rounds-100__epochs-5__eurosat_scaling__eurosat_cnn round=10 (checkpoint deleted)
2026-08-13 06:55:34 EVALUATED eurosat-out-remove__non-iid__global-dp__fedavg__clients-47__seed-43__nm0p0371071__clip5__rounds-100__epochs-5__eurosat_scaling__eurosat_cnn round=20 (checkpoint deleted)
2026-08-13 06:55:36 EVALUATED eurosat-out-remove__non-iid__global-dp__fedavg__clients-47__seed-43__nm0p0371071__clip5__rounds-100__epochs-5__eurosat_scaling__eurosat_cnn round=30 (checkpoint deleted)
2026-08-13 06:55:37 EVALUATED eurosat-out-remove__non-iid__global-dp__fedavg__clients-47__seed-43__nm0p0371071__clip5__rounds-100__epochs-5__eurosat_scaling__eurosat_cnn round=40 (checkpoint deleted)
2026-08-13 06:55:38 EVALUATED eurosat-out-remove__non-iid__global-dp__fedavg__clients-47__seed-43__nm0p0371071__clip5__rounds-100__epochs-5__eurosat_scaling__eurosat_cnn round=50 (checkpoint deleted)
2026-08-13 06:55:40 EVALUATED eurosat-out-remove__non-iid__global-dp__fedavg__clients-47__seed-43__nm0p0371071__clip5__rounds-100__epochs-5__eurosat_scaling__eurosat_cnn round=60 (checkpoint deleted)
2026-08-13 06:55:41 EVALUATED eurosat-out-remove__non-iid__global-dp__fedavg__clients-47__seed-43__nm0p0371071__clip5__rounds-100__epochs-5__eurosat_scaling__eurosat_cnn round=70 (checkpoint deleted)
2026-08-13 06:55:43 EVALUATED eurosat-out-remove__non-iid__global-dp__fedavg__clients-47__seed-43__nm0p0371071__clip5__rounds-100__epochs-5__eurosat_scaling__eurosat_cnn round=80 (checkpoint deleted)
2026-08-13 06:55:44 EVALUATED eurosat-out-remove__non-iid__global-dp__fedavg__clients-47__seed-43__nm0p0371071__clip5__rounds-100__epochs-5__eurosat_scaling__eurosat_cnn round=90 (checkpoint deleted)
2026-08-13 06:55:45 EVALUATED eurosat-out-remove__non-iid__global-dp__fedavg__clients-47__seed-43__nm0p0371071__clip5__rounds-100__epochs-5__eurosat_scaling__eurosat_cnn round=100 (checkpoint deleted)
2026-08-13 06:55:45 PROGRESS 14/18 (0 failed so far)
2026-08-13 06:55:45 START eurosat-out-remove__non-iid__global-dp__fedavg__clients-47__seed-44__nm0p0371071__clip5__rounds-100__epochs-5__eurosat_scaling__eurosat_cnn 
2026-08-13 07:25:32 DONE  eurosat-out-remove__non-iid__global-dp__fedavg__clients-47__seed-44__nm0p0371071__clip5__rounds-100__epochs-5__eurosat_scaling__eurosat_cnn (1786.7s)
2026-08-13 07:25:34 EVALUATED eurosat-out-remove__non-iid__global-dp__fedavg__clients-47__seed-44__nm0p0371071__clip5__rounds-100__epochs-5__eurosat_scaling__eurosat_cnn round=1 (checkpoint deleted)
2026-08-13 07:25:35 EVALUATED eurosat-out-remove__non-iid__global-dp__fedavg__clients-47__seed-44__nm0p0371071__clip5__rounds-100__epochs-5__eurosat_scaling__eurosat_cnn round=10 (checkpoint deleted)
2026-08-13 07:25:36 EVALUATED eurosat-out-remove__non-iid__global-dp__fedavg__clients-47__seed-44__nm0p0371071__clip5__rounds-100__epochs-5__eurosat_scaling__eurosat_cnn round=20 (checkpoint deleted)
2026-08-13 07:25:38 EVALUATED eurosat-out-remove__non-iid__global-dp__fedavg__clients-47__seed-44__nm0p0371071__clip5__rounds-100__epochs-5__eurosat_scaling__eurosat_cnn round=30 (checkpoint deleted)
2026-08-13 07:25:39 EVALUATED eurosat-out-remove__non-iid__global-dp__fedavg__clients-47__seed-44__nm0p0371071__clip5__rounds-100__epochs-5__eurosat_scaling__eurosat_cnn round=40 (checkpoint deleted)
2026-08-13 07:25:41 EVALUATED eurosat-out-remove__non-iid__global-dp__fedavg__clients-47__seed-44__nm0p0371071__clip5__rounds-100__epochs-5__eurosat_scaling__eurosat_cnn round=50 (checkpoint deleted)
2026-08-13 07:25:42 EVALUATED eurosat-out-remove__non-iid__global-dp__fedavg__clients-47__seed-44__nm0p0371071__clip5__rounds-100__epochs-5__eurosat_scaling__eurosat_cnn round=60 (checkpoint deleted)
2026-08-13 07:25:43 EVALUATED eurosat-out-remove__non-iid__global-dp__fedavg__clients-47__seed-44__nm0p0371071__clip5__rounds-100__epochs-5__eurosat_scaling__eurosat_cnn round=70 (checkpoint deleted)
2026-08-13 07:25:45 EVALUATED eurosat-out-remove__non-iid__global-dp__fedavg__clients-47__seed-44__nm0p0371071__clip5__rounds-100__epochs-5__eurosat_scaling__eurosat_cnn round=80 (checkpoint deleted)
2026-08-13 07:25:46 EVALUATED eurosat-out-remove__non-iid__global-dp__fedavg__clients-47__seed-44__nm0p0371071__clip5__rounds-100__epochs-5__eurosat_scaling__eurosat_cnn round=90 (checkpoint deleted)
2026-08-13 07:25:48 EVALUATED eurosat-out-remove__non-iid__global-dp__fedavg__clients-47__seed-44__nm0p0371071__clip5__rounds-100__epochs-5__eurosat_scaling__eurosat_cnn round=100 (checkpoint deleted)
2026-08-13 07:25:48 PROGRESS 15/18 (0 failed so far)
2026-08-13 07:25:48 START eurosat-out-remove__non-iid__metric-privacy__fedavg__clients-47__seed-42__nm0p0371071__clip5__rounds-100__epochs-5__eurosat_scaling__eurosat_cnn 
2026-08-13 07:56:13 DONE  eurosat-out-remove__non-iid__metric-privacy__fedavg__clients-47__seed-42__nm0p0371071__clip5__rounds-100__epochs-5__eurosat_scaling__eurosat_cnn (1825.5s)
2026-08-13 07:56:14 EVALUATED eurosat-out-remove__non-iid__metric-privacy__fedavg__clients-47__seed-42__nm0p0371071__clip5__rounds-100__epochs-5__eurosat_scaling__eurosat_cnn round=1 (checkpoint deleted)
2026-08-13 07:56:16 EVALUATED eurosat-out-remove__non-iid__metric-privacy__fedavg__clients-47__seed-42__nm0p0371071__clip5__rounds-100__epochs-5__eurosat_scaling__eurosat_cnn round=10 (checkpoint deleted)
2026-08-13 07:56:17 EVALUATED eurosat-out-remove__non-iid__metric-privacy__fedavg__clients-47__seed-42__nm0p0371071__clip5__rounds-100__epochs-5__eurosat_scaling__eurosat_cnn round=20 (checkpoint deleted)
2026-08-13 07:56:18 EVALUATED eurosat-out-remove__non-iid__metric-privacy__fedavg__clients-47__seed-42__nm0p0371071__clip5__rounds-100__epochs-5__eurosat_scaling__eurosat_cnn round=30 (checkpoint deleted)
2026-08-13 07:56:20 EVALUATED eurosat-out-remove__non-iid__metric-privacy__fedavg__clients-47__seed-42__nm0p0371071__clip5__rounds-100__epochs-5__eurosat_scaling__eurosat_cnn round=40 (checkpoint deleted)
2026-08-13 07:56:21 EVALUATED eurosat-out-remove__non-iid__metric-privacy__fedavg__clients-47__seed-42__nm0p0371071__clip5__rounds-100__epochs-5__eurosat_scaling__eurosat_cnn round=50 (checkpoint deleted)
2026-08-13 07:56:23 EVALUATED eurosat-out-remove__non-iid__metric-privacy__fedavg__clients-47__seed-42__nm0p0371071__clip5__rounds-100__epochs-5__eurosat_scaling__eurosat_cnn round=60 (checkpoint deleted)
2026-08-13 07:56:24 EVALUATED eurosat-out-remove__non-iid__metric-privacy__fedavg__clients-47__seed-42__nm0p0371071__clip5__rounds-100__epochs-5__eurosat_scaling__eurosat_cnn round=70 (checkpoint deleted)
2026-08-13 07:56:25 EVALUATED eurosat-out-remove__non-iid__metric-privacy__fedavg__clients-47__seed-42__nm0p0371071__clip5__rounds-100__epochs-5__eurosat_scaling__eurosat_cnn round=80 (checkpoint deleted)
2026-08-13 07:56:27 EVALUATED eurosat-out-remove__non-iid__metric-privacy__fedavg__clients-47__seed-42__nm0p0371071__clip5__rounds-100__epochs-5__eurosat_scaling__eurosat_cnn round=90 (checkpoint deleted)
2026-08-13 07:56:28 EVALUATED eurosat-out-remove__non-iid__metric-privacy__fedavg__clients-47__seed-42__nm0p0371071__clip5__rounds-100__epochs-5__eurosat_scaling__eurosat_cnn round=100 (checkpoint deleted)
2026-08-13 07:56:28 PROGRESS 16/18 (0 failed so far)
2026-08-13 07:56:28 START eurosat-out-remove__non-iid__metric-privacy__fedavg__clients-47__seed-43__nm0p0371071__clip5__rounds-100__epochs-5__eurosat_scaling__eurosat_cnn 
2026-08-13 08:27:21 DONE  eurosat-out-remove__non-iid__metric-privacy__fedavg__clients-47__seed-43__nm0p0371071__clip5__rounds-100__epochs-5__eurosat_scaling__eurosat_cnn (1852.6s)
2026-08-13 08:27:22 EVALUATED eurosat-out-remove__non-iid__metric-privacy__fedavg__clients-47__seed-43__nm0p0371071__clip5__rounds-100__epochs-5__eurosat_scaling__eurosat_cnn round=1 (checkpoint deleted)
2026-08-13 08:27:23 EVALUATED eurosat-out-remove__non-iid__metric-privacy__fedavg__clients-47__seed-43__nm0p0371071__clip5__rounds-100__epochs-5__eurosat_scaling__eurosat_cnn round=10 (checkpoint deleted)
2026-08-13 08:27:25 EVALUATED eurosat-out-remove__non-iid__metric-privacy__fedavg__clients-47__seed-43__nm0p0371071__clip5__rounds-100__epochs-5__eurosat_scaling__eurosat_cnn round=20 (checkpoint deleted)
2026-08-13 08:27:26 EVALUATED eurosat-out-remove__non-iid__metric-privacy__fedavg__clients-47__seed-43__nm0p0371071__clip5__rounds-100__epochs-5__eurosat_scaling__eurosat_cnn round=30 (checkpoint deleted)
2026-08-13 08:27:28 EVALUATED eurosat-out-remove__non-iid__metric-privacy__fedavg__clients-47__seed-43__nm0p0371071__clip5__rounds-100__epochs-5__eurosat_scaling__eurosat_cnn round=40 (checkpoint deleted)
2026-08-13 08:27:29 EVALUATED eurosat-out-remove__non-iid__metric-privacy__fedavg__clients-47__seed-43__nm0p0371071__clip5__rounds-100__epochs-5__eurosat_scaling__eurosat_cnn round=50 (checkpoint deleted)
2026-08-13 08:27:30 EVALUATED eurosat-out-remove__non-iid__metric-privacy__fedavg__clients-47__seed-43__nm0p0371071__clip5__rounds-100__epochs-5__eurosat_scaling__eurosat_cnn round=60 (checkpoint deleted)
2026-08-13 08:27:32 EVALUATED eurosat-out-remove__non-iid__metric-privacy__fedavg__clients-47__seed-43__nm0p0371071__clip5__rounds-100__epochs-5__eurosat_scaling__eurosat_cnn round=70 (checkpoint deleted)
2026-08-13 08:27:33 EVALUATED eurosat-out-remove__non-iid__metric-privacy__fedavg__clients-47__seed-43__nm0p0371071__clip5__rounds-100__epochs-5__eurosat_scaling__eurosat_cnn round=80 (checkpoint deleted)
2026-08-13 08:27:35 EVALUATED eurosat-out-remove__non-iid__metric-privacy__fedavg__clients-47__seed-43__nm0p0371071__clip5__rounds-100__epochs-5__eurosat_scaling__eurosat_cnn round=90 (checkpoint deleted)
2026-08-13 08:27:36 EVALUATED eurosat-out-remove__non-iid__metric-privacy__fedavg__clients-47__seed-43__nm0p0371071__clip5__rounds-100__epochs-5__eurosat_scaling__eurosat_cnn round=100 (checkpoint deleted)
2026-08-13 08:27:36 PROGRESS 17/18 (0 failed so far)
2026-08-13 08:27:36 START eurosat-out-remove__non-iid__metric-privacy__fedavg__clients-47__seed-44__nm0p0371071__clip5__rounds-100__epochs-5__eurosat_scaling__eurosat_cnn 
2026-08-13 08:57:48 DONE  eurosat-out-remove__non-iid__metric-privacy__fedavg__clients-47__seed-44__nm0p0371071__clip5__rounds-100__epochs-5__eurosat_scaling__eurosat_cnn (1811.7s)
2026-08-13 08:57:49 EVALUATED eurosat-out-remove__non-iid__metric-privacy__fedavg__clients-47__seed-44__nm0p0371071__clip5__rounds-100__epochs-5__eurosat_scaling__eurosat_cnn round=1 (checkpoint deleted)
2026-08-13 08:57:50 EVALUATED eurosat-out-remove__non-iid__metric-privacy__fedavg__clients-47__seed-44__nm0p0371071__clip5__rounds-100__epochs-5__eurosat_scaling__eurosat_cnn round=10 (checkpoint deleted)
2026-08-13 08:57:52 EVALUATED eurosat-out-remove__non-iid__metric-privacy__fedavg__clients-47__seed-44__nm0p0371071__clip5__rounds-100__epochs-5__eurosat_scaling__eurosat_cnn round=20 (checkpoint deleted)
2026-08-13 08:57:53 EVALUATED eurosat-out-remove__non-iid__metric-privacy__fedavg__clients-47__seed-44__nm0p0371071__clip5__rounds-100__epochs-5__eurosat_scaling__eurosat_cnn round=30 (checkpoint deleted)
2026-08-13 08:57:54 EVALUATED eurosat-out-remove__non-iid__metric-privacy__fedavg__clients-47__seed-44__nm0p0371071__clip5__rounds-100__epochs-5__eurosat_scaling__eurosat_cnn round=40 (checkpoint deleted)
2026-08-13 08:57:56 EVALUATED eurosat-out-remove__non-iid__metric-privacy__fedavg__clients-47__seed-44__nm0p0371071__clip5__rounds-100__epochs-5__eurosat_scaling__eurosat_cnn round=50 (checkpoint deleted)
2026-08-13 08:57:57 EVALUATED eurosat-out-remove__non-iid__metric-privacy__fedavg__clients-47__seed-44__nm0p0371071__clip5__rounds-100__epochs-5__eurosat_scaling__eurosat_cnn round=60 (checkpoint deleted)
2026-08-13 08:57:59 EVALUATED eurosat-out-remove__non-iid__metric-privacy__fedavg__clients-47__seed-44__nm0p0371071__clip5__rounds-100__epochs-5__eurosat_scaling__eurosat_cnn round=70 (checkpoint deleted)
2026-08-13 08:58:00 EVALUATED eurosat-out-remove__non-iid__metric-privacy__fedavg__clients-47__seed-44__nm0p0371071__clip5__rounds-100__epochs-5__eurosat_scaling__eurosat_cnn round=80 (checkpoint deleted)
2026-08-13 08:58:01 EVALUATED eurosat-out-remove__non-iid__metric-privacy__fedavg__clients-47__seed-44__nm0p0371071__clip5__rounds-100__epochs-5__eurosat_scaling__eurosat_cnn round=90 (checkpoint deleted)
2026-08-13 08:58:03 EVALUATED eurosat-out-remove__non-iid__metric-privacy__fedavg__clients-47__seed-44__nm0p0371071__clip5__rounds-100__epochs-5__eurosat_scaling__eurosat_cnn round=100 (checkpoint deleted)
2026-08-13 08:58:03 PROGRESS 18/18 (0 failed so far)
2026-08-13 08:58:03 Sweep finished: 18/18 attempted, 0 failed
