2026-08-11 15:28:04 CIFAR-10 removal CIA chunk (global-dp, clients=16): 1 trajectories
2026-08-11 15:28:04 START cifar10-in-remove__non-iid__global-dp__fedavg__clients-16__seed-42__nm0p0182__clip5__rounds-20__epochs-5__cifar10_remove__cifar10_cnn 
2026-08-11 15:39:25 DONE  cifar10-in-remove__non-iid__global-dp__fedavg__clients-16__seed-42__nm0p0182__clip5__rounds-20__epochs-5__cifar10_remove__cifar10_cnn (681.2s)
2026-08-11 15:39:34 EVALUATED cifar10-in-remove__non-iid__global-dp__fedavg__clients-16__seed-42__nm0p0182__clip5__rounds-20__epochs-5__cifar10_remove__cifar10_cnn round=1 (checkpoint deleted)
2026-08-11 15:39:40 EVALUATED cifar10-in-remove__non-iid__global-dp__fedavg__clients-16__seed-42__nm0p0182__clip5__rounds-20__epochs-5__cifar10_remove__cifar10_cnn round=2 (checkpoint deleted)
2026-08-11 15:39:45 EVALUATED cifar10-in-remove__non-iid__global-dp__fedavg__clients-16__seed-42__nm0p0182__clip5__rounds-20__epochs-5__cifar10_remove__cifar10_cnn round=3 (checkpoint deleted)
2026-08-11 15:39:51 EVALUATED cifar10-in-remove__non-iid__global-dp__fedavg__clients-16__seed-42__nm0p0182__clip5__rounds-20__epochs-5__cifar10_remove__cifar10_cnn round=4 (checkpoint deleted)
2026-08-11 15:39:57 EVALUATED cifar10-in-remove__non-iid__global-dp__fedavg__clients-16__seed-42__nm0p0182__clip5__rounds-20__epochs-5__cifar10_remove__cifar10_cnn round=5 (checkpoint deleted)
2026-08-11 15:40:02 EVALUATED cifar10-in-remove__non-iid__global-dp__fedavg__clients-16__seed-42__nm0p0182__clip5__rounds-20__epochs-5__cifar10_remove__cifar10_cnn round=6 (checkpoint deleted)
2026-08-11 15:40:08 EVALUATED cifar10-in-remove__non-iid__global-dp__fedavg__clients-16__seed-42__nm0p0182__clip5__rounds-20__epochs-5__cifar10_remove__cifar10_cnn round=7 (checkpoint deleted)
2026-08-11 15:40:13 EVALUATED cifar10-in-remove__non-iid__global-dp__fedavg__clients-16__seed-42__nm0p0182__clip5__rounds-20__epochs-5__cifar10_remove__cifar10_cnn round=8 (checkpoint deleted)
2026-08-11 15:40:19 EVALUATED cifar10-in-remove__non-iid__global-dp__fedavg__clients-16__seed-42__nm0p0182__clip5__rounds-20__epochs-5__cifar10_remove__cifar10_cnn round=9 (checkpoint deleted)
2026-08-11 15:40:25 EVALUATED cifar10-in-remove__non-iid__global-dp__fedavg__clients-16__seed-42__nm0p0182__clip5__rounds-20__epochs-5__cifar10_remove__cifar10_cnn round=10 (checkpoint deleted)
2026-08-11 15:40:30 EVALUATED cifar10-in-remove__non-iid__global-dp__fedavg__clients-16__seed-42__nm0p0182__clip5__rounds-20__epochs-5__cifar10_remove__cifar10_cnn round=11 (checkpoint deleted)
2026-08-11 15:40:36 EVALUATED cifar10-in-remove__non-iid__global-dp__fedavg__clients-16__seed-42__nm0p0182__clip5__rounds-20__epochs-5__cifar10_remove__cifar10_cnn round=12 (checkpoint deleted)
2026-08-11 15:40:42 EVALUATED cifar10-in-remove__non-iid__global-dp__fedavg__clients-16__seed-42__nm0p0182__clip5__rounds-20__epochs-5__cifar10_remove__cifar10_cnn round=13 (checkpoint deleted)
2026-08-11 15:40:47 EVALUATED cifar10-in-remove__non-iid__global-dp__fedavg__clients-16__seed-42__nm0p0182__clip5__rounds-20__epochs-5__cifar10_remove__cifar10_cnn round=14 (checkpoint deleted)
2026-08-11 15:40:53 EVALUATED cifar10-in-remove__non-iid__global-dp__fedavg__clients-16__seed-42__nm0p0182__clip5__rounds-20__epochs-5__cifar10_remove__cifar10_cnn round=15 (checkpoint deleted)
2026-08-11 15:40:58 EVALUATED cifar10-in-remove__non-iid__global-dp__fedavg__clients-16__seed-42__nm0p0182__clip5__rounds-20__epochs-5__cifar10_remove__cifar10_cnn round=16 (checkpoint deleted)
2026-08-11 15:41:04 EVALUATED cifar10-in-remove__non-iid__global-dp__fedavg__clients-16__seed-42__nm0p0182__clip5__rounds-20__epochs-5__cifar10_remove__cifar10_cnn round=17 (checkpoint deleted)
2026-08-11 15:41:10 EVALUATED cifar10-in-remove__non-iid__global-dp__fedavg__clients-16__seed-42__nm0p0182__clip5__rounds-20__epochs-5__cifar10_remove__cifar10_cnn round=18 (checkpoint deleted)
2026-08-11 15:41:15 EVALUATED cifar10-in-remove__non-iid__global-dp__fedavg__clients-16__seed-42__nm0p0182__clip5__rounds-20__epochs-5__cifar10_remove__cifar10_cnn round=19 (checkpoint deleted)
2026-08-11 15:41:21 EVALUATED cifar10-in-remove__non-iid__global-dp__fedavg__clients-16__seed-42__nm0p0182__clip5__rounds-20__epochs-5__cifar10_remove__cifar10_cnn round=20 (checkpoint deleted)
2026-08-11 15:41:21 PROGRESS 1/1 (0 failed so far)
2026-08-11 15:41:21 Sweep finished: 1/1 attempted, 0 failed
