2026-08-14 09:29:52 CIFAR-10 removal CIA chunk (vanilla, clients=8, noise_ratio=None): 2 trajectories
2026-08-14 09:29:52 START cifar10-in-remove__non-iid__vanilla__fedavg__clients-8__seed-42__nm0p0182__clip5__rounds-20__epochs-5__cifar10_remove__cifar10_cnn 
2026-08-14 09:41:26 DONE  cifar10-in-remove__non-iid__vanilla__fedavg__clients-8__seed-42__nm0p0182__clip5__rounds-20__epochs-5__cifar10_remove__cifar10_cnn (693.6s)
2026-08-14 09:41:36 EVALUATED cifar10-in-remove__non-iid__vanilla__fedavg__clients-8__seed-42__nm0p0182__clip5__rounds-20__epochs-5__cifar10_remove__cifar10_cnn round=1 (checkpoint deleted)
2026-08-14 09:41:44 EVALUATED cifar10-in-remove__non-iid__vanilla__fedavg__clients-8__seed-42__nm0p0182__clip5__rounds-20__epochs-5__cifar10_remove__cifar10_cnn round=2 (checkpoint deleted)
2026-08-14 09:41:51 EVALUATED cifar10-in-remove__non-iid__vanilla__fedavg__clients-8__seed-42__nm0p0182__clip5__rounds-20__epochs-5__cifar10_remove__cifar10_cnn round=3 (checkpoint deleted)
2026-08-14 09:41:58 EVALUATED cifar10-in-remove__non-iid__vanilla__fedavg__clients-8__seed-42__nm0p0182__clip5__rounds-20__epochs-5__cifar10_remove__cifar10_cnn round=4 (checkpoint deleted)
2026-08-14 09:42:06 EVALUATED cifar10-in-remove__non-iid__vanilla__fedavg__clients-8__seed-42__nm0p0182__clip5__rounds-20__epochs-5__cifar10_remove__cifar10_cnn round=5 (checkpoint deleted)
2026-08-14 09:42:13 EVALUATED cifar10-in-remove__non-iid__vanilla__fedavg__clients-8__seed-42__nm0p0182__clip5__rounds-20__epochs-5__cifar10_remove__cifar10_cnn round=6 (checkpoint deleted)
2026-08-14 09:42:20 EVALUATED cifar10-in-remove__non-iid__vanilla__fedavg__clients-8__seed-42__nm0p0182__clip5__rounds-20__epochs-5__cifar10_remove__cifar10_cnn round=7 (checkpoint deleted)
2026-08-14 09:42:28 EVALUATED cifar10-in-remove__non-iid__vanilla__fedavg__clients-8__seed-42__nm0p0182__clip5__rounds-20__epochs-5__cifar10_remove__cifar10_cnn round=8 (checkpoint deleted)
2026-08-14 09:42:35 EVALUATED cifar10-in-remove__non-iid__vanilla__fedavg__clients-8__seed-42__nm0p0182__clip5__rounds-20__epochs-5__cifar10_remove__cifar10_cnn round=9 (checkpoint deleted)
2026-08-14 09:42:43 EVALUATED cifar10-in-remove__non-iid__vanilla__fedavg__clients-8__seed-42__nm0p0182__clip5__rounds-20__epochs-5__cifar10_remove__cifar10_cnn round=10 (checkpoint deleted)
2026-08-14 09:42:50 EVALUATED cifar10-in-remove__non-iid__vanilla__fedavg__clients-8__seed-42__nm0p0182__clip5__rounds-20__epochs-5__cifar10_remove__cifar10_cnn round=11 (checkpoint deleted)
2026-08-14 09:42:57 EVALUATED cifar10-in-remove__non-iid__vanilla__fedavg__clients-8__seed-42__nm0p0182__clip5__rounds-20__epochs-5__cifar10_remove__cifar10_cnn round=12 (checkpoint deleted)
2026-08-14 09:43:04 EVALUATED cifar10-in-remove__non-iid__vanilla__fedavg__clients-8__seed-42__nm0p0182__clip5__rounds-20__epochs-5__cifar10_remove__cifar10_cnn round=13 (checkpoint deleted)
2026-08-14 09:43:12 EVALUATED cifar10-in-remove__non-iid__vanilla__fedavg__clients-8__seed-42__nm0p0182__clip5__rounds-20__epochs-5__cifar10_remove__cifar10_cnn round=14 (checkpoint deleted)
2026-08-14 09:43:19 EVALUATED cifar10-in-remove__non-iid__vanilla__fedavg__clients-8__seed-42__nm0p0182__clip5__rounds-20__epochs-5__cifar10_remove__cifar10_cnn round=15 (checkpoint deleted)
2026-08-14 09:43:26 EVALUATED cifar10-in-remove__non-iid__vanilla__fedavg__clients-8__seed-42__nm0p0182__clip5__rounds-20__epochs-5__cifar10_remove__cifar10_cnn round=16 (checkpoint deleted)
2026-08-14 09:43:33 EVALUATED cifar10-in-remove__non-iid__vanilla__fedavg__clients-8__seed-42__nm0p0182__clip5__rounds-20__epochs-5__cifar10_remove__cifar10_cnn round=17 (checkpoint deleted)
2026-08-14 09:43:41 EVALUATED cifar10-in-remove__non-iid__vanilla__fedavg__clients-8__seed-42__nm0p0182__clip5__rounds-20__epochs-5__cifar10_remove__cifar10_cnn round=18 (checkpoint deleted)
2026-08-14 09:43:48 EVALUATED cifar10-in-remove__non-iid__vanilla__fedavg__clients-8__seed-42__nm0p0182__clip5__rounds-20__epochs-5__cifar10_remove__cifar10_cnn round=19 (checkpoint deleted)
2026-08-14 09:43:55 EVALUATED cifar10-in-remove__non-iid__vanilla__fedavg__clients-8__seed-42__nm0p0182__clip5__rounds-20__epochs-5__cifar10_remove__cifar10_cnn round=20 (checkpoint deleted)
2026-08-14 09:43:55 PROGRESS 1/2 (0 failed so far)
2026-08-14 09:43:55 START cifar10-out-remove__non-iid__vanilla__fedavg__clients-7__seed-42__nm0p0182__clip5__rounds-20__epochs-5__cifar10_remove__cifar10_cnn 
2026-08-14 09:55:05 DONE  cifar10-out-remove__non-iid__vanilla__fedavg__clients-7__seed-42__nm0p0182__clip5__rounds-20__epochs-5__cifar10_remove__cifar10_cnn (669.8s)
2026-08-14 09:55:12 EVALUATED cifar10-out-remove__non-iid__vanilla__fedavg__clients-7__seed-42__nm0p0182__clip5__rounds-20__epochs-5__cifar10_remove__cifar10_cnn round=1 (checkpoint deleted)
2026-08-14 09:55:20 EVALUATED cifar10-out-remove__non-iid__vanilla__fedavg__clients-7__seed-42__nm0p0182__clip5__rounds-20__epochs-5__cifar10_remove__cifar10_cnn round=2 (checkpoint deleted)
2026-08-14 09:55:27 EVALUATED cifar10-out-remove__non-iid__vanilla__fedavg__clients-7__seed-42__nm0p0182__clip5__rounds-20__epochs-5__cifar10_remove__cifar10_cnn round=3 (checkpoint deleted)
2026-08-14 09:55:34 EVALUATED cifar10-out-remove__non-iid__vanilla__fedavg__clients-7__seed-42__nm0p0182__clip5__rounds-20__epochs-5__cifar10_remove__cifar10_cnn round=4 (checkpoint deleted)
2026-08-14 09:55:42 EVALUATED cifar10-out-remove__non-iid__vanilla__fedavg__clients-7__seed-42__nm0p0182__clip5__rounds-20__epochs-5__cifar10_remove__cifar10_cnn round=5 (checkpoint deleted)
2026-08-14 09:55:49 EVALUATED cifar10-out-remove__non-iid__vanilla__fedavg__clients-7__seed-42__nm0p0182__clip5__rounds-20__epochs-5__cifar10_remove__cifar10_cnn round=6 (checkpoint deleted)
2026-08-14 09:55:56 EVALUATED cifar10-out-remove__non-iid__vanilla__fedavg__clients-7__seed-42__nm0p0182__clip5__rounds-20__epochs-5__cifar10_remove__cifar10_cnn round=7 (checkpoint deleted)
2026-08-14 09:56:04 EVALUATED cifar10-out-remove__non-iid__vanilla__fedavg__clients-7__seed-42__nm0p0182__clip5__rounds-20__epochs-5__cifar10_remove__cifar10_cnn round=8 (checkpoint deleted)
2026-08-14 09:56:11 EVALUATED cifar10-out-remove__non-iid__vanilla__fedavg__clients-7__seed-42__nm0p0182__clip5__rounds-20__epochs-5__cifar10_remove__cifar10_cnn round=9 (checkpoint deleted)
2026-08-14 09:56:18 EVALUATED cifar10-out-remove__non-iid__vanilla__fedavg__clients-7__seed-42__nm0p0182__clip5__rounds-20__epochs-5__cifar10_remove__cifar10_cnn round=10 (checkpoint deleted)
2026-08-14 09:56:25 EVALUATED cifar10-out-remove__non-iid__vanilla__fedavg__clients-7__seed-42__nm0p0182__clip5__rounds-20__epochs-5__cifar10_remove__cifar10_cnn round=11 (checkpoint deleted)
2026-08-14 09:56:33 EVALUATED cifar10-out-remove__non-iid__vanilla__fedavg__clients-7__seed-42__nm0p0182__clip5__rounds-20__epochs-5__cifar10_remove__cifar10_cnn round=12 (checkpoint deleted)
2026-08-14 09:56:40 EVALUATED cifar10-out-remove__non-iid__vanilla__fedavg__clients-7__seed-42__nm0p0182__clip5__rounds-20__epochs-5__cifar10_remove__cifar10_cnn round=13 (checkpoint deleted)
2026-08-14 09:56:47 EVALUATED cifar10-out-remove__non-iid__vanilla__fedavg__clients-7__seed-42__nm0p0182__clip5__rounds-20__epochs-5__cifar10_remove__cifar10_cnn round=14 (checkpoint deleted)
2026-08-14 09:56:55 EVALUATED cifar10-out-remove__non-iid__vanilla__fedavg__clients-7__seed-42__nm0p0182__clip5__rounds-20__epochs-5__cifar10_remove__cifar10_cnn round=15 (checkpoint deleted)
2026-08-14 09:57:02 EVALUATED cifar10-out-remove__non-iid__vanilla__fedavg__clients-7__seed-42__nm0p0182__clip5__rounds-20__epochs-5__cifar10_remove__cifar10_cnn round=16 (checkpoint deleted)
2026-08-14 09:57:09 EVALUATED cifar10-out-remove__non-iid__vanilla__fedavg__clients-7__seed-42__nm0p0182__clip5__rounds-20__epochs-5__cifar10_remove__cifar10_cnn round=17 (checkpoint deleted)
2026-08-14 09:57:17 EVALUATED cifar10-out-remove__non-iid__vanilla__fedavg__clients-7__seed-42__nm0p0182__clip5__rounds-20__epochs-5__cifar10_remove__cifar10_cnn round=18 (checkpoint deleted)
2026-08-14 09:57:24 EVALUATED cifar10-out-remove__non-iid__vanilla__fedavg__clients-7__seed-42__nm0p0182__clip5__rounds-20__epochs-5__cifar10_remove__cifar10_cnn round=19 (checkpoint deleted)
2026-08-14 09:57:31 EVALUATED cifar10-out-remove__non-iid__vanilla__fedavg__clients-7__seed-42__nm0p0182__clip5__rounds-20__epochs-5__cifar10_remove__cifar10_cnn round=20 (checkpoint deleted)
2026-08-14 09:57:31 PROGRESS 2/2 (0 failed so far)
2026-08-14 09:57:31 Sweep finished: 2/2 attempted, 0 failed
