2026-08-05 14:03:26 Starting full chunk: 1 trajectories
2026-08-05 14:03:26 START cifar-full-out-replace__non-iid__vanilla__fedavg__clients-3__seed-42__nm0p01__clip5__rounds-20__epochs-5__cifar_chunks__cifar10_cnn 
2026-08-05 14:07:32 DONE  cifar-full-out-replace__non-iid__vanilla__fedavg__clients-3__seed-42__nm0p01__clip5__rounds-20__epochs-5__cifar_chunks__cifar10_cnn (246.4s)
2026-08-05 14:07:41 EVALUATED cifar-full-out-replace__non-iid__vanilla__fedavg__clients-3__seed-42__nm0p01__clip5__rounds-20__epochs-5__cifar_chunks__cifar10_cnn round=1 (checkpoint deleted)
2026-08-05 14:07:49 EVALUATED cifar-full-out-replace__non-iid__vanilla__fedavg__clients-3__seed-42__nm0p01__clip5__rounds-20__epochs-5__cifar_chunks__cifar10_cnn round=2 (checkpoint deleted)
2026-08-05 14:07:56 EVALUATED cifar-full-out-replace__non-iid__vanilla__fedavg__clients-3__seed-42__nm0p01__clip5__rounds-20__epochs-5__cifar_chunks__cifar10_cnn round=3 (checkpoint deleted)
2026-08-05 14:08:04 EVALUATED cifar-full-out-replace__non-iid__vanilla__fedavg__clients-3__seed-42__nm0p01__clip5__rounds-20__epochs-5__cifar_chunks__cifar10_cnn round=4 (checkpoint deleted)
2026-08-05 14:08:11 EVALUATED cifar-full-out-replace__non-iid__vanilla__fedavg__clients-3__seed-42__nm0p01__clip5__rounds-20__epochs-5__cifar_chunks__cifar10_cnn round=5 (checkpoint deleted)
2026-08-05 14:08:19 EVALUATED cifar-full-out-replace__non-iid__vanilla__fedavg__clients-3__seed-42__nm0p01__clip5__rounds-20__epochs-5__cifar_chunks__cifar10_cnn round=6 (checkpoint deleted)
2026-08-05 14:08:26 EVALUATED cifar-full-out-replace__non-iid__vanilla__fedavg__clients-3__seed-42__nm0p01__clip5__rounds-20__epochs-5__cifar_chunks__cifar10_cnn round=7 (checkpoint deleted)
2026-08-05 14:08:34 EVALUATED cifar-full-out-replace__non-iid__vanilla__fedavg__clients-3__seed-42__nm0p01__clip5__rounds-20__epochs-5__cifar_chunks__cifar10_cnn round=8 (checkpoint deleted)
2026-08-05 14:08:41 EVALUATED cifar-full-out-replace__non-iid__vanilla__fedavg__clients-3__seed-42__nm0p01__clip5__rounds-20__epochs-5__cifar_chunks__cifar10_cnn round=9 (checkpoint deleted)
2026-08-05 14:08:49 EVALUATED cifar-full-out-replace__non-iid__vanilla__fedavg__clients-3__seed-42__nm0p01__clip5__rounds-20__epochs-5__cifar_chunks__cifar10_cnn round=10 (checkpoint deleted)
2026-08-05 14:08:56 EVALUATED cifar-full-out-replace__non-iid__vanilla__fedavg__clients-3__seed-42__nm0p01__clip5__rounds-20__epochs-5__cifar_chunks__cifar10_cnn round=11 (checkpoint deleted)
2026-08-05 14:09:04 EVALUATED cifar-full-out-replace__non-iid__vanilla__fedavg__clients-3__seed-42__nm0p01__clip5__rounds-20__epochs-5__cifar_chunks__cifar10_cnn round=12 (checkpoint deleted)
2026-08-05 14:09:11 EVALUATED cifar-full-out-replace__non-iid__vanilla__fedavg__clients-3__seed-42__nm0p01__clip5__rounds-20__epochs-5__cifar_chunks__cifar10_cnn round=13 (checkpoint deleted)
2026-08-05 14:09:19 EVALUATED cifar-full-out-replace__non-iid__vanilla__fedavg__clients-3__seed-42__nm0p01__clip5__rounds-20__epochs-5__cifar_chunks__cifar10_cnn round=14 (checkpoint deleted)
2026-08-05 14:09:26 EVALUATED cifar-full-out-replace__non-iid__vanilla__fedavg__clients-3__seed-42__nm0p01__clip5__rounds-20__epochs-5__cifar_chunks__cifar10_cnn round=15 (checkpoint deleted)
2026-08-05 14:09:34 EVALUATED cifar-full-out-replace__non-iid__vanilla__fedavg__clients-3__seed-42__nm0p01__clip5__rounds-20__epochs-5__cifar_chunks__cifar10_cnn round=16 (checkpoint deleted)
2026-08-05 14:09:41 EVALUATED cifar-full-out-replace__non-iid__vanilla__fedavg__clients-3__seed-42__nm0p01__clip5__rounds-20__epochs-5__cifar_chunks__cifar10_cnn round=17 (checkpoint deleted)
2026-08-05 14:09:49 EVALUATED cifar-full-out-replace__non-iid__vanilla__fedavg__clients-3__seed-42__nm0p01__clip5__rounds-20__epochs-5__cifar_chunks__cifar10_cnn round=18 (checkpoint deleted)
2026-08-05 14:09:56 EVALUATED cifar-full-out-replace__non-iid__vanilla__fedavg__clients-3__seed-42__nm0p01__clip5__rounds-20__epochs-5__cifar_chunks__cifar10_cnn round=19 (checkpoint deleted)
2026-08-05 14:10:04 EVALUATED cifar-full-out-replace__non-iid__vanilla__fedavg__clients-3__seed-42__nm0p01__clip5__rounds-20__epochs-5__cifar_chunks__cifar10_cnn round=20 (checkpoint deleted)
2026-08-05 14:10:04 PROGRESS 1/1 (0 failed so far)
2026-08-05 14:10:04 Sweep finished: 1/1 attempted, 0 failed
