2026-08-14 00:32:37 CIFAR-10 removal CIA chunk (global-dp, clients=48, noise_ratio=0.004): 2 trajectories
2026-08-14 00:32:37 START cifar10-in-remove__non-iid__global-dp__fedavg__clients-48__seed-42__nm0p192__clip5__rounds-20__epochs-5__cifar10_remove__cifar10_cnn 
2026-08-14 00:45:42 DONE  cifar10-in-remove__non-iid__global-dp__fedavg__clients-48__seed-42__nm0p192__clip5__rounds-20__epochs-5__cifar10_remove__cifar10_cnn (785.5s)
2026-08-14 00:45:49 EVALUATED cifar10-in-remove__non-iid__global-dp__fedavg__clients-48__seed-42__nm0p192__clip5__rounds-20__epochs-5__cifar10_remove__cifar10_cnn round=1 (checkpoint deleted)
2026-08-14 00:45:54 EVALUATED cifar10-in-remove__non-iid__global-dp__fedavg__clients-48__seed-42__nm0p192__clip5__rounds-20__epochs-5__cifar10_remove__cifar10_cnn round=2 (checkpoint deleted)
2026-08-14 00:45:59 EVALUATED cifar10-in-remove__non-iid__global-dp__fedavg__clients-48__seed-42__nm0p192__clip5__rounds-20__epochs-5__cifar10_remove__cifar10_cnn round=3 (checkpoint deleted)
2026-08-14 00:46:04 EVALUATED cifar10-in-remove__non-iid__global-dp__fedavg__clients-48__seed-42__nm0p192__clip5__rounds-20__epochs-5__cifar10_remove__cifar10_cnn round=4 (checkpoint deleted)
2026-08-14 00:46:09 EVALUATED cifar10-in-remove__non-iid__global-dp__fedavg__clients-48__seed-42__nm0p192__clip5__rounds-20__epochs-5__cifar10_remove__cifar10_cnn round=5 (checkpoint deleted)
2026-08-14 00:46:14 EVALUATED cifar10-in-remove__non-iid__global-dp__fedavg__clients-48__seed-42__nm0p192__clip5__rounds-20__epochs-5__cifar10_remove__cifar10_cnn round=6 (checkpoint deleted)
2026-08-14 00:46:19 EVALUATED cifar10-in-remove__non-iid__global-dp__fedavg__clients-48__seed-42__nm0p192__clip5__rounds-20__epochs-5__cifar10_remove__cifar10_cnn round=7 (checkpoint deleted)
2026-08-14 00:46:24 EVALUATED cifar10-in-remove__non-iid__global-dp__fedavg__clients-48__seed-42__nm0p192__clip5__rounds-20__epochs-5__cifar10_remove__cifar10_cnn round=8 (checkpoint deleted)
2026-08-14 00:46:29 EVALUATED cifar10-in-remove__non-iid__global-dp__fedavg__clients-48__seed-42__nm0p192__clip5__rounds-20__epochs-5__cifar10_remove__cifar10_cnn round=9 (checkpoint deleted)
2026-08-14 00:46:34 EVALUATED cifar10-in-remove__non-iid__global-dp__fedavg__clients-48__seed-42__nm0p192__clip5__rounds-20__epochs-5__cifar10_remove__cifar10_cnn round=10 (checkpoint deleted)
2026-08-14 00:46:39 EVALUATED cifar10-in-remove__non-iid__global-dp__fedavg__clients-48__seed-42__nm0p192__clip5__rounds-20__epochs-5__cifar10_remove__cifar10_cnn round=11 (checkpoint deleted)
2026-08-14 00:46:44 EVALUATED cifar10-in-remove__non-iid__global-dp__fedavg__clients-48__seed-42__nm0p192__clip5__rounds-20__epochs-5__cifar10_remove__cifar10_cnn round=12 (checkpoint deleted)
2026-08-14 00:46:49 EVALUATED cifar10-in-remove__non-iid__global-dp__fedavg__clients-48__seed-42__nm0p192__clip5__rounds-20__epochs-5__cifar10_remove__cifar10_cnn round=13 (checkpoint deleted)
2026-08-14 00:46:54 EVALUATED cifar10-in-remove__non-iid__global-dp__fedavg__clients-48__seed-42__nm0p192__clip5__rounds-20__epochs-5__cifar10_remove__cifar10_cnn round=14 (checkpoint deleted)
2026-08-14 00:46:59 EVALUATED cifar10-in-remove__non-iid__global-dp__fedavg__clients-48__seed-42__nm0p192__clip5__rounds-20__epochs-5__cifar10_remove__cifar10_cnn round=15 (checkpoint deleted)
2026-08-14 00:47:04 EVALUATED cifar10-in-remove__non-iid__global-dp__fedavg__clients-48__seed-42__nm0p192__clip5__rounds-20__epochs-5__cifar10_remove__cifar10_cnn round=16 (checkpoint deleted)
2026-08-14 00:47:09 EVALUATED cifar10-in-remove__non-iid__global-dp__fedavg__clients-48__seed-42__nm0p192__clip5__rounds-20__epochs-5__cifar10_remove__cifar10_cnn round=17 (checkpoint deleted)
2026-08-14 00:47:14 EVALUATED cifar10-in-remove__non-iid__global-dp__fedavg__clients-48__seed-42__nm0p192__clip5__rounds-20__epochs-5__cifar10_remove__cifar10_cnn round=18 (checkpoint deleted)
2026-08-14 00:47:19 EVALUATED cifar10-in-remove__non-iid__global-dp__fedavg__clients-48__seed-42__nm0p192__clip5__rounds-20__epochs-5__cifar10_remove__cifar10_cnn round=19 (checkpoint deleted)
2026-08-14 00:47:24 EVALUATED cifar10-in-remove__non-iid__global-dp__fedavg__clients-48__seed-42__nm0p192__clip5__rounds-20__epochs-5__cifar10_remove__cifar10_cnn round=20 (checkpoint deleted)
2026-08-14 00:47:24 PROGRESS 1/2 (0 failed so far)
2026-08-14 00:47:24 START cifar10-out-remove__non-iid__global-dp__fedavg__clients-47__seed-42__nm0p188__clip5__rounds-20__epochs-5__cifar10_remove__cifar10_cnn 
2026-08-14 01:00:14 DONE  cifar10-out-remove__non-iid__global-dp__fedavg__clients-47__seed-42__nm0p188__clip5__rounds-20__epochs-5__cifar10_remove__cifar10_cnn (769.7s)
2026-08-14 01:00:19 EVALUATED cifar10-out-remove__non-iid__global-dp__fedavg__clients-47__seed-42__nm0p188__clip5__rounds-20__epochs-5__cifar10_remove__cifar10_cnn round=1 (checkpoint deleted)
2026-08-14 01:00:24 EVALUATED cifar10-out-remove__non-iid__global-dp__fedavg__clients-47__seed-42__nm0p188__clip5__rounds-20__epochs-5__cifar10_remove__cifar10_cnn round=2 (checkpoint deleted)
2026-08-14 01:00:29 EVALUATED cifar10-out-remove__non-iid__global-dp__fedavg__clients-47__seed-42__nm0p188__clip5__rounds-20__epochs-5__cifar10_remove__cifar10_cnn round=3 (checkpoint deleted)
2026-08-14 01:00:34 EVALUATED cifar10-out-remove__non-iid__global-dp__fedavg__clients-47__seed-42__nm0p188__clip5__rounds-20__epochs-5__cifar10_remove__cifar10_cnn round=4 (checkpoint deleted)
2026-08-14 01:00:39 EVALUATED cifar10-out-remove__non-iid__global-dp__fedavg__clients-47__seed-42__nm0p188__clip5__rounds-20__epochs-5__cifar10_remove__cifar10_cnn round=5 (checkpoint deleted)
2026-08-14 01:00:44 EVALUATED cifar10-out-remove__non-iid__global-dp__fedavg__clients-47__seed-42__nm0p188__clip5__rounds-20__epochs-5__cifar10_remove__cifar10_cnn round=6 (checkpoint deleted)
2026-08-14 01:00:49 EVALUATED cifar10-out-remove__non-iid__global-dp__fedavg__clients-47__seed-42__nm0p188__clip5__rounds-20__epochs-5__cifar10_remove__cifar10_cnn round=7 (checkpoint deleted)
2026-08-14 01:00:54 EVALUATED cifar10-out-remove__non-iid__global-dp__fedavg__clients-47__seed-42__nm0p188__clip5__rounds-20__epochs-5__cifar10_remove__cifar10_cnn round=8 (checkpoint deleted)
2026-08-14 01:00:59 EVALUATED cifar10-out-remove__non-iid__global-dp__fedavg__clients-47__seed-42__nm0p188__clip5__rounds-20__epochs-5__cifar10_remove__cifar10_cnn round=9 (checkpoint deleted)
2026-08-14 01:01:05 EVALUATED cifar10-out-remove__non-iid__global-dp__fedavg__clients-47__seed-42__nm0p188__clip5__rounds-20__epochs-5__cifar10_remove__cifar10_cnn round=10 (checkpoint deleted)
2026-08-14 01:01:10 EVALUATED cifar10-out-remove__non-iid__global-dp__fedavg__clients-47__seed-42__nm0p188__clip5__rounds-20__epochs-5__cifar10_remove__cifar10_cnn round=11 (checkpoint deleted)
2026-08-14 01:01:15 EVALUATED cifar10-out-remove__non-iid__global-dp__fedavg__clients-47__seed-42__nm0p188__clip5__rounds-20__epochs-5__cifar10_remove__cifar10_cnn round=12 (checkpoint deleted)
2026-08-14 01:01:20 EVALUATED cifar10-out-remove__non-iid__global-dp__fedavg__clients-47__seed-42__nm0p188__clip5__rounds-20__epochs-5__cifar10_remove__cifar10_cnn round=13 (checkpoint deleted)
2026-08-14 01:01:25 EVALUATED cifar10-out-remove__non-iid__global-dp__fedavg__clients-47__seed-42__nm0p188__clip5__rounds-20__epochs-5__cifar10_remove__cifar10_cnn round=14 (checkpoint deleted)
2026-08-14 01:01:30 EVALUATED cifar10-out-remove__non-iid__global-dp__fedavg__clients-47__seed-42__nm0p188__clip5__rounds-20__epochs-5__cifar10_remove__cifar10_cnn round=15 (checkpoint deleted)
2026-08-14 01:01:35 EVALUATED cifar10-out-remove__non-iid__global-dp__fedavg__clients-47__seed-42__nm0p188__clip5__rounds-20__epochs-5__cifar10_remove__cifar10_cnn round=16 (checkpoint deleted)
2026-08-14 01:01:40 EVALUATED cifar10-out-remove__non-iid__global-dp__fedavg__clients-47__seed-42__nm0p188__clip5__rounds-20__epochs-5__cifar10_remove__cifar10_cnn round=17 (checkpoint deleted)
2026-08-14 01:01:45 EVALUATED cifar10-out-remove__non-iid__global-dp__fedavg__clients-47__seed-42__nm0p188__clip5__rounds-20__epochs-5__cifar10_remove__cifar10_cnn round=18 (checkpoint deleted)
2026-08-14 01:01:50 EVALUATED cifar10-out-remove__non-iid__global-dp__fedavg__clients-47__seed-42__nm0p188__clip5__rounds-20__epochs-5__cifar10_remove__cifar10_cnn round=19 (checkpoint deleted)
2026-08-14 01:01:55 EVALUATED cifar10-out-remove__non-iid__global-dp__fedavg__clients-47__seed-42__nm0p188__clip5__rounds-20__epochs-5__cifar10_remove__cifar10_cnn round=20 (checkpoint deleted)
2026-08-14 01:01:55 PROGRESS 2/2 (0 failed so far)
2026-08-14 01:01:55 Sweep finished: 2/2 attempted, 0 failed
