2026-08-19 19:08:17 EuroSAT stage (global-dp, non-iid, seed=43, noise_ratio=0.0015461300878041046): 2 trajectories
2026-08-19 19:08:17 START eurosat-in-remove__non-iid__global-dp__fedavg__clients-48__seed-43__nm0p0742142__clip5__rounds-100__epochs-5__eurosat_remove__eurosat_cnn 
2026-08-19 19:26:23 DONE  eurosat-in-remove__non-iid__global-dp__fedavg__clients-48__seed-43__nm0p0742142__clip5__rounds-100__epochs-5__eurosat_remove__eurosat_cnn (1086.1s)
2026-08-19 19:26:24 EVALUATED eurosat-in-remove__non-iid__global-dp__fedavg__clients-48__seed-43__nm0p0742142__clip5__rounds-100__epochs-5__eurosat_remove__eurosat_cnn round=1 (checkpoint deleted)
2026-08-19 19:26:26 EVALUATED eurosat-in-remove__non-iid__global-dp__fedavg__clients-48__seed-43__nm0p0742142__clip5__rounds-100__epochs-5__eurosat_remove__eurosat_cnn round=10 (checkpoint deleted)
2026-08-19 19:26:27 EVALUATED eurosat-in-remove__non-iid__global-dp__fedavg__clients-48__seed-43__nm0p0742142__clip5__rounds-100__epochs-5__eurosat_remove__eurosat_cnn round=20 (checkpoint deleted)
2026-08-19 19:26:28 EVALUATED eurosat-in-remove__non-iid__global-dp__fedavg__clients-48__seed-43__nm0p0742142__clip5__rounds-100__epochs-5__eurosat_remove__eurosat_cnn round=30 (checkpoint deleted)
2026-08-19 19:26:30 EVALUATED eurosat-in-remove__non-iid__global-dp__fedavg__clients-48__seed-43__nm0p0742142__clip5__rounds-100__epochs-5__eurosat_remove__eurosat_cnn round=40 (checkpoint deleted)
2026-08-19 19:26:31 EVALUATED eurosat-in-remove__non-iid__global-dp__fedavg__clients-48__seed-43__nm0p0742142__clip5__rounds-100__epochs-5__eurosat_remove__eurosat_cnn round=50 (checkpoint deleted)
2026-08-19 19:26:32 EVALUATED eurosat-in-remove__non-iid__global-dp__fedavg__clients-48__seed-43__nm0p0742142__clip5__rounds-100__epochs-5__eurosat_remove__eurosat_cnn round=60 (checkpoint deleted)
2026-08-19 19:26:34 EVALUATED eurosat-in-remove__non-iid__global-dp__fedavg__clients-48__seed-43__nm0p0742142__clip5__rounds-100__epochs-5__eurosat_remove__eurosat_cnn round=70 (checkpoint deleted)
2026-08-19 19:26:35 EVALUATED eurosat-in-remove__non-iid__global-dp__fedavg__clients-48__seed-43__nm0p0742142__clip5__rounds-100__epochs-5__eurosat_remove__eurosat_cnn round=80 (checkpoint deleted)
2026-08-19 19:26:37 EVALUATED eurosat-in-remove__non-iid__global-dp__fedavg__clients-48__seed-43__nm0p0742142__clip5__rounds-100__epochs-5__eurosat_remove__eurosat_cnn round=90 (checkpoint deleted)
2026-08-19 19:26:38 EVALUATED eurosat-in-remove__non-iid__global-dp__fedavg__clients-48__seed-43__nm0p0742142__clip5__rounds-100__epochs-5__eurosat_remove__eurosat_cnn round=100 (checkpoint deleted)
2026-08-19 19:26:38 PROGRESS 1/2 (0 failed so far)
2026-08-19 19:26:38 START eurosat-out-remove__non-iid__global-dp__fedavg__clients-47__seed-43__nm0p0726681__clip5__rounds-100__epochs-5__eurosat_remove__eurosat_cnn 
2026-08-19 19:44:13 DONE  eurosat-out-remove__non-iid__global-dp__fedavg__clients-47__seed-43__nm0p0726681__clip5__rounds-100__epochs-5__eurosat_remove__eurosat_cnn (1054.9s)
2026-08-19 19:44:14 EVALUATED eurosat-out-remove__non-iid__global-dp__fedavg__clients-47__seed-43__nm0p0726681__clip5__rounds-100__epochs-5__eurosat_remove__eurosat_cnn round=1 (checkpoint deleted)
2026-08-19 19:44:16 EVALUATED eurosat-out-remove__non-iid__global-dp__fedavg__clients-47__seed-43__nm0p0726681__clip5__rounds-100__epochs-5__eurosat_remove__eurosat_cnn round=10 (checkpoint deleted)
2026-08-19 19:44:17 EVALUATED eurosat-out-remove__non-iid__global-dp__fedavg__clients-47__seed-43__nm0p0726681__clip5__rounds-100__epochs-5__eurosat_remove__eurosat_cnn round=20 (checkpoint deleted)
2026-08-19 19:44:18 EVALUATED eurosat-out-remove__non-iid__global-dp__fedavg__clients-47__seed-43__nm0p0726681__clip5__rounds-100__epochs-5__eurosat_remove__eurosat_cnn round=30 (checkpoint deleted)
2026-08-19 19:44:20 EVALUATED eurosat-out-remove__non-iid__global-dp__fedavg__clients-47__seed-43__nm0p0726681__clip5__rounds-100__epochs-5__eurosat_remove__eurosat_cnn round=40 (checkpoint deleted)
2026-08-19 19:44:21 EVALUATED eurosat-out-remove__non-iid__global-dp__fedavg__clients-47__seed-43__nm0p0726681__clip5__rounds-100__epochs-5__eurosat_remove__eurosat_cnn round=50 (checkpoint deleted)
2026-08-19 19:44:23 EVALUATED eurosat-out-remove__non-iid__global-dp__fedavg__clients-47__seed-43__nm0p0726681__clip5__rounds-100__epochs-5__eurosat_remove__eurosat_cnn round=60 (checkpoint deleted)
2026-08-19 19:44:24 EVALUATED eurosat-out-remove__non-iid__global-dp__fedavg__clients-47__seed-43__nm0p0726681__clip5__rounds-100__epochs-5__eurosat_remove__eurosat_cnn round=70 (checkpoint deleted)
2026-08-19 19:44:25 EVALUATED eurosat-out-remove__non-iid__global-dp__fedavg__clients-47__seed-43__nm0p0726681__clip5__rounds-100__epochs-5__eurosat_remove__eurosat_cnn round=80 (checkpoint deleted)
2026-08-19 19:44:27 EVALUATED eurosat-out-remove__non-iid__global-dp__fedavg__clients-47__seed-43__nm0p0726681__clip5__rounds-100__epochs-5__eurosat_remove__eurosat_cnn round=90 (checkpoint deleted)
2026-08-19 19:44:28 EVALUATED eurosat-out-remove__non-iid__global-dp__fedavg__clients-47__seed-43__nm0p0726681__clip5__rounds-100__epochs-5__eurosat_remove__eurosat_cnn round=100 (checkpoint deleted)
2026-08-19 19:44:28 PROGRESS 2/2 (0 failed so far)
2026-08-19 19:44:28 Sweep finished: 2/2 attempted, 0 failed
