2026-08-05 22:31:24 Starting full chunk: 2 trajectories
2026-08-05 22:31:24 START cifar-full-out-replace__non-iid__global-dp__fedavg__clients-16__seed-44__nm0p1__clip5__rounds-20__epochs-5__cifar_chunks__cifar10_cnn 
2026-08-05 22:37:11 DONE  cifar-full-out-replace__non-iid__global-dp__fedavg__clients-16__seed-44__nm0p1__clip5__rounds-20__epochs-5__cifar_chunks__cifar10_cnn (346.5s)
2026-08-05 22:37:16 EVALUATED cifar-full-out-replace__non-iid__global-dp__fedavg__clients-16__seed-44__nm0p1__clip5__rounds-20__epochs-5__cifar_chunks__cifar10_cnn round=1 (checkpoint deleted)
2026-08-05 22:37:20 EVALUATED cifar-full-out-replace__non-iid__global-dp__fedavg__clients-16__seed-44__nm0p1__clip5__rounds-20__epochs-5__cifar_chunks__cifar10_cnn round=2 (checkpoint deleted)
2026-08-05 22:37:24 EVALUATED cifar-full-out-replace__non-iid__global-dp__fedavg__clients-16__seed-44__nm0p1__clip5__rounds-20__epochs-5__cifar_chunks__cifar10_cnn round=3 (checkpoint deleted)
2026-08-05 22:37:28 EVALUATED cifar-full-out-replace__non-iid__global-dp__fedavg__clients-16__seed-44__nm0p1__clip5__rounds-20__epochs-5__cifar_chunks__cifar10_cnn round=4 (checkpoint deleted)
2026-08-05 22:37:32 EVALUATED cifar-full-out-replace__non-iid__global-dp__fedavg__clients-16__seed-44__nm0p1__clip5__rounds-20__epochs-5__cifar_chunks__cifar10_cnn round=5 (checkpoint deleted)
2026-08-05 22:37:36 EVALUATED cifar-full-out-replace__non-iid__global-dp__fedavg__clients-16__seed-44__nm0p1__clip5__rounds-20__epochs-5__cifar_chunks__cifar10_cnn round=6 (checkpoint deleted)
2026-08-05 22:37:40 EVALUATED cifar-full-out-replace__non-iid__global-dp__fedavg__clients-16__seed-44__nm0p1__clip5__rounds-20__epochs-5__cifar_chunks__cifar10_cnn round=7 (checkpoint deleted)
2026-08-05 22:37:44 EVALUATED cifar-full-out-replace__non-iid__global-dp__fedavg__clients-16__seed-44__nm0p1__clip5__rounds-20__epochs-5__cifar_chunks__cifar10_cnn round=8 (checkpoint deleted)
2026-08-05 22:37:48 EVALUATED cifar-full-out-replace__non-iid__global-dp__fedavg__clients-16__seed-44__nm0p1__clip5__rounds-20__epochs-5__cifar_chunks__cifar10_cnn round=9 (checkpoint deleted)
2026-08-05 22:37:52 EVALUATED cifar-full-out-replace__non-iid__global-dp__fedavg__clients-16__seed-44__nm0p1__clip5__rounds-20__epochs-5__cifar_chunks__cifar10_cnn round=10 (checkpoint deleted)
2026-08-05 22:37:56 EVALUATED cifar-full-out-replace__non-iid__global-dp__fedavg__clients-16__seed-44__nm0p1__clip5__rounds-20__epochs-5__cifar_chunks__cifar10_cnn round=11 (checkpoint deleted)
2026-08-05 22:38:00 EVALUATED cifar-full-out-replace__non-iid__global-dp__fedavg__clients-16__seed-44__nm0p1__clip5__rounds-20__epochs-5__cifar_chunks__cifar10_cnn round=12 (checkpoint deleted)
2026-08-05 22:38:04 EVALUATED cifar-full-out-replace__non-iid__global-dp__fedavg__clients-16__seed-44__nm0p1__clip5__rounds-20__epochs-5__cifar_chunks__cifar10_cnn round=13 (checkpoint deleted)
2026-08-05 22:38:08 EVALUATED cifar-full-out-replace__non-iid__global-dp__fedavg__clients-16__seed-44__nm0p1__clip5__rounds-20__epochs-5__cifar_chunks__cifar10_cnn round=14 (checkpoint deleted)
2026-08-05 22:38:12 EVALUATED cifar-full-out-replace__non-iid__global-dp__fedavg__clients-16__seed-44__nm0p1__clip5__rounds-20__epochs-5__cifar_chunks__cifar10_cnn round=15 (checkpoint deleted)
2026-08-05 22:38:16 EVALUATED cifar-full-out-replace__non-iid__global-dp__fedavg__clients-16__seed-44__nm0p1__clip5__rounds-20__epochs-5__cifar_chunks__cifar10_cnn round=16 (checkpoint deleted)
2026-08-05 22:38:20 EVALUATED cifar-full-out-replace__non-iid__global-dp__fedavg__clients-16__seed-44__nm0p1__clip5__rounds-20__epochs-5__cifar_chunks__cifar10_cnn round=17 (checkpoint deleted)
2026-08-05 22:38:24 EVALUATED cifar-full-out-replace__non-iid__global-dp__fedavg__clients-16__seed-44__nm0p1__clip5__rounds-20__epochs-5__cifar_chunks__cifar10_cnn round=18 (checkpoint deleted)
2026-08-05 22:38:28 EVALUATED cifar-full-out-replace__non-iid__global-dp__fedavg__clients-16__seed-44__nm0p1__clip5__rounds-20__epochs-5__cifar_chunks__cifar10_cnn round=19 (checkpoint deleted)
2026-08-05 22:38:32 EVALUATED cifar-full-out-replace__non-iid__global-dp__fedavg__clients-16__seed-44__nm0p1__clip5__rounds-20__epochs-5__cifar_chunks__cifar10_cnn round=20 (checkpoint deleted)
2026-08-05 22:38:32 PROGRESS 1/2 (0 failed so far)
2026-08-05 22:38:32 START cifar-full-out-replace__non-iid__metric-privacy__fedavg__clients-16__seed-44__nm0p1__clip5__rounds-20__epochs-5__cifar_chunks__cifar10_cnn 
2026-08-05 22:44:23 DONE  cifar-full-out-replace__non-iid__metric-privacy__fedavg__clients-16__seed-44__nm0p1__clip5__rounds-20__epochs-5__cifar_chunks__cifar10_cnn (350.7s)
2026-08-05 22:44:27 EVALUATED cifar-full-out-replace__non-iid__metric-privacy__fedavg__clients-16__seed-44__nm0p1__clip5__rounds-20__epochs-5__cifar_chunks__cifar10_cnn round=1 (checkpoint deleted)
2026-08-05 22:44:31 EVALUATED cifar-full-out-replace__non-iid__metric-privacy__fedavg__clients-16__seed-44__nm0p1__clip5__rounds-20__epochs-5__cifar_chunks__cifar10_cnn round=2 (checkpoint deleted)
2026-08-05 22:44:35 EVALUATED cifar-full-out-replace__non-iid__metric-privacy__fedavg__clients-16__seed-44__nm0p1__clip5__rounds-20__epochs-5__cifar_chunks__cifar10_cnn round=3 (checkpoint deleted)
2026-08-05 22:44:39 EVALUATED cifar-full-out-replace__non-iid__metric-privacy__fedavg__clients-16__seed-44__nm0p1__clip5__rounds-20__epochs-5__cifar_chunks__cifar10_cnn round=4 (checkpoint deleted)
2026-08-05 22:44:43 EVALUATED cifar-full-out-replace__non-iid__metric-privacy__fedavg__clients-16__seed-44__nm0p1__clip5__rounds-20__epochs-5__cifar_chunks__cifar10_cnn round=5 (checkpoint deleted)
2026-08-05 22:44:47 EVALUATED cifar-full-out-replace__non-iid__metric-privacy__fedavg__clients-16__seed-44__nm0p1__clip5__rounds-20__epochs-5__cifar_chunks__cifar10_cnn round=6 (checkpoint deleted)
2026-08-05 22:44:51 EVALUATED cifar-full-out-replace__non-iid__metric-privacy__fedavg__clients-16__seed-44__nm0p1__clip5__rounds-20__epochs-5__cifar_chunks__cifar10_cnn round=7 (checkpoint deleted)
2026-08-05 22:44:55 EVALUATED cifar-full-out-replace__non-iid__metric-privacy__fedavg__clients-16__seed-44__nm0p1__clip5__rounds-20__epochs-5__cifar_chunks__cifar10_cnn round=8 (checkpoint deleted)
2026-08-05 22:44:59 EVALUATED cifar-full-out-replace__non-iid__metric-privacy__fedavg__clients-16__seed-44__nm0p1__clip5__rounds-20__epochs-5__cifar_chunks__cifar10_cnn round=9 (checkpoint deleted)
2026-08-05 22:45:03 EVALUATED cifar-full-out-replace__non-iid__metric-privacy__fedavg__clients-16__seed-44__nm0p1__clip5__rounds-20__epochs-5__cifar_chunks__cifar10_cnn round=10 (checkpoint deleted)
2026-08-05 22:45:07 EVALUATED cifar-full-out-replace__non-iid__metric-privacy__fedavg__clients-16__seed-44__nm0p1__clip5__rounds-20__epochs-5__cifar_chunks__cifar10_cnn round=11 (checkpoint deleted)
2026-08-05 22:45:11 EVALUATED cifar-full-out-replace__non-iid__metric-privacy__fedavg__clients-16__seed-44__nm0p1__clip5__rounds-20__epochs-5__cifar_chunks__cifar10_cnn round=12 (checkpoint deleted)
2026-08-05 22:45:15 EVALUATED cifar-full-out-replace__non-iid__metric-privacy__fedavg__clients-16__seed-44__nm0p1__clip5__rounds-20__epochs-5__cifar_chunks__cifar10_cnn round=13 (checkpoint deleted)
2026-08-05 22:45:19 EVALUATED cifar-full-out-replace__non-iid__metric-privacy__fedavg__clients-16__seed-44__nm0p1__clip5__rounds-20__epochs-5__cifar_chunks__cifar10_cnn round=14 (checkpoint deleted)
2026-08-05 22:45:23 EVALUATED cifar-full-out-replace__non-iid__metric-privacy__fedavg__clients-16__seed-44__nm0p1__clip5__rounds-20__epochs-5__cifar_chunks__cifar10_cnn round=15 (checkpoint deleted)
2026-08-05 22:45:27 EVALUATED cifar-full-out-replace__non-iid__metric-privacy__fedavg__clients-16__seed-44__nm0p1__clip5__rounds-20__epochs-5__cifar_chunks__cifar10_cnn round=16 (checkpoint deleted)
2026-08-05 22:45:31 EVALUATED cifar-full-out-replace__non-iid__metric-privacy__fedavg__clients-16__seed-44__nm0p1__clip5__rounds-20__epochs-5__cifar_chunks__cifar10_cnn round=17 (checkpoint deleted)
2026-08-05 22:45:35 EVALUATED cifar-full-out-replace__non-iid__metric-privacy__fedavg__clients-16__seed-44__nm0p1__clip5__rounds-20__epochs-5__cifar_chunks__cifar10_cnn round=18 (checkpoint deleted)
2026-08-05 22:45:39 EVALUATED cifar-full-out-replace__non-iid__metric-privacy__fedavg__clients-16__seed-44__nm0p1__clip5__rounds-20__epochs-5__cifar_chunks__cifar10_cnn round=19 (checkpoint deleted)
2026-08-05 22:45:43 EVALUATED cifar-full-out-replace__non-iid__metric-privacy__fedavg__clients-16__seed-44__nm0p1__clip5__rounds-20__epochs-5__cifar_chunks__cifar10_cnn round=20 (checkpoint deleted)
2026-08-05 22:45:43 PROGRESS 2/2 (0 failed so far)
2026-08-05 22:45:43 Sweep finished: 2/2 attempted, 0 failed
