2026-08-20 11:44:31 CIFAR-10 removal CIA chunk (vanilla, clients=8, alpha=1.5, noise_ratio=0.00625): 2 trajectories
2026-08-20 11:44:31 START cifar10-in-remove__dirichlet__alpha-1p5__vanilla__fedavg__clients-8__seed-42__nm0p05__clip5__rounds-20__epochs-5__cifar10_dirichlet__cifar10_cnn 
2026-08-20 11:54:41 DONE  cifar10-in-remove__dirichlet__alpha-1p5__vanilla__fedavg__clients-8__seed-42__nm0p05__clip5__rounds-20__epochs-5__cifar10_dirichlet__cifar10_cnn (610.0s)
2026-08-20 11:54:53 EVALUATED cifar10-in-remove__dirichlet__alpha-1p5__vanilla__fedavg__clients-8__seed-42__nm0p05__clip5__rounds-20__epochs-5__cifar10_dirichlet__cifar10_cnn round=1 (checkpoint deleted)
2026-08-20 11:55:01 EVALUATED cifar10-in-remove__dirichlet__alpha-1p5__vanilla__fedavg__clients-8__seed-42__nm0p05__clip5__rounds-20__epochs-5__cifar10_dirichlet__cifar10_cnn round=2 (checkpoint deleted)
2026-08-20 11:55:09 EVALUATED cifar10-in-remove__dirichlet__alpha-1p5__vanilla__fedavg__clients-8__seed-42__nm0p05__clip5__rounds-20__epochs-5__cifar10_dirichlet__cifar10_cnn round=3 (checkpoint deleted)
2026-08-20 11:55:17 EVALUATED cifar10-in-remove__dirichlet__alpha-1p5__vanilla__fedavg__clients-8__seed-42__nm0p05__clip5__rounds-20__epochs-5__cifar10_dirichlet__cifar10_cnn round=4 (checkpoint deleted)
2026-08-20 11:55:26 EVALUATED cifar10-in-remove__dirichlet__alpha-1p5__vanilla__fedavg__clients-8__seed-42__nm0p05__clip5__rounds-20__epochs-5__cifar10_dirichlet__cifar10_cnn round=5 (checkpoint deleted)
2026-08-20 11:55:34 EVALUATED cifar10-in-remove__dirichlet__alpha-1p5__vanilla__fedavg__clients-8__seed-42__nm0p05__clip5__rounds-20__epochs-5__cifar10_dirichlet__cifar10_cnn round=6 (checkpoint deleted)
2026-08-20 11:55:42 EVALUATED cifar10-in-remove__dirichlet__alpha-1p5__vanilla__fedavg__clients-8__seed-42__nm0p05__clip5__rounds-20__epochs-5__cifar10_dirichlet__cifar10_cnn round=7 (checkpoint deleted)
2026-08-20 11:55:50 EVALUATED cifar10-in-remove__dirichlet__alpha-1p5__vanilla__fedavg__clients-8__seed-42__nm0p05__clip5__rounds-20__epochs-5__cifar10_dirichlet__cifar10_cnn round=8 (checkpoint deleted)
2026-08-20 11:55:58 EVALUATED cifar10-in-remove__dirichlet__alpha-1p5__vanilla__fedavg__clients-8__seed-42__nm0p05__clip5__rounds-20__epochs-5__cifar10_dirichlet__cifar10_cnn round=9 (checkpoint deleted)
2026-08-20 11:56:06 EVALUATED cifar10-in-remove__dirichlet__alpha-1p5__vanilla__fedavg__clients-8__seed-42__nm0p05__clip5__rounds-20__epochs-5__cifar10_dirichlet__cifar10_cnn round=10 (checkpoint deleted)
2026-08-20 11:56:15 EVALUATED cifar10-in-remove__dirichlet__alpha-1p5__vanilla__fedavg__clients-8__seed-42__nm0p05__clip5__rounds-20__epochs-5__cifar10_dirichlet__cifar10_cnn round=11 (checkpoint deleted)
2026-08-20 11:56:23 EVALUATED cifar10-in-remove__dirichlet__alpha-1p5__vanilla__fedavg__clients-8__seed-42__nm0p05__clip5__rounds-20__epochs-5__cifar10_dirichlet__cifar10_cnn round=12 (checkpoint deleted)
2026-08-20 11:56:31 EVALUATED cifar10-in-remove__dirichlet__alpha-1p5__vanilla__fedavg__clients-8__seed-42__nm0p05__clip5__rounds-20__epochs-5__cifar10_dirichlet__cifar10_cnn round=13 (checkpoint deleted)
2026-08-20 11:56:39 EVALUATED cifar10-in-remove__dirichlet__alpha-1p5__vanilla__fedavg__clients-8__seed-42__nm0p05__clip5__rounds-20__epochs-5__cifar10_dirichlet__cifar10_cnn round=14 (checkpoint deleted)
2026-08-20 11:56:47 EVALUATED cifar10-in-remove__dirichlet__alpha-1p5__vanilla__fedavg__clients-8__seed-42__nm0p05__clip5__rounds-20__epochs-5__cifar10_dirichlet__cifar10_cnn round=15 (checkpoint deleted)
2026-08-20 11:56:56 EVALUATED cifar10-in-remove__dirichlet__alpha-1p5__vanilla__fedavg__clients-8__seed-42__nm0p05__clip5__rounds-20__epochs-5__cifar10_dirichlet__cifar10_cnn round=16 (checkpoint deleted)
2026-08-20 11:57:04 EVALUATED cifar10-in-remove__dirichlet__alpha-1p5__vanilla__fedavg__clients-8__seed-42__nm0p05__clip5__rounds-20__epochs-5__cifar10_dirichlet__cifar10_cnn round=17 (checkpoint deleted)
2026-08-20 11:57:12 EVALUATED cifar10-in-remove__dirichlet__alpha-1p5__vanilla__fedavg__clients-8__seed-42__nm0p05__clip5__rounds-20__epochs-5__cifar10_dirichlet__cifar10_cnn round=18 (checkpoint deleted)
2026-08-20 11:57:20 EVALUATED cifar10-in-remove__dirichlet__alpha-1p5__vanilla__fedavg__clients-8__seed-42__nm0p05__clip5__rounds-20__epochs-5__cifar10_dirichlet__cifar10_cnn round=19 (checkpoint deleted)
2026-08-20 11:57:28 EVALUATED cifar10-in-remove__dirichlet__alpha-1p5__vanilla__fedavg__clients-8__seed-42__nm0p05__clip5__rounds-20__epochs-5__cifar10_dirichlet__cifar10_cnn round=20 (checkpoint deleted)
2026-08-20 11:57:28 PROGRESS 1/2 (0 failed so far)
2026-08-20 11:57:28 START cifar10-out-remove__dirichlet__alpha-1p5__vanilla__fedavg__clients-7__seed-42__nm0p04375__clip5__rounds-20__epochs-5__cifar10_dirichlet__cifar10_cnn 
2026-08-20 12:07:07 DONE  cifar10-out-remove__dirichlet__alpha-1p5__vanilla__fedavg__clients-7__seed-42__nm0p04375__clip5__rounds-20__epochs-5__cifar10_dirichlet__cifar10_cnn (578.5s)
2026-08-20 12:07:15 EVALUATED cifar10-out-remove__dirichlet__alpha-1p5__vanilla__fedavg__clients-7__seed-42__nm0p04375__clip5__rounds-20__epochs-5__cifar10_dirichlet__cifar10_cnn round=1 (checkpoint deleted)
2026-08-20 12:07:23 EVALUATED cifar10-out-remove__dirichlet__alpha-1p5__vanilla__fedavg__clients-7__seed-42__nm0p04375__clip5__rounds-20__epochs-5__cifar10_dirichlet__cifar10_cnn round=2 (checkpoint deleted)
2026-08-20 12:07:31 EVALUATED cifar10-out-remove__dirichlet__alpha-1p5__vanilla__fedavg__clients-7__seed-42__nm0p04375__clip5__rounds-20__epochs-5__cifar10_dirichlet__cifar10_cnn round=3 (checkpoint deleted)
2026-08-20 12:07:40 EVALUATED cifar10-out-remove__dirichlet__alpha-1p5__vanilla__fedavg__clients-7__seed-42__nm0p04375__clip5__rounds-20__epochs-5__cifar10_dirichlet__cifar10_cnn round=4 (checkpoint deleted)
2026-08-20 12:07:48 EVALUATED cifar10-out-remove__dirichlet__alpha-1p5__vanilla__fedavg__clients-7__seed-42__nm0p04375__clip5__rounds-20__epochs-5__cifar10_dirichlet__cifar10_cnn round=5 (checkpoint deleted)
2026-08-20 12:07:56 EVALUATED cifar10-out-remove__dirichlet__alpha-1p5__vanilla__fedavg__clients-7__seed-42__nm0p04375__clip5__rounds-20__epochs-5__cifar10_dirichlet__cifar10_cnn round=6 (checkpoint deleted)
2026-08-20 12:08:04 EVALUATED cifar10-out-remove__dirichlet__alpha-1p5__vanilla__fedavg__clients-7__seed-42__nm0p04375__clip5__rounds-20__epochs-5__cifar10_dirichlet__cifar10_cnn round=7 (checkpoint deleted)
2026-08-20 12:08:12 EVALUATED cifar10-out-remove__dirichlet__alpha-1p5__vanilla__fedavg__clients-7__seed-42__nm0p04375__clip5__rounds-20__epochs-5__cifar10_dirichlet__cifar10_cnn round=8 (checkpoint deleted)
2026-08-20 12:08:21 EVALUATED cifar10-out-remove__dirichlet__alpha-1p5__vanilla__fedavg__clients-7__seed-42__nm0p04375__clip5__rounds-20__epochs-5__cifar10_dirichlet__cifar10_cnn round=9 (checkpoint deleted)
2026-08-20 12:08:29 EVALUATED cifar10-out-remove__dirichlet__alpha-1p5__vanilla__fedavg__clients-7__seed-42__nm0p04375__clip5__rounds-20__epochs-5__cifar10_dirichlet__cifar10_cnn round=10 (checkpoint deleted)
2026-08-20 12:08:37 EVALUATED cifar10-out-remove__dirichlet__alpha-1p5__vanilla__fedavg__clients-7__seed-42__nm0p04375__clip5__rounds-20__epochs-5__cifar10_dirichlet__cifar10_cnn round=11 (checkpoint deleted)
2026-08-20 12:08:45 EVALUATED cifar10-out-remove__dirichlet__alpha-1p5__vanilla__fedavg__clients-7__seed-42__nm0p04375__clip5__rounds-20__epochs-5__cifar10_dirichlet__cifar10_cnn round=12 (checkpoint deleted)
2026-08-20 12:08:53 EVALUATED cifar10-out-remove__dirichlet__alpha-1p5__vanilla__fedavg__clients-7__seed-42__nm0p04375__clip5__rounds-20__epochs-5__cifar10_dirichlet__cifar10_cnn round=13 (checkpoint deleted)
2026-08-20 12:09:02 EVALUATED cifar10-out-remove__dirichlet__alpha-1p5__vanilla__fedavg__clients-7__seed-42__nm0p04375__clip5__rounds-20__epochs-5__cifar10_dirichlet__cifar10_cnn round=14 (checkpoint deleted)
2026-08-20 12:09:10 EVALUATED cifar10-out-remove__dirichlet__alpha-1p5__vanilla__fedavg__clients-7__seed-42__nm0p04375__clip5__rounds-20__epochs-5__cifar10_dirichlet__cifar10_cnn round=15 (checkpoint deleted)
2026-08-20 12:09:18 EVALUATED cifar10-out-remove__dirichlet__alpha-1p5__vanilla__fedavg__clients-7__seed-42__nm0p04375__clip5__rounds-20__epochs-5__cifar10_dirichlet__cifar10_cnn round=16 (checkpoint deleted)
2026-08-20 12:09:26 EVALUATED cifar10-out-remove__dirichlet__alpha-1p5__vanilla__fedavg__clients-7__seed-42__nm0p04375__clip5__rounds-20__epochs-5__cifar10_dirichlet__cifar10_cnn round=17 (checkpoint deleted)
2026-08-20 12:09:34 EVALUATED cifar10-out-remove__dirichlet__alpha-1p5__vanilla__fedavg__clients-7__seed-42__nm0p04375__clip5__rounds-20__epochs-5__cifar10_dirichlet__cifar10_cnn round=18 (checkpoint deleted)
2026-08-20 12:09:43 EVALUATED cifar10-out-remove__dirichlet__alpha-1p5__vanilla__fedavg__clients-7__seed-42__nm0p04375__clip5__rounds-20__epochs-5__cifar10_dirichlet__cifar10_cnn round=19 (checkpoint deleted)
2026-08-20 12:09:51 EVALUATED cifar10-out-remove__dirichlet__alpha-1p5__vanilla__fedavg__clients-7__seed-42__nm0p04375__clip5__rounds-20__epochs-5__cifar10_dirichlet__cifar10_cnn round=20 (checkpoint deleted)
2026-08-20 12:09:51 PROGRESS 2/2 (0 failed so far)
2026-08-20 12:09:51 Sweep finished: 2/2 attempted, 0 failed
