2026-08-20 04:31:08 Alzheimer stage (global-dp, homogeneous, seed=44, noise_ratio=0.00249070939616468): 2 trajectories
2026-08-20 04:31:08 START alzheimer-in-remove__homogeneous__global-dp__fedavg__clients-48__seed-44__nm0p119554__clip5__rounds-100__epochs-5__alzheimer_remove__paper_cnn 
2026-08-20 04:48:30 DONE  alzheimer-in-remove__homogeneous__global-dp__fedavg__clients-48__seed-44__nm0p119554__clip5__rounds-100__epochs-5__alzheimer_remove__paper_cnn (1042.6s)
2026-08-20 04:48:31 EVALUATED alzheimer-in-remove__homogeneous__global-dp__fedavg__clients-48__seed-44__nm0p119554__clip5__rounds-100__epochs-5__alzheimer_remove__paper_cnn round=1 (checkpoint deleted)
2026-08-20 04:48:31 EVALUATED alzheimer-in-remove__homogeneous__global-dp__fedavg__clients-48__seed-44__nm0p119554__clip5__rounds-100__epochs-5__alzheimer_remove__paper_cnn round=10 (checkpoint deleted)
2026-08-20 04:48:32 EVALUATED alzheimer-in-remove__homogeneous__global-dp__fedavg__clients-48__seed-44__nm0p119554__clip5__rounds-100__epochs-5__alzheimer_remove__paper_cnn round=20 (checkpoint deleted)
2026-08-20 04:48:32 EVALUATED alzheimer-in-remove__homogeneous__global-dp__fedavg__clients-48__seed-44__nm0p119554__clip5__rounds-100__epochs-5__alzheimer_remove__paper_cnn round=30 (checkpoint deleted)
2026-08-20 04:48:33 EVALUATED alzheimer-in-remove__homogeneous__global-dp__fedavg__clients-48__seed-44__nm0p119554__clip5__rounds-100__epochs-5__alzheimer_remove__paper_cnn round=40 (checkpoint deleted)
2026-08-20 04:48:33 EVALUATED alzheimer-in-remove__homogeneous__global-dp__fedavg__clients-48__seed-44__nm0p119554__clip5__rounds-100__epochs-5__alzheimer_remove__paper_cnn round=50 (checkpoint deleted)
2026-08-20 04:48:34 EVALUATED alzheimer-in-remove__homogeneous__global-dp__fedavg__clients-48__seed-44__nm0p119554__clip5__rounds-100__epochs-5__alzheimer_remove__paper_cnn round=60 (checkpoint deleted)
2026-08-20 04:48:34 EVALUATED alzheimer-in-remove__homogeneous__global-dp__fedavg__clients-48__seed-44__nm0p119554__clip5__rounds-100__epochs-5__alzheimer_remove__paper_cnn round=70 (checkpoint deleted)
2026-08-20 04:48:35 EVALUATED alzheimer-in-remove__homogeneous__global-dp__fedavg__clients-48__seed-44__nm0p119554__clip5__rounds-100__epochs-5__alzheimer_remove__paper_cnn round=80 (checkpoint deleted)
2026-08-20 04:48:35 EVALUATED alzheimer-in-remove__homogeneous__global-dp__fedavg__clients-48__seed-44__nm0p119554__clip5__rounds-100__epochs-5__alzheimer_remove__paper_cnn round=90 (checkpoint deleted)
2026-08-20 04:48:36 EVALUATED alzheimer-in-remove__homogeneous__global-dp__fedavg__clients-48__seed-44__nm0p119554__clip5__rounds-100__epochs-5__alzheimer_remove__paper_cnn round=100 (checkpoint deleted)
2026-08-20 04:48:36 PROGRESS 1/2 (0 failed so far)
2026-08-20 04:48:36 START alzheimer-out-remove__homogeneous__global-dp__fedavg__clients-47__seed-44__nm0p117063__clip5__rounds-100__epochs-5__alzheimer_remove__paper_cnn 
2026-08-20 05:05:44 DONE  alzheimer-out-remove__homogeneous__global-dp__fedavg__clients-47__seed-44__nm0p117063__clip5__rounds-100__epochs-5__alzheimer_remove__paper_cnn (1028.3s)
2026-08-20 05:05:45 EVALUATED alzheimer-out-remove__homogeneous__global-dp__fedavg__clients-47__seed-44__nm0p117063__clip5__rounds-100__epochs-5__alzheimer_remove__paper_cnn round=1 (checkpoint deleted)
2026-08-20 05:05:45 EVALUATED alzheimer-out-remove__homogeneous__global-dp__fedavg__clients-47__seed-44__nm0p117063__clip5__rounds-100__epochs-5__alzheimer_remove__paper_cnn round=10 (checkpoint deleted)
2026-08-20 05:05:46 EVALUATED alzheimer-out-remove__homogeneous__global-dp__fedavg__clients-47__seed-44__nm0p117063__clip5__rounds-100__epochs-5__alzheimer_remove__paper_cnn round=20 (checkpoint deleted)
2026-08-20 05:05:46 EVALUATED alzheimer-out-remove__homogeneous__global-dp__fedavg__clients-47__seed-44__nm0p117063__clip5__rounds-100__epochs-5__alzheimer_remove__paper_cnn round=30 (checkpoint deleted)
2026-08-20 05:05:47 EVALUATED alzheimer-out-remove__homogeneous__global-dp__fedavg__clients-47__seed-44__nm0p117063__clip5__rounds-100__epochs-5__alzheimer_remove__paper_cnn round=40 (checkpoint deleted)
2026-08-20 05:05:47 EVALUATED alzheimer-out-remove__homogeneous__global-dp__fedavg__clients-47__seed-44__nm0p117063__clip5__rounds-100__epochs-5__alzheimer_remove__paper_cnn round=50 (checkpoint deleted)
2026-08-20 05:05:48 EVALUATED alzheimer-out-remove__homogeneous__global-dp__fedavg__clients-47__seed-44__nm0p117063__clip5__rounds-100__epochs-5__alzheimer_remove__paper_cnn round=60 (checkpoint deleted)
2026-08-20 05:05:48 EVALUATED alzheimer-out-remove__homogeneous__global-dp__fedavg__clients-47__seed-44__nm0p117063__clip5__rounds-100__epochs-5__alzheimer_remove__paper_cnn round=70 (checkpoint deleted)
2026-08-20 05:05:49 EVALUATED alzheimer-out-remove__homogeneous__global-dp__fedavg__clients-47__seed-44__nm0p117063__clip5__rounds-100__epochs-5__alzheimer_remove__paper_cnn round=80 (checkpoint deleted)
2026-08-20 05:05:49 EVALUATED alzheimer-out-remove__homogeneous__global-dp__fedavg__clients-47__seed-44__nm0p117063__clip5__rounds-100__epochs-5__alzheimer_remove__paper_cnn round=90 (checkpoint deleted)
2026-08-20 05:05:50 EVALUATED alzheimer-out-remove__homogeneous__global-dp__fedavg__clients-47__seed-44__nm0p117063__clip5__rounds-100__epochs-5__alzheimer_remove__paper_cnn round=100 (checkpoint deleted)
2026-08-20 05:05:50 PROGRESS 2/2 (0 failed so far)
2026-08-20 05:05:50 Sweep finished: 2/2 attempted, 0 failed
