2026-08-05 11:39:56 Starting max-records chunk: 2 trajectories
2026-08-05 11:39:56 START cifar-max-records-out-remove__non-iid__global-dp__fedavg__clients-2__seed-42__nm0p01__clip5__rounds-20__epochs-5__cifar_chunks__cifar10_cnn 
2026-08-05 11:44:12 DONE  cifar-max-records-out-remove__non-iid__global-dp__fedavg__clients-2__seed-42__nm0p01__clip5__rounds-20__epochs-5__cifar_chunks__cifar10_cnn (256.0s)
2026-08-05 11:44:24 EVALUATED cifar-max-records-out-remove__non-iid__global-dp__fedavg__clients-2__seed-42__nm0p01__clip5__rounds-20__epochs-5__cifar_chunks__cifar10_cnn round=1 (checkpoint deleted)
2026-08-05 11:44:34 EVALUATED cifar-max-records-out-remove__non-iid__global-dp__fedavg__clients-2__seed-42__nm0p01__clip5__rounds-20__epochs-5__cifar_chunks__cifar10_cnn round=2 (checkpoint deleted)
2026-08-05 11:44:43 EVALUATED cifar-max-records-out-remove__non-iid__global-dp__fedavg__clients-2__seed-42__nm0p01__clip5__rounds-20__epochs-5__cifar_chunks__cifar10_cnn round=3 (checkpoint deleted)
2026-08-05 11:44:51 EVALUATED cifar-max-records-out-remove__non-iid__global-dp__fedavg__clients-2__seed-42__nm0p01__clip5__rounds-20__epochs-5__cifar_chunks__cifar10_cnn round=4 (checkpoint deleted)
2026-08-05 11:45:00 EVALUATED cifar-max-records-out-remove__non-iid__global-dp__fedavg__clients-2__seed-42__nm0p01__clip5__rounds-20__epochs-5__cifar_chunks__cifar10_cnn round=5 (checkpoint deleted)
2026-08-05 11:45:09 EVALUATED cifar-max-records-out-remove__non-iid__global-dp__fedavg__clients-2__seed-42__nm0p01__clip5__rounds-20__epochs-5__cifar_chunks__cifar10_cnn round=6 (checkpoint deleted)
2026-08-05 11:45:18 EVALUATED cifar-max-records-out-remove__non-iid__global-dp__fedavg__clients-2__seed-42__nm0p01__clip5__rounds-20__epochs-5__cifar_chunks__cifar10_cnn round=7 (checkpoint deleted)
2026-08-05 11:45:27 EVALUATED cifar-max-records-out-remove__non-iid__global-dp__fedavg__clients-2__seed-42__nm0p01__clip5__rounds-20__epochs-5__cifar_chunks__cifar10_cnn round=8 (checkpoint deleted)
2026-08-05 11:45:36 EVALUATED cifar-max-records-out-remove__non-iid__global-dp__fedavg__clients-2__seed-42__nm0p01__clip5__rounds-20__epochs-5__cifar_chunks__cifar10_cnn round=9 (checkpoint deleted)
2026-08-05 11:45:45 EVALUATED cifar-max-records-out-remove__non-iid__global-dp__fedavg__clients-2__seed-42__nm0p01__clip5__rounds-20__epochs-5__cifar_chunks__cifar10_cnn round=10 (checkpoint deleted)
2026-08-05 11:45:54 EVALUATED cifar-max-records-out-remove__non-iid__global-dp__fedavg__clients-2__seed-42__nm0p01__clip5__rounds-20__epochs-5__cifar_chunks__cifar10_cnn round=11 (checkpoint deleted)
2026-08-05 11:46:03 EVALUATED cifar-max-records-out-remove__non-iid__global-dp__fedavg__clients-2__seed-42__nm0p01__clip5__rounds-20__epochs-5__cifar_chunks__cifar10_cnn round=12 (checkpoint deleted)
2026-08-05 11:46:12 EVALUATED cifar-max-records-out-remove__non-iid__global-dp__fedavg__clients-2__seed-42__nm0p01__clip5__rounds-20__epochs-5__cifar_chunks__cifar10_cnn round=13 (checkpoint deleted)
2026-08-05 11:46:21 EVALUATED cifar-max-records-out-remove__non-iid__global-dp__fedavg__clients-2__seed-42__nm0p01__clip5__rounds-20__epochs-5__cifar_chunks__cifar10_cnn round=14 (checkpoint deleted)
2026-08-05 11:46:30 EVALUATED cifar-max-records-out-remove__non-iid__global-dp__fedavg__clients-2__seed-42__nm0p01__clip5__rounds-20__epochs-5__cifar_chunks__cifar10_cnn round=15 (checkpoint deleted)
2026-08-05 11:46:39 EVALUATED cifar-max-records-out-remove__non-iid__global-dp__fedavg__clients-2__seed-42__nm0p01__clip5__rounds-20__epochs-5__cifar_chunks__cifar10_cnn round=16 (checkpoint deleted)
2026-08-05 11:46:48 EVALUATED cifar-max-records-out-remove__non-iid__global-dp__fedavg__clients-2__seed-42__nm0p01__clip5__rounds-20__epochs-5__cifar_chunks__cifar10_cnn round=17 (checkpoint deleted)
2026-08-05 11:46:56 EVALUATED cifar-max-records-out-remove__non-iid__global-dp__fedavg__clients-2__seed-42__nm0p01__clip5__rounds-20__epochs-5__cifar_chunks__cifar10_cnn round=18 (checkpoint deleted)
2026-08-05 11:47:05 EVALUATED cifar-max-records-out-remove__non-iid__global-dp__fedavg__clients-2__seed-42__nm0p01__clip5__rounds-20__epochs-5__cifar_chunks__cifar10_cnn round=19 (checkpoint deleted)
2026-08-05 11:47:14 EVALUATED cifar-max-records-out-remove__non-iid__global-dp__fedavg__clients-2__seed-42__nm0p01__clip5__rounds-20__epochs-5__cifar_chunks__cifar10_cnn round=20 (checkpoint deleted)
2026-08-05 11:47:14 PROGRESS 1/2 (0 failed so far)
2026-08-05 11:47:14 START cifar-max-records-out-remove__non-iid__metric-privacy__fedavg__clients-2__seed-42__nm0p01__clip5__rounds-20__epochs-5__cifar_chunks__cifar10_cnn 
2026-08-05 11:51:31 DONE  cifar-max-records-out-remove__non-iid__metric-privacy__fedavg__clients-2__seed-42__nm0p01__clip5__rounds-20__epochs-5__cifar_chunks__cifar10_cnn (256.9s)
2026-08-05 11:51:40 EVALUATED cifar-max-records-out-remove__non-iid__metric-privacy__fedavg__clients-2__seed-42__nm0p01__clip5__rounds-20__epochs-5__cifar_chunks__cifar10_cnn round=1 (checkpoint deleted)
2026-08-05 11:51:49 EVALUATED cifar-max-records-out-remove__non-iid__metric-privacy__fedavg__clients-2__seed-42__nm0p01__clip5__rounds-20__epochs-5__cifar_chunks__cifar10_cnn round=2 (checkpoint deleted)
2026-08-05 11:51:58 EVALUATED cifar-max-records-out-remove__non-iid__metric-privacy__fedavg__clients-2__seed-42__nm0p01__clip5__rounds-20__epochs-5__cifar_chunks__cifar10_cnn round=3 (checkpoint deleted)
2026-08-05 11:52:07 EVALUATED cifar-max-records-out-remove__non-iid__metric-privacy__fedavg__clients-2__seed-42__nm0p01__clip5__rounds-20__epochs-5__cifar_chunks__cifar10_cnn round=4 (checkpoint deleted)
2026-08-05 11:52:16 EVALUATED cifar-max-records-out-remove__non-iid__metric-privacy__fedavg__clients-2__seed-42__nm0p01__clip5__rounds-20__epochs-5__cifar_chunks__cifar10_cnn round=5 (checkpoint deleted)
2026-08-05 11:52:25 EVALUATED cifar-max-records-out-remove__non-iid__metric-privacy__fedavg__clients-2__seed-42__nm0p01__clip5__rounds-20__epochs-5__cifar_chunks__cifar10_cnn round=6 (checkpoint deleted)
2026-08-05 11:52:34 EVALUATED cifar-max-records-out-remove__non-iid__metric-privacy__fedavg__clients-2__seed-42__nm0p01__clip5__rounds-20__epochs-5__cifar_chunks__cifar10_cnn round=7 (checkpoint deleted)
2026-08-05 11:52:43 EVALUATED cifar-max-records-out-remove__non-iid__metric-privacy__fedavg__clients-2__seed-42__nm0p01__clip5__rounds-20__epochs-5__cifar_chunks__cifar10_cnn round=8 (checkpoint deleted)
2026-08-05 11:52:52 EVALUATED cifar-max-records-out-remove__non-iid__metric-privacy__fedavg__clients-2__seed-42__nm0p01__clip5__rounds-20__epochs-5__cifar_chunks__cifar10_cnn round=9 (checkpoint deleted)
2026-08-05 11:53:01 EVALUATED cifar-max-records-out-remove__non-iid__metric-privacy__fedavg__clients-2__seed-42__nm0p01__clip5__rounds-20__epochs-5__cifar_chunks__cifar10_cnn round=10 (checkpoint deleted)
2026-08-05 11:53:10 EVALUATED cifar-max-records-out-remove__non-iid__metric-privacy__fedavg__clients-2__seed-42__nm0p01__clip5__rounds-20__epochs-5__cifar_chunks__cifar10_cnn round=11 (checkpoint deleted)
2026-08-05 11:53:19 EVALUATED cifar-max-records-out-remove__non-iid__metric-privacy__fedavg__clients-2__seed-42__nm0p01__clip5__rounds-20__epochs-5__cifar_chunks__cifar10_cnn round=12 (checkpoint deleted)
2026-08-05 11:53:28 EVALUATED cifar-max-records-out-remove__non-iid__metric-privacy__fedavg__clients-2__seed-42__nm0p01__clip5__rounds-20__epochs-5__cifar_chunks__cifar10_cnn round=13 (checkpoint deleted)
2026-08-05 11:53:36 EVALUATED cifar-max-records-out-remove__non-iid__metric-privacy__fedavg__clients-2__seed-42__nm0p01__clip5__rounds-20__epochs-5__cifar_chunks__cifar10_cnn round=14 (checkpoint deleted)
2026-08-05 11:53:45 EVALUATED cifar-max-records-out-remove__non-iid__metric-privacy__fedavg__clients-2__seed-42__nm0p01__clip5__rounds-20__epochs-5__cifar_chunks__cifar10_cnn round=15 (checkpoint deleted)
2026-08-05 11:53:54 EVALUATED cifar-max-records-out-remove__non-iid__metric-privacy__fedavg__clients-2__seed-42__nm0p01__clip5__rounds-20__epochs-5__cifar_chunks__cifar10_cnn round=16 (checkpoint deleted)
2026-08-05 11:54:03 EVALUATED cifar-max-records-out-remove__non-iid__metric-privacy__fedavg__clients-2__seed-42__nm0p01__clip5__rounds-20__epochs-5__cifar_chunks__cifar10_cnn round=17 (checkpoint deleted)
2026-08-05 11:54:12 EVALUATED cifar-max-records-out-remove__non-iid__metric-privacy__fedavg__clients-2__seed-42__nm0p01__clip5__rounds-20__epochs-5__cifar_chunks__cifar10_cnn round=18 (checkpoint deleted)
2026-08-05 11:54:21 EVALUATED cifar-max-records-out-remove__non-iid__metric-privacy__fedavg__clients-2__seed-42__nm0p01__clip5__rounds-20__epochs-5__cifar_chunks__cifar10_cnn round=19 (checkpoint deleted)
2026-08-05 11:54:30 EVALUATED cifar-max-records-out-remove__non-iid__metric-privacy__fedavg__clients-2__seed-42__nm0p01__clip5__rounds-20__epochs-5__cifar_chunks__cifar10_cnn round=20 (checkpoint deleted)
2026-08-05 11:54:30 PROGRESS 2/2 (0 failed so far)
2026-08-05 11:54:30 Sweep finished: 2/2 attempted, 0 failed
