2026-08-20 04:41:23 CIFAR-10 removal CIA chunk (metric-privacy, clients=8, alpha=0.1, noise_ratio=0.00625): 2 trajectories
2026-08-20 04:41:23 START cifar10-in-remove__dirichlet__alpha-0p1__metric-privacy__fedavg__clients-8__seed-42__nm0p05__clip5__rounds-20__epochs-5__cifar10_dirichlet__cifar10_cnn 
2026-08-20 04:54:04 DONE  cifar10-in-remove__dirichlet__alpha-0p1__metric-privacy__fedavg__clients-8__seed-42__nm0p05__clip5__rounds-20__epochs-5__cifar10_dirichlet__cifar10_cnn (760.6s)
2026-08-20 04:54:14 EVALUATED cifar10-in-remove__dirichlet__alpha-0p1__metric-privacy__fedavg__clients-8__seed-42__nm0p05__clip5__rounds-20__epochs-5__cifar10_dirichlet__cifar10_cnn round=1 (checkpoint deleted)
2026-08-20 04:54:20 EVALUATED cifar10-in-remove__dirichlet__alpha-0p1__metric-privacy__fedavg__clients-8__seed-42__nm0p05__clip5__rounds-20__epochs-5__cifar10_dirichlet__cifar10_cnn round=2 (checkpoint deleted)
2026-08-20 04:54:27 EVALUATED cifar10-in-remove__dirichlet__alpha-0p1__metric-privacy__fedavg__clients-8__seed-42__nm0p05__clip5__rounds-20__epochs-5__cifar10_dirichlet__cifar10_cnn round=3 (checkpoint deleted)
2026-08-20 04:54:33 EVALUATED cifar10-in-remove__dirichlet__alpha-0p1__metric-privacy__fedavg__clients-8__seed-42__nm0p05__clip5__rounds-20__epochs-5__cifar10_dirichlet__cifar10_cnn round=4 (checkpoint deleted)
2026-08-20 04:54:39 EVALUATED cifar10-in-remove__dirichlet__alpha-0p1__metric-privacy__fedavg__clients-8__seed-42__nm0p05__clip5__rounds-20__epochs-5__cifar10_dirichlet__cifar10_cnn round=5 (checkpoint deleted)
2026-08-20 04:54:46 EVALUATED cifar10-in-remove__dirichlet__alpha-0p1__metric-privacy__fedavg__clients-8__seed-42__nm0p05__clip5__rounds-20__epochs-5__cifar10_dirichlet__cifar10_cnn round=6 (checkpoint deleted)
2026-08-20 04:54:52 EVALUATED cifar10-in-remove__dirichlet__alpha-0p1__metric-privacy__fedavg__clients-8__seed-42__nm0p05__clip5__rounds-20__epochs-5__cifar10_dirichlet__cifar10_cnn round=7 (checkpoint deleted)
2026-08-20 04:54:59 EVALUATED cifar10-in-remove__dirichlet__alpha-0p1__metric-privacy__fedavg__clients-8__seed-42__nm0p05__clip5__rounds-20__epochs-5__cifar10_dirichlet__cifar10_cnn round=8 (checkpoint deleted)
2026-08-20 04:55:05 EVALUATED cifar10-in-remove__dirichlet__alpha-0p1__metric-privacy__fedavg__clients-8__seed-42__nm0p05__clip5__rounds-20__epochs-5__cifar10_dirichlet__cifar10_cnn round=9 (checkpoint deleted)
2026-08-20 04:55:11 EVALUATED cifar10-in-remove__dirichlet__alpha-0p1__metric-privacy__fedavg__clients-8__seed-42__nm0p05__clip5__rounds-20__epochs-5__cifar10_dirichlet__cifar10_cnn round=10 (checkpoint deleted)
2026-08-20 04:55:18 EVALUATED cifar10-in-remove__dirichlet__alpha-0p1__metric-privacy__fedavg__clients-8__seed-42__nm0p05__clip5__rounds-20__epochs-5__cifar10_dirichlet__cifar10_cnn round=11 (checkpoint deleted)
2026-08-20 04:55:24 EVALUATED cifar10-in-remove__dirichlet__alpha-0p1__metric-privacy__fedavg__clients-8__seed-42__nm0p05__clip5__rounds-20__epochs-5__cifar10_dirichlet__cifar10_cnn round=12 (checkpoint deleted)
2026-08-20 04:55:31 EVALUATED cifar10-in-remove__dirichlet__alpha-0p1__metric-privacy__fedavg__clients-8__seed-42__nm0p05__clip5__rounds-20__epochs-5__cifar10_dirichlet__cifar10_cnn round=13 (checkpoint deleted)
2026-08-20 04:55:37 EVALUATED cifar10-in-remove__dirichlet__alpha-0p1__metric-privacy__fedavg__clients-8__seed-42__nm0p05__clip5__rounds-20__epochs-5__cifar10_dirichlet__cifar10_cnn round=14 (checkpoint deleted)
2026-08-20 04:55:43 EVALUATED cifar10-in-remove__dirichlet__alpha-0p1__metric-privacy__fedavg__clients-8__seed-42__nm0p05__clip5__rounds-20__epochs-5__cifar10_dirichlet__cifar10_cnn round=15 (checkpoint deleted)
2026-08-20 04:55:50 EVALUATED cifar10-in-remove__dirichlet__alpha-0p1__metric-privacy__fedavg__clients-8__seed-42__nm0p05__clip5__rounds-20__epochs-5__cifar10_dirichlet__cifar10_cnn round=16 (checkpoint deleted)
2026-08-20 04:55:56 EVALUATED cifar10-in-remove__dirichlet__alpha-0p1__metric-privacy__fedavg__clients-8__seed-42__nm0p05__clip5__rounds-20__epochs-5__cifar10_dirichlet__cifar10_cnn round=17 (checkpoint deleted)
2026-08-20 04:56:03 EVALUATED cifar10-in-remove__dirichlet__alpha-0p1__metric-privacy__fedavg__clients-8__seed-42__nm0p05__clip5__rounds-20__epochs-5__cifar10_dirichlet__cifar10_cnn round=18 (checkpoint deleted)
2026-08-20 04:56:09 EVALUATED cifar10-in-remove__dirichlet__alpha-0p1__metric-privacy__fedavg__clients-8__seed-42__nm0p05__clip5__rounds-20__epochs-5__cifar10_dirichlet__cifar10_cnn round=19 (checkpoint deleted)
2026-08-20 04:56:16 EVALUATED cifar10-in-remove__dirichlet__alpha-0p1__metric-privacy__fedavg__clients-8__seed-42__nm0p05__clip5__rounds-20__epochs-5__cifar10_dirichlet__cifar10_cnn round=20 (checkpoint deleted)
2026-08-20 04:56:16 PROGRESS 1/2 (0 failed so far)
2026-08-20 04:56:16 START cifar10-out-remove__dirichlet__alpha-0p1__metric-privacy__fedavg__clients-7__seed-42__nm0p04375__clip5__rounds-20__epochs-5__cifar10_dirichlet__cifar10_cnn 
2026-08-20 05:08:35 DONE  cifar10-out-remove__dirichlet__alpha-0p1__metric-privacy__fedavg__clients-7__seed-42__nm0p04375__clip5__rounds-20__epochs-5__cifar10_dirichlet__cifar10_cnn (739.5s)
2026-08-20 05:08:42 EVALUATED cifar10-out-remove__dirichlet__alpha-0p1__metric-privacy__fedavg__clients-7__seed-42__nm0p04375__clip5__rounds-20__epochs-5__cifar10_dirichlet__cifar10_cnn round=1 (checkpoint deleted)
2026-08-20 05:08:48 EVALUATED cifar10-out-remove__dirichlet__alpha-0p1__metric-privacy__fedavg__clients-7__seed-42__nm0p04375__clip5__rounds-20__epochs-5__cifar10_dirichlet__cifar10_cnn round=2 (checkpoint deleted)
2026-08-20 05:08:54 EVALUATED cifar10-out-remove__dirichlet__alpha-0p1__metric-privacy__fedavg__clients-7__seed-42__nm0p04375__clip5__rounds-20__epochs-5__cifar10_dirichlet__cifar10_cnn round=3 (checkpoint deleted)
2026-08-20 05:09:01 EVALUATED cifar10-out-remove__dirichlet__alpha-0p1__metric-privacy__fedavg__clients-7__seed-42__nm0p04375__clip5__rounds-20__epochs-5__cifar10_dirichlet__cifar10_cnn round=4 (checkpoint deleted)
2026-08-20 05:09:07 EVALUATED cifar10-out-remove__dirichlet__alpha-0p1__metric-privacy__fedavg__clients-7__seed-42__nm0p04375__clip5__rounds-20__epochs-5__cifar10_dirichlet__cifar10_cnn round=5 (checkpoint deleted)
2026-08-20 05:09:14 EVALUATED cifar10-out-remove__dirichlet__alpha-0p1__metric-privacy__fedavg__clients-7__seed-42__nm0p04375__clip5__rounds-20__epochs-5__cifar10_dirichlet__cifar10_cnn round=6 (checkpoint deleted)
2026-08-20 05:09:20 EVALUATED cifar10-out-remove__dirichlet__alpha-0p1__metric-privacy__fedavg__clients-7__seed-42__nm0p04375__clip5__rounds-20__epochs-5__cifar10_dirichlet__cifar10_cnn round=7 (checkpoint deleted)
2026-08-20 05:09:27 EVALUATED cifar10-out-remove__dirichlet__alpha-0p1__metric-privacy__fedavg__clients-7__seed-42__nm0p04375__clip5__rounds-20__epochs-5__cifar10_dirichlet__cifar10_cnn round=8 (checkpoint deleted)
2026-08-20 05:09:33 EVALUATED cifar10-out-remove__dirichlet__alpha-0p1__metric-privacy__fedavg__clients-7__seed-42__nm0p04375__clip5__rounds-20__epochs-5__cifar10_dirichlet__cifar10_cnn round=9 (checkpoint deleted)
2026-08-20 05:09:40 EVALUATED cifar10-out-remove__dirichlet__alpha-0p1__metric-privacy__fedavg__clients-7__seed-42__nm0p04375__clip5__rounds-20__epochs-5__cifar10_dirichlet__cifar10_cnn round=10 (checkpoint deleted)
2026-08-20 05:09:46 EVALUATED cifar10-out-remove__dirichlet__alpha-0p1__metric-privacy__fedavg__clients-7__seed-42__nm0p04375__clip5__rounds-20__epochs-5__cifar10_dirichlet__cifar10_cnn round=11 (checkpoint deleted)
2026-08-20 05:09:52 EVALUATED cifar10-out-remove__dirichlet__alpha-0p1__metric-privacy__fedavg__clients-7__seed-42__nm0p04375__clip5__rounds-20__epochs-5__cifar10_dirichlet__cifar10_cnn round=12 (checkpoint deleted)
2026-08-20 05:09:59 EVALUATED cifar10-out-remove__dirichlet__alpha-0p1__metric-privacy__fedavg__clients-7__seed-42__nm0p04375__clip5__rounds-20__epochs-5__cifar10_dirichlet__cifar10_cnn round=13 (checkpoint deleted)
2026-08-20 05:10:05 EVALUATED cifar10-out-remove__dirichlet__alpha-0p1__metric-privacy__fedavg__clients-7__seed-42__nm0p04375__clip5__rounds-20__epochs-5__cifar10_dirichlet__cifar10_cnn round=14 (checkpoint deleted)
2026-08-20 05:10:12 EVALUATED cifar10-out-remove__dirichlet__alpha-0p1__metric-privacy__fedavg__clients-7__seed-42__nm0p04375__clip5__rounds-20__epochs-5__cifar10_dirichlet__cifar10_cnn round=15 (checkpoint deleted)
2026-08-20 05:10:18 EVALUATED cifar10-out-remove__dirichlet__alpha-0p1__metric-privacy__fedavg__clients-7__seed-42__nm0p04375__clip5__rounds-20__epochs-5__cifar10_dirichlet__cifar10_cnn round=16 (checkpoint deleted)
2026-08-20 05:10:25 EVALUATED cifar10-out-remove__dirichlet__alpha-0p1__metric-privacy__fedavg__clients-7__seed-42__nm0p04375__clip5__rounds-20__epochs-5__cifar10_dirichlet__cifar10_cnn round=17 (checkpoint deleted)
2026-08-20 05:10:31 EVALUATED cifar10-out-remove__dirichlet__alpha-0p1__metric-privacy__fedavg__clients-7__seed-42__nm0p04375__clip5__rounds-20__epochs-5__cifar10_dirichlet__cifar10_cnn round=18 (checkpoint deleted)
2026-08-20 05:10:38 EVALUATED cifar10-out-remove__dirichlet__alpha-0p1__metric-privacy__fedavg__clients-7__seed-42__nm0p04375__clip5__rounds-20__epochs-5__cifar10_dirichlet__cifar10_cnn round=19 (checkpoint deleted)
2026-08-20 05:10:44 EVALUATED cifar10-out-remove__dirichlet__alpha-0p1__metric-privacy__fedavg__clients-7__seed-42__nm0p04375__clip5__rounds-20__epochs-5__cifar10_dirichlet__cifar10_cnn round=20 (checkpoint deleted)
2026-08-20 05:10:44 PROGRESS 2/2 (0 failed so far)
2026-08-20 05:10:44 Sweep finished: 2/2 attempted, 0 failed
