2026-08-05 17:13:36 Starting full chunk: 1 trajectories
2026-08-05 17:13:36 START cifar-full-in-replace__non-iid__vanilla__fedavg__clients-8__seed-42__nm0p01__clip5__rounds-20__epochs-5__cifar_chunks__cifar10_cnn 
2026-08-05 17:18:02 DONE  cifar-full-in-replace__non-iid__vanilla__fedavg__clients-8__seed-42__nm0p01__clip5__rounds-20__epochs-5__cifar_chunks__cifar10_cnn (265.2s)
2026-08-05 17:18:09 EVALUATED cifar-full-in-replace__non-iid__vanilla__fedavg__clients-8__seed-42__nm0p01__clip5__rounds-20__epochs-5__cifar_chunks__cifar10_cnn round=1 (checkpoint deleted)
2026-08-05 17:18:14 EVALUATED cifar-full-in-replace__non-iid__vanilla__fedavg__clients-8__seed-42__nm0p01__clip5__rounds-20__epochs-5__cifar_chunks__cifar10_cnn round=2 (checkpoint deleted)
2026-08-05 17:18:18 EVALUATED cifar-full-in-replace__non-iid__vanilla__fedavg__clients-8__seed-42__nm0p01__clip5__rounds-20__epochs-5__cifar_chunks__cifar10_cnn round=3 (checkpoint deleted)
2026-08-05 17:18:23 EVALUATED cifar-full-in-replace__non-iid__vanilla__fedavg__clients-8__seed-42__nm0p01__clip5__rounds-20__epochs-5__cifar_chunks__cifar10_cnn round=4 (checkpoint deleted)
2026-08-05 17:18:27 EVALUATED cifar-full-in-replace__non-iid__vanilla__fedavg__clients-8__seed-42__nm0p01__clip5__rounds-20__epochs-5__cifar_chunks__cifar10_cnn round=5 (checkpoint deleted)
2026-08-05 17:18:32 EVALUATED cifar-full-in-replace__non-iid__vanilla__fedavg__clients-8__seed-42__nm0p01__clip5__rounds-20__epochs-5__cifar_chunks__cifar10_cnn round=6 (checkpoint deleted)
2026-08-05 17:18:37 EVALUATED cifar-full-in-replace__non-iid__vanilla__fedavg__clients-8__seed-42__nm0p01__clip5__rounds-20__epochs-5__cifar_chunks__cifar10_cnn round=7 (checkpoint deleted)
2026-08-05 17:18:41 EVALUATED cifar-full-in-replace__non-iid__vanilla__fedavg__clients-8__seed-42__nm0p01__clip5__rounds-20__epochs-5__cifar_chunks__cifar10_cnn round=8 (checkpoint deleted)
2026-08-05 17:18:46 EVALUATED cifar-full-in-replace__non-iid__vanilla__fedavg__clients-8__seed-42__nm0p01__clip5__rounds-20__epochs-5__cifar_chunks__cifar10_cnn round=9 (checkpoint deleted)
2026-08-05 17:18:50 EVALUATED cifar-full-in-replace__non-iid__vanilla__fedavg__clients-8__seed-42__nm0p01__clip5__rounds-20__epochs-5__cifar_chunks__cifar10_cnn round=10 (checkpoint deleted)
2026-08-05 17:18:54 EVALUATED cifar-full-in-replace__non-iid__vanilla__fedavg__clients-8__seed-42__nm0p01__clip5__rounds-20__epochs-5__cifar_chunks__cifar10_cnn round=11 (checkpoint deleted)
2026-08-05 17:18:59 EVALUATED cifar-full-in-replace__non-iid__vanilla__fedavg__clients-8__seed-42__nm0p01__clip5__rounds-20__epochs-5__cifar_chunks__cifar10_cnn round=12 (checkpoint deleted)
2026-08-05 17:19:03 EVALUATED cifar-full-in-replace__non-iid__vanilla__fedavg__clients-8__seed-42__nm0p01__clip5__rounds-20__epochs-5__cifar_chunks__cifar10_cnn round=13 (checkpoint deleted)
2026-08-05 17:19:08 EVALUATED cifar-full-in-replace__non-iid__vanilla__fedavg__clients-8__seed-42__nm0p01__clip5__rounds-20__epochs-5__cifar_chunks__cifar10_cnn round=14 (checkpoint deleted)
2026-08-05 17:19:12 EVALUATED cifar-full-in-replace__non-iid__vanilla__fedavg__clients-8__seed-42__nm0p01__clip5__rounds-20__epochs-5__cifar_chunks__cifar10_cnn round=15 (checkpoint deleted)
2026-08-05 17:19:17 EVALUATED cifar-full-in-replace__non-iid__vanilla__fedavg__clients-8__seed-42__nm0p01__clip5__rounds-20__epochs-5__cifar_chunks__cifar10_cnn round=16 (checkpoint deleted)
2026-08-05 17:19:21 EVALUATED cifar-full-in-replace__non-iid__vanilla__fedavg__clients-8__seed-42__nm0p01__clip5__rounds-20__epochs-5__cifar_chunks__cifar10_cnn round=17 (checkpoint deleted)
2026-08-05 17:19:26 EVALUATED cifar-full-in-replace__non-iid__vanilla__fedavg__clients-8__seed-42__nm0p01__clip5__rounds-20__epochs-5__cifar_chunks__cifar10_cnn round=18 (checkpoint deleted)
2026-08-05 17:19:30 EVALUATED cifar-full-in-replace__non-iid__vanilla__fedavg__clients-8__seed-42__nm0p01__clip5__rounds-20__epochs-5__cifar_chunks__cifar10_cnn round=19 (checkpoint deleted)
2026-08-05 17:19:35 EVALUATED cifar-full-in-replace__non-iid__vanilla__fedavg__clients-8__seed-42__nm0p01__clip5__rounds-20__epochs-5__cifar_chunks__cifar10_cnn round=20 (checkpoint deleted)
2026-08-05 17:19:35 PROGRESS 1/1 (0 failed so far)
2026-08-05 17:19:35 Sweep finished: 1/1 attempted, 0 failed
