2026-08-05 16:57:11 Starting full chunk: 2 trajectories
2026-08-05 16:57:11 START cifar-full-out-replace__non-iid__global-dp__fedavg__clients-3__seed-44__nm0p01875__clip5__rounds-20__epochs-5__cifar_chunks__cifar10_cnn 
2026-08-05 17:02:06 DONE  cifar-full-out-replace__non-iid__global-dp__fedavg__clients-3__seed-44__nm0p01875__clip5__rounds-20__epochs-5__cifar_chunks__cifar10_cnn (295.6s)
2026-08-05 17:02:13 EVALUATED cifar-full-out-replace__non-iid__global-dp__fedavg__clients-3__seed-44__nm0p01875__clip5__rounds-20__epochs-5__cifar_chunks__cifar10_cnn round=1 (checkpoint deleted)
2026-08-05 17:02:18 EVALUATED cifar-full-out-replace__non-iid__global-dp__fedavg__clients-3__seed-44__nm0p01875__clip5__rounds-20__epochs-5__cifar_chunks__cifar10_cnn round=2 (checkpoint deleted)
2026-08-05 17:02:24 EVALUATED cifar-full-out-replace__non-iid__global-dp__fedavg__clients-3__seed-44__nm0p01875__clip5__rounds-20__epochs-5__cifar_chunks__cifar10_cnn round=3 (checkpoint deleted)
2026-08-05 17:02:29 EVALUATED cifar-full-out-replace__non-iid__global-dp__fedavg__clients-3__seed-44__nm0p01875__clip5__rounds-20__epochs-5__cifar_chunks__cifar10_cnn round=4 (checkpoint deleted)
2026-08-05 17:02:35 EVALUATED cifar-full-out-replace__non-iid__global-dp__fedavg__clients-3__seed-44__nm0p01875__clip5__rounds-20__epochs-5__cifar_chunks__cifar10_cnn round=5 (checkpoint deleted)
2026-08-05 17:02:40 EVALUATED cifar-full-out-replace__non-iid__global-dp__fedavg__clients-3__seed-44__nm0p01875__clip5__rounds-20__epochs-5__cifar_chunks__cifar10_cnn round=6 (checkpoint deleted)
2026-08-05 17:02:46 EVALUATED cifar-full-out-replace__non-iid__global-dp__fedavg__clients-3__seed-44__nm0p01875__clip5__rounds-20__epochs-5__cifar_chunks__cifar10_cnn round=7 (checkpoint deleted)
2026-08-05 17:02:51 EVALUATED cifar-full-out-replace__non-iid__global-dp__fedavg__clients-3__seed-44__nm0p01875__clip5__rounds-20__epochs-5__cifar_chunks__cifar10_cnn round=8 (checkpoint deleted)
2026-08-05 17:02:57 EVALUATED cifar-full-out-replace__non-iid__global-dp__fedavg__clients-3__seed-44__nm0p01875__clip5__rounds-20__epochs-5__cifar_chunks__cifar10_cnn round=9 (checkpoint deleted)
2026-08-05 17:03:02 EVALUATED cifar-full-out-replace__non-iid__global-dp__fedavg__clients-3__seed-44__nm0p01875__clip5__rounds-20__epochs-5__cifar_chunks__cifar10_cnn round=10 (checkpoint deleted)
2026-08-05 17:03:07 EVALUATED cifar-full-out-replace__non-iid__global-dp__fedavg__clients-3__seed-44__nm0p01875__clip5__rounds-20__epochs-5__cifar_chunks__cifar10_cnn round=11 (checkpoint deleted)
2026-08-05 17:03:13 EVALUATED cifar-full-out-replace__non-iid__global-dp__fedavg__clients-3__seed-44__nm0p01875__clip5__rounds-20__epochs-5__cifar_chunks__cifar10_cnn round=12 (checkpoint deleted)
2026-08-05 17:03:18 EVALUATED cifar-full-out-replace__non-iid__global-dp__fedavg__clients-3__seed-44__nm0p01875__clip5__rounds-20__epochs-5__cifar_chunks__cifar10_cnn round=13 (checkpoint deleted)
2026-08-05 17:03:24 EVALUATED cifar-full-out-replace__non-iid__global-dp__fedavg__clients-3__seed-44__nm0p01875__clip5__rounds-20__epochs-5__cifar_chunks__cifar10_cnn round=14 (checkpoint deleted)
2026-08-05 17:03:29 EVALUATED cifar-full-out-replace__non-iid__global-dp__fedavg__clients-3__seed-44__nm0p01875__clip5__rounds-20__epochs-5__cifar_chunks__cifar10_cnn round=15 (checkpoint deleted)
2026-08-05 17:03:35 EVALUATED cifar-full-out-replace__non-iid__global-dp__fedavg__clients-3__seed-44__nm0p01875__clip5__rounds-20__epochs-5__cifar_chunks__cifar10_cnn round=16 (checkpoint deleted)
2026-08-05 17:03:40 EVALUATED cifar-full-out-replace__non-iid__global-dp__fedavg__clients-3__seed-44__nm0p01875__clip5__rounds-20__epochs-5__cifar_chunks__cifar10_cnn round=17 (checkpoint deleted)
2026-08-05 17:03:46 EVALUATED cifar-full-out-replace__non-iid__global-dp__fedavg__clients-3__seed-44__nm0p01875__clip5__rounds-20__epochs-5__cifar_chunks__cifar10_cnn round=18 (checkpoint deleted)
2026-08-05 17:03:51 EVALUATED cifar-full-out-replace__non-iid__global-dp__fedavg__clients-3__seed-44__nm0p01875__clip5__rounds-20__epochs-5__cifar_chunks__cifar10_cnn round=19 (checkpoint deleted)
2026-08-05 17:03:56 EVALUATED cifar-full-out-replace__non-iid__global-dp__fedavg__clients-3__seed-44__nm0p01875__clip5__rounds-20__epochs-5__cifar_chunks__cifar10_cnn round=20 (checkpoint deleted)
2026-08-05 17:03:56 PROGRESS 1/2 (0 failed so far)
2026-08-05 17:03:56 START cifar-full-out-replace__non-iid__metric-privacy__fedavg__clients-3__seed-44__nm0p01875__clip5__rounds-20__epochs-5__cifar_chunks__cifar10_cnn 
2026-08-05 17:08:53 DONE  cifar-full-out-replace__non-iid__metric-privacy__fedavg__clients-3__seed-44__nm0p01875__clip5__rounds-20__epochs-5__cifar_chunks__cifar10_cnn (296.8s)
2026-08-05 17:08:59 EVALUATED cifar-full-out-replace__non-iid__metric-privacy__fedavg__clients-3__seed-44__nm0p01875__clip5__rounds-20__epochs-5__cifar_chunks__cifar10_cnn round=1 (checkpoint deleted)
2026-08-05 17:09:04 EVALUATED cifar-full-out-replace__non-iid__metric-privacy__fedavg__clients-3__seed-44__nm0p01875__clip5__rounds-20__epochs-5__cifar_chunks__cifar10_cnn round=2 (checkpoint deleted)
2026-08-05 17:09:10 EVALUATED cifar-full-out-replace__non-iid__metric-privacy__fedavg__clients-3__seed-44__nm0p01875__clip5__rounds-20__epochs-5__cifar_chunks__cifar10_cnn round=3 (checkpoint deleted)
2026-08-05 17:09:15 EVALUATED cifar-full-out-replace__non-iid__metric-privacy__fedavg__clients-3__seed-44__nm0p01875__clip5__rounds-20__epochs-5__cifar_chunks__cifar10_cnn round=4 (checkpoint deleted)
2026-08-05 17:09:21 EVALUATED cifar-full-out-replace__non-iid__metric-privacy__fedavg__clients-3__seed-44__nm0p01875__clip5__rounds-20__epochs-5__cifar_chunks__cifar10_cnn round=5 (checkpoint deleted)
2026-08-05 17:09:26 EVALUATED cifar-full-out-replace__non-iid__metric-privacy__fedavg__clients-3__seed-44__nm0p01875__clip5__rounds-20__epochs-5__cifar_chunks__cifar10_cnn round=6 (checkpoint deleted)
2026-08-05 17:09:32 EVALUATED cifar-full-out-replace__non-iid__metric-privacy__fedavg__clients-3__seed-44__nm0p01875__clip5__rounds-20__epochs-5__cifar_chunks__cifar10_cnn round=7 (checkpoint deleted)
2026-08-05 17:09:37 EVALUATED cifar-full-out-replace__non-iid__metric-privacy__fedavg__clients-3__seed-44__nm0p01875__clip5__rounds-20__epochs-5__cifar_chunks__cifar10_cnn round=8 (checkpoint deleted)
2026-08-05 17:09:43 EVALUATED cifar-full-out-replace__non-iid__metric-privacy__fedavg__clients-3__seed-44__nm0p01875__clip5__rounds-20__epochs-5__cifar_chunks__cifar10_cnn round=9 (checkpoint deleted)
2026-08-05 17:09:48 EVALUATED cifar-full-out-replace__non-iid__metric-privacy__fedavg__clients-3__seed-44__nm0p01875__clip5__rounds-20__epochs-5__cifar_chunks__cifar10_cnn round=10 (checkpoint deleted)
2026-08-05 17:09:54 EVALUATED cifar-full-out-replace__non-iid__metric-privacy__fedavg__clients-3__seed-44__nm0p01875__clip5__rounds-20__epochs-5__cifar_chunks__cifar10_cnn round=11 (checkpoint deleted)
2026-08-05 17:09:59 EVALUATED cifar-full-out-replace__non-iid__metric-privacy__fedavg__clients-3__seed-44__nm0p01875__clip5__rounds-20__epochs-5__cifar_chunks__cifar10_cnn round=12 (checkpoint deleted)
2026-08-05 17:10:05 EVALUATED cifar-full-out-replace__non-iid__metric-privacy__fedavg__clients-3__seed-44__nm0p01875__clip5__rounds-20__epochs-5__cifar_chunks__cifar10_cnn round=13 (checkpoint deleted)
2026-08-05 17:10:10 EVALUATED cifar-full-out-replace__non-iid__metric-privacy__fedavg__clients-3__seed-44__nm0p01875__clip5__rounds-20__epochs-5__cifar_chunks__cifar10_cnn round=14 (checkpoint deleted)
2026-08-05 17:10:15 EVALUATED cifar-full-out-replace__non-iid__metric-privacy__fedavg__clients-3__seed-44__nm0p01875__clip5__rounds-20__epochs-5__cifar_chunks__cifar10_cnn round=15 (checkpoint deleted)
2026-08-05 17:10:21 EVALUATED cifar-full-out-replace__non-iid__metric-privacy__fedavg__clients-3__seed-44__nm0p01875__clip5__rounds-20__epochs-5__cifar_chunks__cifar10_cnn round=16 (checkpoint deleted)
2026-08-05 17:10:26 EVALUATED cifar-full-out-replace__non-iid__metric-privacy__fedavg__clients-3__seed-44__nm0p01875__clip5__rounds-20__epochs-5__cifar_chunks__cifar10_cnn round=17 (checkpoint deleted)
2026-08-05 17:10:32 EVALUATED cifar-full-out-replace__non-iid__metric-privacy__fedavg__clients-3__seed-44__nm0p01875__clip5__rounds-20__epochs-5__cifar_chunks__cifar10_cnn round=18 (checkpoint deleted)
2026-08-05 17:10:37 EVALUATED cifar-full-out-replace__non-iid__metric-privacy__fedavg__clients-3__seed-44__nm0p01875__clip5__rounds-20__epochs-5__cifar_chunks__cifar10_cnn round=19 (checkpoint deleted)
2026-08-05 17:10:43 EVALUATED cifar-full-out-replace__non-iid__metric-privacy__fedavg__clients-3__seed-44__nm0p01875__clip5__rounds-20__epochs-5__cifar_chunks__cifar10_cnn round=20 (checkpoint deleted)
2026-08-05 17:10:43 PROGRESS 2/2 (0 failed so far)
2026-08-05 17:10:43 Sweep finished: 2/2 attempted, 0 failed
