2026-08-20 05:05:57 Alzheimer stage (metric-privacy, homogeneous, seed=42, noise_ratio=7.783466863014625e-05): 2 trajectories
2026-08-20 05:05:57 START alzheimer-in-remove__homogeneous__metric-privacy__fedavg__clients-48__seed-42__nm0p00373606__clip5__rounds-100__epochs-5__alzheimer_remove__paper_cnn 
2026-08-20 05:31:43 DONE  alzheimer-in-remove__homogeneous__metric-privacy__fedavg__clients-48__seed-42__nm0p00373606__clip5__rounds-100__epochs-5__alzheimer_remove__paper_cnn (1546.5s)
2026-08-20 05:31:46 EVALUATED alzheimer-in-remove__homogeneous__metric-privacy__fedavg__clients-48__seed-42__nm0p00373606__clip5__rounds-100__epochs-5__alzheimer_remove__paper_cnn round=1 (checkpoint deleted)
2026-08-20 05:31:46 EVALUATED alzheimer-in-remove__homogeneous__metric-privacy__fedavg__clients-48__seed-42__nm0p00373606__clip5__rounds-100__epochs-5__alzheimer_remove__paper_cnn round=10 (checkpoint deleted)
2026-08-20 05:31:47 EVALUATED alzheimer-in-remove__homogeneous__metric-privacy__fedavg__clients-48__seed-42__nm0p00373606__clip5__rounds-100__epochs-5__alzheimer_remove__paper_cnn round=20 (checkpoint deleted)
2026-08-20 05:31:47 EVALUATED alzheimer-in-remove__homogeneous__metric-privacy__fedavg__clients-48__seed-42__nm0p00373606__clip5__rounds-100__epochs-5__alzheimer_remove__paper_cnn round=30 (checkpoint deleted)
2026-08-20 05:31:48 EVALUATED alzheimer-in-remove__homogeneous__metric-privacy__fedavg__clients-48__seed-42__nm0p00373606__clip5__rounds-100__epochs-5__alzheimer_remove__paper_cnn round=40 (checkpoint deleted)
2026-08-20 05:31:48 EVALUATED alzheimer-in-remove__homogeneous__metric-privacy__fedavg__clients-48__seed-42__nm0p00373606__clip5__rounds-100__epochs-5__alzheimer_remove__paper_cnn round=50 (checkpoint deleted)
2026-08-20 05:31:49 EVALUATED alzheimer-in-remove__homogeneous__metric-privacy__fedavg__clients-48__seed-42__nm0p00373606__clip5__rounds-100__epochs-5__alzheimer_remove__paper_cnn round=60 (checkpoint deleted)
2026-08-20 05:31:49 EVALUATED alzheimer-in-remove__homogeneous__metric-privacy__fedavg__clients-48__seed-42__nm0p00373606__clip5__rounds-100__epochs-5__alzheimer_remove__paper_cnn round=70 (checkpoint deleted)
2026-08-20 05:31:50 EVALUATED alzheimer-in-remove__homogeneous__metric-privacy__fedavg__clients-48__seed-42__nm0p00373606__clip5__rounds-100__epochs-5__alzheimer_remove__paper_cnn round=80 (checkpoint deleted)
2026-08-20 05:31:50 EVALUATED alzheimer-in-remove__homogeneous__metric-privacy__fedavg__clients-48__seed-42__nm0p00373606__clip5__rounds-100__epochs-5__alzheimer_remove__paper_cnn round=90 (checkpoint deleted)
2026-08-20 05:31:51 EVALUATED alzheimer-in-remove__homogeneous__metric-privacy__fedavg__clients-48__seed-42__nm0p00373606__clip5__rounds-100__epochs-5__alzheimer_remove__paper_cnn round=100 (checkpoint deleted)
2026-08-20 05:31:51 PROGRESS 1/2 (0 failed so far)
2026-08-20 05:31:51 START alzheimer-out-remove__homogeneous__metric-privacy__fedavg__clients-47__seed-42__nm0p00365823__clip5__rounds-100__epochs-5__alzheimer_remove__paper_cnn 
2026-08-20 05:57:26 DONE  alzheimer-out-remove__homogeneous__metric-privacy__fedavg__clients-47__seed-42__nm0p00365823__clip5__rounds-100__epochs-5__alzheimer_remove__paper_cnn (1535.4s)
2026-08-20 05:57:27 EVALUATED alzheimer-out-remove__homogeneous__metric-privacy__fedavg__clients-47__seed-42__nm0p00365823__clip5__rounds-100__epochs-5__alzheimer_remove__paper_cnn round=1 (checkpoint deleted)
2026-08-20 05:57:27 EVALUATED alzheimer-out-remove__homogeneous__metric-privacy__fedavg__clients-47__seed-42__nm0p00365823__clip5__rounds-100__epochs-5__alzheimer_remove__paper_cnn round=10 (checkpoint deleted)
2026-08-20 05:57:28 EVALUATED alzheimer-out-remove__homogeneous__metric-privacy__fedavg__clients-47__seed-42__nm0p00365823__clip5__rounds-100__epochs-5__alzheimer_remove__paper_cnn round=20 (checkpoint deleted)
2026-08-20 05:57:28 EVALUATED alzheimer-out-remove__homogeneous__metric-privacy__fedavg__clients-47__seed-42__nm0p00365823__clip5__rounds-100__epochs-5__alzheimer_remove__paper_cnn round=30 (checkpoint deleted)
2026-08-20 05:57:29 EVALUATED alzheimer-out-remove__homogeneous__metric-privacy__fedavg__clients-47__seed-42__nm0p00365823__clip5__rounds-100__epochs-5__alzheimer_remove__paper_cnn round=40 (checkpoint deleted)
2026-08-20 05:57:29 EVALUATED alzheimer-out-remove__homogeneous__metric-privacy__fedavg__clients-47__seed-42__nm0p00365823__clip5__rounds-100__epochs-5__alzheimer_remove__paper_cnn round=50 (checkpoint deleted)
2026-08-20 05:57:30 EVALUATED alzheimer-out-remove__homogeneous__metric-privacy__fedavg__clients-47__seed-42__nm0p00365823__clip5__rounds-100__epochs-5__alzheimer_remove__paper_cnn round=60 (checkpoint deleted)
2026-08-20 05:57:30 EVALUATED alzheimer-out-remove__homogeneous__metric-privacy__fedavg__clients-47__seed-42__nm0p00365823__clip5__rounds-100__epochs-5__alzheimer_remove__paper_cnn round=70 (checkpoint deleted)
2026-08-20 05:57:30 EVALUATED alzheimer-out-remove__homogeneous__metric-privacy__fedavg__clients-47__seed-42__nm0p00365823__clip5__rounds-100__epochs-5__alzheimer_remove__paper_cnn round=80 (checkpoint deleted)
2026-08-20 05:57:31 EVALUATED alzheimer-out-remove__homogeneous__metric-privacy__fedavg__clients-47__seed-42__nm0p00365823__clip5__rounds-100__epochs-5__alzheimer_remove__paper_cnn round=90 (checkpoint deleted)
2026-08-20 05:57:31 EVALUATED alzheimer-out-remove__homogeneous__metric-privacy__fedavg__clients-47__seed-42__nm0p00365823__clip5__rounds-100__epochs-5__alzheimer_remove__paper_cnn round=100 (checkpoint deleted)
2026-08-20 05:57:31 PROGRESS 2/2 (0 failed so far)
2026-08-20 05:57:31 Sweep finished: 2/2 attempted, 0 failed
2026-08-20 05:57:32 Alzheimer stage (metric-privacy, homogeneous, seed=42, noise_ratio=7.783466863014625e-05): 2 trajectories
2026-08-20 05:57:32 SKIP  2 combinations (attack results already exist)
2026-08-20 05:57:32 Sweep finished: 2/2 attempted, 0 failed
