2026-08-20 14:47:34 Alzheimer stage (global-dp, non-iid, seed=42, noise_ratio=0.00249070939616468): 2 trajectories
2026-08-20 14:47:34 START alzheimer-in-remove__non-iid__global-dp__fedavg__clients-48__seed-42__nm0p119554__clip5__rounds-100__epochs-5__alzheimer_remove__paper_cnn 
2026-08-20 15:04:51 DONE  alzheimer-in-remove__non-iid__global-dp__fedavg__clients-48__seed-42__nm0p119554__clip5__rounds-100__epochs-5__alzheimer_remove__paper_cnn (1037.0s)
2026-08-20 15:04:51 EVALUATED alzheimer-in-remove__non-iid__global-dp__fedavg__clients-48__seed-42__nm0p119554__clip5__rounds-100__epochs-5__alzheimer_remove__paper_cnn round=1 (checkpoint deleted)
2026-08-20 15:04:52 EVALUATED alzheimer-in-remove__non-iid__global-dp__fedavg__clients-48__seed-42__nm0p119554__clip5__rounds-100__epochs-5__alzheimer_remove__paper_cnn round=10 (checkpoint deleted)
2026-08-20 15:04:53 EVALUATED alzheimer-in-remove__non-iid__global-dp__fedavg__clients-48__seed-42__nm0p119554__clip5__rounds-100__epochs-5__alzheimer_remove__paper_cnn round=20 (checkpoint deleted)
2026-08-20 15:04:53 EVALUATED alzheimer-in-remove__non-iid__global-dp__fedavg__clients-48__seed-42__nm0p119554__clip5__rounds-100__epochs-5__alzheimer_remove__paper_cnn round=30 (checkpoint deleted)
2026-08-20 15:04:54 EVALUATED alzheimer-in-remove__non-iid__global-dp__fedavg__clients-48__seed-42__nm0p119554__clip5__rounds-100__epochs-5__alzheimer_remove__paper_cnn round=40 (checkpoint deleted)
2026-08-20 15:04:54 EVALUATED alzheimer-in-remove__non-iid__global-dp__fedavg__clients-48__seed-42__nm0p119554__clip5__rounds-100__epochs-5__alzheimer_remove__paper_cnn round=50 (checkpoint deleted)
2026-08-20 15:04:55 EVALUATED alzheimer-in-remove__non-iid__global-dp__fedavg__clients-48__seed-42__nm0p119554__clip5__rounds-100__epochs-5__alzheimer_remove__paper_cnn round=60 (checkpoint deleted)
2026-08-20 15:04:55 EVALUATED alzheimer-in-remove__non-iid__global-dp__fedavg__clients-48__seed-42__nm0p119554__clip5__rounds-100__epochs-5__alzheimer_remove__paper_cnn round=70 (checkpoint deleted)
2026-08-20 15:04:56 EVALUATED alzheimer-in-remove__non-iid__global-dp__fedavg__clients-48__seed-42__nm0p119554__clip5__rounds-100__epochs-5__alzheimer_remove__paper_cnn round=80 (checkpoint deleted)
2026-08-20 15:04:56 EVALUATED alzheimer-in-remove__non-iid__global-dp__fedavg__clients-48__seed-42__nm0p119554__clip5__rounds-100__epochs-5__alzheimer_remove__paper_cnn round=90 (checkpoint deleted)
2026-08-20 15:04:57 EVALUATED alzheimer-in-remove__non-iid__global-dp__fedavg__clients-48__seed-42__nm0p119554__clip5__rounds-100__epochs-5__alzheimer_remove__paper_cnn round=100 (checkpoint deleted)
2026-08-20 15:04:57 PROGRESS 1/2 (0 failed so far)
2026-08-20 15:04:57 START alzheimer-out-remove__non-iid__global-dp__fedavg__clients-47__seed-42__nm0p117063__clip5__rounds-100__epochs-5__alzheimer_remove__paper_cnn 
2026-08-20 15:21:53 DONE  alzheimer-out-remove__non-iid__global-dp__fedavg__clients-47__seed-42__nm0p117063__clip5__rounds-100__epochs-5__alzheimer_remove__paper_cnn (1015.9s)
2026-08-20 15:21:53 EVALUATED alzheimer-out-remove__non-iid__global-dp__fedavg__clients-47__seed-42__nm0p117063__clip5__rounds-100__epochs-5__alzheimer_remove__paper_cnn round=1 (checkpoint deleted)
2026-08-20 15:21:54 EVALUATED alzheimer-out-remove__non-iid__global-dp__fedavg__clients-47__seed-42__nm0p117063__clip5__rounds-100__epochs-5__alzheimer_remove__paper_cnn round=10 (checkpoint deleted)
2026-08-20 15:21:54 EVALUATED alzheimer-out-remove__non-iid__global-dp__fedavg__clients-47__seed-42__nm0p117063__clip5__rounds-100__epochs-5__alzheimer_remove__paper_cnn round=20 (checkpoint deleted)
2026-08-20 15:21:55 EVALUATED alzheimer-out-remove__non-iid__global-dp__fedavg__clients-47__seed-42__nm0p117063__clip5__rounds-100__epochs-5__alzheimer_remove__paper_cnn round=30 (checkpoint deleted)
2026-08-20 15:21:55 EVALUATED alzheimer-out-remove__non-iid__global-dp__fedavg__clients-47__seed-42__nm0p117063__clip5__rounds-100__epochs-5__alzheimer_remove__paper_cnn round=40 (checkpoint deleted)
2026-08-20 15:21:56 EVALUATED alzheimer-out-remove__non-iid__global-dp__fedavg__clients-47__seed-42__nm0p117063__clip5__rounds-100__epochs-5__alzheimer_remove__paper_cnn round=50 (checkpoint deleted)
2026-08-20 15:21:56 EVALUATED alzheimer-out-remove__non-iid__global-dp__fedavg__clients-47__seed-42__nm0p117063__clip5__rounds-100__epochs-5__alzheimer_remove__paper_cnn round=60 (checkpoint deleted)
2026-08-20 15:21:57 EVALUATED alzheimer-out-remove__non-iid__global-dp__fedavg__clients-47__seed-42__nm0p117063__clip5__rounds-100__epochs-5__alzheimer_remove__paper_cnn round=70 (checkpoint deleted)
2026-08-20 15:21:57 EVALUATED alzheimer-out-remove__non-iid__global-dp__fedavg__clients-47__seed-42__nm0p117063__clip5__rounds-100__epochs-5__alzheimer_remove__paper_cnn round=80 (checkpoint deleted)
2026-08-20 15:21:58 EVALUATED alzheimer-out-remove__non-iid__global-dp__fedavg__clients-47__seed-42__nm0p117063__clip5__rounds-100__epochs-5__alzheimer_remove__paper_cnn round=90 (checkpoint deleted)
2026-08-20 15:21:59 EVALUATED alzheimer-out-remove__non-iid__global-dp__fedavg__clients-47__seed-42__nm0p117063__clip5__rounds-100__epochs-5__alzheimer_remove__paper_cnn round=100 (checkpoint deleted)
2026-08-20 15:21:59 PROGRESS 2/2 (0 failed so far)
2026-08-20 15:21:59 Sweep finished: 2/2 attempted, 0 failed
