2026-08-13 22:42:48 CIFAR-10 removal CIA chunk (global-dp, clients=8, noise_ratio=0.004): 2 trajectories
2026-08-13 22:42:48 START cifar10-in-remove__non-iid__global-dp__fedavg__clients-8__seed-42__nm0p032__clip5__rounds-20__epochs-5__cifar10_remove__cifar10_cnn 
2026-08-13 22:54:28 DONE  cifar10-in-remove__non-iid__global-dp__fedavg__clients-8__seed-42__nm0p032__clip5__rounds-20__epochs-5__cifar10_remove__cifar10_cnn (699.9s)
2026-08-13 22:54:38 EVALUATED cifar10-in-remove__non-iid__global-dp__fedavg__clients-8__seed-42__nm0p032__clip5__rounds-20__epochs-5__cifar10_remove__cifar10_cnn round=1 (checkpoint deleted)
2026-08-13 22:54:46 EVALUATED cifar10-in-remove__non-iid__global-dp__fedavg__clients-8__seed-42__nm0p032__clip5__rounds-20__epochs-5__cifar10_remove__cifar10_cnn round=2 (checkpoint deleted)
2026-08-13 22:54:53 EVALUATED cifar10-in-remove__non-iid__global-dp__fedavg__clients-8__seed-42__nm0p032__clip5__rounds-20__epochs-5__cifar10_remove__cifar10_cnn round=3 (checkpoint deleted)
2026-08-13 22:55:00 EVALUATED cifar10-in-remove__non-iid__global-dp__fedavg__clients-8__seed-42__nm0p032__clip5__rounds-20__epochs-5__cifar10_remove__cifar10_cnn round=4 (checkpoint deleted)
2026-08-13 22:55:08 EVALUATED cifar10-in-remove__non-iid__global-dp__fedavg__clients-8__seed-42__nm0p032__clip5__rounds-20__epochs-5__cifar10_remove__cifar10_cnn round=5 (checkpoint deleted)
2026-08-13 22:55:15 EVALUATED cifar10-in-remove__non-iid__global-dp__fedavg__clients-8__seed-42__nm0p032__clip5__rounds-20__epochs-5__cifar10_remove__cifar10_cnn round=6 (checkpoint deleted)
2026-08-13 22:55:22 EVALUATED cifar10-in-remove__non-iid__global-dp__fedavg__clients-8__seed-42__nm0p032__clip5__rounds-20__epochs-5__cifar10_remove__cifar10_cnn round=7 (checkpoint deleted)
2026-08-13 22:55:29 EVALUATED cifar10-in-remove__non-iid__global-dp__fedavg__clients-8__seed-42__nm0p032__clip5__rounds-20__epochs-5__cifar10_remove__cifar10_cnn round=8 (checkpoint deleted)
2026-08-13 22:55:37 EVALUATED cifar10-in-remove__non-iid__global-dp__fedavg__clients-8__seed-42__nm0p032__clip5__rounds-20__epochs-5__cifar10_remove__cifar10_cnn round=9 (checkpoint deleted)
2026-08-13 22:55:44 EVALUATED cifar10-in-remove__non-iid__global-dp__fedavg__clients-8__seed-42__nm0p032__clip5__rounds-20__epochs-5__cifar10_remove__cifar10_cnn round=10 (checkpoint deleted)
2026-08-13 22:55:51 EVALUATED cifar10-in-remove__non-iid__global-dp__fedavg__clients-8__seed-42__nm0p032__clip5__rounds-20__epochs-5__cifar10_remove__cifar10_cnn round=11 (checkpoint deleted)
2026-08-13 22:55:59 EVALUATED cifar10-in-remove__non-iid__global-dp__fedavg__clients-8__seed-42__nm0p032__clip5__rounds-20__epochs-5__cifar10_remove__cifar10_cnn round=12 (checkpoint deleted)
2026-08-13 22:56:06 EVALUATED cifar10-in-remove__non-iid__global-dp__fedavg__clients-8__seed-42__nm0p032__clip5__rounds-20__epochs-5__cifar10_remove__cifar10_cnn round=13 (checkpoint deleted)
2026-08-13 22:56:13 EVALUATED cifar10-in-remove__non-iid__global-dp__fedavg__clients-8__seed-42__nm0p032__clip5__rounds-20__epochs-5__cifar10_remove__cifar10_cnn round=14 (checkpoint deleted)
2026-08-13 22:56:20 EVALUATED cifar10-in-remove__non-iid__global-dp__fedavg__clients-8__seed-42__nm0p032__clip5__rounds-20__epochs-5__cifar10_remove__cifar10_cnn round=15 (checkpoint deleted)
2026-08-13 22:56:28 EVALUATED cifar10-in-remove__non-iid__global-dp__fedavg__clients-8__seed-42__nm0p032__clip5__rounds-20__epochs-5__cifar10_remove__cifar10_cnn round=16 (checkpoint deleted)
2026-08-13 22:56:35 EVALUATED cifar10-in-remove__non-iid__global-dp__fedavg__clients-8__seed-42__nm0p032__clip5__rounds-20__epochs-5__cifar10_remove__cifar10_cnn round=17 (checkpoint deleted)
2026-08-13 22:56:42 EVALUATED cifar10-in-remove__non-iid__global-dp__fedavg__clients-8__seed-42__nm0p032__clip5__rounds-20__epochs-5__cifar10_remove__cifar10_cnn round=18 (checkpoint deleted)
2026-08-13 22:56:50 EVALUATED cifar10-in-remove__non-iid__global-dp__fedavg__clients-8__seed-42__nm0p032__clip5__rounds-20__epochs-5__cifar10_remove__cifar10_cnn round=19 (checkpoint deleted)
2026-08-13 22:56:57 EVALUATED cifar10-in-remove__non-iid__global-dp__fedavg__clients-8__seed-42__nm0p032__clip5__rounds-20__epochs-5__cifar10_remove__cifar10_cnn round=20 (checkpoint deleted)
2026-08-13 22:56:57 PROGRESS 1/2 (0 failed so far)
2026-08-13 22:56:57 START cifar10-out-remove__non-iid__global-dp__fedavg__clients-7__seed-42__nm0p028__clip5__rounds-20__epochs-5__cifar10_remove__cifar10_cnn 
2026-08-13 23:08:07 DONE  cifar10-out-remove__non-iid__global-dp__fedavg__clients-7__seed-42__nm0p028__clip5__rounds-20__epochs-5__cifar10_remove__cifar10_cnn (670.1s)
2026-08-13 23:08:14 EVALUATED cifar10-out-remove__non-iid__global-dp__fedavg__clients-7__seed-42__nm0p028__clip5__rounds-20__epochs-5__cifar10_remove__cifar10_cnn round=1 (checkpoint deleted)
2026-08-13 23:08:22 EVALUATED cifar10-out-remove__non-iid__global-dp__fedavg__clients-7__seed-42__nm0p028__clip5__rounds-20__epochs-5__cifar10_remove__cifar10_cnn round=2 (checkpoint deleted)
2026-08-13 23:08:29 EVALUATED cifar10-out-remove__non-iid__global-dp__fedavg__clients-7__seed-42__nm0p028__clip5__rounds-20__epochs-5__cifar10_remove__cifar10_cnn round=3 (checkpoint deleted)
2026-08-13 23:08:36 EVALUATED cifar10-out-remove__non-iid__global-dp__fedavg__clients-7__seed-42__nm0p028__clip5__rounds-20__epochs-5__cifar10_remove__cifar10_cnn round=4 (checkpoint deleted)
2026-08-13 23:08:44 EVALUATED cifar10-out-remove__non-iid__global-dp__fedavg__clients-7__seed-42__nm0p028__clip5__rounds-20__epochs-5__cifar10_remove__cifar10_cnn round=5 (checkpoint deleted)
2026-08-13 23:08:51 EVALUATED cifar10-out-remove__non-iid__global-dp__fedavg__clients-7__seed-42__nm0p028__clip5__rounds-20__epochs-5__cifar10_remove__cifar10_cnn round=6 (checkpoint deleted)
2026-08-13 23:08:59 EVALUATED cifar10-out-remove__non-iid__global-dp__fedavg__clients-7__seed-42__nm0p028__clip5__rounds-20__epochs-5__cifar10_remove__cifar10_cnn round=7 (checkpoint deleted)
2026-08-13 23:09:06 EVALUATED cifar10-out-remove__non-iid__global-dp__fedavg__clients-7__seed-42__nm0p028__clip5__rounds-20__epochs-5__cifar10_remove__cifar10_cnn round=8 (checkpoint deleted)
2026-08-13 23:09:13 EVALUATED cifar10-out-remove__non-iid__global-dp__fedavg__clients-7__seed-42__nm0p028__clip5__rounds-20__epochs-5__cifar10_remove__cifar10_cnn round=9 (checkpoint deleted)
2026-08-13 23:09:21 EVALUATED cifar10-out-remove__non-iid__global-dp__fedavg__clients-7__seed-42__nm0p028__clip5__rounds-20__epochs-5__cifar10_remove__cifar10_cnn round=10 (checkpoint deleted)
2026-08-13 23:09:28 EVALUATED cifar10-out-remove__non-iid__global-dp__fedavg__clients-7__seed-42__nm0p028__clip5__rounds-20__epochs-5__cifar10_remove__cifar10_cnn round=11 (checkpoint deleted)
2026-08-13 23:09:35 EVALUATED cifar10-out-remove__non-iid__global-dp__fedavg__clients-7__seed-42__nm0p028__clip5__rounds-20__epochs-5__cifar10_remove__cifar10_cnn round=12 (checkpoint deleted)
2026-08-13 23:09:43 EVALUATED cifar10-out-remove__non-iid__global-dp__fedavg__clients-7__seed-42__nm0p028__clip5__rounds-20__epochs-5__cifar10_remove__cifar10_cnn round=13 (checkpoint deleted)
2026-08-13 23:09:50 EVALUATED cifar10-out-remove__non-iid__global-dp__fedavg__clients-7__seed-42__nm0p028__clip5__rounds-20__epochs-5__cifar10_remove__cifar10_cnn round=14 (checkpoint deleted)
2026-08-13 23:09:57 EVALUATED cifar10-out-remove__non-iid__global-dp__fedavg__clients-7__seed-42__nm0p028__clip5__rounds-20__epochs-5__cifar10_remove__cifar10_cnn round=15 (checkpoint deleted)
2026-08-13 23:10:05 EVALUATED cifar10-out-remove__non-iid__global-dp__fedavg__clients-7__seed-42__nm0p028__clip5__rounds-20__epochs-5__cifar10_remove__cifar10_cnn round=16 (checkpoint deleted)
2026-08-13 23:10:12 EVALUATED cifar10-out-remove__non-iid__global-dp__fedavg__clients-7__seed-42__nm0p028__clip5__rounds-20__epochs-5__cifar10_remove__cifar10_cnn round=17 (checkpoint deleted)
2026-08-13 23:10:19 EVALUATED cifar10-out-remove__non-iid__global-dp__fedavg__clients-7__seed-42__nm0p028__clip5__rounds-20__epochs-5__cifar10_remove__cifar10_cnn round=18 (checkpoint deleted)
2026-08-13 23:10:27 EVALUATED cifar10-out-remove__non-iid__global-dp__fedavg__clients-7__seed-42__nm0p028__clip5__rounds-20__epochs-5__cifar10_remove__cifar10_cnn round=19 (checkpoint deleted)
2026-08-13 23:10:34 EVALUATED cifar10-out-remove__non-iid__global-dp__fedavg__clients-7__seed-42__nm0p028__clip5__rounds-20__epochs-5__cifar10_remove__cifar10_cnn round=20 (checkpoint deleted)
2026-08-13 23:10:34 PROGRESS 2/2 (0 failed so far)
2026-08-13 23:10:34 Sweep finished: 2/2 attempted, 0 failed
