2026-08-05 21:39:30 Starting full chunk: 2 trajectories
2026-08-05 21:39:30 START cifar-full-out-replace__non-iid__global-dp__fedavg__clients-16__seed-43__nm0p1__clip5__rounds-20__epochs-5__cifar_chunks__cifar10_cnn 
2026-08-05 21:45:10 DONE  cifar-full-out-replace__non-iid__global-dp__fedavg__clients-16__seed-43__nm0p1__clip5__rounds-20__epochs-5__cifar_chunks__cifar10_cnn (339.8s)
2026-08-05 21:45:17 EVALUATED cifar-full-out-replace__non-iid__global-dp__fedavg__clients-16__seed-43__nm0p1__clip5__rounds-20__epochs-5__cifar_chunks__cifar10_cnn round=1 (checkpoint deleted)
2026-08-05 21:45:22 EVALUATED cifar-full-out-replace__non-iid__global-dp__fedavg__clients-16__seed-43__nm0p1__clip5__rounds-20__epochs-5__cifar_chunks__cifar10_cnn round=2 (checkpoint deleted)
2026-08-05 21:45:26 EVALUATED cifar-full-out-replace__non-iid__global-dp__fedavg__clients-16__seed-43__nm0p1__clip5__rounds-20__epochs-5__cifar_chunks__cifar10_cnn round=3 (checkpoint deleted)
2026-08-05 21:45:30 EVALUATED cifar-full-out-replace__non-iid__global-dp__fedavg__clients-16__seed-43__nm0p1__clip5__rounds-20__epochs-5__cifar_chunks__cifar10_cnn round=4 (checkpoint deleted)
2026-08-05 21:45:35 EVALUATED cifar-full-out-replace__non-iid__global-dp__fedavg__clients-16__seed-43__nm0p1__clip5__rounds-20__epochs-5__cifar_chunks__cifar10_cnn round=5 (checkpoint deleted)
2026-08-05 21:45:39 EVALUATED cifar-full-out-replace__non-iid__global-dp__fedavg__clients-16__seed-43__nm0p1__clip5__rounds-20__epochs-5__cifar_chunks__cifar10_cnn round=6 (checkpoint deleted)
2026-08-05 21:45:43 EVALUATED cifar-full-out-replace__non-iid__global-dp__fedavg__clients-16__seed-43__nm0p1__clip5__rounds-20__epochs-5__cifar_chunks__cifar10_cnn round=7 (checkpoint deleted)
2026-08-05 21:45:47 EVALUATED cifar-full-out-replace__non-iid__global-dp__fedavg__clients-16__seed-43__nm0p1__clip5__rounds-20__epochs-5__cifar_chunks__cifar10_cnn round=8 (checkpoint deleted)
2026-08-05 21:45:52 EVALUATED cifar-full-out-replace__non-iid__global-dp__fedavg__clients-16__seed-43__nm0p1__clip5__rounds-20__epochs-5__cifar_chunks__cifar10_cnn round=9 (checkpoint deleted)
2026-08-05 21:45:56 EVALUATED cifar-full-out-replace__non-iid__global-dp__fedavg__clients-16__seed-43__nm0p1__clip5__rounds-20__epochs-5__cifar_chunks__cifar10_cnn round=10 (checkpoint deleted)
2026-08-05 21:46:00 EVALUATED cifar-full-out-replace__non-iid__global-dp__fedavg__clients-16__seed-43__nm0p1__clip5__rounds-20__epochs-5__cifar_chunks__cifar10_cnn round=11 (checkpoint deleted)
2026-08-05 21:46:05 EVALUATED cifar-full-out-replace__non-iid__global-dp__fedavg__clients-16__seed-43__nm0p1__clip5__rounds-20__epochs-5__cifar_chunks__cifar10_cnn round=12 (checkpoint deleted)
2026-08-05 21:46:09 EVALUATED cifar-full-out-replace__non-iid__global-dp__fedavg__clients-16__seed-43__nm0p1__clip5__rounds-20__epochs-5__cifar_chunks__cifar10_cnn round=13 (checkpoint deleted)
2026-08-05 21:46:13 EVALUATED cifar-full-out-replace__non-iid__global-dp__fedavg__clients-16__seed-43__nm0p1__clip5__rounds-20__epochs-5__cifar_chunks__cifar10_cnn round=14 (checkpoint deleted)
2026-08-05 21:46:17 EVALUATED cifar-full-out-replace__non-iid__global-dp__fedavg__clients-16__seed-43__nm0p1__clip5__rounds-20__epochs-5__cifar_chunks__cifar10_cnn round=15 (checkpoint deleted)
2026-08-05 21:46:22 EVALUATED cifar-full-out-replace__non-iid__global-dp__fedavg__clients-16__seed-43__nm0p1__clip5__rounds-20__epochs-5__cifar_chunks__cifar10_cnn round=16 (checkpoint deleted)
2026-08-05 21:46:26 EVALUATED cifar-full-out-replace__non-iid__global-dp__fedavg__clients-16__seed-43__nm0p1__clip5__rounds-20__epochs-5__cifar_chunks__cifar10_cnn round=17 (checkpoint deleted)
2026-08-05 21:46:30 EVALUATED cifar-full-out-replace__non-iid__global-dp__fedavg__clients-16__seed-43__nm0p1__clip5__rounds-20__epochs-5__cifar_chunks__cifar10_cnn round=18 (checkpoint deleted)
2026-08-05 21:46:35 EVALUATED cifar-full-out-replace__non-iid__global-dp__fedavg__clients-16__seed-43__nm0p1__clip5__rounds-20__epochs-5__cifar_chunks__cifar10_cnn round=19 (checkpoint deleted)
2026-08-05 21:46:39 EVALUATED cifar-full-out-replace__non-iid__global-dp__fedavg__clients-16__seed-43__nm0p1__clip5__rounds-20__epochs-5__cifar_chunks__cifar10_cnn round=20 (checkpoint deleted)
2026-08-05 21:46:39 PROGRESS 1/2 (0 failed so far)
2026-08-05 21:46:39 START cifar-full-out-replace__non-iid__metric-privacy__fedavg__clients-16__seed-43__nm0p1__clip5__rounds-20__epochs-5__cifar_chunks__cifar10_cnn 
2026-08-05 21:52:22 DONE  cifar-full-out-replace__non-iid__metric-privacy__fedavg__clients-16__seed-43__nm0p1__clip5__rounds-20__epochs-5__cifar_chunks__cifar10_cnn (342.5s)
2026-08-05 21:52:26 EVALUATED cifar-full-out-replace__non-iid__metric-privacy__fedavg__clients-16__seed-43__nm0p1__clip5__rounds-20__epochs-5__cifar_chunks__cifar10_cnn round=1 (checkpoint deleted)
2026-08-05 21:52:30 EVALUATED cifar-full-out-replace__non-iid__metric-privacy__fedavg__clients-16__seed-43__nm0p1__clip5__rounds-20__epochs-5__cifar_chunks__cifar10_cnn round=2 (checkpoint deleted)
2026-08-05 21:52:35 EVALUATED cifar-full-out-replace__non-iid__metric-privacy__fedavg__clients-16__seed-43__nm0p1__clip5__rounds-20__epochs-5__cifar_chunks__cifar10_cnn round=3 (checkpoint deleted)
2026-08-05 21:52:39 EVALUATED cifar-full-out-replace__non-iid__metric-privacy__fedavg__clients-16__seed-43__nm0p1__clip5__rounds-20__epochs-5__cifar_chunks__cifar10_cnn round=4 (checkpoint deleted)
2026-08-05 21:52:43 EVALUATED cifar-full-out-replace__non-iid__metric-privacy__fedavg__clients-16__seed-43__nm0p1__clip5__rounds-20__epochs-5__cifar_chunks__cifar10_cnn round=5 (checkpoint deleted)
2026-08-05 21:52:48 EVALUATED cifar-full-out-replace__non-iid__metric-privacy__fedavg__clients-16__seed-43__nm0p1__clip5__rounds-20__epochs-5__cifar_chunks__cifar10_cnn round=6 (checkpoint deleted)
2026-08-05 21:52:52 EVALUATED cifar-full-out-replace__non-iid__metric-privacy__fedavg__clients-16__seed-43__nm0p1__clip5__rounds-20__epochs-5__cifar_chunks__cifar10_cnn round=7 (checkpoint deleted)
2026-08-05 21:52:56 EVALUATED cifar-full-out-replace__non-iid__metric-privacy__fedavg__clients-16__seed-43__nm0p1__clip5__rounds-20__epochs-5__cifar_chunks__cifar10_cnn round=8 (checkpoint deleted)
2026-08-05 21:53:01 EVALUATED cifar-full-out-replace__non-iid__metric-privacy__fedavg__clients-16__seed-43__nm0p1__clip5__rounds-20__epochs-5__cifar_chunks__cifar10_cnn round=9 (checkpoint deleted)
2026-08-05 21:53:05 EVALUATED cifar-full-out-replace__non-iid__metric-privacy__fedavg__clients-16__seed-43__nm0p1__clip5__rounds-20__epochs-5__cifar_chunks__cifar10_cnn round=10 (checkpoint deleted)
2026-08-05 21:53:09 EVALUATED cifar-full-out-replace__non-iid__metric-privacy__fedavg__clients-16__seed-43__nm0p1__clip5__rounds-20__epochs-5__cifar_chunks__cifar10_cnn round=11 (checkpoint deleted)
2026-08-05 21:53:14 EVALUATED cifar-full-out-replace__non-iid__metric-privacy__fedavg__clients-16__seed-43__nm0p1__clip5__rounds-20__epochs-5__cifar_chunks__cifar10_cnn round=12 (checkpoint deleted)
2026-08-05 21:53:18 EVALUATED cifar-full-out-replace__non-iid__metric-privacy__fedavg__clients-16__seed-43__nm0p1__clip5__rounds-20__epochs-5__cifar_chunks__cifar10_cnn round=13 (checkpoint deleted)
2026-08-05 21:53:22 EVALUATED cifar-full-out-replace__non-iid__metric-privacy__fedavg__clients-16__seed-43__nm0p1__clip5__rounds-20__epochs-5__cifar_chunks__cifar10_cnn round=14 (checkpoint deleted)
2026-08-05 21:53:27 EVALUATED cifar-full-out-replace__non-iid__metric-privacy__fedavg__clients-16__seed-43__nm0p1__clip5__rounds-20__epochs-5__cifar_chunks__cifar10_cnn round=15 (checkpoint deleted)
2026-08-05 21:53:31 EVALUATED cifar-full-out-replace__non-iid__metric-privacy__fedavg__clients-16__seed-43__nm0p1__clip5__rounds-20__epochs-5__cifar_chunks__cifar10_cnn round=16 (checkpoint deleted)
2026-08-05 21:53:35 EVALUATED cifar-full-out-replace__non-iid__metric-privacy__fedavg__clients-16__seed-43__nm0p1__clip5__rounds-20__epochs-5__cifar_chunks__cifar10_cnn round=17 (checkpoint deleted)
2026-08-05 21:53:40 EVALUATED cifar-full-out-replace__non-iid__metric-privacy__fedavg__clients-16__seed-43__nm0p1__clip5__rounds-20__epochs-5__cifar_chunks__cifar10_cnn round=18 (checkpoint deleted)
2026-08-05 21:53:44 EVALUATED cifar-full-out-replace__non-iid__metric-privacy__fedavg__clients-16__seed-43__nm0p1__clip5__rounds-20__epochs-5__cifar_chunks__cifar10_cnn round=19 (checkpoint deleted)
2026-08-05 21:53:48 EVALUATED cifar-full-out-replace__non-iid__metric-privacy__fedavg__clients-16__seed-43__nm0p1__clip5__rounds-20__epochs-5__cifar_chunks__cifar10_cnn round=20 (checkpoint deleted)
2026-08-05 21:53:48 PROGRESS 2/2 (0 failed so far)
2026-08-05 21:53:48 Sweep finished: 2/2 attempted, 0 failed
