2026-08-18 03:42:17 EuroSAT stage (global-dp, homogeneous, seed=42, noise_ratio=9.663313048775654e-05): 2 trajectories
2026-08-18 03:42:17 START eurosat-in-remove__homogeneous__global-dp__fedavg__clients-48__seed-42__nm0p00463839__clip5__rounds-100__epochs-5__eurosat_remove__eurosat_cnn 
2026-08-18 04:13:16 DONE  eurosat-in-remove__homogeneous__global-dp__fedavg__clients-48__seed-42__nm0p00463839__clip5__rounds-100__epochs-5__eurosat_remove__eurosat_cnn (1859.9s)
2026-08-18 04:13:18 EVALUATED eurosat-in-remove__homogeneous__global-dp__fedavg__clients-48__seed-42__nm0p00463839__clip5__rounds-100__epochs-5__eurosat_remove__eurosat_cnn round=1 (checkpoint deleted)
2026-08-18 04:13:19 EVALUATED eurosat-in-remove__homogeneous__global-dp__fedavg__clients-48__seed-42__nm0p00463839__clip5__rounds-100__epochs-5__eurosat_remove__eurosat_cnn round=10 (checkpoint deleted)
2026-08-18 04:13:20 EVALUATED eurosat-in-remove__homogeneous__global-dp__fedavg__clients-48__seed-42__nm0p00463839__clip5__rounds-100__epochs-5__eurosat_remove__eurosat_cnn round=20 (checkpoint deleted)
2026-08-18 04:13:22 EVALUATED eurosat-in-remove__homogeneous__global-dp__fedavg__clients-48__seed-42__nm0p00463839__clip5__rounds-100__epochs-5__eurosat_remove__eurosat_cnn round=30 (checkpoint deleted)
2026-08-18 04:13:23 EVALUATED eurosat-in-remove__homogeneous__global-dp__fedavg__clients-48__seed-42__nm0p00463839__clip5__rounds-100__epochs-5__eurosat_remove__eurosat_cnn round=40 (checkpoint deleted)
2026-08-18 04:13:24 EVALUATED eurosat-in-remove__homogeneous__global-dp__fedavg__clients-48__seed-42__nm0p00463839__clip5__rounds-100__epochs-5__eurosat_remove__eurosat_cnn round=50 (checkpoint deleted)
2026-08-18 04:13:26 EVALUATED eurosat-in-remove__homogeneous__global-dp__fedavg__clients-48__seed-42__nm0p00463839__clip5__rounds-100__epochs-5__eurosat_remove__eurosat_cnn round=60 (checkpoint deleted)
2026-08-18 04:13:27 EVALUATED eurosat-in-remove__homogeneous__global-dp__fedavg__clients-48__seed-42__nm0p00463839__clip5__rounds-100__epochs-5__eurosat_remove__eurosat_cnn round=70 (checkpoint deleted)
2026-08-18 04:13:28 EVALUATED eurosat-in-remove__homogeneous__global-dp__fedavg__clients-48__seed-42__nm0p00463839__clip5__rounds-100__epochs-5__eurosat_remove__eurosat_cnn round=80 (checkpoint deleted)
2026-08-18 04:13:30 EVALUATED eurosat-in-remove__homogeneous__global-dp__fedavg__clients-48__seed-42__nm0p00463839__clip5__rounds-100__epochs-5__eurosat_remove__eurosat_cnn round=90 (checkpoint deleted)
2026-08-18 04:13:31 EVALUATED eurosat-in-remove__homogeneous__global-dp__fedavg__clients-48__seed-42__nm0p00463839__clip5__rounds-100__epochs-5__eurosat_remove__eurosat_cnn round=100 (checkpoint deleted)
2026-08-18 04:13:31 PROGRESS 1/2 (0 failed so far)
2026-08-18 04:13:31 START eurosat-out-remove__homogeneous__global-dp__fedavg__clients-47__seed-42__nm0p00454176__clip5__rounds-100__epochs-5__eurosat_remove__eurosat_cnn 
2026-08-18 04:44:09 DONE  eurosat-out-remove__homogeneous__global-dp__fedavg__clients-47__seed-42__nm0p00454176__clip5__rounds-100__epochs-5__eurosat_remove__eurosat_cnn (1837.8s)
2026-08-18 04:44:10 EVALUATED eurosat-out-remove__homogeneous__global-dp__fedavg__clients-47__seed-42__nm0p00454176__clip5__rounds-100__epochs-5__eurosat_remove__eurosat_cnn round=1 (checkpoint deleted)
2026-08-18 04:44:12 EVALUATED eurosat-out-remove__homogeneous__global-dp__fedavg__clients-47__seed-42__nm0p00454176__clip5__rounds-100__epochs-5__eurosat_remove__eurosat_cnn round=10 (checkpoint deleted)
2026-08-18 04:44:13 EVALUATED eurosat-out-remove__homogeneous__global-dp__fedavg__clients-47__seed-42__nm0p00454176__clip5__rounds-100__epochs-5__eurosat_remove__eurosat_cnn round=20 (checkpoint deleted)
2026-08-18 04:44:14 EVALUATED eurosat-out-remove__homogeneous__global-dp__fedavg__clients-47__seed-42__nm0p00454176__clip5__rounds-100__epochs-5__eurosat_remove__eurosat_cnn round=30 (checkpoint deleted)
2026-08-18 04:44:16 EVALUATED eurosat-out-remove__homogeneous__global-dp__fedavg__clients-47__seed-42__nm0p00454176__clip5__rounds-100__epochs-5__eurosat_remove__eurosat_cnn round=40 (checkpoint deleted)
2026-08-18 04:44:17 EVALUATED eurosat-out-remove__homogeneous__global-dp__fedavg__clients-47__seed-42__nm0p00454176__clip5__rounds-100__epochs-5__eurosat_remove__eurosat_cnn round=50 (checkpoint deleted)
2026-08-18 04:44:18 EVALUATED eurosat-out-remove__homogeneous__global-dp__fedavg__clients-47__seed-42__nm0p00454176__clip5__rounds-100__epochs-5__eurosat_remove__eurosat_cnn round=60 (checkpoint deleted)
2026-08-18 04:44:20 EVALUATED eurosat-out-remove__homogeneous__global-dp__fedavg__clients-47__seed-42__nm0p00454176__clip5__rounds-100__epochs-5__eurosat_remove__eurosat_cnn round=70 (checkpoint deleted)
2026-08-18 04:44:21 EVALUATED eurosat-out-remove__homogeneous__global-dp__fedavg__clients-47__seed-42__nm0p00454176__clip5__rounds-100__epochs-5__eurosat_remove__eurosat_cnn round=80 (checkpoint deleted)
2026-08-18 04:44:22 EVALUATED eurosat-out-remove__homogeneous__global-dp__fedavg__clients-47__seed-42__nm0p00454176__clip5__rounds-100__epochs-5__eurosat_remove__eurosat_cnn round=90 (checkpoint deleted)
2026-08-18 04:44:24 EVALUATED eurosat-out-remove__homogeneous__global-dp__fedavg__clients-47__seed-42__nm0p00454176__clip5__rounds-100__epochs-5__eurosat_remove__eurosat_cnn round=100 (checkpoint deleted)
2026-08-18 04:44:24 PROGRESS 2/2 (0 failed so far)
2026-08-18 04:44:24 Sweep finished: 2/2 attempted, 0 failed
