2026-08-20 01:37:54 Alzheimer stage (global-dp, homogeneous, seed=42, noise_ratio=0.000311338674520585): 2 trajectories
2026-08-20 01:37:54 START alzheimer-in-remove__homogeneous__global-dp__fedavg__clients-48__seed-42__nm0p0149443__clip5__rounds-100__epochs-5__alzheimer_remove__paper_cnn 
2026-08-20 01:55:23 DONE  alzheimer-in-remove__homogeneous__global-dp__fedavg__clients-48__seed-42__nm0p0149443__clip5__rounds-100__epochs-5__alzheimer_remove__paper_cnn (1049.5s)
2026-08-20 01:55:24 EVALUATED alzheimer-in-remove__homogeneous__global-dp__fedavg__clients-48__seed-42__nm0p0149443__clip5__rounds-100__epochs-5__alzheimer_remove__paper_cnn round=1 (checkpoint deleted)
2026-08-20 01:55:24 EVALUATED alzheimer-in-remove__homogeneous__global-dp__fedavg__clients-48__seed-42__nm0p0149443__clip5__rounds-100__epochs-5__alzheimer_remove__paper_cnn round=10 (checkpoint deleted)
2026-08-20 01:55:25 EVALUATED alzheimer-in-remove__homogeneous__global-dp__fedavg__clients-48__seed-42__nm0p0149443__clip5__rounds-100__epochs-5__alzheimer_remove__paper_cnn round=20 (checkpoint deleted)
2026-08-20 01:55:25 EVALUATED alzheimer-in-remove__homogeneous__global-dp__fedavg__clients-48__seed-42__nm0p0149443__clip5__rounds-100__epochs-5__alzheimer_remove__paper_cnn round=30 (checkpoint deleted)
2026-08-20 01:55:26 EVALUATED alzheimer-in-remove__homogeneous__global-dp__fedavg__clients-48__seed-42__nm0p0149443__clip5__rounds-100__epochs-5__alzheimer_remove__paper_cnn round=40 (checkpoint deleted)
2026-08-20 01:55:26 EVALUATED alzheimer-in-remove__homogeneous__global-dp__fedavg__clients-48__seed-42__nm0p0149443__clip5__rounds-100__epochs-5__alzheimer_remove__paper_cnn round=50 (checkpoint deleted)
2026-08-20 01:55:27 EVALUATED alzheimer-in-remove__homogeneous__global-dp__fedavg__clients-48__seed-42__nm0p0149443__clip5__rounds-100__epochs-5__alzheimer_remove__paper_cnn round=60 (checkpoint deleted)
2026-08-20 01:55:27 EVALUATED alzheimer-in-remove__homogeneous__global-dp__fedavg__clients-48__seed-42__nm0p0149443__clip5__rounds-100__epochs-5__alzheimer_remove__paper_cnn round=70 (checkpoint deleted)
2026-08-20 01:55:28 EVALUATED alzheimer-in-remove__homogeneous__global-dp__fedavg__clients-48__seed-42__nm0p0149443__clip5__rounds-100__epochs-5__alzheimer_remove__paper_cnn round=80 (checkpoint deleted)
2026-08-20 01:55:28 EVALUATED alzheimer-in-remove__homogeneous__global-dp__fedavg__clients-48__seed-42__nm0p0149443__clip5__rounds-100__epochs-5__alzheimer_remove__paper_cnn round=90 (checkpoint deleted)
2026-08-20 01:55:29 EVALUATED alzheimer-in-remove__homogeneous__global-dp__fedavg__clients-48__seed-42__nm0p0149443__clip5__rounds-100__epochs-5__alzheimer_remove__paper_cnn round=100 (checkpoint deleted)
2026-08-20 01:55:29 PROGRESS 1/2 (0 failed so far)
2026-08-20 01:55:29 START alzheimer-out-remove__homogeneous__global-dp__fedavg__clients-47__seed-42__nm0p0146329__clip5__rounds-100__epochs-5__alzheimer_remove__paper_cnn 
2026-08-20 02:12:34 DONE  alzheimer-out-remove__homogeneous__global-dp__fedavg__clients-47__seed-42__nm0p0146329__clip5__rounds-100__epochs-5__alzheimer_remove__paper_cnn (1025.7s)
2026-08-20 02:12:35 EVALUATED alzheimer-out-remove__homogeneous__global-dp__fedavg__clients-47__seed-42__nm0p0146329__clip5__rounds-100__epochs-5__alzheimer_remove__paper_cnn round=1 (checkpoint deleted)
2026-08-20 02:12:35 EVALUATED alzheimer-out-remove__homogeneous__global-dp__fedavg__clients-47__seed-42__nm0p0146329__clip5__rounds-100__epochs-5__alzheimer_remove__paper_cnn round=10 (checkpoint deleted)
2026-08-20 02:12:36 EVALUATED alzheimer-out-remove__homogeneous__global-dp__fedavg__clients-47__seed-42__nm0p0146329__clip5__rounds-100__epochs-5__alzheimer_remove__paper_cnn round=20 (checkpoint deleted)
2026-08-20 02:12:36 EVALUATED alzheimer-out-remove__homogeneous__global-dp__fedavg__clients-47__seed-42__nm0p0146329__clip5__rounds-100__epochs-5__alzheimer_remove__paper_cnn round=30 (checkpoint deleted)
2026-08-20 02:12:37 EVALUATED alzheimer-out-remove__homogeneous__global-dp__fedavg__clients-47__seed-42__nm0p0146329__clip5__rounds-100__epochs-5__alzheimer_remove__paper_cnn round=40 (checkpoint deleted)
2026-08-20 02:12:37 EVALUATED alzheimer-out-remove__homogeneous__global-dp__fedavg__clients-47__seed-42__nm0p0146329__clip5__rounds-100__epochs-5__alzheimer_remove__paper_cnn round=50 (checkpoint deleted)
2026-08-20 02:12:38 EVALUATED alzheimer-out-remove__homogeneous__global-dp__fedavg__clients-47__seed-42__nm0p0146329__clip5__rounds-100__epochs-5__alzheimer_remove__paper_cnn round=60 (checkpoint deleted)
2026-08-20 02:12:38 EVALUATED alzheimer-out-remove__homogeneous__global-dp__fedavg__clients-47__seed-42__nm0p0146329__clip5__rounds-100__epochs-5__alzheimer_remove__paper_cnn round=70 (checkpoint deleted)
2026-08-20 02:12:39 EVALUATED alzheimer-out-remove__homogeneous__global-dp__fedavg__clients-47__seed-42__nm0p0146329__clip5__rounds-100__epochs-5__alzheimer_remove__paper_cnn round=80 (checkpoint deleted)
2026-08-20 02:12:39 EVALUATED alzheimer-out-remove__homogeneous__global-dp__fedavg__clients-47__seed-42__nm0p0146329__clip5__rounds-100__epochs-5__alzheimer_remove__paper_cnn round=90 (checkpoint deleted)
2026-08-20 02:12:40 EVALUATED alzheimer-out-remove__homogeneous__global-dp__fedavg__clients-47__seed-42__nm0p0146329__clip5__rounds-100__epochs-5__alzheimer_remove__paper_cnn round=100 (checkpoint deleted)
2026-08-20 02:12:40 PROGRESS 2/2 (0 failed so far)
2026-08-20 02:12:40 Sweep finished: 2/2 attempted, 0 failed
