2026-08-21 08:55:40 Fashion-MNIST stage (global-dp, non-iid, seed=42, noise_ratio=0.0026764342935115468): 2 trajectories
2026-08-21 08:55:40 START fashion-mnist-in-remove__non-iid__global-dp__fedavg__clients-48__seed-42__nm0p128469__clip5__rounds-100__epochs-5__fashion_mnist_remove__fashion_mnist_cnn 
2026-08-21 09:11:49 DONE  fashion-mnist-in-remove__non-iid__global-dp__fedavg__clients-48__seed-42__nm0p128469__clip5__rounds-100__epochs-5__fashion_mnist_remove__fashion_mnist_cnn (968.7s)
2026-08-21 09:11:52 EVALUATED fashion-mnist-in-remove__non-iid__global-dp__fedavg__clients-48__seed-42__nm0p128469__clip5__rounds-100__epochs-5__fashion_mnist_remove__fashion_mnist_cnn round=1 (checkpoint deleted)
2026-08-21 09:11:54 EVALUATED fashion-mnist-in-remove__non-iid__global-dp__fedavg__clients-48__seed-42__nm0p128469__clip5__rounds-100__epochs-5__fashion_mnist_remove__fashion_mnist_cnn round=10 (checkpoint deleted)
2026-08-21 09:11:57 EVALUATED fashion-mnist-in-remove__non-iid__global-dp__fedavg__clients-48__seed-42__nm0p128469__clip5__rounds-100__epochs-5__fashion_mnist_remove__fashion_mnist_cnn round=20 (checkpoint deleted)
2026-08-21 09:12:00 EVALUATED fashion-mnist-in-remove__non-iid__global-dp__fedavg__clients-48__seed-42__nm0p128469__clip5__rounds-100__epochs-5__fashion_mnist_remove__fashion_mnist_cnn round=30 (checkpoint deleted)
2026-08-21 09:12:02 EVALUATED fashion-mnist-in-remove__non-iid__global-dp__fedavg__clients-48__seed-42__nm0p128469__clip5__rounds-100__epochs-5__fashion_mnist_remove__fashion_mnist_cnn round=40 (checkpoint deleted)
2026-08-21 09:12:05 EVALUATED fashion-mnist-in-remove__non-iid__global-dp__fedavg__clients-48__seed-42__nm0p128469__clip5__rounds-100__epochs-5__fashion_mnist_remove__fashion_mnist_cnn round=50 (checkpoint deleted)
2026-08-21 09:12:08 EVALUATED fashion-mnist-in-remove__non-iid__global-dp__fedavg__clients-48__seed-42__nm0p128469__clip5__rounds-100__epochs-5__fashion_mnist_remove__fashion_mnist_cnn round=60 (checkpoint deleted)
2026-08-21 09:12:11 EVALUATED fashion-mnist-in-remove__non-iid__global-dp__fedavg__clients-48__seed-42__nm0p128469__clip5__rounds-100__epochs-5__fashion_mnist_remove__fashion_mnist_cnn round=70 (checkpoint deleted)
2026-08-21 09:12:13 EVALUATED fashion-mnist-in-remove__non-iid__global-dp__fedavg__clients-48__seed-42__nm0p128469__clip5__rounds-100__epochs-5__fashion_mnist_remove__fashion_mnist_cnn round=80 (checkpoint deleted)
2026-08-21 09:12:16 EVALUATED fashion-mnist-in-remove__non-iid__global-dp__fedavg__clients-48__seed-42__nm0p128469__clip5__rounds-100__epochs-5__fashion_mnist_remove__fashion_mnist_cnn round=90 (checkpoint deleted)
2026-08-21 09:12:19 EVALUATED fashion-mnist-in-remove__non-iid__global-dp__fedavg__clients-48__seed-42__nm0p128469__clip5__rounds-100__epochs-5__fashion_mnist_remove__fashion_mnist_cnn round=100 (checkpoint deleted)
2026-08-21 09:12:19 PROGRESS 1/2 (0 failed so far)
2026-08-21 09:12:19 START fashion-mnist-out-remove__non-iid__global-dp__fedavg__clients-47__seed-42__nm0p125792__clip5__rounds-100__epochs-5__fashion_mnist_remove__fashion_mnist_cnn 
2026-08-21 09:28:09 DONE  fashion-mnist-out-remove__non-iid__global-dp__fedavg__clients-47__seed-42__nm0p125792__clip5__rounds-100__epochs-5__fashion_mnist_remove__fashion_mnist_cnn (950.1s)
2026-08-21 09:28:11 EVALUATED fashion-mnist-out-remove__non-iid__global-dp__fedavg__clients-47__seed-42__nm0p125792__clip5__rounds-100__epochs-5__fashion_mnist_remove__fashion_mnist_cnn round=1 (checkpoint deleted)
2026-08-21 09:28:14 EVALUATED fashion-mnist-out-remove__non-iid__global-dp__fedavg__clients-47__seed-42__nm0p125792__clip5__rounds-100__epochs-5__fashion_mnist_remove__fashion_mnist_cnn round=10 (checkpoint deleted)
2026-08-21 09:28:17 EVALUATED fashion-mnist-out-remove__non-iid__global-dp__fedavg__clients-47__seed-42__nm0p125792__clip5__rounds-100__epochs-5__fashion_mnist_remove__fashion_mnist_cnn round=20 (checkpoint deleted)
2026-08-21 09:28:20 EVALUATED fashion-mnist-out-remove__non-iid__global-dp__fedavg__clients-47__seed-42__nm0p125792__clip5__rounds-100__epochs-5__fashion_mnist_remove__fashion_mnist_cnn round=30 (checkpoint deleted)
2026-08-21 09:28:22 EVALUATED fashion-mnist-out-remove__non-iid__global-dp__fedavg__clients-47__seed-42__nm0p125792__clip5__rounds-100__epochs-5__fashion_mnist_remove__fashion_mnist_cnn round=40 (checkpoint deleted)
2026-08-21 09:28:25 EVALUATED fashion-mnist-out-remove__non-iid__global-dp__fedavg__clients-47__seed-42__nm0p125792__clip5__rounds-100__epochs-5__fashion_mnist_remove__fashion_mnist_cnn round=50 (checkpoint deleted)
2026-08-21 09:28:28 EVALUATED fashion-mnist-out-remove__non-iid__global-dp__fedavg__clients-47__seed-42__nm0p125792__clip5__rounds-100__epochs-5__fashion_mnist_remove__fashion_mnist_cnn round=60 (checkpoint deleted)
2026-08-21 09:28:31 EVALUATED fashion-mnist-out-remove__non-iid__global-dp__fedavg__clients-47__seed-42__nm0p125792__clip5__rounds-100__epochs-5__fashion_mnist_remove__fashion_mnist_cnn round=70 (checkpoint deleted)
2026-08-21 09:28:33 EVALUATED fashion-mnist-out-remove__non-iid__global-dp__fedavg__clients-47__seed-42__nm0p125792__clip5__rounds-100__epochs-5__fashion_mnist_remove__fashion_mnist_cnn round=80 (checkpoint deleted)
2026-08-21 09:28:36 EVALUATED fashion-mnist-out-remove__non-iid__global-dp__fedavg__clients-47__seed-42__nm0p125792__clip5__rounds-100__epochs-5__fashion_mnist_remove__fashion_mnist_cnn round=90 (checkpoint deleted)
2026-08-21 09:28:39 EVALUATED fashion-mnist-out-remove__non-iid__global-dp__fedavg__clients-47__seed-42__nm0p125792__clip5__rounds-100__epochs-5__fashion_mnist_remove__fashion_mnist_cnn round=100 (checkpoint deleted)
2026-08-21 09:28:39 PROGRESS 2/2 (0 failed so far)
2026-08-21 09:28:39 Sweep finished: 2/2 attempted, 0 failed
