2026-08-20 11:37:53 Alzheimer stage (vanilla, non-iid, seed=44, noise_ratio=None): 2 trajectories
2026-08-20 11:37:53 START alzheimer-in-remove__non-iid__vanilla__fedavg__clients-48__seed-44__nm0p00373606__clip5__rounds-100__epochs-5__alzheimer_remove__paper_cnn 
2026-08-20 11:47:57 DONE  alzheimer-in-remove__non-iid__vanilla__fedavg__clients-48__seed-44__nm0p00373606__clip5__rounds-100__epochs-5__alzheimer_remove__paper_cnn (604.0s)
2026-08-20 11:47:58 EVALUATED alzheimer-in-remove__non-iid__vanilla__fedavg__clients-48__seed-44__nm0p00373606__clip5__rounds-100__epochs-5__alzheimer_remove__paper_cnn round=1 (checkpoint deleted)
2026-08-20 11:47:58 EVALUATED alzheimer-in-remove__non-iid__vanilla__fedavg__clients-48__seed-44__nm0p00373606__clip5__rounds-100__epochs-5__alzheimer_remove__paper_cnn round=10 (checkpoint deleted)
2026-08-20 11:47:59 EVALUATED alzheimer-in-remove__non-iid__vanilla__fedavg__clients-48__seed-44__nm0p00373606__clip5__rounds-100__epochs-5__alzheimer_remove__paper_cnn round=20 (checkpoint deleted)
2026-08-20 11:47:59 EVALUATED alzheimer-in-remove__non-iid__vanilla__fedavg__clients-48__seed-44__nm0p00373606__clip5__rounds-100__epochs-5__alzheimer_remove__paper_cnn round=30 (checkpoint deleted)
2026-08-20 11:48:00 EVALUATED alzheimer-in-remove__non-iid__vanilla__fedavg__clients-48__seed-44__nm0p00373606__clip5__rounds-100__epochs-5__alzheimer_remove__paper_cnn round=40 (checkpoint deleted)
2026-08-20 11:48:00 EVALUATED alzheimer-in-remove__non-iid__vanilla__fedavg__clients-48__seed-44__nm0p00373606__clip5__rounds-100__epochs-5__alzheimer_remove__paper_cnn round=50 (checkpoint deleted)
2026-08-20 11:48:01 EVALUATED alzheimer-in-remove__non-iid__vanilla__fedavg__clients-48__seed-44__nm0p00373606__clip5__rounds-100__epochs-5__alzheimer_remove__paper_cnn round=60 (checkpoint deleted)
2026-08-20 11:48:01 EVALUATED alzheimer-in-remove__non-iid__vanilla__fedavg__clients-48__seed-44__nm0p00373606__clip5__rounds-100__epochs-5__alzheimer_remove__paper_cnn round=70 (checkpoint deleted)
2026-08-20 11:48:02 EVALUATED alzheimer-in-remove__non-iid__vanilla__fedavg__clients-48__seed-44__nm0p00373606__clip5__rounds-100__epochs-5__alzheimer_remove__paper_cnn round=80 (checkpoint deleted)
2026-08-20 11:48:02 EVALUATED alzheimer-in-remove__non-iid__vanilla__fedavg__clients-48__seed-44__nm0p00373606__clip5__rounds-100__epochs-5__alzheimer_remove__paper_cnn round=90 (checkpoint deleted)
2026-08-20 11:48:03 EVALUATED alzheimer-in-remove__non-iid__vanilla__fedavg__clients-48__seed-44__nm0p00373606__clip5__rounds-100__epochs-5__alzheimer_remove__paper_cnn round=100 (checkpoint deleted)
2026-08-20 11:48:03 PROGRESS 1/2 (0 failed so far)
2026-08-20 11:48:03 START alzheimer-out-remove__non-iid__vanilla__fedavg__clients-47__seed-44__nm0p00373606__clip5__rounds-100__epochs-5__alzheimer_remove__paper_cnn 
2026-08-20 11:58:02 DONE  alzheimer-out-remove__non-iid__vanilla__fedavg__clients-47__seed-44__nm0p00373606__clip5__rounds-100__epochs-5__alzheimer_remove__paper_cnn (599.7s)
2026-08-20 11:58:03 EVALUATED alzheimer-out-remove__non-iid__vanilla__fedavg__clients-47__seed-44__nm0p00373606__clip5__rounds-100__epochs-5__alzheimer_remove__paper_cnn round=1 (checkpoint deleted)
2026-08-20 11:58:03 EVALUATED alzheimer-out-remove__non-iid__vanilla__fedavg__clients-47__seed-44__nm0p00373606__clip5__rounds-100__epochs-5__alzheimer_remove__paper_cnn round=10 (checkpoint deleted)
2026-08-20 11:58:04 EVALUATED alzheimer-out-remove__non-iid__vanilla__fedavg__clients-47__seed-44__nm0p00373606__clip5__rounds-100__epochs-5__alzheimer_remove__paper_cnn round=20 (checkpoint deleted)
2026-08-20 11:58:04 EVALUATED alzheimer-out-remove__non-iid__vanilla__fedavg__clients-47__seed-44__nm0p00373606__clip5__rounds-100__epochs-5__alzheimer_remove__paper_cnn round=30 (checkpoint deleted)
2026-08-20 11:58:05 EVALUATED alzheimer-out-remove__non-iid__vanilla__fedavg__clients-47__seed-44__nm0p00373606__clip5__rounds-100__epochs-5__alzheimer_remove__paper_cnn round=40 (checkpoint deleted)
2026-08-20 11:58:05 EVALUATED alzheimer-out-remove__non-iid__vanilla__fedavg__clients-47__seed-44__nm0p00373606__clip5__rounds-100__epochs-5__alzheimer_remove__paper_cnn round=50 (checkpoint deleted)
2026-08-20 11:58:06 EVALUATED alzheimer-out-remove__non-iid__vanilla__fedavg__clients-47__seed-44__nm0p00373606__clip5__rounds-100__epochs-5__alzheimer_remove__paper_cnn round=60 (checkpoint deleted)
2026-08-20 11:58:06 EVALUATED alzheimer-out-remove__non-iid__vanilla__fedavg__clients-47__seed-44__nm0p00373606__clip5__rounds-100__epochs-5__alzheimer_remove__paper_cnn round=70 (checkpoint deleted)
2026-08-20 11:58:07 EVALUATED alzheimer-out-remove__non-iid__vanilla__fedavg__clients-47__seed-44__nm0p00373606__clip5__rounds-100__epochs-5__alzheimer_remove__paper_cnn round=80 (checkpoint deleted)
2026-08-20 11:58:07 EVALUATED alzheimer-out-remove__non-iid__vanilla__fedavg__clients-47__seed-44__nm0p00373606__clip5__rounds-100__epochs-5__alzheimer_remove__paper_cnn round=90 (checkpoint deleted)
2026-08-20 11:58:08 EVALUATED alzheimer-out-remove__non-iid__vanilla__fedavg__clients-47__seed-44__nm0p00373606__clip5__rounds-100__epochs-5__alzheimer_remove__paper_cnn round=100 (checkpoint deleted)
2026-08-20 11:58:08 PROGRESS 2/2 (0 failed so far)
2026-08-20 11:58:08 Sweep finished: 2/2 attempted, 0 failed
