2026-08-05 12:07:02 Starting max-records chunk: 1 trajectories
2026-08-05 12:07:02 START cifar-max-records-out-remove__non-iid__vanilla__fedavg__clients-2__seed-44__nm0p01__clip5__rounds-20__epochs-5__cifar_chunks__cifar10_cnn 
2026-08-05 12:12:36 DONE  cifar-max-records-out-remove__non-iid__vanilla__fedavg__clients-2__seed-44__nm0p01__clip5__rounds-20__epochs-5__cifar_chunks__cifar10_cnn (334.9s)
2026-08-05 12:12:47 EVALUATED cifar-max-records-out-remove__non-iid__vanilla__fedavg__clients-2__seed-44__nm0p01__clip5__rounds-20__epochs-5__cifar_chunks__cifar10_cnn round=1 (checkpoint deleted)
2026-08-05 12:12:53 EVALUATED cifar-max-records-out-remove__non-iid__vanilla__fedavg__clients-2__seed-44__nm0p01__clip5__rounds-20__epochs-5__cifar_chunks__cifar10_cnn round=2 (checkpoint deleted)
2026-08-05 12:13:00 EVALUATED cifar-max-records-out-remove__non-iid__vanilla__fedavg__clients-2__seed-44__nm0p01__clip5__rounds-20__epochs-5__cifar_chunks__cifar10_cnn round=3 (checkpoint deleted)
2026-08-05 12:13:07 EVALUATED cifar-max-records-out-remove__non-iid__vanilla__fedavg__clients-2__seed-44__nm0p01__clip5__rounds-20__epochs-5__cifar_chunks__cifar10_cnn round=4 (checkpoint deleted)
2026-08-05 12:13:14 EVALUATED cifar-max-records-out-remove__non-iid__vanilla__fedavg__clients-2__seed-44__nm0p01__clip5__rounds-20__epochs-5__cifar_chunks__cifar10_cnn round=5 (checkpoint deleted)
2026-08-05 12:13:21 EVALUATED cifar-max-records-out-remove__non-iid__vanilla__fedavg__clients-2__seed-44__nm0p01__clip5__rounds-20__epochs-5__cifar_chunks__cifar10_cnn round=6 (checkpoint deleted)
2026-08-05 12:13:28 EVALUATED cifar-max-records-out-remove__non-iid__vanilla__fedavg__clients-2__seed-44__nm0p01__clip5__rounds-20__epochs-5__cifar_chunks__cifar10_cnn round=7 (checkpoint deleted)
2026-08-05 12:13:35 EVALUATED cifar-max-records-out-remove__non-iid__vanilla__fedavg__clients-2__seed-44__nm0p01__clip5__rounds-20__epochs-5__cifar_chunks__cifar10_cnn round=8 (checkpoint deleted)
2026-08-05 12:13:41 EVALUATED cifar-max-records-out-remove__non-iid__vanilla__fedavg__clients-2__seed-44__nm0p01__clip5__rounds-20__epochs-5__cifar_chunks__cifar10_cnn round=9 (checkpoint deleted)
2026-08-05 12:13:48 EVALUATED cifar-max-records-out-remove__non-iid__vanilla__fedavg__clients-2__seed-44__nm0p01__clip5__rounds-20__epochs-5__cifar_chunks__cifar10_cnn round=10 (checkpoint deleted)
2026-08-05 12:13:55 EVALUATED cifar-max-records-out-remove__non-iid__vanilla__fedavg__clients-2__seed-44__nm0p01__clip5__rounds-20__epochs-5__cifar_chunks__cifar10_cnn round=11 (checkpoint deleted)
2026-08-05 12:14:02 EVALUATED cifar-max-records-out-remove__non-iid__vanilla__fedavg__clients-2__seed-44__nm0p01__clip5__rounds-20__epochs-5__cifar_chunks__cifar10_cnn round=12 (checkpoint deleted)
2026-08-05 12:14:09 EVALUATED cifar-max-records-out-remove__non-iid__vanilla__fedavg__clients-2__seed-44__nm0p01__clip5__rounds-20__epochs-5__cifar_chunks__cifar10_cnn round=13 (checkpoint deleted)
2026-08-05 12:14:16 EVALUATED cifar-max-records-out-remove__non-iid__vanilla__fedavg__clients-2__seed-44__nm0p01__clip5__rounds-20__epochs-5__cifar_chunks__cifar10_cnn round=14 (checkpoint deleted)
2026-08-05 12:14:22 EVALUATED cifar-max-records-out-remove__non-iid__vanilla__fedavg__clients-2__seed-44__nm0p01__clip5__rounds-20__epochs-5__cifar_chunks__cifar10_cnn round=15 (checkpoint deleted)
2026-08-05 12:14:29 EVALUATED cifar-max-records-out-remove__non-iid__vanilla__fedavg__clients-2__seed-44__nm0p01__clip5__rounds-20__epochs-5__cifar_chunks__cifar10_cnn round=16 (checkpoint deleted)
2026-08-05 12:14:36 EVALUATED cifar-max-records-out-remove__non-iid__vanilla__fedavg__clients-2__seed-44__nm0p01__clip5__rounds-20__epochs-5__cifar_chunks__cifar10_cnn round=17 (checkpoint deleted)
2026-08-05 12:14:43 EVALUATED cifar-max-records-out-remove__non-iid__vanilla__fedavg__clients-2__seed-44__nm0p01__clip5__rounds-20__epochs-5__cifar_chunks__cifar10_cnn round=18 (checkpoint deleted)
2026-08-05 12:14:50 EVALUATED cifar-max-records-out-remove__non-iid__vanilla__fedavg__clients-2__seed-44__nm0p01__clip5__rounds-20__epochs-5__cifar_chunks__cifar10_cnn round=19 (checkpoint deleted)
2026-08-05 12:14:57 EVALUATED cifar-max-records-out-remove__non-iid__vanilla__fedavg__clients-2__seed-44__nm0p01__clip5__rounds-20__epochs-5__cifar_chunks__cifar10_cnn round=20 (checkpoint deleted)
2026-08-05 12:14:57 PROGRESS 1/1 (0 failed so far)
2026-08-05 12:14:57 Sweep finished: 1/1 attempted, 0 failed
