2026-08-05 11:06:28 Starting fashion-out-remove: 9 trajectories
2026-08-05 11:06:28 START fashion-out-remove__non-iid__vanilla__fedavg__clients-2__seed-42__nm0p01__clip5__rounds-20__epochs-5__planned_runs__fashion_mnist_cnn 
2026-08-05 11:08:49 DONE  fashion-out-remove__non-iid__vanilla__fedavg__clients-2__seed-42__nm0p01__clip5__rounds-20__epochs-5__planned_runs__fashion_mnist_cnn (140.8s)
2026-08-05 11:08:57 EVALUATED fashion-out-remove__non-iid__vanilla__fedavg__clients-2__seed-42__nm0p01__clip5__rounds-20__epochs-5__planned_runs__fashion_mnist_cnn round=1 (checkpoint deleted)
2026-08-05 11:09:02 EVALUATED fashion-out-remove__non-iid__vanilla__fedavg__clients-2__seed-42__nm0p01__clip5__rounds-20__epochs-5__planned_runs__fashion_mnist_cnn round=2 (checkpoint deleted)
2026-08-05 11:09:06 EVALUATED fashion-out-remove__non-iid__vanilla__fedavg__clients-2__seed-42__nm0p01__clip5__rounds-20__epochs-5__planned_runs__fashion_mnist_cnn round=3 (checkpoint deleted)
2026-08-05 11:09:11 EVALUATED fashion-out-remove__non-iid__vanilla__fedavg__clients-2__seed-42__nm0p01__clip5__rounds-20__epochs-5__planned_runs__fashion_mnist_cnn round=4 (checkpoint deleted)
2026-08-05 11:09:16 EVALUATED fashion-out-remove__non-iid__vanilla__fedavg__clients-2__seed-42__nm0p01__clip5__rounds-20__epochs-5__planned_runs__fashion_mnist_cnn round=5 (checkpoint deleted)
2026-08-05 11:09:21 EVALUATED fashion-out-remove__non-iid__vanilla__fedavg__clients-2__seed-42__nm0p01__clip5__rounds-20__epochs-5__planned_runs__fashion_mnist_cnn round=6 (checkpoint deleted)
2026-08-05 11:09:25 EVALUATED fashion-out-remove__non-iid__vanilla__fedavg__clients-2__seed-42__nm0p01__clip5__rounds-20__epochs-5__planned_runs__fashion_mnist_cnn round=7 (checkpoint deleted)
2026-08-05 11:09:30 EVALUATED fashion-out-remove__non-iid__vanilla__fedavg__clients-2__seed-42__nm0p01__clip5__rounds-20__epochs-5__planned_runs__fashion_mnist_cnn round=8 (checkpoint deleted)
2026-08-05 11:09:35 EVALUATED fashion-out-remove__non-iid__vanilla__fedavg__clients-2__seed-42__nm0p01__clip5__rounds-20__epochs-5__planned_runs__fashion_mnist_cnn round=9 (checkpoint deleted)
2026-08-05 11:09:39 EVALUATED fashion-out-remove__non-iid__vanilla__fedavg__clients-2__seed-42__nm0p01__clip5__rounds-20__epochs-5__planned_runs__fashion_mnist_cnn round=10 (checkpoint deleted)
2026-08-05 11:09:44 EVALUATED fashion-out-remove__non-iid__vanilla__fedavg__clients-2__seed-42__nm0p01__clip5__rounds-20__epochs-5__planned_runs__fashion_mnist_cnn round=11 (checkpoint deleted)
2026-08-05 11:09:49 EVALUATED fashion-out-remove__non-iid__vanilla__fedavg__clients-2__seed-42__nm0p01__clip5__rounds-20__epochs-5__planned_runs__fashion_mnist_cnn round=12 (checkpoint deleted)
2026-08-05 11:09:53 EVALUATED fashion-out-remove__non-iid__vanilla__fedavg__clients-2__seed-42__nm0p01__clip5__rounds-20__epochs-5__planned_runs__fashion_mnist_cnn round=13 (checkpoint deleted)
2026-08-05 11:09:58 EVALUATED fashion-out-remove__non-iid__vanilla__fedavg__clients-2__seed-42__nm0p01__clip5__rounds-20__epochs-5__planned_runs__fashion_mnist_cnn round=14 (checkpoint deleted)
2026-08-05 11:10:03 EVALUATED fashion-out-remove__non-iid__vanilla__fedavg__clients-2__seed-42__nm0p01__clip5__rounds-20__epochs-5__planned_runs__fashion_mnist_cnn round=15 (checkpoint deleted)
2026-08-05 11:10:08 EVALUATED fashion-out-remove__non-iid__vanilla__fedavg__clients-2__seed-42__nm0p01__clip5__rounds-20__epochs-5__planned_runs__fashion_mnist_cnn round=16 (checkpoint deleted)
2026-08-05 11:10:12 EVALUATED fashion-out-remove__non-iid__vanilla__fedavg__clients-2__seed-42__nm0p01__clip5__rounds-20__epochs-5__planned_runs__fashion_mnist_cnn round=17 (checkpoint deleted)
2026-08-05 11:10:17 EVALUATED fashion-out-remove__non-iid__vanilla__fedavg__clients-2__seed-42__nm0p01__clip5__rounds-20__epochs-5__planned_runs__fashion_mnist_cnn round=18 (checkpoint deleted)
2026-08-05 11:10:22 EVALUATED fashion-out-remove__non-iid__vanilla__fedavg__clients-2__seed-42__nm0p01__clip5__rounds-20__epochs-5__planned_runs__fashion_mnist_cnn round=19 (checkpoint deleted)
2026-08-05 11:10:26 EVALUATED fashion-out-remove__non-iid__vanilla__fedavg__clients-2__seed-42__nm0p01__clip5__rounds-20__epochs-5__planned_runs__fashion_mnist_cnn round=20 (checkpoint deleted)
2026-08-05 11:10:26 PROGRESS 1/9 (0 failed so far)
2026-08-05 11:10:26 START fashion-out-remove__non-iid__vanilla__fedavg__clients-2__seed-43__nm0p01__clip5__rounds-20__epochs-5__planned_runs__fashion_mnist_cnn 
2026-08-05 11:12:49 DONE  fashion-out-remove__non-iid__vanilla__fedavg__clients-2__seed-43__nm0p01__clip5__rounds-20__epochs-5__planned_runs__fashion_mnist_cnn (142.5s)
2026-08-05 11:12:54 EVALUATED fashion-out-remove__non-iid__vanilla__fedavg__clients-2__seed-43__nm0p01__clip5__rounds-20__epochs-5__planned_runs__fashion_mnist_cnn round=1 (checkpoint deleted)
2026-08-05 11:12:59 EVALUATED fashion-out-remove__non-iid__vanilla__fedavg__clients-2__seed-43__nm0p01__clip5__rounds-20__epochs-5__planned_runs__fashion_mnist_cnn round=2 (checkpoint deleted)
2026-08-05 11:13:03 EVALUATED fashion-out-remove__non-iid__vanilla__fedavg__clients-2__seed-43__nm0p01__clip5__rounds-20__epochs-5__planned_runs__fashion_mnist_cnn round=3 (checkpoint deleted)
2026-08-05 11:13:08 EVALUATED fashion-out-remove__non-iid__vanilla__fedavg__clients-2__seed-43__nm0p01__clip5__rounds-20__epochs-5__planned_runs__fashion_mnist_cnn round=4 (checkpoint deleted)
2026-08-05 11:13:13 EVALUATED fashion-out-remove__non-iid__vanilla__fedavg__clients-2__seed-43__nm0p01__clip5__rounds-20__epochs-5__planned_runs__fashion_mnist_cnn round=5 (checkpoint deleted)
2026-08-05 11:13:18 EVALUATED fashion-out-remove__non-iid__vanilla__fedavg__clients-2__seed-43__nm0p01__clip5__rounds-20__epochs-5__planned_runs__fashion_mnist_cnn round=6 (checkpoint deleted)
2026-08-05 11:13:22 EVALUATED fashion-out-remove__non-iid__vanilla__fedavg__clients-2__seed-43__nm0p01__clip5__rounds-20__epochs-5__planned_runs__fashion_mnist_cnn round=7 (checkpoint deleted)
2026-08-05 11:13:27 EVALUATED fashion-out-remove__non-iid__vanilla__fedavg__clients-2__seed-43__nm0p01__clip5__rounds-20__epochs-5__planned_runs__fashion_mnist_cnn round=8 (checkpoint deleted)
2026-08-05 11:13:32 EVALUATED fashion-out-remove__non-iid__vanilla__fedavg__clients-2__seed-43__nm0p01__clip5__rounds-20__epochs-5__planned_runs__fashion_mnist_cnn round=9 (checkpoint deleted)
2026-08-05 11:13:37 EVALUATED fashion-out-remove__non-iid__vanilla__fedavg__clients-2__seed-43__nm0p01__clip5__rounds-20__epochs-5__planned_runs__fashion_mnist_cnn round=10 (checkpoint deleted)
2026-08-05 11:13:41 EVALUATED fashion-out-remove__non-iid__vanilla__fedavg__clients-2__seed-43__nm0p01__clip5__rounds-20__epochs-5__planned_runs__fashion_mnist_cnn round=11 (checkpoint deleted)
2026-08-05 11:13:46 EVALUATED fashion-out-remove__non-iid__vanilla__fedavg__clients-2__seed-43__nm0p01__clip5__rounds-20__epochs-5__planned_runs__fashion_mnist_cnn round=12 (checkpoint deleted)
2026-08-05 11:13:51 EVALUATED fashion-out-remove__non-iid__vanilla__fedavg__clients-2__seed-43__nm0p01__clip5__rounds-20__epochs-5__planned_runs__fashion_mnist_cnn round=13 (checkpoint deleted)
2026-08-05 11:13:56 EVALUATED fashion-out-remove__non-iid__vanilla__fedavg__clients-2__seed-43__nm0p01__clip5__rounds-20__epochs-5__planned_runs__fashion_mnist_cnn round=14 (checkpoint deleted)
2026-08-05 11:14:00 EVALUATED fashion-out-remove__non-iid__vanilla__fedavg__clients-2__seed-43__nm0p01__clip5__rounds-20__epochs-5__planned_runs__fashion_mnist_cnn round=15 (checkpoint deleted)
2026-08-05 11:14:05 EVALUATED fashion-out-remove__non-iid__vanilla__fedavg__clients-2__seed-43__nm0p01__clip5__rounds-20__epochs-5__planned_runs__fashion_mnist_cnn round=16 (checkpoint deleted)
2026-08-05 11:14:10 EVALUATED fashion-out-remove__non-iid__vanilla__fedavg__clients-2__seed-43__nm0p01__clip5__rounds-20__epochs-5__planned_runs__fashion_mnist_cnn round=17 (checkpoint deleted)
2026-08-05 11:14:15 EVALUATED fashion-out-remove__non-iid__vanilla__fedavg__clients-2__seed-43__nm0p01__clip5__rounds-20__epochs-5__planned_runs__fashion_mnist_cnn round=18 (checkpoint deleted)
2026-08-05 11:14:19 EVALUATED fashion-out-remove__non-iid__vanilla__fedavg__clients-2__seed-43__nm0p01__clip5__rounds-20__epochs-5__planned_runs__fashion_mnist_cnn round=19 (checkpoint deleted)
2026-08-05 11:14:24 EVALUATED fashion-out-remove__non-iid__vanilla__fedavg__clients-2__seed-43__nm0p01__clip5__rounds-20__epochs-5__planned_runs__fashion_mnist_cnn round=20 (checkpoint deleted)
2026-08-05 11:14:24 PROGRESS 2/9 (0 failed so far)
2026-08-05 11:14:24 START fashion-out-remove__non-iid__vanilla__fedavg__clients-2__seed-44__nm0p01__clip5__rounds-20__epochs-5__planned_runs__fashion_mnist_cnn 
2026-08-05 11:16:47 DONE  fashion-out-remove__non-iid__vanilla__fedavg__clients-2__seed-44__nm0p01__clip5__rounds-20__epochs-5__planned_runs__fashion_mnist_cnn (143.3s)
2026-08-05 11:16:52 EVALUATED fashion-out-remove__non-iid__vanilla__fedavg__clients-2__seed-44__nm0p01__clip5__rounds-20__epochs-5__planned_runs__fashion_mnist_cnn round=1 (checkpoint deleted)
2026-08-05 11:16:57 EVALUATED fashion-out-remove__non-iid__vanilla__fedavg__clients-2__seed-44__nm0p01__clip5__rounds-20__epochs-5__planned_runs__fashion_mnist_cnn round=2 (checkpoint deleted)
2026-08-05 11:17:02 EVALUATED fashion-out-remove__non-iid__vanilla__fedavg__clients-2__seed-44__nm0p01__clip5__rounds-20__epochs-5__planned_runs__fashion_mnist_cnn round=3 (checkpoint deleted)
2026-08-05 11:17:06 EVALUATED fashion-out-remove__non-iid__vanilla__fedavg__clients-2__seed-44__nm0p01__clip5__rounds-20__epochs-5__planned_runs__fashion_mnist_cnn round=4 (checkpoint deleted)
2026-08-05 11:17:11 EVALUATED fashion-out-remove__non-iid__vanilla__fedavg__clients-2__seed-44__nm0p01__clip5__rounds-20__epochs-5__planned_runs__fashion_mnist_cnn round=5 (checkpoint deleted)
2026-08-05 11:17:16 EVALUATED fashion-out-remove__non-iid__vanilla__fedavg__clients-2__seed-44__nm0p01__clip5__rounds-20__epochs-5__planned_runs__fashion_mnist_cnn round=6 (checkpoint deleted)
2026-08-05 11:17:21 EVALUATED fashion-out-remove__non-iid__vanilla__fedavg__clients-2__seed-44__nm0p01__clip5__rounds-20__epochs-5__planned_runs__fashion_mnist_cnn round=7 (checkpoint deleted)
2026-08-05 11:17:25 EVALUATED fashion-out-remove__non-iid__vanilla__fedavg__clients-2__seed-44__nm0p01__clip5__rounds-20__epochs-5__planned_runs__fashion_mnist_cnn round=8 (checkpoint deleted)
2026-08-05 11:17:30 EVALUATED fashion-out-remove__non-iid__vanilla__fedavg__clients-2__seed-44__nm0p01__clip5__rounds-20__epochs-5__planned_runs__fashion_mnist_cnn round=9 (checkpoint deleted)
2026-08-05 11:17:35 EVALUATED fashion-out-remove__non-iid__vanilla__fedavg__clients-2__seed-44__nm0p01__clip5__rounds-20__epochs-5__planned_runs__fashion_mnist_cnn round=10 (checkpoint deleted)
2026-08-05 11:17:40 EVALUATED fashion-out-remove__non-iid__vanilla__fedavg__clients-2__seed-44__nm0p01__clip5__rounds-20__epochs-5__planned_runs__fashion_mnist_cnn round=11 (checkpoint deleted)
2026-08-05 11:17:44 EVALUATED fashion-out-remove__non-iid__vanilla__fedavg__clients-2__seed-44__nm0p01__clip5__rounds-20__epochs-5__planned_runs__fashion_mnist_cnn round=12 (checkpoint deleted)
2026-08-05 11:17:49 EVALUATED fashion-out-remove__non-iid__vanilla__fedavg__clients-2__seed-44__nm0p01__clip5__rounds-20__epochs-5__planned_runs__fashion_mnist_cnn round=13 (checkpoint deleted)
2026-08-05 11:17:54 EVALUATED fashion-out-remove__non-iid__vanilla__fedavg__clients-2__seed-44__nm0p01__clip5__rounds-20__epochs-5__planned_runs__fashion_mnist_cnn round=14 (checkpoint deleted)
2026-08-05 11:17:58 EVALUATED fashion-out-remove__non-iid__vanilla__fedavg__clients-2__seed-44__nm0p01__clip5__rounds-20__epochs-5__planned_runs__fashion_mnist_cnn round=15 (checkpoint deleted)
2026-08-05 11:18:03 EVALUATED fashion-out-remove__non-iid__vanilla__fedavg__clients-2__seed-44__nm0p01__clip5__rounds-20__epochs-5__planned_runs__fashion_mnist_cnn round=16 (checkpoint deleted)
2026-08-05 11:18:08 EVALUATED fashion-out-remove__non-iid__vanilla__fedavg__clients-2__seed-44__nm0p01__clip5__rounds-20__epochs-5__planned_runs__fashion_mnist_cnn round=17 (checkpoint deleted)
2026-08-05 11:18:13 EVALUATED fashion-out-remove__non-iid__vanilla__fedavg__clients-2__seed-44__nm0p01__clip5__rounds-20__epochs-5__planned_runs__fashion_mnist_cnn round=18 (checkpoint deleted)
2026-08-05 11:18:17 EVALUATED fashion-out-remove__non-iid__vanilla__fedavg__clients-2__seed-44__nm0p01__clip5__rounds-20__epochs-5__planned_runs__fashion_mnist_cnn round=19 (checkpoint deleted)
2026-08-05 11:18:22 EVALUATED fashion-out-remove__non-iid__vanilla__fedavg__clients-2__seed-44__nm0p01__clip5__rounds-20__epochs-5__planned_runs__fashion_mnist_cnn round=20 (checkpoint deleted)
2026-08-05 11:18:22 PROGRESS 3/9 (0 failed so far)
2026-08-05 11:18:22 START fashion-out-remove__non-iid__global-dp__fedavg__clients-2__seed-42__nm0p01__clip5__rounds-20__epochs-5__planned_runs__fashion_mnist_cnn 
2026-08-05 11:20:46 DONE  fashion-out-remove__non-iid__global-dp__fedavg__clients-2__seed-42__nm0p01__clip5__rounds-20__epochs-5__planned_runs__fashion_mnist_cnn (143.4s)
2026-08-05 11:20:50 EVALUATED fashion-out-remove__non-iid__global-dp__fedavg__clients-2__seed-42__nm0p01__clip5__rounds-20__epochs-5__planned_runs__fashion_mnist_cnn round=1 (checkpoint deleted)
2026-08-05 11:20:55 EVALUATED fashion-out-remove__non-iid__global-dp__fedavg__clients-2__seed-42__nm0p01__clip5__rounds-20__epochs-5__planned_runs__fashion_mnist_cnn round=2 (checkpoint deleted)
2026-08-05 11:21:00 EVALUATED fashion-out-remove__non-iid__global-dp__fedavg__clients-2__seed-42__nm0p01__clip5__rounds-20__epochs-5__planned_runs__fashion_mnist_cnn round=3 (checkpoint deleted)
2026-08-05 11:21:05 EVALUATED fashion-out-remove__non-iid__global-dp__fedavg__clients-2__seed-42__nm0p01__clip5__rounds-20__epochs-5__planned_runs__fashion_mnist_cnn round=4 (checkpoint deleted)
2026-08-05 11:21:09 EVALUATED fashion-out-remove__non-iid__global-dp__fedavg__clients-2__seed-42__nm0p01__clip5__rounds-20__epochs-5__planned_runs__fashion_mnist_cnn round=5 (checkpoint deleted)
2026-08-05 11:21:14 EVALUATED fashion-out-remove__non-iid__global-dp__fedavg__clients-2__seed-42__nm0p01__clip5__rounds-20__epochs-5__planned_runs__fashion_mnist_cnn round=6 (checkpoint deleted)
2026-08-05 11:21:19 EVALUATED fashion-out-remove__non-iid__global-dp__fedavg__clients-2__seed-42__nm0p01__clip5__rounds-20__epochs-5__planned_runs__fashion_mnist_cnn round=7 (checkpoint deleted)
2026-08-05 11:21:24 EVALUATED fashion-out-remove__non-iid__global-dp__fedavg__clients-2__seed-42__nm0p01__clip5__rounds-20__epochs-5__planned_runs__fashion_mnist_cnn round=8 (checkpoint deleted)
2026-08-05 11:21:29 EVALUATED fashion-out-remove__non-iid__global-dp__fedavg__clients-2__seed-42__nm0p01__clip5__rounds-20__epochs-5__planned_runs__fashion_mnist_cnn round=9 (checkpoint deleted)
2026-08-05 11:21:33 EVALUATED fashion-out-remove__non-iid__global-dp__fedavg__clients-2__seed-42__nm0p01__clip5__rounds-20__epochs-5__planned_runs__fashion_mnist_cnn round=10 (checkpoint deleted)
2026-08-05 11:21:38 EVALUATED fashion-out-remove__non-iid__global-dp__fedavg__clients-2__seed-42__nm0p01__clip5__rounds-20__epochs-5__planned_runs__fashion_mnist_cnn round=11 (checkpoint deleted)
2026-08-05 11:21:43 EVALUATED fashion-out-remove__non-iid__global-dp__fedavg__clients-2__seed-42__nm0p01__clip5__rounds-20__epochs-5__planned_runs__fashion_mnist_cnn round=12 (checkpoint deleted)
2026-08-05 11:21:48 EVALUATED fashion-out-remove__non-iid__global-dp__fedavg__clients-2__seed-42__nm0p01__clip5__rounds-20__epochs-5__planned_runs__fashion_mnist_cnn round=13 (checkpoint deleted)
2026-08-05 11:21:52 EVALUATED fashion-out-remove__non-iid__global-dp__fedavg__clients-2__seed-42__nm0p01__clip5__rounds-20__epochs-5__planned_runs__fashion_mnist_cnn round=14 (checkpoint deleted)
2026-08-05 11:21:57 EVALUATED fashion-out-remove__non-iid__global-dp__fedavg__clients-2__seed-42__nm0p01__clip5__rounds-20__epochs-5__planned_runs__fashion_mnist_cnn round=15 (checkpoint deleted)
2026-08-05 11:22:02 EVALUATED fashion-out-remove__non-iid__global-dp__fedavg__clients-2__seed-42__nm0p01__clip5__rounds-20__epochs-5__planned_runs__fashion_mnist_cnn round=16 (checkpoint deleted)
2026-08-05 11:22:06 EVALUATED fashion-out-remove__non-iid__global-dp__fedavg__clients-2__seed-42__nm0p01__clip5__rounds-20__epochs-5__planned_runs__fashion_mnist_cnn round=17 (checkpoint deleted)
2026-08-05 11:22:11 EVALUATED fashion-out-remove__non-iid__global-dp__fedavg__clients-2__seed-42__nm0p01__clip5__rounds-20__epochs-5__planned_runs__fashion_mnist_cnn round=18 (checkpoint deleted)
2026-08-05 11:22:16 EVALUATED fashion-out-remove__non-iid__global-dp__fedavg__clients-2__seed-42__nm0p01__clip5__rounds-20__epochs-5__planned_runs__fashion_mnist_cnn round=19 (checkpoint deleted)
2026-08-05 11:22:21 EVALUATED fashion-out-remove__non-iid__global-dp__fedavg__clients-2__seed-42__nm0p01__clip5__rounds-20__epochs-5__planned_runs__fashion_mnist_cnn round=20 (checkpoint deleted)
2026-08-05 11:22:21 PROGRESS 4/9 (0 failed so far)
2026-08-05 11:22:21 START fashion-out-remove__non-iid__global-dp__fedavg__clients-2__seed-43__nm0p01__clip5__rounds-20__epochs-5__planned_runs__fashion_mnist_cnn 
2026-08-05 11:24:44 DONE  fashion-out-remove__non-iid__global-dp__fedavg__clients-2__seed-43__nm0p01__clip5__rounds-20__epochs-5__planned_runs__fashion_mnist_cnn (143.7s)
2026-08-05 11:24:49 EVALUATED fashion-out-remove__non-iid__global-dp__fedavg__clients-2__seed-43__nm0p01__clip5__rounds-20__epochs-5__planned_runs__fashion_mnist_cnn round=1 (checkpoint deleted)
2026-08-05 11:24:54 EVALUATED fashion-out-remove__non-iid__global-dp__fedavg__clients-2__seed-43__nm0p01__clip5__rounds-20__epochs-5__planned_runs__fashion_mnist_cnn round=2 (checkpoint deleted)
2026-08-05 11:24:59 EVALUATED fashion-out-remove__non-iid__global-dp__fedavg__clients-2__seed-43__nm0p01__clip5__rounds-20__epochs-5__planned_runs__fashion_mnist_cnn round=3 (checkpoint deleted)
2026-08-05 11:25:03 EVALUATED fashion-out-remove__non-iid__global-dp__fedavg__clients-2__seed-43__nm0p01__clip5__rounds-20__epochs-5__planned_runs__fashion_mnist_cnn round=4 (checkpoint deleted)
2026-08-05 11:25:08 EVALUATED fashion-out-remove__non-iid__global-dp__fedavg__clients-2__seed-43__nm0p01__clip5__rounds-20__epochs-5__planned_runs__fashion_mnist_cnn round=5 (checkpoint deleted)
2026-08-05 11:25:13 EVALUATED fashion-out-remove__non-iid__global-dp__fedavg__clients-2__seed-43__nm0p01__clip5__rounds-20__epochs-5__planned_runs__fashion_mnist_cnn round=6 (checkpoint deleted)
2026-08-05 11:25:18 EVALUATED fashion-out-remove__non-iid__global-dp__fedavg__clients-2__seed-43__nm0p01__clip5__rounds-20__epochs-5__planned_runs__fashion_mnist_cnn round=7 (checkpoint deleted)
2026-08-05 11:25:23 EVALUATED fashion-out-remove__non-iid__global-dp__fedavg__clients-2__seed-43__nm0p01__clip5__rounds-20__epochs-5__planned_runs__fashion_mnist_cnn round=8 (checkpoint deleted)
2026-08-05 11:25:27 EVALUATED fashion-out-remove__non-iid__global-dp__fedavg__clients-2__seed-43__nm0p01__clip5__rounds-20__epochs-5__planned_runs__fashion_mnist_cnn round=9 (checkpoint deleted)
2026-08-05 11:25:32 EVALUATED fashion-out-remove__non-iid__global-dp__fedavg__clients-2__seed-43__nm0p01__clip5__rounds-20__epochs-5__planned_runs__fashion_mnist_cnn round=10 (checkpoint deleted)
2026-08-05 11:25:37 EVALUATED fashion-out-remove__non-iid__global-dp__fedavg__clients-2__seed-43__nm0p01__clip5__rounds-20__epochs-5__planned_runs__fashion_mnist_cnn round=11 (checkpoint deleted)
2026-08-05 11:25:42 EVALUATED fashion-out-remove__non-iid__global-dp__fedavg__clients-2__seed-43__nm0p01__clip5__rounds-20__epochs-5__planned_runs__fashion_mnist_cnn round=12 (checkpoint deleted)
2026-08-05 11:25:46 EVALUATED fashion-out-remove__non-iid__global-dp__fedavg__clients-2__seed-43__nm0p01__clip5__rounds-20__epochs-5__planned_runs__fashion_mnist_cnn round=13 (checkpoint deleted)
2026-08-05 11:25:51 EVALUATED fashion-out-remove__non-iid__global-dp__fedavg__clients-2__seed-43__nm0p01__clip5__rounds-20__epochs-5__planned_runs__fashion_mnist_cnn round=14 (checkpoint deleted)
2026-08-05 11:25:56 EVALUATED fashion-out-remove__non-iid__global-dp__fedavg__clients-2__seed-43__nm0p01__clip5__rounds-20__epochs-5__planned_runs__fashion_mnist_cnn round=15 (checkpoint deleted)
2026-08-05 11:26:00 EVALUATED fashion-out-remove__non-iid__global-dp__fedavg__clients-2__seed-43__nm0p01__clip5__rounds-20__epochs-5__planned_runs__fashion_mnist_cnn round=16 (checkpoint deleted)
2026-08-05 11:26:05 EVALUATED fashion-out-remove__non-iid__global-dp__fedavg__clients-2__seed-43__nm0p01__clip5__rounds-20__epochs-5__planned_runs__fashion_mnist_cnn round=17 (checkpoint deleted)
2026-08-05 11:26:10 EVALUATED fashion-out-remove__non-iid__global-dp__fedavg__clients-2__seed-43__nm0p01__clip5__rounds-20__epochs-5__planned_runs__fashion_mnist_cnn round=18 (checkpoint deleted)
2026-08-05 11:26:15 EVALUATED fashion-out-remove__non-iid__global-dp__fedavg__clients-2__seed-43__nm0p01__clip5__rounds-20__epochs-5__planned_runs__fashion_mnist_cnn round=19 (checkpoint deleted)
2026-08-05 11:26:19 EVALUATED fashion-out-remove__non-iid__global-dp__fedavg__clients-2__seed-43__nm0p01__clip5__rounds-20__epochs-5__planned_runs__fashion_mnist_cnn round=20 (checkpoint deleted)
2026-08-05 11:26:19 PROGRESS 5/9 (0 failed so far)
2026-08-05 11:26:19 START fashion-out-remove__non-iid__global-dp__fedavg__clients-2__seed-44__nm0p01__clip5__rounds-20__epochs-5__planned_runs__fashion_mnist_cnn 
2026-08-05 11:28:43 DONE  fashion-out-remove__non-iid__global-dp__fedavg__clients-2__seed-44__nm0p01__clip5__rounds-20__epochs-5__planned_runs__fashion_mnist_cnn (143.7s)
2026-08-05 11:28:48 EVALUATED fashion-out-remove__non-iid__global-dp__fedavg__clients-2__seed-44__nm0p01__clip5__rounds-20__epochs-5__planned_runs__fashion_mnist_cnn round=1 (checkpoint deleted)
2026-08-05 11:28:53 EVALUATED fashion-out-remove__non-iid__global-dp__fedavg__clients-2__seed-44__nm0p01__clip5__rounds-20__epochs-5__planned_runs__fashion_mnist_cnn round=2 (checkpoint deleted)
2026-08-05 11:28:58 EVALUATED fashion-out-remove__non-iid__global-dp__fedavg__clients-2__seed-44__nm0p01__clip5__rounds-20__epochs-5__planned_runs__fashion_mnist_cnn round=3 (checkpoint deleted)
2026-08-05 11:29:02 EVALUATED fashion-out-remove__non-iid__global-dp__fedavg__clients-2__seed-44__nm0p01__clip5__rounds-20__epochs-5__planned_runs__fashion_mnist_cnn round=4 (checkpoint deleted)
2026-08-05 11:29:07 EVALUATED fashion-out-remove__non-iid__global-dp__fedavg__clients-2__seed-44__nm0p01__clip5__rounds-20__epochs-5__planned_runs__fashion_mnist_cnn round=5 (checkpoint deleted)
2026-08-05 11:29:12 EVALUATED fashion-out-remove__non-iid__global-dp__fedavg__clients-2__seed-44__nm0p01__clip5__rounds-20__epochs-5__planned_runs__fashion_mnist_cnn round=6 (checkpoint deleted)
2026-08-05 11:29:17 EVALUATED fashion-out-remove__non-iid__global-dp__fedavg__clients-2__seed-44__nm0p01__clip5__rounds-20__epochs-5__planned_runs__fashion_mnist_cnn round=7 (checkpoint deleted)
2026-08-05 11:29:21 EVALUATED fashion-out-remove__non-iid__global-dp__fedavg__clients-2__seed-44__nm0p01__clip5__rounds-20__epochs-5__planned_runs__fashion_mnist_cnn round=8 (checkpoint deleted)
2026-08-05 11:29:26 EVALUATED fashion-out-remove__non-iid__global-dp__fedavg__clients-2__seed-44__nm0p01__clip5__rounds-20__epochs-5__planned_runs__fashion_mnist_cnn round=9 (checkpoint deleted)
2026-08-05 11:29:31 EVALUATED fashion-out-remove__non-iid__global-dp__fedavg__clients-2__seed-44__nm0p01__clip5__rounds-20__epochs-5__planned_runs__fashion_mnist_cnn round=10 (checkpoint deleted)
2026-08-05 11:29:36 EVALUATED fashion-out-remove__non-iid__global-dp__fedavg__clients-2__seed-44__nm0p01__clip5__rounds-20__epochs-5__planned_runs__fashion_mnist_cnn round=11 (checkpoint deleted)
2026-08-05 11:29:40 EVALUATED fashion-out-remove__non-iid__global-dp__fedavg__clients-2__seed-44__nm0p01__clip5__rounds-20__epochs-5__planned_runs__fashion_mnist_cnn round=12 (checkpoint deleted)
2026-08-05 11:29:45 EVALUATED fashion-out-remove__non-iid__global-dp__fedavg__clients-2__seed-44__nm0p01__clip5__rounds-20__epochs-5__planned_runs__fashion_mnist_cnn round=13 (checkpoint deleted)
2026-08-05 11:29:50 EVALUATED fashion-out-remove__non-iid__global-dp__fedavg__clients-2__seed-44__nm0p01__clip5__rounds-20__epochs-5__planned_runs__fashion_mnist_cnn round=14 (checkpoint deleted)
2026-08-05 11:29:55 EVALUATED fashion-out-remove__non-iid__global-dp__fedavg__clients-2__seed-44__nm0p01__clip5__rounds-20__epochs-5__planned_runs__fashion_mnist_cnn round=15 (checkpoint deleted)
2026-08-05 11:29:59 EVALUATED fashion-out-remove__non-iid__global-dp__fedavg__clients-2__seed-44__nm0p01__clip5__rounds-20__epochs-5__planned_runs__fashion_mnist_cnn round=16 (checkpoint deleted)
2026-08-05 11:30:04 EVALUATED fashion-out-remove__non-iid__global-dp__fedavg__clients-2__seed-44__nm0p01__clip5__rounds-20__epochs-5__planned_runs__fashion_mnist_cnn round=17 (checkpoint deleted)
2026-08-05 11:30:09 EVALUATED fashion-out-remove__non-iid__global-dp__fedavg__clients-2__seed-44__nm0p01__clip5__rounds-20__epochs-5__planned_runs__fashion_mnist_cnn round=18 (checkpoint deleted)
2026-08-05 11:30:14 EVALUATED fashion-out-remove__non-iid__global-dp__fedavg__clients-2__seed-44__nm0p01__clip5__rounds-20__epochs-5__planned_runs__fashion_mnist_cnn round=19 (checkpoint deleted)
2026-08-05 11:30:18 EVALUATED fashion-out-remove__non-iid__global-dp__fedavg__clients-2__seed-44__nm0p01__clip5__rounds-20__epochs-5__planned_runs__fashion_mnist_cnn round=20 (checkpoint deleted)
2026-08-05 11:30:18 PROGRESS 6/9 (0 failed so far)
2026-08-05 11:30:18 START fashion-out-remove__non-iid__metric-privacy__fedavg__clients-2__seed-42__nm0p01__clip5__rounds-20__epochs-5__planned_runs__fashion_mnist_cnn 
2026-08-05 11:32:41 DONE  fashion-out-remove__non-iid__metric-privacy__fedavg__clients-2__seed-42__nm0p01__clip5__rounds-20__epochs-5__planned_runs__fashion_mnist_cnn (142.8s)
2026-08-05 11:32:46 EVALUATED fashion-out-remove__non-iid__metric-privacy__fedavg__clients-2__seed-42__nm0p01__clip5__rounds-20__epochs-5__planned_runs__fashion_mnist_cnn round=1 (checkpoint deleted)
2026-08-05 11:32:51 EVALUATED fashion-out-remove__non-iid__metric-privacy__fedavg__clients-2__seed-42__nm0p01__clip5__rounds-20__epochs-5__planned_runs__fashion_mnist_cnn round=2 (checkpoint deleted)
2026-08-05 11:32:56 EVALUATED fashion-out-remove__non-iid__metric-privacy__fedavg__clients-2__seed-42__nm0p01__clip5__rounds-20__epochs-5__planned_runs__fashion_mnist_cnn round=3 (checkpoint deleted)
2026-08-05 11:33:00 EVALUATED fashion-out-remove__non-iid__metric-privacy__fedavg__clients-2__seed-42__nm0p01__clip5__rounds-20__epochs-5__planned_runs__fashion_mnist_cnn round=4 (checkpoint deleted)
2026-08-05 11:33:05 EVALUATED fashion-out-remove__non-iid__metric-privacy__fedavg__clients-2__seed-42__nm0p01__clip5__rounds-20__epochs-5__planned_runs__fashion_mnist_cnn round=5 (checkpoint deleted)
2026-08-05 11:33:10 EVALUATED fashion-out-remove__non-iid__metric-privacy__fedavg__clients-2__seed-42__nm0p01__clip5__rounds-20__epochs-5__planned_runs__fashion_mnist_cnn round=6 (checkpoint deleted)
2026-08-05 11:33:15 EVALUATED fashion-out-remove__non-iid__metric-privacy__fedavg__clients-2__seed-42__nm0p01__clip5__rounds-20__epochs-5__planned_runs__fashion_mnist_cnn round=7 (checkpoint deleted)
2026-08-05 11:33:20 EVALUATED fashion-out-remove__non-iid__metric-privacy__fedavg__clients-2__seed-42__nm0p01__clip5__rounds-20__epochs-5__planned_runs__fashion_mnist_cnn round=8 (checkpoint deleted)
2026-08-05 11:33:25 EVALUATED fashion-out-remove__non-iid__metric-privacy__fedavg__clients-2__seed-42__nm0p01__clip5__rounds-20__epochs-5__planned_runs__fashion_mnist_cnn round=9 (checkpoint deleted)
2026-08-05 11:33:30 EVALUATED fashion-out-remove__non-iid__metric-privacy__fedavg__clients-2__seed-42__nm0p01__clip5__rounds-20__epochs-5__planned_runs__fashion_mnist_cnn round=10 (checkpoint deleted)
2026-08-05 11:33:35 EVALUATED fashion-out-remove__non-iid__metric-privacy__fedavg__clients-2__seed-42__nm0p01__clip5__rounds-20__epochs-5__planned_runs__fashion_mnist_cnn round=11 (checkpoint deleted)
2026-08-05 11:33:39 EVALUATED fashion-out-remove__non-iid__metric-privacy__fedavg__clients-2__seed-42__nm0p01__clip5__rounds-20__epochs-5__planned_runs__fashion_mnist_cnn round=12 (checkpoint deleted)
2026-08-05 11:33:44 EVALUATED fashion-out-remove__non-iid__metric-privacy__fedavg__clients-2__seed-42__nm0p01__clip5__rounds-20__epochs-5__planned_runs__fashion_mnist_cnn round=13 (checkpoint deleted)
2026-08-05 11:33:49 EVALUATED fashion-out-remove__non-iid__metric-privacy__fedavg__clients-2__seed-42__nm0p01__clip5__rounds-20__epochs-5__planned_runs__fashion_mnist_cnn round=14 (checkpoint deleted)
2026-08-05 11:33:54 EVALUATED fashion-out-remove__non-iid__metric-privacy__fedavg__clients-2__seed-42__nm0p01__clip5__rounds-20__epochs-5__planned_runs__fashion_mnist_cnn round=15 (checkpoint deleted)
2026-08-05 11:33:58 EVALUATED fashion-out-remove__non-iid__metric-privacy__fedavg__clients-2__seed-42__nm0p01__clip5__rounds-20__epochs-5__planned_runs__fashion_mnist_cnn round=16 (checkpoint deleted)
2026-08-05 11:34:03 EVALUATED fashion-out-remove__non-iid__metric-privacy__fedavg__clients-2__seed-42__nm0p01__clip5__rounds-20__epochs-5__planned_runs__fashion_mnist_cnn round=17 (checkpoint deleted)
2026-08-05 11:34:08 EVALUATED fashion-out-remove__non-iid__metric-privacy__fedavg__clients-2__seed-42__nm0p01__clip5__rounds-20__epochs-5__planned_runs__fashion_mnist_cnn round=18 (checkpoint deleted)
2026-08-05 11:34:13 EVALUATED fashion-out-remove__non-iid__metric-privacy__fedavg__clients-2__seed-42__nm0p01__clip5__rounds-20__epochs-5__planned_runs__fashion_mnist_cnn round=19 (checkpoint deleted)
2026-08-05 11:34:18 EVALUATED fashion-out-remove__non-iid__metric-privacy__fedavg__clients-2__seed-42__nm0p01__clip5__rounds-20__epochs-5__planned_runs__fashion_mnist_cnn round=20 (checkpoint deleted)
2026-08-05 11:34:18 PROGRESS 7/9 (0 failed so far)
2026-08-05 11:34:18 START fashion-out-remove__non-iid__metric-privacy__fedavg__clients-2__seed-43__nm0p01__clip5__rounds-20__epochs-5__planned_runs__fashion_mnist_cnn 
2026-08-05 11:36:41 DONE  fashion-out-remove__non-iid__metric-privacy__fedavg__clients-2__seed-43__nm0p01__clip5__rounds-20__epochs-5__planned_runs__fashion_mnist_cnn (143.6s)
2026-08-05 11:36:46 EVALUATED fashion-out-remove__non-iid__metric-privacy__fedavg__clients-2__seed-43__nm0p01__clip5__rounds-20__epochs-5__planned_runs__fashion_mnist_cnn round=1 (checkpoint deleted)
2026-08-05 11:36:51 EVALUATED fashion-out-remove__non-iid__metric-privacy__fedavg__clients-2__seed-43__nm0p01__clip5__rounds-20__epochs-5__planned_runs__fashion_mnist_cnn round=2 (checkpoint deleted)
2026-08-05 11:36:56 EVALUATED fashion-out-remove__non-iid__metric-privacy__fedavg__clients-2__seed-43__nm0p01__clip5__rounds-20__epochs-5__planned_runs__fashion_mnist_cnn round=3 (checkpoint deleted)
2026-08-05 11:37:00 EVALUATED fashion-out-remove__non-iid__metric-privacy__fedavg__clients-2__seed-43__nm0p01__clip5__rounds-20__epochs-5__planned_runs__fashion_mnist_cnn round=4 (checkpoint deleted)
2026-08-05 11:37:05 EVALUATED fashion-out-remove__non-iid__metric-privacy__fedavg__clients-2__seed-43__nm0p01__clip5__rounds-20__epochs-5__planned_runs__fashion_mnist_cnn round=5 (checkpoint deleted)
2026-08-05 11:37:10 EVALUATED fashion-out-remove__non-iid__metric-privacy__fedavg__clients-2__seed-43__nm0p01__clip5__rounds-20__epochs-5__planned_runs__fashion_mnist_cnn round=6 (checkpoint deleted)
2026-08-05 11:37:15 EVALUATED fashion-out-remove__non-iid__metric-privacy__fedavg__clients-2__seed-43__nm0p01__clip5__rounds-20__epochs-5__planned_runs__fashion_mnist_cnn round=7 (checkpoint deleted)
2026-08-05 11:37:19 EVALUATED fashion-out-remove__non-iid__metric-privacy__fedavg__clients-2__seed-43__nm0p01__clip5__rounds-20__epochs-5__planned_runs__fashion_mnist_cnn round=8 (checkpoint deleted)
2026-08-05 11:37:24 EVALUATED fashion-out-remove__non-iid__metric-privacy__fedavg__clients-2__seed-43__nm0p01__clip5__rounds-20__epochs-5__planned_runs__fashion_mnist_cnn round=9 (checkpoint deleted)
2026-08-05 11:37:29 EVALUATED fashion-out-remove__non-iid__metric-privacy__fedavg__clients-2__seed-43__nm0p01__clip5__rounds-20__epochs-5__planned_runs__fashion_mnist_cnn round=10 (checkpoint deleted)
2026-08-05 11:37:34 EVALUATED fashion-out-remove__non-iid__metric-privacy__fedavg__clients-2__seed-43__nm0p01__clip5__rounds-20__epochs-5__planned_runs__fashion_mnist_cnn round=11 (checkpoint deleted)
2026-08-05 11:37:38 EVALUATED fashion-out-remove__non-iid__metric-privacy__fedavg__clients-2__seed-43__nm0p01__clip5__rounds-20__epochs-5__planned_runs__fashion_mnist_cnn round=12 (checkpoint deleted)
2026-08-05 11:37:43 EVALUATED fashion-out-remove__non-iid__metric-privacy__fedavg__clients-2__seed-43__nm0p01__clip5__rounds-20__epochs-5__planned_runs__fashion_mnist_cnn round=13 (checkpoint deleted)
2026-08-05 11:37:48 EVALUATED fashion-out-remove__non-iid__metric-privacy__fedavg__clients-2__seed-43__nm0p01__clip5__rounds-20__epochs-5__planned_runs__fashion_mnist_cnn round=14 (checkpoint deleted)
2026-08-05 11:37:53 EVALUATED fashion-out-remove__non-iid__metric-privacy__fedavg__clients-2__seed-43__nm0p01__clip5__rounds-20__epochs-5__planned_runs__fashion_mnist_cnn round=15 (checkpoint deleted)
2026-08-05 11:37:57 EVALUATED fashion-out-remove__non-iid__metric-privacy__fedavg__clients-2__seed-43__nm0p01__clip5__rounds-20__epochs-5__planned_runs__fashion_mnist_cnn round=16 (checkpoint deleted)
2026-08-05 11:38:02 EVALUATED fashion-out-remove__non-iid__metric-privacy__fedavg__clients-2__seed-43__nm0p01__clip5__rounds-20__epochs-5__planned_runs__fashion_mnist_cnn round=17 (checkpoint deleted)
2026-08-05 11:38:07 EVALUATED fashion-out-remove__non-iid__metric-privacy__fedavg__clients-2__seed-43__nm0p01__clip5__rounds-20__epochs-5__planned_runs__fashion_mnist_cnn round=18 (checkpoint deleted)
2026-08-05 11:38:12 EVALUATED fashion-out-remove__non-iid__metric-privacy__fedavg__clients-2__seed-43__nm0p01__clip5__rounds-20__epochs-5__planned_runs__fashion_mnist_cnn round=19 (checkpoint deleted)
2026-08-05 11:38:17 EVALUATED fashion-out-remove__non-iid__metric-privacy__fedavg__clients-2__seed-43__nm0p01__clip5__rounds-20__epochs-5__planned_runs__fashion_mnist_cnn round=20 (checkpoint deleted)
2026-08-05 11:38:17 PROGRESS 8/9 (0 failed so far)
2026-08-05 11:38:17 START fashion-out-remove__non-iid__metric-privacy__fedavg__clients-2__seed-44__nm0p01__clip5__rounds-20__epochs-5__planned_runs__fashion_mnist_cnn 
2026-08-05 11:40:40 DONE  fashion-out-remove__non-iid__metric-privacy__fedavg__clients-2__seed-44__nm0p01__clip5__rounds-20__epochs-5__planned_runs__fashion_mnist_cnn (143.4s)
2026-08-05 11:40:45 EVALUATED fashion-out-remove__non-iid__metric-privacy__fedavg__clients-2__seed-44__nm0p01__clip5__rounds-20__epochs-5__planned_runs__fashion_mnist_cnn round=1 (checkpoint deleted)
2026-08-05 11:40:50 EVALUATED fashion-out-remove__non-iid__metric-privacy__fedavg__clients-2__seed-44__nm0p01__clip5__rounds-20__epochs-5__planned_runs__fashion_mnist_cnn round=2 (checkpoint deleted)
2026-08-05 11:40:54 EVALUATED fashion-out-remove__non-iid__metric-privacy__fedavg__clients-2__seed-44__nm0p01__clip5__rounds-20__epochs-5__planned_runs__fashion_mnist_cnn round=3 (checkpoint deleted)
2026-08-05 11:40:59 EVALUATED fashion-out-remove__non-iid__metric-privacy__fedavg__clients-2__seed-44__nm0p01__clip5__rounds-20__epochs-5__planned_runs__fashion_mnist_cnn round=4 (checkpoint deleted)
2026-08-05 11:41:04 EVALUATED fashion-out-remove__non-iid__metric-privacy__fedavg__clients-2__seed-44__nm0p01__clip5__rounds-20__epochs-5__planned_runs__fashion_mnist_cnn round=5 (checkpoint deleted)
2026-08-05 11:41:09 EVALUATED fashion-out-remove__non-iid__metric-privacy__fedavg__clients-2__seed-44__nm0p01__clip5__rounds-20__epochs-5__planned_runs__fashion_mnist_cnn round=6 (checkpoint deleted)
2026-08-05 11:41:14 EVALUATED fashion-out-remove__non-iid__metric-privacy__fedavg__clients-2__seed-44__nm0p01__clip5__rounds-20__epochs-5__planned_runs__fashion_mnist_cnn round=7 (checkpoint deleted)
2026-08-05 11:41:18 EVALUATED fashion-out-remove__non-iid__metric-privacy__fedavg__clients-2__seed-44__nm0p01__clip5__rounds-20__epochs-5__planned_runs__fashion_mnist_cnn round=8 (checkpoint deleted)
2026-08-05 11:41:23 EVALUATED fashion-out-remove__non-iid__metric-privacy__fedavg__clients-2__seed-44__nm0p01__clip5__rounds-20__epochs-5__planned_runs__fashion_mnist_cnn round=9 (checkpoint deleted)
2026-08-05 11:41:28 EVALUATED fashion-out-remove__non-iid__metric-privacy__fedavg__clients-2__seed-44__nm0p01__clip5__rounds-20__epochs-5__planned_runs__fashion_mnist_cnn round=10 (checkpoint deleted)
2026-08-05 11:41:33 EVALUATED fashion-out-remove__non-iid__metric-privacy__fedavg__clients-2__seed-44__nm0p01__clip5__rounds-20__epochs-5__planned_runs__fashion_mnist_cnn round=11 (checkpoint deleted)
2026-08-05 11:41:37 EVALUATED fashion-out-remove__non-iid__metric-privacy__fedavg__clients-2__seed-44__nm0p01__clip5__rounds-20__epochs-5__planned_runs__fashion_mnist_cnn round=12 (checkpoint deleted)
2026-08-05 11:41:42 EVALUATED fashion-out-remove__non-iid__metric-privacy__fedavg__clients-2__seed-44__nm0p01__clip5__rounds-20__epochs-5__planned_runs__fashion_mnist_cnn round=13 (checkpoint deleted)
2026-08-05 11:41:47 EVALUATED fashion-out-remove__non-iid__metric-privacy__fedavg__clients-2__seed-44__nm0p01__clip5__rounds-20__epochs-5__planned_runs__fashion_mnist_cnn round=14 (checkpoint deleted)
2026-08-05 11:41:52 EVALUATED fashion-out-remove__non-iid__metric-privacy__fedavg__clients-2__seed-44__nm0p01__clip5__rounds-20__epochs-5__planned_runs__fashion_mnist_cnn round=15 (checkpoint deleted)
2026-08-05 11:41:56 EVALUATED fashion-out-remove__non-iid__metric-privacy__fedavg__clients-2__seed-44__nm0p01__clip5__rounds-20__epochs-5__planned_runs__fashion_mnist_cnn round=16 (checkpoint deleted)
2026-08-05 11:42:01 EVALUATED fashion-out-remove__non-iid__metric-privacy__fedavg__clients-2__seed-44__nm0p01__clip5__rounds-20__epochs-5__planned_runs__fashion_mnist_cnn round=17 (checkpoint deleted)
2026-08-05 11:42:06 EVALUATED fashion-out-remove__non-iid__metric-privacy__fedavg__clients-2__seed-44__nm0p01__clip5__rounds-20__epochs-5__planned_runs__fashion_mnist_cnn round=18 (checkpoint deleted)
2026-08-05 11:42:11 EVALUATED fashion-out-remove__non-iid__metric-privacy__fedavg__clients-2__seed-44__nm0p01__clip5__rounds-20__epochs-5__planned_runs__fashion_mnist_cnn round=19 (checkpoint deleted)
2026-08-05 11:42:16 EVALUATED fashion-out-remove__non-iid__metric-privacy__fedavg__clients-2__seed-44__nm0p01__clip5__rounds-20__epochs-5__planned_runs__fashion_mnist_cnn round=20 (checkpoint deleted)
2026-08-05 11:42:16 PROGRESS 9/9 (0 failed so far)
2026-08-05 11:42:16 Sweep finished: 9/9 attempted, 0 failed
