2026-08-05 18:45:57 Starting full chunk: 2 trajectories
2026-08-05 18:45:57 START cifar-full-in-replace__non-iid__global-dp__fedavg__clients-8__seed-43__nm0p026664__clip5__rounds-20__epochs-5__cifar_chunks__cifar10_cnn 
2026-08-05 18:50:33 DONE  cifar-full-in-replace__non-iid__global-dp__fedavg__clients-8__seed-43__nm0p026664__clip5__rounds-20__epochs-5__cifar_chunks__cifar10_cnn (275.4s)
2026-08-05 18:50:41 EVALUATED cifar-full-in-replace__non-iid__global-dp__fedavg__clients-8__seed-43__nm0p026664__clip5__rounds-20__epochs-5__cifar_chunks__cifar10_cnn round=1 (checkpoint deleted)
2026-08-05 18:50:46 EVALUATED cifar-full-in-replace__non-iid__global-dp__fedavg__clients-8__seed-43__nm0p026664__clip5__rounds-20__epochs-5__cifar_chunks__cifar10_cnn round=2 (checkpoint deleted)
2026-08-05 18:50:52 EVALUATED cifar-full-in-replace__non-iid__global-dp__fedavg__clients-8__seed-43__nm0p026664__clip5__rounds-20__epochs-5__cifar_chunks__cifar10_cnn round=3 (checkpoint deleted)
2026-08-05 18:50:57 EVALUATED cifar-full-in-replace__non-iid__global-dp__fedavg__clients-8__seed-43__nm0p026664__clip5__rounds-20__epochs-5__cifar_chunks__cifar10_cnn round=4 (checkpoint deleted)
2026-08-05 18:51:02 EVALUATED cifar-full-in-replace__non-iid__global-dp__fedavg__clients-8__seed-43__nm0p026664__clip5__rounds-20__epochs-5__cifar_chunks__cifar10_cnn round=5 (checkpoint deleted)
2026-08-05 18:51:07 EVALUATED cifar-full-in-replace__non-iid__global-dp__fedavg__clients-8__seed-43__nm0p026664__clip5__rounds-20__epochs-5__cifar_chunks__cifar10_cnn round=6 (checkpoint deleted)
2026-08-05 18:51:13 EVALUATED cifar-full-in-replace__non-iid__global-dp__fedavg__clients-8__seed-43__nm0p026664__clip5__rounds-20__epochs-5__cifar_chunks__cifar10_cnn round=7 (checkpoint deleted)
2026-08-05 18:51:18 EVALUATED cifar-full-in-replace__non-iid__global-dp__fedavg__clients-8__seed-43__nm0p026664__clip5__rounds-20__epochs-5__cifar_chunks__cifar10_cnn round=8 (checkpoint deleted)
2026-08-05 18:51:23 EVALUATED cifar-full-in-replace__non-iid__global-dp__fedavg__clients-8__seed-43__nm0p026664__clip5__rounds-20__epochs-5__cifar_chunks__cifar10_cnn round=9 (checkpoint deleted)
2026-08-05 18:51:28 EVALUATED cifar-full-in-replace__non-iid__global-dp__fedavg__clients-8__seed-43__nm0p026664__clip5__rounds-20__epochs-5__cifar_chunks__cifar10_cnn round=10 (checkpoint deleted)
2026-08-05 18:51:34 EVALUATED cifar-full-in-replace__non-iid__global-dp__fedavg__clients-8__seed-43__nm0p026664__clip5__rounds-20__epochs-5__cifar_chunks__cifar10_cnn round=11 (checkpoint deleted)
2026-08-05 18:51:39 EVALUATED cifar-full-in-replace__non-iid__global-dp__fedavg__clients-8__seed-43__nm0p026664__clip5__rounds-20__epochs-5__cifar_chunks__cifar10_cnn round=12 (checkpoint deleted)
2026-08-05 18:51:44 EVALUATED cifar-full-in-replace__non-iid__global-dp__fedavg__clients-8__seed-43__nm0p026664__clip5__rounds-20__epochs-5__cifar_chunks__cifar10_cnn round=13 (checkpoint deleted)
2026-08-05 18:51:49 EVALUATED cifar-full-in-replace__non-iid__global-dp__fedavg__clients-8__seed-43__nm0p026664__clip5__rounds-20__epochs-5__cifar_chunks__cifar10_cnn round=14 (checkpoint deleted)
2026-08-05 18:51:55 EVALUATED cifar-full-in-replace__non-iid__global-dp__fedavg__clients-8__seed-43__nm0p026664__clip5__rounds-20__epochs-5__cifar_chunks__cifar10_cnn round=15 (checkpoint deleted)
2026-08-05 18:52:00 EVALUATED cifar-full-in-replace__non-iid__global-dp__fedavg__clients-8__seed-43__nm0p026664__clip5__rounds-20__epochs-5__cifar_chunks__cifar10_cnn round=16 (checkpoint deleted)
2026-08-05 18:52:05 EVALUATED cifar-full-in-replace__non-iid__global-dp__fedavg__clients-8__seed-43__nm0p026664__clip5__rounds-20__epochs-5__cifar_chunks__cifar10_cnn round=17 (checkpoint deleted)
2026-08-05 18:52:10 EVALUATED cifar-full-in-replace__non-iid__global-dp__fedavg__clients-8__seed-43__nm0p026664__clip5__rounds-20__epochs-5__cifar_chunks__cifar10_cnn round=18 (checkpoint deleted)
2026-08-05 18:52:15 EVALUATED cifar-full-in-replace__non-iid__global-dp__fedavg__clients-8__seed-43__nm0p026664__clip5__rounds-20__epochs-5__cifar_chunks__cifar10_cnn round=19 (checkpoint deleted)
2026-08-05 18:52:21 EVALUATED cifar-full-in-replace__non-iid__global-dp__fedavg__clients-8__seed-43__nm0p026664__clip5__rounds-20__epochs-5__cifar_chunks__cifar10_cnn round=20 (checkpoint deleted)
2026-08-05 18:52:21 PROGRESS 1/2 (0 failed so far)
2026-08-05 18:52:21 START cifar-full-in-replace__non-iid__metric-privacy__fedavg__clients-8__seed-43__nm0p026664__clip5__rounds-20__epochs-5__cifar_chunks__cifar10_cnn 
2026-08-05 18:56:55 DONE  cifar-full-in-replace__non-iid__metric-privacy__fedavg__clients-8__seed-43__nm0p026664__clip5__rounds-20__epochs-5__cifar_chunks__cifar10_cnn (274.9s)
2026-08-05 18:57:01 EVALUATED cifar-full-in-replace__non-iid__metric-privacy__fedavg__clients-8__seed-43__nm0p026664__clip5__rounds-20__epochs-5__cifar_chunks__cifar10_cnn round=1 (checkpoint deleted)
2026-08-05 18:57:06 EVALUATED cifar-full-in-replace__non-iid__metric-privacy__fedavg__clients-8__seed-43__nm0p026664__clip5__rounds-20__epochs-5__cifar_chunks__cifar10_cnn round=2 (checkpoint deleted)
2026-08-05 18:57:11 EVALUATED cifar-full-in-replace__non-iid__metric-privacy__fedavg__clients-8__seed-43__nm0p026664__clip5__rounds-20__epochs-5__cifar_chunks__cifar10_cnn round=3 (checkpoint deleted)
2026-08-05 18:57:17 EVALUATED cifar-full-in-replace__non-iid__metric-privacy__fedavg__clients-8__seed-43__nm0p026664__clip5__rounds-20__epochs-5__cifar_chunks__cifar10_cnn round=4 (checkpoint deleted)
2026-08-05 18:57:22 EVALUATED cifar-full-in-replace__non-iid__metric-privacy__fedavg__clients-8__seed-43__nm0p026664__clip5__rounds-20__epochs-5__cifar_chunks__cifar10_cnn round=5 (checkpoint deleted)
2026-08-05 18:57:27 EVALUATED cifar-full-in-replace__non-iid__metric-privacy__fedavg__clients-8__seed-43__nm0p026664__clip5__rounds-20__epochs-5__cifar_chunks__cifar10_cnn round=6 (checkpoint deleted)
2026-08-05 18:57:32 EVALUATED cifar-full-in-replace__non-iid__metric-privacy__fedavg__clients-8__seed-43__nm0p026664__clip5__rounds-20__epochs-5__cifar_chunks__cifar10_cnn round=7 (checkpoint deleted)
2026-08-05 18:57:38 EVALUATED cifar-full-in-replace__non-iid__metric-privacy__fedavg__clients-8__seed-43__nm0p026664__clip5__rounds-20__epochs-5__cifar_chunks__cifar10_cnn round=8 (checkpoint deleted)
2026-08-05 18:57:43 EVALUATED cifar-full-in-replace__non-iid__metric-privacy__fedavg__clients-8__seed-43__nm0p026664__clip5__rounds-20__epochs-5__cifar_chunks__cifar10_cnn round=9 (checkpoint deleted)
2026-08-05 18:57:48 EVALUATED cifar-full-in-replace__non-iid__metric-privacy__fedavg__clients-8__seed-43__nm0p026664__clip5__rounds-20__epochs-5__cifar_chunks__cifar10_cnn round=10 (checkpoint deleted)
2026-08-05 18:57:53 EVALUATED cifar-full-in-replace__non-iid__metric-privacy__fedavg__clients-8__seed-43__nm0p026664__clip5__rounds-20__epochs-5__cifar_chunks__cifar10_cnn round=11 (checkpoint deleted)
2026-08-05 18:57:59 EVALUATED cifar-full-in-replace__non-iid__metric-privacy__fedavg__clients-8__seed-43__nm0p026664__clip5__rounds-20__epochs-5__cifar_chunks__cifar10_cnn round=12 (checkpoint deleted)
2026-08-05 18:58:04 EVALUATED cifar-full-in-replace__non-iid__metric-privacy__fedavg__clients-8__seed-43__nm0p026664__clip5__rounds-20__epochs-5__cifar_chunks__cifar10_cnn round=13 (checkpoint deleted)
2026-08-05 18:58:09 EVALUATED cifar-full-in-replace__non-iid__metric-privacy__fedavg__clients-8__seed-43__nm0p026664__clip5__rounds-20__epochs-5__cifar_chunks__cifar10_cnn round=14 (checkpoint deleted)
2026-08-05 18:58:14 EVALUATED cifar-full-in-replace__non-iid__metric-privacy__fedavg__clients-8__seed-43__nm0p026664__clip5__rounds-20__epochs-5__cifar_chunks__cifar10_cnn round=15 (checkpoint deleted)
2026-08-05 18:58:20 EVALUATED cifar-full-in-replace__non-iid__metric-privacy__fedavg__clients-8__seed-43__nm0p026664__clip5__rounds-20__epochs-5__cifar_chunks__cifar10_cnn round=16 (checkpoint deleted)
2026-08-05 18:58:25 EVALUATED cifar-full-in-replace__non-iid__metric-privacy__fedavg__clients-8__seed-43__nm0p026664__clip5__rounds-20__epochs-5__cifar_chunks__cifar10_cnn round=17 (checkpoint deleted)
2026-08-05 18:58:30 EVALUATED cifar-full-in-replace__non-iid__metric-privacy__fedavg__clients-8__seed-43__nm0p026664__clip5__rounds-20__epochs-5__cifar_chunks__cifar10_cnn round=18 (checkpoint deleted)
2026-08-05 18:58:35 EVALUATED cifar-full-in-replace__non-iid__metric-privacy__fedavg__clients-8__seed-43__nm0p026664__clip5__rounds-20__epochs-5__cifar_chunks__cifar10_cnn round=19 (checkpoint deleted)
2026-08-05 18:58:41 EVALUATED cifar-full-in-replace__non-iid__metric-privacy__fedavg__clients-8__seed-43__nm0p026664__clip5__rounds-20__epochs-5__cifar_chunks__cifar10_cnn round=20 (checkpoint deleted)
2026-08-05 18:58:41 PROGRESS 2/2 (0 failed so far)
2026-08-05 18:58:41 Sweep finished: 2/2 attempted, 0 failed
