2026-08-05 20:47:24 Starting full chunk: 2 trajectories
2026-08-05 20:47:24 START cifar-full-out-replace__non-iid__global-dp__fedavg__clients-16__seed-42__nm0p1__clip5__rounds-20__epochs-5__cifar_chunks__cifar10_cnn 
2026-08-05 20:53:04 DONE  cifar-full-out-replace__non-iid__global-dp__fedavg__clients-16__seed-42__nm0p1__clip5__rounds-20__epochs-5__cifar_chunks__cifar10_cnn (340.4s)
2026-08-05 20:53:12 EVALUATED cifar-full-out-replace__non-iid__global-dp__fedavg__clients-16__seed-42__nm0p1__clip5__rounds-20__epochs-5__cifar_chunks__cifar10_cnn round=1 (checkpoint deleted)
2026-08-05 20:53:16 EVALUATED cifar-full-out-replace__non-iid__global-dp__fedavg__clients-16__seed-42__nm0p1__clip5__rounds-20__epochs-5__cifar_chunks__cifar10_cnn round=2 (checkpoint deleted)
2026-08-05 20:53:20 EVALUATED cifar-full-out-replace__non-iid__global-dp__fedavg__clients-16__seed-42__nm0p1__clip5__rounds-20__epochs-5__cifar_chunks__cifar10_cnn round=3 (checkpoint deleted)
2026-08-05 20:53:25 EVALUATED cifar-full-out-replace__non-iid__global-dp__fedavg__clients-16__seed-42__nm0p1__clip5__rounds-20__epochs-5__cifar_chunks__cifar10_cnn round=4 (checkpoint deleted)
2026-08-05 20:53:29 EVALUATED cifar-full-out-replace__non-iid__global-dp__fedavg__clients-16__seed-42__nm0p1__clip5__rounds-20__epochs-5__cifar_chunks__cifar10_cnn round=5 (checkpoint deleted)
2026-08-05 20:53:33 EVALUATED cifar-full-out-replace__non-iid__global-dp__fedavg__clients-16__seed-42__nm0p1__clip5__rounds-20__epochs-5__cifar_chunks__cifar10_cnn round=6 (checkpoint deleted)
2026-08-05 20:53:37 EVALUATED cifar-full-out-replace__non-iid__global-dp__fedavg__clients-16__seed-42__nm0p1__clip5__rounds-20__epochs-5__cifar_chunks__cifar10_cnn round=7 (checkpoint deleted)
2026-08-05 20:53:42 EVALUATED cifar-full-out-replace__non-iid__global-dp__fedavg__clients-16__seed-42__nm0p1__clip5__rounds-20__epochs-5__cifar_chunks__cifar10_cnn round=8 (checkpoint deleted)
2026-08-05 20:53:46 EVALUATED cifar-full-out-replace__non-iid__global-dp__fedavg__clients-16__seed-42__nm0p1__clip5__rounds-20__epochs-5__cifar_chunks__cifar10_cnn round=9 (checkpoint deleted)
2026-08-05 20:53:50 EVALUATED cifar-full-out-replace__non-iid__global-dp__fedavg__clients-16__seed-42__nm0p1__clip5__rounds-20__epochs-5__cifar_chunks__cifar10_cnn round=10 (checkpoint deleted)
2026-08-05 20:53:54 EVALUATED cifar-full-out-replace__non-iid__global-dp__fedavg__clients-16__seed-42__nm0p1__clip5__rounds-20__epochs-5__cifar_chunks__cifar10_cnn round=11 (checkpoint deleted)
2026-08-05 20:53:59 EVALUATED cifar-full-out-replace__non-iid__global-dp__fedavg__clients-16__seed-42__nm0p1__clip5__rounds-20__epochs-5__cifar_chunks__cifar10_cnn round=12 (checkpoint deleted)
2026-08-05 20:54:03 EVALUATED cifar-full-out-replace__non-iid__global-dp__fedavg__clients-16__seed-42__nm0p1__clip5__rounds-20__epochs-5__cifar_chunks__cifar10_cnn round=13 (checkpoint deleted)
2026-08-05 20:54:07 EVALUATED cifar-full-out-replace__non-iid__global-dp__fedavg__clients-16__seed-42__nm0p1__clip5__rounds-20__epochs-5__cifar_chunks__cifar10_cnn round=14 (checkpoint deleted)
2026-08-05 20:54:11 EVALUATED cifar-full-out-replace__non-iid__global-dp__fedavg__clients-16__seed-42__nm0p1__clip5__rounds-20__epochs-5__cifar_chunks__cifar10_cnn round=15 (checkpoint deleted)
2026-08-05 20:54:16 EVALUATED cifar-full-out-replace__non-iid__global-dp__fedavg__clients-16__seed-42__nm0p1__clip5__rounds-20__epochs-5__cifar_chunks__cifar10_cnn round=16 (checkpoint deleted)
2026-08-05 20:54:20 EVALUATED cifar-full-out-replace__non-iid__global-dp__fedavg__clients-16__seed-42__nm0p1__clip5__rounds-20__epochs-5__cifar_chunks__cifar10_cnn round=17 (checkpoint deleted)
2026-08-05 20:54:24 EVALUATED cifar-full-out-replace__non-iid__global-dp__fedavg__clients-16__seed-42__nm0p1__clip5__rounds-20__epochs-5__cifar_chunks__cifar10_cnn round=18 (checkpoint deleted)
2026-08-05 20:54:28 EVALUATED cifar-full-out-replace__non-iid__global-dp__fedavg__clients-16__seed-42__nm0p1__clip5__rounds-20__epochs-5__cifar_chunks__cifar10_cnn round=19 (checkpoint deleted)
2026-08-05 20:54:33 EVALUATED cifar-full-out-replace__non-iid__global-dp__fedavg__clients-16__seed-42__nm0p1__clip5__rounds-20__epochs-5__cifar_chunks__cifar10_cnn round=20 (checkpoint deleted)
2026-08-05 20:54:33 PROGRESS 1/2 (0 failed so far)
2026-08-05 20:54:33 START cifar-full-out-replace__non-iid__metric-privacy__fedavg__clients-16__seed-42__nm0p1__clip5__rounds-20__epochs-5__cifar_chunks__cifar10_cnn 
2026-08-05 21:00:17 DONE  cifar-full-out-replace__non-iid__metric-privacy__fedavg__clients-16__seed-42__nm0p1__clip5__rounds-20__epochs-5__cifar_chunks__cifar10_cnn (344.5s)
2026-08-05 21:00:21 EVALUATED cifar-full-out-replace__non-iid__metric-privacy__fedavg__clients-16__seed-42__nm0p1__clip5__rounds-20__epochs-5__cifar_chunks__cifar10_cnn round=1 (checkpoint deleted)
2026-08-05 21:00:26 EVALUATED cifar-full-out-replace__non-iid__metric-privacy__fedavg__clients-16__seed-42__nm0p1__clip5__rounds-20__epochs-5__cifar_chunks__cifar10_cnn round=2 (checkpoint deleted)
2026-08-05 21:00:30 EVALUATED cifar-full-out-replace__non-iid__metric-privacy__fedavg__clients-16__seed-42__nm0p1__clip5__rounds-20__epochs-5__cifar_chunks__cifar10_cnn round=3 (checkpoint deleted)
2026-08-05 21:00:34 EVALUATED cifar-full-out-replace__non-iid__metric-privacy__fedavg__clients-16__seed-42__nm0p1__clip5__rounds-20__epochs-5__cifar_chunks__cifar10_cnn round=4 (checkpoint deleted)
2026-08-05 21:00:38 EVALUATED cifar-full-out-replace__non-iid__metric-privacy__fedavg__clients-16__seed-42__nm0p1__clip5__rounds-20__epochs-5__cifar_chunks__cifar10_cnn round=5 (checkpoint deleted)
2026-08-05 21:00:43 EVALUATED cifar-full-out-replace__non-iid__metric-privacy__fedavg__clients-16__seed-42__nm0p1__clip5__rounds-20__epochs-5__cifar_chunks__cifar10_cnn round=6 (checkpoint deleted)
2026-08-05 21:00:47 EVALUATED cifar-full-out-replace__non-iid__metric-privacy__fedavg__clients-16__seed-42__nm0p1__clip5__rounds-20__epochs-5__cifar_chunks__cifar10_cnn round=7 (checkpoint deleted)
2026-08-05 21:00:51 EVALUATED cifar-full-out-replace__non-iid__metric-privacy__fedavg__clients-16__seed-42__nm0p1__clip5__rounds-20__epochs-5__cifar_chunks__cifar10_cnn round=8 (checkpoint deleted)
2026-08-05 21:00:56 EVALUATED cifar-full-out-replace__non-iid__metric-privacy__fedavg__clients-16__seed-42__nm0p1__clip5__rounds-20__epochs-5__cifar_chunks__cifar10_cnn round=9 (checkpoint deleted)
2026-08-05 21:01:00 EVALUATED cifar-full-out-replace__non-iid__metric-privacy__fedavg__clients-16__seed-42__nm0p1__clip5__rounds-20__epochs-5__cifar_chunks__cifar10_cnn round=10 (checkpoint deleted)
2026-08-05 21:01:04 EVALUATED cifar-full-out-replace__non-iid__metric-privacy__fedavg__clients-16__seed-42__nm0p1__clip5__rounds-20__epochs-5__cifar_chunks__cifar10_cnn round=11 (checkpoint deleted)
2026-08-05 21:01:08 EVALUATED cifar-full-out-replace__non-iid__metric-privacy__fedavg__clients-16__seed-42__nm0p1__clip5__rounds-20__epochs-5__cifar_chunks__cifar10_cnn round=12 (checkpoint deleted)
2026-08-05 21:01:13 EVALUATED cifar-full-out-replace__non-iid__metric-privacy__fedavg__clients-16__seed-42__nm0p1__clip5__rounds-20__epochs-5__cifar_chunks__cifar10_cnn round=13 (checkpoint deleted)
2026-08-05 21:01:17 EVALUATED cifar-full-out-replace__non-iid__metric-privacy__fedavg__clients-16__seed-42__nm0p1__clip5__rounds-20__epochs-5__cifar_chunks__cifar10_cnn round=14 (checkpoint deleted)
2026-08-05 21:01:21 EVALUATED cifar-full-out-replace__non-iid__metric-privacy__fedavg__clients-16__seed-42__nm0p1__clip5__rounds-20__epochs-5__cifar_chunks__cifar10_cnn round=15 (checkpoint deleted)
2026-08-05 21:01:25 EVALUATED cifar-full-out-replace__non-iid__metric-privacy__fedavg__clients-16__seed-42__nm0p1__clip5__rounds-20__epochs-5__cifar_chunks__cifar10_cnn round=16 (checkpoint deleted)
2026-08-05 21:01:30 EVALUATED cifar-full-out-replace__non-iid__metric-privacy__fedavg__clients-16__seed-42__nm0p1__clip5__rounds-20__epochs-5__cifar_chunks__cifar10_cnn round=17 (checkpoint deleted)
2026-08-05 21:01:34 EVALUATED cifar-full-out-replace__non-iid__metric-privacy__fedavg__clients-16__seed-42__nm0p1__clip5__rounds-20__epochs-5__cifar_chunks__cifar10_cnn round=18 (checkpoint deleted)
2026-08-05 21:01:38 EVALUATED cifar-full-out-replace__non-iid__metric-privacy__fedavg__clients-16__seed-42__nm0p1__clip5__rounds-20__epochs-5__cifar_chunks__cifar10_cnn round=19 (checkpoint deleted)
2026-08-05 21:01:42 EVALUATED cifar-full-out-replace__non-iid__metric-privacy__fedavg__clients-16__seed-42__nm0p1__clip5__rounds-20__epochs-5__cifar_chunks__cifar10_cnn round=20 (checkpoint deleted)
2026-08-05 21:01:42 PROGRESS 2/2 (0 failed so far)
2026-08-05 21:01:42 Sweep finished: 2/2 attempted, 0 failed
