2026-08-05 14:09:34 Starting full chunk: 1 trajectories
2026-08-05 14:09:34 START cifar-full-in-replace__non-iid__vanilla__fedavg__clients-3__seed-42__nm0p01__clip5__rounds-20__epochs-5__cifar_chunks__cifar10_cnn 
{
  "partition-mode": "non-iid",
  "partition-profile": "auto",
  "client-weights": "",
  "data-module": "experiments.cia.scripts.cifar_chunks:create_cifar_in_replace",
  "model-module": "experiments.reproduce.cifar10_cnn:create_model",
  "data-cache-dir": "",
  "privacy": "vanilla",
  "aggregation": "fedavg",
  "seed": 42,
  "num-server-rounds": 20,
  "num-clients": 3,
  "fraction-evaluate": 1.0,
  "local-epochs": 5,
  "learning-rate": 0.001,
  "batch-size": 32,
  "initialization-batch-size": 32,
  "initialization-epochs": 20,
  "initialization-learning-rate": 0.001,
  "max-client-samples": 0,
  "max-test-samples": 0,
  "noise-multiplier": 0.01,
  "clipping-norm": 5.0,
  "output-dir": "/content/metricdp-pytorch/results/planned_runs/cifar/full/in-replace/clients-3/seed-42/vanilla/runs",
  "run-name": "cifar-full-in-replace__non-iid__vanilla__fedavg__clients-3__seed-42__nm0p01__clip5__rounds-20__epochs-5__cifar_chunks__cifar10_cnn",
  "checkpoint-rounds": [
    1,
    2,
    3,
    4,
    5,
    6,
    7,
    8,
    9,
    10,
    11,
    12,
    13,
    14,
    15,
    16,
    17,
    18,
    19,
    20
  ]
}
2026-08-05 14:09:39.448184: I tensorflow/core/util/port.cc:153] oneDNN custom operations are on. You may see slightly different numerical results due to floating-point round-off errors from different computation orders. To turn them off, set the environment variable `TF_ENABLE_ONEDNN_OPTS=0`.
2026-08-05 14:09:39.520083: I tensorflow/core/platform/cpu_feature_guard.cc:210] This TensorFlow binary is optimized to use available CPU instructions in performance-critical operations.
To enable the following instructions: AVX2 AVX512F AVX512_VNNI FMA, in other operations, rebuild TensorFlow with the appropriate compiler flags.
[93mWARNING [0m:   DEPRECATED FEATURE: The `run_simulation` function is deprecated and will be removed in a future version of Flower. Please use `flwr run` in the CLI instead to run your simulation. Refer to the Flower Tutorials for more details: https://flower.ai/docs/framework/tutorial-quickstart-pytorch.html

            This is a deprecated feature. It will be removed
            entirely in future versions of Flower.
        
Warning: You are sending unauthenticated requests to the HF Hub. Please set a HF_TOKEN to enable higher rate limits and faster downloads.
Generating train split:   0%|          | 0/50000 [00:00<?, ? examples/s]Generating train split:  28%|██▊       | 14200/50000 [00:00<00:00, 121888.77 examples/s]Generating train split:  66%|██████▌   | 32900/50000 [00:00<00:00, 157535.33 examples/s]Generating train split: 100%|██████████| 50000/50000 [00:00<00:00, 163321.91 examples/s]Generating train split: 100%|██████████| 50000/50000 [00:00<00:00, 157542.60 examples/s]
Generating test split:   0%|          | 0/10000 [00:00<?, ? examples/s]Generating test split: 100%|██████████| 10000/10000 [00:00<00:00, 158634.80 examples/s]
Filtering CIFAR-10 to four classes:   0%|          | 0/50000 [00:00<?, ? examples/s]Filtering CIFAR-10 to four classes: 100%|██████████| 50000/50000 [00:00<00:00, 711238.93 examples/s]
Filtering CIFAR-10 to four classes:   0%|          | 0/10000 [00:00<?, ? examples/s]Filtering CIFAR-10 to four classes: 100%|██████████| 10000/10000 [00:00<00:00, 634366.44 examples/s]
[92mINFO [0m:      Starting DeterministicFedAvg strategy:
[92mINFO [0m:      	├── Number of rounds: 20
[92mINFO [0m:      	├── ArrayRecord (0.87 MB)
[92mINFO [0m:      	├── ConfigRecord (train): {'lr': 0.001}
[92mINFO [0m:      	├── ConfigRecord (evaluate): (empty!)
[92mINFO [0m:      	├──> Sampling:
[92mINFO [0m:      	│	├──Fraction: train (1.00) | evaluate ( 1.00)
[92mINFO [0m:      	│	├──Minimum nodes: train (3) | evaluate (3)
[92mINFO [0m:      	│	└──Minimum available nodes: 3
[92mINFO [0m:      	└──> Keys in records:
[92mINFO [0m:      		├── Weighted by: 'num-examples'
[92mINFO [0m:      		├── ArrayRecord key: 'arrays'
[92mINFO [0m:      		└── ConfigRecord key: 'config'
[92mINFO [0m:      
/usr/lib/python3.12/multiprocessing/popen_fork.py:66: DeprecationWarning: This process (pid=2266) is multi-threaded, use of fork() may lead to deadlocks in the child.
  self.pid = os.fork()
[92mINFO [0m:      Initial global evaluation results: {'loss': 1.389454957962036, 'accuracy': 0.25, 'f1': 0.1, 'precision': 0.0625, 'auc': 0.5196541250000001}
[92mINFO [0m:      
[92mINFO [0m:      [ROUND 1/20]
[92mINFO [0m:      configure_train: Sampled 3 nodes (out of 3)
/usr/local/lib/python3.12/dist-packages/ray/_private/worker.py:2051: FutureWarning: Tip: In future versions of Ray, Ray will no longer override accelerator visible devices env var if num_gpus=0 or num_gpus=None (default). To enable this behavior and turn off this error message, set RAY_ACCEL_ENV_VAR_OVERRIDE_ON_ZERO=0
  warnings.warn(
[36m(ClientAppActor pid=2864)[0m Using the latest cached version of the dataset since uoft-cs/cifar10 couldn't be found on the Hugging Face Hub (offline mode is enabled).
[36m(ClientAppActor pid=2864)[0m Found the latest cached dataset configuration 'plain_text' at /root/.cache/huggingface/datasets/uoft-cs___cifar10/plain_text/0.0.0/0b2714987fa478483af9968de7c934580d0bb9a2 (last modified on Wed Aug  5 14:09:52 2026).
[36m(ClientAppActor pid=2865)[0m /usr/lib/python3.12/multiprocessing/popen_fork.py:66: DeprecationWarning: This process (pid=2865) is multi-threaded, use of fork() may lead to deadlocks in the child.
[36m(ClientAppActor pid=2865)[0m   self.pid = os.fork()
[92mINFO [0m:      aggregate_train: Received 3 results and 0 failures
[92mINFO [0m:      	└──> Aggregated MetricRecord: {'train_loss': 0.716240848435296, 'train_loss_mean': 0.8892192041476568, 'client-ids': [0, 1, 2], 'per-client-num-examples': [6400, 4800, 3200], 'per-client-train_loss': [0.6818624031543732, 0.7187007912000021, 0.7813078248500824], 'per-client-train_loss_mean': [0.8519109005630016, 0.9057761852741242, 0.9390003396272659]}
[92mINFO [0m:      configure_evaluate: Sampled 3 nodes (out of 3)
[92mINFO [0m:      aggregate_evaluate: Received 3 results and 0 failures
[92mINFO [0m:      	└──> Aggregated MetricRecord: {'eval_loss': 1.0200065639283922, 'eval_acc': 0.6502777777777777, 'client-ids': [0, 1, 2], 'per-client-eval_acc': [0.645625, 0.6491666666666667, 0.66125], 'per-client-eval_loss': [1.0296169567108153, 1.0209563922882081, 0.9993610358238221], 'per-client-num-examples': [1600, 1200, 800]}
[92mINFO [0m:      Global evaluation
[92mINFO [0m:      	└──> MetricRecord: {'loss': 1.0076363277435303, 'accuracy': 0.669, 'f1': 0.6720288811913274, 'precision': 0.701876019527535, 'auc': 0.8662886666666665}
[92mINFO [0m:      
[92mINFO [0m:      [ROUND 2/20]
[92mINFO [0m:      configure_train: Sampled 3 nodes (out of 3)
[36m(ClientAppActor pid=2865)[0m Using the latest cached version of the dataset since uoft-cs/cifar10 couldn't be found on the Hugging Face Hub (offline mode is enabled).[32m [repeated 2x across cluster] (Ray deduplicates logs by default. Set RAY_DEDUP_LOGS=0 to disable log deduplication, or see https://docs.ray.io/en/master/ray-observability/user-guides/configure-logging.html#log-deduplication for more options.)[0m
[36m(ClientAppActor pid=2865)[0m Found the latest cached dataset configuration 'plain_text' at /root/.cache/huggingface/datasets/uoft-cs___cifar10/plain_text/0.0.0/0b2714987fa478483af9968de7c934580d0bb9a2 (last modified on Wed Aug  5 14:09:52 2026).[32m [repeated 2x across cluster][0m
[36m(ClientAppActor pid=2865)[0m /usr/lib/python3.12/multiprocessing/popen_fork.py:66: DeprecationWarning: This process (pid=2865) is multi-threaded, use of fork() may lead to deadlocks in the child.[32m [repeated 3x across cluster][0m
[36m(ClientAppActor pid=2865)[0m   self.pid = os.fork()[32m [repeated 3x across cluster][0m
[92mINFO [0m:      aggregate_train: Received 3 results and 0 failures
[92mINFO [0m:      	└──> Aggregated MetricRecord: {'train_loss': 0.539636479318142, 'train_loss_mean': 0.63629979871379, 'client-ids': [0, 1, 2], 'per-client-num-examples': [6400, 4800, 3200], 'per-client-train_loss': [0.5208693109452724, 0.524373619556427, 0.6000651057064533], 'per-client-train_loss_mean': [0.6187134090512991, 0.6283271165291469, 0.6834316013157368]}
[92mINFO [0m:      configure_evaluate: Sampled 3 nodes (out of 3)
[92mINFO [0m:      aggregate_evaluate: Received 3 results and 0 failures
[92mINFO [0m:      	└──> Aggregated MetricRecord: {'eval_loss': 0.579416017797258, 'eval_acc': 0.778611111111111, 'client-ids': [0, 1, 2], 'per-client-eval_acc': [0.77625, 0.765, 0.80375], 'per-client-eval_loss': [0.5871183222532272, 0.5950321610768636, 0.5405871939659118], 'per-client-num-examples': [1600, 1200, 800]}
[92mINFO [0m:      Global evaluation
[92mINFO [0m:      	└──> MetricRecord: {'loss': 0.543324634552002, 'accuracy': 0.7925, 'f1': 0.7902439043299072, 'precision': 0.7906709642111452, 'auc': 0.9486063333333332}
[92mINFO [0m:      
[92mINFO [0m:      [ROUND 3/20]
[92mINFO [0m:      configure_train: Sampled 3 nodes (out of 3)
[36m(ClientAppActor pid=2865)[0m /usr/lib/python3.12/multiprocessing/popen_fork.py:66: DeprecationWarning: This process (pid=2865) is multi-threaded, use of fork() may lead to deadlocks in the child.[32m [repeated 3x across cluster][0m
[36m(ClientAppActor pid=2865)[0m   self.pid = os.fork()[32m [repeated 3x across cluster][0m
[92mINFO [0m:      aggregate_train: Received 3 results and 0 failures
[92mINFO [0m:      	└──> Aggregated MetricRecord: {'train_loss': 0.35585943766766126, 'train_loss_mean': 0.45576805667413606, 'client-ids': [0, 1, 2], 'per-client-num-examples': [6400, 4800, 3200], 'per-client-train_loss': [0.34179409597069027, 0.3658894458413124, 0.36894510880112646], 'per-client-train_loss_mean': [0.4353054988309741, 0.4656850981911023, 0.48181761008501056]}
[92mINFO [0m:      configure_evaluate: Sampled 3 nodes (out of 3)
[92mINFO [0m:      aggregate_evaluate: Received 3 results and 0 failures
[92mINFO [0m:      	└──> Aggregated MetricRecord: {'eval_loss': 0.5004459043343862, 'eval_acc': 0.8147222222222221, 'client-ids': [0, 1, 2], 'per-client-eval_acc': [0.82, 0.8041666666666667, 0.82], 'per-client-eval_loss': [0.4960200428962708, 0.5137142741680145, 0.48939507246017455], 'per-client-num-examples': [1600, 1200, 800]}
[92mINFO [0m:      Global evaluation
[92mINFO [0m:      	└──> MetricRecord: {'loss': 0.4791044578552246, 'accuracy': 0.82, 'f1': 0.8180304728455572, 'precision': 0.8190543928783637, 'auc': 0.9611046666666667}
[92mINFO [0m:      
[92mINFO [0m:      [ROUND 4/20]
[92mINFO [0m:      configure_train: Sampled 3 nodes (out of 3)
[36m(ClientAppActor pid=2865)[0m /usr/lib/python3.12/multiprocessing/popen_fork.py:66: DeprecationWarning: This process (pid=2865) is multi-threaded, use of fork() may lead to deadlocks in the child.[32m [repeated 3x across cluster][0m
[36m(ClientAppActor pid=2865)[0m   self.pid = os.fork()[32m [repeated 3x across cluster][0m
[92mINFO [0m:      aggregate_train: Received 3 results and 0 failures
[92mINFO [0m:      	└──> Aggregated MetricRecord: {'train_loss': 0.2170447570416662, 'train_loss_mean': 0.3154562395910422, 'client-ids': [0, 1, 2], 'per-client-num-examples': [6400, 4800, 3200], 'per-client-train_loss': [0.19511778444051742, 0.2436675023039182, 0.22096458435058594], 'per-client-train_loss_mean': [0.2897751778066158, 0.3348118479152521, 0.33778495067358016]}
[92mINFO [0m:      configure_evaluate: Sampled 3 nodes (out of 3)
[92mINFO [0m:      aggregate_evaluate: Received 3 results and 0 failures
[92mINFO [0m:      	└──> Aggregated MetricRecord: {'eval_loss': 0.5189418842395146, 'eval_acc': 0.8288888888888888, 'client-ids': [0, 1, 2], 'per-client-eval_acc': [0.834375, 0.8191666666666667, 0.8325], 'per-client-eval_loss': [0.5006616643071174, 0.5323349922895432, 0.5354126620292664], 'per-client-num-examples': [1600, 1200, 800]}
[92mINFO [0m:      Global evaluation
[92mINFO [0m:      	└──> MetricRecord: {'loss': 0.5245165421962737, 'accuracy': 0.823, 'f1': 0.8218116458012485, 'precision': 0.8217858491909273, 'auc': 0.9623208333333335}
[92mINFO [0m:      
[92mINFO [0m:      [ROUND 5/20]
[92mINFO [0m:      configure_train: Sampled 3 nodes (out of 3)
[36m(ClientAppActor pid=2865)[0m /usr/lib/python3.12/multiprocessing/popen_fork.py:66: DeprecationWarning: This process (pid=2865) is multi-threaded, use of fork() may lead to deadlocks in the child.[32m [repeated 3x across cluster][0m
[36m(ClientAppActor pid=2865)[0m   self.pid = os.fork()[32m [repeated 3x across cluster][0m
[92mINFO [0m:      aggregate_train: Received 3 results and 0 failures
[92mINFO [0m:      	└──> Aggregated MetricRecord: {'train_loss': 0.1491911641239292, 'train_loss_mean': 0.23149474009747306, 'client-ids': [0, 1, 2], 'per-client-num-examples': [6400, 4800, 3200], 'per-client-train_loss': [0.13671275814529507, 0.1659755878398816, 0.1489713405072689], 'per-client-train_loss_mean': [0.20229149071965366, 0.25199383243421714, 0.25915260034799575]}
[92mINFO [0m:      configure_evaluate: Sampled 3 nodes (out of 3)
[92mINFO [0m:      aggregate_evaluate: Received 3 results and 0 failures
[92mINFO [0m:      	└──> Aggregated MetricRecord: {'eval_loss': 0.5434589948256809, 'eval_acc': 0.8327777777777777, 'client-ids': [0, 1, 2], 'per-client-eval_acc': [0.828125, 0.8316666666666667, 0.84375], 'per-client-eval_loss': [0.5160795843601227, 0.5490366663535436, 0.589851308465004], 'per-client-num-examples': [1600, 1200, 800]}
[92mINFO [0m:      Global evaluation
[92mINFO [0m:      	└──> MetricRecord: {'loss': 0.5491023628711701, 'accuracy': 0.8155, 'f1': 0.8145645254228254, 'precision': 0.816100661692248, 'auc': 0.9628256249999999}
[92mINFO [0m:      
[92mINFO [0m:      [ROUND 6/20]
[92mINFO [0m:      configure_train: Sampled 3 nodes (out of 3)
[36m(ClientAppActor pid=2865)[0m /usr/lib/python3.12/multiprocessing/popen_fork.py:66: DeprecationWarning: This process (pid=2865) is multi-threaded, use of fork() may lead to deadlocks in the child.[32m [repeated 3x across cluster][0m
[36m(ClientAppActor pid=2865)[0m   self.pid = os.fork()[32m [repeated 3x across cluster][0m
[92mINFO [0m:      aggregate_train: Received 3 results and 0 failures
[92mINFO [0m:      	└──> Aggregated MetricRecord: {'train_loss': 0.10680462916536879, 'train_loss_mean': 0.1652731433948502, 'client-ids': [0, 1, 2], 'per-client-num-examples': [6400, 4800, 3200], 'per-client-train_loss': [0.08698288773768581, 0.1359098398126662, 0.1027902960497886], 'per-client-train_loss_mean': [0.13702027523866855, 0.17910562321419515, 0.201030159978196]}
[92mINFO [0m:      configure_evaluate: Sampled 3 nodes (out of 3)
[92mINFO [0m:      aggregate_evaluate: Received 3 results and 0 failures
[92mINFO [0m:      	└──> Aggregated MetricRecord: {'eval_loss': 0.6063448168171777, 'eval_acc': 0.8286111111111111, 'client-ids': [0, 1, 2], 'per-client-eval_acc': [0.83125, 0.8258333333333333, 0.8275], 'per-client-eval_loss': [0.5683443832397461, 0.6380367422103882, 0.634807795882225], 'per-client-num-examples': [1600, 1200, 800]}
[92mINFO [0m:      Global evaluation
[92mINFO [0m:      	└──> MetricRecord: {'loss': 0.6211633443832397, 'accuracy': 0.8255, 'f1': 0.8258111438935607, 'precision': 0.8263004706014698, 'auc': 0.9626093333333333}
[92mINFO [0m:      
[92mINFO [0m:      [ROUND 7/20]
[92mINFO [0m:      configure_train: Sampled 3 nodes (out of 3)
[36m(ClientAppActor pid=2865)[0m /usr/lib/python3.12/multiprocessing/popen_fork.py:66: DeprecationWarning: This process (pid=2865) is multi-threaded, use of fork() may lead to deadlocks in the child.[32m [repeated 3x across cluster][0m
[36m(ClientAppActor pid=2865)[0m   self.pid = os.fork()[32m [repeated 3x across cluster][0m
[92mINFO [0m:      aggregate_train: Received 3 results and 0 failures
[92mINFO [0m:      	└──> Aggregated MetricRecord: {'train_loss': 0.07518549061587286, 'train_loss_mean': 0.12464991004537376, 'client-ids': [0, 1, 2], 'per-client-num-examples': [6400, 4800, 3200], 'per-client-train_loss': [0.06523669624933973, 0.07193780731720228, 0.09995460429694504], 'per-client-train_loss_mean': [0.09794740254525094, 0.13383304153196512, 0.16428022781573234]}
[92mINFO [0m:      configure_evaluate: Sampled 3 nodes (out of 3)
[92mINFO [0m:      aggregate_evaluate: Received 3 results and 0 failures
[92mINFO [0m:      	└──> Aggregated MetricRecord: {'eval_loss': 0.7096677152978048, 'eval_acc': 0.8247222222222221, 'client-ids': [0, 1, 2], 'per-client-eval_acc': [0.829375, 0.82, 0.8225], 'per-client-eval_loss': [0.6660384115576744, 0.7518355093399683, 0.7336746317148208], 'per-client-num-examples': [1600, 1200, 800]}
[92mINFO [0m:      Global evaluation
[92mINFO [0m:      	└──> MetricRecord: {'loss': 0.7337523341178894, 'accuracy': 0.815, 'f1': 0.8148536798364245, 'precision': 0.8158979408562992, 'auc': 0.9585383333333334}
[92mINFO [0m:      
[92mINFO [0m:      [ROUND 8/20]
[92mINFO [0m:      configure_train: Sampled 3 nodes (out of 3)
[36m(ClientAppActor pid=2865)[0m /usr/lib/python3.12/multiprocessing/popen_fork.py:66: DeprecationWarning: This process (pid=2865) is multi-threaded, use of fork() may lead to deadlocks in the child.[32m [repeated 3x across cluster][0m
[36m(ClientAppActor pid=2865)[0m   self.pid = os.fork()[32m [repeated 3x across cluster][0m
[92mINFO [0m:      aggregate_train: Received 3 results and 0 failures
[92mINFO [0m:      	└──> Aggregated MetricRecord: {'train_loss': 0.05616721143946052, 'train_loss_mean': 0.10230832745015828, 'client-ids': [0, 1, 2], 'per-client-num-examples': [6400, 4800, 3200], 'per-client-train_loss': [0.05641605509677902, 0.04359934357305368, 0.07452132592443377], 'per-client-train_loss_mean': [0.0800926885480294, 0.10651380959525705, 0.14043138203676792]}
[92mINFO [0m:      configure_evaluate: Sampled 3 nodes (out of 3)
[92mINFO [0m:      aggregate_evaluate: Received 3 results and 0 failures
[92mINFO [0m:      	└──> Aggregated MetricRecord: {'eval_loss': 0.7379846172200308, 'eval_acc': 0.8258333333333332, 'client-ids': [0, 1, 2], 'per-client-eval_acc': [0.834375, 0.8241666666666667, 0.81125], 'per-client-eval_loss': [0.6759892259538174, 0.775968500773112, 0.8049995744228363], 'per-client-num-examples': [1600, 1200, 800]}
[92mINFO [0m:      Global evaluation
[92mINFO [0m:      	└──> MetricRecord: {'loss': 0.7549439101219177, 'accuracy': 0.8165, 'f1': 0.8170742899796589, 'precision': 0.8178405289868537, 'auc': 0.9602922499999998}
[92mINFO [0m:      
[92mINFO [0m:      [ROUND 9/20]
[92mINFO [0m:      configure_train: Sampled 3 nodes (out of 3)
[36m(ClientAppActor pid=2865)[0m /usr/lib/python3.12/multiprocessing/popen_fork.py:66: DeprecationWarning: This process (pid=2865) is multi-threaded, use of fork() may lead to deadlocks in the child.[32m [repeated 3x across cluster][0m
[36m(ClientAppActor pid=2865)[0m   self.pid = os.fork()[32m [repeated 3x across cluster][0m
[92mINFO [0m:      aggregate_train: Received 3 results and 0 failures
[92mINFO [0m:      	└──> Aggregated MetricRecord: {'train_loss': 0.059384203282857526, 'train_loss_mean': 0.08674315990786999, 'client-ids': [0, 1, 2], 'per-client-num-examples': [6400, 4800, 3200], 'per-client-train_loss': [0.045444954825215975, 0.059244139986112714, 0.08747279514325783], 'per-client-train_loss_mean': [0.06600307188532314, 0.09124402335534493, 0.12147204078175126]}
[92mINFO [0m:      configure_evaluate: Sampled 3 nodes (out of 3)
[92mINFO [0m:      aggregate_evaluate: Received 3 results and 0 failures
[92mINFO [0m:      	└──> Aggregated MetricRecord: {'eval_loss': 0.7965600881973902, 'eval_acc': 0.8302777777777778, 'client-ids': [0, 1, 2], 'per-client-eval_acc': [0.833125, 0.8333333333333334, 0.82], 'per-client-eval_loss': [0.7418915019929408, 0.8200363699595133, 0.8706828379631042], 'per-client-num-examples': [1600, 1200, 800]}
[92mINFO [0m:      Global evaluation
[92mINFO [0m:      	└──> MetricRecord: {'loss': 0.8412785075902939, 'accuracy': 0.8135, 'f1': 0.8123229484314964, 'precision': 0.8125021722192403, 'auc': 0.9590599583333334}
[92mINFO [0m:      
[92mINFO [0m:      [ROUND 10/20]
[92mINFO [0m:      configure_train: Sampled 3 nodes (out of 3)
[36m(ClientAppActor pid=2865)[0m /usr/lib/python3.12/multiprocessing/popen_fork.py:66: DeprecationWarning: This process (pid=2865) is multi-threaded, use of fork() may lead to deadlocks in the child.[32m [repeated 3x across cluster][0m
[36m(ClientAppActor pid=2865)[0m   self.pid = os.fork()[32m [repeated 3x across cluster][0m
[92mINFO [0m:      aggregate_train: Received 3 results and 0 failures
[92mINFO [0m:      	└──> Aggregated MetricRecord: {'train_loss': 0.06307082846398569, 'train_loss_mean': 0.07476858979592926, 'client-ids': [0, 1, 2], 'per-client-num-examples': [6400, 4800, 3200], 'per-client-train_loss': [0.05311348190007266, 0.09441667045156162, 0.03596675861044787], 'per-client-train_loss_mean': [0.059506145946797914, 0.0803795977785873, 0.09687696552020497]}
[92mINFO [0m:      configure_evaluate: Sampled 3 nodes (out of 3)
[92mINFO [0m:      aggregate_evaluate: Received 3 results and 0 failures
[92mINFO [0m:      	└──> Aggregated MetricRecord: {'eval_loss': 0.7979439622163772, 'eval_acc': 0.8311111111111111, 'client-ids': [0, 1, 2], 'per-client-eval_acc': [0.835625, 0.8291666666666667, 0.825], 'per-client-eval_loss': [0.739568402171135, 0.8305623835325241, 0.8657674503326416], 'per-client-num-examples': [1600, 1200, 800]}
[92mINFO [0m:      Global evaluation
[92mINFO [0m:      	└──> MetricRecord: {'loss': 0.8709395341873168, 'accuracy': 0.816, 'f1': 0.8147011798812007, 'precision': 0.8153289694949537, 'auc': 0.9580060416666667}
[92mINFO [0m:      
[92mINFO [0m:      [ROUND 11/20]
[92mINFO [0m:      configure_train: Sampled 3 nodes (out of 3)
[36m(ClientAppActor pid=2865)[0m /usr/lib/python3.12/multiprocessing/popen_fork.py:66: DeprecationWarning: This process (pid=2865) is multi-threaded, use of fork() may lead to deadlocks in the child.[32m [repeated 3x across cluster][0m
[36m(ClientAppActor pid=2865)[0m   self.pid = os.fork()[32m [repeated 3x across cluster][0m
[92mINFO [0m:      aggregate_train: Received 3 results and 0 failures
[92mINFO [0m:      	└──> Aggregated MetricRecord: {'train_loss': 0.04858439366417264, 'train_loss_mean': 0.06964750866713519, 'client-ids': [0, 1, 2], 'per-client-num-examples': [6400, 4800, 3200], 'per-client-train_loss': [0.0394397650846804, 0.060442037023603915, 0.049087185784010216], 'per-client-train_loss_mean': [0.0565773707703338, 0.0716871787480389, 0.09272827933938242]}
[92mINFO [0m:      configure_evaluate: Sampled 3 nodes (out of 3)
[92mINFO [0m:      aggregate_evaluate: Received 3 results and 0 failures
[92mINFO [0m:      	└──> Aggregated MetricRecord: {'eval_loss': 0.8402370150883992, 'eval_acc': 0.8305555555555555, 'client-ids': [0, 1, 2], 'per-client-eval_acc': [0.835625, 0.8266666666666667, 0.82625], 'per-client-eval_loss': [0.7830235783755779, 0.8785577402512232, 0.8971828007698059], 'per-client-num-examples': [1600, 1200, 800]}
[92mINFO [0m:      Global evaluation
[92mINFO [0m:      	└──> MetricRecord: {'loss': 0.9166595380306244, 'accuracy': 0.809, 'f1': 0.8083847726880342, 'precision': 0.8086878708811461, 'auc': 0.9586345416666667}
[92mINFO [0m:      
[92mINFO [0m:      [ROUND 12/20]
[92mINFO [0m:      configure_train: Sampled 3 nodes (out of 3)
[36m(ClientAppActor pid=2865)[0m /usr/lib/python3.12/multiprocessing/popen_fork.py:66: DeprecationWarning: This process (pid=2865) is multi-threaded, use of fork() may lead to deadlocks in the child.[32m [repeated 3x across cluster][0m
[36m(ClientAppActor pid=2865)[0m   self.pid = os.fork()[32m [repeated 3x across cluster][0m
[92mINFO [0m:      aggregate_train: Received 3 results and 0 failures
[92mINFO [0m:      	└──> Aggregated MetricRecord: {'train_loss': 0.05302804571602286, 'train_loss_mean': 0.06125595999070598, 'client-ids': [0, 1, 2], 'per-client-num-examples': [6400, 4800, 3200], 'per-client-train_loss': [0.05087776253523771, 0.06374222182823966, 0.041257347909267994], 'per-client-train_loss_mean': [0.04943788927825517, 0.0634286898765713, 0.08163300658680964]}
[92mINFO [0m:      configure_evaluate: Sampled 3 nodes (out of 3)
[92mINFO [0m:      aggregate_evaluate: Received 3 results and 0 failures
[92mINFO [0m:      	└──> Aggregated MetricRecord: {'eval_loss': 0.8387748135460747, 'eval_acc': 0.8302777777777778, 'client-ids': [0, 1, 2], 'per-client-eval_acc': [0.8375, 0.8308333333333333, 0.815], 'per-client-eval_loss': [0.7589669099450111, 0.8704384315013886, 0.9508951938152314], 'per-client-num-examples': [1600, 1200, 800]}
[92mINFO [0m:      Global evaluation
[92mINFO [0m:      	└──> MetricRecord: {'loss': 0.9060329794883728, 'accuracy': 0.8145, 'f1': 0.8138445981686425, 'precision': 0.8137700161382775, 'auc': 0.9581367916666665}
[92mINFO [0m:      
[92mINFO [0m:      [ROUND 13/20]
[92mINFO [0m:      configure_train: Sampled 3 nodes (out of 3)
[36m(ClientAppActor pid=2865)[0m /usr/lib/python3.12/multiprocessing/popen_fork.py:66: DeprecationWarning: This process (pid=2865) is multi-threaded, use of fork() may lead to deadlocks in the child.[32m [repeated 3x across cluster][0m
[36m(ClientAppActor pid=2865)[0m   self.pid = os.fork()[32m [repeated 3x across cluster][0m
[92mINFO [0m:      aggregate_train: Received 3 results and 0 failures
[92mINFO [0m:      	└──> Aggregated MetricRecord: {'train_loss': 0.04992492995244295, 'train_loss_mean': 0.05630881447392877, 'client-ids': [0, 1, 2], 'per-client-num-examples': [6400, 4800, 3200], 'per-client-train_loss': [0.0477750670495152, 0.0479582022720327, 0.057174747278913855], 'per-client-train_loss_mean': [0.04460284319685888, 0.05647348320282375, 0.07947375393472612]}
[92mINFO [0m:      configure_evaluate: Sampled 3 nodes (out of 3)
[92mINFO [0m:      aggregate_evaluate: Received 3 results and 0 failures
[92mINFO [0m:      	└──> Aggregated MetricRecord: {'eval_loss': 0.8141332243548499, 'eval_acc': 0.8302777777777777, 'client-ids': [0, 1, 2], 'per-client-eval_acc': [0.83875, 0.82, 0.82875], 'per-client-eval_loss': [0.7484623417258263, 0.8422713796297709, 0.9032677567005157], 'per-client-num-examples': [1600, 1200, 800]}
[92mINFO [0m:      Global evaluation
[92mINFO [0m:      	└──> MetricRecord: {'loss': 0.8763891892433167, 'accuracy': 0.8125, 'f1': 0.8112299033293, 'precision': 0.8108361725128197, 'auc': 0.95814475}
[92mINFO [0m:      
[92mINFO [0m:      [ROUND 14/20]
[92mINFO [0m:      configure_train: Sampled 3 nodes (out of 3)
[36m(ClientAppActor pid=2865)[0m /usr/lib/python3.12/multiprocessing/popen_fork.py:66: DeprecationWarning: This process (pid=2865) is multi-threaded, use of fork() may lead to deadlocks in the child.[32m [repeated 3x across cluster][0m
[36m(ClientAppActor pid=2865)[0m   self.pid = os.fork()[32m [repeated 3x across cluster][0m
[92mINFO [0m:      aggregate_train: Received 3 results and 0 failures
[92mINFO [0m:      	└──> Aggregated MetricRecord: {'train_loss': 0.045466368051970164, 'train_loss_mean': 0.05158616467125506, 'client-ids': [0, 1, 2], 'per-client-num-examples': [6400, 4800, 3200], 'per-client-train_loss': [0.03945537719730055, 0.05410686288339396, 0.04452760751417372], 'per-client-train_loss_mean': [0.04130464002804365, 0.05426329022537296, 0.06813352562650107]}
[92mINFO [0m:      configure_evaluate: Sampled 3 nodes (out of 3)
[92mINFO [0m:      aggregate_evaluate: Received 3 results and 0 failures
[92mINFO [0m:      	└──> Aggregated MetricRecord: {'eval_loss': 0.8917136989699469, 'eval_acc': 0.8330555555555554, 'client-ids': [0, 1, 2], 'per-client-eval_acc': [0.838125, 0.8375, 0.81625], 'per-client-eval_loss': [0.8138077980279923, 0.908010589281718, 1.0230801653862], 'per-client-num-examples': [1600, 1200, 800]}
[92mINFO [0m:      Global evaluation
[92mINFO [0m:      	└──> MetricRecord: {'loss': 0.9451371421813964, 'accuracy': 0.813, 'f1': 0.8126007640388103, 'precision': 0.8122728270973966, 'auc': 0.9577185833333335}
[92mINFO [0m:      
[92mINFO [0m:      [ROUND 15/20]
[92mINFO [0m:      configure_train: Sampled 3 nodes (out of 3)
[36m(ClientAppActor pid=2865)[0m /usr/lib/python3.12/multiprocessing/popen_fork.py:66: DeprecationWarning: This process (pid=2865) is multi-threaded, use of fork() may lead to deadlocks in the child.[32m [repeated 3x across cluster][0m
[36m(ClientAppActor pid=2865)[0m   self.pid = os.fork()[32m [repeated 3x across cluster][0m
[92mINFO [0m:      aggregate_train: Received 3 results and 0 failures
[92mINFO [0m:      	└──> Aggregated MetricRecord: {'train_loss': 0.03307593570879867, 'train_loss_mean': 0.046784094618909075, 'client-ids': [0, 1, 2], 'per-client-num-examples': [6400, 4800, 3200], 'per-client-train_loss': [0.03636658143732348, 0.028020275312980326, 0.034078134845476594], 'per-client-train_loss_mean': [0.03627453335676728, 0.04549351813417161, 0.06973908187029884]}
[92mINFO [0m:      configure_evaluate: Sampled 3 nodes (out of 3)
[92mINFO [0m:      aggregate_evaluate: Received 3 results and 0 failures
[92mINFO [0m:      	└──> Aggregated MetricRecord: {'eval_loss': 0.9334644858704673, 'eval_acc': 0.8280555555555555, 'client-ids': [0, 1, 2], 'per-client-eval_acc': [0.830625, 0.8316666666666667, 0.8175], 'per-client-eval_loss': [0.8854237760603428, 0.942703750928243, 1.0156870079040528], 'per-client-num-examples': [1600, 1200, 800]}
[92mINFO [0m:      Global evaluation
[92mINFO [0m:      	└──> MetricRecord: {'loss': 1.0180216207504273, 'accuracy': 0.816, 'f1': 0.8148518955062507, 'precision': 0.8142694101786732, 'auc': 0.9572693333333333}
[92mINFO [0m:      
[92mINFO [0m:      [ROUND 16/20]
[92mINFO [0m:      configure_train: Sampled 3 nodes (out of 3)
[36m(ClientAppActor pid=2865)[0m /usr/lib/python3.12/multiprocessing/popen_fork.py:66: DeprecationWarning: This process (pid=2865) is multi-threaded, use of fork() may lead to deadlocks in the child.[32m [repeated 3x across cluster][0m
[36m(ClientAppActor pid=2865)[0m   self.pid = os.fork()[32m [repeated 3x across cluster][0m
[92mINFO [0m:      aggregate_train: Received 3 results and 0 failures
[92mINFO [0m:      	└──> Aggregated MetricRecord: {'train_loss': 0.03604194835948874, 'train_loss_mean': 0.04274219299772004, 'client-ids': [0, 1, 2], 'per-client-num-examples': [6400, 4800, 3200], 'per-client-train_loss': [0.02156551261756249, 0.050614482838621674, 0.04313601812464185], 'per-client-train_loss_mean': [0.03346920943016448, 0.04262503400100589, 0.06146389862790238]}
[92mINFO [0m:      configure_evaluate: Sampled 3 nodes (out of 3)
[92mINFO [0m:      aggregate_evaluate: Received 3 results and 0 failures
[92mINFO [0m:      	└──> Aggregated MetricRecord: {'eval_loss': 0.9293850306007596, 'eval_acc': 0.826111111111111, 'client-ids': [0, 1, 2], 'per-client-eval_acc': [0.829375, 0.8233333333333334, 0.82375], 'per-client-eval_loss': [0.8684720240533352, 0.9553079481919606, 1.0123266673088074], 'per-client-num-examples': [1600, 1200, 800]}
[92mINFO [0m:      Global evaluation
[92mINFO [0m:      	└──> MetricRecord: {'loss': 0.9884308702945709, 'accuracy': 0.8045, 'f1': 0.8039289149326808, 'precision': 0.8041105524847351, 'auc': 0.9569570416666667}
[92mINFO [0m:      
[92mINFO [0m:      [ROUND 17/20]
[92mINFO [0m:      configure_train: Sampled 3 nodes (out of 3)
[36m(ClientAppActor pid=2865)[0m /usr/lib/python3.12/multiprocessing/popen_fork.py:66: DeprecationWarning: This process (pid=2865) is multi-threaded, use of fork() may lead to deadlocks in the child.[32m [repeated 3x across cluster][0m
[36m(ClientAppActor pid=2865)[0m   self.pid = os.fork()[32m [repeated 3x across cluster][0m
[92mINFO [0m:      aggregate_train: Received 3 results and 0 failures
[92mINFO [0m:      	└──> Aggregated MetricRecord: {'train_loss': 0.044900838723955935, 'train_loss_mean': 0.04496586795355931, 'client-ids': [0, 1, 2], 'per-client-num-examples': [6400, 4800, 3200], 'per-client-train_loss': [0.04363537965786236, 0.03486223023113174, 0.06248966959537938], 'per-client-train_loss_mean': [0.03394216748455074, 0.04811975227242995, 0.06228244241327048]}
[92mINFO [0m:      configure_evaluate: Sampled 3 nodes (out of 3)
[92mINFO [0m:      aggregate_evaluate: Received 3 results and 0 failures
[92mINFO [0m:      	└──> Aggregated MetricRecord: {'eval_loss': 0.9194576734966701, 'eval_acc': 0.8305555555555555, 'client-ids': [0, 1, 2], 'per-client-eval_acc': [0.835, 0.8266666666666667, 0.8275], 'per-client-eval_loss': [0.8760175105929374, 0.9096310571829478, 1.0210779237747192], 'per-client-num-examples': [1600, 1200, 800]}
[92mINFO [0m:      Global evaluation
[92mINFO [0m:      	└──> MetricRecord: {'loss': 1.0214168553352356, 'accuracy': 0.806, 'f1': 0.8050635467499621, 'precision': 0.8060386919315744, 'auc': 0.9559983333333334}
[92mINFO [0m:      
[92mINFO [0m:      [ROUND 18/20]
[92mINFO [0m:      configure_train: Sampled 3 nodes (out of 3)
[36m(ClientAppActor pid=2865)[0m /usr/lib/python3.12/multiprocessing/popen_fork.py:66: DeprecationWarning: This process (pid=2865) is multi-threaded, use of fork() may lead to deadlocks in the child.[32m [repeated 3x across cluster][0m
[36m(ClientAppActor pid=2865)[0m   self.pid = os.fork()[32m [repeated 3x across cluster][0m
[92mINFO [0m:      aggregate_train: Received 3 results and 0 failures
[92mINFO [0m:      	└──> Aggregated MetricRecord: {'train_loss': 0.026622755431065643, 'train_loss_mean': 0.03791731321943613, 'client-ids': [0, 1, 2], 'per-client-num-examples': [6400, 4800, 3200], 'per-client-train_loss': [0.018117138890665956, 0.01889823731132007, 0.055220765691483396], 'per-client-train_loss_mean': [0.02952755571733724, 0.03471968656579459, 0.05949326820409624]}
[92mINFO [0m:      configure_evaluate: Sampled 3 nodes (out of 3)
[92mINFO [0m:      aggregate_evaluate: Received 3 results and 0 failures
[92mINFO [0m:      	└──> Aggregated MetricRecord: {'eval_loss': 1.0276199235518773, 'eval_acc': 0.8319444444444444, 'client-ids': [0, 1, 2], 'per-client-eval_acc': [0.83375, 0.8341666666666666, 0.825], 'per-client-eval_loss': [0.9901109719276429, 1.0308934173981348, 1.09772758603096], 'per-client-num-examples': [1600, 1200, 800]}
[92mINFO [0m:      Global evaluation
[92mINFO [0m:      	└──> MetricRecord: {'loss': 1.0852382435798644, 'accuracy': 0.814, 'f1': 0.8140055830088567, 'precision': 0.8140945833610858, 'auc': 0.9599330833333334}
[92mINFO [0m:      
[92mINFO [0m:      [ROUND 19/20]
[92mINFO [0m:      configure_train: Sampled 3 nodes (out of 3)
[36m(ClientAppActor pid=2865)[0m /usr/lib/python3.12/multiprocessing/popen_fork.py:66: DeprecationWarning: This process (pid=2865) is multi-threaded, use of fork() may lead to deadlocks in the child.[32m [repeated 3x across cluster][0m
[36m(ClientAppActor pid=2865)[0m   self.pid = os.fork()[32m [repeated 3x across cluster][0m
[92mINFO [0m:      aggregate_train: Received 3 results and 0 failures
[92mINFO [0m:      	└──> Aggregated MetricRecord: {'train_loss': 0.03505512383853784, 'train_loss_mean': 0.0370014348781729, 'client-ids': [0, 1, 2], 'per-client-num-examples': [6400, 4800, 3200], 'per-client-train_loss': [0.04278992229832511, 0.027131085628643633, 0.031471584233804605], 'per-client-train_loss_mean': [0.031680477929792686, 0.037577530065958854, 0.046779205993254434]}
[92mINFO [0m:      configure_evaluate: Sampled 3 nodes (out of 3)
[92mINFO [0m:      aggregate_evaluate: Received 3 results and 0 failures
[92mINFO [0m:      	└──> Aggregated MetricRecord: {'eval_loss': 0.9854353207349776, 'eval_acc': 0.8255555555555556, 'client-ids': [0, 1, 2], 'per-client-eval_acc': [0.83125, 0.8158333333333333, 0.82875], 'per-client-eval_loss': [0.9335326932370662, 1.001215603351593, 1.0655701518058778], 'per-client-num-examples': [1600, 1200, 800]}
[92mINFO [0m:      Global evaluation
[92mINFO [0m:      	└──> MetricRecord: {'loss': 1.0439954793453217, 'accuracy': 0.8025, 'f1': 0.8023432081105761, 'precision': 0.8033589876496854, 'auc': 0.9547843333333332}
[92mINFO [0m:      
[92mINFO [0m:      [ROUND 20/20]
[92mINFO [0m:      configure_train: Sampled 3 nodes (out of 3)
[36m(ClientAppActor pid=2865)[0m /usr/lib/python3.12/multiprocessing/popen_fork.py:66: DeprecationWarning: This process (pid=2865) is multi-threaded, use of fork() may lead to deadlocks in the child.[32m [repeated 3x across cluster][0m
[36m(ClientAppActor pid=2865)[0m   self.pid = os.fork()[32m [repeated 3x across cluster][0m
[92mINFO [0m:      aggregate_train: Received 3 results and 0 failures
[92mINFO [0m:      	└──> Aggregated MetricRecord: {'train_loss': 0.041592657488104624, 'train_loss_mean': 0.0356968286421462, 'client-ids': [0, 1, 2], 'per-client-num-examples': [6400, 4800, 3200], 'per-client-train_loss': [0.04434220943483524, 0.04427881654099716, 0.0320643150153046], 'per-client-train_loss_mean': [0.030203006727397223, 0.03532839467205728, 0.04723712342677754]}
[92mINFO [0m:      configure_evaluate: Sampled 3 nodes (out of 3)
[92mINFO [0m:      aggregate_evaluate: Received 3 results and 0 failures
[92mINFO [0m:      	└──> Aggregated MetricRecord: {'eval_loss': 1.01462776488728, 'eval_acc': 0.8341666666666665, 'client-ids': [0, 1, 2], 'per-client-eval_acc': [0.839375, 0.83, 0.83], 'per-client-eval_loss': [0.9490135583281517, 1.036147084236145, 1.1135771989822387], 'per-client-num-examples': [1600, 1200, 800]}
[92mINFO [0m:      Global evaluation
[92mINFO [0m:      	└──> MetricRecord: {'loss': 1.0807715498209, 'accuracy': 0.8135, 'f1': 0.8128834584890079, 'precision': 0.8125743468714622, 'auc': 0.9571565000000002}
[92mINFO [0m:      
[92mINFO [0m:      Strategy execution finished in 275.82s
[92mINFO [0m:      
[92mINFO [0m:      Final results:
[92mINFO [0m:      
[92mINFO [0m:      	Global Arrays:
[92mINFO [0m:      		ArrayRecord (0.866 MB)
[92mINFO [0m:      	
[92mINFO [0m:      	Aggregated ClientApp-side Train Metrics:
[92mINFO [0m:      	{ 1: { 'client-ids': "['0', '1', '2']",
[92mINFO [0m:      	       'per-client-num-examples': "['6400', '4800', '3200']",
[92mINFO [0m:      	       'per-client-train_loss': "['6.8186e-01', '7.1870e-01', '7.8131e-01']",
[92mINFO [0m:      	       'per-client-train_loss_mean': "['8.5191e-01', '9.0578e-01', "
[92mINFO [0m:      	                                     "'9.3900e-01']",
[92mINFO [0m:      	       'train_loss': '7.1624e-01',
[92mINFO [0m:      	       'train_loss_mean': '8.8922e-01'},
[92mINFO [0m:      	  2: { 'client-ids': "['0', '1', '2']",
[92mINFO [0m:      	       'per-client-num-examples': "['6400', '4800', '3200']",
[92mINFO [0m:      	       'per-client-train_loss': "['5.2087e-01', '5.2437e-01', '6.0007e-01']",
[92mINFO [0m:      	       'per-client-train_loss_mean': "['6.1871e-01', '6.2833e-01', "
[92mINFO [0m:      	                                     "'6.8343e-01']",
[92mINFO [0m:      	       'train_loss': '5.3964e-01',
[92mINFO [0m:      	       'train_loss_mean': '6.3630e-01'},
[92mINFO [0m:      	  3: { 'client-ids': "['0', '1', '2']",
[92mINFO [0m:      	       'per-client-num-examples': "['6400', '4800', '3200']",
[92mINFO [0m:      	       'per-client-train_loss': "['3.4179e-01', '3.6589e-01', '3.6895e-01']",
[92mINFO [0m:      	       'per-client-train_loss_mean': "['4.3531e-01', '4.6569e-01', "
[92mINFO [0m:      	                                     "'4.8182e-01']",
[92mINFO [0m:      	       'train_loss': '3.5586e-01',
[92mINFO [0m:      	       'train_loss_mean': '4.5577e-01'},
[92mINFO [0m:      	  4: { 'client-ids': "['0', '1', '2']",
[92mINFO [0m:      	       'per-client-num-examples': "['6400', '4800', '3200']",
[92mINFO [0m:      	       'per-client-train_loss': "['1.9512e-01', '2.4367e-01', '2.2096e-01']",
[92mINFO [0m:      	       'per-client-train_loss_mean': "['2.8978e-01', '3.3481e-01', "
[92mINFO [0m:      	                                     "'3.3778e-01']",
[92mINFO [0m:      	       'train_loss': '2.1704e-01',
[92mINFO [0m:      	       'train_loss_mean': '3.1546e-01'},
[92mINFO [0m:      	  5: { 'client-ids': "['0', '1', '2']",
[92mINFO [0m:      	       'per-client-num-examples': "['6400', '4800', '3200']",
[92mINFO [0m:      	       'per-client-train_loss': "['1.3671e-01', '1.6598e-01', '1.4897e-01']",
[92mINFO [0m:      	       'per-client-train_loss_mean': "['2.0229e-01', '2.5199e-01', "
[92mINFO [0m:      	                                     "'2.5915e-01']",
[92mINFO [0m:      	       'train_loss': '1.4919e-01',
[92mINFO [0m:      	       'train_loss_mean': '2.3149e-01'},
[92mINFO [0m:      	  6: { 'client-ids': "['0', '1', '2']",
[92mINFO [0m:      	       'per-client-num-examples': "['6400', '4800', '3200']",
[92mINFO [0m:      	       'per-client-train_loss': "['8.6983e-02', '1.3591e-01', '1.0279e-01']",
[92mINFO [0m:      	       'per-client-train_loss_mean': "['1.3702e-01', '1.7911e-01', "
[92mINFO [0m:      	                                     "'2.0103e-01']",
[92mINFO [0m:      	       'train_loss': '1.0680e-01',
[92mINFO [0m:      	       'train_loss_mean': '1.6527e-01'},
[92mINFO [0m:      	  7: { 'client-ids': "['0', '1', '2']",
[92mINFO [0m:      	       'per-client-num-examples': "['6400', '4800', '3200']",
[92mINFO [0m:      	       'per-client-train_loss': "['6.5237e-02', '7.1938e-02', '9.9955e-02']",
[92mINFO [0m:      	       'per-client-train_loss_mean': "['9.7947e-02', '1.3383e-01', "
[92mINFO [0m:      	                                     "'1.6428e-01']",
[92mINFO [0m:      	       'train_loss': '7.5185e-02',
[92mINFO [0m:      	       'train_loss_mean': '1.2465e-01'},
[92mINFO [0m:      	  8: { 'client-ids': "['0', '1', '2']",
[92mINFO [0m:      	       'per-client-num-examples': "['6400', '4800', '3200']",
[92mINFO [0m:      	       'per-client-train_loss': "['5.6416e-02', '4.3599e-02', '7.4521e-02']",
[92mINFO [0m:      	       'per-client-train_loss_mean': "['8.0093e-02', '1.0651e-01', "
[92mINFO [0m:      	                                     "'1.4043e-01']",
[92mINFO [0m:      	       'train_loss': '5.6167e-02',
[92mINFO [0m:      	       'train_loss_mean': '1.0231e-01'},
[92mINFO [0m:      	  9: { 'client-ids': "['0', '1', '2']",
[92mINFO [0m:      	       'per-client-num-examples': "['6400', '4800', '3200']",
[92mINFO [0m:      	       'per-client-train_loss': "['4.5445e-02', '5.9244e-02', '8.7473e-02']",
[92mINFO [0m:      	       'per-client-train_loss_mean': "['6.6003e-02', '9.1244e-02', "
[92mINFO [0m:      	                                     "'1.2147e-01']",
[92mINFO [0m:      	       'train_loss': '5.9384e-02',
[92mINFO [0m:      	       'train_loss_mean': '8.6743e-02'},
[92mINFO [0m:      	  10: { 'client-ids': "['0', '1', '2']",
[92mINFO [0m:      	        'per-client-num-examples': "['6400', '4800', '3200']",
[92mINFO [0m:      	        'per-client-train_loss': "['5.3113e-02', '9.4417e-02', '3.5967e-02']",
[92mINFO [0m:      	        'per-client-train_loss_mean': "['5.9506e-02', '8.0380e-02', "
[92mINFO [0m:      	                                      "'9.6877e-02']",
[92mINFO [0m:      	        'train_loss': '6.3071e-02',
[92mINFO [0m:      	        'train_loss_mean': '7.4769e-02'},
[92mINFO [0m:      	  11: { 'client-ids': "['0', '1', '2']",
[92mINFO [0m:      	        'per-client-num-examples': "['6400', '4800', '3200']",
[92mINFO [0m:      	        'per-client-train_loss': "['3.9440e-02', '6.0442e-02', '4.9087e-02']",
[92mINFO [0m:      	        'per-client-train_loss_mean': "['5.6577e-02', '7.1687e-02', "
[92mINFO [0m:      	                                      "'9.2728e-02']",
[92mINFO [0m:      	        'train_loss': '4.8584e-02',
[92mINFO [0m:      	        'train_loss_mean': '6.9648e-02'},
[92mINFO [0m:      	  12: { 'client-ids': "['0', '1', '2']",
[92mINFO [0m:      	        'per-client-num-examples': "['6400', '4800', '3200']",
[92mINFO [0m:      	        'per-client-train_loss': "['5.0878e-02', '6.3742e-02', '4.1257e-02']",
[92mINFO [0m:      	        'per-client-train_loss_mean': "['4.9438e-02', '6.3429e-02', "
[92mINFO [0m:      	                                      "'8.1633e-02']",
[92mINFO [0m:      	        'train_loss': '5.3028e-02',
[92mINFO [0m:      	        'train_loss_mean': '6.1256e-02'},
[92mINFO [0m:      	  13: { 'client-ids': "['0', '1', '2']",
[92mINFO [0m:      	        'per-client-num-examples': "['6400', '4800', '3200']",
[92mINFO [0m:      	        'per-client-train_loss': "['4.7775e-02', '4.7958e-02', '5.7175e-02']",
[92mINFO [0m:      	        'per-client-train_loss_mean': "['4.4603e-02', '5.6473e-02', "
[92mINFO [0m:      	                                      "'7.9474e-02']",
[92mINFO [0m:      	        'train_loss': '4.9925e-02',
[92mINFO [0m:      	        'train_loss_mean': '5.6309e-02'},
[92mINFO [0m:      	  14: { 'client-ids': "['0', '1', '2']",
[92mINFO [0m:      	        'per-client-num-examples': "['6400', '4800', '3200']",
[92mINFO [0m:      	        'per-client-train_loss': "['3.9455e-02', '5.4107e-02', '4.4528e-02']",
[92mINFO [0m:      	        'per-client-train_loss_mean': "['4.1305e-02', '5.4263e-02', "
[92mINFO [0m:      	                                      "'6.8134e-02']",
[92mINFO [0m:      	        'train_loss': '4.5466e-02',
[92mINFO [0m:      	        'train_loss_mean': '5.1586e-02'},
[92mINFO [0m:      	  15: { 'client-ids': "['0', '1', '2']",
[92mINFO [0m:      	        'per-client-num-examples': "['6400', '4800', '3200']",
[92mINFO [0m:      	        'per-client-train_loss': "['3.6367e-02', '2.8020e-02', '3.4078e-02']",
[92mINFO [0m:      	        'per-client-train_loss_mean': "['3.6275e-02', '4.5494e-02', "
[92mINFO [0m:      	                                      "'6.9739e-02']",
[92mINFO [0m:      	        'train_loss': '3.3076e-02',
[92mINFO [0m:      	        'train_loss_mean': '4.6784e-02'},
[92mINFO [0m:      	  16: { 'client-ids': "['0', '1', '2']",
[92mINFO [0m:      	        'per-client-num-examples': "['6400', '4800', '3200']",
[92mINFO [0m:      	        'per-client-train_loss': "['2.1566e-02', '5.0614e-02', '4.3136e-02']",
[92mINFO [0m:      	        'per-client-train_loss_mean': "['3.3469e-02', '4.2625e-02', "
[92mINFO [0m:      	                                      "'6.1464e-02']",
[92mINFO [0m:      	        'train_loss': '3.6042e-02',
[92mINFO [0m:      	        'train_loss_mean': '4.2742e-02'},
[92mINFO [0m:      	  17: { 'client-ids': "['0', '1', '2']",
[92mINFO [0m:      	        'per-client-num-examples': "['6400', '4800', '3200']",
[92mINFO [0m:      	        'per-client-train_loss': "['4.3635e-02', '3.4862e-02', '6.2490e-02']",
[92mINFO [0m:      	        'per-client-train_loss_mean': "['3.3942e-02', '4.8120e-02', "
[92mINFO [0m:      	                                      "'6.2282e-02']",
[92mINFO [0m:      	        'train_loss': '4.4901e-02',
[92mINFO [0m:      	        'train_loss_mean': '4.4966e-02'},
[92mINFO [0m:      	  18: { 'client-ids': "['0', '1', '2']",
[92mINFO [0m:      	        'per-client-num-examples': "['6400', '4800', '3200']",
[92mINFO [0m:      	        'per-client-train_loss': "['1.8117e-02', '1.8898e-02', '5.5221e-02']",
[92mINFO [0m:      	        'per-client-train_loss_mean': "['2.9528e-02', '3.4720e-02', "
[92mINFO [0m:      	                                      "'5.9493e-02']",
[92mINFO [0m:      	        'train_loss': '2.6623e-02',
[92mINFO [0m:      	        'train_loss_mean': '3.7917e-02'},
[92mINFO [0m:      	  19: { 'client-ids': "['0', '1', '2']",
[92mINFO [0m:      	        'per-client-num-examples': "['6400', '4800', '3200']",
[92mINFO [0m:      	        'per-client-train_loss': "['4.2790e-02', '2.7131e-02', '3.1472e-02']",
[92mINFO [0m:      	        'per-client-train_loss_mean': "['3.1680e-02', '3.7578e-02', "
[92mINFO [0m:      	                                      "'4.6779e-02']",
[92mINFO [0m:      	        'train_loss': '3.5055e-02',
[92mINFO [0m:      	        'train_loss_mean': '3.7001e-02'},
[92mINFO [0m:      	  20: { 'client-ids': "['0', '1', '2']",
[92mINFO [0m:      	        'per-client-num-examples': "['6400', '4800', '3200']",
[92mINFO [0m:      	        'per-client-train_loss': "['4.4342e-02', '4.4279e-02', '3.2064e-02']",
[92mINFO [0m:      	        'per-client-train_loss_mean': "['3.0203e-02', '3.5328e-02', "
[92mINFO [0m:      	                                      "'4.7237e-02']",
[92mINFO [0m:      	        'train_loss': '4.1593e-02',
[92mINFO [0m:      	        'train_loss_mean': '3.5697e-02'}}
[92mINFO [0m:      	
[92mINFO [0m:      	Aggregated ClientApp-side Evaluate Metrics:
[92mINFO [0m:      	{ 1: { 'client-ids': "['0', '1', '2']",
[92mINFO [0m:      	       'eval_acc': '6.5028e-01',
[92mINFO [0m:      	       'eval_loss': '1.0200e+00',
[92mINFO [0m:      	       'per-client-eval_acc': "['6.4563e-01', '6.4917e-01', '6.6125e-01']",
[92mINFO [0m:      	       'per-client-eval_loss': "['1.0296e+00', '1.0210e+00', '9.9936e-01']",
[92mINFO [0m:      	       'per-client-num-examples': "['1600', '1200', '800']"},
[92mINFO [0m:      	  2: { 'client-ids': "['0', '1', '2']",
[92mINFO [0m:      	       'eval_acc': '7.7861e-01',
[92mINFO [0m:      	       'eval_loss': '5.7942e-01',
[92mINFO [0m:      	       'per-client-eval_acc': "['7.7625e-01', '7.6500e-01', '8.0375e-01']",
[92mINFO [0m:      	       'per-client-eval_loss': "['5.8712e-01', '5.9503e-01', '5.4059e-01']",
[92mINFO [0m:      	       'per-client-num-examples': "['1600', '1200', '800']"},
[92mINFO [0m:      	  3: { 'client-ids': "['0', '1', '2']",
[92mINFO [0m:      	       'eval_acc': '8.1472e-01',
[92mINFO [0m:      	       'eval_loss': '5.0045e-01',
[92mINFO [0m:      	       'per-client-eval_acc': "['8.2000e-01', '8.0417e-01', '8.2000e-01']",
[92mINFO [0m:      	       'per-client-eval_loss': "['4.9602e-01', '5.1371e-01', '4.8940e-01']",
[92mINFO [0m:      	       'per-client-num-examples': "['1600', '1200', '800']"},
[92mINFO [0m:      	  4: { 'client-ids': "['0', '1', '2']",
[92mINFO [0m:      	       'eval_acc': '8.2889e-01',
[92mINFO [0m:      	       'eval_loss': '5.1894e-01',
[92mINFO [0m:      	       'per-client-eval_acc': "['8.3437e-01', '8.1917e-01', '8.3250e-01']",
[92mINFO [0m:      	       'per-client-eval_loss': "['5.0066e-01', '5.3233e-01', '5.3541e-01']",
[92mINFO [0m:      	       'per-client-num-examples': "['1600', '1200', '800']"},
[92mINFO [0m:      	  5: { 'client-ids': "['0', '1', '2']",
[92mINFO [0m:      	       'eval_acc': '8.3278e-01',
[92mINFO [0m:      	       'eval_loss': '5.4346e-01',
[92mINFO [0m:      	       'per-client-eval_acc': "['8.2812e-01', '8.3167e-01', '8.4375e-01']",
[92mINFO [0m:      	       'per-client-eval_loss': "['5.1608e-01', '5.4904e-01', '5.8985e-01']",
[92mINFO [0m:      	       'per-client-num-examples': "['1600', '1200', '800']"},
[92mINFO [0m:      	  6: { 'client-ids': "['0', '1', '2']",
[92mINFO [0m:      	       'eval_acc': '8.2861e-01',
[92mINFO [0m:      	       'eval_loss': '6.0634e-01',
[92mINFO [0m:      	       'per-client-eval_acc': "['8.3125e-01', '8.2583e-01', '8.2750e-01']",
[92mINFO [0m:      	       'per-client-eval_loss': "['5.6834e-01', '6.3804e-01', '6.3481e-01']",
[92mINFO [0m:      	       'per-client-num-examples': "['1600', '1200', '800']"},
[92mINFO [0m:      	  7: { 'client-ids': "['0', '1', '2']",
[92mINFO [0m:      	       'eval_acc': '8.2472e-01',
[92mINFO [0m:      	       'eval_loss': '7.0967e-01',
[92mINFO [0m:      	       'per-client-eval_acc': "['8.2937e-01', '8.2000e-01', '8.2250e-01']",
[92mINFO [0m:      	       'per-client-eval_loss': "['6.6604e-01', '7.5184e-01', '7.3367e-01']",
[92mINFO [0m:      	       'per-client-num-examples': "['1600', '1200', '800']"},
[92mINFO [0m:      	  8: { 'client-ids': "['0', '1', '2']",
[92mINFO [0m:      	       'eval_acc': '8.2583e-01',
[92mINFO [0m:      	       'eval_loss': '7.3798e-01',
[92mINFO [0m:      	       'per-client-eval_acc': "['8.3437e-01', '8.2417e-01', '8.1125e-01']",
[92mINFO [0m:      	       'per-client-eval_loss': "['6.7599e-01', '7.7597e-01', '8.0500e-01']",
[92mINFO [0m:      	       'per-client-num-examples': "['1600', '1200', '800']"},
[92mINFO [0m:      	  9: { 'client-ids': "['0', '1', '2']",
[92mINFO [0m:      	       'eval_acc': '8.3028e-01',
[92mINFO [0m:      	       'eval_loss': '7.9656e-01',
[92mINFO [0m:      	       'per-client-eval_acc': "['8.3313e-01', '8.3333e-01', '8.2000e-01']",
[92mINFO [0m:      	       'per-client-eval_loss': "['7.4189e-01', '8.2004e-01', '8.7068e-01']",
[92mINFO [0m:      	       'per-client-num-examples': "['1600', '1200', '800']"},
[92mINFO [0m:      	  10: { 'client-ids': "['0', '1', '2']",
[92mINFO [0m:      	        'eval_acc': '8.3111e-01',
[92mINFO [0m:      	        'eval_loss': '7.9794e-01',
[92mINFO [0m:      	        'per-client-eval_acc': "['8.3562e-01', '8.2917e-01', '8.2500e-01']",
[92mINFO [0m:      	        'per-client-eval_loss': "['7.3957e-01', '8.3056e-01', '8.6577e-01']",
[92mINFO [0m:      	        'per-client-num-examples': "['1600', '1200', '800']"},
[92mINFO [0m:      	  11: { 'client-ids': "['0', '1', '2']",
[92mINFO [0m:      	        'eval_acc': '8.3056e-01',
[92mINFO [0m:      	        'eval_loss': '8.4024e-01',
[92mINFO [0m:      	        'per-client-eval_acc': "['8.3562e-01', '8.2667e-01', '8.2625e-01']",
[92mINFO [0m:      	        'per-client-eval_loss': "['7.8302e-01', '8.7856e-01', '8.9718e-01']",
[92mINFO [0m:      	        'per-client-num-examples': "['1600', '1200', '800']"},
[92mINFO [0m:      	  12: { 'client-ids': "['0', '1', '2']",
[92mINFO [0m:      	        'eval_acc': '8.3028e-01',
[92mINFO [0m:      	        'eval_loss': '8.3877e-01',
[92mINFO [0m:      	        'per-client-eval_acc': "['8.3750e-01', '8.3083e-01', '8.1500e-01']",
[92mINFO [0m:      	        'per-client-eval_loss': "['7.5897e-01', '8.7044e-01', '9.5090e-01']",
[92mINFO [0m:      	        'per-client-num-examples': "['1600', '1200', '800']"},
[92mINFO [0m:      	  13: { 'client-ids': "['0', '1', '2']",
[92mINFO [0m:      	        'eval_acc': '8.3028e-01',
[92mINFO [0m:      	        'eval_loss': '8.1413e-01',
[92mINFO [0m:      	        'per-client-eval_acc': "['8.3875e-01', '8.2000e-01', '8.2875e-01']",
[92mINFO [0m:      	        'per-client-eval_loss': "['7.4846e-01', '8.4227e-01', '9.0327e-01']",
[92mINFO [0m:      	        'per-client-num-examples': "['1600', '1200', '800']"},
[92mINFO [0m:      	  14: { 'client-ids': "['0', '1', '2']",
[92mINFO [0m:      	        'eval_acc': '8.3306e-01',
[92mINFO [0m:      	        'eval_loss': '8.9171e-01',
[92mINFO [0m:      	        'per-client-eval_acc': "['8.3813e-01', '8.3750e-01', '8.1625e-01']",
[92mINFO [0m:      	        'per-client-eval_loss': "['8.1381e-01', '9.0801e-01', '1.0231e+00']",
[92mINFO [0m:      	        'per-client-num-examples': "['1600', '1200', '800']"},
[92mINFO [0m:      	  15: { 'client-ids': "['0', '1', '2']",
[92mINFO [0m:      	        'eval_acc': '8.2806e-01',
[92mINFO [0m:      	        'eval_loss': '9.3346e-01',
[92mINFO [0m:      	        'per-client-eval_acc': "['8.3062e-01', '8.3167e-01', '8.1750e-01']",
[92mINFO [0m:      	        'per-client-eval_loss': "['8.8542e-01', '9.4270e-01', '1.0157e+00']",
[92mINFO [0m:      	        'per-client-num-examples': "['1600', '1200', '800']"},
[92mINFO [0m:      	  16: { 'client-ids': "['0', '1', '2']",
[92mINFO [0m:      	        'eval_acc': '8.2611e-01',
[92mINFO [0m:      	        'eval_loss': '9.2939e-01',
[92mINFO [0m:      	        'per-client-eval_acc': "['8.2937e-01', '8.2333e-01', '8.2375e-01']",
[92mINFO [0m:      	        'per-client-eval_loss': "['8.6847e-01', '9.5531e-01', '1.0123e+00']",
[92mINFO [0m:      	        'per-client-num-examples': "['1600', '1200', '800']"},
[92mINFO [0m:      	  17: { 'client-ids': "['0', '1', '2']",
[92mINFO [0m:      	        'eval_acc': '8.3056e-01',
[92mINFO [0m:      	        'eval_loss': '9.1946e-01',
[92mINFO [0m:      	        'per-client-eval_acc': "['8.3500e-01', '8.2667e-01', '8.2750e-01']",
[92mINFO [0m:      	        'per-client-eval_loss': "['8.7602e-01', '9.0963e-01', '1.0211e+00']",
[92mINFO [0m:      	        'per-client-num-examples': "['1600', '1200', '800']"},
[92mINFO [0m:      	  18: { 'client-ids': "['0', '1', '2']",
[92mINFO [0m:      	        'eval_acc': '8.3194e-01',
[92mINFO [0m:      	        'eval_loss': '1.0276e+00',
[92mINFO [0m:      	        'per-client-eval_acc': "['8.3375e-01', '8.3417e-01', '8.2500e-01']",
[92mINFO [0m:      	        'per-client-eval_loss': "['9.9011e-01', '1.0309e+00', '1.0977e+00']",
[92mINFO [0m:      	        'per-client-num-examples': "['1600', '1200', '800']"},
[92mINFO [0m:      	  19: { 'client-ids': "['0', '1', '2']",
[92mINFO [0m:      	        'eval_acc': '8.2556e-01',
[92mINFO [0m:      	        'eval_loss': '9.8544e-01',
[92mINFO [0m:      	        'per-client-eval_acc': "['8.3125e-01', '8.1583e-01', '8.2875e-01']",
[92mINFO [0m:      	        'per-client-eval_loss': "['9.3353e-01', '1.0012e+00', '1.0656e+00']",
[92mINFO [0m:      	        'per-client-num-examples': "['1600', '1200', '800']"},
[92mINFO [0m:      	  20: { 'client-ids': "['0', '1', '2']",
[92mINFO [0m:      	        'eval_acc': '8.3417e-01',
[92mINFO [0m:      	        'eval_loss': '1.0146e+00',
[92mINFO [0m:      	        'per-client-eval_acc': "['8.3937e-01', '8.3000e-01', '8.3000e-01']",
[92mINFO [0m:      	        'per-client-eval_loss': "['9.4901e-01', '1.0361e+00', '1.1136e+00']",
[92mINFO [0m:      	        'per-client-num-examples': "['1600', '1200', '800']"}}
[92mINFO [0m:      	
[92mINFO [0m:      	ServerApp-side Evaluate Metrics:
[92mINFO [0m:      	{ 0: { 'accuracy': '2.5000e-01',
[92mINFO [0m:      	       'auc': '5.1965e-01',
[92mINFO [0m:      	       'f1': '1.0000e-01',
[92mINFO [0m:      	       'loss': '1.3895e+00',
[92mINFO [0m:      	       'precision': '6.2500e-02'},
[92mINFO [0m:      	  1: { 'accuracy': '6.6900e-01',
[92mINFO [0m:      	       'auc': '8.6629e-01',
[92mINFO [0m:      	       'f1': '6.7203e-01',
[92mINFO [0m:      	       'loss': '1.0076e+00',
[92mINFO [0m:      	       'precision': '7.0188e-01'},
[92mINFO [0m:      	  2: { 'accuracy': '7.9250e-01',
[92mINFO [0m:      	       'auc': '9.4861e-01',
[92mINFO [0m:      	       'f1': '7.9024e-01',
[92mINFO [0m:      	       'loss': '5.4332e-01',
[92mINFO [0m:      	       'precision': '7.9067e-01'},
[92mINFO [0m:      	  3: { 'accuracy': '8.2000e-01',
[92mINFO [0m:      	       'auc': '9.6110e-01',
[92mINFO [0m:      	       'f1': '8.1803e-01',
[92mINFO [0m:      	       'loss': '4.7910e-01',
[92mINFO [0m:      	       'precision': '8.1905e-01'},
[92mINFO [0m:      	  4: { 'accuracy': '8.2300e-01',
[92mINFO [0m:      	       'auc': '9.6232e-01',
[92mINFO [0m:      	       'f1': '8.2181e-01',
[92mINFO [0m:      	       'loss': '5.2452e-01',
[92mINFO [0m:      	       'precision': '8.2179e-01'},
[92mINFO [0m:      	  5: { 'accuracy': '8.1550e-01',
[92mINFO [0m:      	       'auc': '9.6283e-01',
[92mINFO [0m:      	       'f1': '8.1456e-01',
[92mINFO [0m:      	       'loss': '5.4910e-01',
[92mINFO [0m:      	       'precision': '8.1610e-01'},
[92mINFO [0m:      	  6: { 'accuracy': '8.2550e-01',
[92mINFO [0m:      	       'auc': '9.6261e-01',
[92mINFO [0m:      	       'f1': '8.2581e-01',
[92mINFO [0m:      	       'loss': '6.2116e-01',
[92mINFO [0m:      	       'precision': '8.2630e-01'},
[92mINFO [0m:      	  7: { 'accuracy': '8.1500e-01',
[92mINFO [0m:      	       'auc': '9.5854e-01',
[92mINFO [0m:      	       'f1': '8.1485e-01',
[92mINFO [0m:      	       'loss': '7.3375e-01',
[92mINFO [0m:      	       'precision': '8.1590e-01'},
[92mINFO [0m:      	  8: { 'accuracy': '8.1650e-01',
[92mINFO [0m:      	       'auc': '9.6029e-01',
[92mINFO [0m:      	       'f1': '8.1707e-01',
[92mINFO [0m:      	       'loss': '7.5494e-01',
[92mINFO [0m:      	       'precision': '8.1784e-01'},
[92mINFO [0m:      	  9: { 'accuracy': '8.1350e-01',
[92mINFO [0m:      	       'auc': '9.5906e-01',
[92mINFO [0m:      	       'f1': '8.1232e-01',
[92mINFO [0m:      	       'loss': '8.4128e-01',
[92mINFO [0m:      	       'precision': '8.1250e-01'},
[92mINFO [0m:      	  10: { 'accuracy': '8.1600e-01',
[92mINFO [0m:      	        'auc': '9.5801e-01',
[92mINFO [0m:      	        'f1': '8.1470e-01',
[92mINFO [0m:      	        'loss': '8.7094e-01',
[92mINFO [0m:      	        'precision': '8.1533e-01'},
[92mINFO [0m:      	  11: { 'accuracy': '8.0900e-01',
[92mINFO [0m:      	        'auc': '9.5863e-01',
[92mINFO [0m:      	        'f1': '8.0838e-01',
[92mINFO [0m:      	        'loss': '9.1666e-01',
[92mINFO [0m:      	        'precision': '8.0869e-01'},
[92mINFO [0m:      	  12: { 'accuracy': '8.1450e-01',
[92mINFO [0m:      	        'auc': '9.5814e-01',
[92mINFO [0m:      	        'f1': '8.1384e-01',
[92mINFO [0m:      	        'loss': '9.0603e-01',
[92mINFO [0m:      	        'precision': '8.1377e-01'},
[92mINFO [0m:      	  13: { 'accuracy': '8.1250e-01',
[92mINFO [0m:      	        'auc': '9.5814e-01',
[92mINFO [0m:      	        'f1': '8.1123e-01',
[92mINFO [0m:      	        'loss': '8.7639e-01',
[92mINFO [0m:      	        'precision': '8.1084e-01'},
[92mINFO [0m:      	  14: { 'accuracy': '8.1300e-01',
[92mINFO [0m:      	        'auc': '9.5772e-01',
[92mINFO [0m:      	        'f1': '8.1260e-01',
[92mINFO [0m:      	        'loss': '9.4514e-01',
[92mINFO [0m:      	        'precision': '8.1227e-01'},
[92mINFO [0m:      	  15: { 'accuracy': '8.1600e-01',
[92mINFO [0m:      	        'auc': '9.5727e-01',
[92mINFO [0m:      	        'f1': '8.1485e-01',
[92mINFO [0m:      	        'loss': '1.0180e+00',
[92mINFO [0m:      	        'precision': '8.1427e-01'},
[92mINFO [0m:      	  16: { 'accuracy': '8.0450e-01',
[92mINFO [0m:      	        'auc': '9.5696e-01',
[92mINFO [0m:      	        'f1': '8.0393e-01',
[92mINFO [0m:      	        'loss': '9.8843e-01',
[92mINFO [0m:      	        'precision': '8.0411e-01'},
[92mINFO [0m:      	  17: { 'accuracy': '8.0600e-01',
[92mINFO [0m:      	        'auc': '9.5600e-01',
[92mINFO [0m:      	        'f1': '8.0506e-01',
[92mINFO [0m:      	        'loss': '1.0214e+00',
[92mINFO [0m:      	        'precision': '8.0604e-01'},
[92mINFO [0m:      	  18: { 'accuracy': '8.1400e-01',
[92mINFO [0m:      	        'auc': '9.5993e-01',
[92mINFO [0m:      	        'f1': '8.1401e-01',
[92mINFO [0m:      	        'loss': '1.0852e+00',
[92mINFO [0m:      	        'precision': '8.1409e-01'},
[92mINFO [0m:      	  19: { 'accuracy': '8.0250e-01',
[92mINFO [0m:      	        'auc': '9.5478e-01',
[92mINFO [0m:      	        'f1': '8.0234e-01',
[92mINFO [0m:      	        'loss': '1.0440e+00',
[92mINFO [0m:      	        'precision': '8.0336e-01'},
[92mINFO [0m:      	  20: { 'accuracy': '8.1350e-01',
[92mINFO [0m:      	        'auc': '9.5716e-01',
[92mINFO [0m:      	        'f1': '8.1288e-01',
[92mINFO [0m:      	        'loss': '1.0808e+00',
[92mINFO [0m:      	        'precision': '8.1257e-01'}}
[92mINFO [0m:      
Round 1 checkpoint written to /content/metricdp-pytorch/results/planned_runs/cifar/full/in-replace/clients-3/seed-42/vanilla/runs/cifar-full-in-replace__non-iid__vanilla__fedavg__clients-3__seed-42__nm0p01__clip5__rounds-20__epochs-5__cifar_chunks__cifar10_cnn.round-1.pt
Round 2 checkpoint written to /content/metricdp-pytorch/results/planned_runs/cifar/full/in-replace/clients-3/seed-42/vanilla/runs/cifar-full-in-replace__non-iid__vanilla__fedavg__clients-3__seed-42__nm0p01__clip5__rounds-20__epochs-5__cifar_chunks__cifar10_cnn.round-2.pt
Round 3 checkpoint written to /content/metricdp-pytorch/results/planned_runs/cifar/full/in-replace/clients-3/seed-42/vanilla/runs/cifar-full-in-replace__non-iid__vanilla__fedavg__clients-3__seed-42__nm0p01__clip5__rounds-20__epochs-5__cifar_chunks__cifar10_cnn.round-3.pt
Round 4 checkpoint written to /content/metricdp-pytorch/results/planned_runs/cifar/full/in-replace/clients-3/seed-42/vanilla/runs/cifar-full-in-replace__non-iid__vanilla__fedavg__clients-3__seed-42__nm0p01__clip5__rounds-20__epochs-5__cifar_chunks__cifar10_cnn.round-4.pt
Round 5 checkpoint written to /content/metricdp-pytorch/results/planned_runs/cifar/full/in-replace/clients-3/seed-42/vanilla/runs/cifar-full-in-replace__non-iid__vanilla__fedavg__clients-3__seed-42__nm0p01__clip5__rounds-20__epochs-5__cifar_chunks__cifar10_cnn.round-5.pt
Round 6 checkpoint written to /content/metricdp-pytorch/results/planned_runs/cifar/full/in-replace/clients-3/seed-42/vanilla/runs/cifar-full-in-replace__non-iid__vanilla__fedavg__clients-3__seed-42__nm0p01__clip5__rounds-20__epochs-5__cifar_chunks__cifar10_cnn.round-6.pt
Round 7 checkpoint written to /content/metricdp-pytorch/results/planned_runs/cifar/full/in-replace/clients-3/seed-42/vanilla/runs/cifar-full-in-replace__non-iid__vanilla__fedavg__clients-3__seed-42__nm0p01__clip5__rounds-20__epochs-5__cifar_chunks__cifar10_cnn.round-7.pt
Round 8 checkpoint written to /content/metricdp-pytorch/results/planned_runs/cifar/full/in-replace/clients-3/seed-42/vanilla/runs/cifar-full-in-replace__non-iid__vanilla__fedavg__clients-3__seed-42__nm0p01__clip5__rounds-20__epochs-5__cifar_chunks__cifar10_cnn.round-8.pt
Round 9 checkpoint written to /content/metricdp-pytorch/results/planned_runs/cifar/full/in-replace/clients-3/seed-42/vanilla/runs/cifar-full-in-replace__non-iid__vanilla__fedavg__clients-3__seed-42__nm0p01__clip5__rounds-20__epochs-5__cifar_chunks__cifar10_cnn.round-9.pt
Round 10 checkpoint written to /content/metricdp-pytorch/results/planned_runs/cifar/full/in-replace/clients-3/seed-42/vanilla/runs/cifar-full-in-replace__non-iid__vanilla__fedavg__clients-3__seed-42__nm0p01__clip5__rounds-20__epochs-5__cifar_chunks__cifar10_cnn.round-10.pt
Round 11 checkpoint written to /content/metricdp-pytorch/results/planned_runs/cifar/full/in-replace/clients-3/seed-42/vanilla/runs/cifar-full-in-replace__non-iid__vanilla__fedavg__clients-3__seed-42__nm0p01__clip5__rounds-20__epochs-5__cifar_chunks__cifar10_cnn.round-11.pt
Round 12 checkpoint written to /content/metricdp-pytorch/results/planned_runs/cifar/full/in-replace/clients-3/seed-42/vanilla/runs/cifar-full-in-replace__non-iid__vanilla__fedavg__clients-3__seed-42__nm0p01__clip5__rounds-20__epochs-5__cifar_chunks__cifar10_cnn.round-12.pt
Round 13 checkpoint written to /content/metricdp-pytorch/results/planned_runs/cifar/full/in-replace/clients-3/seed-42/vanilla/runs/cifar-full-in-replace__non-iid__vanilla__fedavg__clients-3__seed-42__nm0p01__clip5__rounds-20__epochs-5__cifar_chunks__cifar10_cnn.round-13.pt
Round 14 checkpoint written to /content/metricdp-pytorch/results/planned_runs/cifar/full/in-replace/clients-3/seed-42/vanilla/runs/cifar-full-in-replace__non-iid__vanilla__fedavg__clients-3__seed-42__nm0p01__clip5__rounds-20__epochs-5__cifar_chunks__cifar10_cnn.round-14.pt
Round 15 checkpoint written to /content/metricdp-pytorch/results/planned_runs/cifar/full/in-replace/clients-3/seed-42/vanilla/runs/cifar-full-in-replace__non-iid__vanilla__fedavg__clients-3__seed-42__nm0p01__clip5__rounds-20__epochs-5__cifar_chunks__cifar10_cnn.round-15.pt
Round 16 checkpoint written to /content/metricdp-pytorch/results/planned_runs/cifar/full/in-replace/clients-3/seed-42/vanilla/runs/cifar-full-in-replace__non-iid__vanilla__fedavg__clients-3__seed-42__nm0p01__clip5__rounds-20__epochs-5__cifar_chunks__cifar10_cnn.round-16.pt
Round 17 checkpoint written to /content/metricdp-pytorch/results/planned_runs/cifar/full/in-replace/clients-3/seed-42/vanilla/runs/cifar-full-in-replace__non-iid__vanilla__fedavg__clients-3__seed-42__nm0p01__clip5__rounds-20__epochs-5__cifar_chunks__cifar10_cnn.round-17.pt
Round 18 checkpoint written to /content/metricdp-pytorch/results/planned_runs/cifar/full/in-replace/clients-3/seed-42/vanilla/runs/cifar-full-in-replace__non-iid__vanilla__fedavg__clients-3__seed-42__nm0p01__clip5__rounds-20__epochs-5__cifar_chunks__cifar10_cnn.round-18.pt
Round 19 checkpoint written to /content/metricdp-pytorch/results/planned_runs/cifar/full/in-replace/clients-3/seed-42/vanilla/runs/cifar-full-in-replace__non-iid__vanilla__fedavg__clients-3__seed-42__nm0p01__clip5__rounds-20__epochs-5__cifar_chunks__cifar10_cnn.round-19.pt
Round 20 checkpoint written to /content/metricdp-pytorch/results/planned_runs/cifar/full/in-replace/clients-3/seed-42/vanilla/runs/cifar-full-in-replace__non-iid__vanilla__fedavg__clients-3__seed-42__nm0p01__clip5__rounds-20__epochs-5__cifar_chunks__cifar10_cnn.round-20.pt
Experiment result written to /content/metricdp-pytorch/results/planned_runs/cifar/full/in-replace/clients-3/seed-42/vanilla/runs/cifar-full-in-replace__non-iid__vanilla__fedavg__clients-3__seed-42__nm0p01__clip5__rounds-20__epochs-5__cifar_chunks__cifar10_cnn.json
/usr/lib/python3.12/multiprocessing/popen_fork.py:66: DeprecationWarning: This process (pid=2266) is multi-threaded, use of fork() may lead to deadlocks in the child.
  self.pid = os.fork()
[36m(ClientAppActor pid=2865)[0m [93mWARNING [0m:   Manually terminating ClientAppActor
[36m(ClientAppActor pid=2866)[0m /usr/lib/python3.12/multiprocessing/popen_fork.py:66: DeprecationWarning: This process (pid=2866) is multi-threaded, use of fork() may lead to deadlocks in the child.[32m [repeated 2x across cluster][0m
[36m(ClientAppActor pid=2866)[0m   self.pid = os.fork()[32m [repeated 2x across cluster][0m
[36m(ClientAppActor pid=2866)[0m [93mWARNING [0m:   Manually terminating ClientAppActor[32m [repeated 2x across cluster][0m
Detailed evaluation written to /content/metricdp-pytorch/results/planned_runs/cifar/full/in-replace/clients-3/seed-42/vanilla/runs/cifar-full-in-replace__non-iid__vanilla__fedavg__clients-3__seed-42__nm0p01__clip5__rounds-20__epochs-5__cifar_chunks__cifar10_cnn.evaluation.json and /content/metricdp-pytorch/results/planned_runs/cifar/full/in-replace/clients-3/seed-42/vanilla/runs/cifar-full-in-replace__non-iid__vanilla__fedavg__clients-3__seed-42__nm0p01__clip5__rounds-20__epochs-5__cifar_chunks__cifar10_cnn.predictions.npz
Result: /content/metricdp-pytorch/results/planned_runs/cifar/full/in-replace/clients-3/seed-42/vanilla/runs/cifar-full-in-replace__non-iid__vanilla__fedavg__clients-3__seed-42__nm0p01__clip5__rounds-20__epochs-5__cifar_chunks__cifar10_cnn.json
Final server metrics: {'loss': 1.0807715498209, 'accuracy': 0.8135, 'f1': 0.8128834584890079, 'precision': 0.8125743468714622, 'auc': 0.9571565000000002}
2026-08-05 14:14:38 DONE  cifar-full-in-replace__non-iid__vanilla__fedavg__clients-3__seed-42__nm0p01__clip5__rounds-20__epochs-5__cifar_chunks__cifar10_cnn (303.3s)
Warning: You are sending unauthenticated requests to the HF Hub. Please set a HF_TOKEN to enable higher rate limits and faster downloads.
2026-08-05 14:14:47 EVALUATED cifar-full-in-replace__non-iid__vanilla__fedavg__clients-3__seed-42__nm0p01__clip5__rounds-20__epochs-5__cifar_chunks__cifar10_cnn round=1 (checkpoint deleted)
2026-08-05 14:14:54 EVALUATED cifar-full-in-replace__non-iid__vanilla__fedavg__clients-3__seed-42__nm0p01__clip5__rounds-20__epochs-5__cifar_chunks__cifar10_cnn round=2 (checkpoint deleted)
2026-08-05 14:15:02 EVALUATED cifar-full-in-replace__non-iid__vanilla__fedavg__clients-3__seed-42__nm0p01__clip5__rounds-20__epochs-5__cifar_chunks__cifar10_cnn round=3 (checkpoint deleted)
2026-08-05 14:15:09 EVALUATED cifar-full-in-replace__non-iid__vanilla__fedavg__clients-3__seed-42__nm0p01__clip5__rounds-20__epochs-5__cifar_chunks__cifar10_cnn round=4 (checkpoint deleted)
2026-08-05 14:15:17 EVALUATED cifar-full-in-replace__non-iid__vanilla__fedavg__clients-3__seed-42__nm0p01__clip5__rounds-20__epochs-5__cifar_chunks__cifar10_cnn round=5 (checkpoint deleted)
2026-08-05 14:15:25 EVALUATED cifar-full-in-replace__non-iid__vanilla__fedavg__clients-3__seed-42__nm0p01__clip5__rounds-20__epochs-5__cifar_chunks__cifar10_cnn round=6 (checkpoint deleted)
2026-08-05 14:15:32 EVALUATED cifar-full-in-replace__non-iid__vanilla__fedavg__clients-3__seed-42__nm0p01__clip5__rounds-20__epochs-5__cifar_chunks__cifar10_cnn round=7 (checkpoint deleted)
2026-08-05 14:15:40 EVALUATED cifar-full-in-replace__non-iid__vanilla__fedavg__clients-3__seed-42__nm0p01__clip5__rounds-20__epochs-5__cifar_chunks__cifar10_cnn round=8 (checkpoint deleted)
2026-08-05 14:15:47 EVALUATED cifar-full-in-replace__non-iid__vanilla__fedavg__clients-3__seed-42__nm0p01__clip5__rounds-20__epochs-5__cifar_chunks__cifar10_cnn round=9 (checkpoint deleted)
2026-08-05 14:15:55 EVALUATED cifar-full-in-replace__non-iid__vanilla__fedavg__clients-3__seed-42__nm0p01__clip5__rounds-20__epochs-5__cifar_chunks__cifar10_cnn round=10 (checkpoint deleted)
2026-08-05 14:16:02 EVALUATED cifar-full-in-replace__non-iid__vanilla__fedavg__clients-3__seed-42__nm0p01__clip5__rounds-20__epochs-5__cifar_chunks__cifar10_cnn round=11 (checkpoint deleted)
2026-08-05 14:16:10 EVALUATED cifar-full-in-replace__non-iid__vanilla__fedavg__clients-3__seed-42__nm0p01__clip5__rounds-20__epochs-5__cifar_chunks__cifar10_cnn round=12 (checkpoint deleted)
2026-08-05 14:16:17 EVALUATED cifar-full-in-replace__non-iid__vanilla__fedavg__clients-3__seed-42__nm0p01__clip5__rounds-20__epochs-5__cifar_chunks__cifar10_cnn round=13 (checkpoint deleted)
2026-08-05 14:16:25 EVALUATED cifar-full-in-replace__non-iid__vanilla__fedavg__clients-3__seed-42__nm0p01__clip5__rounds-20__epochs-5__cifar_chunks__cifar10_cnn round=14 (checkpoint deleted)
2026-08-05 14:16:32 EVALUATED cifar-full-in-replace__non-iid__vanilla__fedavg__clients-3__seed-42__nm0p01__clip5__rounds-20__epochs-5__cifar_chunks__cifar10_cnn round=15 (checkpoint deleted)
2026-08-05 14:16:40 EVALUATED cifar-full-in-replace__non-iid__vanilla__fedavg__clients-3__seed-42__nm0p01__clip5__rounds-20__epochs-5__cifar_chunks__cifar10_cnn round=16 (checkpoint deleted)
2026-08-05 14:16:47 EVALUATED cifar-full-in-replace__non-iid__vanilla__fedavg__clients-3__seed-42__nm0p01__clip5__rounds-20__epochs-5__cifar_chunks__cifar10_cnn round=17 (checkpoint deleted)
2026-08-05 14:16:55 EVALUATED cifar-full-in-replace__non-iid__vanilla__fedavg__clients-3__seed-42__nm0p01__clip5__rounds-20__epochs-5__cifar_chunks__cifar10_cnn round=18 (checkpoint deleted)
2026-08-05 14:17:02 EVALUATED cifar-full-in-replace__non-iid__vanilla__fedavg__clients-3__seed-42__nm0p01__clip5__rounds-20__epochs-5__cifar_chunks__cifar10_cnn round=19 (checkpoint deleted)
2026-08-05 14:17:10 EVALUATED cifar-full-in-replace__non-iid__vanilla__fedavg__clients-3__seed-42__nm0p01__clip5__rounds-20__epochs-5__cifar_chunks__cifar10_cnn round=20 (checkpoint deleted)
2026-08-05 14:17:10 PROGRESS 1/1 (0 failed so far)
2026-08-05 14:17:10 Sweep finished: 1/1 attempted, 0 failed
