2026-08-11 21:51:06 CIFAR-10 removal CIA chunk (vanilla, clients=100): 1 trajectories
2026-08-11 21:51:06 START cifar10-out-remove__non-iid__vanilla__fedavg__clients-99__seed-42__nm0p0182__clip5__rounds-20__epochs-5__cifar10_remove__cifar10_cnn 
2026-08-11 22:08:59 DONE  cifar10-out-remove__non-iid__vanilla__fedavg__clients-99__seed-42__nm0p0182__clip5__rounds-20__epochs-5__cifar10_remove__cifar10_cnn (1073.0s)
2026-08-11 22:09:05 EVALUATED cifar10-out-remove__non-iid__vanilla__fedavg__clients-99__seed-42__nm0p0182__clip5__rounds-20__epochs-5__cifar10_remove__cifar10_cnn round=1 (checkpoint deleted)
2026-08-11 22:09:10 EVALUATED cifar10-out-remove__non-iid__vanilla__fedavg__clients-99__seed-42__nm0p0182__clip5__rounds-20__epochs-5__cifar10_remove__cifar10_cnn round=2 (checkpoint deleted)
2026-08-11 22:09:14 EVALUATED cifar10-out-remove__non-iid__vanilla__fedavg__clients-99__seed-42__nm0p0182__clip5__rounds-20__epochs-5__cifar10_remove__cifar10_cnn round=3 (checkpoint deleted)
2026-08-11 22:09:19 EVALUATED cifar10-out-remove__non-iid__vanilla__fedavg__clients-99__seed-42__nm0p0182__clip5__rounds-20__epochs-5__cifar10_remove__cifar10_cnn round=4 (checkpoint deleted)
2026-08-11 22:09:24 EVALUATED cifar10-out-remove__non-iid__vanilla__fedavg__clients-99__seed-42__nm0p0182__clip5__rounds-20__epochs-5__cifar10_remove__cifar10_cnn round=5 (checkpoint deleted)
2026-08-11 22:09:28 EVALUATED cifar10-out-remove__non-iid__vanilla__fedavg__clients-99__seed-42__nm0p0182__clip5__rounds-20__epochs-5__cifar10_remove__cifar10_cnn round=6 (checkpoint deleted)
2026-08-11 22:09:33 EVALUATED cifar10-out-remove__non-iid__vanilla__fedavg__clients-99__seed-42__nm0p0182__clip5__rounds-20__epochs-5__cifar10_remove__cifar10_cnn round=7 (checkpoint deleted)
2026-08-11 22:09:37 EVALUATED cifar10-out-remove__non-iid__vanilla__fedavg__clients-99__seed-42__nm0p0182__clip5__rounds-20__epochs-5__cifar10_remove__cifar10_cnn round=8 (checkpoint deleted)
2026-08-11 22:09:42 EVALUATED cifar10-out-remove__non-iid__vanilla__fedavg__clients-99__seed-42__nm0p0182__clip5__rounds-20__epochs-5__cifar10_remove__cifar10_cnn round=9 (checkpoint deleted)
2026-08-11 22:09:47 EVALUATED cifar10-out-remove__non-iid__vanilla__fedavg__clients-99__seed-42__nm0p0182__clip5__rounds-20__epochs-5__cifar10_remove__cifar10_cnn round=10 (checkpoint deleted)
2026-08-11 22:09:51 EVALUATED cifar10-out-remove__non-iid__vanilla__fedavg__clients-99__seed-42__nm0p0182__clip5__rounds-20__epochs-5__cifar10_remove__cifar10_cnn round=11 (checkpoint deleted)
2026-08-11 22:09:56 EVALUATED cifar10-out-remove__non-iid__vanilla__fedavg__clients-99__seed-42__nm0p0182__clip5__rounds-20__epochs-5__cifar10_remove__cifar10_cnn round=12 (checkpoint deleted)
2026-08-11 22:10:00 EVALUATED cifar10-out-remove__non-iid__vanilla__fedavg__clients-99__seed-42__nm0p0182__clip5__rounds-20__epochs-5__cifar10_remove__cifar10_cnn round=13 (checkpoint deleted)
2026-08-11 22:10:05 EVALUATED cifar10-out-remove__non-iid__vanilla__fedavg__clients-99__seed-42__nm0p0182__clip5__rounds-20__epochs-5__cifar10_remove__cifar10_cnn round=14 (checkpoint deleted)
2026-08-11 22:10:10 EVALUATED cifar10-out-remove__non-iid__vanilla__fedavg__clients-99__seed-42__nm0p0182__clip5__rounds-20__epochs-5__cifar10_remove__cifar10_cnn round=15 (checkpoint deleted)
2026-08-11 22:10:14 EVALUATED cifar10-out-remove__non-iid__vanilla__fedavg__clients-99__seed-42__nm0p0182__clip5__rounds-20__epochs-5__cifar10_remove__cifar10_cnn round=16 (checkpoint deleted)
2026-08-11 22:10:19 EVALUATED cifar10-out-remove__non-iid__vanilla__fedavg__clients-99__seed-42__nm0p0182__clip5__rounds-20__epochs-5__cifar10_remove__cifar10_cnn round=17 (checkpoint deleted)
2026-08-11 22:10:23 EVALUATED cifar10-out-remove__non-iid__vanilla__fedavg__clients-99__seed-42__nm0p0182__clip5__rounds-20__epochs-5__cifar10_remove__cifar10_cnn round=18 (checkpoint deleted)
2026-08-11 22:10:28 EVALUATED cifar10-out-remove__non-iid__vanilla__fedavg__clients-99__seed-42__nm0p0182__clip5__rounds-20__epochs-5__cifar10_remove__cifar10_cnn round=19 (checkpoint deleted)
2026-08-11 22:10:32 EVALUATED cifar10-out-remove__non-iid__vanilla__fedavg__clients-99__seed-42__nm0p0182__clip5__rounds-20__epochs-5__cifar10_remove__cifar10_cnn round=20 (checkpoint deleted)
2026-08-11 22:10:32 PROGRESS 1/1 (0 failed so far)
2026-08-11 22:10:32 Sweep finished: 1/1 attempted, 0 failed
