2026-08-20 04:07:54 CIFAR-10 removal CIA chunk (vanilla, clients=8, alpha=0.1, noise_ratio=0.00625): 2 trajectories
2026-08-20 04:07:54 START cifar10-in-remove__dirichlet__alpha-0p1__vanilla__fedavg__clients-8__seed-42__nm0p05__clip5__rounds-20__epochs-5__cifar10_dirichlet__cifar10_cnn 
2026-08-20 04:20:31 DONE  cifar10-in-remove__dirichlet__alpha-0p1__vanilla__fedavg__clients-8__seed-42__nm0p05__clip5__rounds-20__epochs-5__cifar10_dirichlet__cifar10_cnn (757.1s)
2026-08-20 04:20:40 EVALUATED cifar10-in-remove__dirichlet__alpha-0p1__vanilla__fedavg__clients-8__seed-42__nm0p05__clip5__rounds-20__epochs-5__cifar10_dirichlet__cifar10_cnn round=1 (checkpoint deleted)
2026-08-20 04:20:47 EVALUATED cifar10-in-remove__dirichlet__alpha-0p1__vanilla__fedavg__clients-8__seed-42__nm0p05__clip5__rounds-20__epochs-5__cifar10_dirichlet__cifar10_cnn round=2 (checkpoint deleted)
2026-08-20 04:20:53 EVALUATED cifar10-in-remove__dirichlet__alpha-0p1__vanilla__fedavg__clients-8__seed-42__nm0p05__clip5__rounds-20__epochs-5__cifar10_dirichlet__cifar10_cnn round=3 (checkpoint deleted)
2026-08-20 04:20:59 EVALUATED cifar10-in-remove__dirichlet__alpha-0p1__vanilla__fedavg__clients-8__seed-42__nm0p05__clip5__rounds-20__epochs-5__cifar10_dirichlet__cifar10_cnn round=4 (checkpoint deleted)
2026-08-20 04:21:06 EVALUATED cifar10-in-remove__dirichlet__alpha-0p1__vanilla__fedavg__clients-8__seed-42__nm0p05__clip5__rounds-20__epochs-5__cifar10_dirichlet__cifar10_cnn round=5 (checkpoint deleted)
2026-08-20 04:21:12 EVALUATED cifar10-in-remove__dirichlet__alpha-0p1__vanilla__fedavg__clients-8__seed-42__nm0p05__clip5__rounds-20__epochs-5__cifar10_dirichlet__cifar10_cnn round=6 (checkpoint deleted)
2026-08-20 04:21:18 EVALUATED cifar10-in-remove__dirichlet__alpha-0p1__vanilla__fedavg__clients-8__seed-42__nm0p05__clip5__rounds-20__epochs-5__cifar10_dirichlet__cifar10_cnn round=7 (checkpoint deleted)
2026-08-20 04:21:25 EVALUATED cifar10-in-remove__dirichlet__alpha-0p1__vanilla__fedavg__clients-8__seed-42__nm0p05__clip5__rounds-20__epochs-5__cifar10_dirichlet__cifar10_cnn round=8 (checkpoint deleted)
2026-08-20 04:21:31 EVALUATED cifar10-in-remove__dirichlet__alpha-0p1__vanilla__fedavg__clients-8__seed-42__nm0p05__clip5__rounds-20__epochs-5__cifar10_dirichlet__cifar10_cnn round=9 (checkpoint deleted)
2026-08-20 04:21:37 EVALUATED cifar10-in-remove__dirichlet__alpha-0p1__vanilla__fedavg__clients-8__seed-42__nm0p05__clip5__rounds-20__epochs-5__cifar10_dirichlet__cifar10_cnn round=10 (checkpoint deleted)
2026-08-20 04:21:44 EVALUATED cifar10-in-remove__dirichlet__alpha-0p1__vanilla__fedavg__clients-8__seed-42__nm0p05__clip5__rounds-20__epochs-5__cifar10_dirichlet__cifar10_cnn round=11 (checkpoint deleted)
2026-08-20 04:21:50 EVALUATED cifar10-in-remove__dirichlet__alpha-0p1__vanilla__fedavg__clients-8__seed-42__nm0p05__clip5__rounds-20__epochs-5__cifar10_dirichlet__cifar10_cnn round=12 (checkpoint deleted)
2026-08-20 04:21:57 EVALUATED cifar10-in-remove__dirichlet__alpha-0p1__vanilla__fedavg__clients-8__seed-42__nm0p05__clip5__rounds-20__epochs-5__cifar10_dirichlet__cifar10_cnn round=13 (checkpoint deleted)
2026-08-20 04:22:03 EVALUATED cifar10-in-remove__dirichlet__alpha-0p1__vanilla__fedavg__clients-8__seed-42__nm0p05__clip5__rounds-20__epochs-5__cifar10_dirichlet__cifar10_cnn round=14 (checkpoint deleted)
2026-08-20 04:22:09 EVALUATED cifar10-in-remove__dirichlet__alpha-0p1__vanilla__fedavg__clients-8__seed-42__nm0p05__clip5__rounds-20__epochs-5__cifar10_dirichlet__cifar10_cnn round=15 (checkpoint deleted)
2026-08-20 04:22:16 EVALUATED cifar10-in-remove__dirichlet__alpha-0p1__vanilla__fedavg__clients-8__seed-42__nm0p05__clip5__rounds-20__epochs-5__cifar10_dirichlet__cifar10_cnn round=16 (checkpoint deleted)
2026-08-20 04:22:22 EVALUATED cifar10-in-remove__dirichlet__alpha-0p1__vanilla__fedavg__clients-8__seed-42__nm0p05__clip5__rounds-20__epochs-5__cifar10_dirichlet__cifar10_cnn round=17 (checkpoint deleted)
2026-08-20 04:22:28 EVALUATED cifar10-in-remove__dirichlet__alpha-0p1__vanilla__fedavg__clients-8__seed-42__nm0p05__clip5__rounds-20__epochs-5__cifar10_dirichlet__cifar10_cnn round=18 (checkpoint deleted)
2026-08-20 04:22:35 EVALUATED cifar10-in-remove__dirichlet__alpha-0p1__vanilla__fedavg__clients-8__seed-42__nm0p05__clip5__rounds-20__epochs-5__cifar10_dirichlet__cifar10_cnn round=19 (checkpoint deleted)
2026-08-20 04:22:41 EVALUATED cifar10-in-remove__dirichlet__alpha-0p1__vanilla__fedavg__clients-8__seed-42__nm0p05__clip5__rounds-20__epochs-5__cifar10_dirichlet__cifar10_cnn round=20 (checkpoint deleted)
2026-08-20 04:22:41 PROGRESS 1/2 (0 failed so far)
2026-08-20 04:22:41 START cifar10-out-remove__dirichlet__alpha-0p1__vanilla__fedavg__clients-7__seed-42__nm0p04375__clip5__rounds-20__epochs-5__cifar10_dirichlet__cifar10_cnn 
2026-08-20 04:34:53 DONE  cifar10-out-remove__dirichlet__alpha-0p1__vanilla__fedavg__clients-7__seed-42__nm0p04375__clip5__rounds-20__epochs-5__cifar10_dirichlet__cifar10_cnn (732.3s)
2026-08-20 04:35:00 EVALUATED cifar10-out-remove__dirichlet__alpha-0p1__vanilla__fedavg__clients-7__seed-42__nm0p04375__clip5__rounds-20__epochs-5__cifar10_dirichlet__cifar10_cnn round=1 (checkpoint deleted)
2026-08-20 04:35:06 EVALUATED cifar10-out-remove__dirichlet__alpha-0p1__vanilla__fedavg__clients-7__seed-42__nm0p04375__clip5__rounds-20__epochs-5__cifar10_dirichlet__cifar10_cnn round=2 (checkpoint deleted)
2026-08-20 04:35:12 EVALUATED cifar10-out-remove__dirichlet__alpha-0p1__vanilla__fedavg__clients-7__seed-42__nm0p04375__clip5__rounds-20__epochs-5__cifar10_dirichlet__cifar10_cnn round=3 (checkpoint deleted)
2026-08-20 04:35:19 EVALUATED cifar10-out-remove__dirichlet__alpha-0p1__vanilla__fedavg__clients-7__seed-42__nm0p04375__clip5__rounds-20__epochs-5__cifar10_dirichlet__cifar10_cnn round=4 (checkpoint deleted)
2026-08-20 04:35:25 EVALUATED cifar10-out-remove__dirichlet__alpha-0p1__vanilla__fedavg__clients-7__seed-42__nm0p04375__clip5__rounds-20__epochs-5__cifar10_dirichlet__cifar10_cnn round=5 (checkpoint deleted)
2026-08-20 04:35:32 EVALUATED cifar10-out-remove__dirichlet__alpha-0p1__vanilla__fedavg__clients-7__seed-42__nm0p04375__clip5__rounds-20__epochs-5__cifar10_dirichlet__cifar10_cnn round=6 (checkpoint deleted)
2026-08-20 04:35:38 EVALUATED cifar10-out-remove__dirichlet__alpha-0p1__vanilla__fedavg__clients-7__seed-42__nm0p04375__clip5__rounds-20__epochs-5__cifar10_dirichlet__cifar10_cnn round=7 (checkpoint deleted)
2026-08-20 04:35:44 EVALUATED cifar10-out-remove__dirichlet__alpha-0p1__vanilla__fedavg__clients-7__seed-42__nm0p04375__clip5__rounds-20__epochs-5__cifar10_dirichlet__cifar10_cnn round=8 (checkpoint deleted)
2026-08-20 04:35:51 EVALUATED cifar10-out-remove__dirichlet__alpha-0p1__vanilla__fedavg__clients-7__seed-42__nm0p04375__clip5__rounds-20__epochs-5__cifar10_dirichlet__cifar10_cnn round=9 (checkpoint deleted)
2026-08-20 04:35:57 EVALUATED cifar10-out-remove__dirichlet__alpha-0p1__vanilla__fedavg__clients-7__seed-42__nm0p04375__clip5__rounds-20__epochs-5__cifar10_dirichlet__cifar10_cnn round=10 (checkpoint deleted)
2026-08-20 04:36:04 EVALUATED cifar10-out-remove__dirichlet__alpha-0p1__vanilla__fedavg__clients-7__seed-42__nm0p04375__clip5__rounds-20__epochs-5__cifar10_dirichlet__cifar10_cnn round=11 (checkpoint deleted)
2026-08-20 04:36:10 EVALUATED cifar10-out-remove__dirichlet__alpha-0p1__vanilla__fedavg__clients-7__seed-42__nm0p04375__clip5__rounds-20__epochs-5__cifar10_dirichlet__cifar10_cnn round=12 (checkpoint deleted)
2026-08-20 04:36:16 EVALUATED cifar10-out-remove__dirichlet__alpha-0p1__vanilla__fedavg__clients-7__seed-42__nm0p04375__clip5__rounds-20__epochs-5__cifar10_dirichlet__cifar10_cnn round=13 (checkpoint deleted)
2026-08-20 04:36:23 EVALUATED cifar10-out-remove__dirichlet__alpha-0p1__vanilla__fedavg__clients-7__seed-42__nm0p04375__clip5__rounds-20__epochs-5__cifar10_dirichlet__cifar10_cnn round=14 (checkpoint deleted)
2026-08-20 04:36:29 EVALUATED cifar10-out-remove__dirichlet__alpha-0p1__vanilla__fedavg__clients-7__seed-42__nm0p04375__clip5__rounds-20__epochs-5__cifar10_dirichlet__cifar10_cnn round=15 (checkpoint deleted)
2026-08-20 04:36:36 EVALUATED cifar10-out-remove__dirichlet__alpha-0p1__vanilla__fedavg__clients-7__seed-42__nm0p04375__clip5__rounds-20__epochs-5__cifar10_dirichlet__cifar10_cnn round=16 (checkpoint deleted)
2026-08-20 04:36:42 EVALUATED cifar10-out-remove__dirichlet__alpha-0p1__vanilla__fedavg__clients-7__seed-42__nm0p04375__clip5__rounds-20__epochs-5__cifar10_dirichlet__cifar10_cnn round=17 (checkpoint deleted)
2026-08-20 04:36:48 EVALUATED cifar10-out-remove__dirichlet__alpha-0p1__vanilla__fedavg__clients-7__seed-42__nm0p04375__clip5__rounds-20__epochs-5__cifar10_dirichlet__cifar10_cnn round=18 (checkpoint deleted)
2026-08-20 04:36:55 EVALUATED cifar10-out-remove__dirichlet__alpha-0p1__vanilla__fedavg__clients-7__seed-42__nm0p04375__clip5__rounds-20__epochs-5__cifar10_dirichlet__cifar10_cnn round=19 (checkpoint deleted)
2026-08-20 04:37:01 EVALUATED cifar10-out-remove__dirichlet__alpha-0p1__vanilla__fedavg__clients-7__seed-42__nm0p04375__clip5__rounds-20__epochs-5__cifar10_dirichlet__cifar10_cnn round=20 (checkpoint deleted)
2026-08-20 04:37:01 PROGRESS 2/2 (0 failed so far)
2026-08-20 04:37:01 Sweep finished: 2/2 attempted, 0 failed
