2026-08-05 17:21:31 Starting full chunk: 1 trajectories
2026-08-05 17:21:31 START cifar-full-in-replace__non-iid__vanilla__fedavg__clients-8__seed-43__nm0p01__clip5__rounds-20__epochs-5__cifar_chunks__cifar10_cnn 
2026-08-05 17:25:59 DONE  cifar-full-in-replace__non-iid__vanilla__fedavg__clients-8__seed-43__nm0p01__clip5__rounds-20__epochs-5__cifar_chunks__cifar10_cnn (268.3s)
2026-08-05 17:26:08 EVALUATED cifar-full-in-replace__non-iid__vanilla__fedavg__clients-8__seed-43__nm0p01__clip5__rounds-20__epochs-5__cifar_chunks__cifar10_cnn round=1 (checkpoint deleted)
2026-08-05 17:26:13 EVALUATED cifar-full-in-replace__non-iid__vanilla__fedavg__clients-8__seed-43__nm0p01__clip5__rounds-20__epochs-5__cifar_chunks__cifar10_cnn round=2 (checkpoint deleted)
2026-08-05 17:26:18 EVALUATED cifar-full-in-replace__non-iid__vanilla__fedavg__clients-8__seed-43__nm0p01__clip5__rounds-20__epochs-5__cifar_chunks__cifar10_cnn round=3 (checkpoint deleted)
2026-08-05 17:26:24 EVALUATED cifar-full-in-replace__non-iid__vanilla__fedavg__clients-8__seed-43__nm0p01__clip5__rounds-20__epochs-5__cifar_chunks__cifar10_cnn round=4 (checkpoint deleted)
2026-08-05 17:26:29 EVALUATED cifar-full-in-replace__non-iid__vanilla__fedavg__clients-8__seed-43__nm0p01__clip5__rounds-20__epochs-5__cifar_chunks__cifar10_cnn round=5 (checkpoint deleted)
2026-08-05 17:26:34 EVALUATED cifar-full-in-replace__non-iid__vanilla__fedavg__clients-8__seed-43__nm0p01__clip5__rounds-20__epochs-5__cifar_chunks__cifar10_cnn round=6 (checkpoint deleted)
2026-08-05 17:26:40 EVALUATED cifar-full-in-replace__non-iid__vanilla__fedavg__clients-8__seed-43__nm0p01__clip5__rounds-20__epochs-5__cifar_chunks__cifar10_cnn round=7 (checkpoint deleted)
2026-08-05 17:26:45 EVALUATED cifar-full-in-replace__non-iid__vanilla__fedavg__clients-8__seed-43__nm0p01__clip5__rounds-20__epochs-5__cifar_chunks__cifar10_cnn round=8 (checkpoint deleted)
2026-08-05 17:26:50 EVALUATED cifar-full-in-replace__non-iid__vanilla__fedavg__clients-8__seed-43__nm0p01__clip5__rounds-20__epochs-5__cifar_chunks__cifar10_cnn round=9 (checkpoint deleted)
2026-08-05 17:26:55 EVALUATED cifar-full-in-replace__non-iid__vanilla__fedavg__clients-8__seed-43__nm0p01__clip5__rounds-20__epochs-5__cifar_chunks__cifar10_cnn round=10 (checkpoint deleted)
2026-08-05 17:27:01 EVALUATED cifar-full-in-replace__non-iid__vanilla__fedavg__clients-8__seed-43__nm0p01__clip5__rounds-20__epochs-5__cifar_chunks__cifar10_cnn round=11 (checkpoint deleted)
2026-08-05 17:27:06 EVALUATED cifar-full-in-replace__non-iid__vanilla__fedavg__clients-8__seed-43__nm0p01__clip5__rounds-20__epochs-5__cifar_chunks__cifar10_cnn round=12 (checkpoint deleted)
2026-08-05 17:27:11 EVALUATED cifar-full-in-replace__non-iid__vanilla__fedavg__clients-8__seed-43__nm0p01__clip5__rounds-20__epochs-5__cifar_chunks__cifar10_cnn round=13 (checkpoint deleted)
2026-08-05 17:27:16 EVALUATED cifar-full-in-replace__non-iid__vanilla__fedavg__clients-8__seed-43__nm0p01__clip5__rounds-20__epochs-5__cifar_chunks__cifar10_cnn round=14 (checkpoint deleted)
2026-08-05 17:27:22 EVALUATED cifar-full-in-replace__non-iid__vanilla__fedavg__clients-8__seed-43__nm0p01__clip5__rounds-20__epochs-5__cifar_chunks__cifar10_cnn round=15 (checkpoint deleted)
2026-08-05 17:27:27 EVALUATED cifar-full-in-replace__non-iid__vanilla__fedavg__clients-8__seed-43__nm0p01__clip5__rounds-20__epochs-5__cifar_chunks__cifar10_cnn round=16 (checkpoint deleted)
2026-08-05 17:27:32 EVALUATED cifar-full-in-replace__non-iid__vanilla__fedavg__clients-8__seed-43__nm0p01__clip5__rounds-20__epochs-5__cifar_chunks__cifar10_cnn round=17 (checkpoint deleted)
2026-08-05 17:27:38 EVALUATED cifar-full-in-replace__non-iid__vanilla__fedavg__clients-8__seed-43__nm0p01__clip5__rounds-20__epochs-5__cifar_chunks__cifar10_cnn round=18 (checkpoint deleted)
2026-08-05 17:27:43 EVALUATED cifar-full-in-replace__non-iid__vanilla__fedavg__clients-8__seed-43__nm0p01__clip5__rounds-20__epochs-5__cifar_chunks__cifar10_cnn round=19 (checkpoint deleted)
2026-08-05 17:27:48 EVALUATED cifar-full-in-replace__non-iid__vanilla__fedavg__clients-8__seed-43__nm0p01__clip5__rounds-20__epochs-5__cifar_chunks__cifar10_cnn round=20 (checkpoint deleted)
2026-08-05 17:27:48 PROGRESS 1/1 (0 failed so far)
2026-08-05 17:27:48 Sweep finished: 1/1 attempted, 0 failed
