2026-08-05 19:47:42 Starting full chunk: 2 trajectories
2026-08-05 19:47:42 START cifar-full-in-replace__non-iid__global-dp__fedavg__clients-8__seed-44__nm0p05__clip5__rounds-20__epochs-5__cifar_chunks__cifar10_cnn 
2026-08-05 19:52:08 DONE  cifar-full-in-replace__non-iid__global-dp__fedavg__clients-8__seed-44__nm0p05__clip5__rounds-20__epochs-5__cifar_chunks__cifar10_cnn (266.3s)
2026-08-05 19:52:16 EVALUATED cifar-full-in-replace__non-iid__global-dp__fedavg__clients-8__seed-44__nm0p05__clip5__rounds-20__epochs-5__cifar_chunks__cifar10_cnn round=1 (checkpoint deleted)
2026-08-05 19:52:21 EVALUATED cifar-full-in-replace__non-iid__global-dp__fedavg__clients-8__seed-44__nm0p05__clip5__rounds-20__epochs-5__cifar_chunks__cifar10_cnn round=2 (checkpoint deleted)
2026-08-05 19:52:25 EVALUATED cifar-full-in-replace__non-iid__global-dp__fedavg__clients-8__seed-44__nm0p05__clip5__rounds-20__epochs-5__cifar_chunks__cifar10_cnn round=3 (checkpoint deleted)
2026-08-05 19:52:29 EVALUATED cifar-full-in-replace__non-iid__global-dp__fedavg__clients-8__seed-44__nm0p05__clip5__rounds-20__epochs-5__cifar_chunks__cifar10_cnn round=4 (checkpoint deleted)
2026-08-05 19:52:34 EVALUATED cifar-full-in-replace__non-iid__global-dp__fedavg__clients-8__seed-44__nm0p05__clip5__rounds-20__epochs-5__cifar_chunks__cifar10_cnn round=5 (checkpoint deleted)
2026-08-05 19:52:38 EVALUATED cifar-full-in-replace__non-iid__global-dp__fedavg__clients-8__seed-44__nm0p05__clip5__rounds-20__epochs-5__cifar_chunks__cifar10_cnn round=6 (checkpoint deleted)
2026-08-05 19:52:43 EVALUATED cifar-full-in-replace__non-iid__global-dp__fedavg__clients-8__seed-44__nm0p05__clip5__rounds-20__epochs-5__cifar_chunks__cifar10_cnn round=7 (checkpoint deleted)
2026-08-05 19:52:47 EVALUATED cifar-full-in-replace__non-iid__global-dp__fedavg__clients-8__seed-44__nm0p05__clip5__rounds-20__epochs-5__cifar_chunks__cifar10_cnn round=8 (checkpoint deleted)
2026-08-05 19:52:52 EVALUATED cifar-full-in-replace__non-iid__global-dp__fedavg__clients-8__seed-44__nm0p05__clip5__rounds-20__epochs-5__cifar_chunks__cifar10_cnn round=9 (checkpoint deleted)
2026-08-05 19:52:56 EVALUATED cifar-full-in-replace__non-iid__global-dp__fedavg__clients-8__seed-44__nm0p05__clip5__rounds-20__epochs-5__cifar_chunks__cifar10_cnn round=10 (checkpoint deleted)
2026-08-05 19:53:01 EVALUATED cifar-full-in-replace__non-iid__global-dp__fedavg__clients-8__seed-44__nm0p05__clip5__rounds-20__epochs-5__cifar_chunks__cifar10_cnn round=11 (checkpoint deleted)
2026-08-05 19:53:05 EVALUATED cifar-full-in-replace__non-iid__global-dp__fedavg__clients-8__seed-44__nm0p05__clip5__rounds-20__epochs-5__cifar_chunks__cifar10_cnn round=12 (checkpoint deleted)
2026-08-05 19:53:10 EVALUATED cifar-full-in-replace__non-iid__global-dp__fedavg__clients-8__seed-44__nm0p05__clip5__rounds-20__epochs-5__cifar_chunks__cifar10_cnn round=13 (checkpoint deleted)
2026-08-05 19:53:14 EVALUATED cifar-full-in-replace__non-iid__global-dp__fedavg__clients-8__seed-44__nm0p05__clip5__rounds-20__epochs-5__cifar_chunks__cifar10_cnn round=14 (checkpoint deleted)
2026-08-05 19:53:18 EVALUATED cifar-full-in-replace__non-iid__global-dp__fedavg__clients-8__seed-44__nm0p05__clip5__rounds-20__epochs-5__cifar_chunks__cifar10_cnn round=15 (checkpoint deleted)
2026-08-05 19:53:23 EVALUATED cifar-full-in-replace__non-iid__global-dp__fedavg__clients-8__seed-44__nm0p05__clip5__rounds-20__epochs-5__cifar_chunks__cifar10_cnn round=16 (checkpoint deleted)
2026-08-05 19:53:27 EVALUATED cifar-full-in-replace__non-iid__global-dp__fedavg__clients-8__seed-44__nm0p05__clip5__rounds-20__epochs-5__cifar_chunks__cifar10_cnn round=17 (checkpoint deleted)
2026-08-05 19:53:32 EVALUATED cifar-full-in-replace__non-iid__global-dp__fedavg__clients-8__seed-44__nm0p05__clip5__rounds-20__epochs-5__cifar_chunks__cifar10_cnn round=18 (checkpoint deleted)
2026-08-05 19:53:36 EVALUATED cifar-full-in-replace__non-iid__global-dp__fedavg__clients-8__seed-44__nm0p05__clip5__rounds-20__epochs-5__cifar_chunks__cifar10_cnn round=19 (checkpoint deleted)
2026-08-05 19:53:41 EVALUATED cifar-full-in-replace__non-iid__global-dp__fedavg__clients-8__seed-44__nm0p05__clip5__rounds-20__epochs-5__cifar_chunks__cifar10_cnn round=20 (checkpoint deleted)
2026-08-05 19:53:41 PROGRESS 1/2 (0 failed so far)
2026-08-05 19:53:41 START cifar-full-in-replace__non-iid__metric-privacy__fedavg__clients-8__seed-44__nm0p05__clip5__rounds-20__epochs-5__cifar_chunks__cifar10_cnn 
2026-08-05 19:58:11 DONE  cifar-full-in-replace__non-iid__metric-privacy__fedavg__clients-8__seed-44__nm0p05__clip5__rounds-20__epochs-5__cifar_chunks__cifar10_cnn (270.3s)
2026-08-05 19:58:15 EVALUATED cifar-full-in-replace__non-iid__metric-privacy__fedavg__clients-8__seed-44__nm0p05__clip5__rounds-20__epochs-5__cifar_chunks__cifar10_cnn round=1 (checkpoint deleted)
2026-08-05 19:58:20 EVALUATED cifar-full-in-replace__non-iid__metric-privacy__fedavg__clients-8__seed-44__nm0p05__clip5__rounds-20__epochs-5__cifar_chunks__cifar10_cnn round=2 (checkpoint deleted)
2026-08-05 19:58:24 EVALUATED cifar-full-in-replace__non-iid__metric-privacy__fedavg__clients-8__seed-44__nm0p05__clip5__rounds-20__epochs-5__cifar_chunks__cifar10_cnn round=3 (checkpoint deleted)
2026-08-05 19:58:29 EVALUATED cifar-full-in-replace__non-iid__metric-privacy__fedavg__clients-8__seed-44__nm0p05__clip5__rounds-20__epochs-5__cifar_chunks__cifar10_cnn round=4 (checkpoint deleted)
2026-08-05 19:58:33 EVALUATED cifar-full-in-replace__non-iid__metric-privacy__fedavg__clients-8__seed-44__nm0p05__clip5__rounds-20__epochs-5__cifar_chunks__cifar10_cnn round=5 (checkpoint deleted)
2026-08-05 19:58:38 EVALUATED cifar-full-in-replace__non-iid__metric-privacy__fedavg__clients-8__seed-44__nm0p05__clip5__rounds-20__epochs-5__cifar_chunks__cifar10_cnn round=6 (checkpoint deleted)
2026-08-05 19:58:42 EVALUATED cifar-full-in-replace__non-iid__metric-privacy__fedavg__clients-8__seed-44__nm0p05__clip5__rounds-20__epochs-5__cifar_chunks__cifar10_cnn round=7 (checkpoint deleted)
2026-08-05 19:58:47 EVALUATED cifar-full-in-replace__non-iid__metric-privacy__fedavg__clients-8__seed-44__nm0p05__clip5__rounds-20__epochs-5__cifar_chunks__cifar10_cnn round=8 (checkpoint deleted)
2026-08-05 19:58:51 EVALUATED cifar-full-in-replace__non-iid__metric-privacy__fedavg__clients-8__seed-44__nm0p05__clip5__rounds-20__epochs-5__cifar_chunks__cifar10_cnn round=9 (checkpoint deleted)
2026-08-05 19:58:56 EVALUATED cifar-full-in-replace__non-iid__metric-privacy__fedavg__clients-8__seed-44__nm0p05__clip5__rounds-20__epochs-5__cifar_chunks__cifar10_cnn round=10 (checkpoint deleted)
2026-08-05 19:59:00 EVALUATED cifar-full-in-replace__non-iid__metric-privacy__fedavg__clients-8__seed-44__nm0p05__clip5__rounds-20__epochs-5__cifar_chunks__cifar10_cnn round=11 (checkpoint deleted)
2026-08-05 19:59:05 EVALUATED cifar-full-in-replace__non-iid__metric-privacy__fedavg__clients-8__seed-44__nm0p05__clip5__rounds-20__epochs-5__cifar_chunks__cifar10_cnn round=12 (checkpoint deleted)
2026-08-05 19:59:09 EVALUATED cifar-full-in-replace__non-iid__metric-privacy__fedavg__clients-8__seed-44__nm0p05__clip5__rounds-20__epochs-5__cifar_chunks__cifar10_cnn round=13 (checkpoint deleted)
2026-08-05 19:59:14 EVALUATED cifar-full-in-replace__non-iid__metric-privacy__fedavg__clients-8__seed-44__nm0p05__clip5__rounds-20__epochs-5__cifar_chunks__cifar10_cnn round=14 (checkpoint deleted)
2026-08-05 19:59:18 EVALUATED cifar-full-in-replace__non-iid__metric-privacy__fedavg__clients-8__seed-44__nm0p05__clip5__rounds-20__epochs-5__cifar_chunks__cifar10_cnn round=15 (checkpoint deleted)
2026-08-05 19:59:22 EVALUATED cifar-full-in-replace__non-iid__metric-privacy__fedavg__clients-8__seed-44__nm0p05__clip5__rounds-20__epochs-5__cifar_chunks__cifar10_cnn round=16 (checkpoint deleted)
2026-08-05 19:59:27 EVALUATED cifar-full-in-replace__non-iid__metric-privacy__fedavg__clients-8__seed-44__nm0p05__clip5__rounds-20__epochs-5__cifar_chunks__cifar10_cnn round=17 (checkpoint deleted)
2026-08-05 19:59:31 EVALUATED cifar-full-in-replace__non-iid__metric-privacy__fedavg__clients-8__seed-44__nm0p05__clip5__rounds-20__epochs-5__cifar_chunks__cifar10_cnn round=18 (checkpoint deleted)
2026-08-05 19:59:36 EVALUATED cifar-full-in-replace__non-iid__metric-privacy__fedavg__clients-8__seed-44__nm0p05__clip5__rounds-20__epochs-5__cifar_chunks__cifar10_cnn round=19 (checkpoint deleted)
2026-08-05 19:59:40 EVALUATED cifar-full-in-replace__non-iid__metric-privacy__fedavg__clients-8__seed-44__nm0p05__clip5__rounds-20__epochs-5__cifar_chunks__cifar10_cnn round=20 (checkpoint deleted)
2026-08-05 19:59:40 PROGRESS 2/2 (0 failed so far)
2026-08-05 19:59:40 Sweep finished: 2/2 attempted, 0 failed
