2026-08-21 17:04:52 CIFAR-10 stage (metric-privacy, homogeneous, seed=42, noise_ratio=0.005): 2 trajectories
2026-08-21 17:04:52 START cifar10-in-remove__homogeneous__metric-privacy__fedavg__clients-100__seed-42__nm0p5__clip5__rounds-20__epochs-5__cifar10_remove__cifar10_cnn 
2026-08-21 17:11:53 DONE  cifar10-in-remove__homogeneous__metric-privacy__fedavg__clients-100__seed-42__nm0p5__clip5__rounds-20__epochs-5__cifar10_remove__cifar10_cnn (421.3s)
2026-08-21 17:11:56 EVALUATED cifar10-in-remove__homogeneous__metric-privacy__fedavg__clients-100__seed-42__nm0p5__clip5__rounds-20__epochs-5__cifar10_remove__cifar10_cnn round=1 (checkpoint deleted)
2026-08-21 17:11:59 EVALUATED cifar10-in-remove__homogeneous__metric-privacy__fedavg__clients-100__seed-42__nm0p5__clip5__rounds-20__epochs-5__cifar10_remove__cifar10_cnn round=2 (checkpoint deleted)
2026-08-21 17:12:02 EVALUATED cifar10-in-remove__homogeneous__metric-privacy__fedavg__clients-100__seed-42__nm0p5__clip5__rounds-20__epochs-5__cifar10_remove__cifar10_cnn round=3 (checkpoint deleted)
2026-08-21 17:12:05 EVALUATED cifar10-in-remove__homogeneous__metric-privacy__fedavg__clients-100__seed-42__nm0p5__clip5__rounds-20__epochs-5__cifar10_remove__cifar10_cnn round=4 (checkpoint deleted)
2026-08-21 17:12:08 EVALUATED cifar10-in-remove__homogeneous__metric-privacy__fedavg__clients-100__seed-42__nm0p5__clip5__rounds-20__epochs-5__cifar10_remove__cifar10_cnn round=5 (checkpoint deleted)
2026-08-21 17:12:11 EVALUATED cifar10-in-remove__homogeneous__metric-privacy__fedavg__clients-100__seed-42__nm0p5__clip5__rounds-20__epochs-5__cifar10_remove__cifar10_cnn round=6 (checkpoint deleted)
2026-08-21 17:12:14 EVALUATED cifar10-in-remove__homogeneous__metric-privacy__fedavg__clients-100__seed-42__nm0p5__clip5__rounds-20__epochs-5__cifar10_remove__cifar10_cnn round=7 (checkpoint deleted)
2026-08-21 17:12:17 EVALUATED cifar10-in-remove__homogeneous__metric-privacy__fedavg__clients-100__seed-42__nm0p5__clip5__rounds-20__epochs-5__cifar10_remove__cifar10_cnn round=8 (checkpoint deleted)
2026-08-21 17:12:20 EVALUATED cifar10-in-remove__homogeneous__metric-privacy__fedavg__clients-100__seed-42__nm0p5__clip5__rounds-20__epochs-5__cifar10_remove__cifar10_cnn round=9 (checkpoint deleted)
2026-08-21 17:12:23 EVALUATED cifar10-in-remove__homogeneous__metric-privacy__fedavg__clients-100__seed-42__nm0p5__clip5__rounds-20__epochs-5__cifar10_remove__cifar10_cnn round=10 (checkpoint deleted)
2026-08-21 17:12:26 EVALUATED cifar10-in-remove__homogeneous__metric-privacy__fedavg__clients-100__seed-42__nm0p5__clip5__rounds-20__epochs-5__cifar10_remove__cifar10_cnn round=11 (checkpoint deleted)
2026-08-21 17:12:30 EVALUATED cifar10-in-remove__homogeneous__metric-privacy__fedavg__clients-100__seed-42__nm0p5__clip5__rounds-20__epochs-5__cifar10_remove__cifar10_cnn round=12 (checkpoint deleted)
2026-08-21 17:12:33 EVALUATED cifar10-in-remove__homogeneous__metric-privacy__fedavg__clients-100__seed-42__nm0p5__clip5__rounds-20__epochs-5__cifar10_remove__cifar10_cnn round=13 (checkpoint deleted)
2026-08-21 17:12:36 EVALUATED cifar10-in-remove__homogeneous__metric-privacy__fedavg__clients-100__seed-42__nm0p5__clip5__rounds-20__epochs-5__cifar10_remove__cifar10_cnn round=14 (checkpoint deleted)
2026-08-21 17:12:39 EVALUATED cifar10-in-remove__homogeneous__metric-privacy__fedavg__clients-100__seed-42__nm0p5__clip5__rounds-20__epochs-5__cifar10_remove__cifar10_cnn round=15 (checkpoint deleted)
2026-08-21 17:12:42 EVALUATED cifar10-in-remove__homogeneous__metric-privacy__fedavg__clients-100__seed-42__nm0p5__clip5__rounds-20__epochs-5__cifar10_remove__cifar10_cnn round=16 (checkpoint deleted)
2026-08-21 17:12:45 EVALUATED cifar10-in-remove__homogeneous__metric-privacy__fedavg__clients-100__seed-42__nm0p5__clip5__rounds-20__epochs-5__cifar10_remove__cifar10_cnn round=17 (checkpoint deleted)
2026-08-21 17:12:48 EVALUATED cifar10-in-remove__homogeneous__metric-privacy__fedavg__clients-100__seed-42__nm0p5__clip5__rounds-20__epochs-5__cifar10_remove__cifar10_cnn round=18 (checkpoint deleted)
2026-08-21 17:12:51 EVALUATED cifar10-in-remove__homogeneous__metric-privacy__fedavg__clients-100__seed-42__nm0p5__clip5__rounds-20__epochs-5__cifar10_remove__cifar10_cnn round=19 (checkpoint deleted)
2026-08-21 17:12:54 EVALUATED cifar10-in-remove__homogeneous__metric-privacy__fedavg__clients-100__seed-42__nm0p5__clip5__rounds-20__epochs-5__cifar10_remove__cifar10_cnn round=20 (checkpoint deleted)
2026-08-21 17:12:54 PROGRESS 1/2 (0 failed so far)
2026-08-21 17:12:54 START cifar10-out-remove__homogeneous__metric-privacy__fedavg__clients-99__seed-42__nm0p495__clip5__rounds-20__epochs-5__cifar10_remove__cifar10_cnn 
2026-08-21 17:19:52 DONE  cifar10-out-remove__homogeneous__metric-privacy__fedavg__clients-99__seed-42__nm0p495__clip5__rounds-20__epochs-5__cifar10_remove__cifar10_cnn (418.1s)
2026-08-21 17:19:55 EVALUATED cifar10-out-remove__homogeneous__metric-privacy__fedavg__clients-99__seed-42__nm0p495__clip5__rounds-20__epochs-5__cifar10_remove__cifar10_cnn round=1 (checkpoint deleted)
2026-08-21 17:19:58 EVALUATED cifar10-out-remove__homogeneous__metric-privacy__fedavg__clients-99__seed-42__nm0p495__clip5__rounds-20__epochs-5__cifar10_remove__cifar10_cnn round=2 (checkpoint deleted)
2026-08-21 17:20:01 EVALUATED cifar10-out-remove__homogeneous__metric-privacy__fedavg__clients-99__seed-42__nm0p495__clip5__rounds-20__epochs-5__cifar10_remove__cifar10_cnn round=3 (checkpoint deleted)
2026-08-21 17:20:04 EVALUATED cifar10-out-remove__homogeneous__metric-privacy__fedavg__clients-99__seed-42__nm0p495__clip5__rounds-20__epochs-5__cifar10_remove__cifar10_cnn round=4 (checkpoint deleted)
2026-08-21 17:20:07 EVALUATED cifar10-out-remove__homogeneous__metric-privacy__fedavg__clients-99__seed-42__nm0p495__clip5__rounds-20__epochs-5__cifar10_remove__cifar10_cnn round=5 (checkpoint deleted)
2026-08-21 17:20:10 EVALUATED cifar10-out-remove__homogeneous__metric-privacy__fedavg__clients-99__seed-42__nm0p495__clip5__rounds-20__epochs-5__cifar10_remove__cifar10_cnn round=6 (checkpoint deleted)
2026-08-21 17:20:14 EVALUATED cifar10-out-remove__homogeneous__metric-privacy__fedavg__clients-99__seed-42__nm0p495__clip5__rounds-20__epochs-5__cifar10_remove__cifar10_cnn round=7 (checkpoint deleted)
2026-08-21 17:20:17 EVALUATED cifar10-out-remove__homogeneous__metric-privacy__fedavg__clients-99__seed-42__nm0p495__clip5__rounds-20__epochs-5__cifar10_remove__cifar10_cnn round=8 (checkpoint deleted)
2026-08-21 17:20:20 EVALUATED cifar10-out-remove__homogeneous__metric-privacy__fedavg__clients-99__seed-42__nm0p495__clip5__rounds-20__epochs-5__cifar10_remove__cifar10_cnn round=9 (checkpoint deleted)
2026-08-21 17:20:23 EVALUATED cifar10-out-remove__homogeneous__metric-privacy__fedavg__clients-99__seed-42__nm0p495__clip5__rounds-20__epochs-5__cifar10_remove__cifar10_cnn round=10 (checkpoint deleted)
2026-08-21 17:20:26 EVALUATED cifar10-out-remove__homogeneous__metric-privacy__fedavg__clients-99__seed-42__nm0p495__clip5__rounds-20__epochs-5__cifar10_remove__cifar10_cnn round=11 (checkpoint deleted)
2026-08-21 17:20:29 EVALUATED cifar10-out-remove__homogeneous__metric-privacy__fedavg__clients-99__seed-42__nm0p495__clip5__rounds-20__epochs-5__cifar10_remove__cifar10_cnn round=12 (checkpoint deleted)
2026-08-21 17:20:32 EVALUATED cifar10-out-remove__homogeneous__metric-privacy__fedavg__clients-99__seed-42__nm0p495__clip5__rounds-20__epochs-5__cifar10_remove__cifar10_cnn round=13 (checkpoint deleted)
2026-08-21 17:20:35 EVALUATED cifar10-out-remove__homogeneous__metric-privacy__fedavg__clients-99__seed-42__nm0p495__clip5__rounds-20__epochs-5__cifar10_remove__cifar10_cnn round=14 (checkpoint deleted)
2026-08-21 17:20:38 EVALUATED cifar10-out-remove__homogeneous__metric-privacy__fedavg__clients-99__seed-42__nm0p495__clip5__rounds-20__epochs-5__cifar10_remove__cifar10_cnn round=15 (checkpoint deleted)
2026-08-21 17:20:41 EVALUATED cifar10-out-remove__homogeneous__metric-privacy__fedavg__clients-99__seed-42__nm0p495__clip5__rounds-20__epochs-5__cifar10_remove__cifar10_cnn round=16 (checkpoint deleted)
2026-08-21 17:20:44 EVALUATED cifar10-out-remove__homogeneous__metric-privacy__fedavg__clients-99__seed-42__nm0p495__clip5__rounds-20__epochs-5__cifar10_remove__cifar10_cnn round=17 (checkpoint deleted)
2026-08-21 17:20:47 EVALUATED cifar10-out-remove__homogeneous__metric-privacy__fedavg__clients-99__seed-42__nm0p495__clip5__rounds-20__epochs-5__cifar10_remove__cifar10_cnn round=18 (checkpoint deleted)
2026-08-21 17:20:50 EVALUATED cifar10-out-remove__homogeneous__metric-privacy__fedavg__clients-99__seed-42__nm0p495__clip5__rounds-20__epochs-5__cifar10_remove__cifar10_cnn round=19 (checkpoint deleted)
2026-08-21 17:20:53 EVALUATED cifar10-out-remove__homogeneous__metric-privacy__fedavg__clients-99__seed-42__nm0p495__clip5__rounds-20__epochs-5__cifar10_remove__cifar10_cnn round=20 (checkpoint deleted)
2026-08-21 17:20:53 PROGRESS 2/2 (0 failed so far)
2026-08-21 17:20:53 Sweep finished: 2/2 attempted, 0 failed
