2026-08-05 17:21:39 Starting full chunk: 1 trajectories
2026-08-05 17:21:39 START cifar-full-out-replace__non-iid__vanilla__fedavg__clients-8__seed-43__nm0p01__clip5__rounds-20__epochs-5__cifar_chunks__cifar10_cnn 
2026-08-05 17:25:58 DONE  cifar-full-out-replace__non-iid__vanilla__fedavg__clients-8__seed-43__nm0p01__clip5__rounds-20__epochs-5__cifar_chunks__cifar10_cnn (258.6s)
2026-08-05 17:26:06 EVALUATED cifar-full-out-replace__non-iid__vanilla__fedavg__clients-8__seed-43__nm0p01__clip5__rounds-20__epochs-5__cifar_chunks__cifar10_cnn round=1 (checkpoint deleted)
2026-08-05 17:26:11 EVALUATED cifar-full-out-replace__non-iid__vanilla__fedavg__clients-8__seed-43__nm0p01__clip5__rounds-20__epochs-5__cifar_chunks__cifar10_cnn round=2 (checkpoint deleted)
2026-08-05 17:26:17 EVALUATED cifar-full-out-replace__non-iid__vanilla__fedavg__clients-8__seed-43__nm0p01__clip5__rounds-20__epochs-5__cifar_chunks__cifar10_cnn round=3 (checkpoint deleted)
2026-08-05 17:26:22 EVALUATED cifar-full-out-replace__non-iid__vanilla__fedavg__clients-8__seed-43__nm0p01__clip5__rounds-20__epochs-5__cifar_chunks__cifar10_cnn round=4 (checkpoint deleted)
2026-08-05 17:26:27 EVALUATED cifar-full-out-replace__non-iid__vanilla__fedavg__clients-8__seed-43__nm0p01__clip5__rounds-20__epochs-5__cifar_chunks__cifar10_cnn round=5 (checkpoint deleted)
2026-08-05 17:26:32 EVALUATED cifar-full-out-replace__non-iid__vanilla__fedavg__clients-8__seed-43__nm0p01__clip5__rounds-20__epochs-5__cifar_chunks__cifar10_cnn round=6 (checkpoint deleted)
2026-08-05 17:26:37 EVALUATED cifar-full-out-replace__non-iid__vanilla__fedavg__clients-8__seed-43__nm0p01__clip5__rounds-20__epochs-5__cifar_chunks__cifar10_cnn round=7 (checkpoint deleted)
2026-08-05 17:26:43 EVALUATED cifar-full-out-replace__non-iid__vanilla__fedavg__clients-8__seed-43__nm0p01__clip5__rounds-20__epochs-5__cifar_chunks__cifar10_cnn round=8 (checkpoint deleted)
2026-08-05 17:26:48 EVALUATED cifar-full-out-replace__non-iid__vanilla__fedavg__clients-8__seed-43__nm0p01__clip5__rounds-20__epochs-5__cifar_chunks__cifar10_cnn round=9 (checkpoint deleted)
2026-08-05 17:26:53 EVALUATED cifar-full-out-replace__non-iid__vanilla__fedavg__clients-8__seed-43__nm0p01__clip5__rounds-20__epochs-5__cifar_chunks__cifar10_cnn round=10 (checkpoint deleted)
2026-08-05 17:26:58 EVALUATED cifar-full-out-replace__non-iid__vanilla__fedavg__clients-8__seed-43__nm0p01__clip5__rounds-20__epochs-5__cifar_chunks__cifar10_cnn round=11 (checkpoint deleted)
2026-08-05 17:27:03 EVALUATED cifar-full-out-replace__non-iid__vanilla__fedavg__clients-8__seed-43__nm0p01__clip5__rounds-20__epochs-5__cifar_chunks__cifar10_cnn round=12 (checkpoint deleted)
2026-08-05 17:27:09 EVALUATED cifar-full-out-replace__non-iid__vanilla__fedavg__clients-8__seed-43__nm0p01__clip5__rounds-20__epochs-5__cifar_chunks__cifar10_cnn round=13 (checkpoint deleted)
2026-08-05 17:27:14 EVALUATED cifar-full-out-replace__non-iid__vanilla__fedavg__clients-8__seed-43__nm0p01__clip5__rounds-20__epochs-5__cifar_chunks__cifar10_cnn round=14 (checkpoint deleted)
2026-08-05 17:27:19 EVALUATED cifar-full-out-replace__non-iid__vanilla__fedavg__clients-8__seed-43__nm0p01__clip5__rounds-20__epochs-5__cifar_chunks__cifar10_cnn round=15 (checkpoint deleted)
2026-08-05 17:27:24 EVALUATED cifar-full-out-replace__non-iid__vanilla__fedavg__clients-8__seed-43__nm0p01__clip5__rounds-20__epochs-5__cifar_chunks__cifar10_cnn round=16 (checkpoint deleted)
2026-08-05 17:27:29 EVALUATED cifar-full-out-replace__non-iid__vanilla__fedavg__clients-8__seed-43__nm0p01__clip5__rounds-20__epochs-5__cifar_chunks__cifar10_cnn round=17 (checkpoint deleted)
2026-08-05 17:27:34 EVALUATED cifar-full-out-replace__non-iid__vanilla__fedavg__clients-8__seed-43__nm0p01__clip5__rounds-20__epochs-5__cifar_chunks__cifar10_cnn round=18 (checkpoint deleted)
2026-08-05 17:27:40 EVALUATED cifar-full-out-replace__non-iid__vanilla__fedavg__clients-8__seed-43__nm0p01__clip5__rounds-20__epochs-5__cifar_chunks__cifar10_cnn round=19 (checkpoint deleted)
2026-08-05 17:27:45 EVALUATED cifar-full-out-replace__non-iid__vanilla__fedavg__clients-8__seed-43__nm0p01__clip5__rounds-20__epochs-5__cifar_chunks__cifar10_cnn round=20 (checkpoint deleted)
2026-08-05 17:27:45 PROGRESS 1/1 (0 failed so far)
2026-08-05 17:27:45 Sweep finished: 1/1 attempted, 0 failed
