2026-08-21 00:42:22 Fashion-MNIST stage (global-dp, homogeneous, seed=42, noise_ratio=0.0006691085733778867): 2 trajectories
2026-08-21 00:42:22 START fashion-mnist-in-remove__homogeneous__global-dp__fedavg__clients-48__seed-42__nm0p0321172__clip5__rounds-100__epochs-5__fashion_mnist_remove__fashion_mnist_cnn 
2026-08-21 00:58:14 DONE  fashion-mnist-in-remove__homogeneous__global-dp__fedavg__clients-48__seed-42__nm0p0321172__clip5__rounds-100__epochs-5__fashion_mnist_remove__fashion_mnist_cnn (951.9s)
2026-08-21 00:58:16 EVALUATED fashion-mnist-in-remove__homogeneous__global-dp__fedavg__clients-48__seed-42__nm0p0321172__clip5__rounds-100__epochs-5__fashion_mnist_remove__fashion_mnist_cnn round=1 (checkpoint deleted)
2026-08-21 00:58:19 EVALUATED fashion-mnist-in-remove__homogeneous__global-dp__fedavg__clients-48__seed-42__nm0p0321172__clip5__rounds-100__epochs-5__fashion_mnist_remove__fashion_mnist_cnn round=10 (checkpoint deleted)
2026-08-21 00:58:22 EVALUATED fashion-mnist-in-remove__homogeneous__global-dp__fedavg__clients-48__seed-42__nm0p0321172__clip5__rounds-100__epochs-5__fashion_mnist_remove__fashion_mnist_cnn round=20 (checkpoint deleted)
2026-08-21 00:58:25 EVALUATED fashion-mnist-in-remove__homogeneous__global-dp__fedavg__clients-48__seed-42__nm0p0321172__clip5__rounds-100__epochs-5__fashion_mnist_remove__fashion_mnist_cnn round=30 (checkpoint deleted)
2026-08-21 00:58:27 EVALUATED fashion-mnist-in-remove__homogeneous__global-dp__fedavg__clients-48__seed-42__nm0p0321172__clip5__rounds-100__epochs-5__fashion_mnist_remove__fashion_mnist_cnn round=40 (checkpoint deleted)
2026-08-21 00:58:30 EVALUATED fashion-mnist-in-remove__homogeneous__global-dp__fedavg__clients-48__seed-42__nm0p0321172__clip5__rounds-100__epochs-5__fashion_mnist_remove__fashion_mnist_cnn round=50 (checkpoint deleted)
2026-08-21 00:58:33 EVALUATED fashion-mnist-in-remove__homogeneous__global-dp__fedavg__clients-48__seed-42__nm0p0321172__clip5__rounds-100__epochs-5__fashion_mnist_remove__fashion_mnist_cnn round=60 (checkpoint deleted)
2026-08-21 00:58:36 EVALUATED fashion-mnist-in-remove__homogeneous__global-dp__fedavg__clients-48__seed-42__nm0p0321172__clip5__rounds-100__epochs-5__fashion_mnist_remove__fashion_mnist_cnn round=70 (checkpoint deleted)
2026-08-21 00:58:39 EVALUATED fashion-mnist-in-remove__homogeneous__global-dp__fedavg__clients-48__seed-42__nm0p0321172__clip5__rounds-100__epochs-5__fashion_mnist_remove__fashion_mnist_cnn round=80 (checkpoint deleted)
2026-08-21 00:58:41 EVALUATED fashion-mnist-in-remove__homogeneous__global-dp__fedavg__clients-48__seed-42__nm0p0321172__clip5__rounds-100__epochs-5__fashion_mnist_remove__fashion_mnist_cnn round=90 (checkpoint deleted)
2026-08-21 00:58:44 EVALUATED fashion-mnist-in-remove__homogeneous__global-dp__fedavg__clients-48__seed-42__nm0p0321172__clip5__rounds-100__epochs-5__fashion_mnist_remove__fashion_mnist_cnn round=100 (checkpoint deleted)
2026-08-21 00:58:44 PROGRESS 1/2 (0 failed so far)
2026-08-21 00:58:44 START fashion-mnist-out-remove__homogeneous__global-dp__fedavg__clients-47__seed-42__nm0p0314481__clip5__rounds-100__epochs-5__fashion_mnist_remove__fashion_mnist_cnn 
2026-08-21 01:14:21 DONE  fashion-mnist-out-remove__homogeneous__global-dp__fedavg__clients-47__seed-42__nm0p0314481__clip5__rounds-100__epochs-5__fashion_mnist_remove__fashion_mnist_cnn (936.7s)
2026-08-21 01:14:23 EVALUATED fashion-mnist-out-remove__homogeneous__global-dp__fedavg__clients-47__seed-42__nm0p0314481__clip5__rounds-100__epochs-5__fashion_mnist_remove__fashion_mnist_cnn round=1 (checkpoint deleted)
2026-08-21 01:14:26 EVALUATED fashion-mnist-out-remove__homogeneous__global-dp__fedavg__clients-47__seed-42__nm0p0314481__clip5__rounds-100__epochs-5__fashion_mnist_remove__fashion_mnist_cnn round=10 (checkpoint deleted)
2026-08-21 01:14:29 EVALUATED fashion-mnist-out-remove__homogeneous__global-dp__fedavg__clients-47__seed-42__nm0p0314481__clip5__rounds-100__epochs-5__fashion_mnist_remove__fashion_mnist_cnn round=20 (checkpoint deleted)
2026-08-21 01:14:31 EVALUATED fashion-mnist-out-remove__homogeneous__global-dp__fedavg__clients-47__seed-42__nm0p0314481__clip5__rounds-100__epochs-5__fashion_mnist_remove__fashion_mnist_cnn round=30 (checkpoint deleted)
2026-08-21 01:14:34 EVALUATED fashion-mnist-out-remove__homogeneous__global-dp__fedavg__clients-47__seed-42__nm0p0314481__clip5__rounds-100__epochs-5__fashion_mnist_remove__fashion_mnist_cnn round=40 (checkpoint deleted)
2026-08-21 01:14:37 EVALUATED fashion-mnist-out-remove__homogeneous__global-dp__fedavg__clients-47__seed-42__nm0p0314481__clip5__rounds-100__epochs-5__fashion_mnist_remove__fashion_mnist_cnn round=50 (checkpoint deleted)
2026-08-21 01:14:40 EVALUATED fashion-mnist-out-remove__homogeneous__global-dp__fedavg__clients-47__seed-42__nm0p0314481__clip5__rounds-100__epochs-5__fashion_mnist_remove__fashion_mnist_cnn round=60 (checkpoint deleted)
2026-08-21 01:14:42 EVALUATED fashion-mnist-out-remove__homogeneous__global-dp__fedavg__clients-47__seed-42__nm0p0314481__clip5__rounds-100__epochs-5__fashion_mnist_remove__fashion_mnist_cnn round=70 (checkpoint deleted)
2026-08-21 01:14:45 EVALUATED fashion-mnist-out-remove__homogeneous__global-dp__fedavg__clients-47__seed-42__nm0p0314481__clip5__rounds-100__epochs-5__fashion_mnist_remove__fashion_mnist_cnn round=80 (checkpoint deleted)
2026-08-21 01:14:48 EVALUATED fashion-mnist-out-remove__homogeneous__global-dp__fedavg__clients-47__seed-42__nm0p0314481__clip5__rounds-100__epochs-5__fashion_mnist_remove__fashion_mnist_cnn round=90 (checkpoint deleted)
2026-08-21 01:14:51 EVALUATED fashion-mnist-out-remove__homogeneous__global-dp__fedavg__clients-47__seed-42__nm0p0314481__clip5__rounds-100__epochs-5__fashion_mnist_remove__fashion_mnist_cnn round=100 (checkpoint deleted)
2026-08-21 01:14:51 PROGRESS 2/2 (0 failed so far)
2026-08-21 01:14:51 Sweep finished: 2/2 attempted, 0 failed
