2026-08-05 17:29:43 Starting full chunk: 1 trajectories
2026-08-05 17:29:43 START cifar-full-in-replace__non-iid__vanilla__fedavg__clients-8__seed-44__nm0p01__clip5__rounds-20__epochs-5__cifar_chunks__cifar10_cnn 
2026-08-05 17:34:09 DONE  cifar-full-in-replace__non-iid__vanilla__fedavg__clients-8__seed-44__nm0p01__clip5__rounds-20__epochs-5__cifar_chunks__cifar10_cnn (266.1s)
2026-08-05 17:34:14 EVALUATED cifar-full-in-replace__non-iid__vanilla__fedavg__clients-8__seed-44__nm0p01__clip5__rounds-20__epochs-5__cifar_chunks__cifar10_cnn round=1 (checkpoint deleted)
2026-08-05 17:34:19 EVALUATED cifar-full-in-replace__non-iid__vanilla__fedavg__clients-8__seed-44__nm0p01__clip5__rounds-20__epochs-5__cifar_chunks__cifar10_cnn round=2 (checkpoint deleted)
2026-08-05 17:34:23 EVALUATED cifar-full-in-replace__non-iid__vanilla__fedavg__clients-8__seed-44__nm0p01__clip5__rounds-20__epochs-5__cifar_chunks__cifar10_cnn round=3 (checkpoint deleted)
2026-08-05 17:34:28 EVALUATED cifar-full-in-replace__non-iid__vanilla__fedavg__clients-8__seed-44__nm0p01__clip5__rounds-20__epochs-5__cifar_chunks__cifar10_cnn round=4 (checkpoint deleted)
2026-08-05 17:34:32 EVALUATED cifar-full-in-replace__non-iid__vanilla__fedavg__clients-8__seed-44__nm0p01__clip5__rounds-20__epochs-5__cifar_chunks__cifar10_cnn round=5 (checkpoint deleted)
2026-08-05 17:34:37 EVALUATED cifar-full-in-replace__non-iid__vanilla__fedavg__clients-8__seed-44__nm0p01__clip5__rounds-20__epochs-5__cifar_chunks__cifar10_cnn round=6 (checkpoint deleted)
2026-08-05 17:34:41 EVALUATED cifar-full-in-replace__non-iid__vanilla__fedavg__clients-8__seed-44__nm0p01__clip5__rounds-20__epochs-5__cifar_chunks__cifar10_cnn round=7 (checkpoint deleted)
2026-08-05 17:34:45 EVALUATED cifar-full-in-replace__non-iid__vanilla__fedavg__clients-8__seed-44__nm0p01__clip5__rounds-20__epochs-5__cifar_chunks__cifar10_cnn round=8 (checkpoint deleted)
2026-08-05 17:34:50 EVALUATED cifar-full-in-replace__non-iid__vanilla__fedavg__clients-8__seed-44__nm0p01__clip5__rounds-20__epochs-5__cifar_chunks__cifar10_cnn round=9 (checkpoint deleted)
2026-08-05 17:34:54 EVALUATED cifar-full-in-replace__non-iid__vanilla__fedavg__clients-8__seed-44__nm0p01__clip5__rounds-20__epochs-5__cifar_chunks__cifar10_cnn round=10 (checkpoint deleted)
2026-08-05 17:34:59 EVALUATED cifar-full-in-replace__non-iid__vanilla__fedavg__clients-8__seed-44__nm0p01__clip5__rounds-20__epochs-5__cifar_chunks__cifar10_cnn round=11 (checkpoint deleted)
2026-08-05 17:35:03 EVALUATED cifar-full-in-replace__non-iid__vanilla__fedavg__clients-8__seed-44__nm0p01__clip5__rounds-20__epochs-5__cifar_chunks__cifar10_cnn round=12 (checkpoint deleted)
2026-08-05 17:35:08 EVALUATED cifar-full-in-replace__non-iid__vanilla__fedavg__clients-8__seed-44__nm0p01__clip5__rounds-20__epochs-5__cifar_chunks__cifar10_cnn round=13 (checkpoint deleted)
2026-08-05 17:35:12 EVALUATED cifar-full-in-replace__non-iid__vanilla__fedavg__clients-8__seed-44__nm0p01__clip5__rounds-20__epochs-5__cifar_chunks__cifar10_cnn round=14 (checkpoint deleted)
2026-08-05 17:35:17 EVALUATED cifar-full-in-replace__non-iid__vanilla__fedavg__clients-8__seed-44__nm0p01__clip5__rounds-20__epochs-5__cifar_chunks__cifar10_cnn round=15 (checkpoint deleted)
2026-08-05 17:35:21 EVALUATED cifar-full-in-replace__non-iid__vanilla__fedavg__clients-8__seed-44__nm0p01__clip5__rounds-20__epochs-5__cifar_chunks__cifar10_cnn round=16 (checkpoint deleted)
2026-08-05 17:35:25 EVALUATED cifar-full-in-replace__non-iid__vanilla__fedavg__clients-8__seed-44__nm0p01__clip5__rounds-20__epochs-5__cifar_chunks__cifar10_cnn round=17 (checkpoint deleted)
2026-08-05 17:35:30 EVALUATED cifar-full-in-replace__non-iid__vanilla__fedavg__clients-8__seed-44__nm0p01__clip5__rounds-20__epochs-5__cifar_chunks__cifar10_cnn round=18 (checkpoint deleted)
2026-08-05 17:35:34 EVALUATED cifar-full-in-replace__non-iid__vanilla__fedavg__clients-8__seed-44__nm0p01__clip5__rounds-20__epochs-5__cifar_chunks__cifar10_cnn round=19 (checkpoint deleted)
2026-08-05 17:35:39 EVALUATED cifar-full-in-replace__non-iid__vanilla__fedavg__clients-8__seed-44__nm0p01__clip5__rounds-20__epochs-5__cifar_chunks__cifar10_cnn round=20 (checkpoint deleted)
2026-08-05 17:35:39 PROGRESS 1/1 (0 failed so far)
2026-08-05 17:35:39 Sweep finished: 1/1 attempted, 0 failed
