2026-08-13 23:17:19 CIFAR-10 removal CIA chunk (global-dp, clients=8, noise_ratio=0.00625): 2 trajectories
2026-08-13 23:17:19 START cifar10-in-remove__non-iid__global-dp__fedavg__clients-8__seed-42__nm0p05__clip5__rounds-20__epochs-5__cifar10_remove__cifar10_cnn 
2026-08-13 23:29:00 DONE  cifar10-in-remove__non-iid__global-dp__fedavg__clients-8__seed-42__nm0p05__clip5__rounds-20__epochs-5__cifar10_remove__cifar10_cnn (701.0s)
2026-08-13 23:29:11 EVALUATED cifar10-in-remove__non-iid__global-dp__fedavg__clients-8__seed-42__nm0p05__clip5__rounds-20__epochs-5__cifar10_remove__cifar10_cnn round=1 (checkpoint deleted)
2026-08-13 23:29:18 EVALUATED cifar10-in-remove__non-iid__global-dp__fedavg__clients-8__seed-42__nm0p05__clip5__rounds-20__epochs-5__cifar10_remove__cifar10_cnn round=2 (checkpoint deleted)
2026-08-13 23:29:26 EVALUATED cifar10-in-remove__non-iid__global-dp__fedavg__clients-8__seed-42__nm0p05__clip5__rounds-20__epochs-5__cifar10_remove__cifar10_cnn round=3 (checkpoint deleted)
2026-08-13 23:29:33 EVALUATED cifar10-in-remove__non-iid__global-dp__fedavg__clients-8__seed-42__nm0p05__clip5__rounds-20__epochs-5__cifar10_remove__cifar10_cnn round=4 (checkpoint deleted)
2026-08-13 23:29:40 EVALUATED cifar10-in-remove__non-iid__global-dp__fedavg__clients-8__seed-42__nm0p05__clip5__rounds-20__epochs-5__cifar10_remove__cifar10_cnn round=5 (checkpoint deleted)
2026-08-13 23:29:48 EVALUATED cifar10-in-remove__non-iid__global-dp__fedavg__clients-8__seed-42__nm0p05__clip5__rounds-20__epochs-5__cifar10_remove__cifar10_cnn round=6 (checkpoint deleted)
2026-08-13 23:29:55 EVALUATED cifar10-in-remove__non-iid__global-dp__fedavg__clients-8__seed-42__nm0p05__clip5__rounds-20__epochs-5__cifar10_remove__cifar10_cnn round=7 (checkpoint deleted)
2026-08-13 23:30:02 EVALUATED cifar10-in-remove__non-iid__global-dp__fedavg__clients-8__seed-42__nm0p05__clip5__rounds-20__epochs-5__cifar10_remove__cifar10_cnn round=8 (checkpoint deleted)
2026-08-13 23:30:10 EVALUATED cifar10-in-remove__non-iid__global-dp__fedavg__clients-8__seed-42__nm0p05__clip5__rounds-20__epochs-5__cifar10_remove__cifar10_cnn round=9 (checkpoint deleted)
2026-08-13 23:30:17 EVALUATED cifar10-in-remove__non-iid__global-dp__fedavg__clients-8__seed-42__nm0p05__clip5__rounds-20__epochs-5__cifar10_remove__cifar10_cnn round=10 (checkpoint deleted)
2026-08-13 23:30:24 EVALUATED cifar10-in-remove__non-iid__global-dp__fedavg__clients-8__seed-42__nm0p05__clip5__rounds-20__epochs-5__cifar10_remove__cifar10_cnn round=11 (checkpoint deleted)
2026-08-13 23:30:31 EVALUATED cifar10-in-remove__non-iid__global-dp__fedavg__clients-8__seed-42__nm0p05__clip5__rounds-20__epochs-5__cifar10_remove__cifar10_cnn round=12 (checkpoint deleted)
2026-08-13 23:30:39 EVALUATED cifar10-in-remove__non-iid__global-dp__fedavg__clients-8__seed-42__nm0p05__clip5__rounds-20__epochs-5__cifar10_remove__cifar10_cnn round=13 (checkpoint deleted)
2026-08-13 23:30:46 EVALUATED cifar10-in-remove__non-iid__global-dp__fedavg__clients-8__seed-42__nm0p05__clip5__rounds-20__epochs-5__cifar10_remove__cifar10_cnn round=14 (checkpoint deleted)
2026-08-13 23:30:53 EVALUATED cifar10-in-remove__non-iid__global-dp__fedavg__clients-8__seed-42__nm0p05__clip5__rounds-20__epochs-5__cifar10_remove__cifar10_cnn round=15 (checkpoint deleted)
2026-08-13 23:31:00 EVALUATED cifar10-in-remove__non-iid__global-dp__fedavg__clients-8__seed-42__nm0p05__clip5__rounds-20__epochs-5__cifar10_remove__cifar10_cnn round=16 (checkpoint deleted)
2026-08-13 23:31:08 EVALUATED cifar10-in-remove__non-iid__global-dp__fedavg__clients-8__seed-42__nm0p05__clip5__rounds-20__epochs-5__cifar10_remove__cifar10_cnn round=17 (checkpoint deleted)
2026-08-13 23:31:15 EVALUATED cifar10-in-remove__non-iid__global-dp__fedavg__clients-8__seed-42__nm0p05__clip5__rounds-20__epochs-5__cifar10_remove__cifar10_cnn round=18 (checkpoint deleted)
2026-08-13 23:31:22 EVALUATED cifar10-in-remove__non-iid__global-dp__fedavg__clients-8__seed-42__nm0p05__clip5__rounds-20__epochs-5__cifar10_remove__cifar10_cnn round=19 (checkpoint deleted)
2026-08-13 23:31:29 EVALUATED cifar10-in-remove__non-iid__global-dp__fedavg__clients-8__seed-42__nm0p05__clip5__rounds-20__epochs-5__cifar10_remove__cifar10_cnn round=20 (checkpoint deleted)
2026-08-13 23:31:29 PROGRESS 1/2 (0 failed so far)
2026-08-13 23:31:29 START cifar10-out-remove__non-iid__global-dp__fedavg__clients-7__seed-42__nm0p04375__clip5__rounds-20__epochs-5__cifar10_remove__cifar10_cnn 
2026-08-13 23:42:43 DONE  cifar10-out-remove__non-iid__global-dp__fedavg__clients-7__seed-42__nm0p04375__clip5__rounds-20__epochs-5__cifar10_remove__cifar10_cnn (673.3s)
2026-08-13 23:42:50 EVALUATED cifar10-out-remove__non-iid__global-dp__fedavg__clients-7__seed-42__nm0p04375__clip5__rounds-20__epochs-5__cifar10_remove__cifar10_cnn round=1 (checkpoint deleted)
2026-08-13 23:42:57 EVALUATED cifar10-out-remove__non-iid__global-dp__fedavg__clients-7__seed-42__nm0p04375__clip5__rounds-20__epochs-5__cifar10_remove__cifar10_cnn round=2 (checkpoint deleted)
2026-08-13 23:43:05 EVALUATED cifar10-out-remove__non-iid__global-dp__fedavg__clients-7__seed-42__nm0p04375__clip5__rounds-20__epochs-5__cifar10_remove__cifar10_cnn round=3 (checkpoint deleted)
2026-08-13 23:43:12 EVALUATED cifar10-out-remove__non-iid__global-dp__fedavg__clients-7__seed-42__nm0p04375__clip5__rounds-20__epochs-5__cifar10_remove__cifar10_cnn round=4 (checkpoint deleted)
2026-08-13 23:43:19 EVALUATED cifar10-out-remove__non-iid__global-dp__fedavg__clients-7__seed-42__nm0p04375__clip5__rounds-20__epochs-5__cifar10_remove__cifar10_cnn round=5 (checkpoint deleted)
2026-08-13 23:43:27 EVALUATED cifar10-out-remove__non-iid__global-dp__fedavg__clients-7__seed-42__nm0p04375__clip5__rounds-20__epochs-5__cifar10_remove__cifar10_cnn round=6 (checkpoint deleted)
2026-08-13 23:43:34 EVALUATED cifar10-out-remove__non-iid__global-dp__fedavg__clients-7__seed-42__nm0p04375__clip5__rounds-20__epochs-5__cifar10_remove__cifar10_cnn round=7 (checkpoint deleted)
2026-08-13 23:43:41 EVALUATED cifar10-out-remove__non-iid__global-dp__fedavg__clients-7__seed-42__nm0p04375__clip5__rounds-20__epochs-5__cifar10_remove__cifar10_cnn round=8 (checkpoint deleted)
2026-08-13 23:43:48 EVALUATED cifar10-out-remove__non-iid__global-dp__fedavg__clients-7__seed-42__nm0p04375__clip5__rounds-20__epochs-5__cifar10_remove__cifar10_cnn round=9 (checkpoint deleted)
2026-08-13 23:43:55 EVALUATED cifar10-out-remove__non-iid__global-dp__fedavg__clients-7__seed-42__nm0p04375__clip5__rounds-20__epochs-5__cifar10_remove__cifar10_cnn round=10 (checkpoint deleted)
2026-08-13 23:44:03 EVALUATED cifar10-out-remove__non-iid__global-dp__fedavg__clients-7__seed-42__nm0p04375__clip5__rounds-20__epochs-5__cifar10_remove__cifar10_cnn round=11 (checkpoint deleted)
2026-08-13 23:44:10 EVALUATED cifar10-out-remove__non-iid__global-dp__fedavg__clients-7__seed-42__nm0p04375__clip5__rounds-20__epochs-5__cifar10_remove__cifar10_cnn round=12 (checkpoint deleted)
2026-08-13 23:44:17 EVALUATED cifar10-out-remove__non-iid__global-dp__fedavg__clients-7__seed-42__nm0p04375__clip5__rounds-20__epochs-5__cifar10_remove__cifar10_cnn round=13 (checkpoint deleted)
2026-08-13 23:44:24 EVALUATED cifar10-out-remove__non-iid__global-dp__fedavg__clients-7__seed-42__nm0p04375__clip5__rounds-20__epochs-5__cifar10_remove__cifar10_cnn round=14 (checkpoint deleted)
2026-08-13 23:44:32 EVALUATED cifar10-out-remove__non-iid__global-dp__fedavg__clients-7__seed-42__nm0p04375__clip5__rounds-20__epochs-5__cifar10_remove__cifar10_cnn round=15 (checkpoint deleted)
2026-08-13 23:44:39 EVALUATED cifar10-out-remove__non-iid__global-dp__fedavg__clients-7__seed-42__nm0p04375__clip5__rounds-20__epochs-5__cifar10_remove__cifar10_cnn round=16 (checkpoint deleted)
2026-08-13 23:44:46 EVALUATED cifar10-out-remove__non-iid__global-dp__fedavg__clients-7__seed-42__nm0p04375__clip5__rounds-20__epochs-5__cifar10_remove__cifar10_cnn round=17 (checkpoint deleted)
2026-08-13 23:44:54 EVALUATED cifar10-out-remove__non-iid__global-dp__fedavg__clients-7__seed-42__nm0p04375__clip5__rounds-20__epochs-5__cifar10_remove__cifar10_cnn round=18 (checkpoint deleted)
2026-08-13 23:45:01 EVALUATED cifar10-out-remove__non-iid__global-dp__fedavg__clients-7__seed-42__nm0p04375__clip5__rounds-20__epochs-5__cifar10_remove__cifar10_cnn round=19 (checkpoint deleted)
2026-08-13 23:45:08 EVALUATED cifar10-out-remove__non-iid__global-dp__fedavg__clients-7__seed-42__nm0p04375__clip5__rounds-20__epochs-5__cifar10_remove__cifar10_cnn round=20 (checkpoint deleted)
2026-08-13 23:45:08 PROGRESS 2/2 (0 failed so far)
2026-08-13 23:45:08 Sweep finished: 2/2 attempted, 0 failed
