2026-08-21 10:34:56 Fashion-MNIST stage (metric-privacy, non-iid, seed=42, noise_ratio=0.0006691085733778867): 2 trajectories
2026-08-21 10:34:56 START fashion-mnist-in-remove__non-iid__metric-privacy__fedavg__clients-48__seed-42__nm0p0321172__clip5__rounds-100__epochs-5__fashion_mnist_remove__fashion_mnist_cnn 
2026-08-21 10:51:34 DONE  fashion-mnist-in-remove__non-iid__metric-privacy__fedavg__clients-48__seed-42__nm0p0321172__clip5__rounds-100__epochs-5__fashion_mnist_remove__fashion_mnist_cnn (997.7s)
2026-08-21 10:51:39 EVALUATED fashion-mnist-in-remove__non-iid__metric-privacy__fedavg__clients-48__seed-42__nm0p0321172__clip5__rounds-100__epochs-5__fashion_mnist_remove__fashion_mnist_cnn round=1 (checkpoint deleted)
2026-08-21 10:51:42 EVALUATED fashion-mnist-in-remove__non-iid__metric-privacy__fedavg__clients-48__seed-42__nm0p0321172__clip5__rounds-100__epochs-5__fashion_mnist_remove__fashion_mnist_cnn round=10 (checkpoint deleted)
2026-08-21 10:51:44 EVALUATED fashion-mnist-in-remove__non-iid__metric-privacy__fedavg__clients-48__seed-42__nm0p0321172__clip5__rounds-100__epochs-5__fashion_mnist_remove__fashion_mnist_cnn round=20 (checkpoint deleted)
2026-08-21 10:51:47 EVALUATED fashion-mnist-in-remove__non-iid__metric-privacy__fedavg__clients-48__seed-42__nm0p0321172__clip5__rounds-100__epochs-5__fashion_mnist_remove__fashion_mnist_cnn round=30 (checkpoint deleted)
2026-08-21 10:51:50 EVALUATED fashion-mnist-in-remove__non-iid__metric-privacy__fedavg__clients-48__seed-42__nm0p0321172__clip5__rounds-100__epochs-5__fashion_mnist_remove__fashion_mnist_cnn round=40 (checkpoint deleted)
2026-08-21 10:51:53 EVALUATED fashion-mnist-in-remove__non-iid__metric-privacy__fedavg__clients-48__seed-42__nm0p0321172__clip5__rounds-100__epochs-5__fashion_mnist_remove__fashion_mnist_cnn round=50 (checkpoint deleted)
2026-08-21 10:51:55 EVALUATED fashion-mnist-in-remove__non-iid__metric-privacy__fedavg__clients-48__seed-42__nm0p0321172__clip5__rounds-100__epochs-5__fashion_mnist_remove__fashion_mnist_cnn round=60 (checkpoint deleted)
2026-08-21 10:51:58 EVALUATED fashion-mnist-in-remove__non-iid__metric-privacy__fedavg__clients-48__seed-42__nm0p0321172__clip5__rounds-100__epochs-5__fashion_mnist_remove__fashion_mnist_cnn round=70 (checkpoint deleted)
2026-08-21 10:52:01 EVALUATED fashion-mnist-in-remove__non-iid__metric-privacy__fedavg__clients-48__seed-42__nm0p0321172__clip5__rounds-100__epochs-5__fashion_mnist_remove__fashion_mnist_cnn round=80 (checkpoint deleted)
2026-08-21 10:52:04 EVALUATED fashion-mnist-in-remove__non-iid__metric-privacy__fedavg__clients-48__seed-42__nm0p0321172__clip5__rounds-100__epochs-5__fashion_mnist_remove__fashion_mnist_cnn round=90 (checkpoint deleted)
2026-08-21 10:52:07 EVALUATED fashion-mnist-in-remove__non-iid__metric-privacy__fedavg__clients-48__seed-42__nm0p0321172__clip5__rounds-100__epochs-5__fashion_mnist_remove__fashion_mnist_cnn round=100 (checkpoint deleted)
2026-08-21 10:52:07 PROGRESS 1/2 (0 failed so far)
2026-08-21 10:52:07 START fashion-mnist-out-remove__non-iid__metric-privacy__fedavg__clients-47__seed-42__nm0p0314481__clip5__rounds-100__epochs-5__fashion_mnist_remove__fashion_mnist_cnn 
2026-08-21 11:08:27 DONE  fashion-mnist-out-remove__non-iid__metric-privacy__fedavg__clients-47__seed-42__nm0p0314481__clip5__rounds-100__epochs-5__fashion_mnist_remove__fashion_mnist_cnn (980.7s)
2026-08-21 11:08:30 EVALUATED fashion-mnist-out-remove__non-iid__metric-privacy__fedavg__clients-47__seed-42__nm0p0314481__clip5__rounds-100__epochs-5__fashion_mnist_remove__fashion_mnist_cnn round=1 (checkpoint deleted)
2026-08-21 11:08:33 EVALUATED fashion-mnist-out-remove__non-iid__metric-privacy__fedavg__clients-47__seed-42__nm0p0314481__clip5__rounds-100__epochs-5__fashion_mnist_remove__fashion_mnist_cnn round=10 (checkpoint deleted)
2026-08-21 11:08:36 EVALUATED fashion-mnist-out-remove__non-iid__metric-privacy__fedavg__clients-47__seed-42__nm0p0314481__clip5__rounds-100__epochs-5__fashion_mnist_remove__fashion_mnist_cnn round=20 (checkpoint deleted)
2026-08-21 11:08:38 EVALUATED fashion-mnist-out-remove__non-iid__metric-privacy__fedavg__clients-47__seed-42__nm0p0314481__clip5__rounds-100__epochs-5__fashion_mnist_remove__fashion_mnist_cnn round=30 (checkpoint deleted)
2026-08-21 11:08:41 EVALUATED fashion-mnist-out-remove__non-iid__metric-privacy__fedavg__clients-47__seed-42__nm0p0314481__clip5__rounds-100__epochs-5__fashion_mnist_remove__fashion_mnist_cnn round=40 (checkpoint deleted)
2026-08-21 11:08:44 EVALUATED fashion-mnist-out-remove__non-iid__metric-privacy__fedavg__clients-47__seed-42__nm0p0314481__clip5__rounds-100__epochs-5__fashion_mnist_remove__fashion_mnist_cnn round=50 (checkpoint deleted)
2026-08-21 11:08:47 EVALUATED fashion-mnist-out-remove__non-iid__metric-privacy__fedavg__clients-47__seed-42__nm0p0314481__clip5__rounds-100__epochs-5__fashion_mnist_remove__fashion_mnist_cnn round=60 (checkpoint deleted)
2026-08-21 11:08:49 EVALUATED fashion-mnist-out-remove__non-iid__metric-privacy__fedavg__clients-47__seed-42__nm0p0314481__clip5__rounds-100__epochs-5__fashion_mnist_remove__fashion_mnist_cnn round=70 (checkpoint deleted)
2026-08-21 11:08:52 EVALUATED fashion-mnist-out-remove__non-iid__metric-privacy__fedavg__clients-47__seed-42__nm0p0314481__clip5__rounds-100__epochs-5__fashion_mnist_remove__fashion_mnist_cnn round=80 (checkpoint deleted)
2026-08-21 11:08:55 EVALUATED fashion-mnist-out-remove__non-iid__metric-privacy__fedavg__clients-47__seed-42__nm0p0314481__clip5__rounds-100__epochs-5__fashion_mnist_remove__fashion_mnist_cnn round=90 (checkpoint deleted)
2026-08-21 11:08:58 EVALUATED fashion-mnist-out-remove__non-iid__metric-privacy__fedavg__clients-47__seed-42__nm0p0314481__clip5__rounds-100__epochs-5__fashion_mnist_remove__fashion_mnist_cnn round=100 (checkpoint deleted)
2026-08-21 11:08:58 PROGRESS 2/2 (0 failed so far)
2026-08-21 11:08:58 Sweep finished: 2/2 attempted, 0 failed
2026-08-21 11:08:58 Fashion-MNIST stage (metric-privacy, non-iid, seed=42, noise_ratio=0.0006691085733778867): 2 trajectories
2026-08-21 11:08:58 SKIP  2 combinations (attack results already exist)
2026-08-21 11:08:58 Sweep finished: 2/2 attempted, 0 failed
