2026-08-05 16:57:28 Starting full chunk: 2 trajectories
2026-08-05 16:57:28 START cifar-full-in-replace__non-iid__global-dp__fedavg__clients-3__seed-44__nm0p01875__clip5__rounds-20__epochs-5__cifar_chunks__cifar10_cnn 
2026-08-05 17:01:36 DONE  cifar-full-in-replace__non-iid__global-dp__fedavg__clients-3__seed-44__nm0p01875__clip5__rounds-20__epochs-5__cifar_chunks__cifar10_cnn (248.0s)
2026-08-05 17:01:45 EVALUATED cifar-full-in-replace__non-iid__global-dp__fedavg__clients-3__seed-44__nm0p01875__clip5__rounds-20__epochs-5__cifar_chunks__cifar10_cnn round=1 (checkpoint deleted)
2026-08-05 17:01:51 EVALUATED cifar-full-in-replace__non-iid__global-dp__fedavg__clients-3__seed-44__nm0p01875__clip5__rounds-20__epochs-5__cifar_chunks__cifar10_cnn round=2 (checkpoint deleted)
2026-08-05 17:01:56 EVALUATED cifar-full-in-replace__non-iid__global-dp__fedavg__clients-3__seed-44__nm0p01875__clip5__rounds-20__epochs-5__cifar_chunks__cifar10_cnn round=3 (checkpoint deleted)
2026-08-05 17:02:02 EVALUATED cifar-full-in-replace__non-iid__global-dp__fedavg__clients-3__seed-44__nm0p01875__clip5__rounds-20__epochs-5__cifar_chunks__cifar10_cnn round=4 (checkpoint deleted)
2026-08-05 17:02:07 EVALUATED cifar-full-in-replace__non-iid__global-dp__fedavg__clients-3__seed-44__nm0p01875__clip5__rounds-20__epochs-5__cifar_chunks__cifar10_cnn round=5 (checkpoint deleted)
2026-08-05 17:02:13 EVALUATED cifar-full-in-replace__non-iid__global-dp__fedavg__clients-3__seed-44__nm0p01875__clip5__rounds-20__epochs-5__cifar_chunks__cifar10_cnn round=6 (checkpoint deleted)
2026-08-05 17:02:18 EVALUATED cifar-full-in-replace__non-iid__global-dp__fedavg__clients-3__seed-44__nm0p01875__clip5__rounds-20__epochs-5__cifar_chunks__cifar10_cnn round=7 (checkpoint deleted)
2026-08-05 17:02:24 EVALUATED cifar-full-in-replace__non-iid__global-dp__fedavg__clients-3__seed-44__nm0p01875__clip5__rounds-20__epochs-5__cifar_chunks__cifar10_cnn round=8 (checkpoint deleted)
2026-08-05 17:02:29 EVALUATED cifar-full-in-replace__non-iid__global-dp__fedavg__clients-3__seed-44__nm0p01875__clip5__rounds-20__epochs-5__cifar_chunks__cifar10_cnn round=9 (checkpoint deleted)
2026-08-05 17:02:35 EVALUATED cifar-full-in-replace__non-iid__global-dp__fedavg__clients-3__seed-44__nm0p01875__clip5__rounds-20__epochs-5__cifar_chunks__cifar10_cnn round=10 (checkpoint deleted)
2026-08-05 17:02:40 EVALUATED cifar-full-in-replace__non-iid__global-dp__fedavg__clients-3__seed-44__nm0p01875__clip5__rounds-20__epochs-5__cifar_chunks__cifar10_cnn round=11 (checkpoint deleted)
2026-08-05 17:02:46 EVALUATED cifar-full-in-replace__non-iid__global-dp__fedavg__clients-3__seed-44__nm0p01875__clip5__rounds-20__epochs-5__cifar_chunks__cifar10_cnn round=12 (checkpoint deleted)
2026-08-05 17:02:51 EVALUATED cifar-full-in-replace__non-iid__global-dp__fedavg__clients-3__seed-44__nm0p01875__clip5__rounds-20__epochs-5__cifar_chunks__cifar10_cnn round=13 (checkpoint deleted)
2026-08-05 17:02:57 EVALUATED cifar-full-in-replace__non-iid__global-dp__fedavg__clients-3__seed-44__nm0p01875__clip5__rounds-20__epochs-5__cifar_chunks__cifar10_cnn round=14 (checkpoint deleted)
2026-08-05 17:03:03 EVALUATED cifar-full-in-replace__non-iid__global-dp__fedavg__clients-3__seed-44__nm0p01875__clip5__rounds-20__epochs-5__cifar_chunks__cifar10_cnn round=15 (checkpoint deleted)
2026-08-05 17:03:08 EVALUATED cifar-full-in-replace__non-iid__global-dp__fedavg__clients-3__seed-44__nm0p01875__clip5__rounds-20__epochs-5__cifar_chunks__cifar10_cnn round=16 (checkpoint deleted)
2026-08-05 17:03:14 EVALUATED cifar-full-in-replace__non-iid__global-dp__fedavg__clients-3__seed-44__nm0p01875__clip5__rounds-20__epochs-5__cifar_chunks__cifar10_cnn round=17 (checkpoint deleted)
2026-08-05 17:03:19 EVALUATED cifar-full-in-replace__non-iid__global-dp__fedavg__clients-3__seed-44__nm0p01875__clip5__rounds-20__epochs-5__cifar_chunks__cifar10_cnn round=18 (checkpoint deleted)
2026-08-05 17:03:25 EVALUATED cifar-full-in-replace__non-iid__global-dp__fedavg__clients-3__seed-44__nm0p01875__clip5__rounds-20__epochs-5__cifar_chunks__cifar10_cnn round=19 (checkpoint deleted)
2026-08-05 17:03:30 EVALUATED cifar-full-in-replace__non-iid__global-dp__fedavg__clients-3__seed-44__nm0p01875__clip5__rounds-20__epochs-5__cifar_chunks__cifar10_cnn round=20 (checkpoint deleted)
2026-08-05 17:03:30 PROGRESS 1/2 (0 failed so far)
2026-08-05 17:03:30 START cifar-full-in-replace__non-iid__metric-privacy__fedavg__clients-3__seed-44__nm0p01875__clip5__rounds-20__epochs-5__cifar_chunks__cifar10_cnn 
2026-08-05 17:07:41 DONE  cifar-full-in-replace__non-iid__metric-privacy__fedavg__clients-3__seed-44__nm0p01875__clip5__rounds-20__epochs-5__cifar_chunks__cifar10_cnn (250.6s)
2026-08-05 17:07:47 EVALUATED cifar-full-in-replace__non-iid__metric-privacy__fedavg__clients-3__seed-44__nm0p01875__clip5__rounds-20__epochs-5__cifar_chunks__cifar10_cnn round=1 (checkpoint deleted)
2026-08-05 17:07:52 EVALUATED cifar-full-in-replace__non-iid__metric-privacy__fedavg__clients-3__seed-44__nm0p01875__clip5__rounds-20__epochs-5__cifar_chunks__cifar10_cnn round=2 (checkpoint deleted)
2026-08-05 17:07:58 EVALUATED cifar-full-in-replace__non-iid__metric-privacy__fedavg__clients-3__seed-44__nm0p01875__clip5__rounds-20__epochs-5__cifar_chunks__cifar10_cnn round=3 (checkpoint deleted)
2026-08-05 17:08:03 EVALUATED cifar-full-in-replace__non-iid__metric-privacy__fedavg__clients-3__seed-44__nm0p01875__clip5__rounds-20__epochs-5__cifar_chunks__cifar10_cnn round=4 (checkpoint deleted)
2026-08-05 17:08:09 EVALUATED cifar-full-in-replace__non-iid__metric-privacy__fedavg__clients-3__seed-44__nm0p01875__clip5__rounds-20__epochs-5__cifar_chunks__cifar10_cnn round=5 (checkpoint deleted)
2026-08-05 17:08:15 EVALUATED cifar-full-in-replace__non-iid__metric-privacy__fedavg__clients-3__seed-44__nm0p01875__clip5__rounds-20__epochs-5__cifar_chunks__cifar10_cnn round=6 (checkpoint deleted)
2026-08-05 17:08:20 EVALUATED cifar-full-in-replace__non-iid__metric-privacy__fedavg__clients-3__seed-44__nm0p01875__clip5__rounds-20__epochs-5__cifar_chunks__cifar10_cnn round=7 (checkpoint deleted)
2026-08-05 17:08:26 EVALUATED cifar-full-in-replace__non-iid__metric-privacy__fedavg__clients-3__seed-44__nm0p01875__clip5__rounds-20__epochs-5__cifar_chunks__cifar10_cnn round=8 (checkpoint deleted)
2026-08-05 17:08:31 EVALUATED cifar-full-in-replace__non-iid__metric-privacy__fedavg__clients-3__seed-44__nm0p01875__clip5__rounds-20__epochs-5__cifar_chunks__cifar10_cnn round=9 (checkpoint deleted)
2026-08-05 17:08:37 EVALUATED cifar-full-in-replace__non-iid__metric-privacy__fedavg__clients-3__seed-44__nm0p01875__clip5__rounds-20__epochs-5__cifar_chunks__cifar10_cnn round=10 (checkpoint deleted)
2026-08-05 17:08:42 EVALUATED cifar-full-in-replace__non-iid__metric-privacy__fedavg__clients-3__seed-44__nm0p01875__clip5__rounds-20__epochs-5__cifar_chunks__cifar10_cnn round=11 (checkpoint deleted)
2026-08-05 17:08:48 EVALUATED cifar-full-in-replace__non-iid__metric-privacy__fedavg__clients-3__seed-44__nm0p01875__clip5__rounds-20__epochs-5__cifar_chunks__cifar10_cnn round=12 (checkpoint deleted)
2026-08-05 17:08:54 EVALUATED cifar-full-in-replace__non-iid__metric-privacy__fedavg__clients-3__seed-44__nm0p01875__clip5__rounds-20__epochs-5__cifar_chunks__cifar10_cnn round=13 (checkpoint deleted)
2026-08-05 17:08:59 EVALUATED cifar-full-in-replace__non-iid__metric-privacy__fedavg__clients-3__seed-44__nm0p01875__clip5__rounds-20__epochs-5__cifar_chunks__cifar10_cnn round=14 (checkpoint deleted)
2026-08-05 17:09:05 EVALUATED cifar-full-in-replace__non-iid__metric-privacy__fedavg__clients-3__seed-44__nm0p01875__clip5__rounds-20__epochs-5__cifar_chunks__cifar10_cnn round=15 (checkpoint deleted)
2026-08-05 17:09:10 EVALUATED cifar-full-in-replace__non-iid__metric-privacy__fedavg__clients-3__seed-44__nm0p01875__clip5__rounds-20__epochs-5__cifar_chunks__cifar10_cnn round=16 (checkpoint deleted)
2026-08-05 17:09:16 EVALUATED cifar-full-in-replace__non-iid__metric-privacy__fedavg__clients-3__seed-44__nm0p01875__clip5__rounds-20__epochs-5__cifar_chunks__cifar10_cnn round=17 (checkpoint deleted)
2026-08-05 17:09:21 EVALUATED cifar-full-in-replace__non-iid__metric-privacy__fedavg__clients-3__seed-44__nm0p01875__clip5__rounds-20__epochs-5__cifar_chunks__cifar10_cnn round=18 (checkpoint deleted)
2026-08-05 17:09:27 EVALUATED cifar-full-in-replace__non-iid__metric-privacy__fedavg__clients-3__seed-44__nm0p01875__clip5__rounds-20__epochs-5__cifar_chunks__cifar10_cnn round=19 (checkpoint deleted)
2026-08-05 17:09:33 EVALUATED cifar-full-in-replace__non-iid__metric-privacy__fedavg__clients-3__seed-44__nm0p01875__clip5__rounds-20__epochs-5__cifar_chunks__cifar10_cnn round=20 (checkpoint deleted)
2026-08-05 17:09:33 PROGRESS 2/2 (0 failed so far)
2026-08-05 17:09:33 Sweep finished: 2/2 attempted, 0 failed
