2026-08-05 09:16:32 Starting alzheimer-in-remove: 9 trajectories
2026-08-05 09:16:32 START alzheimer-in-remove__non-iid__vanilla__fedavg__clients-3__seed-42__nm0p01__clip5__rounds-20__epochs-5__planned_runs__paper_cnn 
2026-08-05 09:20:22 DONE  alzheimer-in-remove__non-iid__vanilla__fedavg__clients-3__seed-42__nm0p01__clip5__rounds-20__epochs-5__planned_runs__paper_cnn (229.9s)
2026-08-05 09:20:27 EVALUATED alzheimer-in-remove__non-iid__vanilla__fedavg__clients-3__seed-42__nm0p01__clip5__rounds-20__epochs-5__planned_runs__paper_cnn round=1 (checkpoint deleted)
2026-08-05 09:20:29 EVALUATED alzheimer-in-remove__non-iid__vanilla__fedavg__clients-3__seed-42__nm0p01__clip5__rounds-20__epochs-5__planned_runs__paper_cnn round=2 (checkpoint deleted)
2026-08-05 09:20:31 EVALUATED alzheimer-in-remove__non-iid__vanilla__fedavg__clients-3__seed-42__nm0p01__clip5__rounds-20__epochs-5__planned_runs__paper_cnn round=3 (checkpoint deleted)
2026-08-05 09:20:33 EVALUATED alzheimer-in-remove__non-iid__vanilla__fedavg__clients-3__seed-42__nm0p01__clip5__rounds-20__epochs-5__planned_runs__paper_cnn round=4 (checkpoint deleted)
2026-08-05 09:20:35 EVALUATED alzheimer-in-remove__non-iid__vanilla__fedavg__clients-3__seed-42__nm0p01__clip5__rounds-20__epochs-5__planned_runs__paper_cnn round=5 (checkpoint deleted)
2026-08-05 09:20:37 EVALUATED alzheimer-in-remove__non-iid__vanilla__fedavg__clients-3__seed-42__nm0p01__clip5__rounds-20__epochs-5__planned_runs__paper_cnn round=6 (checkpoint deleted)
2026-08-05 09:20:39 EVALUATED alzheimer-in-remove__non-iid__vanilla__fedavg__clients-3__seed-42__nm0p01__clip5__rounds-20__epochs-5__planned_runs__paper_cnn round=7 (checkpoint deleted)
2026-08-05 09:20:41 EVALUATED alzheimer-in-remove__non-iid__vanilla__fedavg__clients-3__seed-42__nm0p01__clip5__rounds-20__epochs-5__planned_runs__paper_cnn round=8 (checkpoint deleted)
2026-08-05 09:20:43 EVALUATED alzheimer-in-remove__non-iid__vanilla__fedavg__clients-3__seed-42__nm0p01__clip5__rounds-20__epochs-5__planned_runs__paper_cnn round=9 (checkpoint deleted)
2026-08-05 09:20:45 EVALUATED alzheimer-in-remove__non-iid__vanilla__fedavg__clients-3__seed-42__nm0p01__clip5__rounds-20__epochs-5__planned_runs__paper_cnn round=10 (checkpoint deleted)
2026-08-05 09:20:47 EVALUATED alzheimer-in-remove__non-iid__vanilla__fedavg__clients-3__seed-42__nm0p01__clip5__rounds-20__epochs-5__planned_runs__paper_cnn round=11 (checkpoint deleted)
2026-08-05 09:20:49 EVALUATED alzheimer-in-remove__non-iid__vanilla__fedavg__clients-3__seed-42__nm0p01__clip5__rounds-20__epochs-5__planned_runs__paper_cnn round=12 (checkpoint deleted)
2026-08-05 09:20:51 EVALUATED alzheimer-in-remove__non-iid__vanilla__fedavg__clients-3__seed-42__nm0p01__clip5__rounds-20__epochs-5__planned_runs__paper_cnn round=13 (checkpoint deleted)
2026-08-05 09:20:53 EVALUATED alzheimer-in-remove__non-iid__vanilla__fedavg__clients-3__seed-42__nm0p01__clip5__rounds-20__epochs-5__planned_runs__paper_cnn round=14 (checkpoint deleted)
2026-08-05 09:20:55 EVALUATED alzheimer-in-remove__non-iid__vanilla__fedavg__clients-3__seed-42__nm0p01__clip5__rounds-20__epochs-5__planned_runs__paper_cnn round=15 (checkpoint deleted)
2026-08-05 09:20:57 EVALUATED alzheimer-in-remove__non-iid__vanilla__fedavg__clients-3__seed-42__nm0p01__clip5__rounds-20__epochs-5__planned_runs__paper_cnn round=16 (checkpoint deleted)
2026-08-05 09:20:59 EVALUATED alzheimer-in-remove__non-iid__vanilla__fedavg__clients-3__seed-42__nm0p01__clip5__rounds-20__epochs-5__planned_runs__paper_cnn round=17 (checkpoint deleted)
2026-08-05 09:21:01 EVALUATED alzheimer-in-remove__non-iid__vanilla__fedavg__clients-3__seed-42__nm0p01__clip5__rounds-20__epochs-5__planned_runs__paper_cnn round=18 (checkpoint deleted)
2026-08-05 09:21:03 EVALUATED alzheimer-in-remove__non-iid__vanilla__fedavg__clients-3__seed-42__nm0p01__clip5__rounds-20__epochs-5__planned_runs__paper_cnn round=19 (checkpoint deleted)
2026-08-05 09:21:05 EVALUATED alzheimer-in-remove__non-iid__vanilla__fedavg__clients-3__seed-42__nm0p01__clip5__rounds-20__epochs-5__planned_runs__paper_cnn round=20 (checkpoint deleted)
2026-08-05 09:21:05 PROGRESS 1/9 (0 failed so far)
2026-08-05 09:21:05 START alzheimer-in-remove__non-iid__vanilla__fedavg__clients-3__seed-43__nm0p01__clip5__rounds-20__epochs-5__planned_runs__paper_cnn 
2026-08-05 09:24:57 DONE  alzheimer-in-remove__non-iid__vanilla__fedavg__clients-3__seed-43__nm0p01__clip5__rounds-20__epochs-5__planned_runs__paper_cnn (233.0s)
2026-08-05 09:24:59 EVALUATED alzheimer-in-remove__non-iid__vanilla__fedavg__clients-3__seed-43__nm0p01__clip5__rounds-20__epochs-5__planned_runs__paper_cnn round=1 (checkpoint deleted)
2026-08-05 09:25:01 EVALUATED alzheimer-in-remove__non-iid__vanilla__fedavg__clients-3__seed-43__nm0p01__clip5__rounds-20__epochs-5__planned_runs__paper_cnn round=2 (checkpoint deleted)
2026-08-05 09:25:03 EVALUATED alzheimer-in-remove__non-iid__vanilla__fedavg__clients-3__seed-43__nm0p01__clip5__rounds-20__epochs-5__planned_runs__paper_cnn round=3 (checkpoint deleted)
2026-08-05 09:25:05 EVALUATED alzheimer-in-remove__non-iid__vanilla__fedavg__clients-3__seed-43__nm0p01__clip5__rounds-20__epochs-5__planned_runs__paper_cnn round=4 (checkpoint deleted)
2026-08-05 09:25:07 EVALUATED alzheimer-in-remove__non-iid__vanilla__fedavg__clients-3__seed-43__nm0p01__clip5__rounds-20__epochs-5__planned_runs__paper_cnn round=5 (checkpoint deleted)
2026-08-05 09:25:09 EVALUATED alzheimer-in-remove__non-iid__vanilla__fedavg__clients-3__seed-43__nm0p01__clip5__rounds-20__epochs-5__planned_runs__paper_cnn round=6 (checkpoint deleted)
2026-08-05 09:25:11 EVALUATED alzheimer-in-remove__non-iid__vanilla__fedavg__clients-3__seed-43__nm0p01__clip5__rounds-20__epochs-5__planned_runs__paper_cnn round=7 (checkpoint deleted)
2026-08-05 09:25:13 EVALUATED alzheimer-in-remove__non-iid__vanilla__fedavg__clients-3__seed-43__nm0p01__clip5__rounds-20__epochs-5__planned_runs__paper_cnn round=8 (checkpoint deleted)
2026-08-05 09:25:15 EVALUATED alzheimer-in-remove__non-iid__vanilla__fedavg__clients-3__seed-43__nm0p01__clip5__rounds-20__epochs-5__planned_runs__paper_cnn round=9 (checkpoint deleted)
2026-08-05 09:25:17 EVALUATED alzheimer-in-remove__non-iid__vanilla__fedavg__clients-3__seed-43__nm0p01__clip5__rounds-20__epochs-5__planned_runs__paper_cnn round=10 (checkpoint deleted)
2026-08-05 09:25:19 EVALUATED alzheimer-in-remove__non-iid__vanilla__fedavg__clients-3__seed-43__nm0p01__clip5__rounds-20__epochs-5__planned_runs__paper_cnn round=11 (checkpoint deleted)
2026-08-05 09:25:21 EVALUATED alzheimer-in-remove__non-iid__vanilla__fedavg__clients-3__seed-43__nm0p01__clip5__rounds-20__epochs-5__planned_runs__paper_cnn round=12 (checkpoint deleted)
2026-08-05 09:25:23 EVALUATED alzheimer-in-remove__non-iid__vanilla__fedavg__clients-3__seed-43__nm0p01__clip5__rounds-20__epochs-5__planned_runs__paper_cnn round=13 (checkpoint deleted)
2026-08-05 09:25:25 EVALUATED alzheimer-in-remove__non-iid__vanilla__fedavg__clients-3__seed-43__nm0p01__clip5__rounds-20__epochs-5__planned_runs__paper_cnn round=14 (checkpoint deleted)
2026-08-05 09:25:27 EVALUATED alzheimer-in-remove__non-iid__vanilla__fedavg__clients-3__seed-43__nm0p01__clip5__rounds-20__epochs-5__planned_runs__paper_cnn round=15 (checkpoint deleted)
2026-08-05 09:25:29 EVALUATED alzheimer-in-remove__non-iid__vanilla__fedavg__clients-3__seed-43__nm0p01__clip5__rounds-20__epochs-5__planned_runs__paper_cnn round=16 (checkpoint deleted)
2026-08-05 09:25:31 EVALUATED alzheimer-in-remove__non-iid__vanilla__fedavg__clients-3__seed-43__nm0p01__clip5__rounds-20__epochs-5__planned_runs__paper_cnn round=17 (checkpoint deleted)
2026-08-05 09:25:33 EVALUATED alzheimer-in-remove__non-iid__vanilla__fedavg__clients-3__seed-43__nm0p01__clip5__rounds-20__epochs-5__planned_runs__paper_cnn round=18 (checkpoint deleted)
2026-08-05 09:25:35 EVALUATED alzheimer-in-remove__non-iid__vanilla__fedavg__clients-3__seed-43__nm0p01__clip5__rounds-20__epochs-5__planned_runs__paper_cnn round=19 (checkpoint deleted)
2026-08-05 09:25:37 EVALUATED alzheimer-in-remove__non-iid__vanilla__fedavg__clients-3__seed-43__nm0p01__clip5__rounds-20__epochs-5__planned_runs__paper_cnn round=20 (checkpoint deleted)
2026-08-05 09:25:37 PROGRESS 2/9 (0 failed so far)
2026-08-05 09:25:37 START alzheimer-in-remove__non-iid__vanilla__fedavg__clients-3__seed-44__nm0p01__clip5__rounds-20__epochs-5__planned_runs__paper_cnn 
2026-08-05 09:29:30 DONE  alzheimer-in-remove__non-iid__vanilla__fedavg__clients-3__seed-44__nm0p01__clip5__rounds-20__epochs-5__planned_runs__paper_cnn (233.0s)
2026-08-05 09:29:32 EVALUATED alzheimer-in-remove__non-iid__vanilla__fedavg__clients-3__seed-44__nm0p01__clip5__rounds-20__epochs-5__planned_runs__paper_cnn round=1 (checkpoint deleted)
2026-08-05 09:29:34 EVALUATED alzheimer-in-remove__non-iid__vanilla__fedavg__clients-3__seed-44__nm0p01__clip5__rounds-20__epochs-5__planned_runs__paper_cnn round=2 (checkpoint deleted)
2026-08-05 09:29:36 EVALUATED alzheimer-in-remove__non-iid__vanilla__fedavg__clients-3__seed-44__nm0p01__clip5__rounds-20__epochs-5__planned_runs__paper_cnn round=3 (checkpoint deleted)
2026-08-05 09:29:38 EVALUATED alzheimer-in-remove__non-iid__vanilla__fedavg__clients-3__seed-44__nm0p01__clip5__rounds-20__epochs-5__planned_runs__paper_cnn round=4 (checkpoint deleted)
2026-08-05 09:29:40 EVALUATED alzheimer-in-remove__non-iid__vanilla__fedavg__clients-3__seed-44__nm0p01__clip5__rounds-20__epochs-5__planned_runs__paper_cnn round=5 (checkpoint deleted)
2026-08-05 09:29:42 EVALUATED alzheimer-in-remove__non-iid__vanilla__fedavg__clients-3__seed-44__nm0p01__clip5__rounds-20__epochs-5__planned_runs__paper_cnn round=6 (checkpoint deleted)
2026-08-05 09:29:44 EVALUATED alzheimer-in-remove__non-iid__vanilla__fedavg__clients-3__seed-44__nm0p01__clip5__rounds-20__epochs-5__planned_runs__paper_cnn round=7 (checkpoint deleted)
2026-08-05 09:29:46 EVALUATED alzheimer-in-remove__non-iid__vanilla__fedavg__clients-3__seed-44__nm0p01__clip5__rounds-20__epochs-5__planned_runs__paper_cnn round=8 (checkpoint deleted)
2026-08-05 09:29:48 EVALUATED alzheimer-in-remove__non-iid__vanilla__fedavg__clients-3__seed-44__nm0p01__clip5__rounds-20__epochs-5__planned_runs__paper_cnn round=9 (checkpoint deleted)
2026-08-05 09:29:50 EVALUATED alzheimer-in-remove__non-iid__vanilla__fedavg__clients-3__seed-44__nm0p01__clip5__rounds-20__epochs-5__planned_runs__paper_cnn round=10 (checkpoint deleted)
2026-08-05 09:29:52 EVALUATED alzheimer-in-remove__non-iid__vanilla__fedavg__clients-3__seed-44__nm0p01__clip5__rounds-20__epochs-5__planned_runs__paper_cnn round=11 (checkpoint deleted)
2026-08-05 09:29:54 EVALUATED alzheimer-in-remove__non-iid__vanilla__fedavg__clients-3__seed-44__nm0p01__clip5__rounds-20__epochs-5__planned_runs__paper_cnn round=12 (checkpoint deleted)
2026-08-05 09:29:56 EVALUATED alzheimer-in-remove__non-iid__vanilla__fedavg__clients-3__seed-44__nm0p01__clip5__rounds-20__epochs-5__planned_runs__paper_cnn round=13 (checkpoint deleted)
2026-08-05 09:29:58 EVALUATED alzheimer-in-remove__non-iid__vanilla__fedavg__clients-3__seed-44__nm0p01__clip5__rounds-20__epochs-5__planned_runs__paper_cnn round=14 (checkpoint deleted)
2026-08-05 09:30:00 EVALUATED alzheimer-in-remove__non-iid__vanilla__fedavg__clients-3__seed-44__nm0p01__clip5__rounds-20__epochs-5__planned_runs__paper_cnn round=15 (checkpoint deleted)
2026-08-05 09:30:02 EVALUATED alzheimer-in-remove__non-iid__vanilla__fedavg__clients-3__seed-44__nm0p01__clip5__rounds-20__epochs-5__planned_runs__paper_cnn round=16 (checkpoint deleted)
2026-08-05 09:30:04 EVALUATED alzheimer-in-remove__non-iid__vanilla__fedavg__clients-3__seed-44__nm0p01__clip5__rounds-20__epochs-5__planned_runs__paper_cnn round=17 (checkpoint deleted)
2026-08-05 09:30:06 EVALUATED alzheimer-in-remove__non-iid__vanilla__fedavg__clients-3__seed-44__nm0p01__clip5__rounds-20__epochs-5__planned_runs__paper_cnn round=18 (checkpoint deleted)
2026-08-05 09:30:08 EVALUATED alzheimer-in-remove__non-iid__vanilla__fedavg__clients-3__seed-44__nm0p01__clip5__rounds-20__epochs-5__planned_runs__paper_cnn round=19 (checkpoint deleted)
2026-08-05 09:30:10 EVALUATED alzheimer-in-remove__non-iid__vanilla__fedavg__clients-3__seed-44__nm0p01__clip5__rounds-20__epochs-5__planned_runs__paper_cnn round=20 (checkpoint deleted)
2026-08-05 09:30:10 PROGRESS 3/9 (0 failed so far)
2026-08-05 09:30:10 START alzheimer-in-remove__non-iid__global-dp__fedavg__clients-3__seed-42__nm0p01__clip5__rounds-20__epochs-5__planned_runs__paper_cnn 
2026-08-05 09:34:14 DONE  alzheimer-in-remove__non-iid__global-dp__fedavg__clients-3__seed-42__nm0p01__clip5__rounds-20__epochs-5__planned_runs__paper_cnn (243.6s)
2026-08-05 09:34:16 EVALUATED alzheimer-in-remove__non-iid__global-dp__fedavg__clients-3__seed-42__nm0p01__clip5__rounds-20__epochs-5__planned_runs__paper_cnn round=1 (checkpoint deleted)
2026-08-05 09:34:18 EVALUATED alzheimer-in-remove__non-iid__global-dp__fedavg__clients-3__seed-42__nm0p01__clip5__rounds-20__epochs-5__planned_runs__paper_cnn round=2 (checkpoint deleted)
2026-08-05 09:34:20 EVALUATED alzheimer-in-remove__non-iid__global-dp__fedavg__clients-3__seed-42__nm0p01__clip5__rounds-20__epochs-5__planned_runs__paper_cnn round=3 (checkpoint deleted)
2026-08-05 09:34:22 EVALUATED alzheimer-in-remove__non-iid__global-dp__fedavg__clients-3__seed-42__nm0p01__clip5__rounds-20__epochs-5__planned_runs__paper_cnn round=4 (checkpoint deleted)
2026-08-05 09:34:24 EVALUATED alzheimer-in-remove__non-iid__global-dp__fedavg__clients-3__seed-42__nm0p01__clip5__rounds-20__epochs-5__planned_runs__paper_cnn round=5 (checkpoint deleted)
2026-08-05 09:34:26 EVALUATED alzheimer-in-remove__non-iid__global-dp__fedavg__clients-3__seed-42__nm0p01__clip5__rounds-20__epochs-5__planned_runs__paper_cnn round=6 (checkpoint deleted)
2026-08-05 09:34:28 EVALUATED alzheimer-in-remove__non-iid__global-dp__fedavg__clients-3__seed-42__nm0p01__clip5__rounds-20__epochs-5__planned_runs__paper_cnn round=7 (checkpoint deleted)
2026-08-05 09:34:30 EVALUATED alzheimer-in-remove__non-iid__global-dp__fedavg__clients-3__seed-42__nm0p01__clip5__rounds-20__epochs-5__planned_runs__paper_cnn round=8 (checkpoint deleted)
2026-08-05 09:34:32 EVALUATED alzheimer-in-remove__non-iid__global-dp__fedavg__clients-3__seed-42__nm0p01__clip5__rounds-20__epochs-5__planned_runs__paper_cnn round=9 (checkpoint deleted)
2026-08-05 09:34:34 EVALUATED alzheimer-in-remove__non-iid__global-dp__fedavg__clients-3__seed-42__nm0p01__clip5__rounds-20__epochs-5__planned_runs__paper_cnn round=10 (checkpoint deleted)
2026-08-05 09:34:36 EVALUATED alzheimer-in-remove__non-iid__global-dp__fedavg__clients-3__seed-42__nm0p01__clip5__rounds-20__epochs-5__planned_runs__paper_cnn round=11 (checkpoint deleted)
2026-08-05 09:34:38 EVALUATED alzheimer-in-remove__non-iid__global-dp__fedavg__clients-3__seed-42__nm0p01__clip5__rounds-20__epochs-5__planned_runs__paper_cnn round=12 (checkpoint deleted)
2026-08-05 09:34:40 EVALUATED alzheimer-in-remove__non-iid__global-dp__fedavg__clients-3__seed-42__nm0p01__clip5__rounds-20__epochs-5__planned_runs__paper_cnn round=13 (checkpoint deleted)
2026-08-05 09:34:42 EVALUATED alzheimer-in-remove__non-iid__global-dp__fedavg__clients-3__seed-42__nm0p01__clip5__rounds-20__epochs-5__planned_runs__paper_cnn round=14 (checkpoint deleted)
2026-08-05 09:34:44 EVALUATED alzheimer-in-remove__non-iid__global-dp__fedavg__clients-3__seed-42__nm0p01__clip5__rounds-20__epochs-5__planned_runs__paper_cnn round=15 (checkpoint deleted)
2026-08-05 09:34:46 EVALUATED alzheimer-in-remove__non-iid__global-dp__fedavg__clients-3__seed-42__nm0p01__clip5__rounds-20__epochs-5__planned_runs__paper_cnn round=16 (checkpoint deleted)
2026-08-05 09:34:48 EVALUATED alzheimer-in-remove__non-iid__global-dp__fedavg__clients-3__seed-42__nm0p01__clip5__rounds-20__epochs-5__planned_runs__paper_cnn round=17 (checkpoint deleted)
2026-08-05 09:34:50 EVALUATED alzheimer-in-remove__non-iid__global-dp__fedavg__clients-3__seed-42__nm0p01__clip5__rounds-20__epochs-5__planned_runs__paper_cnn round=18 (checkpoint deleted)
2026-08-05 09:34:52 EVALUATED alzheimer-in-remove__non-iid__global-dp__fedavg__clients-3__seed-42__nm0p01__clip5__rounds-20__epochs-5__planned_runs__paper_cnn round=19 (checkpoint deleted)
2026-08-05 09:34:54 EVALUATED alzheimer-in-remove__non-iid__global-dp__fedavg__clients-3__seed-42__nm0p01__clip5__rounds-20__epochs-5__planned_runs__paper_cnn round=20 (checkpoint deleted)
2026-08-05 09:34:54 PROGRESS 4/9 (0 failed so far)
2026-08-05 09:34:54 START alzheimer-in-remove__non-iid__global-dp__fedavg__clients-3__seed-43__nm0p01__clip5__rounds-20__epochs-5__planned_runs__paper_cnn 
2026-08-05 09:38:58 DONE  alzheimer-in-remove__non-iid__global-dp__fedavg__clients-3__seed-43__nm0p01__clip5__rounds-20__epochs-5__planned_runs__paper_cnn (244.2s)
2026-08-05 09:39:00 EVALUATED alzheimer-in-remove__non-iid__global-dp__fedavg__clients-3__seed-43__nm0p01__clip5__rounds-20__epochs-5__planned_runs__paper_cnn round=1 (checkpoint deleted)
2026-08-05 09:39:02 EVALUATED alzheimer-in-remove__non-iid__global-dp__fedavg__clients-3__seed-43__nm0p01__clip5__rounds-20__epochs-5__planned_runs__paper_cnn round=2 (checkpoint deleted)
2026-08-05 09:39:04 EVALUATED alzheimer-in-remove__non-iid__global-dp__fedavg__clients-3__seed-43__nm0p01__clip5__rounds-20__epochs-5__planned_runs__paper_cnn round=3 (checkpoint deleted)
2026-08-05 09:39:06 EVALUATED alzheimer-in-remove__non-iid__global-dp__fedavg__clients-3__seed-43__nm0p01__clip5__rounds-20__epochs-5__planned_runs__paper_cnn round=4 (checkpoint deleted)
2026-08-05 09:39:08 EVALUATED alzheimer-in-remove__non-iid__global-dp__fedavg__clients-3__seed-43__nm0p01__clip5__rounds-20__epochs-5__planned_runs__paper_cnn round=5 (checkpoint deleted)
2026-08-05 09:39:10 EVALUATED alzheimer-in-remove__non-iid__global-dp__fedavg__clients-3__seed-43__nm0p01__clip5__rounds-20__epochs-5__planned_runs__paper_cnn round=6 (checkpoint deleted)
2026-08-05 09:39:12 EVALUATED alzheimer-in-remove__non-iid__global-dp__fedavg__clients-3__seed-43__nm0p01__clip5__rounds-20__epochs-5__planned_runs__paper_cnn round=7 (checkpoint deleted)
2026-08-05 09:39:14 EVALUATED alzheimer-in-remove__non-iid__global-dp__fedavg__clients-3__seed-43__nm0p01__clip5__rounds-20__epochs-5__planned_runs__paper_cnn round=8 (checkpoint deleted)
2026-08-05 09:39:16 EVALUATED alzheimer-in-remove__non-iid__global-dp__fedavg__clients-3__seed-43__nm0p01__clip5__rounds-20__epochs-5__planned_runs__paper_cnn round=9 (checkpoint deleted)
2026-08-05 09:39:18 EVALUATED alzheimer-in-remove__non-iid__global-dp__fedavg__clients-3__seed-43__nm0p01__clip5__rounds-20__epochs-5__planned_runs__paper_cnn round=10 (checkpoint deleted)
2026-08-05 09:39:20 EVALUATED alzheimer-in-remove__non-iid__global-dp__fedavg__clients-3__seed-43__nm0p01__clip5__rounds-20__epochs-5__planned_runs__paper_cnn round=11 (checkpoint deleted)
2026-08-05 09:39:22 EVALUATED alzheimer-in-remove__non-iid__global-dp__fedavg__clients-3__seed-43__nm0p01__clip5__rounds-20__epochs-5__planned_runs__paper_cnn round=12 (checkpoint deleted)
2026-08-05 09:39:24 EVALUATED alzheimer-in-remove__non-iid__global-dp__fedavg__clients-3__seed-43__nm0p01__clip5__rounds-20__epochs-5__planned_runs__paper_cnn round=13 (checkpoint deleted)
2026-08-05 09:39:26 EVALUATED alzheimer-in-remove__non-iid__global-dp__fedavg__clients-3__seed-43__nm0p01__clip5__rounds-20__epochs-5__planned_runs__paper_cnn round=14 (checkpoint deleted)
2026-08-05 09:39:28 EVALUATED alzheimer-in-remove__non-iid__global-dp__fedavg__clients-3__seed-43__nm0p01__clip5__rounds-20__epochs-5__planned_runs__paper_cnn round=15 (checkpoint deleted)
2026-08-05 09:39:30 EVALUATED alzheimer-in-remove__non-iid__global-dp__fedavg__clients-3__seed-43__nm0p01__clip5__rounds-20__epochs-5__planned_runs__paper_cnn round=16 (checkpoint deleted)
2026-08-05 09:39:32 EVALUATED alzheimer-in-remove__non-iid__global-dp__fedavg__clients-3__seed-43__nm0p01__clip5__rounds-20__epochs-5__planned_runs__paper_cnn round=17 (checkpoint deleted)
2026-08-05 09:39:34 EVALUATED alzheimer-in-remove__non-iid__global-dp__fedavg__clients-3__seed-43__nm0p01__clip5__rounds-20__epochs-5__planned_runs__paper_cnn round=18 (checkpoint deleted)
2026-08-05 09:39:36 EVALUATED alzheimer-in-remove__non-iid__global-dp__fedavg__clients-3__seed-43__nm0p01__clip5__rounds-20__epochs-5__planned_runs__paper_cnn round=19 (checkpoint deleted)
2026-08-05 09:39:38 EVALUATED alzheimer-in-remove__non-iid__global-dp__fedavg__clients-3__seed-43__nm0p01__clip5__rounds-20__epochs-5__planned_runs__paper_cnn round=20 (checkpoint deleted)
2026-08-05 09:39:38 PROGRESS 5/9 (0 failed so far)
2026-08-05 09:39:38 START alzheimer-in-remove__non-iid__global-dp__fedavg__clients-3__seed-44__nm0p01__clip5__rounds-20__epochs-5__planned_runs__paper_cnn 
2026-08-05 09:43:42 DONE  alzheimer-in-remove__non-iid__global-dp__fedavg__clients-3__seed-44__nm0p01__clip5__rounds-20__epochs-5__planned_runs__paper_cnn (243.8s)
2026-08-05 09:43:44 EVALUATED alzheimer-in-remove__non-iid__global-dp__fedavg__clients-3__seed-44__nm0p01__clip5__rounds-20__epochs-5__planned_runs__paper_cnn round=1 (checkpoint deleted)
2026-08-05 09:43:46 EVALUATED alzheimer-in-remove__non-iid__global-dp__fedavg__clients-3__seed-44__nm0p01__clip5__rounds-20__epochs-5__planned_runs__paper_cnn round=2 (checkpoint deleted)
2026-08-05 09:43:48 EVALUATED alzheimer-in-remove__non-iid__global-dp__fedavg__clients-3__seed-44__nm0p01__clip5__rounds-20__epochs-5__planned_runs__paper_cnn round=3 (checkpoint deleted)
2026-08-05 09:43:50 EVALUATED alzheimer-in-remove__non-iid__global-dp__fedavg__clients-3__seed-44__nm0p01__clip5__rounds-20__epochs-5__planned_runs__paper_cnn round=4 (checkpoint deleted)
2026-08-05 09:43:52 EVALUATED alzheimer-in-remove__non-iid__global-dp__fedavg__clients-3__seed-44__nm0p01__clip5__rounds-20__epochs-5__planned_runs__paper_cnn round=5 (checkpoint deleted)
2026-08-05 09:43:54 EVALUATED alzheimer-in-remove__non-iid__global-dp__fedavg__clients-3__seed-44__nm0p01__clip5__rounds-20__epochs-5__planned_runs__paper_cnn round=6 (checkpoint deleted)
2026-08-05 09:43:56 EVALUATED alzheimer-in-remove__non-iid__global-dp__fedavg__clients-3__seed-44__nm0p01__clip5__rounds-20__epochs-5__planned_runs__paper_cnn round=7 (checkpoint deleted)
2026-08-05 09:43:58 EVALUATED alzheimer-in-remove__non-iid__global-dp__fedavg__clients-3__seed-44__nm0p01__clip5__rounds-20__epochs-5__planned_runs__paper_cnn round=8 (checkpoint deleted)
2026-08-05 09:44:00 EVALUATED alzheimer-in-remove__non-iid__global-dp__fedavg__clients-3__seed-44__nm0p01__clip5__rounds-20__epochs-5__planned_runs__paper_cnn round=9 (checkpoint deleted)
2026-08-05 09:44:02 EVALUATED alzheimer-in-remove__non-iid__global-dp__fedavg__clients-3__seed-44__nm0p01__clip5__rounds-20__epochs-5__planned_runs__paper_cnn round=10 (checkpoint deleted)
2026-08-05 09:44:04 EVALUATED alzheimer-in-remove__non-iid__global-dp__fedavg__clients-3__seed-44__nm0p01__clip5__rounds-20__epochs-5__planned_runs__paper_cnn round=11 (checkpoint deleted)
2026-08-05 09:44:06 EVALUATED alzheimer-in-remove__non-iid__global-dp__fedavg__clients-3__seed-44__nm0p01__clip5__rounds-20__epochs-5__planned_runs__paper_cnn round=12 (checkpoint deleted)
2026-08-05 09:44:08 EVALUATED alzheimer-in-remove__non-iid__global-dp__fedavg__clients-3__seed-44__nm0p01__clip5__rounds-20__epochs-5__planned_runs__paper_cnn round=13 (checkpoint deleted)
2026-08-05 09:44:10 EVALUATED alzheimer-in-remove__non-iid__global-dp__fedavg__clients-3__seed-44__nm0p01__clip5__rounds-20__epochs-5__planned_runs__paper_cnn round=14 (checkpoint deleted)
2026-08-05 09:44:12 EVALUATED alzheimer-in-remove__non-iid__global-dp__fedavg__clients-3__seed-44__nm0p01__clip5__rounds-20__epochs-5__planned_runs__paper_cnn round=15 (checkpoint deleted)
2026-08-05 09:44:14 EVALUATED alzheimer-in-remove__non-iid__global-dp__fedavg__clients-3__seed-44__nm0p01__clip5__rounds-20__epochs-5__planned_runs__paper_cnn round=16 (checkpoint deleted)
2026-08-05 09:44:16 EVALUATED alzheimer-in-remove__non-iid__global-dp__fedavg__clients-3__seed-44__nm0p01__clip5__rounds-20__epochs-5__planned_runs__paper_cnn round=17 (checkpoint deleted)
2026-08-05 09:44:18 EVALUATED alzheimer-in-remove__non-iid__global-dp__fedavg__clients-3__seed-44__nm0p01__clip5__rounds-20__epochs-5__planned_runs__paper_cnn round=18 (checkpoint deleted)
2026-08-05 09:44:20 EVALUATED alzheimer-in-remove__non-iid__global-dp__fedavg__clients-3__seed-44__nm0p01__clip5__rounds-20__epochs-5__planned_runs__paper_cnn round=19 (checkpoint deleted)
2026-08-05 09:44:22 EVALUATED alzheimer-in-remove__non-iid__global-dp__fedavg__clients-3__seed-44__nm0p01__clip5__rounds-20__epochs-5__planned_runs__paper_cnn round=20 (checkpoint deleted)
2026-08-05 09:44:22 PROGRESS 6/9 (0 failed so far)
2026-08-05 09:44:22 START alzheimer-in-remove__non-iid__metric-privacy__fedavg__clients-3__seed-42__nm0p01__clip5__rounds-20__epochs-5__planned_runs__paper_cnn 
2026-08-05 09:48:26 DONE  alzheimer-in-remove__non-iid__metric-privacy__fedavg__clients-3__seed-42__nm0p01__clip5__rounds-20__epochs-5__planned_runs__paper_cnn (243.7s)
2026-08-05 09:48:28 EVALUATED alzheimer-in-remove__non-iid__metric-privacy__fedavg__clients-3__seed-42__nm0p01__clip5__rounds-20__epochs-5__planned_runs__paper_cnn round=1 (checkpoint deleted)
2026-08-05 09:48:30 EVALUATED alzheimer-in-remove__non-iid__metric-privacy__fedavg__clients-3__seed-42__nm0p01__clip5__rounds-20__epochs-5__planned_runs__paper_cnn round=2 (checkpoint deleted)
2026-08-05 09:48:32 EVALUATED alzheimer-in-remove__non-iid__metric-privacy__fedavg__clients-3__seed-42__nm0p01__clip5__rounds-20__epochs-5__planned_runs__paper_cnn round=3 (checkpoint deleted)
2026-08-05 09:48:34 EVALUATED alzheimer-in-remove__non-iid__metric-privacy__fedavg__clients-3__seed-42__nm0p01__clip5__rounds-20__epochs-5__planned_runs__paper_cnn round=4 (checkpoint deleted)
2026-08-05 09:48:36 EVALUATED alzheimer-in-remove__non-iid__metric-privacy__fedavg__clients-3__seed-42__nm0p01__clip5__rounds-20__epochs-5__planned_runs__paper_cnn round=5 (checkpoint deleted)
2026-08-05 09:48:38 EVALUATED alzheimer-in-remove__non-iid__metric-privacy__fedavg__clients-3__seed-42__nm0p01__clip5__rounds-20__epochs-5__planned_runs__paper_cnn round=6 (checkpoint deleted)
2026-08-05 09:48:40 EVALUATED alzheimer-in-remove__non-iid__metric-privacy__fedavg__clients-3__seed-42__nm0p01__clip5__rounds-20__epochs-5__planned_runs__paper_cnn round=7 (checkpoint deleted)
2026-08-05 09:48:42 EVALUATED alzheimer-in-remove__non-iid__metric-privacy__fedavg__clients-3__seed-42__nm0p01__clip5__rounds-20__epochs-5__planned_runs__paper_cnn round=8 (checkpoint deleted)
2026-08-05 09:48:44 EVALUATED alzheimer-in-remove__non-iid__metric-privacy__fedavg__clients-3__seed-42__nm0p01__clip5__rounds-20__epochs-5__planned_runs__paper_cnn round=9 (checkpoint deleted)
2026-08-05 09:48:46 EVALUATED alzheimer-in-remove__non-iid__metric-privacy__fedavg__clients-3__seed-42__nm0p01__clip5__rounds-20__epochs-5__planned_runs__paper_cnn round=10 (checkpoint deleted)
2026-08-05 09:48:48 EVALUATED alzheimer-in-remove__non-iid__metric-privacy__fedavg__clients-3__seed-42__nm0p01__clip5__rounds-20__epochs-5__planned_runs__paper_cnn round=11 (checkpoint deleted)
2026-08-05 09:48:50 EVALUATED alzheimer-in-remove__non-iid__metric-privacy__fedavg__clients-3__seed-42__nm0p01__clip5__rounds-20__epochs-5__planned_runs__paper_cnn round=12 (checkpoint deleted)
2026-08-05 09:48:52 EVALUATED alzheimer-in-remove__non-iid__metric-privacy__fedavg__clients-3__seed-42__nm0p01__clip5__rounds-20__epochs-5__planned_runs__paper_cnn round=13 (checkpoint deleted)
2026-08-05 09:48:54 EVALUATED alzheimer-in-remove__non-iid__metric-privacy__fedavg__clients-3__seed-42__nm0p01__clip5__rounds-20__epochs-5__planned_runs__paper_cnn round=14 (checkpoint deleted)
2026-08-05 09:48:56 EVALUATED alzheimer-in-remove__non-iid__metric-privacy__fedavg__clients-3__seed-42__nm0p01__clip5__rounds-20__epochs-5__planned_runs__paper_cnn round=15 (checkpoint deleted)
2026-08-05 09:48:58 EVALUATED alzheimer-in-remove__non-iid__metric-privacy__fedavg__clients-3__seed-42__nm0p01__clip5__rounds-20__epochs-5__planned_runs__paper_cnn round=16 (checkpoint deleted)
2026-08-05 09:49:00 EVALUATED alzheimer-in-remove__non-iid__metric-privacy__fedavg__clients-3__seed-42__nm0p01__clip5__rounds-20__epochs-5__planned_runs__paper_cnn round=17 (checkpoint deleted)
2026-08-05 09:49:02 EVALUATED alzheimer-in-remove__non-iid__metric-privacy__fedavg__clients-3__seed-42__nm0p01__clip5__rounds-20__epochs-5__planned_runs__paper_cnn round=18 (checkpoint deleted)
2026-08-05 09:49:04 EVALUATED alzheimer-in-remove__non-iid__metric-privacy__fedavg__clients-3__seed-42__nm0p01__clip5__rounds-20__epochs-5__planned_runs__paper_cnn round=19 (checkpoint deleted)
2026-08-05 09:49:06 EVALUATED alzheimer-in-remove__non-iid__metric-privacy__fedavg__clients-3__seed-42__nm0p01__clip5__rounds-20__epochs-5__planned_runs__paper_cnn round=20 (checkpoint deleted)
2026-08-05 09:49:06 PROGRESS 7/9 (0 failed so far)
2026-08-05 09:49:06 START alzheimer-in-remove__non-iid__metric-privacy__fedavg__clients-3__seed-43__nm0p01__clip5__rounds-20__epochs-5__planned_runs__paper_cnn 
2026-08-05 09:53:11 DONE  alzheimer-in-remove__non-iid__metric-privacy__fedavg__clients-3__seed-43__nm0p01__clip5__rounds-20__epochs-5__planned_runs__paper_cnn (245.6s)
2026-08-05 09:53:13 EVALUATED alzheimer-in-remove__non-iid__metric-privacy__fedavg__clients-3__seed-43__nm0p01__clip5__rounds-20__epochs-5__planned_runs__paper_cnn round=1 (checkpoint deleted)
2026-08-05 09:53:15 EVALUATED alzheimer-in-remove__non-iid__metric-privacy__fedavg__clients-3__seed-43__nm0p01__clip5__rounds-20__epochs-5__planned_runs__paper_cnn round=2 (checkpoint deleted)
2026-08-05 09:53:17 EVALUATED alzheimer-in-remove__non-iid__metric-privacy__fedavg__clients-3__seed-43__nm0p01__clip5__rounds-20__epochs-5__planned_runs__paper_cnn round=3 (checkpoint deleted)
2026-08-05 09:53:19 EVALUATED alzheimer-in-remove__non-iid__metric-privacy__fedavg__clients-3__seed-43__nm0p01__clip5__rounds-20__epochs-5__planned_runs__paper_cnn round=4 (checkpoint deleted)
2026-08-05 09:53:21 EVALUATED alzheimer-in-remove__non-iid__metric-privacy__fedavg__clients-3__seed-43__nm0p01__clip5__rounds-20__epochs-5__planned_runs__paper_cnn round=5 (checkpoint deleted)
2026-08-05 09:53:23 EVALUATED alzheimer-in-remove__non-iid__metric-privacy__fedavg__clients-3__seed-43__nm0p01__clip5__rounds-20__epochs-5__planned_runs__paper_cnn round=6 (checkpoint deleted)
2026-08-05 09:53:25 EVALUATED alzheimer-in-remove__non-iid__metric-privacy__fedavg__clients-3__seed-43__nm0p01__clip5__rounds-20__epochs-5__planned_runs__paper_cnn round=7 (checkpoint deleted)
2026-08-05 09:53:27 EVALUATED alzheimer-in-remove__non-iid__metric-privacy__fedavg__clients-3__seed-43__nm0p01__clip5__rounds-20__epochs-5__planned_runs__paper_cnn round=8 (checkpoint deleted)
2026-08-05 09:53:29 EVALUATED alzheimer-in-remove__non-iid__metric-privacy__fedavg__clients-3__seed-43__nm0p01__clip5__rounds-20__epochs-5__planned_runs__paper_cnn round=9 (checkpoint deleted)
2026-08-05 09:53:31 EVALUATED alzheimer-in-remove__non-iid__metric-privacy__fedavg__clients-3__seed-43__nm0p01__clip5__rounds-20__epochs-5__planned_runs__paper_cnn round=10 (checkpoint deleted)
2026-08-05 09:53:33 EVALUATED alzheimer-in-remove__non-iid__metric-privacy__fedavg__clients-3__seed-43__nm0p01__clip5__rounds-20__epochs-5__planned_runs__paper_cnn round=11 (checkpoint deleted)
2026-08-05 09:53:35 EVALUATED alzheimer-in-remove__non-iid__metric-privacy__fedavg__clients-3__seed-43__nm0p01__clip5__rounds-20__epochs-5__planned_runs__paper_cnn round=12 (checkpoint deleted)
2026-08-05 09:53:37 EVALUATED alzheimer-in-remove__non-iid__metric-privacy__fedavg__clients-3__seed-43__nm0p01__clip5__rounds-20__epochs-5__planned_runs__paper_cnn round=13 (checkpoint deleted)
2026-08-05 09:53:39 EVALUATED alzheimer-in-remove__non-iid__metric-privacy__fedavg__clients-3__seed-43__nm0p01__clip5__rounds-20__epochs-5__planned_runs__paper_cnn round=14 (checkpoint deleted)
2026-08-05 09:53:41 EVALUATED alzheimer-in-remove__non-iid__metric-privacy__fedavg__clients-3__seed-43__nm0p01__clip5__rounds-20__epochs-5__planned_runs__paper_cnn round=15 (checkpoint deleted)
2026-08-05 09:53:43 EVALUATED alzheimer-in-remove__non-iid__metric-privacy__fedavg__clients-3__seed-43__nm0p01__clip5__rounds-20__epochs-5__planned_runs__paper_cnn round=16 (checkpoint deleted)
2026-08-05 09:53:45 EVALUATED alzheimer-in-remove__non-iid__metric-privacy__fedavg__clients-3__seed-43__nm0p01__clip5__rounds-20__epochs-5__planned_runs__paper_cnn round=17 (checkpoint deleted)
2026-08-05 09:53:47 EVALUATED alzheimer-in-remove__non-iid__metric-privacy__fedavg__clients-3__seed-43__nm0p01__clip5__rounds-20__epochs-5__planned_runs__paper_cnn round=18 (checkpoint deleted)
2026-08-05 09:53:50 EVALUATED alzheimer-in-remove__non-iid__metric-privacy__fedavg__clients-3__seed-43__nm0p01__clip5__rounds-20__epochs-5__planned_runs__paper_cnn round=19 (checkpoint deleted)
2026-08-05 09:53:52 EVALUATED alzheimer-in-remove__non-iid__metric-privacy__fedavg__clients-3__seed-43__nm0p01__clip5__rounds-20__epochs-5__planned_runs__paper_cnn round=20 (checkpoint deleted)
2026-08-05 09:53:52 PROGRESS 8/9 (0 failed so far)
2026-08-05 09:53:52 START alzheimer-in-remove__non-iid__metric-privacy__fedavg__clients-3__seed-44__nm0p01__clip5__rounds-20__epochs-5__planned_runs__paper_cnn 
2026-08-05 09:57:56 DONE  alzheimer-in-remove__non-iid__metric-privacy__fedavg__clients-3__seed-44__nm0p01__clip5__rounds-20__epochs-5__planned_runs__paper_cnn (244.3s)
2026-08-05 09:57:58 EVALUATED alzheimer-in-remove__non-iid__metric-privacy__fedavg__clients-3__seed-44__nm0p01__clip5__rounds-20__epochs-5__planned_runs__paper_cnn round=1 (checkpoint deleted)
2026-08-05 09:58:00 EVALUATED alzheimer-in-remove__non-iid__metric-privacy__fedavg__clients-3__seed-44__nm0p01__clip5__rounds-20__epochs-5__planned_runs__paper_cnn round=2 (checkpoint deleted)
2026-08-05 09:58:02 EVALUATED alzheimer-in-remove__non-iid__metric-privacy__fedavg__clients-3__seed-44__nm0p01__clip5__rounds-20__epochs-5__planned_runs__paper_cnn round=3 (checkpoint deleted)
2026-08-05 09:58:04 EVALUATED alzheimer-in-remove__non-iid__metric-privacy__fedavg__clients-3__seed-44__nm0p01__clip5__rounds-20__epochs-5__planned_runs__paper_cnn round=4 (checkpoint deleted)
2026-08-05 09:58:06 EVALUATED alzheimer-in-remove__non-iid__metric-privacy__fedavg__clients-3__seed-44__nm0p01__clip5__rounds-20__epochs-5__planned_runs__paper_cnn round=5 (checkpoint deleted)
2026-08-05 09:58:08 EVALUATED alzheimer-in-remove__non-iid__metric-privacy__fedavg__clients-3__seed-44__nm0p01__clip5__rounds-20__epochs-5__planned_runs__paper_cnn round=6 (checkpoint deleted)
2026-08-05 09:58:10 EVALUATED alzheimer-in-remove__non-iid__metric-privacy__fedavg__clients-3__seed-44__nm0p01__clip5__rounds-20__epochs-5__planned_runs__paper_cnn round=7 (checkpoint deleted)
2026-08-05 09:58:12 EVALUATED alzheimer-in-remove__non-iid__metric-privacy__fedavg__clients-3__seed-44__nm0p01__clip5__rounds-20__epochs-5__planned_runs__paper_cnn round=8 (checkpoint deleted)
2026-08-05 09:58:14 EVALUATED alzheimer-in-remove__non-iid__metric-privacy__fedavg__clients-3__seed-44__nm0p01__clip5__rounds-20__epochs-5__planned_runs__paper_cnn round=9 (checkpoint deleted)
2026-08-05 09:58:16 EVALUATED alzheimer-in-remove__non-iid__metric-privacy__fedavg__clients-3__seed-44__nm0p01__clip5__rounds-20__epochs-5__planned_runs__paper_cnn round=10 (checkpoint deleted)
2026-08-05 09:58:18 EVALUATED alzheimer-in-remove__non-iid__metric-privacy__fedavg__clients-3__seed-44__nm0p01__clip5__rounds-20__epochs-5__planned_runs__paper_cnn round=11 (checkpoint deleted)
2026-08-05 09:58:20 EVALUATED alzheimer-in-remove__non-iid__metric-privacy__fedavg__clients-3__seed-44__nm0p01__clip5__rounds-20__epochs-5__planned_runs__paper_cnn round=12 (checkpoint deleted)
2026-08-05 09:58:22 EVALUATED alzheimer-in-remove__non-iid__metric-privacy__fedavg__clients-3__seed-44__nm0p01__clip5__rounds-20__epochs-5__planned_runs__paper_cnn round=13 (checkpoint deleted)
2026-08-05 09:58:24 EVALUATED alzheimer-in-remove__non-iid__metric-privacy__fedavg__clients-3__seed-44__nm0p01__clip5__rounds-20__epochs-5__planned_runs__paper_cnn round=14 (checkpoint deleted)
2026-08-05 09:58:26 EVALUATED alzheimer-in-remove__non-iid__metric-privacy__fedavg__clients-3__seed-44__nm0p01__clip5__rounds-20__epochs-5__planned_runs__paper_cnn round=15 (checkpoint deleted)
2026-08-05 09:58:28 EVALUATED alzheimer-in-remove__non-iid__metric-privacy__fedavg__clients-3__seed-44__nm0p01__clip5__rounds-20__epochs-5__planned_runs__paper_cnn round=16 (checkpoint deleted)
2026-08-05 09:58:30 EVALUATED alzheimer-in-remove__non-iid__metric-privacy__fedavg__clients-3__seed-44__nm0p01__clip5__rounds-20__epochs-5__planned_runs__paper_cnn round=17 (checkpoint deleted)
2026-08-05 09:58:32 EVALUATED alzheimer-in-remove__non-iid__metric-privacy__fedavg__clients-3__seed-44__nm0p01__clip5__rounds-20__epochs-5__planned_runs__paper_cnn round=18 (checkpoint deleted)
2026-08-05 09:58:34 EVALUATED alzheimer-in-remove__non-iid__metric-privacy__fedavg__clients-3__seed-44__nm0p01__clip5__rounds-20__epochs-5__planned_runs__paper_cnn round=19 (checkpoint deleted)
2026-08-05 09:58:36 EVALUATED alzheimer-in-remove__non-iid__metric-privacy__fedavg__clients-3__seed-44__nm0p01__clip5__rounds-20__epochs-5__planned_runs__paper_cnn round=20 (checkpoint deleted)
2026-08-05 09:58:36 PROGRESS 9/9 (0 failed so far)
2026-08-05 09:58:36 Sweep finished: 9/9 attempted, 0 failed
