2026-08-11 15:11:44 CIFAR-10 removal CIA chunk (metric-privacy, clients=16): 1 trajectories
2026-08-11 15:11:44 START cifar10-in-remove__non-iid__metric-privacy__fedavg__clients-16__seed-42__nm0p0182__clip5__rounds-20__epochs-5__cifar10_remove__cifar10_cnn 
2026-08-11 15:23:06 DONE  cifar10-in-remove__non-iid__metric-privacy__fedavg__clients-16__seed-42__nm0p0182__clip5__rounds-20__epochs-5__cifar10_remove__cifar10_cnn (682.3s)
2026-08-11 15:23:15 EVALUATED cifar10-in-remove__non-iid__metric-privacy__fedavg__clients-16__seed-42__nm0p0182__clip5__rounds-20__epochs-5__cifar10_remove__cifar10_cnn round=1 (checkpoint deleted)
2026-08-11 15:23:21 EVALUATED cifar10-in-remove__non-iid__metric-privacy__fedavg__clients-16__seed-42__nm0p0182__clip5__rounds-20__epochs-5__cifar10_remove__cifar10_cnn round=2 (checkpoint deleted)
2026-08-11 15:23:27 EVALUATED cifar10-in-remove__non-iid__metric-privacy__fedavg__clients-16__seed-42__nm0p0182__clip5__rounds-20__epochs-5__cifar10_remove__cifar10_cnn round=3 (checkpoint deleted)
2026-08-11 15:23:33 EVALUATED cifar10-in-remove__non-iid__metric-privacy__fedavg__clients-16__seed-42__nm0p0182__clip5__rounds-20__epochs-5__cifar10_remove__cifar10_cnn round=4 (checkpoint deleted)
2026-08-11 15:23:38 EVALUATED cifar10-in-remove__non-iid__metric-privacy__fedavg__clients-16__seed-42__nm0p0182__clip5__rounds-20__epochs-5__cifar10_remove__cifar10_cnn round=5 (checkpoint deleted)
2026-08-11 15:23:44 EVALUATED cifar10-in-remove__non-iid__metric-privacy__fedavg__clients-16__seed-42__nm0p0182__clip5__rounds-20__epochs-5__cifar10_remove__cifar10_cnn round=6 (checkpoint deleted)
2026-08-11 15:23:50 EVALUATED cifar10-in-remove__non-iid__metric-privacy__fedavg__clients-16__seed-42__nm0p0182__clip5__rounds-20__epochs-5__cifar10_remove__cifar10_cnn round=7 (checkpoint deleted)
2026-08-11 15:23:56 EVALUATED cifar10-in-remove__non-iid__metric-privacy__fedavg__clients-16__seed-42__nm0p0182__clip5__rounds-20__epochs-5__cifar10_remove__cifar10_cnn round=8 (checkpoint deleted)
2026-08-11 15:24:01 EVALUATED cifar10-in-remove__non-iid__metric-privacy__fedavg__clients-16__seed-42__nm0p0182__clip5__rounds-20__epochs-5__cifar10_remove__cifar10_cnn round=9 (checkpoint deleted)
2026-08-11 15:24:07 EVALUATED cifar10-in-remove__non-iid__metric-privacy__fedavg__clients-16__seed-42__nm0p0182__clip5__rounds-20__epochs-5__cifar10_remove__cifar10_cnn round=10 (checkpoint deleted)
2026-08-11 15:24:13 EVALUATED cifar10-in-remove__non-iid__metric-privacy__fedavg__clients-16__seed-42__nm0p0182__clip5__rounds-20__epochs-5__cifar10_remove__cifar10_cnn round=11 (checkpoint deleted)
2026-08-11 15:24:19 EVALUATED cifar10-in-remove__non-iid__metric-privacy__fedavg__clients-16__seed-42__nm0p0182__clip5__rounds-20__epochs-5__cifar10_remove__cifar10_cnn round=12 (checkpoint deleted)
2026-08-11 15:24:24 EVALUATED cifar10-in-remove__non-iid__metric-privacy__fedavg__clients-16__seed-42__nm0p0182__clip5__rounds-20__epochs-5__cifar10_remove__cifar10_cnn round=13 (checkpoint deleted)
2026-08-11 15:24:30 EVALUATED cifar10-in-remove__non-iid__metric-privacy__fedavg__clients-16__seed-42__nm0p0182__clip5__rounds-20__epochs-5__cifar10_remove__cifar10_cnn round=14 (checkpoint deleted)
2026-08-11 15:24:36 EVALUATED cifar10-in-remove__non-iid__metric-privacy__fedavg__clients-16__seed-42__nm0p0182__clip5__rounds-20__epochs-5__cifar10_remove__cifar10_cnn round=15 (checkpoint deleted)
2026-08-11 15:24:42 EVALUATED cifar10-in-remove__non-iid__metric-privacy__fedavg__clients-16__seed-42__nm0p0182__clip5__rounds-20__epochs-5__cifar10_remove__cifar10_cnn round=16 (checkpoint deleted)
2026-08-11 15:24:47 EVALUATED cifar10-in-remove__non-iid__metric-privacy__fedavg__clients-16__seed-42__nm0p0182__clip5__rounds-20__epochs-5__cifar10_remove__cifar10_cnn round=17 (checkpoint deleted)
2026-08-11 15:24:53 EVALUATED cifar10-in-remove__non-iid__metric-privacy__fedavg__clients-16__seed-42__nm0p0182__clip5__rounds-20__epochs-5__cifar10_remove__cifar10_cnn round=18 (checkpoint deleted)
2026-08-11 15:24:59 EVALUATED cifar10-in-remove__non-iid__metric-privacy__fedavg__clients-16__seed-42__nm0p0182__clip5__rounds-20__epochs-5__cifar10_remove__cifar10_cnn round=19 (checkpoint deleted)
2026-08-11 15:25:05 EVALUATED cifar10-in-remove__non-iid__metric-privacy__fedavg__clients-16__seed-42__nm0p0182__clip5__rounds-20__epochs-5__cifar10_remove__cifar10_cnn round=20 (checkpoint deleted)
2026-08-11 15:25:05 PROGRESS 1/1 (0 failed so far)
2026-08-11 15:25:05 Sweep finished: 1/1 attempted, 0 failed
