2026-08-05 17:40:04 Starting full chunk: 2 trajectories
2026-08-05 17:40:04 START cifar-full-in-replace__non-iid__global-dp__fedavg__clients-8__seed-42__nm0p02__clip5__rounds-20__epochs-5__cifar_chunks__cifar10_cnn 
2026-08-05 17:44:23 DONE  cifar-full-in-replace__non-iid__global-dp__fedavg__clients-8__seed-42__nm0p02__clip5__rounds-20__epochs-5__cifar_chunks__cifar10_cnn (259.5s)
2026-08-05 17:44:31 EVALUATED cifar-full-in-replace__non-iid__global-dp__fedavg__clients-8__seed-42__nm0p02__clip5__rounds-20__epochs-5__cifar_chunks__cifar10_cnn round=1 (checkpoint deleted)
2026-08-05 17:44:36 EVALUATED cifar-full-in-replace__non-iid__global-dp__fedavg__clients-8__seed-42__nm0p02__clip5__rounds-20__epochs-5__cifar_chunks__cifar10_cnn round=2 (checkpoint deleted)
2026-08-05 17:44:40 EVALUATED cifar-full-in-replace__non-iid__global-dp__fedavg__clients-8__seed-42__nm0p02__clip5__rounds-20__epochs-5__cifar_chunks__cifar10_cnn round=3 (checkpoint deleted)
2026-08-05 17:44:45 EVALUATED cifar-full-in-replace__non-iid__global-dp__fedavg__clients-8__seed-42__nm0p02__clip5__rounds-20__epochs-5__cifar_chunks__cifar10_cnn round=4 (checkpoint deleted)
2026-08-05 17:44:49 EVALUATED cifar-full-in-replace__non-iid__global-dp__fedavg__clients-8__seed-42__nm0p02__clip5__rounds-20__epochs-5__cifar_chunks__cifar10_cnn round=5 (checkpoint deleted)
2026-08-05 17:44:53 EVALUATED cifar-full-in-replace__non-iid__global-dp__fedavg__clients-8__seed-42__nm0p02__clip5__rounds-20__epochs-5__cifar_chunks__cifar10_cnn round=6 (checkpoint deleted)
2026-08-05 17:44:58 EVALUATED cifar-full-in-replace__non-iid__global-dp__fedavg__clients-8__seed-42__nm0p02__clip5__rounds-20__epochs-5__cifar_chunks__cifar10_cnn round=7 (checkpoint deleted)
2026-08-05 17:45:02 EVALUATED cifar-full-in-replace__non-iid__global-dp__fedavg__clients-8__seed-42__nm0p02__clip5__rounds-20__epochs-5__cifar_chunks__cifar10_cnn round=8 (checkpoint deleted)
2026-08-05 17:45:07 EVALUATED cifar-full-in-replace__non-iid__global-dp__fedavg__clients-8__seed-42__nm0p02__clip5__rounds-20__epochs-5__cifar_chunks__cifar10_cnn round=9 (checkpoint deleted)
2026-08-05 17:45:11 EVALUATED cifar-full-in-replace__non-iid__global-dp__fedavg__clients-8__seed-42__nm0p02__clip5__rounds-20__epochs-5__cifar_chunks__cifar10_cnn round=10 (checkpoint deleted)
2026-08-05 17:45:16 EVALUATED cifar-full-in-replace__non-iid__global-dp__fedavg__clients-8__seed-42__nm0p02__clip5__rounds-20__epochs-5__cifar_chunks__cifar10_cnn round=11 (checkpoint deleted)
2026-08-05 17:45:20 EVALUATED cifar-full-in-replace__non-iid__global-dp__fedavg__clients-8__seed-42__nm0p02__clip5__rounds-20__epochs-5__cifar_chunks__cifar10_cnn round=12 (checkpoint deleted)
2026-08-05 17:45:25 EVALUATED cifar-full-in-replace__non-iid__global-dp__fedavg__clients-8__seed-42__nm0p02__clip5__rounds-20__epochs-5__cifar_chunks__cifar10_cnn round=13 (checkpoint deleted)
2026-08-05 17:45:29 EVALUATED cifar-full-in-replace__non-iid__global-dp__fedavg__clients-8__seed-42__nm0p02__clip5__rounds-20__epochs-5__cifar_chunks__cifar10_cnn round=14 (checkpoint deleted)
2026-08-05 17:45:33 EVALUATED cifar-full-in-replace__non-iid__global-dp__fedavg__clients-8__seed-42__nm0p02__clip5__rounds-20__epochs-5__cifar_chunks__cifar10_cnn round=15 (checkpoint deleted)
2026-08-05 17:45:38 EVALUATED cifar-full-in-replace__non-iid__global-dp__fedavg__clients-8__seed-42__nm0p02__clip5__rounds-20__epochs-5__cifar_chunks__cifar10_cnn round=16 (checkpoint deleted)
2026-08-05 17:45:42 EVALUATED cifar-full-in-replace__non-iid__global-dp__fedavg__clients-8__seed-42__nm0p02__clip5__rounds-20__epochs-5__cifar_chunks__cifar10_cnn round=17 (checkpoint deleted)
2026-08-05 17:45:47 EVALUATED cifar-full-in-replace__non-iid__global-dp__fedavg__clients-8__seed-42__nm0p02__clip5__rounds-20__epochs-5__cifar_chunks__cifar10_cnn round=18 (checkpoint deleted)
2026-08-05 17:45:51 EVALUATED cifar-full-in-replace__non-iid__global-dp__fedavg__clients-8__seed-42__nm0p02__clip5__rounds-20__epochs-5__cifar_chunks__cifar10_cnn round=19 (checkpoint deleted)
2026-08-05 17:45:56 EVALUATED cifar-full-in-replace__non-iid__global-dp__fedavg__clients-8__seed-42__nm0p02__clip5__rounds-20__epochs-5__cifar_chunks__cifar10_cnn round=20 (checkpoint deleted)
2026-08-05 17:45:56 PROGRESS 1/2 (0 failed so far)
2026-08-05 17:45:56 START cifar-full-in-replace__non-iid__metric-privacy__fedavg__clients-8__seed-42__nm0p02__clip5__rounds-20__epochs-5__cifar_chunks__cifar10_cnn 
2026-08-05 17:50:17 DONE  cifar-full-in-replace__non-iid__metric-privacy__fedavg__clients-8__seed-42__nm0p02__clip5__rounds-20__epochs-5__cifar_chunks__cifar10_cnn (261.8s)
2026-08-05 17:50:22 EVALUATED cifar-full-in-replace__non-iid__metric-privacy__fedavg__clients-8__seed-42__nm0p02__clip5__rounds-20__epochs-5__cifar_chunks__cifar10_cnn round=1 (checkpoint deleted)
2026-08-05 17:50:26 EVALUATED cifar-full-in-replace__non-iid__metric-privacy__fedavg__clients-8__seed-42__nm0p02__clip5__rounds-20__epochs-5__cifar_chunks__cifar10_cnn round=2 (checkpoint deleted)
2026-08-05 17:50:31 EVALUATED cifar-full-in-replace__non-iid__metric-privacy__fedavg__clients-8__seed-42__nm0p02__clip5__rounds-20__epochs-5__cifar_chunks__cifar10_cnn round=3 (checkpoint deleted)
2026-08-05 17:50:35 EVALUATED cifar-full-in-replace__non-iid__metric-privacy__fedavg__clients-8__seed-42__nm0p02__clip5__rounds-20__epochs-5__cifar_chunks__cifar10_cnn round=4 (checkpoint deleted)
2026-08-05 17:50:40 EVALUATED cifar-full-in-replace__non-iid__metric-privacy__fedavg__clients-8__seed-42__nm0p02__clip5__rounds-20__epochs-5__cifar_chunks__cifar10_cnn round=5 (checkpoint deleted)
2026-08-05 17:50:44 EVALUATED cifar-full-in-replace__non-iid__metric-privacy__fedavg__clients-8__seed-42__nm0p02__clip5__rounds-20__epochs-5__cifar_chunks__cifar10_cnn round=6 (checkpoint deleted)
2026-08-05 17:50:49 EVALUATED cifar-full-in-replace__non-iid__metric-privacy__fedavg__clients-8__seed-42__nm0p02__clip5__rounds-20__epochs-5__cifar_chunks__cifar10_cnn round=7 (checkpoint deleted)
2026-08-05 17:50:53 EVALUATED cifar-full-in-replace__non-iid__metric-privacy__fedavg__clients-8__seed-42__nm0p02__clip5__rounds-20__epochs-5__cifar_chunks__cifar10_cnn round=8 (checkpoint deleted)
2026-08-05 17:50:58 EVALUATED cifar-full-in-replace__non-iid__metric-privacy__fedavg__clients-8__seed-42__nm0p02__clip5__rounds-20__epochs-5__cifar_chunks__cifar10_cnn round=9 (checkpoint deleted)
2026-08-05 17:51:02 EVALUATED cifar-full-in-replace__non-iid__metric-privacy__fedavg__clients-8__seed-42__nm0p02__clip5__rounds-20__epochs-5__cifar_chunks__cifar10_cnn round=10 (checkpoint deleted)
2026-08-05 17:51:06 EVALUATED cifar-full-in-replace__non-iid__metric-privacy__fedavg__clients-8__seed-42__nm0p02__clip5__rounds-20__epochs-5__cifar_chunks__cifar10_cnn round=11 (checkpoint deleted)
2026-08-05 17:51:11 EVALUATED cifar-full-in-replace__non-iid__metric-privacy__fedavg__clients-8__seed-42__nm0p02__clip5__rounds-20__epochs-5__cifar_chunks__cifar10_cnn round=12 (checkpoint deleted)
2026-08-05 17:51:15 EVALUATED cifar-full-in-replace__non-iid__metric-privacy__fedavg__clients-8__seed-42__nm0p02__clip5__rounds-20__epochs-5__cifar_chunks__cifar10_cnn round=13 (checkpoint deleted)
2026-08-05 17:51:20 EVALUATED cifar-full-in-replace__non-iid__metric-privacy__fedavg__clients-8__seed-42__nm0p02__clip5__rounds-20__epochs-5__cifar_chunks__cifar10_cnn round=14 (checkpoint deleted)
2026-08-05 17:51:24 EVALUATED cifar-full-in-replace__non-iid__metric-privacy__fedavg__clients-8__seed-42__nm0p02__clip5__rounds-20__epochs-5__cifar_chunks__cifar10_cnn round=15 (checkpoint deleted)
2026-08-05 17:51:29 EVALUATED cifar-full-in-replace__non-iid__metric-privacy__fedavg__clients-8__seed-42__nm0p02__clip5__rounds-20__epochs-5__cifar_chunks__cifar10_cnn round=16 (checkpoint deleted)
2026-08-05 17:51:33 EVALUATED cifar-full-in-replace__non-iid__metric-privacy__fedavg__clients-8__seed-42__nm0p02__clip5__rounds-20__epochs-5__cifar_chunks__cifar10_cnn round=17 (checkpoint deleted)
2026-08-05 17:51:38 EVALUATED cifar-full-in-replace__non-iid__metric-privacy__fedavg__clients-8__seed-42__nm0p02__clip5__rounds-20__epochs-5__cifar_chunks__cifar10_cnn round=18 (checkpoint deleted)
2026-08-05 17:51:42 EVALUATED cifar-full-in-replace__non-iid__metric-privacy__fedavg__clients-8__seed-42__nm0p02__clip5__rounds-20__epochs-5__cifar_chunks__cifar10_cnn round=19 (checkpoint deleted)
2026-08-05 17:51:46 EVALUATED cifar-full-in-replace__non-iid__metric-privacy__fedavg__clients-8__seed-42__nm0p02__clip5__rounds-20__epochs-5__cifar_chunks__cifar10_cnn round=20 (checkpoint deleted)
2026-08-05 17:51:46 PROGRESS 2/2 (0 failed so far)
2026-08-05 17:51:46 Sweep finished: 2/2 attempted, 0 failed
