2026-08-11 20:01:12 CIFAR-10 removal CIA chunk (global-dp, clients=48): 1 trajectories
2026-08-11 20:01:12 START cifar10-in-remove__non-iid__global-dp__fedavg__clients-48__seed-42__nm0p0182__clip5__rounds-20__epochs-5__cifar10_remove__cifar10_cnn 
2026-08-11 20:14:30 DONE  cifar10-in-remove__non-iid__global-dp__fedavg__clients-48__seed-42__nm0p0182__clip5__rounds-20__epochs-5__cifar10_remove__cifar10_cnn (798.4s)
2026-08-11 20:14:37 EVALUATED cifar10-in-remove__non-iid__global-dp__fedavg__clients-48__seed-42__nm0p0182__clip5__rounds-20__epochs-5__cifar10_remove__cifar10_cnn round=1 (checkpoint deleted)
2026-08-11 20:14:42 EVALUATED cifar10-in-remove__non-iid__global-dp__fedavg__clients-48__seed-42__nm0p0182__clip5__rounds-20__epochs-5__cifar10_remove__cifar10_cnn round=2 (checkpoint deleted)
2026-08-11 20:14:47 EVALUATED cifar10-in-remove__non-iid__global-dp__fedavg__clients-48__seed-42__nm0p0182__clip5__rounds-20__epochs-5__cifar10_remove__cifar10_cnn round=3 (checkpoint deleted)
2026-08-11 20:14:52 EVALUATED cifar10-in-remove__non-iid__global-dp__fedavg__clients-48__seed-42__nm0p0182__clip5__rounds-20__epochs-5__cifar10_remove__cifar10_cnn round=4 (checkpoint deleted)
2026-08-11 20:14:57 EVALUATED cifar10-in-remove__non-iid__global-dp__fedavg__clients-48__seed-42__nm0p0182__clip5__rounds-20__epochs-5__cifar10_remove__cifar10_cnn round=5 (checkpoint deleted)
2026-08-11 20:15:02 EVALUATED cifar10-in-remove__non-iid__global-dp__fedavg__clients-48__seed-42__nm0p0182__clip5__rounds-20__epochs-5__cifar10_remove__cifar10_cnn round=6 (checkpoint deleted)
2026-08-11 20:15:07 EVALUATED cifar10-in-remove__non-iid__global-dp__fedavg__clients-48__seed-42__nm0p0182__clip5__rounds-20__epochs-5__cifar10_remove__cifar10_cnn round=7 (checkpoint deleted)
2026-08-11 20:15:12 EVALUATED cifar10-in-remove__non-iid__global-dp__fedavg__clients-48__seed-42__nm0p0182__clip5__rounds-20__epochs-5__cifar10_remove__cifar10_cnn round=8 (checkpoint deleted)
2026-08-11 20:15:17 EVALUATED cifar10-in-remove__non-iid__global-dp__fedavg__clients-48__seed-42__nm0p0182__clip5__rounds-20__epochs-5__cifar10_remove__cifar10_cnn round=9 (checkpoint deleted)
2026-08-11 20:15:22 EVALUATED cifar10-in-remove__non-iid__global-dp__fedavg__clients-48__seed-42__nm0p0182__clip5__rounds-20__epochs-5__cifar10_remove__cifar10_cnn round=10 (checkpoint deleted)
2026-08-11 20:15:27 EVALUATED cifar10-in-remove__non-iid__global-dp__fedavg__clients-48__seed-42__nm0p0182__clip5__rounds-20__epochs-5__cifar10_remove__cifar10_cnn round=11 (checkpoint deleted)
2026-08-11 20:15:32 EVALUATED cifar10-in-remove__non-iid__global-dp__fedavg__clients-48__seed-42__nm0p0182__clip5__rounds-20__epochs-5__cifar10_remove__cifar10_cnn round=12 (checkpoint deleted)
2026-08-11 20:15:38 EVALUATED cifar10-in-remove__non-iid__global-dp__fedavg__clients-48__seed-42__nm0p0182__clip5__rounds-20__epochs-5__cifar10_remove__cifar10_cnn round=13 (checkpoint deleted)
2026-08-11 20:15:43 EVALUATED cifar10-in-remove__non-iid__global-dp__fedavg__clients-48__seed-42__nm0p0182__clip5__rounds-20__epochs-5__cifar10_remove__cifar10_cnn round=14 (checkpoint deleted)
2026-08-11 20:15:47 EVALUATED cifar10-in-remove__non-iid__global-dp__fedavg__clients-48__seed-42__nm0p0182__clip5__rounds-20__epochs-5__cifar10_remove__cifar10_cnn round=15 (checkpoint deleted)
2026-08-11 20:15:53 EVALUATED cifar10-in-remove__non-iid__global-dp__fedavg__clients-48__seed-42__nm0p0182__clip5__rounds-20__epochs-5__cifar10_remove__cifar10_cnn round=16 (checkpoint deleted)
2026-08-11 20:15:58 EVALUATED cifar10-in-remove__non-iid__global-dp__fedavg__clients-48__seed-42__nm0p0182__clip5__rounds-20__epochs-5__cifar10_remove__cifar10_cnn round=17 (checkpoint deleted)
2026-08-11 20:16:03 EVALUATED cifar10-in-remove__non-iid__global-dp__fedavg__clients-48__seed-42__nm0p0182__clip5__rounds-20__epochs-5__cifar10_remove__cifar10_cnn round=18 (checkpoint deleted)
2026-08-11 20:16:08 EVALUATED cifar10-in-remove__non-iid__global-dp__fedavg__clients-48__seed-42__nm0p0182__clip5__rounds-20__epochs-5__cifar10_remove__cifar10_cnn round=19 (checkpoint deleted)
2026-08-11 20:16:13 EVALUATED cifar10-in-remove__non-iid__global-dp__fedavg__clients-48__seed-42__nm0p0182__clip5__rounds-20__epochs-5__cifar10_remove__cifar10_cnn round=20 (checkpoint deleted)
2026-08-11 20:16:13 PROGRESS 1/1 (0 failed so far)
2026-08-11 20:16:13 Sweep finished: 1/1 attempted, 0 failed
