2026-08-21 01:14:51 Fashion-MNIST stage (global-dp, homogeneous, seed=42, noise_ratio=0.00033455428668894335): 2 trajectories
2026-08-21 01:14:51 START fashion-mnist-in-remove__homogeneous__global-dp__fedavg__clients-48__seed-42__nm0p0160586__clip5__rounds-100__epochs-5__fashion_mnist_remove__fashion_mnist_cnn 
2026-08-21 01:30:46 DONE  fashion-mnist-in-remove__homogeneous__global-dp__fedavg__clients-48__seed-42__nm0p0160586__clip5__rounds-100__epochs-5__fashion_mnist_remove__fashion_mnist_cnn (955.5s)
2026-08-21 01:30:49 EVALUATED fashion-mnist-in-remove__homogeneous__global-dp__fedavg__clients-48__seed-42__nm0p0160586__clip5__rounds-100__epochs-5__fashion_mnist_remove__fashion_mnist_cnn round=1 (checkpoint deleted)
2026-08-21 01:30:51 EVALUATED fashion-mnist-in-remove__homogeneous__global-dp__fedavg__clients-48__seed-42__nm0p0160586__clip5__rounds-100__epochs-5__fashion_mnist_remove__fashion_mnist_cnn round=10 (checkpoint deleted)
2026-08-21 01:30:54 EVALUATED fashion-mnist-in-remove__homogeneous__global-dp__fedavg__clients-48__seed-42__nm0p0160586__clip5__rounds-100__epochs-5__fashion_mnist_remove__fashion_mnist_cnn round=20 (checkpoint deleted)
2026-08-21 01:30:57 EVALUATED fashion-mnist-in-remove__homogeneous__global-dp__fedavg__clients-48__seed-42__nm0p0160586__clip5__rounds-100__epochs-5__fashion_mnist_remove__fashion_mnist_cnn round=30 (checkpoint deleted)
2026-08-21 01:30:59 EVALUATED fashion-mnist-in-remove__homogeneous__global-dp__fedavg__clients-48__seed-42__nm0p0160586__clip5__rounds-100__epochs-5__fashion_mnist_remove__fashion_mnist_cnn round=40 (checkpoint deleted)
2026-08-21 01:31:02 EVALUATED fashion-mnist-in-remove__homogeneous__global-dp__fedavg__clients-48__seed-42__nm0p0160586__clip5__rounds-100__epochs-5__fashion_mnist_remove__fashion_mnist_cnn round=50 (checkpoint deleted)
2026-08-21 01:31:05 EVALUATED fashion-mnist-in-remove__homogeneous__global-dp__fedavg__clients-48__seed-42__nm0p0160586__clip5__rounds-100__epochs-5__fashion_mnist_remove__fashion_mnist_cnn round=60 (checkpoint deleted)
2026-08-21 01:31:07 EVALUATED fashion-mnist-in-remove__homogeneous__global-dp__fedavg__clients-48__seed-42__nm0p0160586__clip5__rounds-100__epochs-5__fashion_mnist_remove__fashion_mnist_cnn round=70 (checkpoint deleted)
2026-08-21 01:31:10 EVALUATED fashion-mnist-in-remove__homogeneous__global-dp__fedavg__clients-48__seed-42__nm0p0160586__clip5__rounds-100__epochs-5__fashion_mnist_remove__fashion_mnist_cnn round=80 (checkpoint deleted)
2026-08-21 01:31:13 EVALUATED fashion-mnist-in-remove__homogeneous__global-dp__fedavg__clients-48__seed-42__nm0p0160586__clip5__rounds-100__epochs-5__fashion_mnist_remove__fashion_mnist_cnn round=90 (checkpoint deleted)
2026-08-21 01:31:15 EVALUATED fashion-mnist-in-remove__homogeneous__global-dp__fedavg__clients-48__seed-42__nm0p0160586__clip5__rounds-100__epochs-5__fashion_mnist_remove__fashion_mnist_cnn round=100 (checkpoint deleted)
2026-08-21 01:31:15 PROGRESS 1/2 (0 failed so far)
2026-08-21 01:31:15 START fashion-mnist-out-remove__homogeneous__global-dp__fedavg__clients-47__seed-42__nm0p0157241__clip5__rounds-100__epochs-5__fashion_mnist_remove__fashion_mnist_cnn 
2026-08-21 01:46:50 DONE  fashion-mnist-out-remove__homogeneous__global-dp__fedavg__clients-47__seed-42__nm0p0157241__clip5__rounds-100__epochs-5__fashion_mnist_remove__fashion_mnist_cnn (934.6s)
2026-08-21 01:46:53 EVALUATED fashion-mnist-out-remove__homogeneous__global-dp__fedavg__clients-47__seed-42__nm0p0157241__clip5__rounds-100__epochs-5__fashion_mnist_remove__fashion_mnist_cnn round=1 (checkpoint deleted)
2026-08-21 01:46:55 EVALUATED fashion-mnist-out-remove__homogeneous__global-dp__fedavg__clients-47__seed-42__nm0p0157241__clip5__rounds-100__epochs-5__fashion_mnist_remove__fashion_mnist_cnn round=10 (checkpoint deleted)
2026-08-21 01:46:58 EVALUATED fashion-mnist-out-remove__homogeneous__global-dp__fedavg__clients-47__seed-42__nm0p0157241__clip5__rounds-100__epochs-5__fashion_mnist_remove__fashion_mnist_cnn round=20 (checkpoint deleted)
2026-08-21 01:47:01 EVALUATED fashion-mnist-out-remove__homogeneous__global-dp__fedavg__clients-47__seed-42__nm0p0157241__clip5__rounds-100__epochs-5__fashion_mnist_remove__fashion_mnist_cnn round=30 (checkpoint deleted)
2026-08-21 01:47:03 EVALUATED fashion-mnist-out-remove__homogeneous__global-dp__fedavg__clients-47__seed-42__nm0p0157241__clip5__rounds-100__epochs-5__fashion_mnist_remove__fashion_mnist_cnn round=40 (checkpoint deleted)
2026-08-21 01:47:06 EVALUATED fashion-mnist-out-remove__homogeneous__global-dp__fedavg__clients-47__seed-42__nm0p0157241__clip5__rounds-100__epochs-5__fashion_mnist_remove__fashion_mnist_cnn round=50 (checkpoint deleted)
2026-08-21 01:47:09 EVALUATED fashion-mnist-out-remove__homogeneous__global-dp__fedavg__clients-47__seed-42__nm0p0157241__clip5__rounds-100__epochs-5__fashion_mnist_remove__fashion_mnist_cnn round=60 (checkpoint deleted)
2026-08-21 01:47:11 EVALUATED fashion-mnist-out-remove__homogeneous__global-dp__fedavg__clients-47__seed-42__nm0p0157241__clip5__rounds-100__epochs-5__fashion_mnist_remove__fashion_mnist_cnn round=70 (checkpoint deleted)
2026-08-21 01:47:14 EVALUATED fashion-mnist-out-remove__homogeneous__global-dp__fedavg__clients-47__seed-42__nm0p0157241__clip5__rounds-100__epochs-5__fashion_mnist_remove__fashion_mnist_cnn round=80 (checkpoint deleted)
2026-08-21 01:47:17 EVALUATED fashion-mnist-out-remove__homogeneous__global-dp__fedavg__clients-47__seed-42__nm0p0157241__clip5__rounds-100__epochs-5__fashion_mnist_remove__fashion_mnist_cnn round=90 (checkpoint deleted)
2026-08-21 01:47:19 EVALUATED fashion-mnist-out-remove__homogeneous__global-dp__fedavg__clients-47__seed-42__nm0p0157241__clip5__rounds-100__epochs-5__fashion_mnist_remove__fashion_mnist_cnn round=100 (checkpoint deleted)
2026-08-21 01:47:19 PROGRESS 2/2 (0 failed so far)
2026-08-21 01:47:19 Sweep finished: 2/2 attempted, 0 failed
