2026-08-05 19:32:32 Starting full chunk: 2 trajectories
2026-08-05 19:32:32 START cifar-full-out-replace__non-iid__global-dp__fedavg__clients-8__seed-43__nm0p05__clip5__rounds-20__epochs-5__cifar_chunks__cifar10_cnn 
2026-08-05 19:36:56 DONE  cifar-full-out-replace__non-iid__global-dp__fedavg__clients-8__seed-43__nm0p05__clip5__rounds-20__epochs-5__cifar_chunks__cifar10_cnn (264.5s)
2026-08-05 19:37:05 EVALUATED cifar-full-out-replace__non-iid__global-dp__fedavg__clients-8__seed-43__nm0p05__clip5__rounds-20__epochs-5__cifar_chunks__cifar10_cnn round=1 (checkpoint deleted)
2026-08-05 19:37:10 EVALUATED cifar-full-out-replace__non-iid__global-dp__fedavg__clients-8__seed-43__nm0p05__clip5__rounds-20__epochs-5__cifar_chunks__cifar10_cnn round=2 (checkpoint deleted)
2026-08-05 19:37:15 EVALUATED cifar-full-out-replace__non-iid__global-dp__fedavg__clients-8__seed-43__nm0p05__clip5__rounds-20__epochs-5__cifar_chunks__cifar10_cnn round=3 (checkpoint deleted)
2026-08-05 19:37:21 EVALUATED cifar-full-out-replace__non-iid__global-dp__fedavg__clients-8__seed-43__nm0p05__clip5__rounds-20__epochs-5__cifar_chunks__cifar10_cnn round=4 (checkpoint deleted)
2026-08-05 19:37:26 EVALUATED cifar-full-out-replace__non-iid__global-dp__fedavg__clients-8__seed-43__nm0p05__clip5__rounds-20__epochs-5__cifar_chunks__cifar10_cnn round=5 (checkpoint deleted)
2026-08-05 19:37:31 EVALUATED cifar-full-out-replace__non-iid__global-dp__fedavg__clients-8__seed-43__nm0p05__clip5__rounds-20__epochs-5__cifar_chunks__cifar10_cnn round=6 (checkpoint deleted)
2026-08-05 19:37:36 EVALUATED cifar-full-out-replace__non-iid__global-dp__fedavg__clients-8__seed-43__nm0p05__clip5__rounds-20__epochs-5__cifar_chunks__cifar10_cnn round=7 (checkpoint deleted)
2026-08-05 19:37:42 EVALUATED cifar-full-out-replace__non-iid__global-dp__fedavg__clients-8__seed-43__nm0p05__clip5__rounds-20__epochs-5__cifar_chunks__cifar10_cnn round=8 (checkpoint deleted)
2026-08-05 19:37:47 EVALUATED cifar-full-out-replace__non-iid__global-dp__fedavg__clients-8__seed-43__nm0p05__clip5__rounds-20__epochs-5__cifar_chunks__cifar10_cnn round=9 (checkpoint deleted)
2026-08-05 19:37:52 EVALUATED cifar-full-out-replace__non-iid__global-dp__fedavg__clients-8__seed-43__nm0p05__clip5__rounds-20__epochs-5__cifar_chunks__cifar10_cnn round=10 (checkpoint deleted)
2026-08-05 19:37:57 EVALUATED cifar-full-out-replace__non-iid__global-dp__fedavg__clients-8__seed-43__nm0p05__clip5__rounds-20__epochs-5__cifar_chunks__cifar10_cnn round=11 (checkpoint deleted)
2026-08-05 19:38:03 EVALUATED cifar-full-out-replace__non-iid__global-dp__fedavg__clients-8__seed-43__nm0p05__clip5__rounds-20__epochs-5__cifar_chunks__cifar10_cnn round=12 (checkpoint deleted)
2026-08-05 19:38:08 EVALUATED cifar-full-out-replace__non-iid__global-dp__fedavg__clients-8__seed-43__nm0p05__clip5__rounds-20__epochs-5__cifar_chunks__cifar10_cnn round=13 (checkpoint deleted)
2026-08-05 19:38:13 EVALUATED cifar-full-out-replace__non-iid__global-dp__fedavg__clients-8__seed-43__nm0p05__clip5__rounds-20__epochs-5__cifar_chunks__cifar10_cnn round=14 (checkpoint deleted)
2026-08-05 19:38:18 EVALUATED cifar-full-out-replace__non-iid__global-dp__fedavg__clients-8__seed-43__nm0p05__clip5__rounds-20__epochs-5__cifar_chunks__cifar10_cnn round=15 (checkpoint deleted)
2026-08-05 19:38:23 EVALUATED cifar-full-out-replace__non-iid__global-dp__fedavg__clients-8__seed-43__nm0p05__clip5__rounds-20__epochs-5__cifar_chunks__cifar10_cnn round=16 (checkpoint deleted)
2026-08-05 19:38:29 EVALUATED cifar-full-out-replace__non-iid__global-dp__fedavg__clients-8__seed-43__nm0p05__clip5__rounds-20__epochs-5__cifar_chunks__cifar10_cnn round=17 (checkpoint deleted)
2026-08-05 19:38:34 EVALUATED cifar-full-out-replace__non-iid__global-dp__fedavg__clients-8__seed-43__nm0p05__clip5__rounds-20__epochs-5__cifar_chunks__cifar10_cnn round=18 (checkpoint deleted)
2026-08-05 19:38:39 EVALUATED cifar-full-out-replace__non-iid__global-dp__fedavg__clients-8__seed-43__nm0p05__clip5__rounds-20__epochs-5__cifar_chunks__cifar10_cnn round=19 (checkpoint deleted)
2026-08-05 19:38:44 EVALUATED cifar-full-out-replace__non-iid__global-dp__fedavg__clients-8__seed-43__nm0p05__clip5__rounds-20__epochs-5__cifar_chunks__cifar10_cnn round=20 (checkpoint deleted)
2026-08-05 19:38:44 PROGRESS 1/2 (0 failed so far)
2026-08-05 19:38:44 START cifar-full-out-replace__non-iid__metric-privacy__fedavg__clients-8__seed-43__nm0p05__clip5__rounds-20__epochs-5__cifar_chunks__cifar10_cnn 
2026-08-05 19:43:11 DONE  cifar-full-out-replace__non-iid__metric-privacy__fedavg__clients-8__seed-43__nm0p05__clip5__rounds-20__epochs-5__cifar_chunks__cifar10_cnn (266.4s)
2026-08-05 19:43:16 EVALUATED cifar-full-out-replace__non-iid__metric-privacy__fedavg__clients-8__seed-43__nm0p05__clip5__rounds-20__epochs-5__cifar_chunks__cifar10_cnn round=1 (checkpoint deleted)
2026-08-05 19:43:21 EVALUATED cifar-full-out-replace__non-iid__metric-privacy__fedavg__clients-8__seed-43__nm0p05__clip5__rounds-20__epochs-5__cifar_chunks__cifar10_cnn round=2 (checkpoint deleted)
2026-08-05 19:43:26 EVALUATED cifar-full-out-replace__non-iid__metric-privacy__fedavg__clients-8__seed-43__nm0p05__clip5__rounds-20__epochs-5__cifar_chunks__cifar10_cnn round=3 (checkpoint deleted)
2026-08-05 19:43:32 EVALUATED cifar-full-out-replace__non-iid__metric-privacy__fedavg__clients-8__seed-43__nm0p05__clip5__rounds-20__epochs-5__cifar_chunks__cifar10_cnn round=4 (checkpoint deleted)
2026-08-05 19:43:37 EVALUATED cifar-full-out-replace__non-iid__metric-privacy__fedavg__clients-8__seed-43__nm0p05__clip5__rounds-20__epochs-5__cifar_chunks__cifar10_cnn round=5 (checkpoint deleted)
2026-08-05 19:43:42 EVALUATED cifar-full-out-replace__non-iid__metric-privacy__fedavg__clients-8__seed-43__nm0p05__clip5__rounds-20__epochs-5__cifar_chunks__cifar10_cnn round=6 (checkpoint deleted)
2026-08-05 19:43:48 EVALUATED cifar-full-out-replace__non-iid__metric-privacy__fedavg__clients-8__seed-43__nm0p05__clip5__rounds-20__epochs-5__cifar_chunks__cifar10_cnn round=7 (checkpoint deleted)
2026-08-05 19:43:53 EVALUATED cifar-full-out-replace__non-iid__metric-privacy__fedavg__clients-8__seed-43__nm0p05__clip5__rounds-20__epochs-5__cifar_chunks__cifar10_cnn round=8 (checkpoint deleted)
2026-08-05 19:43:58 EVALUATED cifar-full-out-replace__non-iid__metric-privacy__fedavg__clients-8__seed-43__nm0p05__clip5__rounds-20__epochs-5__cifar_chunks__cifar10_cnn round=9 (checkpoint deleted)
2026-08-05 19:44:03 EVALUATED cifar-full-out-replace__non-iid__metric-privacy__fedavg__clients-8__seed-43__nm0p05__clip5__rounds-20__epochs-5__cifar_chunks__cifar10_cnn round=10 (checkpoint deleted)
2026-08-05 19:44:09 EVALUATED cifar-full-out-replace__non-iid__metric-privacy__fedavg__clients-8__seed-43__nm0p05__clip5__rounds-20__epochs-5__cifar_chunks__cifar10_cnn round=11 (checkpoint deleted)
2026-08-05 19:44:14 EVALUATED cifar-full-out-replace__non-iid__metric-privacy__fedavg__clients-8__seed-43__nm0p05__clip5__rounds-20__epochs-5__cifar_chunks__cifar10_cnn round=12 (checkpoint deleted)
2026-08-05 19:44:19 EVALUATED cifar-full-out-replace__non-iid__metric-privacy__fedavg__clients-8__seed-43__nm0p05__clip5__rounds-20__epochs-5__cifar_chunks__cifar10_cnn round=13 (checkpoint deleted)
2026-08-05 19:44:25 EVALUATED cifar-full-out-replace__non-iid__metric-privacy__fedavg__clients-8__seed-43__nm0p05__clip5__rounds-20__epochs-5__cifar_chunks__cifar10_cnn round=14 (checkpoint deleted)
2026-08-05 19:44:30 EVALUATED cifar-full-out-replace__non-iid__metric-privacy__fedavg__clients-8__seed-43__nm0p05__clip5__rounds-20__epochs-5__cifar_chunks__cifar10_cnn round=15 (checkpoint deleted)
2026-08-05 19:44:35 EVALUATED cifar-full-out-replace__non-iid__metric-privacy__fedavg__clients-8__seed-43__nm0p05__clip5__rounds-20__epochs-5__cifar_chunks__cifar10_cnn round=16 (checkpoint deleted)
2026-08-05 19:44:41 EVALUATED cifar-full-out-replace__non-iid__metric-privacy__fedavg__clients-8__seed-43__nm0p05__clip5__rounds-20__epochs-5__cifar_chunks__cifar10_cnn round=17 (checkpoint deleted)
2026-08-05 19:44:46 EVALUATED cifar-full-out-replace__non-iid__metric-privacy__fedavg__clients-8__seed-43__nm0p05__clip5__rounds-20__epochs-5__cifar_chunks__cifar10_cnn round=18 (checkpoint deleted)
2026-08-05 19:44:51 EVALUATED cifar-full-out-replace__non-iid__metric-privacy__fedavg__clients-8__seed-43__nm0p05__clip5__rounds-20__epochs-5__cifar_chunks__cifar10_cnn round=19 (checkpoint deleted)
2026-08-05 19:44:56 EVALUATED cifar-full-out-replace__non-iid__metric-privacy__fedavg__clients-8__seed-43__nm0p05__clip5__rounds-20__epochs-5__cifar_chunks__cifar10_cnn round=20 (checkpoint deleted)
2026-08-05 19:44:56 PROGRESS 2/2 (0 failed so far)
2026-08-05 19:44:56 Sweep finished: 2/2 attempted, 0 failed
