2026-08-21 18:53:22 CIFAR-10 stage (global-dp, non-iid, seed=42, noise_ratio=0.00125): 2 trajectories
2026-08-21 18:53:22 START cifar10-in-remove__non-iid__global-dp__fedavg__clients-100__seed-42__nm0p125__clip5__rounds-20__epochs-5__cifar10_remove__cifar10_cnn 
2026-08-21 19:00:03 DONE  cifar10-in-remove__non-iid__global-dp__fedavg__clients-100__seed-42__nm0p125__clip5__rounds-20__epochs-5__cifar10_remove__cifar10_cnn (401.8s)
2026-08-21 19:00:06 EVALUATED cifar10-in-remove__non-iid__global-dp__fedavg__clients-100__seed-42__nm0p125__clip5__rounds-20__epochs-5__cifar10_remove__cifar10_cnn round=1 (checkpoint deleted)
2026-08-21 19:00:09 EVALUATED cifar10-in-remove__non-iid__global-dp__fedavg__clients-100__seed-42__nm0p125__clip5__rounds-20__epochs-5__cifar10_remove__cifar10_cnn round=2 (checkpoint deleted)
2026-08-21 19:00:12 EVALUATED cifar10-in-remove__non-iid__global-dp__fedavg__clients-100__seed-42__nm0p125__clip5__rounds-20__epochs-5__cifar10_remove__cifar10_cnn round=3 (checkpoint deleted)
2026-08-21 19:00:16 EVALUATED cifar10-in-remove__non-iid__global-dp__fedavg__clients-100__seed-42__nm0p125__clip5__rounds-20__epochs-5__cifar10_remove__cifar10_cnn round=4 (checkpoint deleted)
2026-08-21 19:00:19 EVALUATED cifar10-in-remove__non-iid__global-dp__fedavg__clients-100__seed-42__nm0p125__clip5__rounds-20__epochs-5__cifar10_remove__cifar10_cnn round=5 (checkpoint deleted)
2026-08-21 19:00:22 EVALUATED cifar10-in-remove__non-iid__global-dp__fedavg__clients-100__seed-42__nm0p125__clip5__rounds-20__epochs-5__cifar10_remove__cifar10_cnn round=6 (checkpoint deleted)
2026-08-21 19:00:24 EVALUATED cifar10-in-remove__non-iid__global-dp__fedavg__clients-100__seed-42__nm0p125__clip5__rounds-20__epochs-5__cifar10_remove__cifar10_cnn round=7 (checkpoint deleted)
2026-08-21 19:00:28 EVALUATED cifar10-in-remove__non-iid__global-dp__fedavg__clients-100__seed-42__nm0p125__clip5__rounds-20__epochs-5__cifar10_remove__cifar10_cnn round=8 (checkpoint deleted)
2026-08-21 19:00:31 EVALUATED cifar10-in-remove__non-iid__global-dp__fedavg__clients-100__seed-42__nm0p125__clip5__rounds-20__epochs-5__cifar10_remove__cifar10_cnn round=9 (checkpoint deleted)
2026-08-21 19:00:33 EVALUATED cifar10-in-remove__non-iid__global-dp__fedavg__clients-100__seed-42__nm0p125__clip5__rounds-20__epochs-5__cifar10_remove__cifar10_cnn round=10 (checkpoint deleted)
2026-08-21 19:00:36 EVALUATED cifar10-in-remove__non-iid__global-dp__fedavg__clients-100__seed-42__nm0p125__clip5__rounds-20__epochs-5__cifar10_remove__cifar10_cnn round=11 (checkpoint deleted)
2026-08-21 19:00:39 EVALUATED cifar10-in-remove__non-iid__global-dp__fedavg__clients-100__seed-42__nm0p125__clip5__rounds-20__epochs-5__cifar10_remove__cifar10_cnn round=12 (checkpoint deleted)
2026-08-21 19:00:43 EVALUATED cifar10-in-remove__non-iid__global-dp__fedavg__clients-100__seed-42__nm0p125__clip5__rounds-20__epochs-5__cifar10_remove__cifar10_cnn round=13 (checkpoint deleted)
2026-08-21 19:00:46 EVALUATED cifar10-in-remove__non-iid__global-dp__fedavg__clients-100__seed-42__nm0p125__clip5__rounds-20__epochs-5__cifar10_remove__cifar10_cnn round=14 (checkpoint deleted)
2026-08-21 19:00:49 EVALUATED cifar10-in-remove__non-iid__global-dp__fedavg__clients-100__seed-42__nm0p125__clip5__rounds-20__epochs-5__cifar10_remove__cifar10_cnn round=15 (checkpoint deleted)
2026-08-21 19:00:52 EVALUATED cifar10-in-remove__non-iid__global-dp__fedavg__clients-100__seed-42__nm0p125__clip5__rounds-20__epochs-5__cifar10_remove__cifar10_cnn round=16 (checkpoint deleted)
2026-08-21 19:00:55 EVALUATED cifar10-in-remove__non-iid__global-dp__fedavg__clients-100__seed-42__nm0p125__clip5__rounds-20__epochs-5__cifar10_remove__cifar10_cnn round=17 (checkpoint deleted)
2026-08-21 19:00:58 EVALUATED cifar10-in-remove__non-iid__global-dp__fedavg__clients-100__seed-42__nm0p125__clip5__rounds-20__epochs-5__cifar10_remove__cifar10_cnn round=18 (checkpoint deleted)
2026-08-21 19:01:01 EVALUATED cifar10-in-remove__non-iid__global-dp__fedavg__clients-100__seed-42__nm0p125__clip5__rounds-20__epochs-5__cifar10_remove__cifar10_cnn round=19 (checkpoint deleted)
2026-08-21 19:01:04 EVALUATED cifar10-in-remove__non-iid__global-dp__fedavg__clients-100__seed-42__nm0p125__clip5__rounds-20__epochs-5__cifar10_remove__cifar10_cnn round=20 (checkpoint deleted)
2026-08-21 19:01:04 PROGRESS 1/2 (0 failed so far)
2026-08-21 19:01:04 START cifar10-out-remove__non-iid__global-dp__fedavg__clients-99__seed-42__nm0p12375__clip5__rounds-20__epochs-5__cifar10_remove__cifar10_cnn 
2026-08-21 19:07:42 DONE  cifar10-out-remove__non-iid__global-dp__fedavg__clients-99__seed-42__nm0p12375__clip5__rounds-20__epochs-5__cifar10_remove__cifar10_cnn (397.9s)
2026-08-21 19:07:45 EVALUATED cifar10-out-remove__non-iid__global-dp__fedavg__clients-99__seed-42__nm0p12375__clip5__rounds-20__epochs-5__cifar10_remove__cifar10_cnn round=1 (checkpoint deleted)
2026-08-21 19:07:48 EVALUATED cifar10-out-remove__non-iid__global-dp__fedavg__clients-99__seed-42__nm0p12375__clip5__rounds-20__epochs-5__cifar10_remove__cifar10_cnn round=2 (checkpoint deleted)
2026-08-21 19:07:51 EVALUATED cifar10-out-remove__non-iid__global-dp__fedavg__clients-99__seed-42__nm0p12375__clip5__rounds-20__epochs-5__cifar10_remove__cifar10_cnn round=3 (checkpoint deleted)
2026-08-21 19:07:54 EVALUATED cifar10-out-remove__non-iid__global-dp__fedavg__clients-99__seed-42__nm0p12375__clip5__rounds-20__epochs-5__cifar10_remove__cifar10_cnn round=4 (checkpoint deleted)
2026-08-21 19:07:57 EVALUATED cifar10-out-remove__non-iid__global-dp__fedavg__clients-99__seed-42__nm0p12375__clip5__rounds-20__epochs-5__cifar10_remove__cifar10_cnn round=5 (checkpoint deleted)
2026-08-21 19:08:00 EVALUATED cifar10-out-remove__non-iid__global-dp__fedavg__clients-99__seed-42__nm0p12375__clip5__rounds-20__epochs-5__cifar10_remove__cifar10_cnn round=6 (checkpoint deleted)
2026-08-21 19:08:03 EVALUATED cifar10-out-remove__non-iid__global-dp__fedavg__clients-99__seed-42__nm0p12375__clip5__rounds-20__epochs-5__cifar10_remove__cifar10_cnn round=7 (checkpoint deleted)
2026-08-21 19:08:06 EVALUATED cifar10-out-remove__non-iid__global-dp__fedavg__clients-99__seed-42__nm0p12375__clip5__rounds-20__epochs-5__cifar10_remove__cifar10_cnn round=8 (checkpoint deleted)
2026-08-21 19:08:09 EVALUATED cifar10-out-remove__non-iid__global-dp__fedavg__clients-99__seed-42__nm0p12375__clip5__rounds-20__epochs-5__cifar10_remove__cifar10_cnn round=9 (checkpoint deleted)
2026-08-21 19:08:12 EVALUATED cifar10-out-remove__non-iid__global-dp__fedavg__clients-99__seed-42__nm0p12375__clip5__rounds-20__epochs-5__cifar10_remove__cifar10_cnn round=10 (checkpoint deleted)
2026-08-21 19:08:15 EVALUATED cifar10-out-remove__non-iid__global-dp__fedavg__clients-99__seed-42__nm0p12375__clip5__rounds-20__epochs-5__cifar10_remove__cifar10_cnn round=11 (checkpoint deleted)
2026-08-21 19:08:18 EVALUATED cifar10-out-remove__non-iid__global-dp__fedavg__clients-99__seed-42__nm0p12375__clip5__rounds-20__epochs-5__cifar10_remove__cifar10_cnn round=12 (checkpoint deleted)
2026-08-21 19:08:21 EVALUATED cifar10-out-remove__non-iid__global-dp__fedavg__clients-99__seed-42__nm0p12375__clip5__rounds-20__epochs-5__cifar10_remove__cifar10_cnn round=13 (checkpoint deleted)
2026-08-21 19:08:24 EVALUATED cifar10-out-remove__non-iid__global-dp__fedavg__clients-99__seed-42__nm0p12375__clip5__rounds-20__epochs-5__cifar10_remove__cifar10_cnn round=14 (checkpoint deleted)
2026-08-21 19:08:27 EVALUATED cifar10-out-remove__non-iid__global-dp__fedavg__clients-99__seed-42__nm0p12375__clip5__rounds-20__epochs-5__cifar10_remove__cifar10_cnn round=15 (checkpoint deleted)
2026-08-21 19:08:30 EVALUATED cifar10-out-remove__non-iid__global-dp__fedavg__clients-99__seed-42__nm0p12375__clip5__rounds-20__epochs-5__cifar10_remove__cifar10_cnn round=16 (checkpoint deleted)
2026-08-21 19:08:33 EVALUATED cifar10-out-remove__non-iid__global-dp__fedavg__clients-99__seed-42__nm0p12375__clip5__rounds-20__epochs-5__cifar10_remove__cifar10_cnn round=17 (checkpoint deleted)
2026-08-21 19:08:36 EVALUATED cifar10-out-remove__non-iid__global-dp__fedavg__clients-99__seed-42__nm0p12375__clip5__rounds-20__epochs-5__cifar10_remove__cifar10_cnn round=18 (checkpoint deleted)
2026-08-21 19:08:39 EVALUATED cifar10-out-remove__non-iid__global-dp__fedavg__clients-99__seed-42__nm0p12375__clip5__rounds-20__epochs-5__cifar10_remove__cifar10_cnn round=19 (checkpoint deleted)
2026-08-21 19:08:42 EVALUATED cifar10-out-remove__non-iid__global-dp__fedavg__clients-99__seed-42__nm0p12375__clip5__rounds-20__epochs-5__cifar10_remove__cifar10_cnn round=20 (checkpoint deleted)
2026-08-21 19:08:42 PROGRESS 2/2 (0 failed so far)
2026-08-21 19:08:42 Sweep finished: 2/2 attempted, 0 failed
2026-08-21 19:08:42 CIFAR-10 stage (global-dp, non-iid, seed=42, noise_ratio=0.00125): 2 trajectories
2026-08-21 19:08:42 SKIP  2 combinations (attack results already exist)
2026-08-21 19:08:42 Sweep finished: 2/2 attempted, 0 failed
