2026-08-05 11:28:06 Starting max-records chunk: 1 trajectories
2026-08-05 11:28:06 START cifar-max-records-out-remove__non-iid__vanilla__fedavg__clients-2__seed-42__nm0p01__clip5__rounds-20__epochs-5__cifar_chunks__cifar10_cnn 
2026-08-05 11:32:13 DONE  cifar-max-records-out-remove__non-iid__vanilla__fedavg__clients-2__seed-42__nm0p01__clip5__rounds-20__epochs-5__cifar_chunks__cifar10_cnn (247.5s)
2026-08-05 11:32:25 EVALUATED cifar-max-records-out-remove__non-iid__vanilla__fedavg__clients-2__seed-42__nm0p01__clip5__rounds-20__epochs-5__cifar_chunks__cifar10_cnn round=1 (checkpoint deleted)
2026-08-05 11:32:34 EVALUATED cifar-max-records-out-remove__non-iid__vanilla__fedavg__clients-2__seed-42__nm0p01__clip5__rounds-20__epochs-5__cifar_chunks__cifar10_cnn round=2 (checkpoint deleted)
2026-08-05 11:32:43 EVALUATED cifar-max-records-out-remove__non-iid__vanilla__fedavg__clients-2__seed-42__nm0p01__clip5__rounds-20__epochs-5__cifar_chunks__cifar10_cnn round=3 (checkpoint deleted)
2026-08-05 11:32:52 EVALUATED cifar-max-records-out-remove__non-iid__vanilla__fedavg__clients-2__seed-42__nm0p01__clip5__rounds-20__epochs-5__cifar_chunks__cifar10_cnn round=4 (checkpoint deleted)
2026-08-05 11:33:01 EVALUATED cifar-max-records-out-remove__non-iid__vanilla__fedavg__clients-2__seed-42__nm0p01__clip5__rounds-20__epochs-5__cifar_chunks__cifar10_cnn round=5 (checkpoint deleted)
2026-08-05 11:33:09 EVALUATED cifar-max-records-out-remove__non-iid__vanilla__fedavg__clients-2__seed-42__nm0p01__clip5__rounds-20__epochs-5__cifar_chunks__cifar10_cnn round=6 (checkpoint deleted)
2026-08-05 11:33:18 EVALUATED cifar-max-records-out-remove__non-iid__vanilla__fedavg__clients-2__seed-42__nm0p01__clip5__rounds-20__epochs-5__cifar_chunks__cifar10_cnn round=7 (checkpoint deleted)
2026-08-05 11:33:27 EVALUATED cifar-max-records-out-remove__non-iid__vanilla__fedavg__clients-2__seed-42__nm0p01__clip5__rounds-20__epochs-5__cifar_chunks__cifar10_cnn round=8 (checkpoint deleted)
2026-08-05 11:33:36 EVALUATED cifar-max-records-out-remove__non-iid__vanilla__fedavg__clients-2__seed-42__nm0p01__clip5__rounds-20__epochs-5__cifar_chunks__cifar10_cnn round=9 (checkpoint deleted)
2026-08-05 11:33:45 EVALUATED cifar-max-records-out-remove__non-iid__vanilla__fedavg__clients-2__seed-42__nm0p01__clip5__rounds-20__epochs-5__cifar_chunks__cifar10_cnn round=10 (checkpoint deleted)
2026-08-05 11:33:53 EVALUATED cifar-max-records-out-remove__non-iid__vanilla__fedavg__clients-2__seed-42__nm0p01__clip5__rounds-20__epochs-5__cifar_chunks__cifar10_cnn round=11 (checkpoint deleted)
2026-08-05 11:34:02 EVALUATED cifar-max-records-out-remove__non-iid__vanilla__fedavg__clients-2__seed-42__nm0p01__clip5__rounds-20__epochs-5__cifar_chunks__cifar10_cnn round=12 (checkpoint deleted)
2026-08-05 11:34:11 EVALUATED cifar-max-records-out-remove__non-iid__vanilla__fedavg__clients-2__seed-42__nm0p01__clip5__rounds-20__epochs-5__cifar_chunks__cifar10_cnn round=13 (checkpoint deleted)
2026-08-05 11:34:20 EVALUATED cifar-max-records-out-remove__non-iid__vanilla__fedavg__clients-2__seed-42__nm0p01__clip5__rounds-20__epochs-5__cifar_chunks__cifar10_cnn round=14 (checkpoint deleted)
2026-08-05 11:34:29 EVALUATED cifar-max-records-out-remove__non-iid__vanilla__fedavg__clients-2__seed-42__nm0p01__clip5__rounds-20__epochs-5__cifar_chunks__cifar10_cnn round=15 (checkpoint deleted)
2026-08-05 11:34:37 EVALUATED cifar-max-records-out-remove__non-iid__vanilla__fedavg__clients-2__seed-42__nm0p01__clip5__rounds-20__epochs-5__cifar_chunks__cifar10_cnn round=16 (checkpoint deleted)
2026-08-05 11:34:46 EVALUATED cifar-max-records-out-remove__non-iid__vanilla__fedavg__clients-2__seed-42__nm0p01__clip5__rounds-20__epochs-5__cifar_chunks__cifar10_cnn round=17 (checkpoint deleted)
2026-08-05 11:34:55 EVALUATED cifar-max-records-out-remove__non-iid__vanilla__fedavg__clients-2__seed-42__nm0p01__clip5__rounds-20__epochs-5__cifar_chunks__cifar10_cnn round=18 (checkpoint deleted)
2026-08-05 11:35:04 EVALUATED cifar-max-records-out-remove__non-iid__vanilla__fedavg__clients-2__seed-42__nm0p01__clip5__rounds-20__epochs-5__cifar_chunks__cifar10_cnn round=19 (checkpoint deleted)
2026-08-05 11:35:13 EVALUATED cifar-max-records-out-remove__non-iid__vanilla__fedavg__clients-2__seed-42__nm0p01__clip5__rounds-20__epochs-5__cifar_chunks__cifar10_cnn round=20 (checkpoint deleted)
2026-08-05 11:35:13 PROGRESS 1/1 (0 failed so far)
2026-08-05 11:35:13 Sweep finished: 1/1 attempted, 0 failed
