2026-08-05 21:57:20 Starting full chunk: 2 trajectories
2026-08-05 21:57:20 START cifar-full-out-replace__non-iid__global-dp__fedavg__clients-16__seed-44__nm0p04__clip5__rounds-20__epochs-5__cifar_chunks__cifar10_cnn 
2026-08-05 22:03:09 DONE  cifar-full-out-replace__non-iid__global-dp__fedavg__clients-16__seed-44__nm0p04__clip5__rounds-20__epochs-5__cifar_chunks__cifar10_cnn (349.2s)
2026-08-05 22:03:14 EVALUATED cifar-full-out-replace__non-iid__global-dp__fedavg__clients-16__seed-44__nm0p04__clip5__rounds-20__epochs-5__cifar_chunks__cifar10_cnn round=1 (checkpoint deleted)
2026-08-05 22:03:18 EVALUATED cifar-full-out-replace__non-iid__global-dp__fedavg__clients-16__seed-44__nm0p04__clip5__rounds-20__epochs-5__cifar_chunks__cifar10_cnn round=2 (checkpoint deleted)
2026-08-05 22:03:22 EVALUATED cifar-full-out-replace__non-iid__global-dp__fedavg__clients-16__seed-44__nm0p04__clip5__rounds-20__epochs-5__cifar_chunks__cifar10_cnn round=3 (checkpoint deleted)
2026-08-05 22:03:26 EVALUATED cifar-full-out-replace__non-iid__global-dp__fedavg__clients-16__seed-44__nm0p04__clip5__rounds-20__epochs-5__cifar_chunks__cifar10_cnn round=4 (checkpoint deleted)
2026-08-05 22:03:30 EVALUATED cifar-full-out-replace__non-iid__global-dp__fedavg__clients-16__seed-44__nm0p04__clip5__rounds-20__epochs-5__cifar_chunks__cifar10_cnn round=5 (checkpoint deleted)
2026-08-05 22:03:34 EVALUATED cifar-full-out-replace__non-iid__global-dp__fedavg__clients-16__seed-44__nm0p04__clip5__rounds-20__epochs-5__cifar_chunks__cifar10_cnn round=6 (checkpoint deleted)
2026-08-05 22:03:38 EVALUATED cifar-full-out-replace__non-iid__global-dp__fedavg__clients-16__seed-44__nm0p04__clip5__rounds-20__epochs-5__cifar_chunks__cifar10_cnn round=7 (checkpoint deleted)
2026-08-05 22:03:42 EVALUATED cifar-full-out-replace__non-iid__global-dp__fedavg__clients-16__seed-44__nm0p04__clip5__rounds-20__epochs-5__cifar_chunks__cifar10_cnn round=8 (checkpoint deleted)
2026-08-05 22:03:46 EVALUATED cifar-full-out-replace__non-iid__global-dp__fedavg__clients-16__seed-44__nm0p04__clip5__rounds-20__epochs-5__cifar_chunks__cifar10_cnn round=9 (checkpoint deleted)
2026-08-05 22:03:50 EVALUATED cifar-full-out-replace__non-iid__global-dp__fedavg__clients-16__seed-44__nm0p04__clip5__rounds-20__epochs-5__cifar_chunks__cifar10_cnn round=10 (checkpoint deleted)
2026-08-05 22:03:53 EVALUATED cifar-full-out-replace__non-iid__global-dp__fedavg__clients-16__seed-44__nm0p04__clip5__rounds-20__epochs-5__cifar_chunks__cifar10_cnn round=11 (checkpoint deleted)
2026-08-05 22:03:57 EVALUATED cifar-full-out-replace__non-iid__global-dp__fedavg__clients-16__seed-44__nm0p04__clip5__rounds-20__epochs-5__cifar_chunks__cifar10_cnn round=12 (checkpoint deleted)
2026-08-05 22:04:01 EVALUATED cifar-full-out-replace__non-iid__global-dp__fedavg__clients-16__seed-44__nm0p04__clip5__rounds-20__epochs-5__cifar_chunks__cifar10_cnn round=13 (checkpoint deleted)
2026-08-05 22:04:05 EVALUATED cifar-full-out-replace__non-iid__global-dp__fedavg__clients-16__seed-44__nm0p04__clip5__rounds-20__epochs-5__cifar_chunks__cifar10_cnn round=14 (checkpoint deleted)
2026-08-05 22:04:09 EVALUATED cifar-full-out-replace__non-iid__global-dp__fedavg__clients-16__seed-44__nm0p04__clip5__rounds-20__epochs-5__cifar_chunks__cifar10_cnn round=15 (checkpoint deleted)
2026-08-05 22:04:13 EVALUATED cifar-full-out-replace__non-iid__global-dp__fedavg__clients-16__seed-44__nm0p04__clip5__rounds-20__epochs-5__cifar_chunks__cifar10_cnn round=16 (checkpoint deleted)
2026-08-05 22:04:17 EVALUATED cifar-full-out-replace__non-iid__global-dp__fedavg__clients-16__seed-44__nm0p04__clip5__rounds-20__epochs-5__cifar_chunks__cifar10_cnn round=17 (checkpoint deleted)
2026-08-05 22:04:21 EVALUATED cifar-full-out-replace__non-iid__global-dp__fedavg__clients-16__seed-44__nm0p04__clip5__rounds-20__epochs-5__cifar_chunks__cifar10_cnn round=18 (checkpoint deleted)
2026-08-05 22:04:25 EVALUATED cifar-full-out-replace__non-iid__global-dp__fedavg__clients-16__seed-44__nm0p04__clip5__rounds-20__epochs-5__cifar_chunks__cifar10_cnn round=19 (checkpoint deleted)
2026-08-05 22:04:29 EVALUATED cifar-full-out-replace__non-iid__global-dp__fedavg__clients-16__seed-44__nm0p04__clip5__rounds-20__epochs-5__cifar_chunks__cifar10_cnn round=20 (checkpoint deleted)
2026-08-05 22:04:29 PROGRESS 1/2 (0 failed so far)
2026-08-05 22:04:29 START cifar-full-out-replace__non-iid__metric-privacy__fedavg__clients-16__seed-44__nm0p04__clip5__rounds-20__epochs-5__cifar_chunks__cifar10_cnn 
2026-08-05 22:10:21 DONE  cifar-full-out-replace__non-iid__metric-privacy__fedavg__clients-16__seed-44__nm0p04__clip5__rounds-20__epochs-5__cifar_chunks__cifar10_cnn (351.8s)
2026-08-05 22:10:25 EVALUATED cifar-full-out-replace__non-iid__metric-privacy__fedavg__clients-16__seed-44__nm0p04__clip5__rounds-20__epochs-5__cifar_chunks__cifar10_cnn round=1 (checkpoint deleted)
2026-08-05 22:10:29 EVALUATED cifar-full-out-replace__non-iid__metric-privacy__fedavg__clients-16__seed-44__nm0p04__clip5__rounds-20__epochs-5__cifar_chunks__cifar10_cnn round=2 (checkpoint deleted)
2026-08-05 22:10:33 EVALUATED cifar-full-out-replace__non-iid__metric-privacy__fedavg__clients-16__seed-44__nm0p04__clip5__rounds-20__epochs-5__cifar_chunks__cifar10_cnn round=3 (checkpoint deleted)
2026-08-05 22:10:36 EVALUATED cifar-full-out-replace__non-iid__metric-privacy__fedavg__clients-16__seed-44__nm0p04__clip5__rounds-20__epochs-5__cifar_chunks__cifar10_cnn round=4 (checkpoint deleted)
2026-08-05 22:10:40 EVALUATED cifar-full-out-replace__non-iid__metric-privacy__fedavg__clients-16__seed-44__nm0p04__clip5__rounds-20__epochs-5__cifar_chunks__cifar10_cnn round=5 (checkpoint deleted)
2026-08-05 22:10:44 EVALUATED cifar-full-out-replace__non-iid__metric-privacy__fedavg__clients-16__seed-44__nm0p04__clip5__rounds-20__epochs-5__cifar_chunks__cifar10_cnn round=6 (checkpoint deleted)
2026-08-05 22:10:48 EVALUATED cifar-full-out-replace__non-iid__metric-privacy__fedavg__clients-16__seed-44__nm0p04__clip5__rounds-20__epochs-5__cifar_chunks__cifar10_cnn round=7 (checkpoint deleted)
2026-08-05 22:10:52 EVALUATED cifar-full-out-replace__non-iid__metric-privacy__fedavg__clients-16__seed-44__nm0p04__clip5__rounds-20__epochs-5__cifar_chunks__cifar10_cnn round=8 (checkpoint deleted)
2026-08-05 22:10:56 EVALUATED cifar-full-out-replace__non-iid__metric-privacy__fedavg__clients-16__seed-44__nm0p04__clip5__rounds-20__epochs-5__cifar_chunks__cifar10_cnn round=9 (checkpoint deleted)
2026-08-05 22:11:00 EVALUATED cifar-full-out-replace__non-iid__metric-privacy__fedavg__clients-16__seed-44__nm0p04__clip5__rounds-20__epochs-5__cifar_chunks__cifar10_cnn round=10 (checkpoint deleted)
2026-08-05 22:11:04 EVALUATED cifar-full-out-replace__non-iid__metric-privacy__fedavg__clients-16__seed-44__nm0p04__clip5__rounds-20__epochs-5__cifar_chunks__cifar10_cnn round=11 (checkpoint deleted)
2026-08-05 22:11:08 EVALUATED cifar-full-out-replace__non-iid__metric-privacy__fedavg__clients-16__seed-44__nm0p04__clip5__rounds-20__epochs-5__cifar_chunks__cifar10_cnn round=12 (checkpoint deleted)
2026-08-05 22:11:12 EVALUATED cifar-full-out-replace__non-iid__metric-privacy__fedavg__clients-16__seed-44__nm0p04__clip5__rounds-20__epochs-5__cifar_chunks__cifar10_cnn round=13 (checkpoint deleted)
2026-08-05 22:11:16 EVALUATED cifar-full-out-replace__non-iid__metric-privacy__fedavg__clients-16__seed-44__nm0p04__clip5__rounds-20__epochs-5__cifar_chunks__cifar10_cnn round=14 (checkpoint deleted)
2026-08-05 22:11:20 EVALUATED cifar-full-out-replace__non-iid__metric-privacy__fedavg__clients-16__seed-44__nm0p04__clip5__rounds-20__epochs-5__cifar_chunks__cifar10_cnn round=15 (checkpoint deleted)
2026-08-05 22:11:24 EVALUATED cifar-full-out-replace__non-iid__metric-privacy__fedavg__clients-16__seed-44__nm0p04__clip5__rounds-20__epochs-5__cifar_chunks__cifar10_cnn round=16 (checkpoint deleted)
2026-08-05 22:11:28 EVALUATED cifar-full-out-replace__non-iid__metric-privacy__fedavg__clients-16__seed-44__nm0p04__clip5__rounds-20__epochs-5__cifar_chunks__cifar10_cnn round=17 (checkpoint deleted)
2026-08-05 22:11:32 EVALUATED cifar-full-out-replace__non-iid__metric-privacy__fedavg__clients-16__seed-44__nm0p04__clip5__rounds-20__epochs-5__cifar_chunks__cifar10_cnn round=18 (checkpoint deleted)
2026-08-05 22:11:36 EVALUATED cifar-full-out-replace__non-iid__metric-privacy__fedavg__clients-16__seed-44__nm0p04__clip5__rounds-20__epochs-5__cifar_chunks__cifar10_cnn round=19 (checkpoint deleted)
2026-08-05 22:11:40 EVALUATED cifar-full-out-replace__non-iid__metric-privacy__fedavg__clients-16__seed-44__nm0p04__clip5__rounds-20__epochs-5__cifar_chunks__cifar10_cnn round=20 (checkpoint deleted)
2026-08-05 22:11:40 PROGRESS 2/2 (0 failed so far)
2026-08-05 22:11:40 Sweep finished: 2/2 attempted, 0 failed
