2026-08-05 14:19:41 Starting full chunk: 1 trajectories
2026-08-05 14:19:41 START cifar-full-in-replace__non-iid__vanilla__fedavg__clients-3__seed-43__nm0p01__clip5__rounds-20__epochs-5__cifar_chunks__cifar10_cnn 
{
  "partition-mode": "non-iid",
  "partition-profile": "auto",
  "client-weights": "",
  "data-module": "experiments.cia.scripts.cifar_chunks:create_cifar_in_replace",
  "model-module": "experiments.reproduce.cifar10_cnn:create_model",
  "data-cache-dir": "",
  "privacy": "vanilla",
  "aggregation": "fedavg",
  "seed": 43,
  "num-server-rounds": 20,
  "num-clients": 3,
  "fraction-evaluate": 1.0,
  "local-epochs": 5,
  "learning-rate": 0.001,
  "batch-size": 32,
  "initialization-batch-size": 32,
  "initialization-epochs": 20,
  "initialization-learning-rate": 0.001,
  "max-client-samples": 0,
  "max-test-samples": 0,
  "noise-multiplier": 0.01,
  "clipping-norm": 5.0,
  "output-dir": "/content/metricdp-pytorch/results/planned_runs/cifar/full/in-replace/clients-3/seed-43/vanilla/runs",
  "run-name": "cifar-full-in-replace__non-iid__vanilla__fedavg__clients-3__seed-43__nm0p01__clip5__rounds-20__epochs-5__cifar_chunks__cifar10_cnn",
  "checkpoint-rounds": [
    1,
    2,
    3,
    4,
    5,
    6,
    7,
    8,
    9,
    10,
    11,
    12,
    13,
    14,
    15,
    16,
    17,
    18,
    19,
    20
  ]
}
2026-08-05 14:19:45.930692: I tensorflow/core/util/port.cc:153] oneDNN custom operations are on. You may see slightly different numerical results due to floating-point round-off errors from different computation orders. To turn them off, set the environment variable `TF_ENABLE_ONEDNN_OPTS=0`.
2026-08-05 14:19:45.998975: I tensorflow/core/platform/cpu_feature_guard.cc:210] This TensorFlow binary is optimized to use available CPU instructions in performance-critical operations.
To enable the following instructions: AVX2 AVX512F AVX512_VNNI FMA, in other operations, rebuild TensorFlow with the appropriate compiler flags.
[93mWARNING [0m:   DEPRECATED FEATURE: The `run_simulation` function is deprecated and will be removed in a future version of Flower. Please use `flwr run` in the CLI instead to run your simulation. Refer to the Flower Tutorials for more details: https://flower.ai/docs/framework/tutorial-quickstart-pytorch.html

            This is a deprecated feature. It will be removed
            entirely in future versions of Flower.
        
Warning: You are sending unauthenticated requests to the HF Hub. Please set a HF_TOKEN to enable higher rate limits and faster downloads.
Generating train split:   0%|          | 0/50000 [00:00<?, ? examples/s]Generating train split:  28%|██▊       | 14100/50000 [00:00<00:00, 137491.63 examples/s]Generating train split:  63%|██████▎   | 31400/50000 [00:01<00:01, 14205.74 examples/s] /usr/local/lib/python3.12/dist-packages/ray/_private/worker.py:2051: FutureWarning: Tip: In future versions of Ray, Ray will no longer override accelerator visible devices env var if num_gpus=0 or num_gpus=None (default). To enable this behavior and turn off this error message, set RAY_ACCEL_ENV_VAR_OVERRIDE_ON_ZERO=0
  warnings.warn(
Generating train split:  96%|█████████▌| 48000/50000 [00:02<00:00, 24724.76 examples/s]Generating train split: 100%|██████████| 50000/50000 [00:02<00:00, 24282.79 examples/s]
Generating test split:   0%|          | 0/10000 [00:00<?, ? examples/s]Generating test split: 100%|██████████| 10000/10000 [00:00<00:00, 155937.73 examples/s]
Filtering CIFAR-10 to four classes:   0%|          | 0/50000 [00:00<?, ? examples/s]Filtering CIFAR-10 to four classes: 100%|██████████| 50000/50000 [00:00<00:00, 738717.32 examples/s]
Filtering CIFAR-10 to four classes:   0%|          | 0/10000 [00:00<?, ? examples/s]Filtering CIFAR-10 to four classes: 100%|██████████| 10000/10000 [00:00<00:00, 666662.00 examples/s]
[92mINFO [0m:      Starting DeterministicFedAvg strategy:
[92mINFO [0m:      	├── Number of rounds: 20
[92mINFO [0m:      	├── ArrayRecord (0.87 MB)
[92mINFO [0m:      	├── ConfigRecord (train): {'lr': 0.001}
[92mINFO [0m:      	├── ConfigRecord (evaluate): (empty!)
[92mINFO [0m:      	├──> Sampling:
[92mINFO [0m:      	│	├──Fraction: train (1.00) | evaluate ( 1.00)
[92mINFO [0m:      	│	├──Minimum nodes: train (3) | evaluate (3)
[92mINFO [0m:      	│	└──Minimum available nodes: 3
[92mINFO [0m:      	└──> Keys in records:
[92mINFO [0m:      		├── Weighted by: 'num-examples'
[92mINFO [0m:      		├── ArrayRecord key: 'arrays'
[92mINFO [0m:      		└── ConfigRecord key: 'config'
[92mINFO [0m:      
/usr/lib/python3.12/multiprocessing/popen_fork.py:66: DeprecationWarning: This process (pid=2374) is multi-threaded, use of fork() may lead to deadlocks in the child.
  self.pid = os.fork()
[92mINFO [0m:      Initial global evaluation results: {'loss': 1.3919111585617066, 'accuracy': 0.25, 'f1': 0.1, 'precision': 0.0625, 'auc': 0.5174013333333333}
[92mINFO [0m:      
[92mINFO [0m:      [ROUND 1/20]
[92mINFO [0m:      configure_train: Sampled 3 nodes (out of 3)
[36m(ClientAppActor pid=2956)[0m Using the latest cached version of the dataset since uoft-cs/cifar10 couldn't be found on the Hugging Face Hub (offline mode is enabled).
[36m(ClientAppActor pid=2956)[0m Found the latest cached dataset configuration 'plain_text' at /root/.cache/huggingface/datasets/uoft-cs___cifar10/plain_text/0.0.0/0b2714987fa478483af9968de7c934580d0bb9a2 (last modified on Wed Aug  5 14:20:03 2026).
[36m(ClientAppActor pid=2956)[0m /usr/lib/python3.12/multiprocessing/popen_fork.py:66: DeprecationWarning: This process (pid=2956) is multi-threaded, use of fork() may lead to deadlocks in the child.
[36m(ClientAppActor pid=2956)[0m   self.pid = os.fork()
[92mINFO [0m:      aggregate_train: Received 3 results and 0 failures
[92mINFO [0m:      	└──> Aggregated MetricRecord: {'train_loss': 0.7946095211307207, 'train_loss_mean': 0.9878072406252225, 'client-ids': [0, 1, 2], 'per-client-num-examples': [3200, 4800, 1600], 'per-client-train_loss': [0.7701206314563751, 0.7617113103469213, 0.9422819328308105], 'per-client-train_loss_mean': [0.9820885117053985, 0.9469730543692908, 1.1217472572326659]}
[92mINFO [0m:      configure_evaluate: Sampled 3 nodes (out of 3)
[92mINFO [0m:      aggregate_evaluate: Received 3 results and 0 failures
[92mINFO [0m:      	└──> Aggregated MetricRecord: {'eval_loss': 1.1532084361712138, 'eval_acc': 0.5883333333333333, 'client-ids': [0, 1, 2], 'per-client-eval_acc': [0.56375, 0.5966666666666667, 0.6125], 'per-client-eval_loss': [1.164910879135132, 1.1465829881032308, 1.1496798944473268], 'per-client-num-examples': [800, 1200, 400]}
[92mINFO [0m:      Global evaluation
[92mINFO [0m:      	└──> MetricRecord: {'loss': 1.1481069650650024, 'accuracy': 0.5925, 'f1': 0.5339850158654085, 'precision': 0.6109835550395079, 'auc': 0.8622062916666667}
[92mINFO [0m:      
[92mINFO [0m:      [ROUND 2/20]
[92mINFO [0m:      configure_train: Sampled 3 nodes (out of 3)
[36m(ClientAppActor pid=2957)[0m Using the latest cached version of the dataset since uoft-cs/cifar10 couldn't be found on the Hugging Face Hub (offline mode is enabled).[32m [repeated 2x across cluster] (Ray deduplicates logs by default. Set RAY_DEDUP_LOGS=0 to disable log deduplication, or see https://docs.ray.io/en/master/ray-observability/user-guides/configure-logging.html#log-deduplication for more options.)[0m
[36m(ClientAppActor pid=2957)[0m Found the latest cached dataset configuration 'plain_text' at /root/.cache/huggingface/datasets/uoft-cs___cifar10/plain_text/0.0.0/0b2714987fa478483af9968de7c934580d0bb9a2 (last modified on Wed Aug  5 14:20:03 2026).[32m [repeated 2x across cluster][0m
[36m(ClientAppActor pid=2956)[0m /usr/lib/python3.12/multiprocessing/popen_fork.py:66: DeprecationWarning: This process (pid=2956) is multi-threaded, use of fork() may lead to deadlocks in the child.[32m [repeated 3x across cluster][0m
[36m(ClientAppActor pid=2956)[0m   self.pid = os.fork()[32m [repeated 3x across cluster][0m
[92mINFO [0m:      aggregate_train: Received 3 results and 0 failures
[92mINFO [0m:      	└──> Aggregated MetricRecord: {'train_loss': 0.5981456776460011, 'train_loss_mean': 0.6961704270243645, 'client-ids': [0, 1, 2], 'per-client-num-examples': [3200, 4800, 1600], 'per-client-train_loss': [0.609785704612732, 0.5687034781773885, 0.6631922221183777], 'per-client-train_loss_mean': [0.7064609264731407, 0.6727574484348298, 0.7458283638954162]}
[92mINFO [0m:      configure_evaluate: Sampled 3 nodes (out of 3)
[92mINFO [0m:      aggregate_evaluate: Received 3 results and 0 failures
[92mINFO [0m:      	└──> Aggregated MetricRecord: {'eval_loss': 0.6588963707288107, 'eval_acc': 0.74, 'client-ids': [0, 1, 2], 'per-client-eval_acc': [0.71625, 0.76, 0.7275], 'per-client-eval_loss': [0.7082447814941406, 0.6218113350868225, 0.671454656124115], 'per-client-num-examples': [800, 1200, 400]}
[92mINFO [0m:      Global evaluation
[92mINFO [0m:      	└──> MetricRecord: {'loss': 0.6297159771919251, 'accuracy': 0.7415, 'f1': 0.7360497044186287, 'precision': 0.7403035827799576, 'auc': 0.9311495000000001}
[92mINFO [0m:      
[92mINFO [0m:      [ROUND 3/20]
[92mINFO [0m:      configure_train: Sampled 3 nodes (out of 3)
[36m(ClientAppActor pid=2956)[0m /usr/lib/python3.12/multiprocessing/popen_fork.py:66: DeprecationWarning: This process (pid=2956) is multi-threaded, use of fork() may lead to deadlocks in the child.[32m [repeated 3x across cluster][0m
[36m(ClientAppActor pid=2956)[0m   self.pid = os.fork()[32m [repeated 3x across cluster][0m
[92mINFO [0m:      aggregate_train: Received 3 results and 0 failures
[92mINFO [0m:      	└──> Aggregated MetricRecord: {'train_loss': 0.42493849247694016, 'train_loss_mean': 0.5262538319130738, 'client-ids': [0, 1, 2], 'per-client-num-examples': [3200, 4800, 1600], 'per-client-train_loss': [0.4422036080062389, 0.40168668935696283, 0.4601636707782745], 'per-client-train_loss_mean': [0.5373220455050468, 0.5048983804186185, 0.5681837592124939]}
[92mINFO [0m:      configure_evaluate: Sampled 3 nodes (out of 3)
[92mINFO [0m:      aggregate_evaluate: Received 3 results and 0 failures
[92mINFO [0m:      	└──> Aggregated MetricRecord: {'eval_loss': 0.5453517652551334, 'eval_acc': 0.7991666666666666, 'client-ids': [0, 1, 2], 'per-client-eval_acc': [0.78625, 0.8133333333333334, 0.7825], 'per-client-eval_loss': [0.5882887125015259, 0.5124249744415283, 0.5582582432031632], 'per-client-num-examples': [800, 1200, 400]}
[92mINFO [0m:      Global evaluation
[92mINFO [0m:      	└──> MetricRecord: {'loss': 0.5467842255830765, 'accuracy': 0.7905, 'f1': 0.790221938886642, 'precision': 0.791061991634961, 'auc': 0.9483122083333335}
[92mINFO [0m:      
[92mINFO [0m:      [ROUND 4/20]
[92mINFO [0m:      configure_train: Sampled 3 nodes (out of 3)
[36m(ClientAppActor pid=2956)[0m /usr/lib/python3.12/multiprocessing/popen_fork.py:66: DeprecationWarning: This process (pid=2956) is multi-threaded, use of fork() may lead to deadlocks in the child.[32m [repeated 3x across cluster][0m
[36m(ClientAppActor pid=2956)[0m   self.pid = os.fork()[32m [repeated 3x across cluster][0m
[92mINFO [0m:      aggregate_train: Received 3 results and 0 failures
[92mINFO [0m:      	└──> Aggregated MetricRecord: {'train_loss': 0.276466714044412, 'train_loss_mean': 0.3779728406071663, 'client-ids': [0, 1, 2], 'per-client-num-examples': [3200, 4800, 1600], 'per-client-train_loss': [0.3116056568920612, 0.2509699812034766, 0.28267902687191965], 'per-client-train_loss_mean': [0.40319596883654596, 0.3475693708161513, 0.41873699352145194]}
[92mINFO [0m:      configure_evaluate: Sampled 3 nodes (out of 3)
[92mINFO [0m:      aggregate_evaluate: Received 3 results and 0 failures
[92mINFO [0m:      	└──> Aggregated MetricRecord: {'eval_loss': 0.5601921391487121, 'eval_acc': 0.8074999999999999, 'client-ids': [0, 1, 2], 'per-client-eval_acc': [0.78875, 0.82, 0.8075], 'per-client-eval_loss': [0.6278487706184387, 0.5267475664615631, 0.5252125942707062], 'per-client-num-examples': [800, 1200, 400]}
[92mINFO [0m:      Global evaluation
[92mINFO [0m:      	└──> MetricRecord: {'loss': 0.5671232759952545, 'accuracy': 0.802, 'f1': 0.7987390496424798, 'precision': 0.8019056795034798, 'auc': 0.9529457499999999}
[92mINFO [0m:      
[92mINFO [0m:      [ROUND 5/20]
[92mINFO [0m:      configure_train: Sampled 3 nodes (out of 3)
[36m(ClientAppActor pid=2956)[0m /usr/lib/python3.12/multiprocessing/popen_fork.py:66: DeprecationWarning: This process (pid=2956) is multi-threaded, use of fork() may lead to deadlocks in the child.[32m [repeated 3x across cluster][0m
[36m(ClientAppActor pid=2956)[0m   self.pid = os.fork()[32m [repeated 3x across cluster][0m
[92mINFO [0m:      aggregate_train: Received 3 results and 0 failures
[92mINFO [0m:      	└──> Aggregated MetricRecord: {'train_loss': 0.16483897541339199, 'train_loss_mean': 0.254726559009403, 'client-ids': [0, 1, 2], 'per-client-num-examples': [3200, 4800, 1600], 'per-client-train_loss': [0.1821994088962674, 0.15089786580453315, 0.1719414372742176], 'per-client-train_loss_mean': [0.28539354454725985, 0.21695602834969757, 0.3067041799128056]}
[92mINFO [0m:      configure_evaluate: Sampled 3 nodes (out of 3)
[92mINFO [0m:      aggregate_evaluate: Received 3 results and 0 failures
[92mINFO [0m:      	└──> Aggregated MetricRecord: {'eval_loss': 0.6408330819010735, 'eval_acc': 0.8204166666666666, 'client-ids': [0, 1, 2], 'per-client-eval_acc': [0.81875, 0.8233333333333334, 0.815], 'per-client-eval_loss': [0.6791223895549774, 0.6233279883861542, 0.6167697471380233], 'per-client-num-examples': [800, 1200, 400]}
[92mINFO [0m:      Global evaluation
[92mINFO [0m:      	└──> MetricRecord: {'loss': 0.6594142757058143, 'accuracy': 0.808, 'f1': 0.8081135886656758, 'precision': 0.8102294051748119, 'auc': 0.9547049583333332}
[92mINFO [0m:      
[92mINFO [0m:      [ROUND 6/20]
[92mINFO [0m:      configure_train: Sampled 3 nodes (out of 3)
[36m(ClientAppActor pid=2956)[0m /usr/lib/python3.12/multiprocessing/popen_fork.py:66: DeprecationWarning: This process (pid=2956) is multi-threaded, use of fork() may lead to deadlocks in the child.[32m [repeated 3x across cluster][0m
[36m(ClientAppActor pid=2956)[0m   self.pid = os.fork()[32m [repeated 3x across cluster][0m
[92mINFO [0m:      aggregate_train: Received 3 results and 0 failures
[92mINFO [0m:      	└──> Aggregated MetricRecord: {'train_loss': 0.11210172856226563, 'train_loss_mean': 0.18153489594037334, 'client-ids': [0, 1, 2], 'per-client-num-examples': [3200, 4800, 1600], 'per-client-train_loss': [0.10072046887129545, 0.12073993331442277, 0.10894963368773461], 'per-client-train_loss_mean': [0.2026171397604048, 0.14351814422011375, 0.2534206634610891]}
[92mINFO [0m:      configure_evaluate: Sampled 3 nodes (out of 3)
[92mINFO [0m:      aggregate_evaluate: Received 3 results and 0 failures
[92mINFO [0m:      	└──> Aggregated MetricRecord: {'eval_loss': 0.6794159497320651, 'eval_acc': 0.8204166666666667, 'client-ids': [0, 1, 2], 'per-client-eval_acc': [0.81625, 0.8241666666666667, 0.8175], 'per-client-eval_loss': [0.7183512556552887, 0.6686945706605911, 0.6337094751000404], 'per-client-num-examples': [800, 1200, 400]}
[92mINFO [0m:      Global evaluation
[92mINFO [0m:      	└──> MetricRecord: {'loss': 0.7080371018648147, 'accuracy': 0.805, 'f1': 0.8050331414387624, 'precision': 0.8051164419524892, 'auc': 0.9535099583333334}
[92mINFO [0m:      
[92mINFO [0m:      [ROUND 7/20]
[92mINFO [0m:      configure_train: Sampled 3 nodes (out of 3)
[36m(ClientAppActor pid=2956)[0m /usr/lib/python3.12/multiprocessing/popen_fork.py:66: DeprecationWarning: This process (pid=2956) is multi-threaded, use of fork() may lead to deadlocks in the child.[32m [repeated 3x across cluster][0m
[36m(ClientAppActor pid=2956)[0m   self.pid = os.fork()[32m [repeated 3x across cluster][0m
[92mINFO [0m:      aggregate_train: Received 3 results and 0 failures
[92mINFO [0m:      	└──> Aggregated MetricRecord: {'train_loss': 0.07260118067264557, 'train_loss_mean': 0.1315336227971129, 'client-ids': [0, 1, 2], 'per-client-num-examples': [3200, 4800, 1600], 'per-client-train_loss': [0.08636969828046859, 0.05968344209715724, 0.08381736118346453], 'per-client-train_loss_mean': [0.1449946000929922, 0.09633078927826136, 0.21022016876190902]}
[92mINFO [0m:      configure_evaluate: Sampled 3 nodes (out of 3)
[92mINFO [0m:      aggregate_evaluate: Received 3 results and 0 failures
[92mINFO [0m:      	└──> Aggregated MetricRecord: {'eval_loss': 0.8038875381151835, 'eval_acc': 0.8141666666666667, 'client-ids': [0, 1, 2], 'per-client-eval_acc': [0.81125, 0.8175, 0.81], 'per-client-eval_loss': [0.8545450139045715, 0.7766215340296427, 0.7843705987930298], 'per-client-num-examples': [800, 1200, 400]}
[92mINFO [0m:      Global evaluation
[92mINFO [0m:      	└──> MetricRecord: {'loss': 0.8520092732906341, 'accuracy': 0.807, 'f1': 0.805934247923354, 'precision': 0.8059877576152094, 'auc': 0.9510244583333333}
[92mINFO [0m:      
[92mINFO [0m:      [ROUND 8/20]
[92mINFO [0m:      configure_train: Sampled 3 nodes (out of 3)
[36m(ClientAppActor pid=2956)[0m /usr/lib/python3.12/multiprocessing/popen_fork.py:66: DeprecationWarning: This process (pid=2956) is multi-threaded, use of fork() may lead to deadlocks in the child.[32m [repeated 3x across cluster][0m
[36m(ClientAppActor pid=2956)[0m   self.pid = os.fork()[32m [repeated 3x across cluster][0m
[92mINFO [0m:      aggregate_train: Received 3 results and 0 failures
[92mINFO [0m:      	└──> Aggregated MetricRecord: {'train_loss': 0.05322066023247316, 'train_loss_mean': 0.10796000718123588, 'client-ids': [0, 1, 2], 'per-client-num-examples': [3200, 4800, 1600], 'per-client-train_loss': [0.06797944100107997, 0.03815590792801231, 0.0688973556086421], 'per-client-train_loss_mean': [0.11790207048505544, 0.0722619378923749, 0.19517008844017983]}
[92mINFO [0m:      configure_evaluate: Sampled 3 nodes (out of 3)
[92mINFO [0m:      aggregate_evaluate: Received 3 results and 0 failures
[92mINFO [0m:      	└──> Aggregated MetricRecord: {'eval_loss': 0.8441787281632424, 'eval_acc': 0.8220833333333333, 'client-ids': [0, 1, 2], 'per-client-eval_acc': [0.82125, 0.82, 0.83], 'per-client-eval_loss': [0.8994166922569274, 0.8121589608987172, 0.8297621017694473], 'per-client-num-examples': [800, 1200, 400]}
[92mINFO [0m:      Global evaluation
[92mINFO [0m:      	└──> MetricRecord: {'loss': 0.8955849901437759, 'accuracy': 0.8095, 'f1': 0.8093117991799469, 'precision': 0.8092411299416135, 'auc': 0.9530390416666668}
[92mINFO [0m:      
[92mINFO [0m:      [ROUND 9/20]
[92mINFO [0m:      configure_train: Sampled 3 nodes (out of 3)
[36m(ClientAppActor pid=2956)[0m /usr/lib/python3.12/multiprocessing/popen_fork.py:66: DeprecationWarning: This process (pid=2956) is multi-threaded, use of fork() may lead to deadlocks in the child.[32m [repeated 3x across cluster][0m
[36m(ClientAppActor pid=2956)[0m   self.pid = os.fork()[32m [repeated 3x across cluster][0m
[92mINFO [0m:      aggregate_train: Received 3 results and 0 failures
[92mINFO [0m:      	└──> Aggregated MetricRecord: {'train_loss': 0.05380304982652887, 'train_loss_mean': 0.08719438892509788, 'client-ids': [0, 1, 2], 'per-client-num-examples': [3200, 4800, 1600], 'per-client-train_loss': [0.04960194404935464, 0.052118018021186194, 0.0672603567969054], 'per-client-train_loss_mean': [0.087654487115331, 0.05788882117842635, 0.17419089578464628]}
[92mINFO [0m:      configure_evaluate: Sampled 3 nodes (out of 3)
[92mINFO [0m:      aggregate_evaluate: Received 3 results and 0 failures
[92mINFO [0m:      	└──> Aggregated MetricRecord: {'eval_loss': 0.8687014991044998, 'eval_acc': 0.81625, 'client-ids': [0, 1, 2], 'per-client-eval_acc': [0.81625, 0.8183333333333334, 0.81], 'per-client-eval_loss': [0.9377124714851379, 0.8415712213516235, 0.8120703876018525], 'per-client-num-examples': [800, 1200, 400]}
[92mINFO [0m:      Global evaluation
[92mINFO [0m:      	└──> MetricRecord: {'loss': 0.9263926796913147, 'accuracy': 0.7995, 'f1': 0.7991157195528446, 'precision': 0.8001063089533618, 'auc': 0.9510416666666668}
[92mINFO [0m:      
[92mINFO [0m:      [ROUND 10/20]
[92mINFO [0m:      configure_train: Sampled 3 nodes (out of 3)
[36m(ClientAppActor pid=2956)[0m /usr/lib/python3.12/multiprocessing/popen_fork.py:66: DeprecationWarning: This process (pid=2956) is multi-threaded, use of fork() may lead to deadlocks in the child.[32m [repeated 3x across cluster][0m
[36m(ClientAppActor pid=2956)[0m   self.pid = os.fork()[32m [repeated 3x across cluster][0m
[92mINFO [0m:      aggregate_train: Received 3 results and 0 failures
[92mINFO [0m:      	└──> Aggregated MetricRecord: {'train_loss': 0.0650203741923906, 'train_loss_mean': 0.0754794005205816, 'client-ids': [0, 1, 2], 'per-client-num-examples': [3200, 4800, 1600], 'per-client-train_loss': [0.06875533644342795, 0.07488843824869643, 0.027946257521398364], 'per-client-train_loss_mean': [0.07916614924650639, 0.05571936357684899, 0.12738601389992982]}
[92mINFO [0m:      configure_evaluate: Sampled 3 nodes (out of 3)
[92mINFO [0m:      aggregate_evaluate: Received 3 results and 0 failures
[92mINFO [0m:      	└──> Aggregated MetricRecord: {'eval_loss': 0.8846696589390437, 'eval_acc': 0.8170833333333334, 'client-ids': [0, 1, 2], 'per-client-eval_acc': [0.81625, 0.8141666666666667, 0.8275], 'per-client-eval_loss': [0.9614427900314331, 0.8520775783061981, 0.8288996386528015], 'per-client-num-examples': [800, 1200, 400]}
[92mINFO [0m:      Global evaluation
[92mINFO [0m:      	└──> MetricRecord: {'loss': 0.9043067746758461, 'accuracy': 0.803, 'f1': 0.8021502634083085, 'precision': 0.802058454209898, 'auc': 0.950809875}
[92mINFO [0m:      
[92mINFO [0m:      [ROUND 11/20]
[92mINFO [0m:      configure_train: Sampled 3 nodes (out of 3)
[36m(ClientAppActor pid=2956)[0m /usr/lib/python3.12/multiprocessing/popen_fork.py:66: DeprecationWarning: This process (pid=2956) is multi-threaded, use of fork() may lead to deadlocks in the child.[32m [repeated 3x across cluster][0m
[36m(ClientAppActor pid=2956)[0m   self.pid = os.fork()[32m [repeated 3x across cluster][0m
[92mINFO [0m:      aggregate_train: Received 3 results and 0 failures
[92mINFO [0m:      	└──> Aggregated MetricRecord: {'train_loss': 0.058078067559205616, 'train_loss_mean': 0.07072100461976757, 'client-ids': [0, 1, 2], 'per-client-num-examples': [3200, 4800, 1600], 'per-client-train_loss': [0.06914972930913792, 0.052650624458522845, 0.05221707336138934], 'per-client-train_loss_mean': [0.06923213801858948, 0.054000685852719464, 0.12385969412326811]}
[92mINFO [0m:      configure_evaluate: Sampled 3 nodes (out of 3)
[92mINFO [0m:      aggregate_evaluate: Received 3 results and 0 failures
[92mINFO [0m:      	└──> Aggregated MetricRecord: {'eval_loss': 1.014440928598245, 'eval_acc': 0.8058333333333332, 'client-ids': [0, 1, 2], 'per-client-eval_acc': [0.7975, 0.8108333333333333, 0.8075], 'per-client-eval_loss': [1.1325374281406402, 0.9546784180402755, 0.9575354611873627], 'per-client-num-examples': [800, 1200, 400]}
[92mINFO [0m:      Global evaluation
[92mINFO [0m:      	└──> MetricRecord: {'loss': 1.0170447491407395, 'accuracy': 0.8, 'f1': 0.7984800983313536, 'precision': 0.8021563818065929, 'auc': 0.9473796666666667}
[92mINFO [0m:      
[92mINFO [0m:      [ROUND 12/20]
[92mINFO [0m:      configure_train: Sampled 3 nodes (out of 3)
[36m(ClientAppActor pid=2956)[0m /usr/lib/python3.12/multiprocessing/popen_fork.py:66: DeprecationWarning: This process (pid=2956) is multi-threaded, use of fork() may lead to deadlocks in the child.[32m [repeated 3x across cluster][0m
[36m(ClientAppActor pid=2956)[0m   self.pid = os.fork()[32m [repeated 3x across cluster][0m
[92mINFO [0m:      aggregate_train: Received 3 results and 0 failures
[92mINFO [0m:      	└──> Aggregated MetricRecord: {'train_loss': 0.039441979324037674, 'train_loss_mean': 0.0660870140172968, 'client-ids': [0, 1, 2], 'per-client-num-examples': [3200, 4800, 1600], 'per-client-train_loss': [0.027159316435281654, 0.04224312754153895, 0.055603860449045896], 'per-client-train_loss_mean': [0.06359212082676823, 0.04661351541328865, 0.12949729621037842]}
[92mINFO [0m:      configure_evaluate: Sampled 3 nodes (out of 3)
[92mINFO [0m:      aggregate_evaluate: Received 3 results and 0 failures
[92mINFO [0m:      	└──> Aggregated MetricRecord: {'eval_loss': 1.0580753163496652, 'eval_acc': 0.8091666666666667, 'client-ids': [0, 1, 2], 'per-client-eval_acc': [0.8075, 0.8141666666666667, 0.7975], 'per-client-eval_loss': [1.1856145179271698, 0.979279910326004, 1.0393831312656403], 'per-client-num-examples': [800, 1200, 400]}
[92mINFO [0m:      Global evaluation
[92mINFO [0m:      	└──> MetricRecord: {'loss': 1.123043268032372, 'accuracy': 0.797, 'f1': 0.7959057200975997, 'precision': 0.7968791076473543, 'auc': 0.9470623333333333}
[92mINFO [0m:      
[92mINFO [0m:      [ROUND 13/20]
[92mINFO [0m:      configure_train: Sampled 3 nodes (out of 3)
[36m(ClientAppActor pid=2956)[0m /usr/lib/python3.12/multiprocessing/popen_fork.py:66: DeprecationWarning: This process (pid=2956) is multi-threaded, use of fork() may lead to deadlocks in the child.[32m [repeated 3x across cluster][0m
[36m(ClientAppActor pid=2956)[0m   self.pid = os.fork()[32m [repeated 3x across cluster][0m
[92mINFO [0m:      aggregate_train: Received 3 results and 0 failures
[92mINFO [0m:      	└──> Aggregated MetricRecord: {'train_loss': 0.03358642816727903, 'train_loss_mean': 0.058983427746910205, 'client-ids': [0, 1, 2], 'per-client-num-examples': [3200, 4800, 1600], 'per-client-train_loss': [0.052650375883094964, 0.027789905554576156, 0.012848100573755801], 'per-client-train_loss_mean': [0.06491633653594181, 0.04127760611410485, 0.1002350750672631]}
[92mINFO [0m:      configure_evaluate: Sampled 3 nodes (out of 3)
[92mINFO [0m:      aggregate_evaluate: Received 3 results and 0 failures
[92mINFO [0m:      	└──> Aggregated MetricRecord: {'eval_loss': 1.0946766410271325, 'eval_acc': 0.8183333333333334, 'client-ids': [0, 1, 2], 'per-client-eval_acc': [0.8125, 0.8258333333333333, 0.8075], 'per-client-eval_loss': [1.2197392404079437, 1.020206417242686, 1.0679621136188506], 'per-client-num-examples': [800, 1200, 400]}
[92mINFO [0m:      Global evaluation
[92mINFO [0m:      	└──> MetricRecord: {'loss': 1.192520135268569, 'accuracy': 0.7965, 'f1': 0.7954880140172904, 'precision': 0.7950758555589884, 'auc': 0.946188}
[92mINFO [0m:      
[92mINFO [0m:      [ROUND 14/20]
[92mINFO [0m:      configure_train: Sampled 3 nodes (out of 3)
[36m(ClientAppActor pid=2956)[0m /usr/lib/python3.12/multiprocessing/popen_fork.py:66: DeprecationWarning: This process (pid=2956) is multi-threaded, use of fork() may lead to deadlocks in the child.[32m [repeated 3x across cluster][0m
[36m(ClientAppActor pid=2956)[0m   self.pid = os.fork()[32m [repeated 3x across cluster][0m
[92mINFO [0m:      aggregate_train: Received 3 results and 0 failures
[92mINFO [0m:      	└──> Aggregated MetricRecord: {'train_loss': 0.035841156771299815, 'train_loss_mean': 0.05631625964439202, 'client-ids': [0, 1, 2], 'per-client-num-examples': [3200, 4800, 1600], 'per-client-train_loss': [0.03302977927145548, 0.027788015091888763, 0.06562333680922165], 'per-client-train_loss_mean': [0.05875414123653899, 0.038793510695240306, 0.10400874330755323]}
[92mINFO [0m:      configure_evaluate: Sampled 3 nodes (out of 3)
[92mINFO [0m:      aggregate_evaluate: Received 3 results and 0 failures
[92mINFO [0m:      	└──> Aggregated MetricRecord: {'eval_loss': 1.069551860888799, 'eval_acc': 0.8120833333333334, 'client-ids': [0, 1, 2], 'per-client-eval_acc': [0.8075, 0.8175, 0.805], 'per-client-eval_loss': [1.1774606263637544, 0.990465026696523, 1.0909948325157166], 'per-client-num-examples': [800, 1200, 400]}
[92mINFO [0m:      Global evaluation
[92mINFO [0m:      	└──> MetricRecord: {'loss': 1.1696948370933533, 'accuracy': 0.7915, 'f1': 0.7913342493450073, 'precision': 0.792659788569605, 'auc': 0.9454872916666666}
[92mINFO [0m:      
[92mINFO [0m:      [ROUND 15/20]
[92mINFO [0m:      configure_train: Sampled 3 nodes (out of 3)
[36m(ClientAppActor pid=2956)[0m /usr/lib/python3.12/multiprocessing/popen_fork.py:66: DeprecationWarning: This process (pid=2956) is multi-threaded, use of fork() may lead to deadlocks in the child.[32m [repeated 3x across cluster][0m
[36m(ClientAppActor pid=2956)[0m   self.pid = os.fork()[32m [repeated 3x across cluster][0m
[92mINFO [0m:      aggregate_train: Received 3 results and 0 failures
[92mINFO [0m:      	└──> Aggregated MetricRecord: {'train_loss': 0.033065300101200894, 'train_loss_mean': 0.053377675272737776, 'client-ids': [0, 1, 2], 'per-client-num-examples': [3200, 4800, 1600], 'per-client-train_loss': [0.0382844010455301, 0.03663220487515597, 0.011926383890677244], 'per-client-train_loss_mean': [0.058025567206670535, 0.033148841592987685, 0.10476839244412257]}
[92mINFO [0m:      configure_evaluate: Sampled 3 nodes (out of 3)
[92mINFO [0m:      aggregate_evaluate: Received 3 results and 0 failures
[92mINFO [0m:      	└──> Aggregated MetricRecord: {'eval_loss': 1.1494195034106574, 'eval_acc': 0.8066666666666668, 'client-ids': [0, 1, 2], 'per-client-eval_acc': [0.80625, 0.81, 0.7975], 'per-client-eval_loss': [1.2811870431900025, 1.0675379689534505, 1.131529027223587], 'per-client-num-examples': [800, 1200, 400]}
[92mINFO [0m:      Global evaluation
[92mINFO [0m:      	└──> MetricRecord: {'loss': 1.1544694344997406, 'accuracy': 0.8055, 'f1': 0.8044563312800946, 'precision': 0.8042504681769858, 'auc': 0.9486159583333333}
[92mINFO [0m:      
[92mINFO [0m:      [ROUND 16/20]
[92mINFO [0m:      configure_train: Sampled 3 nodes (out of 3)
[36m(ClientAppActor pid=2956)[0m /usr/lib/python3.12/multiprocessing/popen_fork.py:66: DeprecationWarning: This process (pid=2956) is multi-threaded, use of fork() may lead to deadlocks in the child.[32m [repeated 3x across cluster][0m
[36m(ClientAppActor pid=2956)[0m   self.pid = os.fork()[32m [repeated 3x across cluster][0m
[92mINFO [0m:      aggregate_train: Received 3 results and 0 failures
[92mINFO [0m:      	└──> Aggregated MetricRecord: {'train_loss': 0.04590517836613193, 'train_loss_mean': 0.04860132306130496, 'client-ids': [0, 1, 2], 'per-client-num-examples': [3200, 4800, 1600], 'per-client-train_loss': [0.03439293571515009, 0.049857177890953605, 0.05707366509363055], 'per-client-train_loss_mean': [0.03961256009864155, 0.03553524970859386, 0.1057770690447651]}
[92mINFO [0m:      configure_evaluate: Sampled 3 nodes (out of 3)
[92mINFO [0m:      aggregate_evaluate: Received 3 results and 0 failures
[92mINFO [0m:      	└──> Aggregated MetricRecord: {'eval_loss': 1.1517054667075475, 'eval_acc': 0.8058333333333333, 'client-ids': [0, 1, 2], 'per-client-eval_acc': [0.79625, 0.81, 0.8125], 'per-client-eval_loss': [1.262051453590393, 1.0772644956906636, 1.1543364059925079], 'per-client-num-examples': [800, 1200, 400]}
[92mINFO [0m:      Global evaluation
[92mINFO [0m:      	└──> MetricRecord: {'loss': 1.178857536315918, 'accuracy': 0.7925, 'f1': 0.7914251187366267, 'precision': 0.7908029933622401, 'auc': 0.9450506666666668}
[92mINFO [0m:      
[92mINFO [0m:      [ROUND 17/20]
[92mINFO [0m:      configure_train: Sampled 3 nodes (out of 3)
[36m(ClientAppActor pid=2956)[0m /usr/lib/python3.12/multiprocessing/popen_fork.py:66: DeprecationWarning: This process (pid=2956) is multi-threaded, use of fork() may lead to deadlocks in the child.[32m [repeated 3x across cluster][0m
[36m(ClientAppActor pid=2956)[0m   self.pid = os.fork()[32m [repeated 3x across cluster][0m
[92mINFO [0m:      aggregate_train: Received 3 results and 0 failures
[92mINFO [0m:      	└──> Aggregated MetricRecord: {'train_loss': 0.03203652203634798, 'train_loss_mean': 0.045213703547010174, 'client-ids': [0, 1, 2], 'per-client-num-examples': [3200, 4800, 1600], 'per-client-train_loss': [0.03870650722878054, 0.030345507936411498, 0.023769593951292335], 'per-client-train_loss_mean': [0.04917623390932567, 0.029631104810371955, 0.08403643903229385]}
[92mINFO [0m:      configure_evaluate: Sampled 3 nodes (out of 3)
[92mINFO [0m:      aggregate_evaluate: Received 3 results and 0 failures
[92mINFO [0m:      	└──> Aggregated MetricRecord: {'eval_loss': 1.1075666891535123, 'eval_acc': 0.8058333333333333, 'client-ids': [0, 1, 2], 'per-client-eval_acc': [0.8025, 0.8141666666666667, 0.7875], 'per-client-eval_loss': [1.3229500913619996, 0.9806177186965942, 1.0576467961072922], 'per-client-num-examples': [800, 1200, 400]}
[92mINFO [0m:      Global evaluation
[92mINFO [0m:      	└──> MetricRecord: {'loss': 1.147407918214798, 'accuracy': 0.7985, 'f1': 0.7977932820039854, 'precision': 0.7976343918345643, 'auc': 0.9486644166666667}
[92mINFO [0m:      
[92mINFO [0m:      [ROUND 18/20]
[92mINFO [0m:      configure_train: Sampled 3 nodes (out of 3)
[36m(ClientAppActor pid=2956)[0m /usr/lib/python3.12/multiprocessing/popen_fork.py:66: DeprecationWarning: This process (pid=2956) is multi-threaded, use of fork() may lead to deadlocks in the child.[32m [repeated 3x across cluster][0m
[36m(ClientAppActor pid=2956)[0m   self.pid = os.fork()[32m [repeated 3x across cluster][0m
[92mINFO [0m:      aggregate_train: Received 3 results and 0 failures
[92mINFO [0m:      	└──> Aggregated MetricRecord: {'train_loss': 0.03064642579886519, 'train_loss_mean': 0.04454201275717423, 'client-ids': [0, 1, 2], 'per-client-num-examples': [3200, 4800, 1600], 'per-client-train_loss': [0.021436734758899546, 0.04039698076492641, 0.019814142980612813], 'per-client-train_loss_mean': [0.04168627909492352, 0.03546812905070207, 0.07747513120109215]}
[92mINFO [0m:      configure_evaluate: Sampled 3 nodes (out of 3)
[92mINFO [0m:      aggregate_evaluate: Received 3 results and 0 failures
[92mINFO [0m:      	└──> Aggregated MetricRecord: {'eval_loss': 1.1368806186318396, 'eval_acc': 0.81125, 'client-ids': [0, 1, 2], 'per-client-eval_acc': [0.79875, 0.8183333333333334, 0.815], 'per-client-eval_loss': [1.250810055732727, 1.0682480200131734, 1.114919540286064], 'per-client-num-examples': [800, 1200, 400]}
[92mINFO [0m:      Global evaluation
[92mINFO [0m:      	└──> MetricRecord: {'loss': 1.1884250979870559, 'accuracy': 0.795, 'f1': 0.795970870526819, 'precision': 0.7976816659387408, 'auc': 0.9464627916666668}
[92mINFO [0m:      
[92mINFO [0m:      [ROUND 19/20]
[92mINFO [0m:      configure_train: Sampled 3 nodes (out of 3)
[36m(ClientAppActor pid=2956)[0m /usr/lib/python3.12/multiprocessing/popen_fork.py:66: DeprecationWarning: This process (pid=2956) is multi-threaded, use of fork() may lead to deadlocks in the child.[32m [repeated 3x across cluster][0m
[36m(ClientAppActor pid=2956)[0m   self.pid = os.fork()[32m [repeated 3x across cluster][0m
[92mINFO [0m:      aggregate_train: Received 3 results and 0 failures
[92mINFO [0m:      	└──> Aggregated MetricRecord: {'train_loss': 0.04076500206441172, 'train_loss_mean': 0.0391616891406884, 'client-ids': [0, 1, 2], 'per-client-num-examples': [3200, 4800, 1600], 'per-client-train_loss': [0.059825260407815224, 0.029842007041879698, 0.0354134704452008], 'per-client-train_loss_mean': [0.041169318029831634, 0.027614240291819442, 0.0697887779090088]}
[92mINFO [0m:      configure_evaluate: Sampled 3 nodes (out of 3)
[92mINFO [0m:      aggregate_evaluate: Received 3 results and 0 failures
[92mINFO [0m:      	└──> Aggregated MetricRecord: {'eval_loss': 1.1675389275948207, 'eval_acc': 0.7954166666666667, 'client-ids': [0, 1, 2], 'per-client-eval_acc': [0.79125, 0.8033333333333333, 0.78], 'per-client-eval_loss': [1.267367306947708, 1.0651926346619924, 1.2749210476875306], 'per-client-num-examples': [800, 1200, 400]}
[92mINFO [0m:      Global evaluation
[92mINFO [0m:      	└──> MetricRecord: {'loss': 1.2050337435007095, 'accuracy': 0.785, 'f1': 0.7855935010841595, 'precision': 0.7876239371738165, 'auc': 0.9435622916666667}
[92mINFO [0m:      
[92mINFO [0m:      [ROUND 20/20]
[92mINFO [0m:      configure_train: Sampled 3 nodes (out of 3)
[36m(ClientAppActor pid=2956)[0m /usr/lib/python3.12/multiprocessing/popen_fork.py:66: DeprecationWarning: This process (pid=2956) is multi-threaded, use of fork() may lead to deadlocks in the child.[32m [repeated 3x across cluster][0m
[36m(ClientAppActor pid=2956)[0m   self.pid = os.fork()[32m [repeated 3x across cluster][0m
[92mINFO [0m:      aggregate_train: Received 3 results and 0 failures
[92mINFO [0m:      	└──> Aggregated MetricRecord: {'train_loss': 0.014169577867420837, 'train_loss_mean': 0.041173981632430995, 'client-ids': [0, 1, 2], 'per-client-num-examples': [3200, 4800, 1600], 'per-client-train_loss': [0.026519952574162745, 0.007338893989775291, 0.009960880086873658], 'per-client-train_loss_mean': [0.04286198301956756, 0.02697357632610753, 0.08039919477712829]}
[92mINFO [0m:      configure_evaluate: Sampled 3 nodes (out of 3)
[92mINFO [0m:      aggregate_evaluate: Received 3 results and 0 failures
[92mINFO [0m:      	└──> Aggregated MetricRecord: {'eval_loss': 1.300104410946369, 'eval_acc': 0.8104166666666666, 'client-ids': [0, 1, 2], 'per-client-eval_acc': [0.80125, 0.8175, 0.8075], 'per-client-eval_loss': [1.4834279525279999, 1.1929253776868185, 1.25499442756176], 'per-client-num-examples': [800, 1200, 400]}
[92mINFO [0m:      Global evaluation
[92mINFO [0m:      	└──> MetricRecord: {'loss': 1.4077859011888505, 'accuracy': 0.803, 'f1': 0.8025334689666931, 'precision': 0.8023565102259985, 'auc': 0.9474709583333333}
[92mINFO [0m:      
[92mINFO [0m:      Strategy execution finished in 217.55s
[92mINFO [0m:      
[92mINFO [0m:      Final results:
[92mINFO [0m:      
[92mINFO [0m:      	Global Arrays:
[92mINFO [0m:      		ArrayRecord (0.866 MB)
[92mINFO [0m:      	
[92mINFO [0m:      	Aggregated ClientApp-side Train Metrics:
[92mINFO [0m:      	{ 1: { 'client-ids': "['0', '1', '2']",
[92mINFO [0m:      	       'per-client-num-examples': "['3200', '4800', '1600']",
[92mINFO [0m:      	       'per-client-train_loss': "['7.7012e-01', '7.6171e-01', '9.4228e-01']",
[92mINFO [0m:      	       'per-client-train_loss_mean': "['9.8209e-01', '9.4697e-01', "
[92mINFO [0m:      	                                     "'1.1217e+00']",
[92mINFO [0m:      	       'train_loss': '7.9461e-01',
[92mINFO [0m:      	       'train_loss_mean': '9.8781e-01'},
[92mINFO [0m:      	  2: { 'client-ids': "['0', '1', '2']",
[92mINFO [0m:      	       'per-client-num-examples': "['3200', '4800', '1600']",
[92mINFO [0m:      	       'per-client-train_loss': "['6.0979e-01', '5.6870e-01', '6.6319e-01']",
[92mINFO [0m:      	       'per-client-train_loss_mean': "['7.0646e-01', '6.7276e-01', "
[92mINFO [0m:      	                                     "'7.4583e-01']",
[92mINFO [0m:      	       'train_loss': '5.9815e-01',
[92mINFO [0m:      	       'train_loss_mean': '6.9617e-01'},
[92mINFO [0m:      	  3: { 'client-ids': "['0', '1', '2']",
[92mINFO [0m:      	       'per-client-num-examples': "['3200', '4800', '1600']",
[92mINFO [0m:      	       'per-client-train_loss': "['4.4220e-01', '4.0169e-01', '4.6016e-01']",
[92mINFO [0m:      	       'per-client-train_loss_mean': "['5.3732e-01', '5.0490e-01', "
[92mINFO [0m:      	                                     "'5.6818e-01']",
[92mINFO [0m:      	       'train_loss': '4.2494e-01',
[92mINFO [0m:      	       'train_loss_mean': '5.2625e-01'},
[92mINFO [0m:      	  4: { 'client-ids': "['0', '1', '2']",
[92mINFO [0m:      	       'per-client-num-examples': "['3200', '4800', '1600']",
[92mINFO [0m:      	       'per-client-train_loss': "['3.1161e-01', '2.5097e-01', '2.8268e-01']",
[92mINFO [0m:      	       'per-client-train_loss_mean': "['4.0320e-01', '3.4757e-01', "
[92mINFO [0m:      	                                     "'4.1874e-01']",
[92mINFO [0m:      	       'train_loss': '2.7647e-01',
[92mINFO [0m:      	       'train_loss_mean': '3.7797e-01'},
[92mINFO [0m:      	  5: { 'client-ids': "['0', '1', '2']",
[92mINFO [0m:      	       'per-client-num-examples': "['3200', '4800', '1600']",
[92mINFO [0m:      	       'per-client-train_loss': "['1.8220e-01', '1.5090e-01', '1.7194e-01']",
[92mINFO [0m:      	       'per-client-train_loss_mean': "['2.8539e-01', '2.1696e-01', "
[92mINFO [0m:      	                                     "'3.0670e-01']",
[92mINFO [0m:      	       'train_loss': '1.6484e-01',
[92mINFO [0m:      	       'train_loss_mean': '2.5473e-01'},
[92mINFO [0m:      	  6: { 'client-ids': "['0', '1', '2']",
[92mINFO [0m:      	       'per-client-num-examples': "['3200', '4800', '1600']",
[92mINFO [0m:      	       'per-client-train_loss': "['1.0072e-01', '1.2074e-01', '1.0895e-01']",
[92mINFO [0m:      	       'per-client-train_loss_mean': "['2.0262e-01', '1.4352e-01', "
[92mINFO [0m:      	                                     "'2.5342e-01']",
[92mINFO [0m:      	       'train_loss': '1.1210e-01',
[92mINFO [0m:      	       'train_loss_mean': '1.8153e-01'},
[92mINFO [0m:      	  7: { 'client-ids': "['0', '1', '2']",
[92mINFO [0m:      	       'per-client-num-examples': "['3200', '4800', '1600']",
[92mINFO [0m:      	       'per-client-train_loss': "['8.6370e-02', '5.9683e-02', '8.3817e-02']",
[92mINFO [0m:      	       'per-client-train_loss_mean': "['1.4499e-01', '9.6331e-02', "
[92mINFO [0m:      	                                     "'2.1022e-01']",
[92mINFO [0m:      	       'train_loss': '7.2601e-02',
[92mINFO [0m:      	       'train_loss_mean': '1.3153e-01'},
[92mINFO [0m:      	  8: { 'client-ids': "['0', '1', '2']",
[92mINFO [0m:      	       'per-client-num-examples': "['3200', '4800', '1600']",
[92mINFO [0m:      	       'per-client-train_loss': "['6.7979e-02', '3.8156e-02', '6.8897e-02']",
[92mINFO [0m:      	       'per-client-train_loss_mean': "['1.1790e-01', '7.2262e-02', "
[92mINFO [0m:      	                                     "'1.9517e-01']",
[92mINFO [0m:      	       'train_loss': '5.3221e-02',
[92mINFO [0m:      	       'train_loss_mean': '1.0796e-01'},
[92mINFO [0m:      	  9: { 'client-ids': "['0', '1', '2']",
[92mINFO [0m:      	       'per-client-num-examples': "['3200', '4800', '1600']",
[92mINFO [0m:      	       'per-client-train_loss': "['4.9602e-02', '5.2118e-02', '6.7260e-02']",
[92mINFO [0m:      	       'per-client-train_loss_mean': "['8.7654e-02', '5.7889e-02', "
[92mINFO [0m:      	                                     "'1.7419e-01']",
[92mINFO [0m:      	       'train_loss': '5.3803e-02',
[92mINFO [0m:      	       'train_loss_mean': '8.7194e-02'},
[92mINFO [0m:      	  10: { 'client-ids': "['0', '1', '2']",
[92mINFO [0m:      	        'per-client-num-examples': "['3200', '4800', '1600']",
[92mINFO [0m:      	        'per-client-train_loss': "['6.8755e-02', '7.4888e-02', '2.7946e-02']",
[92mINFO [0m:      	        'per-client-train_loss_mean': "['7.9166e-02', '5.5719e-02', "
[92mINFO [0m:      	                                      "'1.2739e-01']",
[92mINFO [0m:      	        'train_loss': '6.5020e-02',
[92mINFO [0m:      	        'train_loss_mean': '7.5479e-02'},
[92mINFO [0m:      	  11: { 'client-ids': "['0', '1', '2']",
[92mINFO [0m:      	        'per-client-num-examples': "['3200', '4800', '1600']",
[92mINFO [0m:      	        'per-client-train_loss': "['6.9150e-02', '5.2651e-02', '5.2217e-02']",
[92mINFO [0m:      	        'per-client-train_loss_mean': "['6.9232e-02', '5.4001e-02', "
[92mINFO [0m:      	                                      "'1.2386e-01']",
[92mINFO [0m:      	        'train_loss': '5.8078e-02',
[92mINFO [0m:      	        'train_loss_mean': '7.0721e-02'},
[92mINFO [0m:      	  12: { 'client-ids': "['0', '1', '2']",
[92mINFO [0m:      	        'per-client-num-examples': "['3200', '4800', '1600']",
[92mINFO [0m:      	        'per-client-train_loss': "['2.7159e-02', '4.2243e-02', '5.5604e-02']",
[92mINFO [0m:      	        'per-client-train_loss_mean': "['6.3592e-02', '4.6614e-02', "
[92mINFO [0m:      	                                      "'1.2950e-01']",
[92mINFO [0m:      	        'train_loss': '3.9442e-02',
[92mINFO [0m:      	        'train_loss_mean': '6.6087e-02'},
[92mINFO [0m:      	  13: { 'client-ids': "['0', '1', '2']",
[92mINFO [0m:      	        'per-client-num-examples': "['3200', '4800', '1600']",
[92mINFO [0m:      	        'per-client-train_loss': "['5.2650e-02', '2.7790e-02', '1.2848e-02']",
[92mINFO [0m:      	        'per-client-train_loss_mean': "['6.4916e-02', '4.1278e-02', "
[92mINFO [0m:      	                                      "'1.0024e-01']",
[92mINFO [0m:      	        'train_loss': '3.3586e-02',
[92mINFO [0m:      	        'train_loss_mean': '5.8983e-02'},
[92mINFO [0m:      	  14: { 'client-ids': "['0', '1', '2']",
[92mINFO [0m:      	        'per-client-num-examples': "['3200', '4800', '1600']",
[92mINFO [0m:      	        'per-client-train_loss': "['3.3030e-02', '2.7788e-02', '6.5623e-02']",
[92mINFO [0m:      	        'per-client-train_loss_mean': "['5.8754e-02', '3.8794e-02', "
[92mINFO [0m:      	                                      "'1.0401e-01']",
[92mINFO [0m:      	        'train_loss': '3.5841e-02',
[92mINFO [0m:      	        'train_loss_mean': '5.6316e-02'},
[92mINFO [0m:      	  15: { 'client-ids': "['0', '1', '2']",
[92mINFO [0m:      	        'per-client-num-examples': "['3200', '4800', '1600']",
[92mINFO [0m:      	        'per-client-train_loss': "['3.8284e-02', '3.6632e-02', '1.1926e-02']",
[92mINFO [0m:      	        'per-client-train_loss_mean': "['5.8026e-02', '3.3149e-02', "
[92mINFO [0m:      	                                      "'1.0477e-01']",
[92mINFO [0m:      	        'train_loss': '3.3065e-02',
[92mINFO [0m:      	        'train_loss_mean': '5.3378e-02'},
[92mINFO [0m:      	  16: { 'client-ids': "['0', '1', '2']",
[92mINFO [0m:      	        'per-client-num-examples': "['3200', '4800', '1600']",
[92mINFO [0m:      	        'per-client-train_loss': "['3.4393e-02', '4.9857e-02', '5.7074e-02']",
[92mINFO [0m:      	        'per-client-train_loss_mean': "['3.9613e-02', '3.5535e-02', "
[92mINFO [0m:      	                                      "'1.0578e-01']",
[92mINFO [0m:      	        'train_loss': '4.5905e-02',
[92mINFO [0m:      	        'train_loss_mean': '4.8601e-02'},
[92mINFO [0m:      	  17: { 'client-ids': "['0', '1', '2']",
[92mINFO [0m:      	        'per-client-num-examples': "['3200', '4800', '1600']",
[92mINFO [0m:      	        'per-client-train_loss': "['3.8707e-02', '3.0346e-02', '2.3770e-02']",
[92mINFO [0m:      	        'per-client-train_loss_mean': "['4.9176e-02', '2.9631e-02', "
[92mINFO [0m:      	                                      "'8.4036e-02']",
[92mINFO [0m:      	        'train_loss': '3.2037e-02',
[92mINFO [0m:      	        'train_loss_mean': '4.5214e-02'},
[92mINFO [0m:      	  18: { 'client-ids': "['0', '1', '2']",
[92mINFO [0m:      	        'per-client-num-examples': "['3200', '4800', '1600']",
[92mINFO [0m:      	        'per-client-train_loss': "['2.1437e-02', '4.0397e-02', '1.9814e-02']",
[92mINFO [0m:      	        'per-client-train_loss_mean': "['4.1686e-02', '3.5468e-02', "
[92mINFO [0m:      	                                      "'7.7475e-02']",
[92mINFO [0m:      	        'train_loss': '3.0646e-02',
[92mINFO [0m:      	        'train_loss_mean': '4.4542e-02'},
[92mINFO [0m:      	  19: { 'client-ids': "['0', '1', '2']",
[92mINFO [0m:      	        'per-client-num-examples': "['3200', '4800', '1600']",
[92mINFO [0m:      	        'per-client-train_loss': "['5.9825e-02', '2.9842e-02', '3.5413e-02']",
[92mINFO [0m:      	        'per-client-train_loss_mean': "['4.1169e-02', '2.7614e-02', "
[92mINFO [0m:      	                                      "'6.9789e-02']",
[92mINFO [0m:      	        'train_loss': '4.0765e-02',
[92mINFO [0m:      	        'train_loss_mean': '3.9162e-02'},
[92mINFO [0m:      	  20: { 'client-ids': "['0', '1', '2']",
[92mINFO [0m:      	        'per-client-num-examples': "['3200', '4800', '1600']",
[92mINFO [0m:      	        'per-client-train_loss': "['2.6520e-02', '7.3389e-03', '9.9609e-03']",
[92mINFO [0m:      	        'per-client-train_loss_mean': "['4.2862e-02', '2.6974e-02', "
[92mINFO [0m:      	                                      "'8.0399e-02']",
[92mINFO [0m:      	        'train_loss': '1.4170e-02',
[92mINFO [0m:      	        'train_loss_mean': '4.1174e-02'}}
[92mINFO [0m:      	
[92mINFO [0m:      	Aggregated ClientApp-side Evaluate Metrics:
[92mINFO [0m:      	{ 1: { 'client-ids': "['0', '1', '2']",
[92mINFO [0m:      	       'eval_acc': '5.8833e-01',
[92mINFO [0m:      	       'eval_loss': '1.1532e+00',
[92mINFO [0m:      	       'per-client-eval_acc': "['5.6375e-01', '5.9667e-01', '6.1250e-01']",
[92mINFO [0m:      	       'per-client-eval_loss': "['1.1649e+00', '1.1466e+00', '1.1497e+00']",
[92mINFO [0m:      	       'per-client-num-examples': "['800', '1200', '400']"},
[92mINFO [0m:      	  2: { 'client-ids': "['0', '1', '2']",
[92mINFO [0m:      	       'eval_acc': '7.4000e-01',
[92mINFO [0m:      	       'eval_loss': '6.5890e-01',
[92mINFO [0m:      	       'per-client-eval_acc': "['7.1625e-01', '7.6000e-01', '7.2750e-01']",
[92mINFO [0m:      	       'per-client-eval_loss': "['7.0824e-01', '6.2181e-01', '6.7145e-01']",
[92mINFO [0m:      	       'per-client-num-examples': "['800', '1200', '400']"},
[92mINFO [0m:      	  3: { 'client-ids': "['0', '1', '2']",
[92mINFO [0m:      	       'eval_acc': '7.9917e-01',
[92mINFO [0m:      	       'eval_loss': '5.4535e-01',
[92mINFO [0m:      	       'per-client-eval_acc': "['7.8625e-01', '8.1333e-01', '7.8250e-01']",
[92mINFO [0m:      	       'per-client-eval_loss': "['5.8829e-01', '5.1242e-01', '5.5826e-01']",
[92mINFO [0m:      	       'per-client-num-examples': "['800', '1200', '400']"},
[92mINFO [0m:      	  4: { 'client-ids': "['0', '1', '2']",
[92mINFO [0m:      	       'eval_acc': '8.0750e-01',
[92mINFO [0m:      	       'eval_loss': '5.6019e-01',
[92mINFO [0m:      	       'per-client-eval_acc': "['7.8875e-01', '8.2000e-01', '8.0750e-01']",
[92mINFO [0m:      	       'per-client-eval_loss': "['6.2785e-01', '5.2675e-01', '5.2521e-01']",
[92mINFO [0m:      	       'per-client-num-examples': "['800', '1200', '400']"},
[92mINFO [0m:      	  5: { 'client-ids': "['0', '1', '2']",
[92mINFO [0m:      	       'eval_acc': '8.2042e-01',
[92mINFO [0m:      	       'eval_loss': '6.4083e-01',
[92mINFO [0m:      	       'per-client-eval_acc': "['8.1875e-01', '8.2333e-01', '8.1500e-01']",
[92mINFO [0m:      	       'per-client-eval_loss': "['6.7912e-01', '6.2333e-01', '6.1677e-01']",
[92mINFO [0m:      	       'per-client-num-examples': "['800', '1200', '400']"},
[92mINFO [0m:      	  6: { 'client-ids': "['0', '1', '2']",
[92mINFO [0m:      	       'eval_acc': '8.2042e-01',
[92mINFO [0m:      	       'eval_loss': '6.7942e-01',
[92mINFO [0m:      	       'per-client-eval_acc': "['8.1625e-01', '8.2417e-01', '8.1750e-01']",
[92mINFO [0m:      	       'per-client-eval_loss': "['7.1835e-01', '6.6869e-01', '6.3371e-01']",
[92mINFO [0m:      	       'per-client-num-examples': "['800', '1200', '400']"},
[92mINFO [0m:      	  7: { 'client-ids': "['0', '1', '2']",
[92mINFO [0m:      	       'eval_acc': '8.1417e-01',
[92mINFO [0m:      	       'eval_loss': '8.0389e-01',
[92mINFO [0m:      	       'per-client-eval_acc': "['8.1125e-01', '8.1750e-01', '8.1000e-01']",
[92mINFO [0m:      	       'per-client-eval_loss': "['8.5455e-01', '7.7662e-01', '7.8437e-01']",
[92mINFO [0m:      	       'per-client-num-examples': "['800', '1200', '400']"},
[92mINFO [0m:      	  8: { 'client-ids': "['0', '1', '2']",
[92mINFO [0m:      	       'eval_acc': '8.2208e-01',
[92mINFO [0m:      	       'eval_loss': '8.4418e-01',
[92mINFO [0m:      	       'per-client-eval_acc': "['8.2125e-01', '8.2000e-01', '8.3000e-01']",
[92mINFO [0m:      	       'per-client-eval_loss': "['8.9942e-01', '8.1216e-01', '8.2976e-01']",
[92mINFO [0m:      	       'per-client-num-examples': "['800', '1200', '400']"},
[92mINFO [0m:      	  9: { 'client-ids': "['0', '1', '2']",
[92mINFO [0m:      	       'eval_acc': '8.1625e-01',
[92mINFO [0m:      	       'eval_loss': '8.6870e-01',
[92mINFO [0m:      	       'per-client-eval_acc': "['8.1625e-01', '8.1833e-01', '8.1000e-01']",
[92mINFO [0m:      	       'per-client-eval_loss': "['9.3771e-01', '8.4157e-01', '8.1207e-01']",
[92mINFO [0m:      	       'per-client-num-examples': "['800', '1200', '400']"},
[92mINFO [0m:      	  10: { 'client-ids': "['0', '1', '2']",
[92mINFO [0m:      	        'eval_acc': '8.1708e-01',
[92mINFO [0m:      	        'eval_loss': '8.8467e-01',
[92mINFO [0m:      	        'per-client-eval_acc': "['8.1625e-01', '8.1417e-01', '8.2750e-01']",
[92mINFO [0m:      	        'per-client-eval_loss': "['9.6144e-01', '8.5208e-01', '8.2890e-01']",
[92mINFO [0m:      	        'per-client-num-examples': "['800', '1200', '400']"},
[92mINFO [0m:      	  11: { 'client-ids': "['0', '1', '2']",
[92mINFO [0m:      	        'eval_acc': '8.0583e-01',
[92mINFO [0m:      	        'eval_loss': '1.0144e+00',
[92mINFO [0m:      	        'per-client-eval_acc': "['7.9750e-01', '8.1083e-01', '8.0750e-01']",
[92mINFO [0m:      	        'per-client-eval_loss': "['1.1325e+00', '9.5468e-01', '9.5754e-01']",
[92mINFO [0m:      	        'per-client-num-examples': "['800', '1200', '400']"},
[92mINFO [0m:      	  12: { 'client-ids': "['0', '1', '2']",
[92mINFO [0m:      	        'eval_acc': '8.0917e-01',
[92mINFO [0m:      	        'eval_loss': '1.0581e+00',
[92mINFO [0m:      	        'per-client-eval_acc': "['8.0750e-01', '8.1417e-01', '7.9750e-01']",
[92mINFO [0m:      	        'per-client-eval_loss': "['1.1856e+00', '9.7928e-01', '1.0394e+00']",
[92mINFO [0m:      	        'per-client-num-examples': "['800', '1200', '400']"},
[92mINFO [0m:      	  13: { 'client-ids': "['0', '1', '2']",
[92mINFO [0m:      	        'eval_acc': '8.1833e-01',
[92mINFO [0m:      	        'eval_loss': '1.0947e+00',
[92mINFO [0m:      	        'per-client-eval_acc': "['8.1250e-01', '8.2583e-01', '8.0750e-01']",
[92mINFO [0m:      	        'per-client-eval_loss': "['1.2197e+00', '1.0202e+00', '1.0680e+00']",
[92mINFO [0m:      	        'per-client-num-examples': "['800', '1200', '400']"},
[92mINFO [0m:      	  14: { 'client-ids': "['0', '1', '2']",
[92mINFO [0m:      	        'eval_acc': '8.1208e-01',
[92mINFO [0m:      	        'eval_loss': '1.0696e+00',
[92mINFO [0m:      	        'per-client-eval_acc': "['8.0750e-01', '8.1750e-01', '8.0500e-01']",
[92mINFO [0m:      	        'per-client-eval_loss': "['1.1775e+00', '9.9047e-01', '1.0910e+00']",
[92mINFO [0m:      	        'per-client-num-examples': "['800', '1200', '400']"},
[92mINFO [0m:      	  15: { 'client-ids': "['0', '1', '2']",
[92mINFO [0m:      	        'eval_acc': '8.0667e-01',
[92mINFO [0m:      	        'eval_loss': '1.1494e+00',
[92mINFO [0m:      	        'per-client-eval_acc': "['8.0625e-01', '8.1000e-01', '7.9750e-01']",
[92mINFO [0m:      	        'per-client-eval_loss': "['1.2812e+00', '1.0675e+00', '1.1315e+00']",
[92mINFO [0m:      	        'per-client-num-examples': "['800', '1200', '400']"},
[92mINFO [0m:      	  16: { 'client-ids': "['0', '1', '2']",
[92mINFO [0m:      	        'eval_acc': '8.0583e-01',
[92mINFO [0m:      	        'eval_loss': '1.1517e+00',
[92mINFO [0m:      	        'per-client-eval_acc': "['7.9625e-01', '8.1000e-01', '8.1250e-01']",
[92mINFO [0m:      	        'per-client-eval_loss': "['1.2621e+00', '1.0773e+00', '1.1543e+00']",
[92mINFO [0m:      	        'per-client-num-examples': "['800', '1200', '400']"},
[92mINFO [0m:      	  17: { 'client-ids': "['0', '1', '2']",
[92mINFO [0m:      	        'eval_acc': '8.0583e-01',
[92mINFO [0m:      	        'eval_loss': '1.1076e+00',
[92mINFO [0m:      	        'per-client-eval_acc': "['8.0250e-01', '8.1417e-01', '7.8750e-01']",
[92mINFO [0m:      	        'per-client-eval_loss': "['1.3230e+00', '9.8062e-01', '1.0576e+00']",
[92mINFO [0m:      	        'per-client-num-examples': "['800', '1200', '400']"},
[92mINFO [0m:      	  18: { 'client-ids': "['0', '1', '2']",
[92mINFO [0m:      	        'eval_acc': '8.1125e-01',
[92mINFO [0m:      	        'eval_loss': '1.1369e+00',
[92mINFO [0m:      	        'per-client-eval_acc': "['7.9875e-01', '8.1833e-01', '8.1500e-01']",
[92mINFO [0m:      	        'per-client-eval_loss': "['1.2508e+00', '1.0682e+00', '1.1149e+00']",
[92mINFO [0m:      	        'per-client-num-examples': "['800', '1200', '400']"},
[92mINFO [0m:      	  19: { 'client-ids': "['0', '1', '2']",
[92mINFO [0m:      	        'eval_acc': '7.9542e-01',
[92mINFO [0m:      	        'eval_loss': '1.1675e+00',
[92mINFO [0m:      	        'per-client-eval_acc': "['7.9125e-01', '8.0333e-01', '7.8000e-01']",
[92mINFO [0m:      	        'per-client-eval_loss': "['1.2674e+00', '1.0652e+00', '1.2749e+00']",
[92mINFO [0m:      	        'per-client-num-examples': "['800', '1200', '400']"},
[92mINFO [0m:      	  20: { 'client-ids': "['0', '1', '2']",
[92mINFO [0m:      	        'eval_acc': '8.1042e-01',
[92mINFO [0m:      	        'eval_loss': '1.3001e+00',
[92mINFO [0m:      	        'per-client-eval_acc': "['8.0125e-01', '8.1750e-01', '8.0750e-01']",
[92mINFO [0m:      	        'per-client-eval_loss': "['1.4834e+00', '1.1929e+00', '1.2550e+00']",
[92mINFO [0m:      	        'per-client-num-examples': "['800', '1200', '400']"}}
[92mINFO [0m:      	
[92mINFO [0m:      	ServerApp-side Evaluate Metrics:
[92mINFO [0m:      	{ 0: { 'accuracy': '2.5000e-01',
[92mINFO [0m:      	       'auc': '5.1740e-01',
[92mINFO [0m:      	       'f1': '1.0000e-01',
[92mINFO [0m:      	       'loss': '1.3919e+00',
[92mINFO [0m:      	       'precision': '6.2500e-02'},
[92mINFO [0m:      	  1: { 'accuracy': '5.9250e-01',
[92mINFO [0m:      	       'auc': '8.6221e-01',
[92mINFO [0m:      	       'f1': '5.3399e-01',
[92mINFO [0m:      	       'loss': '1.1481e+00',
[92mINFO [0m:      	       'precision': '6.1098e-01'},
[92mINFO [0m:      	  2: { 'accuracy': '7.4150e-01',
[92mINFO [0m:      	       'auc': '9.3115e-01',
[92mINFO [0m:      	       'f1': '7.3605e-01',
[92mINFO [0m:      	       'loss': '6.2972e-01',
[92mINFO [0m:      	       'precision': '7.4030e-01'},
[92mINFO [0m:      	  3: { 'accuracy': '7.9050e-01',
[92mINFO [0m:      	       'auc': '9.4831e-01',
[92mINFO [0m:      	       'f1': '7.9022e-01',
[92mINFO [0m:      	       'loss': '5.4678e-01',
[92mINFO [0m:      	       'precision': '7.9106e-01'},
[92mINFO [0m:      	  4: { 'accuracy': '8.0200e-01',
[92mINFO [0m:      	       'auc': '9.5295e-01',
[92mINFO [0m:      	       'f1': '7.9874e-01',
[92mINFO [0m:      	       'loss': '5.6712e-01',
[92mINFO [0m:      	       'precision': '8.0191e-01'},
[92mINFO [0m:      	  5: { 'accuracy': '8.0800e-01',
[92mINFO [0m:      	       'auc': '9.5470e-01',
[92mINFO [0m:      	       'f1': '8.0811e-01',
[92mINFO [0m:      	       'loss': '6.5941e-01',
[92mINFO [0m:      	       'precision': '8.1023e-01'},
[92mINFO [0m:      	  6: { 'accuracy': '8.0500e-01',
[92mINFO [0m:      	       'auc': '9.5351e-01',
[92mINFO [0m:      	       'f1': '8.0503e-01',
[92mINFO [0m:      	       'loss': '7.0804e-01',
[92mINFO [0m:      	       'precision': '8.0512e-01'},
[92mINFO [0m:      	  7: { 'accuracy': '8.0700e-01',
[92mINFO [0m:      	       'auc': '9.5102e-01',
[92mINFO [0m:      	       'f1': '8.0593e-01',
[92mINFO [0m:      	       'loss': '8.5201e-01',
[92mINFO [0m:      	       'precision': '8.0599e-01'},
[92mINFO [0m:      	  8: { 'accuracy': '8.0950e-01',
[92mINFO [0m:      	       'auc': '9.5304e-01',
[92mINFO [0m:      	       'f1': '8.0931e-01',
[92mINFO [0m:      	       'loss': '8.9558e-01',
[92mINFO [0m:      	       'precision': '8.0924e-01'},
[92mINFO [0m:      	  9: { 'accuracy': '7.9950e-01',
[92mINFO [0m:      	       'auc': '9.5104e-01',
[92mINFO [0m:      	       'f1': '7.9912e-01',
[92mINFO [0m:      	       'loss': '9.2639e-01',
[92mINFO [0m:      	       'precision': '8.0011e-01'},
[92mINFO [0m:      	  10: { 'accuracy': '8.0300e-01',
[92mINFO [0m:      	        'auc': '9.5081e-01',
[92mINFO [0m:      	        'f1': '8.0215e-01',
[92mINFO [0m:      	        'loss': '9.0431e-01',
[92mINFO [0m:      	        'precision': '8.0206e-01'},
[92mINFO [0m:      	  11: { 'accuracy': '8.0000e-01',
[92mINFO [0m:      	        'auc': '9.4738e-01',
[92mINFO [0m:      	        'f1': '7.9848e-01',
[92mINFO [0m:      	        'loss': '1.0170e+00',
[92mINFO [0m:      	        'precision': '8.0216e-01'},
[92mINFO [0m:      	  12: { 'accuracy': '7.9700e-01',
[92mINFO [0m:      	        'auc': '9.4706e-01',
[92mINFO [0m:      	        'f1': '7.9591e-01',
[92mINFO [0m:      	        'loss': '1.1230e+00',
[92mINFO [0m:      	        'precision': '7.9688e-01'},
[92mINFO [0m:      	  13: { 'accuracy': '7.9650e-01',
[92mINFO [0m:      	        'auc': '9.4619e-01',
[92mINFO [0m:      	        'f1': '7.9549e-01',
[92mINFO [0m:      	        'loss': '1.1925e+00',
[92mINFO [0m:      	        'precision': '7.9508e-01'},
[92mINFO [0m:      	  14: { 'accuracy': '7.9150e-01',
[92mINFO [0m:      	        'auc': '9.4549e-01',
[92mINFO [0m:      	        'f1': '7.9133e-01',
[92mINFO [0m:      	        'loss': '1.1697e+00',
[92mINFO [0m:      	        'precision': '7.9266e-01'},
[92mINFO [0m:      	  15: { 'accuracy': '8.0550e-01',
[92mINFO [0m:      	        'auc': '9.4862e-01',
[92mINFO [0m:      	        'f1': '8.0446e-01',
[92mINFO [0m:      	        'loss': '1.1545e+00',
[92mINFO [0m:      	        'precision': '8.0425e-01'},
[92mINFO [0m:      	  16: { 'accuracy': '7.9250e-01',
[92mINFO [0m:      	        'auc': '9.4505e-01',
[92mINFO [0m:      	        'f1': '7.9143e-01',
[92mINFO [0m:      	        'loss': '1.1789e+00',
[92mINFO [0m:      	        'precision': '7.9080e-01'},
[92mINFO [0m:      	  17: { 'accuracy': '7.9850e-01',
[92mINFO [0m:      	        'auc': '9.4866e-01',
[92mINFO [0m:      	        'f1': '7.9779e-01',
[92mINFO [0m:      	        'loss': '1.1474e+00',
[92mINFO [0m:      	        'precision': '7.9763e-01'},
[92mINFO [0m:      	  18: { 'accuracy': '7.9500e-01',
[92mINFO [0m:      	        'auc': '9.4646e-01',
[92mINFO [0m:      	        'f1': '7.9597e-01',
[92mINFO [0m:      	        'loss': '1.1884e+00',
[92mINFO [0m:      	        'precision': '7.9768e-01'},
[92mINFO [0m:      	  19: { 'accuracy': '7.8500e-01',
[92mINFO [0m:      	        'auc': '9.4356e-01',
[92mINFO [0m:      	        'f1': '7.8559e-01',
[92mINFO [0m:      	        'loss': '1.2050e+00',
[92mINFO [0m:      	        'precision': '7.8762e-01'},
[92mINFO [0m:      	  20: { 'accuracy': '8.0300e-01',
[92mINFO [0m:      	        'auc': '9.4747e-01',
[92mINFO [0m:      	        'f1': '8.0253e-01',
[92mINFO [0m:      	        'loss': '1.4078e+00',
[92mINFO [0m:      	        'precision': '8.0236e-01'}}
[92mINFO [0m:      
Round 1 checkpoint written to /content/metricdp-pytorch/results/planned_runs/cifar/full/in-replace/clients-3/seed-43/vanilla/runs/cifar-full-in-replace__non-iid__vanilla__fedavg__clients-3__seed-43__nm0p01__clip5__rounds-20__epochs-5__cifar_chunks__cifar10_cnn.round-1.pt
Round 2 checkpoint written to /content/metricdp-pytorch/results/planned_runs/cifar/full/in-replace/clients-3/seed-43/vanilla/runs/cifar-full-in-replace__non-iid__vanilla__fedavg__clients-3__seed-43__nm0p01__clip5__rounds-20__epochs-5__cifar_chunks__cifar10_cnn.round-2.pt
Round 3 checkpoint written to /content/metricdp-pytorch/results/planned_runs/cifar/full/in-replace/clients-3/seed-43/vanilla/runs/cifar-full-in-replace__non-iid__vanilla__fedavg__clients-3__seed-43__nm0p01__clip5__rounds-20__epochs-5__cifar_chunks__cifar10_cnn.round-3.pt
Round 4 checkpoint written to /content/metricdp-pytorch/results/planned_runs/cifar/full/in-replace/clients-3/seed-43/vanilla/runs/cifar-full-in-replace__non-iid__vanilla__fedavg__clients-3__seed-43__nm0p01__clip5__rounds-20__epochs-5__cifar_chunks__cifar10_cnn.round-4.pt
Round 5 checkpoint written to /content/metricdp-pytorch/results/planned_runs/cifar/full/in-replace/clients-3/seed-43/vanilla/runs/cifar-full-in-replace__non-iid__vanilla__fedavg__clients-3__seed-43__nm0p01__clip5__rounds-20__epochs-5__cifar_chunks__cifar10_cnn.round-5.pt
Round 6 checkpoint written to /content/metricdp-pytorch/results/planned_runs/cifar/full/in-replace/clients-3/seed-43/vanilla/runs/cifar-full-in-replace__non-iid__vanilla__fedavg__clients-3__seed-43__nm0p01__clip5__rounds-20__epochs-5__cifar_chunks__cifar10_cnn.round-6.pt
Round 7 checkpoint written to /content/metricdp-pytorch/results/planned_runs/cifar/full/in-replace/clients-3/seed-43/vanilla/runs/cifar-full-in-replace__non-iid__vanilla__fedavg__clients-3__seed-43__nm0p01__clip5__rounds-20__epochs-5__cifar_chunks__cifar10_cnn.round-7.pt
Round 8 checkpoint written to /content/metricdp-pytorch/results/planned_runs/cifar/full/in-replace/clients-3/seed-43/vanilla/runs/cifar-full-in-replace__non-iid__vanilla__fedavg__clients-3__seed-43__nm0p01__clip5__rounds-20__epochs-5__cifar_chunks__cifar10_cnn.round-8.pt
Round 9 checkpoint written to /content/metricdp-pytorch/results/planned_runs/cifar/full/in-replace/clients-3/seed-43/vanilla/runs/cifar-full-in-replace__non-iid__vanilla__fedavg__clients-3__seed-43__nm0p01__clip5__rounds-20__epochs-5__cifar_chunks__cifar10_cnn.round-9.pt
Round 10 checkpoint written to /content/metricdp-pytorch/results/planned_runs/cifar/full/in-replace/clients-3/seed-43/vanilla/runs/cifar-full-in-replace__non-iid__vanilla__fedavg__clients-3__seed-43__nm0p01__clip5__rounds-20__epochs-5__cifar_chunks__cifar10_cnn.round-10.pt
Round 11 checkpoint written to /content/metricdp-pytorch/results/planned_runs/cifar/full/in-replace/clients-3/seed-43/vanilla/runs/cifar-full-in-replace__non-iid__vanilla__fedavg__clients-3__seed-43__nm0p01__clip5__rounds-20__epochs-5__cifar_chunks__cifar10_cnn.round-11.pt
Round 12 checkpoint written to /content/metricdp-pytorch/results/planned_runs/cifar/full/in-replace/clients-3/seed-43/vanilla/runs/cifar-full-in-replace__non-iid__vanilla__fedavg__clients-3__seed-43__nm0p01__clip5__rounds-20__epochs-5__cifar_chunks__cifar10_cnn.round-12.pt
Round 13 checkpoint written to /content/metricdp-pytorch/results/planned_runs/cifar/full/in-replace/clients-3/seed-43/vanilla/runs/cifar-full-in-replace__non-iid__vanilla__fedavg__clients-3__seed-43__nm0p01__clip5__rounds-20__epochs-5__cifar_chunks__cifar10_cnn.round-13.pt
Round 14 checkpoint written to /content/metricdp-pytorch/results/planned_runs/cifar/full/in-replace/clients-3/seed-43/vanilla/runs/cifar-full-in-replace__non-iid__vanilla__fedavg__clients-3__seed-43__nm0p01__clip5__rounds-20__epochs-5__cifar_chunks__cifar10_cnn.round-14.pt
Round 15 checkpoint written to /content/metricdp-pytorch/results/planned_runs/cifar/full/in-replace/clients-3/seed-43/vanilla/runs/cifar-full-in-replace__non-iid__vanilla__fedavg__clients-3__seed-43__nm0p01__clip5__rounds-20__epochs-5__cifar_chunks__cifar10_cnn.round-15.pt
Round 16 checkpoint written to /content/metricdp-pytorch/results/planned_runs/cifar/full/in-replace/clients-3/seed-43/vanilla/runs/cifar-full-in-replace__non-iid__vanilla__fedavg__clients-3__seed-43__nm0p01__clip5__rounds-20__epochs-5__cifar_chunks__cifar10_cnn.round-16.pt
Round 17 checkpoint written to /content/metricdp-pytorch/results/planned_runs/cifar/full/in-replace/clients-3/seed-43/vanilla/runs/cifar-full-in-replace__non-iid__vanilla__fedavg__clients-3__seed-43__nm0p01__clip5__rounds-20__epochs-5__cifar_chunks__cifar10_cnn.round-17.pt
Round 18 checkpoint written to /content/metricdp-pytorch/results/planned_runs/cifar/full/in-replace/clients-3/seed-43/vanilla/runs/cifar-full-in-replace__non-iid__vanilla__fedavg__clients-3__seed-43__nm0p01__clip5__rounds-20__epochs-5__cifar_chunks__cifar10_cnn.round-18.pt
Round 19 checkpoint written to /content/metricdp-pytorch/results/planned_runs/cifar/full/in-replace/clients-3/seed-43/vanilla/runs/cifar-full-in-replace__non-iid__vanilla__fedavg__clients-3__seed-43__nm0p01__clip5__rounds-20__epochs-5__cifar_chunks__cifar10_cnn.round-19.pt
Round 20 checkpoint written to /content/metricdp-pytorch/results/planned_runs/cifar/full/in-replace/clients-3/seed-43/vanilla/runs/cifar-full-in-replace__non-iid__vanilla__fedavg__clients-3__seed-43__nm0p01__clip5__rounds-20__epochs-5__cifar_chunks__cifar10_cnn.round-20.pt
Experiment result written to /content/metricdp-pytorch/results/planned_runs/cifar/full/in-replace/clients-3/seed-43/vanilla/runs/cifar-full-in-replace__non-iid__vanilla__fedavg__clients-3__seed-43__nm0p01__clip5__rounds-20__epochs-5__cifar_chunks__cifar10_cnn.json
/usr/lib/python3.12/multiprocessing/popen_fork.py:66: DeprecationWarning: This process (pid=2374) is multi-threaded, use of fork() may lead to deadlocks in the child.
  self.pid = os.fork()
[36m(ClientAppActor pid=2957)[0m /usr/lib/python3.12/multiprocessing/popen_fork.py:66: DeprecationWarning: This process (pid=2957) is multi-threaded, use of fork() may lead to deadlocks in the child.[32m [repeated 2x across cluster][0m
[36m(ClientAppActor pid=2957)[0m   self.pid = os.fork()[32m [repeated 2x across cluster][0m
Detailed evaluation written to /content/metricdp-pytorch/results/planned_runs/cifar/full/in-replace/clients-3/seed-43/vanilla/runs/cifar-full-in-replace__non-iid__vanilla__fedavg__clients-3__seed-43__nm0p01__clip5__rounds-20__epochs-5__cifar_chunks__cifar10_cnn.evaluation.json and /content/metricdp-pytorch/results/planned_runs/cifar/full/in-replace/clients-3/seed-43/vanilla/runs/cifar-full-in-replace__non-iid__vanilla__fedavg__clients-3__seed-43__nm0p01__clip5__rounds-20__epochs-5__cifar_chunks__cifar10_cnn.predictions.npz
Result: /content/metricdp-pytorch/results/planned_runs/cifar/full/in-replace/clients-3/seed-43/vanilla/runs/cifar-full-in-replace__non-iid__vanilla__fedavg__clients-3__seed-43__nm0p01__clip5__rounds-20__epochs-5__cifar_chunks__cifar10_cnn.json
Final server metrics: {'loss': 1.4077859011888505, 'accuracy': 0.803, 'f1': 0.8025334689666931, 'precision': 0.8023565102259985, 'auc': 0.9474709583333333}
2026-08-05 14:23:50 DONE  cifar-full-in-replace__non-iid__vanilla__fedavg__clients-3__seed-43__nm0p01__clip5__rounds-20__epochs-5__cifar_chunks__cifar10_cnn (249.7s)
Warning: You are sending unauthenticated requests to the HF Hub. Please set a HF_TOKEN to enable higher rate limits and faster downloads.
2026-08-05 14:23:59 EVALUATED cifar-full-in-replace__non-iid__vanilla__fedavg__clients-3__seed-43__nm0p01__clip5__rounds-20__epochs-5__cifar_chunks__cifar10_cnn round=1 (checkpoint deleted)
2026-08-05 14:24:05 EVALUATED cifar-full-in-replace__non-iid__vanilla__fedavg__clients-3__seed-43__nm0p01__clip5__rounds-20__epochs-5__cifar_chunks__cifar10_cnn round=2 (checkpoint deleted)
2026-08-05 14:24:10 EVALUATED cifar-full-in-replace__non-iid__vanilla__fedavg__clients-3__seed-43__nm0p01__clip5__rounds-20__epochs-5__cifar_chunks__cifar10_cnn round=3 (checkpoint deleted)
2026-08-05 14:24:16 EVALUATED cifar-full-in-replace__non-iid__vanilla__fedavg__clients-3__seed-43__nm0p01__clip5__rounds-20__epochs-5__cifar_chunks__cifar10_cnn round=4 (checkpoint deleted)
2026-08-05 14:24:21 EVALUATED cifar-full-in-replace__non-iid__vanilla__fedavg__clients-3__seed-43__nm0p01__clip5__rounds-20__epochs-5__cifar_chunks__cifar10_cnn round=5 (checkpoint deleted)
2026-08-05 14:24:27 EVALUATED cifar-full-in-replace__non-iid__vanilla__fedavg__clients-3__seed-43__nm0p01__clip5__rounds-20__epochs-5__cifar_chunks__cifar10_cnn round=6 (checkpoint deleted)
2026-08-05 14:24:32 EVALUATED cifar-full-in-replace__non-iid__vanilla__fedavg__clients-3__seed-43__nm0p01__clip5__rounds-20__epochs-5__cifar_chunks__cifar10_cnn round=7 (checkpoint deleted)
2026-08-05 14:24:38 EVALUATED cifar-full-in-replace__non-iid__vanilla__fedavg__clients-3__seed-43__nm0p01__clip5__rounds-20__epochs-5__cifar_chunks__cifar10_cnn round=8 (checkpoint deleted)
2026-08-05 14:24:43 EVALUATED cifar-full-in-replace__non-iid__vanilla__fedavg__clients-3__seed-43__nm0p01__clip5__rounds-20__epochs-5__cifar_chunks__cifar10_cnn round=9 (checkpoint deleted)
2026-08-05 14:24:49 EVALUATED cifar-full-in-replace__non-iid__vanilla__fedavg__clients-3__seed-43__nm0p01__clip5__rounds-20__epochs-5__cifar_chunks__cifar10_cnn round=10 (checkpoint deleted)
2026-08-05 14:24:54 EVALUATED cifar-full-in-replace__non-iid__vanilla__fedavg__clients-3__seed-43__nm0p01__clip5__rounds-20__epochs-5__cifar_chunks__cifar10_cnn round=11 (checkpoint deleted)
2026-08-05 14:25:00 EVALUATED cifar-full-in-replace__non-iid__vanilla__fedavg__clients-3__seed-43__nm0p01__clip5__rounds-20__epochs-5__cifar_chunks__cifar10_cnn round=12 (checkpoint deleted)
2026-08-05 14:25:05 EVALUATED cifar-full-in-replace__non-iid__vanilla__fedavg__clients-3__seed-43__nm0p01__clip5__rounds-20__epochs-5__cifar_chunks__cifar10_cnn round=13 (checkpoint deleted)
2026-08-05 14:25:11 EVALUATED cifar-full-in-replace__non-iid__vanilla__fedavg__clients-3__seed-43__nm0p01__clip5__rounds-20__epochs-5__cifar_chunks__cifar10_cnn round=14 (checkpoint deleted)
2026-08-05 14:25:16 EVALUATED cifar-full-in-replace__non-iid__vanilla__fedavg__clients-3__seed-43__nm0p01__clip5__rounds-20__epochs-5__cifar_chunks__cifar10_cnn round=15 (checkpoint deleted)
2026-08-05 14:25:22 EVALUATED cifar-full-in-replace__non-iid__vanilla__fedavg__clients-3__seed-43__nm0p01__clip5__rounds-20__epochs-5__cifar_chunks__cifar10_cnn round=16 (checkpoint deleted)
2026-08-05 14:25:27 EVALUATED cifar-full-in-replace__non-iid__vanilla__fedavg__clients-3__seed-43__nm0p01__clip5__rounds-20__epochs-5__cifar_chunks__cifar10_cnn round=17 (checkpoint deleted)
2026-08-05 14:25:32 EVALUATED cifar-full-in-replace__non-iid__vanilla__fedavg__clients-3__seed-43__nm0p01__clip5__rounds-20__epochs-5__cifar_chunks__cifar10_cnn round=18 (checkpoint deleted)
2026-08-05 14:25:38 EVALUATED cifar-full-in-replace__non-iid__vanilla__fedavg__clients-3__seed-43__nm0p01__clip5__rounds-20__epochs-5__cifar_chunks__cifar10_cnn round=19 (checkpoint deleted)
2026-08-05 14:25:43 EVALUATED cifar-full-in-replace__non-iid__vanilla__fedavg__clients-3__seed-43__nm0p01__clip5__rounds-20__epochs-5__cifar_chunks__cifar10_cnn round=20 (checkpoint deleted)
2026-08-05 14:25:43 PROGRESS 1/1 (0 failed so far)
2026-08-05 14:25:43 Sweep finished: 1/1 attempted, 0 failed
