2026-08-20 12:32:23 Alzheimer stage (global-dp, non-iid, seed=42, noise_ratio=0.0001556693372602925): 2 trajectories
2026-08-20 12:32:23 START alzheimer-in-remove__non-iid__global-dp__fedavg__clients-48__seed-42__nm0p00747213__clip5__rounds-100__epochs-5__alzheimer_remove__paper_cnn 
2026-08-20 12:49:21 DONE  alzheimer-in-remove__non-iid__global-dp__fedavg__clients-48__seed-42__nm0p00747213__clip5__rounds-100__epochs-5__alzheimer_remove__paper_cnn (1017.3s)
2026-08-20 12:49:21 EVALUATED alzheimer-in-remove__non-iid__global-dp__fedavg__clients-48__seed-42__nm0p00747213__clip5__rounds-100__epochs-5__alzheimer_remove__paper_cnn round=1 (checkpoint deleted)
2026-08-20 12:49:22 EVALUATED alzheimer-in-remove__non-iid__global-dp__fedavg__clients-48__seed-42__nm0p00747213__clip5__rounds-100__epochs-5__alzheimer_remove__paper_cnn round=10 (checkpoint deleted)
2026-08-20 12:49:22 EVALUATED alzheimer-in-remove__non-iid__global-dp__fedavg__clients-48__seed-42__nm0p00747213__clip5__rounds-100__epochs-5__alzheimer_remove__paper_cnn round=20 (checkpoint deleted)
2026-08-20 12:49:23 EVALUATED alzheimer-in-remove__non-iid__global-dp__fedavg__clients-48__seed-42__nm0p00747213__clip5__rounds-100__epochs-5__alzheimer_remove__paper_cnn round=30 (checkpoint deleted)
2026-08-20 12:49:23 EVALUATED alzheimer-in-remove__non-iid__global-dp__fedavg__clients-48__seed-42__nm0p00747213__clip5__rounds-100__epochs-5__alzheimer_remove__paper_cnn round=40 (checkpoint deleted)
2026-08-20 12:49:24 EVALUATED alzheimer-in-remove__non-iid__global-dp__fedavg__clients-48__seed-42__nm0p00747213__clip5__rounds-100__epochs-5__alzheimer_remove__paper_cnn round=50 (checkpoint deleted)
2026-08-20 12:49:24 EVALUATED alzheimer-in-remove__non-iid__global-dp__fedavg__clients-48__seed-42__nm0p00747213__clip5__rounds-100__epochs-5__alzheimer_remove__paper_cnn round=60 (checkpoint deleted)
2026-08-20 12:49:25 EVALUATED alzheimer-in-remove__non-iid__global-dp__fedavg__clients-48__seed-42__nm0p00747213__clip5__rounds-100__epochs-5__alzheimer_remove__paper_cnn round=70 (checkpoint deleted)
2026-08-20 12:49:25 EVALUATED alzheimer-in-remove__non-iid__global-dp__fedavg__clients-48__seed-42__nm0p00747213__clip5__rounds-100__epochs-5__alzheimer_remove__paper_cnn round=80 (checkpoint deleted)
2026-08-20 12:49:26 EVALUATED alzheimer-in-remove__non-iid__global-dp__fedavg__clients-48__seed-42__nm0p00747213__clip5__rounds-100__epochs-5__alzheimer_remove__paper_cnn round=90 (checkpoint deleted)
2026-08-20 12:49:26 EVALUATED alzheimer-in-remove__non-iid__global-dp__fedavg__clients-48__seed-42__nm0p00747213__clip5__rounds-100__epochs-5__alzheimer_remove__paper_cnn round=100 (checkpoint deleted)
2026-08-20 12:49:26 PROGRESS 1/2 (0 failed so far)
2026-08-20 12:49:26 START alzheimer-out-remove__non-iid__global-dp__fedavg__clients-47__seed-42__nm0p00731646__clip5__rounds-100__epochs-5__alzheimer_remove__paper_cnn 
2026-08-20 13:05:54 DONE  alzheimer-out-remove__non-iid__global-dp__fedavg__clients-47__seed-42__nm0p00731646__clip5__rounds-100__epochs-5__alzheimer_remove__paper_cnn (988.3s)
2026-08-20 13:05:55 EVALUATED alzheimer-out-remove__non-iid__global-dp__fedavg__clients-47__seed-42__nm0p00731646__clip5__rounds-100__epochs-5__alzheimer_remove__paper_cnn round=1 (checkpoint deleted)
2026-08-20 13:05:55 EVALUATED alzheimer-out-remove__non-iid__global-dp__fedavg__clients-47__seed-42__nm0p00731646__clip5__rounds-100__epochs-5__alzheimer_remove__paper_cnn round=10 (checkpoint deleted)
2026-08-20 13:05:56 EVALUATED alzheimer-out-remove__non-iid__global-dp__fedavg__clients-47__seed-42__nm0p00731646__clip5__rounds-100__epochs-5__alzheimer_remove__paper_cnn round=20 (checkpoint deleted)
2026-08-20 13:05:56 EVALUATED alzheimer-out-remove__non-iid__global-dp__fedavg__clients-47__seed-42__nm0p00731646__clip5__rounds-100__epochs-5__alzheimer_remove__paper_cnn round=30 (checkpoint deleted)
2026-08-20 13:05:57 EVALUATED alzheimer-out-remove__non-iid__global-dp__fedavg__clients-47__seed-42__nm0p00731646__clip5__rounds-100__epochs-5__alzheimer_remove__paper_cnn round=40 (checkpoint deleted)
2026-08-20 13:05:57 EVALUATED alzheimer-out-remove__non-iid__global-dp__fedavg__clients-47__seed-42__nm0p00731646__clip5__rounds-100__epochs-5__alzheimer_remove__paper_cnn round=50 (checkpoint deleted)
2026-08-20 13:05:58 EVALUATED alzheimer-out-remove__non-iid__global-dp__fedavg__clients-47__seed-42__nm0p00731646__clip5__rounds-100__epochs-5__alzheimer_remove__paper_cnn round=60 (checkpoint deleted)
2026-08-20 13:05:58 EVALUATED alzheimer-out-remove__non-iid__global-dp__fedavg__clients-47__seed-42__nm0p00731646__clip5__rounds-100__epochs-5__alzheimer_remove__paper_cnn round=70 (checkpoint deleted)
2026-08-20 13:05:59 EVALUATED alzheimer-out-remove__non-iid__global-dp__fedavg__clients-47__seed-42__nm0p00731646__clip5__rounds-100__epochs-5__alzheimer_remove__paper_cnn round=80 (checkpoint deleted)
2026-08-20 13:05:59 EVALUATED alzheimer-out-remove__non-iid__global-dp__fedavg__clients-47__seed-42__nm0p00731646__clip5__rounds-100__epochs-5__alzheimer_remove__paper_cnn round=90 (checkpoint deleted)
2026-08-20 13:06:00 EVALUATED alzheimer-out-remove__non-iid__global-dp__fedavg__clients-47__seed-42__nm0p00731646__clip5__rounds-100__epochs-5__alzheimer_remove__paper_cnn round=100 (checkpoint deleted)
2026-08-20 13:06:00 PROGRESS 2/2 (0 failed so far)
2026-08-20 13:06:00 Sweep finished: 2/2 attempted, 0 failed
