2026-08-20 03:02:51 CIFAR-10 removal CIA chunk (metric-privacy, clients=8, alpha=0.1, noise_ratio=0.0025): 2 trajectories
2026-08-20 03:02:51 START cifar10-in-remove__dirichlet__alpha-0p1__metric-privacy__fedavg__clients-8__seed-42__nm0p02__clip5__rounds-20__epochs-5__cifar10_dirichlet__cifar10_cnn 
2026-08-20 03:15:40 DONE  cifar10-in-remove__dirichlet__alpha-0p1__metric-privacy__fedavg__clients-8__seed-42__nm0p02__clip5__rounds-20__epochs-5__cifar10_dirichlet__cifar10_cnn (769.2s)
2026-08-20 03:15:50 EVALUATED cifar10-in-remove__dirichlet__alpha-0p1__metric-privacy__fedavg__clients-8__seed-42__nm0p02__clip5__rounds-20__epochs-5__cifar10_dirichlet__cifar10_cnn round=1 (checkpoint deleted)
2026-08-20 03:15:57 EVALUATED cifar10-in-remove__dirichlet__alpha-0p1__metric-privacy__fedavg__clients-8__seed-42__nm0p02__clip5__rounds-20__epochs-5__cifar10_dirichlet__cifar10_cnn round=2 (checkpoint deleted)
2026-08-20 03:16:03 EVALUATED cifar10-in-remove__dirichlet__alpha-0p1__metric-privacy__fedavg__clients-8__seed-42__nm0p02__clip5__rounds-20__epochs-5__cifar10_dirichlet__cifar10_cnn round=3 (checkpoint deleted)
2026-08-20 03:16:10 EVALUATED cifar10-in-remove__dirichlet__alpha-0p1__metric-privacy__fedavg__clients-8__seed-42__nm0p02__clip5__rounds-20__epochs-5__cifar10_dirichlet__cifar10_cnn round=4 (checkpoint deleted)
2026-08-20 03:16:16 EVALUATED cifar10-in-remove__dirichlet__alpha-0p1__metric-privacy__fedavg__clients-8__seed-42__nm0p02__clip5__rounds-20__epochs-5__cifar10_dirichlet__cifar10_cnn round=5 (checkpoint deleted)
2026-08-20 03:16:23 EVALUATED cifar10-in-remove__dirichlet__alpha-0p1__metric-privacy__fedavg__clients-8__seed-42__nm0p02__clip5__rounds-20__epochs-5__cifar10_dirichlet__cifar10_cnn round=6 (checkpoint deleted)
2026-08-20 03:16:29 EVALUATED cifar10-in-remove__dirichlet__alpha-0p1__metric-privacy__fedavg__clients-8__seed-42__nm0p02__clip5__rounds-20__epochs-5__cifar10_dirichlet__cifar10_cnn round=7 (checkpoint deleted)
2026-08-20 03:16:36 EVALUATED cifar10-in-remove__dirichlet__alpha-0p1__metric-privacy__fedavg__clients-8__seed-42__nm0p02__clip5__rounds-20__epochs-5__cifar10_dirichlet__cifar10_cnn round=8 (checkpoint deleted)
2026-08-20 03:16:42 EVALUATED cifar10-in-remove__dirichlet__alpha-0p1__metric-privacy__fedavg__clients-8__seed-42__nm0p02__clip5__rounds-20__epochs-5__cifar10_dirichlet__cifar10_cnn round=9 (checkpoint deleted)
2026-08-20 03:16:49 EVALUATED cifar10-in-remove__dirichlet__alpha-0p1__metric-privacy__fedavg__clients-8__seed-42__nm0p02__clip5__rounds-20__epochs-5__cifar10_dirichlet__cifar10_cnn round=10 (checkpoint deleted)
2026-08-20 03:16:55 EVALUATED cifar10-in-remove__dirichlet__alpha-0p1__metric-privacy__fedavg__clients-8__seed-42__nm0p02__clip5__rounds-20__epochs-5__cifar10_dirichlet__cifar10_cnn round=11 (checkpoint deleted)
2026-08-20 03:17:02 EVALUATED cifar10-in-remove__dirichlet__alpha-0p1__metric-privacy__fedavg__clients-8__seed-42__nm0p02__clip5__rounds-20__epochs-5__cifar10_dirichlet__cifar10_cnn round=12 (checkpoint deleted)
2026-08-20 03:17:08 EVALUATED cifar10-in-remove__dirichlet__alpha-0p1__metric-privacy__fedavg__clients-8__seed-42__nm0p02__clip5__rounds-20__epochs-5__cifar10_dirichlet__cifar10_cnn round=13 (checkpoint deleted)
2026-08-20 03:17:15 EVALUATED cifar10-in-remove__dirichlet__alpha-0p1__metric-privacy__fedavg__clients-8__seed-42__nm0p02__clip5__rounds-20__epochs-5__cifar10_dirichlet__cifar10_cnn round=14 (checkpoint deleted)
2026-08-20 03:17:21 EVALUATED cifar10-in-remove__dirichlet__alpha-0p1__metric-privacy__fedavg__clients-8__seed-42__nm0p02__clip5__rounds-20__epochs-5__cifar10_dirichlet__cifar10_cnn round=15 (checkpoint deleted)
2026-08-20 03:17:28 EVALUATED cifar10-in-remove__dirichlet__alpha-0p1__metric-privacy__fedavg__clients-8__seed-42__nm0p02__clip5__rounds-20__epochs-5__cifar10_dirichlet__cifar10_cnn round=16 (checkpoint deleted)
2026-08-20 03:17:34 EVALUATED cifar10-in-remove__dirichlet__alpha-0p1__metric-privacy__fedavg__clients-8__seed-42__nm0p02__clip5__rounds-20__epochs-5__cifar10_dirichlet__cifar10_cnn round=17 (checkpoint deleted)
2026-08-20 03:17:41 EVALUATED cifar10-in-remove__dirichlet__alpha-0p1__metric-privacy__fedavg__clients-8__seed-42__nm0p02__clip5__rounds-20__epochs-5__cifar10_dirichlet__cifar10_cnn round=18 (checkpoint deleted)
2026-08-20 03:17:47 EVALUATED cifar10-in-remove__dirichlet__alpha-0p1__metric-privacy__fedavg__clients-8__seed-42__nm0p02__clip5__rounds-20__epochs-5__cifar10_dirichlet__cifar10_cnn round=19 (checkpoint deleted)
2026-08-20 03:17:54 EVALUATED cifar10-in-remove__dirichlet__alpha-0p1__metric-privacy__fedavg__clients-8__seed-42__nm0p02__clip5__rounds-20__epochs-5__cifar10_dirichlet__cifar10_cnn round=20 (checkpoint deleted)
2026-08-20 03:17:54 PROGRESS 1/2 (0 failed so far)
2026-08-20 03:17:54 START cifar10-out-remove__dirichlet__alpha-0p1__metric-privacy__fedavg__clients-7__seed-42__nm0p0175__clip5__rounds-20__epochs-5__cifar10_dirichlet__cifar10_cnn 
2026-08-20 03:30:16 DONE  cifar10-out-remove__dirichlet__alpha-0p1__metric-privacy__fedavg__clients-7__seed-42__nm0p0175__clip5__rounds-20__epochs-5__cifar10_dirichlet__cifar10_cnn (742.4s)
2026-08-20 03:30:23 EVALUATED cifar10-out-remove__dirichlet__alpha-0p1__metric-privacy__fedavg__clients-7__seed-42__nm0p0175__clip5__rounds-20__epochs-5__cifar10_dirichlet__cifar10_cnn round=1 (checkpoint deleted)
2026-08-20 03:30:29 EVALUATED cifar10-out-remove__dirichlet__alpha-0p1__metric-privacy__fedavg__clients-7__seed-42__nm0p0175__clip5__rounds-20__epochs-5__cifar10_dirichlet__cifar10_cnn round=2 (checkpoint deleted)
2026-08-20 03:30:36 EVALUATED cifar10-out-remove__dirichlet__alpha-0p1__metric-privacy__fedavg__clients-7__seed-42__nm0p0175__clip5__rounds-20__epochs-5__cifar10_dirichlet__cifar10_cnn round=3 (checkpoint deleted)
2026-08-20 03:30:42 EVALUATED cifar10-out-remove__dirichlet__alpha-0p1__metric-privacy__fedavg__clients-7__seed-42__nm0p0175__clip5__rounds-20__epochs-5__cifar10_dirichlet__cifar10_cnn round=4 (checkpoint deleted)
2026-08-20 03:30:49 EVALUATED cifar10-out-remove__dirichlet__alpha-0p1__metric-privacy__fedavg__clients-7__seed-42__nm0p0175__clip5__rounds-20__epochs-5__cifar10_dirichlet__cifar10_cnn round=5 (checkpoint deleted)
2026-08-20 03:30:55 EVALUATED cifar10-out-remove__dirichlet__alpha-0p1__metric-privacy__fedavg__clients-7__seed-42__nm0p0175__clip5__rounds-20__epochs-5__cifar10_dirichlet__cifar10_cnn round=6 (checkpoint deleted)
2026-08-20 03:31:02 EVALUATED cifar10-out-remove__dirichlet__alpha-0p1__metric-privacy__fedavg__clients-7__seed-42__nm0p0175__clip5__rounds-20__epochs-5__cifar10_dirichlet__cifar10_cnn round=7 (checkpoint deleted)
2026-08-20 03:31:08 EVALUATED cifar10-out-remove__dirichlet__alpha-0p1__metric-privacy__fedavg__clients-7__seed-42__nm0p0175__clip5__rounds-20__epochs-5__cifar10_dirichlet__cifar10_cnn round=8 (checkpoint deleted)
2026-08-20 03:31:15 EVALUATED cifar10-out-remove__dirichlet__alpha-0p1__metric-privacy__fedavg__clients-7__seed-42__nm0p0175__clip5__rounds-20__epochs-5__cifar10_dirichlet__cifar10_cnn round=9 (checkpoint deleted)
2026-08-20 03:31:21 EVALUATED cifar10-out-remove__dirichlet__alpha-0p1__metric-privacy__fedavg__clients-7__seed-42__nm0p0175__clip5__rounds-20__epochs-5__cifar10_dirichlet__cifar10_cnn round=10 (checkpoint deleted)
2026-08-20 03:31:28 EVALUATED cifar10-out-remove__dirichlet__alpha-0p1__metric-privacy__fedavg__clients-7__seed-42__nm0p0175__clip5__rounds-20__epochs-5__cifar10_dirichlet__cifar10_cnn round=11 (checkpoint deleted)
2026-08-20 03:31:34 EVALUATED cifar10-out-remove__dirichlet__alpha-0p1__metric-privacy__fedavg__clients-7__seed-42__nm0p0175__clip5__rounds-20__epochs-5__cifar10_dirichlet__cifar10_cnn round=12 (checkpoint deleted)
2026-08-20 03:31:41 EVALUATED cifar10-out-remove__dirichlet__alpha-0p1__metric-privacy__fedavg__clients-7__seed-42__nm0p0175__clip5__rounds-20__epochs-5__cifar10_dirichlet__cifar10_cnn round=13 (checkpoint deleted)
2026-08-20 03:31:47 EVALUATED cifar10-out-remove__dirichlet__alpha-0p1__metric-privacy__fedavg__clients-7__seed-42__nm0p0175__clip5__rounds-20__epochs-5__cifar10_dirichlet__cifar10_cnn round=14 (checkpoint deleted)
2026-08-20 03:31:54 EVALUATED cifar10-out-remove__dirichlet__alpha-0p1__metric-privacy__fedavg__clients-7__seed-42__nm0p0175__clip5__rounds-20__epochs-5__cifar10_dirichlet__cifar10_cnn round=15 (checkpoint deleted)
2026-08-20 03:32:00 EVALUATED cifar10-out-remove__dirichlet__alpha-0p1__metric-privacy__fedavg__clients-7__seed-42__nm0p0175__clip5__rounds-20__epochs-5__cifar10_dirichlet__cifar10_cnn round=16 (checkpoint deleted)
2026-08-20 03:32:07 EVALUATED cifar10-out-remove__dirichlet__alpha-0p1__metric-privacy__fedavg__clients-7__seed-42__nm0p0175__clip5__rounds-20__epochs-5__cifar10_dirichlet__cifar10_cnn round=17 (checkpoint deleted)
2026-08-20 03:32:13 EVALUATED cifar10-out-remove__dirichlet__alpha-0p1__metric-privacy__fedavg__clients-7__seed-42__nm0p0175__clip5__rounds-20__epochs-5__cifar10_dirichlet__cifar10_cnn round=18 (checkpoint deleted)
2026-08-20 03:32:20 EVALUATED cifar10-out-remove__dirichlet__alpha-0p1__metric-privacy__fedavg__clients-7__seed-42__nm0p0175__clip5__rounds-20__epochs-5__cifar10_dirichlet__cifar10_cnn round=19 (checkpoint deleted)
2026-08-20 03:32:26 EVALUATED cifar10-out-remove__dirichlet__alpha-0p1__metric-privacy__fedavg__clients-7__seed-42__nm0p0175__clip5__rounds-20__epochs-5__cifar10_dirichlet__cifar10_cnn round=20 (checkpoint deleted)
2026-08-20 03:32:26 PROGRESS 2/2 (0 failed so far)
2026-08-20 03:32:26 Sweep finished: 2/2 attempted, 0 failed
