2026-08-20 23:38:29 Fashion-MNIST stage (vanilla, homogeneous, seed=43, noise_ratio=None): 2 trajectories
2026-08-20 23:38:29 START fashion-mnist-in-remove__homogeneous__vanilla__fedavg__clients-48__seed-43__nm0p0321172__clip5__rounds-100__epochs-5__fashion_mnist_remove__fashion_mnist_cnn 
2026-08-20 23:54:10 DONE  fashion-mnist-in-remove__homogeneous__vanilla__fedavg__clients-48__seed-43__nm0p0321172__clip5__rounds-100__epochs-5__fashion_mnist_remove__fashion_mnist_cnn (941.1s)
2026-08-20 23:54:12 EVALUATED fashion-mnist-in-remove__homogeneous__vanilla__fedavg__clients-48__seed-43__nm0p0321172__clip5__rounds-100__epochs-5__fashion_mnist_remove__fashion_mnist_cnn round=1 (checkpoint deleted)
2026-08-20 23:54:15 EVALUATED fashion-mnist-in-remove__homogeneous__vanilla__fedavg__clients-48__seed-43__nm0p0321172__clip5__rounds-100__epochs-5__fashion_mnist_remove__fashion_mnist_cnn round=10 (checkpoint deleted)
2026-08-20 23:54:18 EVALUATED fashion-mnist-in-remove__homogeneous__vanilla__fedavg__clients-48__seed-43__nm0p0321172__clip5__rounds-100__epochs-5__fashion_mnist_remove__fashion_mnist_cnn round=20 (checkpoint deleted)
2026-08-20 23:54:20 EVALUATED fashion-mnist-in-remove__homogeneous__vanilla__fedavg__clients-48__seed-43__nm0p0321172__clip5__rounds-100__epochs-5__fashion_mnist_remove__fashion_mnist_cnn round=30 (checkpoint deleted)
2026-08-20 23:54:23 EVALUATED fashion-mnist-in-remove__homogeneous__vanilla__fedavg__clients-48__seed-43__nm0p0321172__clip5__rounds-100__epochs-5__fashion_mnist_remove__fashion_mnist_cnn round=40 (checkpoint deleted)
2026-08-20 23:54:26 EVALUATED fashion-mnist-in-remove__homogeneous__vanilla__fedavg__clients-48__seed-43__nm0p0321172__clip5__rounds-100__epochs-5__fashion_mnist_remove__fashion_mnist_cnn round=50 (checkpoint deleted)
2026-08-20 23:54:28 EVALUATED fashion-mnist-in-remove__homogeneous__vanilla__fedavg__clients-48__seed-43__nm0p0321172__clip5__rounds-100__epochs-5__fashion_mnist_remove__fashion_mnist_cnn round=60 (checkpoint deleted)
2026-08-20 23:54:31 EVALUATED fashion-mnist-in-remove__homogeneous__vanilla__fedavg__clients-48__seed-43__nm0p0321172__clip5__rounds-100__epochs-5__fashion_mnist_remove__fashion_mnist_cnn round=70 (checkpoint deleted)
2026-08-20 23:54:34 EVALUATED fashion-mnist-in-remove__homogeneous__vanilla__fedavg__clients-48__seed-43__nm0p0321172__clip5__rounds-100__epochs-5__fashion_mnist_remove__fashion_mnist_cnn round=80 (checkpoint deleted)
2026-08-20 23:54:36 EVALUATED fashion-mnist-in-remove__homogeneous__vanilla__fedavg__clients-48__seed-43__nm0p0321172__clip5__rounds-100__epochs-5__fashion_mnist_remove__fashion_mnist_cnn round=90 (checkpoint deleted)
2026-08-20 23:54:39 EVALUATED fashion-mnist-in-remove__homogeneous__vanilla__fedavg__clients-48__seed-43__nm0p0321172__clip5__rounds-100__epochs-5__fashion_mnist_remove__fashion_mnist_cnn round=100 (checkpoint deleted)
2026-08-20 23:54:39 PROGRESS 1/2 (0 failed so far)
2026-08-20 23:54:39 START fashion-mnist-out-remove__homogeneous__vanilla__fedavg__clients-47__seed-43__nm0p0321172__clip5__rounds-100__epochs-5__fashion_mnist_remove__fashion_mnist_cnn 
2026-08-21 00:09:57 DONE  fashion-mnist-out-remove__homogeneous__vanilla__fedavg__clients-47__seed-43__nm0p0321172__clip5__rounds-100__epochs-5__fashion_mnist_remove__fashion_mnist_cnn (917.8s)
2026-08-21 00:09:59 EVALUATED fashion-mnist-out-remove__homogeneous__vanilla__fedavg__clients-47__seed-43__nm0p0321172__clip5__rounds-100__epochs-5__fashion_mnist_remove__fashion_mnist_cnn round=1 (checkpoint deleted)
2026-08-21 00:10:02 EVALUATED fashion-mnist-out-remove__homogeneous__vanilla__fedavg__clients-47__seed-43__nm0p0321172__clip5__rounds-100__epochs-5__fashion_mnist_remove__fashion_mnist_cnn round=10 (checkpoint deleted)
2026-08-21 00:10:05 EVALUATED fashion-mnist-out-remove__homogeneous__vanilla__fedavg__clients-47__seed-43__nm0p0321172__clip5__rounds-100__epochs-5__fashion_mnist_remove__fashion_mnist_cnn round=20 (checkpoint deleted)
2026-08-21 00:10:07 EVALUATED fashion-mnist-out-remove__homogeneous__vanilla__fedavg__clients-47__seed-43__nm0p0321172__clip5__rounds-100__epochs-5__fashion_mnist_remove__fashion_mnist_cnn round=30 (checkpoint deleted)
2026-08-21 00:10:10 EVALUATED fashion-mnist-out-remove__homogeneous__vanilla__fedavg__clients-47__seed-43__nm0p0321172__clip5__rounds-100__epochs-5__fashion_mnist_remove__fashion_mnist_cnn round=40 (checkpoint deleted)
2026-08-21 00:10:13 EVALUATED fashion-mnist-out-remove__homogeneous__vanilla__fedavg__clients-47__seed-43__nm0p0321172__clip5__rounds-100__epochs-5__fashion_mnist_remove__fashion_mnist_cnn round=50 (checkpoint deleted)
2026-08-21 00:10:16 EVALUATED fashion-mnist-out-remove__homogeneous__vanilla__fedavg__clients-47__seed-43__nm0p0321172__clip5__rounds-100__epochs-5__fashion_mnist_remove__fashion_mnist_cnn round=60 (checkpoint deleted)
2026-08-21 00:10:18 EVALUATED fashion-mnist-out-remove__homogeneous__vanilla__fedavg__clients-47__seed-43__nm0p0321172__clip5__rounds-100__epochs-5__fashion_mnist_remove__fashion_mnist_cnn round=70 (checkpoint deleted)
2026-08-21 00:10:21 EVALUATED fashion-mnist-out-remove__homogeneous__vanilla__fedavg__clients-47__seed-43__nm0p0321172__clip5__rounds-100__epochs-5__fashion_mnist_remove__fashion_mnist_cnn round=80 (checkpoint deleted)
2026-08-21 00:10:24 EVALUATED fashion-mnist-out-remove__homogeneous__vanilla__fedavg__clients-47__seed-43__nm0p0321172__clip5__rounds-100__epochs-5__fashion_mnist_remove__fashion_mnist_cnn round=90 (checkpoint deleted)
2026-08-21 00:10:26 EVALUATED fashion-mnist-out-remove__homogeneous__vanilla__fedavg__clients-47__seed-43__nm0p0321172__clip5__rounds-100__epochs-5__fashion_mnist_remove__fashion_mnist_cnn round=100 (checkpoint deleted)
2026-08-21 00:10:26 PROGRESS 2/2 (0 failed so far)
2026-08-21 00:10:26 Sweep finished: 2/2 attempted, 0 failed
