2026-08-20 13:06:00 Alzheimer stage (global-dp, non-iid, seed=42, noise_ratio=0.000311338674520585): 2 trajectories
2026-08-20 13:06:00 START alzheimer-in-remove__non-iid__global-dp__fedavg__clients-48__seed-42__nm0p0149443__clip5__rounds-100__epochs-5__alzheimer_remove__paper_cnn 
2026-08-20 13:22:49 DONE  alzheimer-in-remove__non-iid__global-dp__fedavg__clients-48__seed-42__nm0p0149443__clip5__rounds-100__epochs-5__alzheimer_remove__paper_cnn (1008.8s)
2026-08-20 13:22:49 EVALUATED alzheimer-in-remove__non-iid__global-dp__fedavg__clients-48__seed-42__nm0p0149443__clip5__rounds-100__epochs-5__alzheimer_remove__paper_cnn round=1 (checkpoint deleted)
2026-08-20 13:22:50 EVALUATED alzheimer-in-remove__non-iid__global-dp__fedavg__clients-48__seed-42__nm0p0149443__clip5__rounds-100__epochs-5__alzheimer_remove__paper_cnn round=10 (checkpoint deleted)
2026-08-20 13:22:50 EVALUATED alzheimer-in-remove__non-iid__global-dp__fedavg__clients-48__seed-42__nm0p0149443__clip5__rounds-100__epochs-5__alzheimer_remove__paper_cnn round=20 (checkpoint deleted)
2026-08-20 13:22:51 EVALUATED alzheimer-in-remove__non-iid__global-dp__fedavg__clients-48__seed-42__nm0p0149443__clip5__rounds-100__epochs-5__alzheimer_remove__paper_cnn round=30 (checkpoint deleted)
2026-08-20 13:22:51 EVALUATED alzheimer-in-remove__non-iid__global-dp__fedavg__clients-48__seed-42__nm0p0149443__clip5__rounds-100__epochs-5__alzheimer_remove__paper_cnn round=40 (checkpoint deleted)
2026-08-20 13:22:52 EVALUATED alzheimer-in-remove__non-iid__global-dp__fedavg__clients-48__seed-42__nm0p0149443__clip5__rounds-100__epochs-5__alzheimer_remove__paper_cnn round=50 (checkpoint deleted)
2026-08-20 13:22:52 EVALUATED alzheimer-in-remove__non-iid__global-dp__fedavg__clients-48__seed-42__nm0p0149443__clip5__rounds-100__epochs-5__alzheimer_remove__paper_cnn round=60 (checkpoint deleted)
2026-08-20 13:22:53 EVALUATED alzheimer-in-remove__non-iid__global-dp__fedavg__clients-48__seed-42__nm0p0149443__clip5__rounds-100__epochs-5__alzheimer_remove__paper_cnn round=70 (checkpoint deleted)
2026-08-20 13:22:53 EVALUATED alzheimer-in-remove__non-iid__global-dp__fedavg__clients-48__seed-42__nm0p0149443__clip5__rounds-100__epochs-5__alzheimer_remove__paper_cnn round=80 (checkpoint deleted)
2026-08-20 13:22:54 EVALUATED alzheimer-in-remove__non-iid__global-dp__fedavg__clients-48__seed-42__nm0p0149443__clip5__rounds-100__epochs-5__alzheimer_remove__paper_cnn round=90 (checkpoint deleted)
2026-08-20 13:22:54 EVALUATED alzheimer-in-remove__non-iid__global-dp__fedavg__clients-48__seed-42__nm0p0149443__clip5__rounds-100__epochs-5__alzheimer_remove__paper_cnn round=100 (checkpoint deleted)
2026-08-20 13:22:54 PROGRESS 1/2 (0 failed so far)
2026-08-20 13:22:54 START alzheimer-out-remove__non-iid__global-dp__fedavg__clients-47__seed-42__nm0p0146329__clip5__rounds-100__epochs-5__alzheimer_remove__paper_cnn 
2026-08-20 13:39:41 DONE  alzheimer-out-remove__non-iid__global-dp__fedavg__clients-47__seed-42__nm0p0146329__clip5__rounds-100__epochs-5__alzheimer_remove__paper_cnn (1006.6s)
2026-08-20 13:39:41 EVALUATED alzheimer-out-remove__non-iid__global-dp__fedavg__clients-47__seed-42__nm0p0146329__clip5__rounds-100__epochs-5__alzheimer_remove__paper_cnn round=1 (checkpoint deleted)
2026-08-20 13:39:42 EVALUATED alzheimer-out-remove__non-iid__global-dp__fedavg__clients-47__seed-42__nm0p0146329__clip5__rounds-100__epochs-5__alzheimer_remove__paper_cnn round=10 (checkpoint deleted)
2026-08-20 13:39:42 EVALUATED alzheimer-out-remove__non-iid__global-dp__fedavg__clients-47__seed-42__nm0p0146329__clip5__rounds-100__epochs-5__alzheimer_remove__paper_cnn round=20 (checkpoint deleted)
2026-08-20 13:39:43 EVALUATED alzheimer-out-remove__non-iid__global-dp__fedavg__clients-47__seed-42__nm0p0146329__clip5__rounds-100__epochs-5__alzheimer_remove__paper_cnn round=30 (checkpoint deleted)
2026-08-20 13:39:43 EVALUATED alzheimer-out-remove__non-iid__global-dp__fedavg__clients-47__seed-42__nm0p0146329__clip5__rounds-100__epochs-5__alzheimer_remove__paper_cnn round=40 (checkpoint deleted)
2026-08-20 13:39:44 EVALUATED alzheimer-out-remove__non-iid__global-dp__fedavg__clients-47__seed-42__nm0p0146329__clip5__rounds-100__epochs-5__alzheimer_remove__paper_cnn round=50 (checkpoint deleted)
2026-08-20 13:39:44 EVALUATED alzheimer-out-remove__non-iid__global-dp__fedavg__clients-47__seed-42__nm0p0146329__clip5__rounds-100__epochs-5__alzheimer_remove__paper_cnn round=60 (checkpoint deleted)
2026-08-20 13:39:45 EVALUATED alzheimer-out-remove__non-iid__global-dp__fedavg__clients-47__seed-42__nm0p0146329__clip5__rounds-100__epochs-5__alzheimer_remove__paper_cnn round=70 (checkpoint deleted)
2026-08-20 13:39:45 EVALUATED alzheimer-out-remove__non-iid__global-dp__fedavg__clients-47__seed-42__nm0p0146329__clip5__rounds-100__epochs-5__alzheimer_remove__paper_cnn round=80 (checkpoint deleted)
2026-08-20 13:39:46 EVALUATED alzheimer-out-remove__non-iid__global-dp__fedavg__clients-47__seed-42__nm0p0146329__clip5__rounds-100__epochs-5__alzheimer_remove__paper_cnn round=90 (checkpoint deleted)
2026-08-20 13:39:46 EVALUATED alzheimer-out-remove__non-iid__global-dp__fedavg__clients-47__seed-42__nm0p0146329__clip5__rounds-100__epochs-5__alzheimer_remove__paper_cnn round=100 (checkpoint deleted)
2026-08-20 13:39:46 PROGRESS 2/2 (0 failed so far)
2026-08-20 13:39:46 Sweep finished: 2/2 attempted, 0 failed
