2026-08-14 10:05:21 CIFAR-10 removal CIA chunk (vanilla, clients=100, noise_ratio=None): 2 trajectories
2026-08-14 10:05:21 START cifar10-in-remove__non-iid__vanilla__fedavg__clients-100__seed-42__nm0p0182__clip5__rounds-20__epochs-5__cifar10_remove__cifar10_cnn 
2026-08-14 10:23:25 DONE  cifar10-in-remove__non-iid__vanilla__fedavg__clients-100__seed-42__nm0p0182__clip5__rounds-20__epochs-5__cifar10_remove__cifar10_cnn (1084.1s)
2026-08-14 10:23:33 EVALUATED cifar10-in-remove__non-iid__vanilla__fedavg__clients-100__seed-42__nm0p0182__clip5__rounds-20__epochs-5__cifar10_remove__cifar10_cnn round=1 (checkpoint deleted)
2026-08-14 10:23:38 EVALUATED cifar10-in-remove__non-iid__vanilla__fedavg__clients-100__seed-42__nm0p0182__clip5__rounds-20__epochs-5__cifar10_remove__cifar10_cnn round=2 (checkpoint deleted)
2026-08-14 10:23:42 EVALUATED cifar10-in-remove__non-iid__vanilla__fedavg__clients-100__seed-42__nm0p0182__clip5__rounds-20__epochs-5__cifar10_remove__cifar10_cnn round=3 (checkpoint deleted)
2026-08-14 10:23:47 EVALUATED cifar10-in-remove__non-iid__vanilla__fedavg__clients-100__seed-42__nm0p0182__clip5__rounds-20__epochs-5__cifar10_remove__cifar10_cnn round=4 (checkpoint deleted)
2026-08-14 10:23:52 EVALUATED cifar10-in-remove__non-iid__vanilla__fedavg__clients-100__seed-42__nm0p0182__clip5__rounds-20__epochs-5__cifar10_remove__cifar10_cnn round=5 (checkpoint deleted)
2026-08-14 10:23:56 EVALUATED cifar10-in-remove__non-iid__vanilla__fedavg__clients-100__seed-42__nm0p0182__clip5__rounds-20__epochs-5__cifar10_remove__cifar10_cnn round=6 (checkpoint deleted)
2026-08-14 10:24:01 EVALUATED cifar10-in-remove__non-iid__vanilla__fedavg__clients-100__seed-42__nm0p0182__clip5__rounds-20__epochs-5__cifar10_remove__cifar10_cnn round=7 (checkpoint deleted)
2026-08-14 10:24:05 EVALUATED cifar10-in-remove__non-iid__vanilla__fedavg__clients-100__seed-42__nm0p0182__clip5__rounds-20__epochs-5__cifar10_remove__cifar10_cnn round=8 (checkpoint deleted)
2026-08-14 10:24:10 EVALUATED cifar10-in-remove__non-iid__vanilla__fedavg__clients-100__seed-42__nm0p0182__clip5__rounds-20__epochs-5__cifar10_remove__cifar10_cnn round=9 (checkpoint deleted)
2026-08-14 10:24:14 EVALUATED cifar10-in-remove__non-iid__vanilla__fedavg__clients-100__seed-42__nm0p0182__clip5__rounds-20__epochs-5__cifar10_remove__cifar10_cnn round=10 (checkpoint deleted)
2026-08-14 10:24:19 EVALUATED cifar10-in-remove__non-iid__vanilla__fedavg__clients-100__seed-42__nm0p0182__clip5__rounds-20__epochs-5__cifar10_remove__cifar10_cnn round=11 (checkpoint deleted)
2026-08-14 10:24:23 EVALUATED cifar10-in-remove__non-iid__vanilla__fedavg__clients-100__seed-42__nm0p0182__clip5__rounds-20__epochs-5__cifar10_remove__cifar10_cnn round=12 (checkpoint deleted)
2026-08-14 10:24:28 EVALUATED cifar10-in-remove__non-iid__vanilla__fedavg__clients-100__seed-42__nm0p0182__clip5__rounds-20__epochs-5__cifar10_remove__cifar10_cnn round=13 (checkpoint deleted)
2026-08-14 10:24:32 EVALUATED cifar10-in-remove__non-iid__vanilla__fedavg__clients-100__seed-42__nm0p0182__clip5__rounds-20__epochs-5__cifar10_remove__cifar10_cnn round=14 (checkpoint deleted)
2026-08-14 10:24:37 EVALUATED cifar10-in-remove__non-iid__vanilla__fedavg__clients-100__seed-42__nm0p0182__clip5__rounds-20__epochs-5__cifar10_remove__cifar10_cnn round=15 (checkpoint deleted)
2026-08-14 10:24:41 EVALUATED cifar10-in-remove__non-iid__vanilla__fedavg__clients-100__seed-42__nm0p0182__clip5__rounds-20__epochs-5__cifar10_remove__cifar10_cnn round=16 (checkpoint deleted)
2026-08-14 10:24:46 EVALUATED cifar10-in-remove__non-iid__vanilla__fedavg__clients-100__seed-42__nm0p0182__clip5__rounds-20__epochs-5__cifar10_remove__cifar10_cnn round=17 (checkpoint deleted)
2026-08-14 10:24:50 EVALUATED cifar10-in-remove__non-iid__vanilla__fedavg__clients-100__seed-42__nm0p0182__clip5__rounds-20__epochs-5__cifar10_remove__cifar10_cnn round=18 (checkpoint deleted)
2026-08-14 10:24:55 EVALUATED cifar10-in-remove__non-iid__vanilla__fedavg__clients-100__seed-42__nm0p0182__clip5__rounds-20__epochs-5__cifar10_remove__cifar10_cnn round=19 (checkpoint deleted)
2026-08-14 10:24:59 EVALUATED cifar10-in-remove__non-iid__vanilla__fedavg__clients-100__seed-42__nm0p0182__clip5__rounds-20__epochs-5__cifar10_remove__cifar10_cnn round=20 (checkpoint deleted)
2026-08-14 10:24:59 PROGRESS 1/2 (0 failed so far)
2026-08-14 10:24:59 START cifar10-out-remove__non-iid__vanilla__fedavg__clients-99__seed-42__nm0p0182__clip5__rounds-20__epochs-5__cifar10_remove__cifar10_cnn 
2026-08-14 10:43:00 DONE  cifar10-out-remove__non-iid__vanilla__fedavg__clients-99__seed-42__nm0p0182__clip5__rounds-20__epochs-5__cifar10_remove__cifar10_cnn (1080.9s)
2026-08-14 10:43:05 EVALUATED cifar10-out-remove__non-iid__vanilla__fedavg__clients-99__seed-42__nm0p0182__clip5__rounds-20__epochs-5__cifar10_remove__cifar10_cnn round=1 (checkpoint deleted)
2026-08-14 10:43:09 EVALUATED cifar10-out-remove__non-iid__vanilla__fedavg__clients-99__seed-42__nm0p0182__clip5__rounds-20__epochs-5__cifar10_remove__cifar10_cnn round=2 (checkpoint deleted)
2026-08-14 10:43:14 EVALUATED cifar10-out-remove__non-iid__vanilla__fedavg__clients-99__seed-42__nm0p0182__clip5__rounds-20__epochs-5__cifar10_remove__cifar10_cnn round=3 (checkpoint deleted)
2026-08-14 10:43:18 EVALUATED cifar10-out-remove__non-iid__vanilla__fedavg__clients-99__seed-42__nm0p0182__clip5__rounds-20__epochs-5__cifar10_remove__cifar10_cnn round=4 (checkpoint deleted)
2026-08-14 10:43:23 EVALUATED cifar10-out-remove__non-iid__vanilla__fedavg__clients-99__seed-42__nm0p0182__clip5__rounds-20__epochs-5__cifar10_remove__cifar10_cnn round=5 (checkpoint deleted)
2026-08-14 10:43:28 EVALUATED cifar10-out-remove__non-iid__vanilla__fedavg__clients-99__seed-42__nm0p0182__clip5__rounds-20__epochs-5__cifar10_remove__cifar10_cnn round=6 (checkpoint deleted)
2026-08-14 10:43:32 EVALUATED cifar10-out-remove__non-iid__vanilla__fedavg__clients-99__seed-42__nm0p0182__clip5__rounds-20__epochs-5__cifar10_remove__cifar10_cnn round=7 (checkpoint deleted)
2026-08-14 10:43:37 EVALUATED cifar10-out-remove__non-iid__vanilla__fedavg__clients-99__seed-42__nm0p0182__clip5__rounds-20__epochs-5__cifar10_remove__cifar10_cnn round=8 (checkpoint deleted)
2026-08-14 10:43:41 EVALUATED cifar10-out-remove__non-iid__vanilla__fedavg__clients-99__seed-42__nm0p0182__clip5__rounds-20__epochs-5__cifar10_remove__cifar10_cnn round=9 (checkpoint deleted)
2026-08-14 10:43:46 EVALUATED cifar10-out-remove__non-iid__vanilla__fedavg__clients-99__seed-42__nm0p0182__clip5__rounds-20__epochs-5__cifar10_remove__cifar10_cnn round=10 (checkpoint deleted)
2026-08-14 10:43:50 EVALUATED cifar10-out-remove__non-iid__vanilla__fedavg__clients-99__seed-42__nm0p0182__clip5__rounds-20__epochs-5__cifar10_remove__cifar10_cnn round=11 (checkpoint deleted)
2026-08-14 10:43:55 EVALUATED cifar10-out-remove__non-iid__vanilla__fedavg__clients-99__seed-42__nm0p0182__clip5__rounds-20__epochs-5__cifar10_remove__cifar10_cnn round=12 (checkpoint deleted)
2026-08-14 10:44:00 EVALUATED cifar10-out-remove__non-iid__vanilla__fedavg__clients-99__seed-42__nm0p0182__clip5__rounds-20__epochs-5__cifar10_remove__cifar10_cnn round=13 (checkpoint deleted)
2026-08-14 10:44:04 EVALUATED cifar10-out-remove__non-iid__vanilla__fedavg__clients-99__seed-42__nm0p0182__clip5__rounds-20__epochs-5__cifar10_remove__cifar10_cnn round=14 (checkpoint deleted)
2026-08-14 10:44:09 EVALUATED cifar10-out-remove__non-iid__vanilla__fedavg__clients-99__seed-42__nm0p0182__clip5__rounds-20__epochs-5__cifar10_remove__cifar10_cnn round=15 (checkpoint deleted)
2026-08-14 10:44:13 EVALUATED cifar10-out-remove__non-iid__vanilla__fedavg__clients-99__seed-42__nm0p0182__clip5__rounds-20__epochs-5__cifar10_remove__cifar10_cnn round=16 (checkpoint deleted)
2026-08-14 10:44:18 EVALUATED cifar10-out-remove__non-iid__vanilla__fedavg__clients-99__seed-42__nm0p0182__clip5__rounds-20__epochs-5__cifar10_remove__cifar10_cnn round=17 (checkpoint deleted)
2026-08-14 10:44:22 EVALUATED cifar10-out-remove__non-iid__vanilla__fedavg__clients-99__seed-42__nm0p0182__clip5__rounds-20__epochs-5__cifar10_remove__cifar10_cnn round=18 (checkpoint deleted)
2026-08-14 10:44:27 EVALUATED cifar10-out-remove__non-iid__vanilla__fedavg__clients-99__seed-42__nm0p0182__clip5__rounds-20__epochs-5__cifar10_remove__cifar10_cnn round=19 (checkpoint deleted)
2026-08-14 10:44:31 EVALUATED cifar10-out-remove__non-iid__vanilla__fedavg__clients-99__seed-42__nm0p0182__clip5__rounds-20__epochs-5__cifar10_remove__cifar10_cnn round=20 (checkpoint deleted)
2026-08-14 10:44:31 PROGRESS 2/2 (0 failed so far)
2026-08-14 10:44:31 Sweep finished: 2/2 attempted, 0 failed
