2026-08-05 11:53:12 Starting max-records chunk: 1 trajectories
2026-08-05 11:53:12 START cifar-max-records-out-remove__non-iid__vanilla__fedavg__clients-2__seed-43__nm0p01__clip5__rounds-20__epochs-5__cifar_chunks__cifar10_cnn 
{
  "partition-mode": "non-iid",
  "partition-profile": "auto",
  "client-weights": "",
  "data-module": "experiments.cia.scripts.cifar_chunks:create_cifar_out_remove_all",
  "model-module": "experiments.reproduce.cifar10_cnn:create_model",
  "data-cache-dir": "",
  "privacy": "vanilla",
  "aggregation": "fedavg",
  "seed": 43,
  "num-server-rounds": 20,
  "num-clients": 2,
  "fraction-evaluate": 1.0,
  "local-epochs": 5,
  "learning-rate": 0.001,
  "batch-size": 32,
  "initialization-batch-size": 32,
  "initialization-epochs": 20,
  "initialization-learning-rate": 0.001,
  "max-client-samples": 0,
  "max-test-samples": 0,
  "noise-multiplier": 0.01,
  "clipping-norm": 5.0,
  "output-dir": "/content/metricdp-pytorch/results/planned_runs/cifar/max_records/seed-43-vanilla/runs",
  "run-name": "cifar-max-records-out-remove__non-iid__vanilla__fedavg__clients-2__seed-43__nm0p01__clip5__rounds-20__epochs-5__cifar_chunks__cifar10_cnn",
  "checkpoint-rounds": [
    1,
    2,
    3,
    4,
    5,
    6,
    7,
    8,
    9,
    10,
    11,
    12,
    13,
    14,
    15,
    16,
    17,
    18,
    19,
    20
  ]
}
2026-08-05 11:53:17.537396: I tensorflow/core/util/port.cc:153] oneDNN custom operations are on. You may see slightly different numerical results due to floating-point round-off errors from different computation orders. To turn them off, set the environment variable `TF_ENABLE_ONEDNN_OPTS=0`.
2026-08-05 11:53:17.604400: I tensorflow/core/platform/cpu_feature_guard.cc:210] This TensorFlow binary is optimized to use available CPU instructions in performance-critical operations.
To enable the following instructions: AVX2 AVX512F AVX512_VNNI FMA, in other operations, rebuild TensorFlow with the appropriate compiler flags.
[93mWARNING [0m:   DEPRECATED FEATURE: The `run_simulation` function is deprecated and will be removed in a future version of Flower. Please use `flwr run` in the CLI instead to run your simulation. Refer to the Flower Tutorials for more details: https://flower.ai/docs/framework/tutorial-quickstart-pytorch.html

            This is a deprecated feature. It will be removed
            entirely in future versions of Flower.
        
Warning: You are sending unauthenticated requests to the HF Hub. Please set a HF_TOKEN to enable higher rate limits and faster downloads.
Generating train split:   0%|          | 0/50000 [00:00<?, ? examples/s]Generating train split:  28%|██▊       | 14200/50000 [00:00<00:00, 122239.25 examples/s]Generating train split:  85%|████████▌ | 42600/50000 [00:00<00:00, 195146.45 examples/s]Generating train split: 100%|██████████| 50000/50000 [00:00<00:00, 190515.61 examples/s]
Generating test split:   0%|          | 0/10000 [00:00<?, ? examples/s]Generating test split: 100%|██████████| 10000/10000 [00:00<00:00, 230782.15 examples/s]
Filtering CIFAR-10 to four classes:   0%|          | 0/50000 [00:00<?, ? examples/s]Filtering CIFAR-10 to four classes: 100%|██████████| 50000/50000 [00:00<00:00, 758436.22 examples/s]
Filtering CIFAR-10 to four classes:   0%|          | 0/10000 [00:00<?, ? examples/s]Filtering CIFAR-10 to four classes: 100%|██████████| 10000/10000 [00:00<00:00, 673080.96 examples/s]
[92mINFO [0m:      Starting DeterministicFedAvg strategy:
[92mINFO [0m:      	├── Number of rounds: 20
[92mINFO [0m:      	├── ArrayRecord (0.87 MB)
[92mINFO [0m:      	├── ConfigRecord (train): {'lr': 0.001}
[92mINFO [0m:      	├── ConfigRecord (evaluate): (empty!)
[92mINFO [0m:      	├──> Sampling:
[92mINFO [0m:      	│	├──Fraction: train (1.00) | evaluate ( 1.00)
[92mINFO [0m:      	│	├──Minimum nodes: train (2) | evaluate (2)
[92mINFO [0m:      	│	└──Minimum available nodes: 2
[92mINFO [0m:      	└──> Keys in records:
/usr/local/lib/python3.12/dist-packages/ray/_private/worker.py:2051: FutureWarning: Tip: In future versions of Ray, Ray will no longer override accelerator visible devices env var if num_gpus=0 or num_gpus=None (default). To enable this behavior and turn off this error message, set RAY_ACCEL_ENV_VAR_OVERRIDE_ON_ZERO=0
  warnings.warn(
[92mINFO [0m:      		├── Weighted by: 'num-examples'
[92mINFO [0m:      		├── ArrayRecord key: 'arrays'
[92mINFO [0m:      		└── ConfigRecord key: 'config'
[92mINFO [0m:      
/usr/lib/python3.12/multiprocessing/popen_fork.py:66: DeprecationWarning: This process (pid=1147) is multi-threaded, use of fork() may lead to deadlocks in the child.
  self.pid = os.fork()
[92mINFO [0m:      Initial global evaluation results: {'loss': 1.3919111585617066, 'accuracy': 0.25, 'f1': 0.1, 'precision': 0.0625, 'auc': 0.5174013333333333}
[92mINFO [0m:      
[92mINFO [0m:      [ROUND 1/20]
[92mINFO [0m:      configure_train: Sampled 2 nodes (out of 2)
[36m(ClientAppActor pid=1695)[0m Using the latest cached version of the dataset since uoft-cs/cifar10 couldn't be found on the Hugging Face Hub (offline mode is enabled).
[36m(ClientAppActor pid=1695)[0m Found the latest cached dataset configuration 'plain_text' at /root/.cache/huggingface/datasets/uoft-cs___cifar10/plain_text/0.0.0/0b2714987fa478483af9968de7c934580d0bb9a2 (last modified on Wed Aug  5 11:53:32 2026).
[36m(ClientAppActor pid=1694)[0m /usr/lib/python3.12/multiprocessing/popen_fork.py:66: DeprecationWarning: This process (pid=1694) is multi-threaded, use of fork() may lead to deadlocks in the child.
[36m(ClientAppActor pid=1694)[0m   self.pid = os.fork()
[92mINFO [0m:      aggregate_train: Received 2 results and 0 failures
[92mINFO [0m:      	└──> Aggregated MetricRecord: {'train_loss': 0.7041550198687783, 'train_loss_mean': 0.886244064229115, 'client-ids': [0, 1], 'per-client-num-examples': [8532, 2133], 'per-client-train_loss': [0.6644370542185104, 0.8630268824698497], 'per-client-train_loss_mean': [0.8415337571447241, 1.0650852925666778]}
[92mINFO [0m:      configure_evaluate: Sampled 2 nodes (out of 2)
[92mINFO [0m:      aggregate_evaluate: Received 2 results and 0 failures
[92mINFO [0m:      	└──> Aggregated MetricRecord: {'eval_loss': 0.7592050811161344, 'eval_acc': 0.7451274362818591, 'client-ids': [0, 1], 'per-client-eval_acc': [0.7441424554826617, 0.7490636704119851], 'per-client-eval_loss': [0.7604456743349399, 0.7542473546574625], 'per-client-num-examples': [2134, 534]}
[92mINFO [0m:      Global evaluation
[92mINFO [0m:      	└──> MetricRecord: {'loss': 0.7717356634140015, 'accuracy': 0.731, 'f1': 0.7199280304466815, 'precision': 0.7320881192401137, 'auc': 0.9186471666666668}
[92mINFO [0m:      
[92mINFO [0m:      [ROUND 2/20]
[92mINFO [0m:      configure_train: Sampled 2 nodes (out of 2)
[36m(ClientAppActor pid=1694)[0m Using the latest cached version of the dataset since uoft-cs/cifar10 couldn't be found on the Hugging Face Hub (offline mode is enabled).
[36m(ClientAppActor pid=1694)[0m Found the latest cached dataset configuration 'plain_text' at /root/.cache/huggingface/datasets/uoft-cs___cifar10/plain_text/0.0.0/0b2714987fa478483af9968de7c934580d0bb9a2 (last modified on Wed Aug  5 11:53:32 2026).
[36m(ClientAppActor pid=1695)[0m /usr/lib/python3.12/multiprocessing/popen_fork.py:66: DeprecationWarning: This process (pid=1695) is multi-threaded, use of fork() may lead to deadlocks in the child.[32m [repeated 2x across cluster] (Ray deduplicates logs by default. Set RAY_DEDUP_LOGS=0 to disable log deduplication, or see https://docs.ray.io/en/master/ray-observability/user-guides/configure-logging.html#log-deduplication for more options.)[0m
[36m(ClientAppActor pid=1695)[0m   self.pid = os.fork()[32m [repeated 2x across cluster][0m
[92mINFO [0m:      aggregate_train: Received 2 results and 0 failures
[92mINFO [0m:      	└──> Aggregated MetricRecord: {'train_loss': 0.48150107666633524, 'train_loss_mean': 0.5585488949663696, 'client-ids': [0, 1], 'per-client-num-examples': [8532, 2133], 'per-client-train_loss': [0.464112379184308, 0.5510558665944443], 'per-client-train_loss_mean': [0.5456097151268495, 0.61030561432445]}
[92mINFO [0m:      configure_evaluate: Sampled 2 nodes (out of 2)
[92mINFO [0m:      aggregate_evaluate: Received 2 results and 0 failures
[92mINFO [0m:      	└──> Aggregated MetricRecord: {'eval_loss': 0.5175673053718578, 'eval_acc': 0.8043478260869565, 'client-ids': [0, 1], 'per-client-eval_acc': [0.8059981255857545, 0.797752808988764], 'per-client-eval_loss': [0.5187591585804618, 0.512804356407137], 'per-client-num-examples': [2134, 534]}
[92mINFO [0m:      Global evaluation
[92mINFO [0m:      	└──> MetricRecord: {'loss': 0.5537372303009033, 'accuracy': 0.7865, 'f1': 0.78135176604307, 'precision': 0.7910705136382636, 'auc': 0.9484199166666667}
[92mINFO [0m:      
[92mINFO [0m:      [ROUND 3/20]
[92mINFO [0m:      configure_train: Sampled 2 nodes (out of 2)
[36m(ClientAppActor pid=1695)[0m /usr/lib/python3.12/multiprocessing/popen_fork.py:66: DeprecationWarning: This process (pid=1695) is multi-threaded, use of fork() may lead to deadlocks in the child.[32m [repeated 2x across cluster][0m
[36m(ClientAppActor pid=1695)[0m   self.pid = os.fork()[32m [repeated 2x across cluster][0m
[92mINFO [0m:      aggregate_train: Received 2 results and 0 failures
[92mINFO [0m:      	└──> Aggregated MetricRecord: {'train_loss': 0.3214535960304977, 'train_loss_mean': 0.39099706413708996, 'client-ids': [0, 1], 'per-client-num-examples': [8532, 2133], 'per-client-train_loss': [0.3145754417789636, 0.34896621303663417], 'per-client-train_loss_mean': [0.37816869168286027, 0.4423105539540086]}
[92mINFO [0m:      configure_evaluate: Sampled 2 nodes (out of 2)
[92mINFO [0m:      aggregate_evaluate: Received 2 results and 0 failures
[92mINFO [0m:      	└──> Aggregated MetricRecord: {'eval_loss': 0.5412498079854687, 'eval_acc': 0.8122188905547225, 'client-ids': [0, 1], 'per-client-eval_acc': [0.8134957825679475, 0.8071161048689138], 'per-client-eval_loss': [0.5352077539992757, 0.5653953945145624], 'per-client-num-examples': [2134, 534]}
[92mINFO [0m:      Global evaluation
[92mINFO [0m:      	└──> MetricRecord: {'loss': 0.5445523270368576, 'accuracy': 0.8105, 'f1': 0.8096319352218873, 'precision': 0.8115597223032942, 'auc': 0.9569351666666667}
[92mINFO [0m:      
[92mINFO [0m:      [ROUND 4/20]
[92mINFO [0m:      configure_train: Sampled 2 nodes (out of 2)
[36m(ClientAppActor pid=1695)[0m /usr/lib/python3.12/multiprocessing/popen_fork.py:66: DeprecationWarning: This process (pid=1695) is multi-threaded, use of fork() may lead to deadlocks in the child.[32m [repeated 2x across cluster][0m
[36m(ClientAppActor pid=1695)[0m   self.pid = os.fork()[32m [repeated 2x across cluster][0m
[92mINFO [0m:      aggregate_train: Received 2 results and 0 failures
[92mINFO [0m:      	└──> Aggregated MetricRecord: {'train_loss': 0.2048820168073335, 'train_loss_mean': 0.26395299038024117, 'client-ids': [0, 1], 'per-client-num-examples': [8532, 2133], 'per-client-train_loss': [0.1933076326074703, 0.25117955360678623], 'per-client-train_loss_mean': [0.24136928362545698, 0.35428781739937776]}
[92mINFO [0m:      configure_evaluate: Sampled 2 nodes (out of 2)
[92mINFO [0m:      aggregate_evaluate: Received 2 results and 0 failures
[92mINFO [0m:      	└──> Aggregated MetricRecord: {'eval_loss': 0.5698906008092717, 'eval_acc': 0.8234632683658171, 'client-ids': [0, 1], 'per-client-eval_acc': [0.8256794751640113, 0.8146067415730337], 'per-client-eval_loss': [0.5602168395570649, 0.6085494145025475], 'per-client-num-examples': [2134, 534]}
[92mINFO [0m:      Global evaluation
[92mINFO [0m:      	└──> MetricRecord: {'loss': 0.5756081637144089, 'accuracy': 0.82, 'f1': 0.8196435721913988, 'precision': 0.8201238906437132, 'auc': 0.9590685416666667}
[92mINFO [0m:      
[92mINFO [0m:      [ROUND 5/20]
[92mINFO [0m:      configure_train: Sampled 2 nodes (out of 2)
[36m(ClientAppActor pid=1695)[0m /usr/lib/python3.12/multiprocessing/popen_fork.py:66: DeprecationWarning: This process (pid=1695) is multi-threaded, use of fork() may lead to deadlocks in the child.[32m [repeated 2x across cluster][0m
[36m(ClientAppActor pid=1695)[0m   self.pid = os.fork()[32m [repeated 2x across cluster][0m
[92mINFO [0m:      aggregate_train: Received 2 results and 0 failures
[92mINFO [0m:      	└──> Aggregated MetricRecord: {'train_loss': 0.12627595416604215, 'train_loss_mean': 0.1772581049591736, 'client-ids': [0, 1], 'per-client-num-examples': [8532, 2133], 'per-client-train_loss': [0.12049191566494168, 0.14941210817044406], 'per-client-train_loss_mean': [0.14779529770529723, 0.2951093339746791]}
[92mINFO [0m:      configure_evaluate: Sampled 2 nodes (out of 2)
[92mINFO [0m:      aggregate_evaluate: Received 2 results and 0 failures
[92mINFO [0m:      	└──> Aggregated MetricRecord: {'eval_loss': 0.705600685265468, 'eval_acc': 0.8137181409295352, 'client-ids': [0, 1], 'per-client-eval_acc': [0.8181818181818182, 0.795880149812734], 'per-client-eval_loss': [0.7041270730645163, 0.7114896149224557], 'per-client-num-examples': [2134, 534]}
[92mINFO [0m:      Global evaluation
[92mINFO [0m:      	└──> MetricRecord: {'loss': 0.7440260154604912, 'accuracy': 0.8115, 'f1': 0.811287690929316, 'precision': 0.8111576161315648, 'auc': 0.9519159583333333}
[92mINFO [0m:      
[92mINFO [0m:      [ROUND 6/20]
[92mINFO [0m:      configure_train: Sampled 2 nodes (out of 2)
[36m(ClientAppActor pid=1695)[0m /usr/lib/python3.12/multiprocessing/popen_fork.py:66: DeprecationWarning: This process (pid=1695) is multi-threaded, use of fork() may lead to deadlocks in the child.[32m [repeated 2x across cluster][0m
[36m(ClientAppActor pid=1695)[0m   self.pid = os.fork()[32m [repeated 2x across cluster][0m
[92mINFO [0m:      aggregate_train: Received 2 results and 0 failures
[92mINFO [0m:      	└──> Aggregated MetricRecord: {'train_loss': 0.08106325564934819, 'train_loss_mean': 0.13208436494299325, 'client-ids': [0, 1], 'per-client-num-examples': [8532, 2133], 'per-client-train_loss': [0.07342723518259826, 0.11160733751634784], 'per-client-train_loss_mean': [0.10055374732150217, 0.25820683542895756]}
[92mINFO [0m:      configure_evaluate: Sampled 2 nodes (out of 2)
[92mINFO [0m:      aggregate_evaluate: Received 2 results and 0 failures
[92mINFO [0m:      	└──> Aggregated MetricRecord: {'eval_loss': 0.8573850580956088, 'eval_acc': 0.8103448275862069, 'client-ids': [0, 1], 'per-client-eval_acc': [0.8092783505154639, 0.8146067415730337], 'per-client-eval_loss': [0.8588631430181701, 0.8514782543039501], 'per-client-num-examples': [2134, 534]}
[92mINFO [0m:      Global evaluation
[92mINFO [0m:      	└──> MetricRecord: {'loss': 0.8915781296491623, 'accuracy': 0.8105, 'f1': 0.8102313709108147, 'precision': 0.8108272151193583, 'auc': 0.9510489583333334}
[92mINFO [0m:      
[92mINFO [0m:      [ROUND 7/20]
[92mINFO [0m:      configure_train: Sampled 2 nodes (out of 2)
[36m(ClientAppActor pid=1695)[0m /usr/lib/python3.12/multiprocessing/popen_fork.py:66: DeprecationWarning: This process (pid=1695) is multi-threaded, use of fork() may lead to deadlocks in the child.[32m [repeated 2x across cluster][0m
[36m(ClientAppActor pid=1695)[0m   self.pid = os.fork()[32m [repeated 2x across cluster][0m
[92mINFO [0m:      aggregate_train: Received 2 results and 0 failures
[92mINFO [0m:      	└──> Aggregated MetricRecord: {'train_loss': 0.08946080671276668, 'train_loss_mean': 0.11181722322198578, 'client-ids': [0, 1], 'per-client-num-examples': [8532, 2133], 'per-client-train_loss': [0.08668926000713854, 0.10054699353527922], 'per-client-train_loss_mean': [0.07808131348739906, 0.2467608621603326]}
[92mINFO [0m:      configure_evaluate: Sampled 2 nodes (out of 2)
[92mINFO [0m:      aggregate_evaluate: Received 2 results and 0 failures
[92mINFO [0m:      	└──> Aggregated MetricRecord: {'eval_loss': 0.9086184553478075, 'eval_acc': 0.8024737631184408, 'client-ids': [0, 1], 'per-client-eval_acc': [0.8008434864104967, 0.8089887640449438], 'per-client-eval_loss': [0.9161197643137022, 0.8786413142743629], 'per-client-num-examples': [2134, 534]}
[92mINFO [0m:      Global evaluation
[92mINFO [0m:      	└──> MetricRecord: {'loss': 0.9579544697776436, 'accuracy': 0.808, 'f1': 0.8054481757551395, 'precision': 0.8069051134177243, 'auc': 0.9481967916666667}
[92mINFO [0m:      
[92mINFO [0m:      [ROUND 8/20]
[92mINFO [0m:      configure_train: Sampled 2 nodes (out of 2)
[36m(ClientAppActor pid=1695)[0m /usr/lib/python3.12/multiprocessing/popen_fork.py:66: DeprecationWarning: This process (pid=1695) is multi-threaded, use of fork() may lead to deadlocks in the child.[32m [repeated 2x across cluster][0m
[36m(ClientAppActor pid=1695)[0m   self.pid = os.fork()[32m [repeated 2x across cluster][0m
[92mINFO [0m:      aggregate_train: Received 2 results and 0 failures
[92mINFO [0m:      	└──> Aggregated MetricRecord: {'train_loss': 0.05818519954439961, 'train_loss_mean': 0.09311782591088566, 'client-ids': [0, 1], 'per-client-num-examples': [8532, 2133], 'per-client-train_loss': [0.054362668178580875, 0.07347532500767451], 'per-client-train_loss_mean': [0.06283043707551525, 0.2142673812523673]}
[92mINFO [0m:      configure_evaluate: Sampled 2 nodes (out of 2)
[92mINFO [0m:      aggregate_evaluate: Received 2 results and 0 failures
[92mINFO [0m:      	└──> Aggregated MetricRecord: {'eval_loss': 0.9559100074567894, 'eval_acc': 0.8043478260869565, 'client-ids': [0, 1], 'per-client-eval_acc': [0.8059981255857545, 0.797752808988764], 'per-client-eval_loss': [0.9752138400591749, 0.8787669760457585], 'per-client-num-examples': [2134, 534]}
[92mINFO [0m:      Global evaluation
[92mINFO [0m:      	└──> MetricRecord: {'loss': 0.9638852248191834, 'accuracy': 0.81, 'f1': 0.8074631497354946, 'precision': 0.80898061020735, 'auc': 0.94887225}
[92mINFO [0m:      
[92mINFO [0m:      [ROUND 9/20]
[92mINFO [0m:      configure_train: Sampled 2 nodes (out of 2)
[36m(ClientAppActor pid=1694)[0m /usr/lib/python3.12/multiprocessing/popen_fork.py:66: DeprecationWarning: This process (pid=1694) is multi-threaded, use of fork() may lead to deadlocks in the child.[32m [repeated 2x across cluster][0m
[36m(ClientAppActor pid=1694)[0m   self.pid = os.fork()[32m [repeated 2x across cluster][0m
[92mINFO [0m:      aggregate_train: Received 2 results and 0 failures
[92mINFO [0m:      	└──> Aggregated MetricRecord: {'train_loss': 0.05821828979927221, 'train_loss_mean': 0.08323037471973277, 'client-ids': [0, 1], 'per-client-num-examples': [8532, 2133], 'per-client-train_loss': [0.056983503623504454, 0.0631574345023432], 'per-client-train_loss_mean': [0.05129261428941752, 0.2109814164409937]}
[92mINFO [0m:      configure_evaluate: Sampled 2 nodes (out of 2)
[92mINFO [0m:      aggregate_evaluate: Received 2 results and 0 failures
[92mINFO [0m:      	└──> Aggregated MetricRecord: {'eval_loss': 1.0716670277951539, 'eval_acc': 0.8092203898050974, 'client-ids': [0, 1], 'per-client-eval_acc': [0.8088097469540768, 0.8108614232209738], 'per-client-eval_loss': [1.0851262945266338, 1.0178803701079293], 'per-client-num-examples': [2134, 534]}
[92mINFO [0m:      Global evaluation
[92mINFO [0m:      	└──> MetricRecord: {'loss': 1.1601741864681243, 'accuracy': 0.7925, 'f1': 0.7906948645332497, 'precision': 0.7935994589731225, 'auc': 0.9439790416666667}
[92mINFO [0m:      
[92mINFO [0m:      [ROUND 10/20]
[92mINFO [0m:      configure_train: Sampled 2 nodes (out of 2)
[36m(ClientAppActor pid=1695)[0m /usr/lib/python3.12/multiprocessing/popen_fork.py:66: DeprecationWarning: This process (pid=1695) is multi-threaded, use of fork() may lead to deadlocks in the child.[32m [repeated 2x across cluster][0m
[36m(ClientAppActor pid=1695)[0m   self.pid = os.fork()[32m [repeated 2x across cluster][0m
[92mINFO [0m:      aggregate_train: Received 2 results and 0 failures
[92mINFO [0m:      	└──> Aggregated MetricRecord: {'train_loss': 0.05813131006875552, 'train_loss_mean': 0.07780735438077441, 'client-ids': [0, 1], 'per-client-num-examples': [8532, 2133], 'per-client-train_loss': [0.056068457156027665, 0.06638272171966693], 'per-client-train_loss_mean': [0.050175853258398774, 0.1883333588702769]}
[92mINFO [0m:      configure_evaluate: Sampled 2 nodes (out of 2)
[92mINFO [0m:      aggregate_evaluate: Received 2 results and 0 failures
[92mINFO [0m:      	└──> Aggregated MetricRecord: {'eval_loss': 1.0308441919186662, 'eval_acc': 0.8099700149925038, 'client-ids': [0, 1], 'per-client-eval_acc': [0.8116213683223993, 0.8033707865168539], 'per-client-eval_loss': [1.041525282140301, 0.9881598351153542], 'per-client-num-examples': [2134, 534]}
[92mINFO [0m:      Global evaluation
[92mINFO [0m:      	└──> MetricRecord: {'loss': 1.1036493046283722, 'accuracy': 0.789, 'f1': 0.7869910647583488, 'precision': 0.7868847269002067, 'auc': 0.9458777916666667}
[92mINFO [0m:      
[92mINFO [0m:      [ROUND 11/20]
[92mINFO [0m:      configure_train: Sampled 2 nodes (out of 2)
[36m(ClientAppActor pid=1695)[0m /usr/lib/python3.12/multiprocessing/popen_fork.py:66: DeprecationWarning: This process (pid=1695) is multi-threaded, use of fork() may lead to deadlocks in the child.[32m [repeated 2x across cluster][0m
[36m(ClientAppActor pid=1695)[0m   self.pid = os.fork()[32m [repeated 2x across cluster][0m
[92mINFO [0m:      aggregate_train: Received 2 results and 0 failures
[92mINFO [0m:      	└──> Aggregated MetricRecord: {'train_loss': 0.03468130475614854, 'train_loss_mean': 0.07142627119057429, 'client-ids': [0, 1], 'per-client-num-examples': [8532, 2133], 'per-client-train_loss': [0.028947951008298944, 0.057614719747546915], 'per-client-train_loss_mean': [0.04277639199688811, 0.18602578796531904]}
[92mINFO [0m:      configure_evaluate: Sampled 2 nodes (out of 2)
[92mINFO [0m:      aggregate_evaluate: Received 2 results and 0 failures
[92mINFO [0m:      	└──> Aggregated MetricRecord: {'eval_loss': 1.1117558524883846, 'eval_acc': 0.8215892053973013, 'client-ids': [0, 1], 'per-client-eval_acc': [0.8228678537956888, 0.8164794007490637], 'per-client-eval_loss': [1.1195724070798379, 1.0805189096079337], 'per-client-num-examples': [2134, 534]}
[92mINFO [0m:      Global evaluation
[92mINFO [0m:      	└──> MetricRecord: {'loss': 1.1982444582432508, 'accuracy': 0.812, 'f1': 0.8108719115774033, 'precision': 0.8117010942979778, 'auc': 0.9497939583333335}
[92mINFO [0m:      
[92mINFO [0m:      [ROUND 12/20]
[92mINFO [0m:      configure_train: Sampled 2 nodes (out of 2)
[36m(ClientAppActor pid=1695)[0m /usr/lib/python3.12/multiprocessing/popen_fork.py:66: DeprecationWarning: This process (pid=1695) is multi-threaded, use of fork() may lead to deadlocks in the child.[32m [repeated 2x across cluster][0m
[36m(ClientAppActor pid=1695)[0m   self.pid = os.fork()[32m [repeated 2x across cluster][0m
[92mINFO [0m:      aggregate_train: Received 2 results and 0 failures
[92mINFO [0m:      	└──> Aggregated MetricRecord: {'train_loss': 0.05307767277891738, 'train_loss_mean': 0.0674341610473774, 'client-ids': [0, 1], 'per-client-num-examples': [8532, 2133], 'per-client-train_loss': [0.05184577898512277, 0.0580052479540958], 'per-client-train_loss_mean': [0.041393462115189426, 0.17159695677612932]}
[92mINFO [0m:      configure_evaluate: Sampled 2 nodes (out of 2)
[92mINFO [0m:      aggregate_evaluate: Received 2 results and 0 failures
[92mINFO [0m:      	└──> Aggregated MetricRecord: {'eval_loss': 1.0843742930370828, 'eval_acc': 0.8114692653673163, 'client-ids': [0, 1], 'per-client-eval_acc': [0.810215557638238, 0.8164794007490637], 'per-client-eval_loss': [1.1149622918069084, 0.9621368597509262], 'per-client-num-examples': [2134, 534]}
[92mINFO [0m:      Global evaluation
[92mINFO [0m:      	└──> MetricRecord: {'loss': 1.1319069253206253, 'accuracy': 0.8105, 'f1': 0.8102135777385581, 'precision': 0.8122093684405578, 'auc': 0.9506243749999999}
[92mINFO [0m:      
[92mINFO [0m:      [ROUND 13/20]
[92mINFO [0m:      configure_train: Sampled 2 nodes (out of 2)
[36m(ClientAppActor pid=1695)[0m /usr/lib/python3.12/multiprocessing/popen_fork.py:66: DeprecationWarning: This process (pid=1695) is multi-threaded, use of fork() may lead to deadlocks in the child.[32m [repeated 2x across cluster][0m
[36m(ClientAppActor pid=1695)[0m   self.pid = os.fork()[32m [repeated 2x across cluster][0m
[92mINFO [0m:      aggregate_train: Received 2 results and 0 failures
[92mINFO [0m:      	└──> Aggregated MetricRecord: {'train_loss': 0.0339916840922201, 'train_loss_mean': 0.05967695660507757, 'client-ids': [0, 1], 'per-client-num-examples': [8532, 2133], 'per-client-train_loss': [0.02962136149242262, 0.05147297449141], 'per-client-train_loss_mean': [0.036632193525370796, 0.15185600892390463]}
[92mINFO [0m:      configure_evaluate: Sampled 2 nodes (out of 2)
[92mINFO [0m:      aggregate_evaluate: Received 2 results and 0 failures
[92mINFO [0m:      	└──> Aggregated MetricRecord: {'eval_loss': 1.3291949396548062, 'eval_acc': 0.8054722638680659, 'client-ids': [0, 1], 'per-client-eval_acc': [0.8050609184629803, 0.8071161048689138], 'per-client-eval_loss': [1.372121482892023, 1.1576495402761167], 'per-client-num-examples': [2134, 534]}
[92mINFO [0m:      Global evaluation
[92mINFO [0m:      	└──> MetricRecord: {'loss': 1.338927011668682, 'accuracy': 0.8065, 'f1': 0.8045486063396537, 'precision': 0.8040057421279636, 'auc': 0.9501666249999999}
[92mINFO [0m:      
[92mINFO [0m:      [ROUND 14/20]
[92mINFO [0m:      configure_train: Sampled 2 nodes (out of 2)
[36m(ClientAppActor pid=1695)[0m /usr/lib/python3.12/multiprocessing/popen_fork.py:66: DeprecationWarning: This process (pid=1695) is multi-threaded, use of fork() may lead to deadlocks in the child.[32m [repeated 2x across cluster][0m
[36m(ClientAppActor pid=1695)[0m   self.pid = os.fork()[32m [repeated 2x across cluster][0m
[92mINFO [0m:      aggregate_train: Received 2 results and 0 failures
[92mINFO [0m:      	└──> Aggregated MetricRecord: {'train_loss': 0.04572023526838323, 'train_loss_mean': 0.05655274746388082, 'client-ids': [0, 1], 'per-client-num-examples': [8532, 2133], 'per-client-train_loss': [0.04052947764743366, 0.0664832657521815], 'per-client-train_loss_mean': [0.032778726197054166, 0.15164883253118744]}
[92mINFO [0m:      configure_evaluate: Sampled 2 nodes (out of 2)
[92mINFO [0m:      aggregate_evaluate: Received 2 results and 0 failures
[92mINFO [0m:      	└──> Aggregated MetricRecord: {'eval_loss': 1.244373557092189, 'eval_acc': 0.7979760119940029, 'client-ids': [0, 1], 'per-client-eval_acc': [0.7952202436738519, 0.8089887640449438], 'per-client-eval_loss': [1.2925627573472713, 1.0517972399679463], 'per-client-num-examples': [2134, 534]}
[92mINFO [0m:      Global evaluation
[92mINFO [0m:      	└──> MetricRecord: {'loss': 1.26308855342865, 'accuracy': 0.788, 'f1': 0.7847980404235065, 'precision': 0.7929594429594429, 'auc': 0.9452459583333334}
[92mINFO [0m:      
[92mINFO [0m:      [ROUND 15/20]
[92mINFO [0m:      configure_train: Sampled 2 nodes (out of 2)
[36m(ClientAppActor pid=1695)[0m /usr/lib/python3.12/multiprocessing/popen_fork.py:66: DeprecationWarning: This process (pid=1695) is multi-threaded, use of fork() may lead to deadlocks in the child.[32m [repeated 2x across cluster][0m
[36m(ClientAppActor pid=1695)[0m   self.pid = os.fork()[32m [repeated 2x across cluster][0m
[92mINFO [0m:      aggregate_train: Received 2 results and 0 failures
[92mINFO [0m:      	└──> Aggregated MetricRecord: {'train_loss': 0.04411532545381038, 'train_loss_mean': 0.05898160102925199, 'client-ids': [0, 1], 'per-client-num-examples': [8532, 2133], 'per-client-train_loss': [0.03909846194559141, 0.06418277948668626], 'per-client-train_loss_mean': [0.03599275879500118, 0.15093696996625522]}
[92mINFO [0m:      configure_evaluate: Sampled 2 nodes (out of 2)
[92mINFO [0m:      aggregate_evaluate: Received 2 results and 0 failures
[92mINFO [0m:      	└──> Aggregated MetricRecord: {'eval_loss': 1.1929337458274532, 'eval_acc': 0.8178410794602697, 'client-ids': [0, 1], 'per-client-eval_acc': [0.817244611059044, 0.8202247191011236], 'per-client-eval_loss': [1.2199256799996403, 1.0850671025251182], 'per-client-num-examples': [2134, 534]}
[92mINFO [0m:      Global evaluation
[92mINFO [0m:      	└──> MetricRecord: {'loss': 1.2875774787068368, 'accuracy': 0.801, 'f1': 0.8000514836445234, 'precision': 0.7993987886256787, 'auc': 0.9491287083333333}
[92mINFO [0m:      
[92mINFO [0m:      [ROUND 16/20]
[92mINFO [0m:      configure_train: Sampled 2 nodes (out of 2)
[36m(ClientAppActor pid=1695)[0m /usr/lib/python3.12/multiprocessing/popen_fork.py:66: DeprecationWarning: This process (pid=1695) is multi-threaded, use of fork() may lead to deadlocks in the child.[32m [repeated 2x across cluster][0m
[36m(ClientAppActor pid=1695)[0m   self.pid = os.fork()[32m [repeated 2x across cluster][0m
[92mINFO [0m:      aggregate_train: Received 2 results and 0 failures
[92mINFO [0m:      	└──> Aggregated MetricRecord: {'train_loss': 0.04056086324882749, 'train_loss_mean': 0.05341116061420833, 'client-ids': [0, 1], 'per-client-num-examples': [8532, 2133], 'per-client-train_loss': [0.0362017139318376, 0.05799746051678706], 'per-client-train_loss_mean': [0.031657372423882876, 0.14042631337551012]}
[92mINFO [0m:      configure_evaluate: Sampled 2 nodes (out of 2)
[92mINFO [0m:      aggregate_evaluate: Received 2 results and 0 failures
[92mINFO [0m:      	└──> Aggregated MetricRecord: {'eval_loss': 1.1580813109785364, 'eval_acc': 0.8178410794602697, 'client-ids': [0, 1], 'per-client-eval_acc': [0.817244611059044, 0.8202247191011236], 'per-client-eval_loss': [1.183964687300935, 1.0546447471732951], 'per-client-num-examples': [2134, 534]}
[92mINFO [0m:      Global evaluation
[92mINFO [0m:      	└──> MetricRecord: {'loss': 1.2356715515851975, 'accuracy': 0.8015, 'f1': 0.7996141539627997, 'precision': 0.799212602038322, 'auc': 0.95026375}
[92mINFO [0m:      
[92mINFO [0m:      [ROUND 17/20]
[92mINFO [0m:      configure_train: Sampled 2 nodes (out of 2)
[36m(ClientAppActor pid=1695)[0m /usr/lib/python3.12/multiprocessing/popen_fork.py:66: DeprecationWarning: This process (pid=1695) is multi-threaded, use of fork() may lead to deadlocks in the child.[32m [repeated 2x across cluster][0m
[36m(ClientAppActor pid=1695)[0m   self.pid = os.fork()[32m [repeated 2x across cluster][0m
[92mINFO [0m:      aggregate_train: Received 2 results and 0 failures
[92mINFO [0m:      	└──> Aggregated MetricRecord: {'train_loss': 0.027437984580957833, 'train_loss_mean': 0.04855573305611503, 'client-ids': [0, 1], 'per-client-num-examples': [8532, 2133], 'per-client-train_loss': [0.025556291510574553, 0.03496475686249094], 'per-client-train_loss_mean': [0.027360049842219784, 0.133338465911696]}
[92mINFO [0m:      configure_evaluate: Sampled 2 nodes (out of 2)
[92mINFO [0m:      aggregate_evaluate: Received 2 results and 0 failures
[92mINFO [0m:      	└──> Aggregated MetricRecord: {'eval_loss': 1.3597305006887959, 'eval_acc': 0.8095952023988006, 'client-ids': [0, 1], 'per-client-eval_acc': [0.8069353327085286, 0.8202247191011236], 'per-client-eval_loss': [1.3960403024088923, 1.2146272855751523], 'per-client-num-examples': [2134, 534]}
[92mINFO [0m:      Global evaluation
[92mINFO [0m:      	└──> MetricRecord: {'loss': 1.4557285919785499, 'accuracy': 0.794, 'f1': 0.7932595478854563, 'precision': 0.7930609184433359, 'auc': 0.9475650833333333}
[92mINFO [0m:      
[92mINFO [0m:      [ROUND 18/20]
[92mINFO [0m:      configure_train: Sampled 2 nodes (out of 2)
[36m(ClientAppActor pid=1695)[0m /usr/lib/python3.12/multiprocessing/popen_fork.py:66: DeprecationWarning: This process (pid=1695) is multi-threaded, use of fork() may lead to deadlocks in the child.[32m [repeated 2x across cluster][0m
[36m(ClientAppActor pid=1695)[0m   self.pid = os.fork()[32m [repeated 2x across cluster][0m
[92mINFO [0m:      aggregate_train: Received 2 results and 0 failures
[92mINFO [0m:      	└──> Aggregated MetricRecord: {'train_loss': 0.02245396482318324, 'train_loss_mean': 0.047535925103271856, 'client-ids': [0, 1], 'per-client-num-examples': [8532, 2133], 'per-client-train_loss': [0.016165048678468786, 0.04760962940204105], 'per-client-train_loss_mean': [0.02594317505595442, 0.13390692529254156]}
[92mINFO [0m:      configure_evaluate: Sampled 2 nodes (out of 2)
[92mINFO [0m:      aggregate_evaluate: Received 2 results and 0 failures
[92mINFO [0m:      	└──> Aggregated MetricRecord: {'eval_loss': 1.4073056172037766, 'eval_acc': 0.8069715142428785, 'client-ids': [0, 1], 'per-client-eval_acc': [0.802717900656045, 0.8239700374531835], 'per-client-eval_loss': [1.4358140883763035, 1.2933785058139415], 'per-client-num-examples': [2134, 534]}
[92mINFO [0m:      Global evaluation
[92mINFO [0m:      	└──> MetricRecord: {'loss': 1.541604182958603, 'accuracy': 0.7965, 'f1': 0.7967234342785258, 'precision': 0.8000896611592749, 'auc': 0.9458032499999999}
[92mINFO [0m:      
[92mINFO [0m:      [ROUND 19/20]
[92mINFO [0m:      configure_train: Sampled 2 nodes (out of 2)
[36m(ClientAppActor pid=1695)[0m /usr/lib/python3.12/multiprocessing/popen_fork.py:66: DeprecationWarning: This process (pid=1695) is multi-threaded, use of fork() may lead to deadlocks in the child.[32m [repeated 2x across cluster][0m
[36m(ClientAppActor pid=1695)[0m   self.pid = os.fork()[32m [repeated 2x across cluster][0m
[92mINFO [0m:      aggregate_train: Received 2 results and 0 failures
[92mINFO [0m:      	└──> Aggregated MetricRecord: {'train_loss': 0.022158879203932773, 'train_loss_mean': 0.04413115184763548, 'client-ids': [0, 1], 'per-client-num-examples': [8532, 2133], 'per-client-train_loss': [0.014601260176543788, 0.052389355313488706], 'per-client-train_loss_mean': [0.026120917519988296, 0.11617208915822422]}
[92mINFO [0m:      configure_evaluate: Sampled 2 nodes (out of 2)
[92mINFO [0m:      aggregate_evaluate: Received 2 results and 0 failures
[92mINFO [0m:      	└──> Aggregated MetricRecord: {'eval_loss': 1.4595242488509355, 'eval_acc': 0.8118440779610194, 'client-ids': [0, 1], 'per-client-eval_acc': [0.8111527647610122, 0.8146067415730337], 'per-client-eval_loss': [1.5083437104479889, 1.2644292468881786], 'per-client-num-examples': [2134, 534]}
[92mINFO [0m:      Global evaluation
[92mINFO [0m:      	└──> MetricRecord: {'loss': 1.4941142729371786, 'accuracy': 0.804, 'f1': 0.8012382372371656, 'precision': 0.801582973427749, 'auc': 0.9502120000000001}
[92mINFO [0m:      
[92mINFO [0m:      [ROUND 20/20]
[92mINFO [0m:      configure_train: Sampled 2 nodes (out of 2)
[36m(ClientAppActor pid=1695)[0m /usr/lib/python3.12/multiprocessing/popen_fork.py:66: DeprecationWarning: This process (pid=1695) is multi-threaded, use of fork() may lead to deadlocks in the child.[32m [repeated 2x across cluster][0m
[36m(ClientAppActor pid=1695)[0m   self.pid = os.fork()[32m [repeated 2x across cluster][0m
[92mINFO [0m:      aggregate_train: Received 2 results and 0 failures
[92mINFO [0m:      	└──> Aggregated MetricRecord: {'train_loss': 0.024336072583528108, 'train_loss_mean': 0.04299358925009685, 'client-ids': [0, 1], 'per-client-num-examples': [8532, 2133], 'per-client-train_loss': [0.022940492472727197, 0.029918393026731743], 'per-client-train_loss_mean': [0.026972227359106336, 0.1070790368140589]}
[92mINFO [0m:      configure_evaluate: Sampled 2 nodes (out of 2)
[92mINFO [0m:      aggregate_evaluate: Received 2 results and 0 failures
[92mINFO [0m:      	└──> Aggregated MetricRecord: {'eval_loss': 1.6510604250019993, 'eval_acc': 0.8088455772113943, 'client-ids': [0, 1], 'per-client-eval_acc': [0.8050609184629803, 0.8239700374531835], 'per-client-eval_loss': [1.716973632322703, 1.387654461664207], 'per-client-num-examples': [2134, 534]}
[92mINFO [0m:      Global evaluation
[92mINFO [0m:      	└──> MetricRecord: {'loss': 1.6787122368812561, 'accuracy': 0.791, 'f1': 0.7876234123615531, 'precision': 0.788919209789179, 'auc': 0.9434315}
[92mINFO [0m:      
[92mINFO [0m:      Strategy execution finished in 305.30s
[92mINFO [0m:      
[92mINFO [0m:      Final results:
[92mINFO [0m:      
[92mINFO [0m:      	Global Arrays:
[92mINFO [0m:      		ArrayRecord (0.866 MB)
[92mINFO [0m:      	
[92mINFO [0m:      	Aggregated ClientApp-side Train Metrics:
[92mINFO [0m:      	{ 1: { 'client-ids': "['0', '1']",
[92mINFO [0m:      	       'per-client-num-examples': "['8532', '2133']",
[92mINFO [0m:      	       'per-client-train_loss': "['6.6444e-01', '8.6303e-01']",
[92mINFO [0m:      	       'per-client-train_loss_mean': "['8.4153e-01', '1.0651e+00']",
[92mINFO [0m:      	       'train_loss': '7.0416e-01',
[92mINFO [0m:      	       'train_loss_mean': '8.8624e-01'},
[92mINFO [0m:      	  2: { 'client-ids': "['0', '1']",
[92mINFO [0m:      	       'per-client-num-examples': "['8532', '2133']",
[92mINFO [0m:      	       'per-client-train_loss': "['4.6411e-01', '5.5106e-01']",
[92mINFO [0m:      	       'per-client-train_loss_mean': "['5.4561e-01', '6.1031e-01']",
[92mINFO [0m:      	       'train_loss': '4.8150e-01',
[92mINFO [0m:      	       'train_loss_mean': '5.5855e-01'},
[92mINFO [0m:      	  3: { 'client-ids': "['0', '1']",
[92mINFO [0m:      	       'per-client-num-examples': "['8532', '2133']",
[92mINFO [0m:      	       'per-client-train_loss': "['3.1458e-01', '3.4897e-01']",
[92mINFO [0m:      	       'per-client-train_loss_mean': "['3.7817e-01', '4.4231e-01']",
[92mINFO [0m:      	       'train_loss': '3.2145e-01',
[92mINFO [0m:      	       'train_loss_mean': '3.9100e-01'},
[92mINFO [0m:      	  4: { 'client-ids': "['0', '1']",
[92mINFO [0m:      	       'per-client-num-examples': "['8532', '2133']",
[92mINFO [0m:      	       'per-client-train_loss': "['1.9331e-01', '2.5118e-01']",
[92mINFO [0m:      	       'per-client-train_loss_mean': "['2.4137e-01', '3.5429e-01']",
[92mINFO [0m:      	       'train_loss': '2.0488e-01',
[92mINFO [0m:      	       'train_loss_mean': '2.6395e-01'},
[92mINFO [0m:      	  5: { 'client-ids': "['0', '1']",
[92mINFO [0m:      	       'per-client-num-examples': "['8532', '2133']",
[92mINFO [0m:      	       'per-client-train_loss': "['1.2049e-01', '1.4941e-01']",
[92mINFO [0m:      	       'per-client-train_loss_mean': "['1.4780e-01', '2.9511e-01']",
[92mINFO [0m:      	       'train_loss': '1.2628e-01',
[92mINFO [0m:      	       'train_loss_mean': '1.7726e-01'},
[92mINFO [0m:      	  6: { 'client-ids': "['0', '1']",
[92mINFO [0m:      	       'per-client-num-examples': "['8532', '2133']",
[92mINFO [0m:      	       'per-client-train_loss': "['7.3427e-02', '1.1161e-01']",
[92mINFO [0m:      	       'per-client-train_loss_mean': "['1.0055e-01', '2.5821e-01']",
[92mINFO [0m:      	       'train_loss': '8.1063e-02',
[92mINFO [0m:      	       'train_loss_mean': '1.3208e-01'},
[92mINFO [0m:      	  7: { 'client-ids': "['0', '1']",
[92mINFO [0m:      	       'per-client-num-examples': "['8532', '2133']",
[92mINFO [0m:      	       'per-client-train_loss': "['8.6689e-02', '1.0055e-01']",
[92mINFO [0m:      	       'per-client-train_loss_mean': "['7.8081e-02', '2.4676e-01']",
[92mINFO [0m:      	       'train_loss': '8.9461e-02',
[92mINFO [0m:      	       'train_loss_mean': '1.1182e-01'},
[92mINFO [0m:      	  8: { 'client-ids': "['0', '1']",
[92mINFO [0m:      	       'per-client-num-examples': "['8532', '2133']",
[92mINFO [0m:      	       'per-client-train_loss': "['5.4363e-02', '7.3475e-02']",
[92mINFO [0m:      	       'per-client-train_loss_mean': "['6.2830e-02', '2.1427e-01']",
[92mINFO [0m:      	       'train_loss': '5.8185e-02',
[92mINFO [0m:      	       'train_loss_mean': '9.3118e-02'},
[92mINFO [0m:      	  9: { 'client-ids': "['0', '1']",
[92mINFO [0m:      	       'per-client-num-examples': "['8532', '2133']",
[92mINFO [0m:      	       'per-client-train_loss': "['5.6984e-02', '6.3157e-02']",
[92mINFO [0m:      	       'per-client-train_loss_mean': "['5.1293e-02', '2.1098e-01']",
[92mINFO [0m:      	       'train_loss': '5.8218e-02',
[92mINFO [0m:      	       'train_loss_mean': '8.3230e-02'},
[92mINFO [0m:      	  10: { 'client-ids': "['0', '1']",
[92mINFO [0m:      	        'per-client-num-examples': "['8532', '2133']",
[92mINFO [0m:      	        'per-client-train_loss': "['5.6068e-02', '6.6383e-02']",
[92mINFO [0m:      	        'per-client-train_loss_mean': "['5.0176e-02', '1.8833e-01']",
[92mINFO [0m:      	        'train_loss': '5.8131e-02',
[92mINFO [0m:      	        'train_loss_mean': '7.7807e-02'},
[92mINFO [0m:      	  11: { 'client-ids': "['0', '1']",
[92mINFO [0m:      	        'per-client-num-examples': "['8532', '2133']",
[92mINFO [0m:      	        'per-client-train_loss': "['2.8948e-02', '5.7615e-02']",
[92mINFO [0m:      	        'per-client-train_loss_mean': "['4.2776e-02', '1.8603e-01']",
[92mINFO [0m:      	        'train_loss': '3.4681e-02',
[92mINFO [0m:      	        'train_loss_mean': '7.1426e-02'},
[92mINFO [0m:      	  12: { 'client-ids': "['0', '1']",
[92mINFO [0m:      	        'per-client-num-examples': "['8532', '2133']",
[92mINFO [0m:      	        'per-client-train_loss': "['5.1846e-02', '5.8005e-02']",
[92mINFO [0m:      	        'per-client-train_loss_mean': "['4.1393e-02', '1.7160e-01']",
[92mINFO [0m:      	        'train_loss': '5.3078e-02',
[92mINFO [0m:      	        'train_loss_mean': '6.7434e-02'},
[92mINFO [0m:      	  13: { 'client-ids': "['0', '1']",
[92mINFO [0m:      	        'per-client-num-examples': "['8532', '2133']",
[92mINFO [0m:      	        'per-client-train_loss': "['2.9621e-02', '5.1473e-02']",
[92mINFO [0m:      	        'per-client-train_loss_mean': "['3.6632e-02', '1.5186e-01']",
[92mINFO [0m:      	        'train_loss': '3.3992e-02',
[92mINFO [0m:      	        'train_loss_mean': '5.9677e-02'},
[92mINFO [0m:      	  14: { 'client-ids': "['0', '1']",
[92mINFO [0m:      	        'per-client-num-examples': "['8532', '2133']",
[92mINFO [0m:      	        'per-client-train_loss': "['4.0529e-02', '6.6483e-02']",
[92mINFO [0m:      	        'per-client-train_loss_mean': "['3.2779e-02', '1.5165e-01']",
[92mINFO [0m:      	        'train_loss': '4.5720e-02',
[92mINFO [0m:      	        'train_loss_mean': '5.6553e-02'},
[92mINFO [0m:      	  15: { 'client-ids': "['0', '1']",
[92mINFO [0m:      	        'per-client-num-examples': "['8532', '2133']",
[92mINFO [0m:      	        'per-client-train_loss': "['3.9098e-02', '6.4183e-02']",
[92mINFO [0m:      	        'per-client-train_loss_mean': "['3.5993e-02', '1.5094e-01']",
[92mINFO [0m:      	        'train_loss': '4.4115e-02',
[92mINFO [0m:      	        'train_loss_mean': '5.8982e-02'},
[92mINFO [0m:      	  16: { 'client-ids': "['0', '1']",
[92mINFO [0m:      	        'per-client-num-examples': "['8532', '2133']",
[92mINFO [0m:      	        'per-client-train_loss': "['3.6202e-02', '5.7997e-02']",
[92mINFO [0m:      	        'per-client-train_loss_mean': "['3.1657e-02', '1.4043e-01']",
[92mINFO [0m:      	        'train_loss': '4.0561e-02',
[92mINFO [0m:      	        'train_loss_mean': '5.3411e-02'},
[92mINFO [0m:      	  17: { 'client-ids': "['0', '1']",
[92mINFO [0m:      	        'per-client-num-examples': "['8532', '2133']",
[92mINFO [0m:      	        'per-client-train_loss': "['2.5556e-02', '3.4965e-02']",
[92mINFO [0m:      	        'per-client-train_loss_mean': "['2.7360e-02', '1.3334e-01']",
[92mINFO [0m:      	        'train_loss': '2.7438e-02',
[92mINFO [0m:      	        'train_loss_mean': '4.8556e-02'},
[92mINFO [0m:      	  18: { 'client-ids': "['0', '1']",
[92mINFO [0m:      	        'per-client-num-examples': "['8532', '2133']",
[92mINFO [0m:      	        'per-client-train_loss': "['1.6165e-02', '4.7610e-02']",
[92mINFO [0m:      	        'per-client-train_loss_mean': "['2.5943e-02', '1.3391e-01']",
[92mINFO [0m:      	        'train_loss': '2.2454e-02',
[92mINFO [0m:      	        'train_loss_mean': '4.7536e-02'},
[92mINFO [0m:      	  19: { 'client-ids': "['0', '1']",
[92mINFO [0m:      	        'per-client-num-examples': "['8532', '2133']",
[92mINFO [0m:      	        'per-client-train_loss': "['1.4601e-02', '5.2389e-02']",
[92mINFO [0m:      	        'per-client-train_loss_mean': "['2.6121e-02', '1.1617e-01']",
[92mINFO [0m:      	        'train_loss': '2.2159e-02',
[92mINFO [0m:      	        'train_loss_mean': '4.4131e-02'},
[92mINFO [0m:      	  20: { 'client-ids': "['0', '1']",
[92mINFO [0m:      	        'per-client-num-examples': "['8532', '2133']",
[92mINFO [0m:      	        'per-client-train_loss': "['2.2940e-02', '2.9918e-02']",
[92mINFO [0m:      	        'per-client-train_loss_mean': "['2.6972e-02', '1.0708e-01']",
[92mINFO [0m:      	        'train_loss': '2.4336e-02',
[92mINFO [0m:      	        'train_loss_mean': '4.2994e-02'}}
[92mINFO [0m:      	
[92mINFO [0m:      	Aggregated ClientApp-side Evaluate Metrics:
[92mINFO [0m:      	{ 1: { 'client-ids': "['0', '1']",
[92mINFO [0m:      	       'eval_acc': '7.4513e-01',
[92mINFO [0m:      	       'eval_loss': '7.5921e-01',
[92mINFO [0m:      	       'per-client-eval_acc': "['7.4414e-01', '7.4906e-01']",
[92mINFO [0m:      	       'per-client-eval_loss': "['7.6045e-01', '7.5425e-01']",
[92mINFO [0m:      	       'per-client-num-examples': "['2134', '534']"},
[92mINFO [0m:      	  2: { 'client-ids': "['0', '1']",
[92mINFO [0m:      	       'eval_acc': '8.0435e-01',
[92mINFO [0m:      	       'eval_loss': '5.1757e-01',
[92mINFO [0m:      	       'per-client-eval_acc': "['8.0600e-01', '7.9775e-01']",
[92mINFO [0m:      	       'per-client-eval_loss': "['5.1876e-01', '5.1280e-01']",
[92mINFO [0m:      	       'per-client-num-examples': "['2134', '534']"},
[92mINFO [0m:      	  3: { 'client-ids': "['0', '1']",
[92mINFO [0m:      	       'eval_acc': '8.1222e-01',
[92mINFO [0m:      	       'eval_loss': '5.4125e-01',
[92mINFO [0m:      	       'per-client-eval_acc': "['8.1350e-01', '8.0712e-01']",
[92mINFO [0m:      	       'per-client-eval_loss': "['5.3521e-01', '5.6540e-01']",
[92mINFO [0m:      	       'per-client-num-examples': "['2134', '534']"},
[92mINFO [0m:      	  4: { 'client-ids': "['0', '1']",
[92mINFO [0m:      	       'eval_acc': '8.2346e-01',
[92mINFO [0m:      	       'eval_loss': '5.6989e-01',
[92mINFO [0m:      	       'per-client-eval_acc': "['8.2568e-01', '8.1461e-01']",
[92mINFO [0m:      	       'per-client-eval_loss': "['5.6022e-01', '6.0855e-01']",
[92mINFO [0m:      	       'per-client-num-examples': "['2134', '534']"},
[92mINFO [0m:      	  5: { 'client-ids': "['0', '1']",
[92mINFO [0m:      	       'eval_acc': '8.1372e-01',
[92mINFO [0m:      	       'eval_loss': '7.0560e-01',
[92mINFO [0m:      	       'per-client-eval_acc': "['8.1818e-01', '7.9588e-01']",
[92mINFO [0m:      	       'per-client-eval_loss': "['7.0413e-01', '7.1149e-01']",
[92mINFO [0m:      	       'per-client-num-examples': "['2134', '534']"},
[92mINFO [0m:      	  6: { 'client-ids': "['0', '1']",
[92mINFO [0m:      	       'eval_acc': '8.1034e-01',
[92mINFO [0m:      	       'eval_loss': '8.5739e-01',
[92mINFO [0m:      	       'per-client-eval_acc': "['8.0928e-01', '8.1461e-01']",
[92mINFO [0m:      	       'per-client-eval_loss': "['8.5886e-01', '8.5148e-01']",
[92mINFO [0m:      	       'per-client-num-examples': "['2134', '534']"},
[92mINFO [0m:      	  7: { 'client-ids': "['0', '1']",
[92mINFO [0m:      	       'eval_acc': '8.0247e-01',
[92mINFO [0m:      	       'eval_loss': '9.0862e-01',
[92mINFO [0m:      	       'per-client-eval_acc': "['8.0084e-01', '8.0899e-01']",
[92mINFO [0m:      	       'per-client-eval_loss': "['9.1612e-01', '8.7864e-01']",
[92mINFO [0m:      	       'per-client-num-examples': "['2134', '534']"},
[92mINFO [0m:      	  8: { 'client-ids': "['0', '1']",
[92mINFO [0m:      	       'eval_acc': '8.0435e-01',
[92mINFO [0m:      	       'eval_loss': '9.5591e-01',
[92mINFO [0m:      	       'per-client-eval_acc': "['8.0600e-01', '7.9775e-01']",
[92mINFO [0m:      	       'per-client-eval_loss': "['9.7521e-01', '8.7877e-01']",
[92mINFO [0m:      	       'per-client-num-examples': "['2134', '534']"},
[92mINFO [0m:      	  9: { 'client-ids': "['0', '1']",
[92mINFO [0m:      	       'eval_acc': '8.0922e-01',
[92mINFO [0m:      	       'eval_loss': '1.0717e+00',
[92mINFO [0m:      	       'per-client-eval_acc': "['8.0881e-01', '8.1086e-01']",
[92mINFO [0m:      	       'per-client-eval_loss': "['1.0851e+00', '1.0179e+00']",
[92mINFO [0m:      	       'per-client-num-examples': "['2134', '534']"},
[92mINFO [0m:      	  10: { 'client-ids': "['0', '1']",
[92mINFO [0m:      	        'eval_acc': '8.0997e-01',
[92mINFO [0m:      	        'eval_loss': '1.0308e+00',
[92mINFO [0m:      	        'per-client-eval_acc': "['8.1162e-01', '8.0337e-01']",
[92mINFO [0m:      	        'per-client-eval_loss': "['1.0415e+00', '9.8816e-01']",
[92mINFO [0m:      	        'per-client-num-examples': "['2134', '534']"},
[92mINFO [0m:      	  11: { 'client-ids': "['0', '1']",
[92mINFO [0m:      	        'eval_acc': '8.2159e-01',
[92mINFO [0m:      	        'eval_loss': '1.1118e+00',
[92mINFO [0m:      	        'per-client-eval_acc': "['8.2287e-01', '8.1648e-01']",
[92mINFO [0m:      	        'per-client-eval_loss': "['1.1196e+00', '1.0805e+00']",
[92mINFO [0m:      	        'per-client-num-examples': "['2134', '534']"},
[92mINFO [0m:      	  12: { 'client-ids': "['0', '1']",
[92mINFO [0m:      	        'eval_acc': '8.1147e-01',
[92mINFO [0m:      	        'eval_loss': '1.0844e+00',
[92mINFO [0m:      	        'per-client-eval_acc': "['8.1022e-01', '8.1648e-01']",
[92mINFO [0m:      	        'per-client-eval_loss': "['1.1150e+00', '9.6214e-01']",
[92mINFO [0m:      	        'per-client-num-examples': "['2134', '534']"},
[92mINFO [0m:      	  13: { 'client-ids': "['0', '1']",
[92mINFO [0m:      	        'eval_acc': '8.0547e-01',
[92mINFO [0m:      	        'eval_loss': '1.3292e+00',
[92mINFO [0m:      	        'per-client-eval_acc': "['8.0506e-01', '8.0712e-01']",
[92mINFO [0m:      	        'per-client-eval_loss': "['1.3721e+00', '1.1576e+00']",
[92mINFO [0m:      	        'per-client-num-examples': "['2134', '534']"},
[92mINFO [0m:      	  14: { 'client-ids': "['0', '1']",
[92mINFO [0m:      	        'eval_acc': '7.9798e-01',
[92mINFO [0m:      	        'eval_loss': '1.2444e+00',
[92mINFO [0m:      	        'per-client-eval_acc': "['7.9522e-01', '8.0899e-01']",
[92mINFO [0m:      	        'per-client-eval_loss': "['1.2926e+00', '1.0518e+00']",
[92mINFO [0m:      	        'per-client-num-examples': "['2134', '534']"},
[92mINFO [0m:      	  15: { 'client-ids': "['0', '1']",
[92mINFO [0m:      	        'eval_acc': '8.1784e-01',
[92mINFO [0m:      	        'eval_loss': '1.1929e+00',
[92mINFO [0m:      	        'per-client-eval_acc': "['8.1724e-01', '8.2022e-01']",
[92mINFO [0m:      	        'per-client-eval_loss': "['1.2199e+00', '1.0851e+00']",
[92mINFO [0m:      	        'per-client-num-examples': "['2134', '534']"},
[92mINFO [0m:      	  16: { 'client-ids': "['0', '1']",
[92mINFO [0m:      	        'eval_acc': '8.1784e-01',
[92mINFO [0m:      	        'eval_loss': '1.1581e+00',
[92mINFO [0m:      	        'per-client-eval_acc': "['8.1724e-01', '8.2022e-01']",
[92mINFO [0m:      	        'per-client-eval_loss': "['1.1840e+00', '1.0546e+00']",
[92mINFO [0m:      	        'per-client-num-examples': "['2134', '534']"},
[92mINFO [0m:      	  17: { 'client-ids': "['0', '1']",
[92mINFO [0m:      	        'eval_acc': '8.0960e-01',
[92mINFO [0m:      	        'eval_loss': '1.3597e+00',
[92mINFO [0m:      	        'per-client-eval_acc': "['8.0694e-01', '8.2022e-01']",
[92mINFO [0m:      	        'per-client-eval_loss': "['1.3960e+00', '1.2146e+00']",
[92mINFO [0m:      	        'per-client-num-examples': "['2134', '534']"},
[92mINFO [0m:      	  18: { 'client-ids': "['0', '1']",
[92mINFO [0m:      	        'eval_acc': '8.0697e-01',
[92mINFO [0m:      	        'eval_loss': '1.4073e+00',
[92mINFO [0m:      	        'per-client-eval_acc': "['8.0272e-01', '8.2397e-01']",
[92mINFO [0m:      	        'per-client-eval_loss': "['1.4358e+00', '1.2934e+00']",
[92mINFO [0m:      	        'per-client-num-examples': "['2134', '534']"},
[92mINFO [0m:      	  19: { 'client-ids': "['0', '1']",
[92mINFO [0m:      	        'eval_acc': '8.1184e-01',
[92mINFO [0m:      	        'eval_loss': '1.4595e+00',
[92mINFO [0m:      	        'per-client-eval_acc': "['8.1115e-01', '8.1461e-01']",
[92mINFO [0m:      	        'per-client-eval_loss': "['1.5083e+00', '1.2644e+00']",
[92mINFO [0m:      	        'per-client-num-examples': "['2134', '534']"},
[92mINFO [0m:      	  20: { 'client-ids': "['0', '1']",
[92mINFO [0m:      	        'eval_acc': '8.0885e-01',
[92mINFO [0m:      	        'eval_loss': '1.6511e+00',
[92mINFO [0m:      	        'per-client-eval_acc': "['8.0506e-01', '8.2397e-01']",
[92mINFO [0m:      	        'per-client-eval_loss': "['1.7170e+00', '1.3877e+00']",
[92mINFO [0m:      	        'per-client-num-examples': "['2134', '534']"}}
[92mINFO [0m:      	
[92mINFO [0m:      	ServerApp-side Evaluate Metrics:
[92mINFO [0m:      	{ 0: { 'accuracy': '2.5000e-01',
[92mINFO [0m:      	       'auc': '5.1740e-01',
[92mINFO [0m:      	       'f1': '1.0000e-01',
[92mINFO [0m:      	       'loss': '1.3919e+00',
[92mINFO [0m:      	       'precision': '6.2500e-02'},
[92mINFO [0m:      	  1: { 'accuracy': '7.3100e-01',
[92mINFO [0m:      	       'auc': '9.1865e-01',
[92mINFO [0m:      	       'f1': '7.1993e-01',
[92mINFO [0m:      	       'loss': '7.7174e-01',
[92mINFO [0m:      	       'precision': '7.3209e-01'},
[92mINFO [0m:      	  2: { 'accuracy': '7.8650e-01',
[92mINFO [0m:      	       'auc': '9.4842e-01',
[92mINFO [0m:      	       'f1': '7.8135e-01',
[92mINFO [0m:      	       'loss': '5.5374e-01',
[92mINFO [0m:      	       'precision': '7.9107e-01'},
[92mINFO [0m:      	  3: { 'accuracy': '8.1050e-01',
[92mINFO [0m:      	       'auc': '9.5694e-01',
[92mINFO [0m:      	       'f1': '8.0963e-01',
[92mINFO [0m:      	       'loss': '5.4455e-01',
[92mINFO [0m:      	       'precision': '8.1156e-01'},
[92mINFO [0m:      	  4: { 'accuracy': '8.2000e-01',
[92mINFO [0m:      	       'auc': '9.5907e-01',
[92mINFO [0m:      	       'f1': '8.1964e-01',
[92mINFO [0m:      	       'loss': '5.7561e-01',
[92mINFO [0m:      	       'precision': '8.2012e-01'},
[92mINFO [0m:      	  5: { 'accuracy': '8.1150e-01',
[92mINFO [0m:      	       'auc': '9.5192e-01',
[92mINFO [0m:      	       'f1': '8.1129e-01',
[92mINFO [0m:      	       'loss': '7.4403e-01',
[92mINFO [0m:      	       'precision': '8.1116e-01'},
[92mINFO [0m:      	  6: { 'accuracy': '8.1050e-01',
[92mINFO [0m:      	       'auc': '9.5105e-01',
[92mINFO [0m:      	       'f1': '8.1023e-01',
[92mINFO [0m:      	       'loss': '8.9158e-01',
[92mINFO [0m:      	       'precision': '8.1083e-01'},
[92mINFO [0m:      	  7: { 'accuracy': '8.0800e-01',
[92mINFO [0m:      	       'auc': '9.4820e-01',
[92mINFO [0m:      	       'f1': '8.0545e-01',
[92mINFO [0m:      	       'loss': '9.5795e-01',
[92mINFO [0m:      	       'precision': '8.0691e-01'},
[92mINFO [0m:      	  8: { 'accuracy': '8.1000e-01',
[92mINFO [0m:      	       'auc': '9.4887e-01',
[92mINFO [0m:      	       'f1': '8.0746e-01',
[92mINFO [0m:      	       'loss': '9.6389e-01',
[92mINFO [0m:      	       'precision': '8.0898e-01'},
[92mINFO [0m:      	  9: { 'accuracy': '7.9250e-01',
[92mINFO [0m:      	       'auc': '9.4398e-01',
[92mINFO [0m:      	       'f1': '7.9069e-01',
[92mINFO [0m:      	       'loss': '1.1602e+00',
[92mINFO [0m:      	       'precision': '7.9360e-01'},
[92mINFO [0m:      	  10: { 'accuracy': '7.8900e-01',
[92mINFO [0m:      	        'auc': '9.4588e-01',
[92mINFO [0m:      	        'f1': '7.8699e-01',
[92mINFO [0m:      	        'loss': '1.1036e+00',
[92mINFO [0m:      	        'precision': '7.8688e-01'},
[92mINFO [0m:      	  11: { 'accuracy': '8.1200e-01',
[92mINFO [0m:      	        'auc': '9.4979e-01',
[92mINFO [0m:      	        'f1': '8.1087e-01',
[92mINFO [0m:      	        'loss': '1.1982e+00',
[92mINFO [0m:      	        'precision': '8.1170e-01'},
[92mINFO [0m:      	  12: { 'accuracy': '8.1050e-01',
[92mINFO [0m:      	        'auc': '9.5062e-01',
[92mINFO [0m:      	        'f1': '8.1021e-01',
[92mINFO [0m:      	        'loss': '1.1319e+00',
[92mINFO [0m:      	        'precision': '8.1221e-01'},
[92mINFO [0m:      	  13: { 'accuracy': '8.0650e-01',
[92mINFO [0m:      	        'auc': '9.5017e-01',
[92mINFO [0m:      	        'f1': '8.0455e-01',
[92mINFO [0m:      	        'loss': '1.3389e+00',
[92mINFO [0m:      	        'precision': '8.0401e-01'},
[92mINFO [0m:      	  14: { 'accuracy': '7.8800e-01',
[92mINFO [0m:      	        'auc': '9.4525e-01',
[92mINFO [0m:      	        'f1': '7.8480e-01',
[92mINFO [0m:      	        'loss': '1.2631e+00',
[92mINFO [0m:      	        'precision': '7.9296e-01'},
[92mINFO [0m:      	  15: { 'accuracy': '8.0100e-01',
[92mINFO [0m:      	        'auc': '9.4913e-01',
[92mINFO [0m:      	        'f1': '8.0005e-01',
[92mINFO [0m:      	        'loss': '1.2876e+00',
[92mINFO [0m:      	        'precision': '7.9940e-01'},
[92mINFO [0m:      	  16: { 'accuracy': '8.0150e-01',
[92mINFO [0m:      	        'auc': '9.5026e-01',
[92mINFO [0m:      	        'f1': '7.9961e-01',
[92mINFO [0m:      	        'loss': '1.2357e+00',
[92mINFO [0m:      	        'precision': '7.9921e-01'},
[92mINFO [0m:      	  17: { 'accuracy': '7.9400e-01',
[92mINFO [0m:      	        'auc': '9.4757e-01',
[92mINFO [0m:      	        'f1': '7.9326e-01',
[92mINFO [0m:      	        'loss': '1.4557e+00',
[92mINFO [0m:      	        'precision': '7.9306e-01'},
[92mINFO [0m:      	  18: { 'accuracy': '7.9650e-01',
[92mINFO [0m:      	        'auc': '9.4580e-01',
[92mINFO [0m:      	        'f1': '7.9672e-01',
[92mINFO [0m:      	        'loss': '1.5416e+00',
[92mINFO [0m:      	        'precision': '8.0009e-01'},
[92mINFO [0m:      	  19: { 'accuracy': '8.0400e-01',
[92mINFO [0m:      	        'auc': '9.5021e-01',
[92mINFO [0m:      	        'f1': '8.0124e-01',
[92mINFO [0m:      	        'loss': '1.4941e+00',
[92mINFO [0m:      	        'precision': '8.0158e-01'},
[92mINFO [0m:      	  20: { 'accuracy': '7.9100e-01',
[92mINFO [0m:      	        'auc': '9.4343e-01',
[92mINFO [0m:      	        'f1': '7.8762e-01',
[92mINFO [0m:      	        'loss': '1.6787e+00',
[92mINFO [0m:      	        'precision': '7.8892e-01'}}
[92mINFO [0m:      
Round 1 checkpoint written to /content/metricdp-pytorch/results/planned_runs/cifar/max_records/seed-43-vanilla/runs/cifar-max-records-out-remove__non-iid__vanilla__fedavg__clients-2__seed-43__nm0p01__clip5__rounds-20__epochs-5__cifar_chunks__cifar10_cnn.round-1.pt
Round 2 checkpoint written to /content/metricdp-pytorch/results/planned_runs/cifar/max_records/seed-43-vanilla/runs/cifar-max-records-out-remove__non-iid__vanilla__fedavg__clients-2__seed-43__nm0p01__clip5__rounds-20__epochs-5__cifar_chunks__cifar10_cnn.round-2.pt
Round 3 checkpoint written to /content/metricdp-pytorch/results/planned_runs/cifar/max_records/seed-43-vanilla/runs/cifar-max-records-out-remove__non-iid__vanilla__fedavg__clients-2__seed-43__nm0p01__clip5__rounds-20__epochs-5__cifar_chunks__cifar10_cnn.round-3.pt
Round 4 checkpoint written to /content/metricdp-pytorch/results/planned_runs/cifar/max_records/seed-43-vanilla/runs/cifar-max-records-out-remove__non-iid__vanilla__fedavg__clients-2__seed-43__nm0p01__clip5__rounds-20__epochs-5__cifar_chunks__cifar10_cnn.round-4.pt
Round 5 checkpoint written to /content/metricdp-pytorch/results/planned_runs/cifar/max_records/seed-43-vanilla/runs/cifar-max-records-out-remove__non-iid__vanilla__fedavg__clients-2__seed-43__nm0p01__clip5__rounds-20__epochs-5__cifar_chunks__cifar10_cnn.round-5.pt
Round 6 checkpoint written to /content/metricdp-pytorch/results/planned_runs/cifar/max_records/seed-43-vanilla/runs/cifar-max-records-out-remove__non-iid__vanilla__fedavg__clients-2__seed-43__nm0p01__clip5__rounds-20__epochs-5__cifar_chunks__cifar10_cnn.round-6.pt
Round 7 checkpoint written to /content/metricdp-pytorch/results/planned_runs/cifar/max_records/seed-43-vanilla/runs/cifar-max-records-out-remove__non-iid__vanilla__fedavg__clients-2__seed-43__nm0p01__clip5__rounds-20__epochs-5__cifar_chunks__cifar10_cnn.round-7.pt
Round 8 checkpoint written to /content/metricdp-pytorch/results/planned_runs/cifar/max_records/seed-43-vanilla/runs/cifar-max-records-out-remove__non-iid__vanilla__fedavg__clients-2__seed-43__nm0p01__clip5__rounds-20__epochs-5__cifar_chunks__cifar10_cnn.round-8.pt
Round 9 checkpoint written to /content/metricdp-pytorch/results/planned_runs/cifar/max_records/seed-43-vanilla/runs/cifar-max-records-out-remove__non-iid__vanilla__fedavg__clients-2__seed-43__nm0p01__clip5__rounds-20__epochs-5__cifar_chunks__cifar10_cnn.round-9.pt
Round 10 checkpoint written to /content/metricdp-pytorch/results/planned_runs/cifar/max_records/seed-43-vanilla/runs/cifar-max-records-out-remove__non-iid__vanilla__fedavg__clients-2__seed-43__nm0p01__clip5__rounds-20__epochs-5__cifar_chunks__cifar10_cnn.round-10.pt
Round 11 checkpoint written to /content/metricdp-pytorch/results/planned_runs/cifar/max_records/seed-43-vanilla/runs/cifar-max-records-out-remove__non-iid__vanilla__fedavg__clients-2__seed-43__nm0p01__clip5__rounds-20__epochs-5__cifar_chunks__cifar10_cnn.round-11.pt
Round 12 checkpoint written to /content/metricdp-pytorch/results/planned_runs/cifar/max_records/seed-43-vanilla/runs/cifar-max-records-out-remove__non-iid__vanilla__fedavg__clients-2__seed-43__nm0p01__clip5__rounds-20__epochs-5__cifar_chunks__cifar10_cnn.round-12.pt
Round 13 checkpoint written to /content/metricdp-pytorch/results/planned_runs/cifar/max_records/seed-43-vanilla/runs/cifar-max-records-out-remove__non-iid__vanilla__fedavg__clients-2__seed-43__nm0p01__clip5__rounds-20__epochs-5__cifar_chunks__cifar10_cnn.round-13.pt
Round 14 checkpoint written to /content/metricdp-pytorch/results/planned_runs/cifar/max_records/seed-43-vanilla/runs/cifar-max-records-out-remove__non-iid__vanilla__fedavg__clients-2__seed-43__nm0p01__clip5__rounds-20__epochs-5__cifar_chunks__cifar10_cnn.round-14.pt
Round 15 checkpoint written to /content/metricdp-pytorch/results/planned_runs/cifar/max_records/seed-43-vanilla/runs/cifar-max-records-out-remove__non-iid__vanilla__fedavg__clients-2__seed-43__nm0p01__clip5__rounds-20__epochs-5__cifar_chunks__cifar10_cnn.round-15.pt
Round 16 checkpoint written to /content/metricdp-pytorch/results/planned_runs/cifar/max_records/seed-43-vanilla/runs/cifar-max-records-out-remove__non-iid__vanilla__fedavg__clients-2__seed-43__nm0p01__clip5__rounds-20__epochs-5__cifar_chunks__cifar10_cnn.round-16.pt
Round 17 checkpoint written to /content/metricdp-pytorch/results/planned_runs/cifar/max_records/seed-43-vanilla/runs/cifar-max-records-out-remove__non-iid__vanilla__fedavg__clients-2__seed-43__nm0p01__clip5__rounds-20__epochs-5__cifar_chunks__cifar10_cnn.round-17.pt
Round 18 checkpoint written to /content/metricdp-pytorch/results/planned_runs/cifar/max_records/seed-43-vanilla/runs/cifar-max-records-out-remove__non-iid__vanilla__fedavg__clients-2__seed-43__nm0p01__clip5__rounds-20__epochs-5__cifar_chunks__cifar10_cnn.round-18.pt
Round 19 checkpoint written to /content/metricdp-pytorch/results/planned_runs/cifar/max_records/seed-43-vanilla/runs/cifar-max-records-out-remove__non-iid__vanilla__fedavg__clients-2__seed-43__nm0p01__clip5__rounds-20__epochs-5__cifar_chunks__cifar10_cnn.round-19.pt
Round 20 checkpoint written to /content/metricdp-pytorch/results/planned_runs/cifar/max_records/seed-43-vanilla/runs/cifar-max-records-out-remove__non-iid__vanilla__fedavg__clients-2__seed-43__nm0p01__clip5__rounds-20__epochs-5__cifar_chunks__cifar10_cnn.round-20.pt
Experiment result written to /content/metricdp-pytorch/results/planned_runs/cifar/max_records/seed-43-vanilla/runs/cifar-max-records-out-remove__non-iid__vanilla__fedavg__clients-2__seed-43__nm0p01__clip5__rounds-20__epochs-5__cifar_chunks__cifar10_cnn.json
/usr/lib/python3.12/multiprocessing/popen_fork.py:66: DeprecationWarning: This process (pid=1147) is multi-threaded, use of fork() may lead to deadlocks in the child.
  self.pid = os.fork()
[36m(ClientAppActor pid=1694)[0m /usr/lib/python3.12/multiprocessing/popen_fork.py:66: DeprecationWarning: This process (pid=1694) is multi-threaded, use of fork() may lead to deadlocks in the child.
[36m(ClientAppActor pid=1694)[0m   self.pid = os.fork()
Detailed evaluation written to /content/metricdp-pytorch/results/planned_runs/cifar/max_records/seed-43-vanilla/runs/cifar-max-records-out-remove__non-iid__vanilla__fedavg__clients-2__seed-43__nm0p01__clip5__rounds-20__epochs-5__cifar_chunks__cifar10_cnn.evaluation.json and /content/metricdp-pytorch/results/planned_runs/cifar/max_records/seed-43-vanilla/runs/cifar-max-records-out-remove__non-iid__vanilla__fedavg__clients-2__seed-43__nm0p01__clip5__rounds-20__epochs-5__cifar_chunks__cifar10_cnn.predictions.npz
Result: /content/metricdp-pytorch/results/planned_runs/cifar/max_records/seed-43-vanilla/runs/cifar-max-records-out-remove__non-iid__vanilla__fedavg__clients-2__seed-43__nm0p01__clip5__rounds-20__epochs-5__cifar_chunks__cifar10_cnn.json
Final server metrics: {'loss': 1.6787122368812561, 'accuracy': 0.791, 'f1': 0.7876234123615531, 'precision': 0.788919209789179, 'auc': 0.9434315}
2026-08-05 11:58:48 DONE  cifar-max-records-out-remove__non-iid__vanilla__fedavg__clients-2__seed-43__nm0p01__clip5__rounds-20__epochs-5__cifar_chunks__cifar10_cnn (335.4s)
Warning: You are sending unauthenticated requests to the HF Hub. Please set a HF_TOKEN to enable higher rate limits and faster downloads.
2026-08-05 11:58:58 EVALUATED cifar-max-records-out-remove__non-iid__vanilla__fedavg__clients-2__seed-43__nm0p01__clip5__rounds-20__epochs-5__cifar_chunks__cifar10_cnn round=1 (checkpoint deleted)
2026-08-05 11:59:05 EVALUATED cifar-max-records-out-remove__non-iid__vanilla__fedavg__clients-2__seed-43__nm0p01__clip5__rounds-20__epochs-5__cifar_chunks__cifar10_cnn round=2 (checkpoint deleted)
2026-08-05 11:59:12 EVALUATED cifar-max-records-out-remove__non-iid__vanilla__fedavg__clients-2__seed-43__nm0p01__clip5__rounds-20__epochs-5__cifar_chunks__cifar10_cnn round=3 (checkpoint deleted)
2026-08-05 11:59:19 EVALUATED cifar-max-records-out-remove__non-iid__vanilla__fedavg__clients-2__seed-43__nm0p01__clip5__rounds-20__epochs-5__cifar_chunks__cifar10_cnn round=4 (checkpoint deleted)
2026-08-05 11:59:26 EVALUATED cifar-max-records-out-remove__non-iid__vanilla__fedavg__clients-2__seed-43__nm0p01__clip5__rounds-20__epochs-5__cifar_chunks__cifar10_cnn round=5 (checkpoint deleted)
2026-08-05 11:59:33 EVALUATED cifar-max-records-out-remove__non-iid__vanilla__fedavg__clients-2__seed-43__nm0p01__clip5__rounds-20__epochs-5__cifar_chunks__cifar10_cnn round=6 (checkpoint deleted)
2026-08-05 11:59:40 EVALUATED cifar-max-records-out-remove__non-iid__vanilla__fedavg__clients-2__seed-43__nm0p01__clip5__rounds-20__epochs-5__cifar_chunks__cifar10_cnn round=7 (checkpoint deleted)
2026-08-05 11:59:46 EVALUATED cifar-max-records-out-remove__non-iid__vanilla__fedavg__clients-2__seed-43__nm0p01__clip5__rounds-20__epochs-5__cifar_chunks__cifar10_cnn round=8 (checkpoint deleted)
2026-08-05 11:59:53 EVALUATED cifar-max-records-out-remove__non-iid__vanilla__fedavg__clients-2__seed-43__nm0p01__clip5__rounds-20__epochs-5__cifar_chunks__cifar10_cnn round=9 (checkpoint deleted)
2026-08-05 12:00:00 EVALUATED cifar-max-records-out-remove__non-iid__vanilla__fedavg__clients-2__seed-43__nm0p01__clip5__rounds-20__epochs-5__cifar_chunks__cifar10_cnn round=10 (checkpoint deleted)
2026-08-05 12:00:07 EVALUATED cifar-max-records-out-remove__non-iid__vanilla__fedavg__clients-2__seed-43__nm0p01__clip5__rounds-20__epochs-5__cifar_chunks__cifar10_cnn round=11 (checkpoint deleted)
2026-08-05 12:00:14 EVALUATED cifar-max-records-out-remove__non-iid__vanilla__fedavg__clients-2__seed-43__nm0p01__clip5__rounds-20__epochs-5__cifar_chunks__cifar10_cnn round=12 (checkpoint deleted)
2026-08-05 12:00:21 EVALUATED cifar-max-records-out-remove__non-iid__vanilla__fedavg__clients-2__seed-43__nm0p01__clip5__rounds-20__epochs-5__cifar_chunks__cifar10_cnn round=13 (checkpoint deleted)
2026-08-05 12:00:28 EVALUATED cifar-max-records-out-remove__non-iid__vanilla__fedavg__clients-2__seed-43__nm0p01__clip5__rounds-20__epochs-5__cifar_chunks__cifar10_cnn round=14 (checkpoint deleted)
2026-08-05 12:00:34 EVALUATED cifar-max-records-out-remove__non-iid__vanilla__fedavg__clients-2__seed-43__nm0p01__clip5__rounds-20__epochs-5__cifar_chunks__cifar10_cnn round=15 (checkpoint deleted)
2026-08-05 12:00:41 EVALUATED cifar-max-records-out-remove__non-iid__vanilla__fedavg__clients-2__seed-43__nm0p01__clip5__rounds-20__epochs-5__cifar_chunks__cifar10_cnn round=16 (checkpoint deleted)
2026-08-05 12:00:48 EVALUATED cifar-max-records-out-remove__non-iid__vanilla__fedavg__clients-2__seed-43__nm0p01__clip5__rounds-20__epochs-5__cifar_chunks__cifar10_cnn round=17 (checkpoint deleted)
2026-08-05 12:00:55 EVALUATED cifar-max-records-out-remove__non-iid__vanilla__fedavg__clients-2__seed-43__nm0p01__clip5__rounds-20__epochs-5__cifar_chunks__cifar10_cnn round=18 (checkpoint deleted)
2026-08-05 12:01:02 EVALUATED cifar-max-records-out-remove__non-iid__vanilla__fedavg__clients-2__seed-43__nm0p01__clip5__rounds-20__epochs-5__cifar_chunks__cifar10_cnn round=19 (checkpoint deleted)
2026-08-05 12:01:09 EVALUATED cifar-max-records-out-remove__non-iid__vanilla__fedavg__clients-2__seed-43__nm0p01__clip5__rounds-20__epochs-5__cifar_chunks__cifar10_cnn round=20 (checkpoint deleted)
2026-08-05 12:01:09 PROGRESS 1/1 (0 failed so far)
2026-08-05 12:01:09 Sweep finished: 1/1 attempted, 0 failed
