2026-08-21 15:16:05 CIFAR-10 stage (global-dp, homogeneous, seed=42, noise_ratio=0.0025): 2 trajectories
2026-08-21 15:16:05 START cifar10-in-remove__homogeneous__global-dp__fedavg__clients-100__seed-42__nm0p25__clip5__rounds-20__epochs-5__cifar10_remove__cifar10_cnn 
2026-08-21 15:22:44 DONE  cifar10-in-remove__homogeneous__global-dp__fedavg__clients-100__seed-42__nm0p25__clip5__rounds-20__epochs-5__cifar10_remove__cifar10_cnn (398.9s)
2026-08-21 15:22:47 EVALUATED cifar10-in-remove__homogeneous__global-dp__fedavg__clients-100__seed-42__nm0p25__clip5__rounds-20__epochs-5__cifar10_remove__cifar10_cnn round=1 (checkpoint deleted)
2026-08-21 15:22:50 EVALUATED cifar10-in-remove__homogeneous__global-dp__fedavg__clients-100__seed-42__nm0p25__clip5__rounds-20__epochs-5__cifar10_remove__cifar10_cnn round=2 (checkpoint deleted)
2026-08-21 15:22:53 EVALUATED cifar10-in-remove__homogeneous__global-dp__fedavg__clients-100__seed-42__nm0p25__clip5__rounds-20__epochs-5__cifar10_remove__cifar10_cnn round=3 (checkpoint deleted)
2026-08-21 15:22:56 EVALUATED cifar10-in-remove__homogeneous__global-dp__fedavg__clients-100__seed-42__nm0p25__clip5__rounds-20__epochs-5__cifar10_remove__cifar10_cnn round=4 (checkpoint deleted)
2026-08-21 15:22:59 EVALUATED cifar10-in-remove__homogeneous__global-dp__fedavg__clients-100__seed-42__nm0p25__clip5__rounds-20__epochs-5__cifar10_remove__cifar10_cnn round=5 (checkpoint deleted)
2026-08-21 15:23:02 EVALUATED cifar10-in-remove__homogeneous__global-dp__fedavg__clients-100__seed-42__nm0p25__clip5__rounds-20__epochs-5__cifar10_remove__cifar10_cnn round=6 (checkpoint deleted)
2026-08-21 15:23:05 EVALUATED cifar10-in-remove__homogeneous__global-dp__fedavg__clients-100__seed-42__nm0p25__clip5__rounds-20__epochs-5__cifar10_remove__cifar10_cnn round=7 (checkpoint deleted)
2026-08-21 15:23:08 EVALUATED cifar10-in-remove__homogeneous__global-dp__fedavg__clients-100__seed-42__nm0p25__clip5__rounds-20__epochs-5__cifar10_remove__cifar10_cnn round=8 (checkpoint deleted)
2026-08-21 15:23:11 EVALUATED cifar10-in-remove__homogeneous__global-dp__fedavg__clients-100__seed-42__nm0p25__clip5__rounds-20__epochs-5__cifar10_remove__cifar10_cnn round=9 (checkpoint deleted)
2026-08-21 15:23:14 EVALUATED cifar10-in-remove__homogeneous__global-dp__fedavg__clients-100__seed-42__nm0p25__clip5__rounds-20__epochs-5__cifar10_remove__cifar10_cnn round=10 (checkpoint deleted)
2026-08-21 15:23:17 EVALUATED cifar10-in-remove__homogeneous__global-dp__fedavg__clients-100__seed-42__nm0p25__clip5__rounds-20__epochs-5__cifar10_remove__cifar10_cnn round=11 (checkpoint deleted)
2026-08-21 15:23:20 EVALUATED cifar10-in-remove__homogeneous__global-dp__fedavg__clients-100__seed-42__nm0p25__clip5__rounds-20__epochs-5__cifar10_remove__cifar10_cnn round=12 (checkpoint deleted)
2026-08-21 15:23:23 EVALUATED cifar10-in-remove__homogeneous__global-dp__fedavg__clients-100__seed-42__nm0p25__clip5__rounds-20__epochs-5__cifar10_remove__cifar10_cnn round=13 (checkpoint deleted)
2026-08-21 15:23:26 EVALUATED cifar10-in-remove__homogeneous__global-dp__fedavg__clients-100__seed-42__nm0p25__clip5__rounds-20__epochs-5__cifar10_remove__cifar10_cnn round=14 (checkpoint deleted)
2026-08-21 15:23:29 EVALUATED cifar10-in-remove__homogeneous__global-dp__fedavg__clients-100__seed-42__nm0p25__clip5__rounds-20__epochs-5__cifar10_remove__cifar10_cnn round=15 (checkpoint deleted)
2026-08-21 15:23:32 EVALUATED cifar10-in-remove__homogeneous__global-dp__fedavg__clients-100__seed-42__nm0p25__clip5__rounds-20__epochs-5__cifar10_remove__cifar10_cnn round=16 (checkpoint deleted)
2026-08-21 15:23:36 EVALUATED cifar10-in-remove__homogeneous__global-dp__fedavg__clients-100__seed-42__nm0p25__clip5__rounds-20__epochs-5__cifar10_remove__cifar10_cnn round=17 (checkpoint deleted)
2026-08-21 15:23:39 EVALUATED cifar10-in-remove__homogeneous__global-dp__fedavg__clients-100__seed-42__nm0p25__clip5__rounds-20__epochs-5__cifar10_remove__cifar10_cnn round=18 (checkpoint deleted)
2026-08-21 15:23:42 EVALUATED cifar10-in-remove__homogeneous__global-dp__fedavg__clients-100__seed-42__nm0p25__clip5__rounds-20__epochs-5__cifar10_remove__cifar10_cnn round=19 (checkpoint deleted)
2026-08-21 15:23:44 EVALUATED cifar10-in-remove__homogeneous__global-dp__fedavg__clients-100__seed-42__nm0p25__clip5__rounds-20__epochs-5__cifar10_remove__cifar10_cnn round=20 (checkpoint deleted)
2026-08-21 15:23:44 PROGRESS 1/2 (0 failed so far)
2026-08-21 15:23:44 START cifar10-out-remove__homogeneous__global-dp__fedavg__clients-99__seed-42__nm0p2475__clip5__rounds-20__epochs-5__cifar10_remove__cifar10_cnn 
2026-08-21 15:30:22 DONE  cifar10-out-remove__homogeneous__global-dp__fedavg__clients-99__seed-42__nm0p2475__clip5__rounds-20__epochs-5__cifar10_remove__cifar10_cnn (397.1s)
2026-08-21 15:30:25 EVALUATED cifar10-out-remove__homogeneous__global-dp__fedavg__clients-99__seed-42__nm0p2475__clip5__rounds-20__epochs-5__cifar10_remove__cifar10_cnn round=1 (checkpoint deleted)
2026-08-21 15:30:28 EVALUATED cifar10-out-remove__homogeneous__global-dp__fedavg__clients-99__seed-42__nm0p2475__clip5__rounds-20__epochs-5__cifar10_remove__cifar10_cnn round=2 (checkpoint deleted)
2026-08-21 15:30:31 EVALUATED cifar10-out-remove__homogeneous__global-dp__fedavg__clients-99__seed-42__nm0p2475__clip5__rounds-20__epochs-5__cifar10_remove__cifar10_cnn round=3 (checkpoint deleted)
2026-08-21 15:30:34 EVALUATED cifar10-out-remove__homogeneous__global-dp__fedavg__clients-99__seed-42__nm0p2475__clip5__rounds-20__epochs-5__cifar10_remove__cifar10_cnn round=4 (checkpoint deleted)
2026-08-21 15:30:37 EVALUATED cifar10-out-remove__homogeneous__global-dp__fedavg__clients-99__seed-42__nm0p2475__clip5__rounds-20__epochs-5__cifar10_remove__cifar10_cnn round=5 (checkpoint deleted)
2026-08-21 15:30:40 EVALUATED cifar10-out-remove__homogeneous__global-dp__fedavg__clients-99__seed-42__nm0p2475__clip5__rounds-20__epochs-5__cifar10_remove__cifar10_cnn round=6 (checkpoint deleted)
2026-08-21 15:30:43 EVALUATED cifar10-out-remove__homogeneous__global-dp__fedavg__clients-99__seed-42__nm0p2475__clip5__rounds-20__epochs-5__cifar10_remove__cifar10_cnn round=7 (checkpoint deleted)
2026-08-21 15:30:46 EVALUATED cifar10-out-remove__homogeneous__global-dp__fedavg__clients-99__seed-42__nm0p2475__clip5__rounds-20__epochs-5__cifar10_remove__cifar10_cnn round=8 (checkpoint deleted)
2026-08-21 15:30:49 EVALUATED cifar10-out-remove__homogeneous__global-dp__fedavg__clients-99__seed-42__nm0p2475__clip5__rounds-20__epochs-5__cifar10_remove__cifar10_cnn round=9 (checkpoint deleted)
2026-08-21 15:30:52 EVALUATED cifar10-out-remove__homogeneous__global-dp__fedavg__clients-99__seed-42__nm0p2475__clip5__rounds-20__epochs-5__cifar10_remove__cifar10_cnn round=10 (checkpoint deleted)
2026-08-21 15:30:55 EVALUATED cifar10-out-remove__homogeneous__global-dp__fedavg__clients-99__seed-42__nm0p2475__clip5__rounds-20__epochs-5__cifar10_remove__cifar10_cnn round=11 (checkpoint deleted)
2026-08-21 15:30:58 EVALUATED cifar10-out-remove__homogeneous__global-dp__fedavg__clients-99__seed-42__nm0p2475__clip5__rounds-20__epochs-5__cifar10_remove__cifar10_cnn round=12 (checkpoint deleted)
2026-08-21 15:31:01 EVALUATED cifar10-out-remove__homogeneous__global-dp__fedavg__clients-99__seed-42__nm0p2475__clip5__rounds-20__epochs-5__cifar10_remove__cifar10_cnn round=13 (checkpoint deleted)
2026-08-21 15:31:04 EVALUATED cifar10-out-remove__homogeneous__global-dp__fedavg__clients-99__seed-42__nm0p2475__clip5__rounds-20__epochs-5__cifar10_remove__cifar10_cnn round=14 (checkpoint deleted)
2026-08-21 15:31:07 EVALUATED cifar10-out-remove__homogeneous__global-dp__fedavg__clients-99__seed-42__nm0p2475__clip5__rounds-20__epochs-5__cifar10_remove__cifar10_cnn round=15 (checkpoint deleted)
2026-08-21 15:31:10 EVALUATED cifar10-out-remove__homogeneous__global-dp__fedavg__clients-99__seed-42__nm0p2475__clip5__rounds-20__epochs-5__cifar10_remove__cifar10_cnn round=16 (checkpoint deleted)
2026-08-21 15:31:13 EVALUATED cifar10-out-remove__homogeneous__global-dp__fedavg__clients-99__seed-42__nm0p2475__clip5__rounds-20__epochs-5__cifar10_remove__cifar10_cnn round=17 (checkpoint deleted)
2026-08-21 15:31:16 EVALUATED cifar10-out-remove__homogeneous__global-dp__fedavg__clients-99__seed-42__nm0p2475__clip5__rounds-20__epochs-5__cifar10_remove__cifar10_cnn round=18 (checkpoint deleted)
2026-08-21 15:31:19 EVALUATED cifar10-out-remove__homogeneous__global-dp__fedavg__clients-99__seed-42__nm0p2475__clip5__rounds-20__epochs-5__cifar10_remove__cifar10_cnn round=19 (checkpoint deleted)
2026-08-21 15:31:22 EVALUATED cifar10-out-remove__homogeneous__global-dp__fedavg__clients-99__seed-42__nm0p2475__clip5__rounds-20__epochs-5__cifar10_remove__cifar10_cnn round=20 (checkpoint deleted)
2026-08-21 15:31:22 PROGRESS 2/2 (0 failed so far)
2026-08-21 15:31:22 Sweep finished: 2/2 attempted, 0 failed
2026-08-21 15:31:22 CIFAR-10 stage (global-dp, homogeneous, seed=42, noise_ratio=0.0025): 2 trajectories
2026-08-21 15:31:22 SKIP  2 combinations (attack results already exist)
2026-08-21 15:31:22 Sweep finished: 2/2 attempted, 0 failed
