2026-08-21 02:54:52 Fashion-MNIST stage (global-dp, homogeneous, seed=42, noise_ratio=4.181928583611792e-05): 2 trajectories
2026-08-21 02:54:52 START fashion-mnist-in-remove__homogeneous__global-dp__fedavg__clients-48__seed-42__nm0p00200733__clip5__rounds-100__epochs-5__fashion_mnist_remove__fashion_mnist_cnn 
2026-08-21 03:11:04 DONE  fashion-mnist-in-remove__homogeneous__global-dp__fedavg__clients-48__seed-42__nm0p00200733__clip5__rounds-100__epochs-5__fashion_mnist_remove__fashion_mnist_cnn (972.1s)
2026-08-21 03:11:07 EVALUATED fashion-mnist-in-remove__homogeneous__global-dp__fedavg__clients-48__seed-42__nm0p00200733__clip5__rounds-100__epochs-5__fashion_mnist_remove__fashion_mnist_cnn round=1 (checkpoint deleted)
2026-08-21 03:11:09 EVALUATED fashion-mnist-in-remove__homogeneous__global-dp__fedavg__clients-48__seed-42__nm0p00200733__clip5__rounds-100__epochs-5__fashion_mnist_remove__fashion_mnist_cnn round=10 (checkpoint deleted)
2026-08-21 03:11:12 EVALUATED fashion-mnist-in-remove__homogeneous__global-dp__fedavg__clients-48__seed-42__nm0p00200733__clip5__rounds-100__epochs-5__fashion_mnist_remove__fashion_mnist_cnn round=20 (checkpoint deleted)
2026-08-21 03:11:15 EVALUATED fashion-mnist-in-remove__homogeneous__global-dp__fedavg__clients-48__seed-42__nm0p00200733__clip5__rounds-100__epochs-5__fashion_mnist_remove__fashion_mnist_cnn round=30 (checkpoint deleted)
2026-08-21 03:11:17 EVALUATED fashion-mnist-in-remove__homogeneous__global-dp__fedavg__clients-48__seed-42__nm0p00200733__clip5__rounds-100__epochs-5__fashion_mnist_remove__fashion_mnist_cnn round=40 (checkpoint deleted)
2026-08-21 03:11:20 EVALUATED fashion-mnist-in-remove__homogeneous__global-dp__fedavg__clients-48__seed-42__nm0p00200733__clip5__rounds-100__epochs-5__fashion_mnist_remove__fashion_mnist_cnn round=50 (checkpoint deleted)
2026-08-21 03:11:23 EVALUATED fashion-mnist-in-remove__homogeneous__global-dp__fedavg__clients-48__seed-42__nm0p00200733__clip5__rounds-100__epochs-5__fashion_mnist_remove__fashion_mnist_cnn round=60 (checkpoint deleted)
2026-08-21 03:11:25 EVALUATED fashion-mnist-in-remove__homogeneous__global-dp__fedavg__clients-48__seed-42__nm0p00200733__clip5__rounds-100__epochs-5__fashion_mnist_remove__fashion_mnist_cnn round=70 (checkpoint deleted)
2026-08-21 03:11:28 EVALUATED fashion-mnist-in-remove__homogeneous__global-dp__fedavg__clients-48__seed-42__nm0p00200733__clip5__rounds-100__epochs-5__fashion_mnist_remove__fashion_mnist_cnn round=80 (checkpoint deleted)
2026-08-21 03:11:31 EVALUATED fashion-mnist-in-remove__homogeneous__global-dp__fedavg__clients-48__seed-42__nm0p00200733__clip5__rounds-100__epochs-5__fashion_mnist_remove__fashion_mnist_cnn round=90 (checkpoint deleted)
2026-08-21 03:11:33 EVALUATED fashion-mnist-in-remove__homogeneous__global-dp__fedavg__clients-48__seed-42__nm0p00200733__clip5__rounds-100__epochs-5__fashion_mnist_remove__fashion_mnist_cnn round=100 (checkpoint deleted)
2026-08-21 03:11:33 PROGRESS 1/2 (0 failed so far)
2026-08-21 03:11:33 START fashion-mnist-out-remove__homogeneous__global-dp__fedavg__clients-47__seed-42__nm0p00196551__clip5__rounds-100__epochs-5__fashion_mnist_remove__fashion_mnist_cnn 
2026-08-21 03:27:06 DONE  fashion-mnist-out-remove__homogeneous__global-dp__fedavg__clients-47__seed-42__nm0p00196551__clip5__rounds-100__epochs-5__fashion_mnist_remove__fashion_mnist_cnn (933.2s)
2026-08-21 03:27:09 EVALUATED fashion-mnist-out-remove__homogeneous__global-dp__fedavg__clients-47__seed-42__nm0p00196551__clip5__rounds-100__epochs-5__fashion_mnist_remove__fashion_mnist_cnn round=1 (checkpoint deleted)
2026-08-21 03:27:12 EVALUATED fashion-mnist-out-remove__homogeneous__global-dp__fedavg__clients-47__seed-42__nm0p00196551__clip5__rounds-100__epochs-5__fashion_mnist_remove__fashion_mnist_cnn round=10 (checkpoint deleted)
2026-08-21 03:27:14 EVALUATED fashion-mnist-out-remove__homogeneous__global-dp__fedavg__clients-47__seed-42__nm0p00196551__clip5__rounds-100__epochs-5__fashion_mnist_remove__fashion_mnist_cnn round=20 (checkpoint deleted)
2026-08-21 03:27:17 EVALUATED fashion-mnist-out-remove__homogeneous__global-dp__fedavg__clients-47__seed-42__nm0p00196551__clip5__rounds-100__epochs-5__fashion_mnist_remove__fashion_mnist_cnn round=30 (checkpoint deleted)
2026-08-21 03:27:20 EVALUATED fashion-mnist-out-remove__homogeneous__global-dp__fedavg__clients-47__seed-42__nm0p00196551__clip5__rounds-100__epochs-5__fashion_mnist_remove__fashion_mnist_cnn round=40 (checkpoint deleted)
2026-08-21 03:27:23 EVALUATED fashion-mnist-out-remove__homogeneous__global-dp__fedavg__clients-47__seed-42__nm0p00196551__clip5__rounds-100__epochs-5__fashion_mnist_remove__fashion_mnist_cnn round=50 (checkpoint deleted)
2026-08-21 03:27:25 EVALUATED fashion-mnist-out-remove__homogeneous__global-dp__fedavg__clients-47__seed-42__nm0p00196551__clip5__rounds-100__epochs-5__fashion_mnist_remove__fashion_mnist_cnn round=60 (checkpoint deleted)
2026-08-21 03:27:28 EVALUATED fashion-mnist-out-remove__homogeneous__global-dp__fedavg__clients-47__seed-42__nm0p00196551__clip5__rounds-100__epochs-5__fashion_mnist_remove__fashion_mnist_cnn round=70 (checkpoint deleted)
2026-08-21 03:27:31 EVALUATED fashion-mnist-out-remove__homogeneous__global-dp__fedavg__clients-47__seed-42__nm0p00196551__clip5__rounds-100__epochs-5__fashion_mnist_remove__fashion_mnist_cnn round=80 (checkpoint deleted)
2026-08-21 03:27:33 EVALUATED fashion-mnist-out-remove__homogeneous__global-dp__fedavg__clients-47__seed-42__nm0p00196551__clip5__rounds-100__epochs-5__fashion_mnist_remove__fashion_mnist_cnn round=90 (checkpoint deleted)
2026-08-21 03:27:36 EVALUATED fashion-mnist-out-remove__homogeneous__global-dp__fedavg__clients-47__seed-42__nm0p00196551__clip5__rounds-100__epochs-5__fashion_mnist_remove__fashion_mnist_cnn round=100 (checkpoint deleted)
2026-08-21 03:27:36 PROGRESS 2/2 (0 failed so far)
2026-08-21 03:27:36 Sweep finished: 2/2 attempted, 0 failed
