2026-08-17 23:13:47 EuroSAT stage (vanilla, homogeneous, seed=44, noise_ratio=None): 2 trajectories
2026-08-17 23:13:47 START eurosat-in-remove__homogeneous__vanilla__fedavg__clients-48__seed-44__nm0p0371071__clip5__rounds-100__epochs-5__eurosat_remove__eurosat_cnn 
2026-08-17 23:44:52 DONE  eurosat-in-remove__homogeneous__vanilla__fedavg__clients-48__seed-44__nm0p0371071__clip5__rounds-100__epochs-5__eurosat_remove__eurosat_cnn (1864.6s)
2026-08-17 23:44:53 EVALUATED eurosat-in-remove__homogeneous__vanilla__fedavg__clients-48__seed-44__nm0p0371071__clip5__rounds-100__epochs-5__eurosat_remove__eurosat_cnn round=1 (checkpoint deleted)
2026-08-17 23:44:54 EVALUATED eurosat-in-remove__homogeneous__vanilla__fedavg__clients-48__seed-44__nm0p0371071__clip5__rounds-100__epochs-5__eurosat_remove__eurosat_cnn round=10 (checkpoint deleted)
2026-08-17 23:44:56 EVALUATED eurosat-in-remove__homogeneous__vanilla__fedavg__clients-48__seed-44__nm0p0371071__clip5__rounds-100__epochs-5__eurosat_remove__eurosat_cnn round=20 (checkpoint deleted)
2026-08-17 23:44:57 EVALUATED eurosat-in-remove__homogeneous__vanilla__fedavg__clients-48__seed-44__nm0p0371071__clip5__rounds-100__epochs-5__eurosat_remove__eurosat_cnn round=30 (checkpoint deleted)
2026-08-17 23:44:59 EVALUATED eurosat-in-remove__homogeneous__vanilla__fedavg__clients-48__seed-44__nm0p0371071__clip5__rounds-100__epochs-5__eurosat_remove__eurosat_cnn round=40 (checkpoint deleted)
2026-08-17 23:45:00 EVALUATED eurosat-in-remove__homogeneous__vanilla__fedavg__clients-48__seed-44__nm0p0371071__clip5__rounds-100__epochs-5__eurosat_remove__eurosat_cnn round=50 (checkpoint deleted)
2026-08-17 23:45:02 EVALUATED eurosat-in-remove__homogeneous__vanilla__fedavg__clients-48__seed-44__nm0p0371071__clip5__rounds-100__epochs-5__eurosat_remove__eurosat_cnn round=60 (checkpoint deleted)
2026-08-17 23:45:03 EVALUATED eurosat-in-remove__homogeneous__vanilla__fedavg__clients-48__seed-44__nm0p0371071__clip5__rounds-100__epochs-5__eurosat_remove__eurosat_cnn round=70 (checkpoint deleted)
2026-08-17 23:45:04 EVALUATED eurosat-in-remove__homogeneous__vanilla__fedavg__clients-48__seed-44__nm0p0371071__clip5__rounds-100__epochs-5__eurosat_remove__eurosat_cnn round=80 (checkpoint deleted)
2026-08-17 23:45:06 EVALUATED eurosat-in-remove__homogeneous__vanilla__fedavg__clients-48__seed-44__nm0p0371071__clip5__rounds-100__epochs-5__eurosat_remove__eurosat_cnn round=90 (checkpoint deleted)
2026-08-17 23:45:07 EVALUATED eurosat-in-remove__homogeneous__vanilla__fedavg__clients-48__seed-44__nm0p0371071__clip5__rounds-100__epochs-5__eurosat_remove__eurosat_cnn round=100 (checkpoint deleted)
2026-08-17 23:45:07 PROGRESS 1/2 (0 failed so far)
2026-08-17 23:45:07 START eurosat-out-remove__homogeneous__vanilla__fedavg__clients-47__seed-44__nm0p0371071__clip5__rounds-100__epochs-5__eurosat_remove__eurosat_cnn 
2026-08-18 00:21:17 DONE  eurosat-out-remove__homogeneous__vanilla__fedavg__clients-47__seed-44__nm0p0371071__clip5__rounds-100__epochs-5__eurosat_remove__eurosat_cnn (2169.9s)
2026-08-18 00:21:19 EVALUATED eurosat-out-remove__homogeneous__vanilla__fedavg__clients-47__seed-44__nm0p0371071__clip5__rounds-100__epochs-5__eurosat_remove__eurosat_cnn round=1 (checkpoint deleted)
2026-08-18 00:21:20 EVALUATED eurosat-out-remove__homogeneous__vanilla__fedavg__clients-47__seed-44__nm0p0371071__clip5__rounds-100__epochs-5__eurosat_remove__eurosat_cnn round=10 (checkpoint deleted)
2026-08-18 00:21:22 EVALUATED eurosat-out-remove__homogeneous__vanilla__fedavg__clients-47__seed-44__nm0p0371071__clip5__rounds-100__epochs-5__eurosat_remove__eurosat_cnn round=20 (checkpoint deleted)
2026-08-18 00:21:23 EVALUATED eurosat-out-remove__homogeneous__vanilla__fedavg__clients-47__seed-44__nm0p0371071__clip5__rounds-100__epochs-5__eurosat_remove__eurosat_cnn round=30 (checkpoint deleted)
2026-08-18 00:21:24 EVALUATED eurosat-out-remove__homogeneous__vanilla__fedavg__clients-47__seed-44__nm0p0371071__clip5__rounds-100__epochs-5__eurosat_remove__eurosat_cnn round=40 (checkpoint deleted)
2026-08-18 00:21:26 EVALUATED eurosat-out-remove__homogeneous__vanilla__fedavg__clients-47__seed-44__nm0p0371071__clip5__rounds-100__epochs-5__eurosat_remove__eurosat_cnn round=50 (checkpoint deleted)
2026-08-18 00:21:27 EVALUATED eurosat-out-remove__homogeneous__vanilla__fedavg__clients-47__seed-44__nm0p0371071__clip5__rounds-100__epochs-5__eurosat_remove__eurosat_cnn round=60 (checkpoint deleted)
2026-08-18 00:21:29 EVALUATED eurosat-out-remove__homogeneous__vanilla__fedavg__clients-47__seed-44__nm0p0371071__clip5__rounds-100__epochs-5__eurosat_remove__eurosat_cnn round=70 (checkpoint deleted)
2026-08-18 00:21:30 EVALUATED eurosat-out-remove__homogeneous__vanilla__fedavg__clients-47__seed-44__nm0p0371071__clip5__rounds-100__epochs-5__eurosat_remove__eurosat_cnn round=80 (checkpoint deleted)
2026-08-18 00:21:31 EVALUATED eurosat-out-remove__homogeneous__vanilla__fedavg__clients-47__seed-44__nm0p0371071__clip5__rounds-100__epochs-5__eurosat_remove__eurosat_cnn round=90 (checkpoint deleted)
2026-08-18 00:21:33 EVALUATED eurosat-out-remove__homogeneous__vanilla__fedavg__clients-47__seed-44__nm0p0371071__clip5__rounds-100__epochs-5__eurosat_remove__eurosat_cnn round=100 (checkpoint deleted)
2026-08-18 00:21:33 PROGRESS 2/2 (0 failed so far)
2026-08-18 00:21:33 Sweep finished: 2/2 attempted, 0 failed
