2026-08-05 21:22:14 Starting full chunk: 2 trajectories
2026-08-05 21:22:14 START cifar-full-out-replace__non-iid__global-dp__fedavg__clients-16__seed-43__nm0p053328__clip5__rounds-20__epochs-5__cifar_chunks__cifar10_cnn 
2026-08-05 21:27:50 DONE  cifar-full-out-replace__non-iid__global-dp__fedavg__clients-16__seed-43__nm0p053328__clip5__rounds-20__epochs-5__cifar_chunks__cifar10_cnn (335.8s)
2026-08-05 21:27:55 EVALUATED cifar-full-out-replace__non-iid__global-dp__fedavg__clients-16__seed-43__nm0p053328__clip5__rounds-20__epochs-5__cifar_chunks__cifar10_cnn round=1 (checkpoint deleted)
2026-08-05 21:28:00 EVALUATED cifar-full-out-replace__non-iid__global-dp__fedavg__clients-16__seed-43__nm0p053328__clip5__rounds-20__epochs-5__cifar_chunks__cifar10_cnn round=2 (checkpoint deleted)
2026-08-05 21:28:04 EVALUATED cifar-full-out-replace__non-iid__global-dp__fedavg__clients-16__seed-43__nm0p053328__clip5__rounds-20__epochs-5__cifar_chunks__cifar10_cnn round=3 (checkpoint deleted)
2026-08-05 21:28:08 EVALUATED cifar-full-out-replace__non-iid__global-dp__fedavg__clients-16__seed-43__nm0p053328__clip5__rounds-20__epochs-5__cifar_chunks__cifar10_cnn round=4 (checkpoint deleted)
2026-08-05 21:28:12 EVALUATED cifar-full-out-replace__non-iid__global-dp__fedavg__clients-16__seed-43__nm0p053328__clip5__rounds-20__epochs-5__cifar_chunks__cifar10_cnn round=5 (checkpoint deleted)
2026-08-05 21:28:17 EVALUATED cifar-full-out-replace__non-iid__global-dp__fedavg__clients-16__seed-43__nm0p053328__clip5__rounds-20__epochs-5__cifar_chunks__cifar10_cnn round=6 (checkpoint deleted)
2026-08-05 21:28:21 EVALUATED cifar-full-out-replace__non-iid__global-dp__fedavg__clients-16__seed-43__nm0p053328__clip5__rounds-20__epochs-5__cifar_chunks__cifar10_cnn round=7 (checkpoint deleted)
2026-08-05 21:28:25 EVALUATED cifar-full-out-replace__non-iid__global-dp__fedavg__clients-16__seed-43__nm0p053328__clip5__rounds-20__epochs-5__cifar_chunks__cifar10_cnn round=8 (checkpoint deleted)
2026-08-05 21:28:29 EVALUATED cifar-full-out-replace__non-iid__global-dp__fedavg__clients-16__seed-43__nm0p053328__clip5__rounds-20__epochs-5__cifar_chunks__cifar10_cnn round=9 (checkpoint deleted)
2026-08-05 21:28:34 EVALUATED cifar-full-out-replace__non-iid__global-dp__fedavg__clients-16__seed-43__nm0p053328__clip5__rounds-20__epochs-5__cifar_chunks__cifar10_cnn round=10 (checkpoint deleted)
2026-08-05 21:28:38 EVALUATED cifar-full-out-replace__non-iid__global-dp__fedavg__clients-16__seed-43__nm0p053328__clip5__rounds-20__epochs-5__cifar_chunks__cifar10_cnn round=11 (checkpoint deleted)
2026-08-05 21:28:42 EVALUATED cifar-full-out-replace__non-iid__global-dp__fedavg__clients-16__seed-43__nm0p053328__clip5__rounds-20__epochs-5__cifar_chunks__cifar10_cnn round=12 (checkpoint deleted)
2026-08-05 21:28:46 EVALUATED cifar-full-out-replace__non-iid__global-dp__fedavg__clients-16__seed-43__nm0p053328__clip5__rounds-20__epochs-5__cifar_chunks__cifar10_cnn round=13 (checkpoint deleted)
2026-08-05 21:28:51 EVALUATED cifar-full-out-replace__non-iid__global-dp__fedavg__clients-16__seed-43__nm0p053328__clip5__rounds-20__epochs-5__cifar_chunks__cifar10_cnn round=14 (checkpoint deleted)
2026-08-05 21:28:55 EVALUATED cifar-full-out-replace__non-iid__global-dp__fedavg__clients-16__seed-43__nm0p053328__clip5__rounds-20__epochs-5__cifar_chunks__cifar10_cnn round=15 (checkpoint deleted)
2026-08-05 21:28:59 EVALUATED cifar-full-out-replace__non-iid__global-dp__fedavg__clients-16__seed-43__nm0p053328__clip5__rounds-20__epochs-5__cifar_chunks__cifar10_cnn round=16 (checkpoint deleted)
2026-08-05 21:29:03 EVALUATED cifar-full-out-replace__non-iid__global-dp__fedavg__clients-16__seed-43__nm0p053328__clip5__rounds-20__epochs-5__cifar_chunks__cifar10_cnn round=17 (checkpoint deleted)
2026-08-05 21:29:08 EVALUATED cifar-full-out-replace__non-iid__global-dp__fedavg__clients-16__seed-43__nm0p053328__clip5__rounds-20__epochs-5__cifar_chunks__cifar10_cnn round=18 (checkpoint deleted)
2026-08-05 21:29:12 EVALUATED cifar-full-out-replace__non-iid__global-dp__fedavg__clients-16__seed-43__nm0p053328__clip5__rounds-20__epochs-5__cifar_chunks__cifar10_cnn round=19 (checkpoint deleted)
2026-08-05 21:29:16 EVALUATED cifar-full-out-replace__non-iid__global-dp__fedavg__clients-16__seed-43__nm0p053328__clip5__rounds-20__epochs-5__cifar_chunks__cifar10_cnn round=20 (checkpoint deleted)
2026-08-05 21:29:16 PROGRESS 1/2 (0 failed so far)
2026-08-05 21:29:16 START cifar-full-out-replace__non-iid__metric-privacy__fedavg__clients-16__seed-43__nm0p053328__clip5__rounds-20__epochs-5__cifar_chunks__cifar10_cnn 
2026-08-05 21:34:56 DONE  cifar-full-out-replace__non-iid__metric-privacy__fedavg__clients-16__seed-43__nm0p053328__clip5__rounds-20__epochs-5__cifar_chunks__cifar10_cnn (340.0s)
2026-08-05 21:35:00 EVALUATED cifar-full-out-replace__non-iid__metric-privacy__fedavg__clients-16__seed-43__nm0p053328__clip5__rounds-20__epochs-5__cifar_chunks__cifar10_cnn round=1 (checkpoint deleted)
2026-08-05 21:35:05 EVALUATED cifar-full-out-replace__non-iid__metric-privacy__fedavg__clients-16__seed-43__nm0p053328__clip5__rounds-20__epochs-5__cifar_chunks__cifar10_cnn round=2 (checkpoint deleted)
2026-08-05 21:35:09 EVALUATED cifar-full-out-replace__non-iid__metric-privacy__fedavg__clients-16__seed-43__nm0p053328__clip5__rounds-20__epochs-5__cifar_chunks__cifar10_cnn round=3 (checkpoint deleted)
2026-08-05 21:35:13 EVALUATED cifar-full-out-replace__non-iid__metric-privacy__fedavg__clients-16__seed-43__nm0p053328__clip5__rounds-20__epochs-5__cifar_chunks__cifar10_cnn round=4 (checkpoint deleted)
2026-08-05 21:35:17 EVALUATED cifar-full-out-replace__non-iid__metric-privacy__fedavg__clients-16__seed-43__nm0p053328__clip5__rounds-20__epochs-5__cifar_chunks__cifar10_cnn round=5 (checkpoint deleted)
2026-08-05 21:35:22 EVALUATED cifar-full-out-replace__non-iid__metric-privacy__fedavg__clients-16__seed-43__nm0p053328__clip5__rounds-20__epochs-5__cifar_chunks__cifar10_cnn round=6 (checkpoint deleted)
2026-08-05 21:35:26 EVALUATED cifar-full-out-replace__non-iid__metric-privacy__fedavg__clients-16__seed-43__nm0p053328__clip5__rounds-20__epochs-5__cifar_chunks__cifar10_cnn round=7 (checkpoint deleted)
2026-08-05 21:35:30 EVALUATED cifar-full-out-replace__non-iid__metric-privacy__fedavg__clients-16__seed-43__nm0p053328__clip5__rounds-20__epochs-5__cifar_chunks__cifar10_cnn round=8 (checkpoint deleted)
2026-08-05 21:35:35 EVALUATED cifar-full-out-replace__non-iid__metric-privacy__fedavg__clients-16__seed-43__nm0p053328__clip5__rounds-20__epochs-5__cifar_chunks__cifar10_cnn round=9 (checkpoint deleted)
2026-08-05 21:35:39 EVALUATED cifar-full-out-replace__non-iid__metric-privacy__fedavg__clients-16__seed-43__nm0p053328__clip5__rounds-20__epochs-5__cifar_chunks__cifar10_cnn round=10 (checkpoint deleted)
2026-08-05 21:35:43 EVALUATED cifar-full-out-replace__non-iid__metric-privacy__fedavg__clients-16__seed-43__nm0p053328__clip5__rounds-20__epochs-5__cifar_chunks__cifar10_cnn round=11 (checkpoint deleted)
2026-08-05 21:35:47 EVALUATED cifar-full-out-replace__non-iid__metric-privacy__fedavg__clients-16__seed-43__nm0p053328__clip5__rounds-20__epochs-5__cifar_chunks__cifar10_cnn round=12 (checkpoint deleted)
2026-08-05 21:35:52 EVALUATED cifar-full-out-replace__non-iid__metric-privacy__fedavg__clients-16__seed-43__nm0p053328__clip5__rounds-20__epochs-5__cifar_chunks__cifar10_cnn round=13 (checkpoint deleted)
2026-08-05 21:35:56 EVALUATED cifar-full-out-replace__non-iid__metric-privacy__fedavg__clients-16__seed-43__nm0p053328__clip5__rounds-20__epochs-5__cifar_chunks__cifar10_cnn round=14 (checkpoint deleted)
2026-08-05 21:36:00 EVALUATED cifar-full-out-replace__non-iid__metric-privacy__fedavg__clients-16__seed-43__nm0p053328__clip5__rounds-20__epochs-5__cifar_chunks__cifar10_cnn round=15 (checkpoint deleted)
2026-08-05 21:36:05 EVALUATED cifar-full-out-replace__non-iid__metric-privacy__fedavg__clients-16__seed-43__nm0p053328__clip5__rounds-20__epochs-5__cifar_chunks__cifar10_cnn round=16 (checkpoint deleted)
2026-08-05 21:36:09 EVALUATED cifar-full-out-replace__non-iid__metric-privacy__fedavg__clients-16__seed-43__nm0p053328__clip5__rounds-20__epochs-5__cifar_chunks__cifar10_cnn round=17 (checkpoint deleted)
2026-08-05 21:36:13 EVALUATED cifar-full-out-replace__non-iid__metric-privacy__fedavg__clients-16__seed-43__nm0p053328__clip5__rounds-20__epochs-5__cifar_chunks__cifar10_cnn round=18 (checkpoint deleted)
2026-08-05 21:36:17 EVALUATED cifar-full-out-replace__non-iid__metric-privacy__fedavg__clients-16__seed-43__nm0p053328__clip5__rounds-20__epochs-5__cifar_chunks__cifar10_cnn round=19 (checkpoint deleted)
2026-08-05 21:36:22 EVALUATED cifar-full-out-replace__non-iid__metric-privacy__fedavg__clients-16__seed-43__nm0p053328__clip5__rounds-20__epochs-5__cifar_chunks__cifar10_cnn round=20 (checkpoint deleted)
2026-08-05 21:36:22 PROGRESS 2/2 (0 failed so far)
2026-08-05 21:36:22 Sweep finished: 2/2 attempted, 0 failed
