2026-08-14 01:07:12 CIFAR-10 removal CIA chunk (global-dp, clients=100, noise_ratio=0.0025): 2 trajectories
2026-08-14 01:07:12 START cifar10-in-remove__non-iid__global-dp__fedavg__clients-100__seed-42__nm0p25__clip5__rounds-20__epochs-5__cifar10_remove__cifar10_cnn 
2026-08-14 01:25:37 DONE  cifar10-in-remove__non-iid__global-dp__fedavg__clients-100__seed-42__nm0p25__clip5__rounds-20__epochs-5__cifar10_remove__cifar10_cnn (1105.2s)
2026-08-14 01:25:45 EVALUATED cifar10-in-remove__non-iid__global-dp__fedavg__clients-100__seed-42__nm0p25__clip5__rounds-20__epochs-5__cifar10_remove__cifar10_cnn round=1 (checkpoint deleted)
2026-08-14 01:25:50 EVALUATED cifar10-in-remove__non-iid__global-dp__fedavg__clients-100__seed-42__nm0p25__clip5__rounds-20__epochs-5__cifar10_remove__cifar10_cnn round=2 (checkpoint deleted)
2026-08-14 01:25:54 EVALUATED cifar10-in-remove__non-iid__global-dp__fedavg__clients-100__seed-42__nm0p25__clip5__rounds-20__epochs-5__cifar10_remove__cifar10_cnn round=3 (checkpoint deleted)
2026-08-14 01:25:59 EVALUATED cifar10-in-remove__non-iid__global-dp__fedavg__clients-100__seed-42__nm0p25__clip5__rounds-20__epochs-5__cifar10_remove__cifar10_cnn round=4 (checkpoint deleted)
2026-08-14 01:26:03 EVALUATED cifar10-in-remove__non-iid__global-dp__fedavg__clients-100__seed-42__nm0p25__clip5__rounds-20__epochs-5__cifar10_remove__cifar10_cnn round=5 (checkpoint deleted)
2026-08-14 01:26:08 EVALUATED cifar10-in-remove__non-iid__global-dp__fedavg__clients-100__seed-42__nm0p25__clip5__rounds-20__epochs-5__cifar10_remove__cifar10_cnn round=6 (checkpoint deleted)
2026-08-14 01:26:12 EVALUATED cifar10-in-remove__non-iid__global-dp__fedavg__clients-100__seed-42__nm0p25__clip5__rounds-20__epochs-5__cifar10_remove__cifar10_cnn round=7 (checkpoint deleted)
2026-08-14 01:26:17 EVALUATED cifar10-in-remove__non-iid__global-dp__fedavg__clients-100__seed-42__nm0p25__clip5__rounds-20__epochs-5__cifar10_remove__cifar10_cnn round=8 (checkpoint deleted)
2026-08-14 01:26:22 EVALUATED cifar10-in-remove__non-iid__global-dp__fedavg__clients-100__seed-42__nm0p25__clip5__rounds-20__epochs-5__cifar10_remove__cifar10_cnn round=9 (checkpoint deleted)
2026-08-14 01:26:26 EVALUATED cifar10-in-remove__non-iid__global-dp__fedavg__clients-100__seed-42__nm0p25__clip5__rounds-20__epochs-5__cifar10_remove__cifar10_cnn round=10 (checkpoint deleted)
2026-08-14 01:26:31 EVALUATED cifar10-in-remove__non-iid__global-dp__fedavg__clients-100__seed-42__nm0p25__clip5__rounds-20__epochs-5__cifar10_remove__cifar10_cnn round=11 (checkpoint deleted)
2026-08-14 01:26:35 EVALUATED cifar10-in-remove__non-iid__global-dp__fedavg__clients-100__seed-42__nm0p25__clip5__rounds-20__epochs-5__cifar10_remove__cifar10_cnn round=12 (checkpoint deleted)
2026-08-14 01:26:40 EVALUATED cifar10-in-remove__non-iid__global-dp__fedavg__clients-100__seed-42__nm0p25__clip5__rounds-20__epochs-5__cifar10_remove__cifar10_cnn round=13 (checkpoint deleted)
2026-08-14 01:26:44 EVALUATED cifar10-in-remove__non-iid__global-dp__fedavg__clients-100__seed-42__nm0p25__clip5__rounds-20__epochs-5__cifar10_remove__cifar10_cnn round=14 (checkpoint deleted)
2026-08-14 01:26:49 EVALUATED cifar10-in-remove__non-iid__global-dp__fedavg__clients-100__seed-42__nm0p25__clip5__rounds-20__epochs-5__cifar10_remove__cifar10_cnn round=15 (checkpoint deleted)
2026-08-14 01:26:54 EVALUATED cifar10-in-remove__non-iid__global-dp__fedavg__clients-100__seed-42__nm0p25__clip5__rounds-20__epochs-5__cifar10_remove__cifar10_cnn round=16 (checkpoint deleted)
2026-08-14 01:26:58 EVALUATED cifar10-in-remove__non-iid__global-dp__fedavg__clients-100__seed-42__nm0p25__clip5__rounds-20__epochs-5__cifar10_remove__cifar10_cnn round=17 (checkpoint deleted)
2026-08-14 01:27:03 EVALUATED cifar10-in-remove__non-iid__global-dp__fedavg__clients-100__seed-42__nm0p25__clip5__rounds-20__epochs-5__cifar10_remove__cifar10_cnn round=18 (checkpoint deleted)
2026-08-14 01:27:07 EVALUATED cifar10-in-remove__non-iid__global-dp__fedavg__clients-100__seed-42__nm0p25__clip5__rounds-20__epochs-5__cifar10_remove__cifar10_cnn round=19 (checkpoint deleted)
2026-08-14 01:27:12 EVALUATED cifar10-in-remove__non-iid__global-dp__fedavg__clients-100__seed-42__nm0p25__clip5__rounds-20__epochs-5__cifar10_remove__cifar10_cnn round=20 (checkpoint deleted)
2026-08-14 01:27:12 PROGRESS 1/2 (0 failed so far)
2026-08-14 01:27:12 START cifar10-out-remove__non-iid__global-dp__fedavg__clients-99__seed-42__nm0p2475__clip5__rounds-20__epochs-5__cifar10_remove__cifar10_cnn 
2026-08-14 01:45:25 DONE  cifar10-out-remove__non-iid__global-dp__fedavg__clients-99__seed-42__nm0p2475__clip5__rounds-20__epochs-5__cifar10_remove__cifar10_cnn (1093.5s)
2026-08-14 01:45:30 EVALUATED cifar10-out-remove__non-iid__global-dp__fedavg__clients-99__seed-42__nm0p2475__clip5__rounds-20__epochs-5__cifar10_remove__cifar10_cnn round=1 (checkpoint deleted)
2026-08-14 01:45:35 EVALUATED cifar10-out-remove__non-iid__global-dp__fedavg__clients-99__seed-42__nm0p2475__clip5__rounds-20__epochs-5__cifar10_remove__cifar10_cnn round=2 (checkpoint deleted)
2026-08-14 01:45:39 EVALUATED cifar10-out-remove__non-iid__global-dp__fedavg__clients-99__seed-42__nm0p2475__clip5__rounds-20__epochs-5__cifar10_remove__cifar10_cnn round=3 (checkpoint deleted)
2026-08-14 01:45:44 EVALUATED cifar10-out-remove__non-iid__global-dp__fedavg__clients-99__seed-42__nm0p2475__clip5__rounds-20__epochs-5__cifar10_remove__cifar10_cnn round=4 (checkpoint deleted)
2026-08-14 01:45:48 EVALUATED cifar10-out-remove__non-iid__global-dp__fedavg__clients-99__seed-42__nm0p2475__clip5__rounds-20__epochs-5__cifar10_remove__cifar10_cnn round=5 (checkpoint deleted)
2026-08-14 01:45:53 EVALUATED cifar10-out-remove__non-iid__global-dp__fedavg__clients-99__seed-42__nm0p2475__clip5__rounds-20__epochs-5__cifar10_remove__cifar10_cnn round=6 (checkpoint deleted)
2026-08-14 01:45:57 EVALUATED cifar10-out-remove__non-iid__global-dp__fedavg__clients-99__seed-42__nm0p2475__clip5__rounds-20__epochs-5__cifar10_remove__cifar10_cnn round=7 (checkpoint deleted)
2026-08-14 01:46:02 EVALUATED cifar10-out-remove__non-iid__global-dp__fedavg__clients-99__seed-42__nm0p2475__clip5__rounds-20__epochs-5__cifar10_remove__cifar10_cnn round=8 (checkpoint deleted)
2026-08-14 01:46:07 EVALUATED cifar10-out-remove__non-iid__global-dp__fedavg__clients-99__seed-42__nm0p2475__clip5__rounds-20__epochs-5__cifar10_remove__cifar10_cnn round=9 (checkpoint deleted)
2026-08-14 01:46:11 EVALUATED cifar10-out-remove__non-iid__global-dp__fedavg__clients-99__seed-42__nm0p2475__clip5__rounds-20__epochs-5__cifar10_remove__cifar10_cnn round=10 (checkpoint deleted)
2026-08-14 01:46:16 EVALUATED cifar10-out-remove__non-iid__global-dp__fedavg__clients-99__seed-42__nm0p2475__clip5__rounds-20__epochs-5__cifar10_remove__cifar10_cnn round=11 (checkpoint deleted)
2026-08-14 01:46:20 EVALUATED cifar10-out-remove__non-iid__global-dp__fedavg__clients-99__seed-42__nm0p2475__clip5__rounds-20__epochs-5__cifar10_remove__cifar10_cnn round=12 (checkpoint deleted)
2026-08-14 01:46:25 EVALUATED cifar10-out-remove__non-iid__global-dp__fedavg__clients-99__seed-42__nm0p2475__clip5__rounds-20__epochs-5__cifar10_remove__cifar10_cnn round=13 (checkpoint deleted)
2026-08-14 01:46:29 EVALUATED cifar10-out-remove__non-iid__global-dp__fedavg__clients-99__seed-42__nm0p2475__clip5__rounds-20__epochs-5__cifar10_remove__cifar10_cnn round=14 (checkpoint deleted)
2026-08-14 01:46:34 EVALUATED cifar10-out-remove__non-iid__global-dp__fedavg__clients-99__seed-42__nm0p2475__clip5__rounds-20__epochs-5__cifar10_remove__cifar10_cnn round=15 (checkpoint deleted)
2026-08-14 01:46:39 EVALUATED cifar10-out-remove__non-iid__global-dp__fedavg__clients-99__seed-42__nm0p2475__clip5__rounds-20__epochs-5__cifar10_remove__cifar10_cnn round=16 (checkpoint deleted)
2026-08-14 01:46:43 EVALUATED cifar10-out-remove__non-iid__global-dp__fedavg__clients-99__seed-42__nm0p2475__clip5__rounds-20__epochs-5__cifar10_remove__cifar10_cnn round=17 (checkpoint deleted)
2026-08-14 01:46:48 EVALUATED cifar10-out-remove__non-iid__global-dp__fedavg__clients-99__seed-42__nm0p2475__clip5__rounds-20__epochs-5__cifar10_remove__cifar10_cnn round=18 (checkpoint deleted)
2026-08-14 01:46:52 EVALUATED cifar10-out-remove__non-iid__global-dp__fedavg__clients-99__seed-42__nm0p2475__clip5__rounds-20__epochs-5__cifar10_remove__cifar10_cnn round=19 (checkpoint deleted)
2026-08-14 01:46:57 EVALUATED cifar10-out-remove__non-iid__global-dp__fedavg__clients-99__seed-42__nm0p2475__clip5__rounds-20__epochs-5__cifar10_remove__cifar10_cnn round=20 (checkpoint deleted)
2026-08-14 01:46:57 PROGRESS 2/2 (0 failed so far)
2026-08-14 01:46:57 Sweep finished: 2/2 attempted, 0 failed
