2026-08-11 19:25:32 CIFAR-10 removal CIA chunk (vanilla, clients=16): 1 trajectories
2026-08-11 19:25:32 START cifar10-out-remove__non-iid__vanilla__fedavg__clients-15__seed-42__nm0p0182__clip5__rounds-20__epochs-5__cifar10_remove__cifar10_cnn 
2026-08-11 19:36:42 DONE  cifar10-out-remove__non-iid__vanilla__fedavg__clients-15__seed-42__nm0p0182__clip5__rounds-20__epochs-5__cifar10_remove__cifar10_cnn (669.6s)
2026-08-11 19:36:51 EVALUATED cifar10-out-remove__non-iid__vanilla__fedavg__clients-15__seed-42__nm0p0182__clip5__rounds-20__epochs-5__cifar10_remove__cifar10_cnn round=1 (checkpoint deleted)
2026-08-11 19:36:57 EVALUATED cifar10-out-remove__non-iid__vanilla__fedavg__clients-15__seed-42__nm0p0182__clip5__rounds-20__epochs-5__cifar10_remove__cifar10_cnn round=2 (checkpoint deleted)
2026-08-11 19:37:02 EVALUATED cifar10-out-remove__non-iid__vanilla__fedavg__clients-15__seed-42__nm0p0182__clip5__rounds-20__epochs-5__cifar10_remove__cifar10_cnn round=3 (checkpoint deleted)
2026-08-11 19:37:08 EVALUATED cifar10-out-remove__non-iid__vanilla__fedavg__clients-15__seed-42__nm0p0182__clip5__rounds-20__epochs-5__cifar10_remove__cifar10_cnn round=4 (checkpoint deleted)
2026-08-11 19:37:14 EVALUATED cifar10-out-remove__non-iid__vanilla__fedavg__clients-15__seed-42__nm0p0182__clip5__rounds-20__epochs-5__cifar10_remove__cifar10_cnn round=5 (checkpoint deleted)
2026-08-11 19:37:20 EVALUATED cifar10-out-remove__non-iid__vanilla__fedavg__clients-15__seed-42__nm0p0182__clip5__rounds-20__epochs-5__cifar10_remove__cifar10_cnn round=6 (checkpoint deleted)
2026-08-11 19:37:26 EVALUATED cifar10-out-remove__non-iid__vanilla__fedavg__clients-15__seed-42__nm0p0182__clip5__rounds-20__epochs-5__cifar10_remove__cifar10_cnn round=7 (checkpoint deleted)
2026-08-11 19:37:31 EVALUATED cifar10-out-remove__non-iid__vanilla__fedavg__clients-15__seed-42__nm0p0182__clip5__rounds-20__epochs-5__cifar10_remove__cifar10_cnn round=8 (checkpoint deleted)
2026-08-11 19:37:37 EVALUATED cifar10-out-remove__non-iid__vanilla__fedavg__clients-15__seed-42__nm0p0182__clip5__rounds-20__epochs-5__cifar10_remove__cifar10_cnn round=9 (checkpoint deleted)
2026-08-11 19:37:43 EVALUATED cifar10-out-remove__non-iid__vanilla__fedavg__clients-15__seed-42__nm0p0182__clip5__rounds-20__epochs-5__cifar10_remove__cifar10_cnn round=10 (checkpoint deleted)
2026-08-11 19:37:49 EVALUATED cifar10-out-remove__non-iid__vanilla__fedavg__clients-15__seed-42__nm0p0182__clip5__rounds-20__epochs-5__cifar10_remove__cifar10_cnn round=11 (checkpoint deleted)
2026-08-11 19:37:54 EVALUATED cifar10-out-remove__non-iid__vanilla__fedavg__clients-15__seed-42__nm0p0182__clip5__rounds-20__epochs-5__cifar10_remove__cifar10_cnn round=12 (checkpoint deleted)
2026-08-11 19:38:00 EVALUATED cifar10-out-remove__non-iid__vanilla__fedavg__clients-15__seed-42__nm0p0182__clip5__rounds-20__epochs-5__cifar10_remove__cifar10_cnn round=13 (checkpoint deleted)
2026-08-11 19:38:06 EVALUATED cifar10-out-remove__non-iid__vanilla__fedavg__clients-15__seed-42__nm0p0182__clip5__rounds-20__epochs-5__cifar10_remove__cifar10_cnn round=14 (checkpoint deleted)
2026-08-11 19:38:12 EVALUATED cifar10-out-remove__non-iid__vanilla__fedavg__clients-15__seed-42__nm0p0182__clip5__rounds-20__epochs-5__cifar10_remove__cifar10_cnn round=15 (checkpoint deleted)
2026-08-11 19:38:18 EVALUATED cifar10-out-remove__non-iid__vanilla__fedavg__clients-15__seed-42__nm0p0182__clip5__rounds-20__epochs-5__cifar10_remove__cifar10_cnn round=16 (checkpoint deleted)
2026-08-11 19:38:23 EVALUATED cifar10-out-remove__non-iid__vanilla__fedavg__clients-15__seed-42__nm0p0182__clip5__rounds-20__epochs-5__cifar10_remove__cifar10_cnn round=17 (checkpoint deleted)
2026-08-11 19:38:29 EVALUATED cifar10-out-remove__non-iid__vanilla__fedavg__clients-15__seed-42__nm0p0182__clip5__rounds-20__epochs-5__cifar10_remove__cifar10_cnn round=18 (checkpoint deleted)
2026-08-11 19:38:35 EVALUATED cifar10-out-remove__non-iid__vanilla__fedavg__clients-15__seed-42__nm0p0182__clip5__rounds-20__epochs-5__cifar10_remove__cifar10_cnn round=19 (checkpoint deleted)
2026-08-11 19:38:41 EVALUATED cifar10-out-remove__non-iid__vanilla__fedavg__clients-15__seed-42__nm0p0182__clip5__rounds-20__epochs-5__cifar10_remove__cifar10_cnn round=20 (checkpoint deleted)
2026-08-11 19:38:41 PROGRESS 1/1 (0 failed so far)
2026-08-11 19:38:41 Sweep finished: 1/1 attempted, 0 failed
