2026-08-20 18:52:56 Alzheimer stage (metric-privacy, non-iid, seed=42, noise_ratio=0.000311338674520585): 2 trajectories
2026-08-20 18:52:56 START alzheimer-in-remove__non-iid__metric-privacy__fedavg__clients-48__seed-42__nm0p0149443__clip5__rounds-100__epochs-5__alzheimer_remove__paper_cnn 
2026-08-20 19:19:33 DONE  alzheimer-in-remove__non-iid__metric-privacy__fedavg__clients-48__seed-42__nm0p0149443__clip5__rounds-100__epochs-5__alzheimer_remove__paper_cnn (1597.5s)
2026-08-20 19:19:34 EVALUATED alzheimer-in-remove__non-iid__metric-privacy__fedavg__clients-48__seed-42__nm0p0149443__clip5__rounds-100__epochs-5__alzheimer_remove__paper_cnn round=1 (checkpoint deleted)
2026-08-20 19:19:34 EVALUATED alzheimer-in-remove__non-iid__metric-privacy__fedavg__clients-48__seed-42__nm0p0149443__clip5__rounds-100__epochs-5__alzheimer_remove__paper_cnn round=10 (checkpoint deleted)
2026-08-20 19:19:35 EVALUATED alzheimer-in-remove__non-iid__metric-privacy__fedavg__clients-48__seed-42__nm0p0149443__clip5__rounds-100__epochs-5__alzheimer_remove__paper_cnn round=20 (checkpoint deleted)
2026-08-20 19:19:35 EVALUATED alzheimer-in-remove__non-iid__metric-privacy__fedavg__clients-48__seed-42__nm0p0149443__clip5__rounds-100__epochs-5__alzheimer_remove__paper_cnn round=30 (checkpoint deleted)
2026-08-20 19:19:36 EVALUATED alzheimer-in-remove__non-iid__metric-privacy__fedavg__clients-48__seed-42__nm0p0149443__clip5__rounds-100__epochs-5__alzheimer_remove__paper_cnn round=40 (checkpoint deleted)
2026-08-20 19:19:36 EVALUATED alzheimer-in-remove__non-iid__metric-privacy__fedavg__clients-48__seed-42__nm0p0149443__clip5__rounds-100__epochs-5__alzheimer_remove__paper_cnn round=50 (checkpoint deleted)
2026-08-20 19:19:37 EVALUATED alzheimer-in-remove__non-iid__metric-privacy__fedavg__clients-48__seed-42__nm0p0149443__clip5__rounds-100__epochs-5__alzheimer_remove__paper_cnn round=60 (checkpoint deleted)
2026-08-20 19:19:37 EVALUATED alzheimer-in-remove__non-iid__metric-privacy__fedavg__clients-48__seed-42__nm0p0149443__clip5__rounds-100__epochs-5__alzheimer_remove__paper_cnn round=70 (checkpoint deleted)
2026-08-20 19:19:38 EVALUATED alzheimer-in-remove__non-iid__metric-privacy__fedavg__clients-48__seed-42__nm0p0149443__clip5__rounds-100__epochs-5__alzheimer_remove__paper_cnn round=80 (checkpoint deleted)
2026-08-20 19:19:38 EVALUATED alzheimer-in-remove__non-iid__metric-privacy__fedavg__clients-48__seed-42__nm0p0149443__clip5__rounds-100__epochs-5__alzheimer_remove__paper_cnn round=90 (checkpoint deleted)
2026-08-20 19:19:39 EVALUATED alzheimer-in-remove__non-iid__metric-privacy__fedavg__clients-48__seed-42__nm0p0149443__clip5__rounds-100__epochs-5__alzheimer_remove__paper_cnn round=100 (checkpoint deleted)
2026-08-20 19:19:39 PROGRESS 1/2 (0 failed so far)
2026-08-20 19:19:39 START alzheimer-out-remove__non-iid__metric-privacy__fedavg__clients-47__seed-42__nm0p0146329__clip5__rounds-100__epochs-5__alzheimer_remove__paper_cnn 
2026-08-20 19:45:14 DONE  alzheimer-out-remove__non-iid__metric-privacy__fedavg__clients-47__seed-42__nm0p0146329__clip5__rounds-100__epochs-5__alzheimer_remove__paper_cnn (1534.5s)
2026-08-20 19:45:14 EVALUATED alzheimer-out-remove__non-iid__metric-privacy__fedavg__clients-47__seed-42__nm0p0146329__clip5__rounds-100__epochs-5__alzheimer_remove__paper_cnn round=1 (checkpoint deleted)
2026-08-20 19:45:15 EVALUATED alzheimer-out-remove__non-iid__metric-privacy__fedavg__clients-47__seed-42__nm0p0146329__clip5__rounds-100__epochs-5__alzheimer_remove__paper_cnn round=10 (checkpoint deleted)
2026-08-20 19:45:15 EVALUATED alzheimer-out-remove__non-iid__metric-privacy__fedavg__clients-47__seed-42__nm0p0146329__clip5__rounds-100__epochs-5__alzheimer_remove__paper_cnn round=20 (checkpoint deleted)
2026-08-20 19:45:16 EVALUATED alzheimer-out-remove__non-iid__metric-privacy__fedavg__clients-47__seed-42__nm0p0146329__clip5__rounds-100__epochs-5__alzheimer_remove__paper_cnn round=30 (checkpoint deleted)
2026-08-20 19:45:16 EVALUATED alzheimer-out-remove__non-iid__metric-privacy__fedavg__clients-47__seed-42__nm0p0146329__clip5__rounds-100__epochs-5__alzheimer_remove__paper_cnn round=40 (checkpoint deleted)
2026-08-20 19:45:17 EVALUATED alzheimer-out-remove__non-iid__metric-privacy__fedavg__clients-47__seed-42__nm0p0146329__clip5__rounds-100__epochs-5__alzheimer_remove__paper_cnn round=50 (checkpoint deleted)
2026-08-20 19:45:17 EVALUATED alzheimer-out-remove__non-iid__metric-privacy__fedavg__clients-47__seed-42__nm0p0146329__clip5__rounds-100__epochs-5__alzheimer_remove__paper_cnn round=60 (checkpoint deleted)
2026-08-20 19:45:18 EVALUATED alzheimer-out-remove__non-iid__metric-privacy__fedavg__clients-47__seed-42__nm0p0146329__clip5__rounds-100__epochs-5__alzheimer_remove__paper_cnn round=70 (checkpoint deleted)
2026-08-20 19:45:18 EVALUATED alzheimer-out-remove__non-iid__metric-privacy__fedavg__clients-47__seed-42__nm0p0146329__clip5__rounds-100__epochs-5__alzheimer_remove__paper_cnn round=80 (checkpoint deleted)
2026-08-20 19:45:19 EVALUATED alzheimer-out-remove__non-iid__metric-privacy__fedavg__clients-47__seed-42__nm0p0146329__clip5__rounds-100__epochs-5__alzheimer_remove__paper_cnn round=90 (checkpoint deleted)
2026-08-20 19:45:19 EVALUATED alzheimer-out-remove__non-iid__metric-privacy__fedavg__clients-47__seed-42__nm0p0146329__clip5__rounds-100__epochs-5__alzheimer_remove__paper_cnn round=100 (checkpoint deleted)
2026-08-20 19:45:19 PROGRESS 2/2 (0 failed so far)
2026-08-20 19:45:19 Sweep finished: 2/2 attempted, 0 failed
