2026-08-05 18:10:25 Starting full chunk: 2 trajectories
2026-08-05 18:10:25 START cifar-full-in-replace__non-iid__global-dp__fedavg__clients-8__seed-44__nm0p02__clip5__rounds-20__epochs-5__cifar_chunks__cifar10_cnn 
2026-08-05 18:14:51 DONE  cifar-full-in-replace__non-iid__global-dp__fedavg__clients-8__seed-44__nm0p02__clip5__rounds-20__epochs-5__cifar_chunks__cifar10_cnn (265.2s)
2026-08-05 18:14:58 EVALUATED cifar-full-in-replace__non-iid__global-dp__fedavg__clients-8__seed-44__nm0p02__clip5__rounds-20__epochs-5__cifar_chunks__cifar10_cnn round=1 (checkpoint deleted)
2026-08-05 18:15:03 EVALUATED cifar-full-in-replace__non-iid__global-dp__fedavg__clients-8__seed-44__nm0p02__clip5__rounds-20__epochs-5__cifar_chunks__cifar10_cnn round=2 (checkpoint deleted)
2026-08-05 18:15:07 EVALUATED cifar-full-in-replace__non-iid__global-dp__fedavg__clients-8__seed-44__nm0p02__clip5__rounds-20__epochs-5__cifar_chunks__cifar10_cnn round=3 (checkpoint deleted)
2026-08-05 18:15:11 EVALUATED cifar-full-in-replace__non-iid__global-dp__fedavg__clients-8__seed-44__nm0p02__clip5__rounds-20__epochs-5__cifar_chunks__cifar10_cnn round=4 (checkpoint deleted)
2026-08-05 18:15:16 EVALUATED cifar-full-in-replace__non-iid__global-dp__fedavg__clients-8__seed-44__nm0p02__clip5__rounds-20__epochs-5__cifar_chunks__cifar10_cnn round=5 (checkpoint deleted)
2026-08-05 18:15:20 EVALUATED cifar-full-in-replace__non-iid__global-dp__fedavg__clients-8__seed-44__nm0p02__clip5__rounds-20__epochs-5__cifar_chunks__cifar10_cnn round=6 (checkpoint deleted)
2026-08-05 18:15:25 EVALUATED cifar-full-in-replace__non-iid__global-dp__fedavg__clients-8__seed-44__nm0p02__clip5__rounds-20__epochs-5__cifar_chunks__cifar10_cnn round=7 (checkpoint deleted)
2026-08-05 18:15:29 EVALUATED cifar-full-in-replace__non-iid__global-dp__fedavg__clients-8__seed-44__nm0p02__clip5__rounds-20__epochs-5__cifar_chunks__cifar10_cnn round=8 (checkpoint deleted)
2026-08-05 18:15:33 EVALUATED cifar-full-in-replace__non-iid__global-dp__fedavg__clients-8__seed-44__nm0p02__clip5__rounds-20__epochs-5__cifar_chunks__cifar10_cnn round=9 (checkpoint deleted)
2026-08-05 18:15:38 EVALUATED cifar-full-in-replace__non-iid__global-dp__fedavg__clients-8__seed-44__nm0p02__clip5__rounds-20__epochs-5__cifar_chunks__cifar10_cnn round=10 (checkpoint deleted)
2026-08-05 18:15:42 EVALUATED cifar-full-in-replace__non-iid__global-dp__fedavg__clients-8__seed-44__nm0p02__clip5__rounds-20__epochs-5__cifar_chunks__cifar10_cnn round=11 (checkpoint deleted)
2026-08-05 18:15:46 EVALUATED cifar-full-in-replace__non-iid__global-dp__fedavg__clients-8__seed-44__nm0p02__clip5__rounds-20__epochs-5__cifar_chunks__cifar10_cnn round=12 (checkpoint deleted)
2026-08-05 18:15:51 EVALUATED cifar-full-in-replace__non-iid__global-dp__fedavg__clients-8__seed-44__nm0p02__clip5__rounds-20__epochs-5__cifar_chunks__cifar10_cnn round=13 (checkpoint deleted)
2026-08-05 18:15:55 EVALUATED cifar-full-in-replace__non-iid__global-dp__fedavg__clients-8__seed-44__nm0p02__clip5__rounds-20__epochs-5__cifar_chunks__cifar10_cnn round=14 (checkpoint deleted)
2026-08-05 18:16:00 EVALUATED cifar-full-in-replace__non-iid__global-dp__fedavg__clients-8__seed-44__nm0p02__clip5__rounds-20__epochs-5__cifar_chunks__cifar10_cnn round=15 (checkpoint deleted)
2026-08-05 18:16:04 EVALUATED cifar-full-in-replace__non-iid__global-dp__fedavg__clients-8__seed-44__nm0p02__clip5__rounds-20__epochs-5__cifar_chunks__cifar10_cnn round=16 (checkpoint deleted)
2026-08-05 18:16:08 EVALUATED cifar-full-in-replace__non-iid__global-dp__fedavg__clients-8__seed-44__nm0p02__clip5__rounds-20__epochs-5__cifar_chunks__cifar10_cnn round=17 (checkpoint deleted)
2026-08-05 18:16:13 EVALUATED cifar-full-in-replace__non-iid__global-dp__fedavg__clients-8__seed-44__nm0p02__clip5__rounds-20__epochs-5__cifar_chunks__cifar10_cnn round=18 (checkpoint deleted)
2026-08-05 18:16:17 EVALUATED cifar-full-in-replace__non-iid__global-dp__fedavg__clients-8__seed-44__nm0p02__clip5__rounds-20__epochs-5__cifar_chunks__cifar10_cnn round=19 (checkpoint deleted)
2026-08-05 18:16:21 EVALUATED cifar-full-in-replace__non-iid__global-dp__fedavg__clients-8__seed-44__nm0p02__clip5__rounds-20__epochs-5__cifar_chunks__cifar10_cnn round=20 (checkpoint deleted)
2026-08-05 18:16:21 PROGRESS 1/2 (0 failed so far)
2026-08-05 18:16:21 START cifar-full-in-replace__non-iid__metric-privacy__fedavg__clients-8__seed-44__nm0p02__clip5__rounds-20__epochs-5__cifar_chunks__cifar10_cnn 
2026-08-05 18:20:50 DONE  cifar-full-in-replace__non-iid__metric-privacy__fedavg__clients-8__seed-44__nm0p02__clip5__rounds-20__epochs-5__cifar_chunks__cifar10_cnn (268.7s)
2026-08-05 18:20:54 EVALUATED cifar-full-in-replace__non-iid__metric-privacy__fedavg__clients-8__seed-44__nm0p02__clip5__rounds-20__epochs-5__cifar_chunks__cifar10_cnn round=1 (checkpoint deleted)
2026-08-05 18:20:59 EVALUATED cifar-full-in-replace__non-iid__metric-privacy__fedavg__clients-8__seed-44__nm0p02__clip5__rounds-20__epochs-5__cifar_chunks__cifar10_cnn round=2 (checkpoint deleted)
2026-08-05 18:21:03 EVALUATED cifar-full-in-replace__non-iid__metric-privacy__fedavg__clients-8__seed-44__nm0p02__clip5__rounds-20__epochs-5__cifar_chunks__cifar10_cnn round=3 (checkpoint deleted)
2026-08-05 18:21:08 EVALUATED cifar-full-in-replace__non-iid__metric-privacy__fedavg__clients-8__seed-44__nm0p02__clip5__rounds-20__epochs-5__cifar_chunks__cifar10_cnn round=4 (checkpoint deleted)
2026-08-05 18:21:12 EVALUATED cifar-full-in-replace__non-iid__metric-privacy__fedavg__clients-8__seed-44__nm0p02__clip5__rounds-20__epochs-5__cifar_chunks__cifar10_cnn round=5 (checkpoint deleted)
2026-08-05 18:21:16 EVALUATED cifar-full-in-replace__non-iid__metric-privacy__fedavg__clients-8__seed-44__nm0p02__clip5__rounds-20__epochs-5__cifar_chunks__cifar10_cnn round=6 (checkpoint deleted)
2026-08-05 18:21:21 EVALUATED cifar-full-in-replace__non-iid__metric-privacy__fedavg__clients-8__seed-44__nm0p02__clip5__rounds-20__epochs-5__cifar_chunks__cifar10_cnn round=7 (checkpoint deleted)
2026-08-05 18:21:25 EVALUATED cifar-full-in-replace__non-iid__metric-privacy__fedavg__clients-8__seed-44__nm0p02__clip5__rounds-20__epochs-5__cifar_chunks__cifar10_cnn round=8 (checkpoint deleted)
2026-08-05 18:21:30 EVALUATED cifar-full-in-replace__non-iid__metric-privacy__fedavg__clients-8__seed-44__nm0p02__clip5__rounds-20__epochs-5__cifar_chunks__cifar10_cnn round=9 (checkpoint deleted)
2026-08-05 18:21:34 EVALUATED cifar-full-in-replace__non-iid__metric-privacy__fedavg__clients-8__seed-44__nm0p02__clip5__rounds-20__epochs-5__cifar_chunks__cifar10_cnn round=10 (checkpoint deleted)
2026-08-05 18:21:38 EVALUATED cifar-full-in-replace__non-iid__metric-privacy__fedavg__clients-8__seed-44__nm0p02__clip5__rounds-20__epochs-5__cifar_chunks__cifar10_cnn round=11 (checkpoint deleted)
2026-08-05 18:21:43 EVALUATED cifar-full-in-replace__non-iid__metric-privacy__fedavg__clients-8__seed-44__nm0p02__clip5__rounds-20__epochs-5__cifar_chunks__cifar10_cnn round=12 (checkpoint deleted)
2026-08-05 18:21:47 EVALUATED cifar-full-in-replace__non-iid__metric-privacy__fedavg__clients-8__seed-44__nm0p02__clip5__rounds-20__epochs-5__cifar_chunks__cifar10_cnn round=13 (checkpoint deleted)
2026-08-05 18:21:51 EVALUATED cifar-full-in-replace__non-iid__metric-privacy__fedavg__clients-8__seed-44__nm0p02__clip5__rounds-20__epochs-5__cifar_chunks__cifar10_cnn round=14 (checkpoint deleted)
2026-08-05 18:21:56 EVALUATED cifar-full-in-replace__non-iid__metric-privacy__fedavg__clients-8__seed-44__nm0p02__clip5__rounds-20__epochs-5__cifar_chunks__cifar10_cnn round=15 (checkpoint deleted)
2026-08-05 18:22:00 EVALUATED cifar-full-in-replace__non-iid__metric-privacy__fedavg__clients-8__seed-44__nm0p02__clip5__rounds-20__epochs-5__cifar_chunks__cifar10_cnn round=16 (checkpoint deleted)
2026-08-05 18:22:05 EVALUATED cifar-full-in-replace__non-iid__metric-privacy__fedavg__clients-8__seed-44__nm0p02__clip5__rounds-20__epochs-5__cifar_chunks__cifar10_cnn round=17 (checkpoint deleted)
2026-08-05 18:22:09 EVALUATED cifar-full-in-replace__non-iid__metric-privacy__fedavg__clients-8__seed-44__nm0p02__clip5__rounds-20__epochs-5__cifar_chunks__cifar10_cnn round=18 (checkpoint deleted)
2026-08-05 18:22:13 EVALUATED cifar-full-in-replace__non-iid__metric-privacy__fedavg__clients-8__seed-44__nm0p02__clip5__rounds-20__epochs-5__cifar_chunks__cifar10_cnn round=19 (checkpoint deleted)
2026-08-05 18:22:18 EVALUATED cifar-full-in-replace__non-iid__metric-privacy__fedavg__clients-8__seed-44__nm0p02__clip5__rounds-20__epochs-5__cifar_chunks__cifar10_cnn round=20 (checkpoint deleted)
2026-08-05 18:22:18 PROGRESS 2/2 (0 failed so far)
2026-08-05 18:22:18 Sweep finished: 2/2 attempted, 0 failed
