2026-08-20 22:21:50 Alzheimer stage (metric-privacy, non-iid, seed=42, noise_ratio=0.00498141879232936): 2 trajectories
2026-08-20 22:21:50 START alzheimer-in-remove__non-iid__metric-privacy__fedavg__clients-48__seed-42__nm0p239108__clip5__rounds-100__epochs-5__alzheimer_remove__paper_cnn 
2026-08-20 22:44:30 DONE  alzheimer-in-remove__non-iid__metric-privacy__fedavg__clients-48__seed-42__nm0p239108__clip5__rounds-100__epochs-5__alzheimer_remove__paper_cnn (1360.9s)
2026-08-20 22:44:31 EVALUATED alzheimer-in-remove__non-iid__metric-privacy__fedavg__clients-48__seed-42__nm0p239108__clip5__rounds-100__epochs-5__alzheimer_remove__paper_cnn round=1 (checkpoint deleted)
2026-08-20 22:44:31 EVALUATED alzheimer-in-remove__non-iid__metric-privacy__fedavg__clients-48__seed-42__nm0p239108__clip5__rounds-100__epochs-5__alzheimer_remove__paper_cnn round=10 (checkpoint deleted)
2026-08-20 22:44:32 EVALUATED alzheimer-in-remove__non-iid__metric-privacy__fedavg__clients-48__seed-42__nm0p239108__clip5__rounds-100__epochs-5__alzheimer_remove__paper_cnn round=20 (checkpoint deleted)
2026-08-20 22:44:32 EVALUATED alzheimer-in-remove__non-iid__metric-privacy__fedavg__clients-48__seed-42__nm0p239108__clip5__rounds-100__epochs-5__alzheimer_remove__paper_cnn round=30 (checkpoint deleted)
2026-08-20 22:44:33 EVALUATED alzheimer-in-remove__non-iid__metric-privacy__fedavg__clients-48__seed-42__nm0p239108__clip5__rounds-100__epochs-5__alzheimer_remove__paper_cnn round=40 (checkpoint deleted)
2026-08-20 22:44:33 EVALUATED alzheimer-in-remove__non-iid__metric-privacy__fedavg__clients-48__seed-42__nm0p239108__clip5__rounds-100__epochs-5__alzheimer_remove__paper_cnn round=50 (checkpoint deleted)
2026-08-20 22:44:34 EVALUATED alzheimer-in-remove__non-iid__metric-privacy__fedavg__clients-48__seed-42__nm0p239108__clip5__rounds-100__epochs-5__alzheimer_remove__paper_cnn round=60 (checkpoint deleted)
2026-08-20 22:44:34 EVALUATED alzheimer-in-remove__non-iid__metric-privacy__fedavg__clients-48__seed-42__nm0p239108__clip5__rounds-100__epochs-5__alzheimer_remove__paper_cnn round=70 (checkpoint deleted)
2026-08-20 22:44:35 EVALUATED alzheimer-in-remove__non-iid__metric-privacy__fedavg__clients-48__seed-42__nm0p239108__clip5__rounds-100__epochs-5__alzheimer_remove__paper_cnn round=80 (checkpoint deleted)
2026-08-20 22:44:35 EVALUATED alzheimer-in-remove__non-iid__metric-privacy__fedavg__clients-48__seed-42__nm0p239108__clip5__rounds-100__epochs-5__alzheimer_remove__paper_cnn round=90 (checkpoint deleted)
2026-08-20 22:44:36 EVALUATED alzheimer-in-remove__non-iid__metric-privacy__fedavg__clients-48__seed-42__nm0p239108__clip5__rounds-100__epochs-5__alzheimer_remove__paper_cnn round=100 (checkpoint deleted)
2026-08-20 22:44:36 PROGRESS 1/2 (0 failed so far)
2026-08-20 22:44:36 START alzheimer-out-remove__non-iid__metric-privacy__fedavg__clients-47__seed-42__nm0p234127__clip5__rounds-100__epochs-5__alzheimer_remove__paper_cnn 
2026-08-20 23:06:20 DONE  alzheimer-out-remove__non-iid__metric-privacy__fedavg__clients-47__seed-42__nm0p234127__clip5__rounds-100__epochs-5__alzheimer_remove__paper_cnn (1304.2s)
2026-08-20 23:06:21 EVALUATED alzheimer-out-remove__non-iid__metric-privacy__fedavg__clients-47__seed-42__nm0p234127__clip5__rounds-100__epochs-5__alzheimer_remove__paper_cnn round=1 (checkpoint deleted)
2026-08-20 23:06:21 EVALUATED alzheimer-out-remove__non-iid__metric-privacy__fedavg__clients-47__seed-42__nm0p234127__clip5__rounds-100__epochs-5__alzheimer_remove__paper_cnn round=10 (checkpoint deleted)
2026-08-20 23:06:22 EVALUATED alzheimer-out-remove__non-iid__metric-privacy__fedavg__clients-47__seed-42__nm0p234127__clip5__rounds-100__epochs-5__alzheimer_remove__paper_cnn round=20 (checkpoint deleted)
2026-08-20 23:06:22 EVALUATED alzheimer-out-remove__non-iid__metric-privacy__fedavg__clients-47__seed-42__nm0p234127__clip5__rounds-100__epochs-5__alzheimer_remove__paper_cnn round=30 (checkpoint deleted)
2026-08-20 23:06:23 EVALUATED alzheimer-out-remove__non-iid__metric-privacy__fedavg__clients-47__seed-42__nm0p234127__clip5__rounds-100__epochs-5__alzheimer_remove__paper_cnn round=40 (checkpoint deleted)
2026-08-20 23:06:23 EVALUATED alzheimer-out-remove__non-iid__metric-privacy__fedavg__clients-47__seed-42__nm0p234127__clip5__rounds-100__epochs-5__alzheimer_remove__paper_cnn round=50 (checkpoint deleted)
2026-08-20 23:06:24 EVALUATED alzheimer-out-remove__non-iid__metric-privacy__fedavg__clients-47__seed-42__nm0p234127__clip5__rounds-100__epochs-5__alzheimer_remove__paper_cnn round=60 (checkpoint deleted)
2026-08-20 23:06:24 EVALUATED alzheimer-out-remove__non-iid__metric-privacy__fedavg__clients-47__seed-42__nm0p234127__clip5__rounds-100__epochs-5__alzheimer_remove__paper_cnn round=70 (checkpoint deleted)
2026-08-20 23:06:25 EVALUATED alzheimer-out-remove__non-iid__metric-privacy__fedavg__clients-47__seed-42__nm0p234127__clip5__rounds-100__epochs-5__alzheimer_remove__paper_cnn round=80 (checkpoint deleted)
2026-08-20 23:06:25 EVALUATED alzheimer-out-remove__non-iid__metric-privacy__fedavg__clients-47__seed-42__nm0p234127__clip5__rounds-100__epochs-5__alzheimer_remove__paper_cnn round=90 (checkpoint deleted)
2026-08-20 23:06:26 EVALUATED alzheimer-out-remove__non-iid__metric-privacy__fedavg__clients-47__seed-42__nm0p234127__clip5__rounds-100__epochs-5__alzheimer_remove__paper_cnn round=100 (checkpoint deleted)
2026-08-20 23:06:26 PROGRESS 2/2 (0 failed so far)
2026-08-20 23:06:26 Sweep finished: 2/2 attempted, 0 failed
