2026-08-19 01:04:59 EuroSAT stage (metric-privacy, homogeneous, seed=42, noise_ratio=0.0007730650439020523): 2 trajectories
2026-08-19 01:04:59 START eurosat-in-remove__homogeneous__metric-privacy__fedavg__clients-48__seed-42__nm0p0371071__clip5__rounds-100__epochs-5__eurosat_remove__eurosat_cnn 
2026-08-19 01:06:01 EuroSAT stage (metric-privacy, homogeneous, seed=42, noise_ratio=0.0007730650439020523): 2 trajectories
2026-08-19 01:06:01 START eurosat-in-remove__homogeneous__metric-privacy__fedavg__clients-48__seed-42__nm0p0371071__clip5__rounds-100__epochs-5__eurosat_remove__eurosat_cnn 
2026-08-19 01:24:13 DONE  eurosat-in-remove__homogeneous__metric-privacy__fedavg__clients-48__seed-42__nm0p0371071__clip5__rounds-100__epochs-5__eurosat_remove__eurosat_cnn (1092.8s)
2026-08-19 01:24:17 EVALUATED eurosat-in-remove__homogeneous__metric-privacy__fedavg__clients-48__seed-42__nm0p0371071__clip5__rounds-100__epochs-5__eurosat_remove__eurosat_cnn round=1 (checkpoint deleted)
2026-08-19 01:24:18 EVALUATED eurosat-in-remove__homogeneous__metric-privacy__fedavg__clients-48__seed-42__nm0p0371071__clip5__rounds-100__epochs-5__eurosat_remove__eurosat_cnn round=10 (checkpoint deleted)
2026-08-19 01:24:20 EVALUATED eurosat-in-remove__homogeneous__metric-privacy__fedavg__clients-48__seed-42__nm0p0371071__clip5__rounds-100__epochs-5__eurosat_remove__eurosat_cnn round=20 (checkpoint deleted)
2026-08-19 01:24:21 EVALUATED eurosat-in-remove__homogeneous__metric-privacy__fedavg__clients-48__seed-42__nm0p0371071__clip5__rounds-100__epochs-5__eurosat_remove__eurosat_cnn round=30 (checkpoint deleted)
2026-08-19 01:24:22 EVALUATED eurosat-in-remove__homogeneous__metric-privacy__fedavg__clients-48__seed-42__nm0p0371071__clip5__rounds-100__epochs-5__eurosat_remove__eurosat_cnn round=40 (checkpoint deleted)
2026-08-19 01:24:23 EVALUATED eurosat-in-remove__homogeneous__metric-privacy__fedavg__clients-48__seed-42__nm0p0371071__clip5__rounds-100__epochs-5__eurosat_remove__eurosat_cnn round=50 (checkpoint deleted)
2026-08-19 01:24:25 EVALUATED eurosat-in-remove__homogeneous__metric-privacy__fedavg__clients-48__seed-42__nm0p0371071__clip5__rounds-100__epochs-5__eurosat_remove__eurosat_cnn round=60 (checkpoint deleted)
2026-08-19 01:24:26 EVALUATED eurosat-in-remove__homogeneous__metric-privacy__fedavg__clients-48__seed-42__nm0p0371071__clip5__rounds-100__epochs-5__eurosat_remove__eurosat_cnn round=70 (checkpoint deleted)
2026-08-19 01:24:27 EVALUATED eurosat-in-remove__homogeneous__metric-privacy__fedavg__clients-48__seed-42__nm0p0371071__clip5__rounds-100__epochs-5__eurosat_remove__eurosat_cnn round=80 (checkpoint deleted)
2026-08-19 01:24:29 EVALUATED eurosat-in-remove__homogeneous__metric-privacy__fedavg__clients-48__seed-42__nm0p0371071__clip5__rounds-100__epochs-5__eurosat_remove__eurosat_cnn round=90 (checkpoint deleted)
2026-08-19 01:24:30 EVALUATED eurosat-in-remove__homogeneous__metric-privacy__fedavg__clients-48__seed-42__nm0p0371071__clip5__rounds-100__epochs-5__eurosat_remove__eurosat_cnn round=100 (checkpoint deleted)
2026-08-19 01:24:30 PROGRESS 1/2 (0 failed so far)
2026-08-19 01:24:30 START eurosat-out-remove__homogeneous__metric-privacy__fedavg__clients-47__seed-42__nm0p0363341__clip5__rounds-100__epochs-5__eurosat_remove__eurosat_cnn 
2026-08-19 01:42:26 DONE  eurosat-out-remove__homogeneous__metric-privacy__fedavg__clients-47__seed-42__nm0p0363341__clip5__rounds-100__epochs-5__eurosat_remove__eurosat_cnn (1076.4s)
2026-08-19 01:42:28 EVALUATED eurosat-out-remove__homogeneous__metric-privacy__fedavg__clients-47__seed-42__nm0p0363341__clip5__rounds-100__epochs-5__eurosat_remove__eurosat_cnn round=1 (checkpoint deleted)
2026-08-19 01:42:29 EVALUATED eurosat-out-remove__homogeneous__metric-privacy__fedavg__clients-47__seed-42__nm0p0363341__clip5__rounds-100__epochs-5__eurosat_remove__eurosat_cnn round=10 (checkpoint deleted)
2026-08-19 01:42:30 EVALUATED eurosat-out-remove__homogeneous__metric-privacy__fedavg__clients-47__seed-42__nm0p0363341__clip5__rounds-100__epochs-5__eurosat_remove__eurosat_cnn round=20 (checkpoint deleted)
2026-08-19 01:42:31 EVALUATED eurosat-out-remove__homogeneous__metric-privacy__fedavg__clients-47__seed-42__nm0p0363341__clip5__rounds-100__epochs-5__eurosat_remove__eurosat_cnn round=30 (checkpoint deleted)
2026-08-19 01:42:33 EVALUATED eurosat-out-remove__homogeneous__metric-privacy__fedavg__clients-47__seed-42__nm0p0363341__clip5__rounds-100__epochs-5__eurosat_remove__eurosat_cnn round=40 (checkpoint deleted)
2026-08-19 01:42:34 EVALUATED eurosat-out-remove__homogeneous__metric-privacy__fedavg__clients-47__seed-42__nm0p0363341__clip5__rounds-100__epochs-5__eurosat_remove__eurosat_cnn round=50 (checkpoint deleted)
2026-08-19 01:42:35 EVALUATED eurosat-out-remove__homogeneous__metric-privacy__fedavg__clients-47__seed-42__nm0p0363341__clip5__rounds-100__epochs-5__eurosat_remove__eurosat_cnn round=60 (checkpoint deleted)
2026-08-19 01:42:37 EVALUATED eurosat-out-remove__homogeneous__metric-privacy__fedavg__clients-47__seed-42__nm0p0363341__clip5__rounds-100__epochs-5__eurosat_remove__eurosat_cnn round=70 (checkpoint deleted)
2026-08-19 01:42:38 EVALUATED eurosat-out-remove__homogeneous__metric-privacy__fedavg__clients-47__seed-42__nm0p0363341__clip5__rounds-100__epochs-5__eurosat_remove__eurosat_cnn round=80 (checkpoint deleted)
2026-08-19 01:42:39 EVALUATED eurosat-out-remove__homogeneous__metric-privacy__fedavg__clients-47__seed-42__nm0p0363341__clip5__rounds-100__epochs-5__eurosat_remove__eurosat_cnn round=90 (checkpoint deleted)
2026-08-19 01:42:41 EVALUATED eurosat-out-remove__homogeneous__metric-privacy__fedavg__clients-47__seed-42__nm0p0363341__clip5__rounds-100__epochs-5__eurosat_remove__eurosat_cnn round=100 (checkpoint deleted)
2026-08-19 01:42:41 PROGRESS 2/2 (0 failed so far)
2026-08-19 01:42:41 Sweep finished: 2/2 attempted, 0 failed
2026-08-19 02:19:17 EuroSAT stage (metric-privacy, homogeneous, seed=42, noise_ratio=0.0007730650439020523): 2 trajectories
2026-08-19 02:19:17 SKIP  2 combinations (attack results already exist)
2026-08-19 02:19:17 Sweep finished: 2/2 attempted, 0 failed
