2026-08-11 14:28:01 CIFAR-10 removal CIA chunk (vanilla, clients=8): 1 trajectories
2026-08-11 14:28:01 START cifar10-out-remove__non-iid__vanilla__fedavg__clients-7__seed-42__nm0p0182__clip5__rounds-20__epochs-5__cifar10_remove__cifar10_cnn 
2026-08-11 14:38:59 DONE  cifar10-out-remove__non-iid__vanilla__fedavg__clients-7__seed-42__nm0p0182__clip5__rounds-20__epochs-5__cifar10_remove__cifar10_cnn (657.6s)
2026-08-11 14:39:09 EVALUATED cifar10-out-remove__non-iid__vanilla__fedavg__clients-7__seed-42__nm0p0182__clip5__rounds-20__epochs-5__cifar10_remove__cifar10_cnn round=1 (checkpoint deleted)
2026-08-11 14:39:17 EVALUATED cifar10-out-remove__non-iid__vanilla__fedavg__clients-7__seed-42__nm0p0182__clip5__rounds-20__epochs-5__cifar10_remove__cifar10_cnn round=2 (checkpoint deleted)
2026-08-11 14:39:24 EVALUATED cifar10-out-remove__non-iid__vanilla__fedavg__clients-7__seed-42__nm0p0182__clip5__rounds-20__epochs-5__cifar10_remove__cifar10_cnn round=3 (checkpoint deleted)
2026-08-11 14:39:31 EVALUATED cifar10-out-remove__non-iid__vanilla__fedavg__clients-7__seed-42__nm0p0182__clip5__rounds-20__epochs-5__cifar10_remove__cifar10_cnn round=4 (checkpoint deleted)
2026-08-11 14:39:38 EVALUATED cifar10-out-remove__non-iid__vanilla__fedavg__clients-7__seed-42__nm0p0182__clip5__rounds-20__epochs-5__cifar10_remove__cifar10_cnn round=5 (checkpoint deleted)
2026-08-11 14:39:46 EVALUATED cifar10-out-remove__non-iid__vanilla__fedavg__clients-7__seed-42__nm0p0182__clip5__rounds-20__epochs-5__cifar10_remove__cifar10_cnn round=6 (checkpoint deleted)
2026-08-11 14:39:53 EVALUATED cifar10-out-remove__non-iid__vanilla__fedavg__clients-7__seed-42__nm0p0182__clip5__rounds-20__epochs-5__cifar10_remove__cifar10_cnn round=7 (checkpoint deleted)
2026-08-11 14:40:00 EVALUATED cifar10-out-remove__non-iid__vanilla__fedavg__clients-7__seed-42__nm0p0182__clip5__rounds-20__epochs-5__cifar10_remove__cifar10_cnn round=8 (checkpoint deleted)
2026-08-11 14:40:07 EVALUATED cifar10-out-remove__non-iid__vanilla__fedavg__clients-7__seed-42__nm0p0182__clip5__rounds-20__epochs-5__cifar10_remove__cifar10_cnn round=9 (checkpoint deleted)
2026-08-11 14:40:15 EVALUATED cifar10-out-remove__non-iid__vanilla__fedavg__clients-7__seed-42__nm0p0182__clip5__rounds-20__epochs-5__cifar10_remove__cifar10_cnn round=10 (checkpoint deleted)
2026-08-11 14:40:22 EVALUATED cifar10-out-remove__non-iid__vanilla__fedavg__clients-7__seed-42__nm0p0182__clip5__rounds-20__epochs-5__cifar10_remove__cifar10_cnn round=11 (checkpoint deleted)
2026-08-11 14:40:29 EVALUATED cifar10-out-remove__non-iid__vanilla__fedavg__clients-7__seed-42__nm0p0182__clip5__rounds-20__epochs-5__cifar10_remove__cifar10_cnn round=12 (checkpoint deleted)
2026-08-11 14:40:36 EVALUATED cifar10-out-remove__non-iid__vanilla__fedavg__clients-7__seed-42__nm0p0182__clip5__rounds-20__epochs-5__cifar10_remove__cifar10_cnn round=13 (checkpoint deleted)
2026-08-11 14:40:44 EVALUATED cifar10-out-remove__non-iid__vanilla__fedavg__clients-7__seed-42__nm0p0182__clip5__rounds-20__epochs-5__cifar10_remove__cifar10_cnn round=14 (checkpoint deleted)
2026-08-11 14:40:51 EVALUATED cifar10-out-remove__non-iid__vanilla__fedavg__clients-7__seed-42__nm0p0182__clip5__rounds-20__epochs-5__cifar10_remove__cifar10_cnn round=15 (checkpoint deleted)
2026-08-11 14:40:58 EVALUATED cifar10-out-remove__non-iid__vanilla__fedavg__clients-7__seed-42__nm0p0182__clip5__rounds-20__epochs-5__cifar10_remove__cifar10_cnn round=16 (checkpoint deleted)
2026-08-11 14:41:05 EVALUATED cifar10-out-remove__non-iid__vanilla__fedavg__clients-7__seed-42__nm0p0182__clip5__rounds-20__epochs-5__cifar10_remove__cifar10_cnn round=17 (checkpoint deleted)
2026-08-11 14:41:13 EVALUATED cifar10-out-remove__non-iid__vanilla__fedavg__clients-7__seed-42__nm0p0182__clip5__rounds-20__epochs-5__cifar10_remove__cifar10_cnn round=18 (checkpoint deleted)
2026-08-11 14:41:20 EVALUATED cifar10-out-remove__non-iid__vanilla__fedavg__clients-7__seed-42__nm0p0182__clip5__rounds-20__epochs-5__cifar10_remove__cifar10_cnn round=19 (checkpoint deleted)
2026-08-11 14:41:27 EVALUATED cifar10-out-remove__non-iid__vanilla__fedavg__clients-7__seed-42__nm0p0182__clip5__rounds-20__epochs-5__cifar10_remove__cifar10_cnn round=20 (checkpoint deleted)
2026-08-11 14:41:27 PROGRESS 1/1 (0 failed so far)
2026-08-11 14:41:27 Sweep finished: 1/1 attempted, 0 failed
