2026-08-21 18:23:00 CIFAR-10 stage (vanilla, non-iid, seed=44, noise_ratio=None): 2 trajectories
2026-08-21 18:23:00 START cifar10-in-remove__non-iid__vanilla__fedavg__clients-100__seed-44__nm0p0182__clip5__rounds-20__epochs-5__cifar10_remove__cifar10_cnn 
2026-08-21 18:29:34 DONE  cifar10-in-remove__non-iid__vanilla__fedavg__clients-100__seed-44__nm0p0182__clip5__rounds-20__epochs-5__cifar10_remove__cifar10_cnn (393.6s)
2026-08-21 18:29:37 EVALUATED cifar10-in-remove__non-iid__vanilla__fedavg__clients-100__seed-44__nm0p0182__clip5__rounds-20__epochs-5__cifar10_remove__cifar10_cnn round=1 (checkpoint deleted)
2026-08-21 18:29:40 EVALUATED cifar10-in-remove__non-iid__vanilla__fedavg__clients-100__seed-44__nm0p0182__clip5__rounds-20__epochs-5__cifar10_remove__cifar10_cnn round=2 (checkpoint deleted)
2026-08-21 18:29:43 EVALUATED cifar10-in-remove__non-iid__vanilla__fedavg__clients-100__seed-44__nm0p0182__clip5__rounds-20__epochs-5__cifar10_remove__cifar10_cnn round=3 (checkpoint deleted)
2026-08-21 18:29:46 EVALUATED cifar10-in-remove__non-iid__vanilla__fedavg__clients-100__seed-44__nm0p0182__clip5__rounds-20__epochs-5__cifar10_remove__cifar10_cnn round=4 (checkpoint deleted)
2026-08-21 18:29:49 EVALUATED cifar10-in-remove__non-iid__vanilla__fedavg__clients-100__seed-44__nm0p0182__clip5__rounds-20__epochs-5__cifar10_remove__cifar10_cnn round=5 (checkpoint deleted)
2026-08-21 18:29:52 EVALUATED cifar10-in-remove__non-iid__vanilla__fedavg__clients-100__seed-44__nm0p0182__clip5__rounds-20__epochs-5__cifar10_remove__cifar10_cnn round=6 (checkpoint deleted)
2026-08-21 18:29:55 EVALUATED cifar10-in-remove__non-iid__vanilla__fedavg__clients-100__seed-44__nm0p0182__clip5__rounds-20__epochs-5__cifar10_remove__cifar10_cnn round=7 (checkpoint deleted)
2026-08-21 18:29:58 EVALUATED cifar10-in-remove__non-iid__vanilla__fedavg__clients-100__seed-44__nm0p0182__clip5__rounds-20__epochs-5__cifar10_remove__cifar10_cnn round=8 (checkpoint deleted)
2026-08-21 18:30:01 EVALUATED cifar10-in-remove__non-iid__vanilla__fedavg__clients-100__seed-44__nm0p0182__clip5__rounds-20__epochs-5__cifar10_remove__cifar10_cnn round=9 (checkpoint deleted)
2026-08-21 18:30:04 EVALUATED cifar10-in-remove__non-iid__vanilla__fedavg__clients-100__seed-44__nm0p0182__clip5__rounds-20__epochs-5__cifar10_remove__cifar10_cnn round=10 (checkpoint deleted)
2026-08-21 18:30:07 EVALUATED cifar10-in-remove__non-iid__vanilla__fedavg__clients-100__seed-44__nm0p0182__clip5__rounds-20__epochs-5__cifar10_remove__cifar10_cnn round=11 (checkpoint deleted)
2026-08-21 18:30:10 EVALUATED cifar10-in-remove__non-iid__vanilla__fedavg__clients-100__seed-44__nm0p0182__clip5__rounds-20__epochs-5__cifar10_remove__cifar10_cnn round=12 (checkpoint deleted)
2026-08-21 18:30:13 EVALUATED cifar10-in-remove__non-iid__vanilla__fedavg__clients-100__seed-44__nm0p0182__clip5__rounds-20__epochs-5__cifar10_remove__cifar10_cnn round=13 (checkpoint deleted)
2026-08-21 18:30:16 EVALUATED cifar10-in-remove__non-iid__vanilla__fedavg__clients-100__seed-44__nm0p0182__clip5__rounds-20__epochs-5__cifar10_remove__cifar10_cnn round=14 (checkpoint deleted)
2026-08-21 18:30:19 EVALUATED cifar10-in-remove__non-iid__vanilla__fedavg__clients-100__seed-44__nm0p0182__clip5__rounds-20__epochs-5__cifar10_remove__cifar10_cnn round=15 (checkpoint deleted)
2026-08-21 18:30:22 EVALUATED cifar10-in-remove__non-iid__vanilla__fedavg__clients-100__seed-44__nm0p0182__clip5__rounds-20__epochs-5__cifar10_remove__cifar10_cnn round=16 (checkpoint deleted)
2026-08-21 18:30:25 EVALUATED cifar10-in-remove__non-iid__vanilla__fedavg__clients-100__seed-44__nm0p0182__clip5__rounds-20__epochs-5__cifar10_remove__cifar10_cnn round=17 (checkpoint deleted)
2026-08-21 18:30:28 EVALUATED cifar10-in-remove__non-iid__vanilla__fedavg__clients-100__seed-44__nm0p0182__clip5__rounds-20__epochs-5__cifar10_remove__cifar10_cnn round=18 (checkpoint deleted)
2026-08-21 18:30:31 EVALUATED cifar10-in-remove__non-iid__vanilla__fedavg__clients-100__seed-44__nm0p0182__clip5__rounds-20__epochs-5__cifar10_remove__cifar10_cnn round=19 (checkpoint deleted)
2026-08-21 18:30:34 EVALUATED cifar10-in-remove__non-iid__vanilla__fedavg__clients-100__seed-44__nm0p0182__clip5__rounds-20__epochs-5__cifar10_remove__cifar10_cnn round=20 (checkpoint deleted)
2026-08-21 18:30:34 PROGRESS 1/2 (0 failed so far)
2026-08-21 18:30:34 START cifar10-out-remove__non-iid__vanilla__fedavg__clients-99__seed-44__nm0p0182__clip5__rounds-20__epochs-5__cifar10_remove__cifar10_cnn 
2026-08-21 18:37:02 DONE  cifar10-out-remove__non-iid__vanilla__fedavg__clients-99__seed-44__nm0p0182__clip5__rounds-20__epochs-5__cifar10_remove__cifar10_cnn (387.5s)
2026-08-21 18:37:05 EVALUATED cifar10-out-remove__non-iid__vanilla__fedavg__clients-99__seed-44__nm0p0182__clip5__rounds-20__epochs-5__cifar10_remove__cifar10_cnn round=1 (checkpoint deleted)
2026-08-21 18:37:08 EVALUATED cifar10-out-remove__non-iid__vanilla__fedavg__clients-99__seed-44__nm0p0182__clip5__rounds-20__epochs-5__cifar10_remove__cifar10_cnn round=2 (checkpoint deleted)
2026-08-21 18:37:11 EVALUATED cifar10-out-remove__non-iid__vanilla__fedavg__clients-99__seed-44__nm0p0182__clip5__rounds-20__epochs-5__cifar10_remove__cifar10_cnn round=3 (checkpoint deleted)
2026-08-21 18:37:14 EVALUATED cifar10-out-remove__non-iid__vanilla__fedavg__clients-99__seed-44__nm0p0182__clip5__rounds-20__epochs-5__cifar10_remove__cifar10_cnn round=4 (checkpoint deleted)
2026-08-21 18:37:17 EVALUATED cifar10-out-remove__non-iid__vanilla__fedavg__clients-99__seed-44__nm0p0182__clip5__rounds-20__epochs-5__cifar10_remove__cifar10_cnn round=5 (checkpoint deleted)
2026-08-21 18:37:20 EVALUATED cifar10-out-remove__non-iid__vanilla__fedavg__clients-99__seed-44__nm0p0182__clip5__rounds-20__epochs-5__cifar10_remove__cifar10_cnn round=6 (checkpoint deleted)
2026-08-21 18:37:23 EVALUATED cifar10-out-remove__non-iid__vanilla__fedavg__clients-99__seed-44__nm0p0182__clip5__rounds-20__epochs-5__cifar10_remove__cifar10_cnn round=7 (checkpoint deleted)
2026-08-21 18:37:26 EVALUATED cifar10-out-remove__non-iid__vanilla__fedavg__clients-99__seed-44__nm0p0182__clip5__rounds-20__epochs-5__cifar10_remove__cifar10_cnn round=8 (checkpoint deleted)
2026-08-21 18:37:29 EVALUATED cifar10-out-remove__non-iid__vanilla__fedavg__clients-99__seed-44__nm0p0182__clip5__rounds-20__epochs-5__cifar10_remove__cifar10_cnn round=9 (checkpoint deleted)
2026-08-21 18:37:32 EVALUATED cifar10-out-remove__non-iid__vanilla__fedavg__clients-99__seed-44__nm0p0182__clip5__rounds-20__epochs-5__cifar10_remove__cifar10_cnn round=10 (checkpoint deleted)
2026-08-21 18:37:35 EVALUATED cifar10-out-remove__non-iid__vanilla__fedavg__clients-99__seed-44__nm0p0182__clip5__rounds-20__epochs-5__cifar10_remove__cifar10_cnn round=11 (checkpoint deleted)
2026-08-21 18:37:38 EVALUATED cifar10-out-remove__non-iid__vanilla__fedavg__clients-99__seed-44__nm0p0182__clip5__rounds-20__epochs-5__cifar10_remove__cifar10_cnn round=12 (checkpoint deleted)
2026-08-21 18:37:41 EVALUATED cifar10-out-remove__non-iid__vanilla__fedavg__clients-99__seed-44__nm0p0182__clip5__rounds-20__epochs-5__cifar10_remove__cifar10_cnn round=13 (checkpoint deleted)
2026-08-21 18:37:43 EVALUATED cifar10-out-remove__non-iid__vanilla__fedavg__clients-99__seed-44__nm0p0182__clip5__rounds-20__epochs-5__cifar10_remove__cifar10_cnn round=14 (checkpoint deleted)
2026-08-21 18:37:47 EVALUATED cifar10-out-remove__non-iid__vanilla__fedavg__clients-99__seed-44__nm0p0182__clip5__rounds-20__epochs-5__cifar10_remove__cifar10_cnn round=15 (checkpoint deleted)
2026-08-21 18:37:49 EVALUATED cifar10-out-remove__non-iid__vanilla__fedavg__clients-99__seed-44__nm0p0182__clip5__rounds-20__epochs-5__cifar10_remove__cifar10_cnn round=16 (checkpoint deleted)
2026-08-21 18:37:53 EVALUATED cifar10-out-remove__non-iid__vanilla__fedavg__clients-99__seed-44__nm0p0182__clip5__rounds-20__epochs-5__cifar10_remove__cifar10_cnn round=17 (checkpoint deleted)
2026-08-21 18:37:56 EVALUATED cifar10-out-remove__non-iid__vanilla__fedavg__clients-99__seed-44__nm0p0182__clip5__rounds-20__epochs-5__cifar10_remove__cifar10_cnn round=18 (checkpoint deleted)
2026-08-21 18:37:59 EVALUATED cifar10-out-remove__non-iid__vanilla__fedavg__clients-99__seed-44__nm0p0182__clip5__rounds-20__epochs-5__cifar10_remove__cifar10_cnn round=19 (checkpoint deleted)
2026-08-21 18:38:02 EVALUATED cifar10-out-remove__non-iid__vanilla__fedavg__clients-99__seed-44__nm0p0182__clip5__rounds-20__epochs-5__cifar10_remove__cifar10_cnn round=20 (checkpoint deleted)
2026-08-21 18:38:02 PROGRESS 2/2 (0 failed so far)
2026-08-21 18:38:02 Sweep finished: 2/2 attempted, 0 failed
