2026-08-05 18:09:48 Starting full chunk: 2 trajectories
2026-08-05 18:09:48 START cifar-full-out-replace__non-iid__global-dp__fedavg__clients-8__seed-44__nm0p02__clip5__rounds-20__epochs-5__cifar_chunks__cifar10_cnn 
2026-08-05 18:14:21 DONE  cifar-full-out-replace__non-iid__global-dp__fedavg__clients-8__seed-44__nm0p02__clip5__rounds-20__epochs-5__cifar_chunks__cifar10_cnn (273.2s)
2026-08-05 18:14:27 EVALUATED cifar-full-out-replace__non-iid__global-dp__fedavg__clients-8__seed-44__nm0p02__clip5__rounds-20__epochs-5__cifar_chunks__cifar10_cnn round=1 (checkpoint deleted)
2026-08-05 18:14:31 EVALUATED cifar-full-out-replace__non-iid__global-dp__fedavg__clients-8__seed-44__nm0p02__clip5__rounds-20__epochs-5__cifar_chunks__cifar10_cnn round=2 (checkpoint deleted)
2026-08-05 18:14:36 EVALUATED cifar-full-out-replace__non-iid__global-dp__fedavg__clients-8__seed-44__nm0p02__clip5__rounds-20__epochs-5__cifar_chunks__cifar10_cnn round=3 (checkpoint deleted)
2026-08-05 18:14:40 EVALUATED cifar-full-out-replace__non-iid__global-dp__fedavg__clients-8__seed-44__nm0p02__clip5__rounds-20__epochs-5__cifar_chunks__cifar10_cnn round=4 (checkpoint deleted)
2026-08-05 18:14:45 EVALUATED cifar-full-out-replace__non-iid__global-dp__fedavg__clients-8__seed-44__nm0p02__clip5__rounds-20__epochs-5__cifar_chunks__cifar10_cnn round=5 (checkpoint deleted)
2026-08-05 18:14:49 EVALUATED cifar-full-out-replace__non-iid__global-dp__fedavg__clients-8__seed-44__nm0p02__clip5__rounds-20__epochs-5__cifar_chunks__cifar10_cnn round=6 (checkpoint deleted)
2026-08-05 18:14:53 EVALUATED cifar-full-out-replace__non-iid__global-dp__fedavg__clients-8__seed-44__nm0p02__clip5__rounds-20__epochs-5__cifar_chunks__cifar10_cnn round=7 (checkpoint deleted)
2026-08-05 18:14:58 EVALUATED cifar-full-out-replace__non-iid__global-dp__fedavg__clients-8__seed-44__nm0p02__clip5__rounds-20__epochs-5__cifar_chunks__cifar10_cnn round=8 (checkpoint deleted)
2026-08-05 18:15:02 EVALUATED cifar-full-out-replace__non-iid__global-dp__fedavg__clients-8__seed-44__nm0p02__clip5__rounds-20__epochs-5__cifar_chunks__cifar10_cnn round=9 (checkpoint deleted)
2026-08-05 18:15:07 EVALUATED cifar-full-out-replace__non-iid__global-dp__fedavg__clients-8__seed-44__nm0p02__clip5__rounds-20__epochs-5__cifar_chunks__cifar10_cnn round=10 (checkpoint deleted)
2026-08-05 18:15:11 EVALUATED cifar-full-out-replace__non-iid__global-dp__fedavg__clients-8__seed-44__nm0p02__clip5__rounds-20__epochs-5__cifar_chunks__cifar10_cnn round=11 (checkpoint deleted)
2026-08-05 18:15:16 EVALUATED cifar-full-out-replace__non-iid__global-dp__fedavg__clients-8__seed-44__nm0p02__clip5__rounds-20__epochs-5__cifar_chunks__cifar10_cnn round=12 (checkpoint deleted)
2026-08-05 18:15:20 EVALUATED cifar-full-out-replace__non-iid__global-dp__fedavg__clients-8__seed-44__nm0p02__clip5__rounds-20__epochs-5__cifar_chunks__cifar10_cnn round=13 (checkpoint deleted)
2026-08-05 18:15:24 EVALUATED cifar-full-out-replace__non-iid__global-dp__fedavg__clients-8__seed-44__nm0p02__clip5__rounds-20__epochs-5__cifar_chunks__cifar10_cnn round=14 (checkpoint deleted)
2026-08-05 18:15:29 EVALUATED cifar-full-out-replace__non-iid__global-dp__fedavg__clients-8__seed-44__nm0p02__clip5__rounds-20__epochs-5__cifar_chunks__cifar10_cnn round=15 (checkpoint deleted)
2026-08-05 18:15:33 EVALUATED cifar-full-out-replace__non-iid__global-dp__fedavg__clients-8__seed-44__nm0p02__clip5__rounds-20__epochs-5__cifar_chunks__cifar10_cnn round=16 (checkpoint deleted)
2026-08-05 18:15:38 EVALUATED cifar-full-out-replace__non-iid__global-dp__fedavg__clients-8__seed-44__nm0p02__clip5__rounds-20__epochs-5__cifar_chunks__cifar10_cnn round=17 (checkpoint deleted)
2026-08-05 18:15:42 EVALUATED cifar-full-out-replace__non-iid__global-dp__fedavg__clients-8__seed-44__nm0p02__clip5__rounds-20__epochs-5__cifar_chunks__cifar10_cnn round=18 (checkpoint deleted)
2026-08-05 18:15:47 EVALUATED cifar-full-out-replace__non-iid__global-dp__fedavg__clients-8__seed-44__nm0p02__clip5__rounds-20__epochs-5__cifar_chunks__cifar10_cnn round=19 (checkpoint deleted)
2026-08-05 18:15:51 EVALUATED cifar-full-out-replace__non-iid__global-dp__fedavg__clients-8__seed-44__nm0p02__clip5__rounds-20__epochs-5__cifar_chunks__cifar10_cnn round=20 (checkpoint deleted)
2026-08-05 18:15:51 PROGRESS 1/2 (0 failed so far)
2026-08-05 18:15:51 START cifar-full-out-replace__non-iid__metric-privacy__fedavg__clients-8__seed-44__nm0p02__clip5__rounds-20__epochs-5__cifar_chunks__cifar10_cnn 
2026-08-05 18:20:26 DONE  cifar-full-out-replace__non-iid__metric-privacy__fedavg__clients-8__seed-44__nm0p02__clip5__rounds-20__epochs-5__cifar_chunks__cifar10_cnn (275.1s)
2026-08-05 18:20:31 EVALUATED cifar-full-out-replace__non-iid__metric-privacy__fedavg__clients-8__seed-44__nm0p02__clip5__rounds-20__epochs-5__cifar_chunks__cifar10_cnn round=1 (checkpoint deleted)
2026-08-05 18:20:35 EVALUATED cifar-full-out-replace__non-iid__metric-privacy__fedavg__clients-8__seed-44__nm0p02__clip5__rounds-20__epochs-5__cifar_chunks__cifar10_cnn round=2 (checkpoint deleted)
2026-08-05 18:20:40 EVALUATED cifar-full-out-replace__non-iid__metric-privacy__fedavg__clients-8__seed-44__nm0p02__clip5__rounds-20__epochs-5__cifar_chunks__cifar10_cnn round=3 (checkpoint deleted)
2026-08-05 18:20:44 EVALUATED cifar-full-out-replace__non-iid__metric-privacy__fedavg__clients-8__seed-44__nm0p02__clip5__rounds-20__epochs-5__cifar_chunks__cifar10_cnn round=4 (checkpoint deleted)
2026-08-05 18:20:49 EVALUATED cifar-full-out-replace__non-iid__metric-privacy__fedavg__clients-8__seed-44__nm0p02__clip5__rounds-20__epochs-5__cifar_chunks__cifar10_cnn round=5 (checkpoint deleted)
2026-08-05 18:20:53 EVALUATED cifar-full-out-replace__non-iid__metric-privacy__fedavg__clients-8__seed-44__nm0p02__clip5__rounds-20__epochs-5__cifar_chunks__cifar10_cnn round=6 (checkpoint deleted)
2026-08-05 18:20:58 EVALUATED cifar-full-out-replace__non-iid__metric-privacy__fedavg__clients-8__seed-44__nm0p02__clip5__rounds-20__epochs-5__cifar_chunks__cifar10_cnn round=7 (checkpoint deleted)
2026-08-05 18:21:02 EVALUATED cifar-full-out-replace__non-iid__metric-privacy__fedavg__clients-8__seed-44__nm0p02__clip5__rounds-20__epochs-5__cifar_chunks__cifar10_cnn round=8 (checkpoint deleted)
2026-08-05 18:21:07 EVALUATED cifar-full-out-replace__non-iid__metric-privacy__fedavg__clients-8__seed-44__nm0p02__clip5__rounds-20__epochs-5__cifar_chunks__cifar10_cnn round=9 (checkpoint deleted)
2026-08-05 18:21:11 EVALUATED cifar-full-out-replace__non-iid__metric-privacy__fedavg__clients-8__seed-44__nm0p02__clip5__rounds-20__epochs-5__cifar_chunks__cifar10_cnn round=10 (checkpoint deleted)
2026-08-05 18:21:15 EVALUATED cifar-full-out-replace__non-iid__metric-privacy__fedavg__clients-8__seed-44__nm0p02__clip5__rounds-20__epochs-5__cifar_chunks__cifar10_cnn round=11 (checkpoint deleted)
2026-08-05 18:21:20 EVALUATED cifar-full-out-replace__non-iid__metric-privacy__fedavg__clients-8__seed-44__nm0p02__clip5__rounds-20__epochs-5__cifar_chunks__cifar10_cnn round=12 (checkpoint deleted)
2026-08-05 18:21:24 EVALUATED cifar-full-out-replace__non-iid__metric-privacy__fedavg__clients-8__seed-44__nm0p02__clip5__rounds-20__epochs-5__cifar_chunks__cifar10_cnn round=13 (checkpoint deleted)
2026-08-05 18:21:29 EVALUATED cifar-full-out-replace__non-iid__metric-privacy__fedavg__clients-8__seed-44__nm0p02__clip5__rounds-20__epochs-5__cifar_chunks__cifar10_cnn round=14 (checkpoint deleted)
2026-08-05 18:21:33 EVALUATED cifar-full-out-replace__non-iid__metric-privacy__fedavg__clients-8__seed-44__nm0p02__clip5__rounds-20__epochs-5__cifar_chunks__cifar10_cnn round=15 (checkpoint deleted)
2026-08-05 18:21:38 EVALUATED cifar-full-out-replace__non-iid__metric-privacy__fedavg__clients-8__seed-44__nm0p02__clip5__rounds-20__epochs-5__cifar_chunks__cifar10_cnn round=16 (checkpoint deleted)
2026-08-05 18:21:42 EVALUATED cifar-full-out-replace__non-iid__metric-privacy__fedavg__clients-8__seed-44__nm0p02__clip5__rounds-20__epochs-5__cifar_chunks__cifar10_cnn round=17 (checkpoint deleted)
2026-08-05 18:21:47 EVALUATED cifar-full-out-replace__non-iid__metric-privacy__fedavg__clients-8__seed-44__nm0p02__clip5__rounds-20__epochs-5__cifar_chunks__cifar10_cnn round=18 (checkpoint deleted)
2026-08-05 18:21:51 EVALUATED cifar-full-out-replace__non-iid__metric-privacy__fedavg__clients-8__seed-44__nm0p02__clip5__rounds-20__epochs-5__cifar_chunks__cifar10_cnn round=19 (checkpoint deleted)
2026-08-05 18:21:55 EVALUATED cifar-full-out-replace__non-iid__metric-privacy__fedavg__clients-8__seed-44__nm0p02__clip5__rounds-20__epochs-5__cifar_chunks__cifar10_cnn round=20 (checkpoint deleted)
2026-08-05 18:21:55 PROGRESS 2/2 (0 failed so far)
2026-08-05 18:21:55 Sweep finished: 2/2 attempted, 0 failed
