2026-08-21 18:08:08 CIFAR-10 stage (vanilla, non-iid, seed=43, noise_ratio=None): 2 trajectories
2026-08-21 18:08:08 START cifar10-in-remove__non-iid__vanilla__fedavg__clients-100__seed-43__nm0p0182__clip5__rounds-20__epochs-5__cifar10_remove__cifar10_cnn 
2026-08-21 18:14:37 DONE  cifar10-in-remove__non-iid__vanilla__fedavg__clients-100__seed-43__nm0p0182__clip5__rounds-20__epochs-5__cifar10_remove__cifar10_cnn (388.9s)
2026-08-21 18:14:39 EVALUATED cifar10-in-remove__non-iid__vanilla__fedavg__clients-100__seed-43__nm0p0182__clip5__rounds-20__epochs-5__cifar10_remove__cifar10_cnn round=1 (checkpoint deleted)
2026-08-21 18:14:42 EVALUATED cifar10-in-remove__non-iid__vanilla__fedavg__clients-100__seed-43__nm0p0182__clip5__rounds-20__epochs-5__cifar10_remove__cifar10_cnn round=2 (checkpoint deleted)
2026-08-21 18:14:45 EVALUATED cifar10-in-remove__non-iid__vanilla__fedavg__clients-100__seed-43__nm0p0182__clip5__rounds-20__epochs-5__cifar10_remove__cifar10_cnn round=3 (checkpoint deleted)
2026-08-21 18:14:48 EVALUATED cifar10-in-remove__non-iid__vanilla__fedavg__clients-100__seed-43__nm0p0182__clip5__rounds-20__epochs-5__cifar10_remove__cifar10_cnn round=4 (checkpoint deleted)
2026-08-21 18:14:51 EVALUATED cifar10-in-remove__non-iid__vanilla__fedavg__clients-100__seed-43__nm0p0182__clip5__rounds-20__epochs-5__cifar10_remove__cifar10_cnn round=5 (checkpoint deleted)
2026-08-21 18:14:54 EVALUATED cifar10-in-remove__non-iid__vanilla__fedavg__clients-100__seed-43__nm0p0182__clip5__rounds-20__epochs-5__cifar10_remove__cifar10_cnn round=6 (checkpoint deleted)
2026-08-21 18:14:57 EVALUATED cifar10-in-remove__non-iid__vanilla__fedavg__clients-100__seed-43__nm0p0182__clip5__rounds-20__epochs-5__cifar10_remove__cifar10_cnn round=7 (checkpoint deleted)
2026-08-21 18:15:00 EVALUATED cifar10-in-remove__non-iid__vanilla__fedavg__clients-100__seed-43__nm0p0182__clip5__rounds-20__epochs-5__cifar10_remove__cifar10_cnn round=8 (checkpoint deleted)
2026-08-21 18:15:03 EVALUATED cifar10-in-remove__non-iid__vanilla__fedavg__clients-100__seed-43__nm0p0182__clip5__rounds-20__epochs-5__cifar10_remove__cifar10_cnn round=9 (checkpoint deleted)
2026-08-21 18:15:06 EVALUATED cifar10-in-remove__non-iid__vanilla__fedavg__clients-100__seed-43__nm0p0182__clip5__rounds-20__epochs-5__cifar10_remove__cifar10_cnn round=10 (checkpoint deleted)
2026-08-21 18:15:09 EVALUATED cifar10-in-remove__non-iid__vanilla__fedavg__clients-100__seed-43__nm0p0182__clip5__rounds-20__epochs-5__cifar10_remove__cifar10_cnn round=11 (checkpoint deleted)
2026-08-21 18:15:12 EVALUATED cifar10-in-remove__non-iid__vanilla__fedavg__clients-100__seed-43__nm0p0182__clip5__rounds-20__epochs-5__cifar10_remove__cifar10_cnn round=12 (checkpoint deleted)
2026-08-21 18:15:15 EVALUATED cifar10-in-remove__non-iid__vanilla__fedavg__clients-100__seed-43__nm0p0182__clip5__rounds-20__epochs-5__cifar10_remove__cifar10_cnn round=13 (checkpoint deleted)
2026-08-21 18:15:18 EVALUATED cifar10-in-remove__non-iid__vanilla__fedavg__clients-100__seed-43__nm0p0182__clip5__rounds-20__epochs-5__cifar10_remove__cifar10_cnn round=14 (checkpoint deleted)
2026-08-21 18:15:21 EVALUATED cifar10-in-remove__non-iid__vanilla__fedavg__clients-100__seed-43__nm0p0182__clip5__rounds-20__epochs-5__cifar10_remove__cifar10_cnn round=15 (checkpoint deleted)
2026-08-21 18:15:24 EVALUATED cifar10-in-remove__non-iid__vanilla__fedavg__clients-100__seed-43__nm0p0182__clip5__rounds-20__epochs-5__cifar10_remove__cifar10_cnn round=16 (checkpoint deleted)
2026-08-21 18:15:27 EVALUATED cifar10-in-remove__non-iid__vanilla__fedavg__clients-100__seed-43__nm0p0182__clip5__rounds-20__epochs-5__cifar10_remove__cifar10_cnn round=17 (checkpoint deleted)
2026-08-21 18:15:30 EVALUATED cifar10-in-remove__non-iid__vanilla__fedavg__clients-100__seed-43__nm0p0182__clip5__rounds-20__epochs-5__cifar10_remove__cifar10_cnn round=18 (checkpoint deleted)
2026-08-21 18:15:33 EVALUATED cifar10-in-remove__non-iid__vanilla__fedavg__clients-100__seed-43__nm0p0182__clip5__rounds-20__epochs-5__cifar10_remove__cifar10_cnn round=19 (checkpoint deleted)
2026-08-21 18:15:36 EVALUATED cifar10-in-remove__non-iid__vanilla__fedavg__clients-100__seed-43__nm0p0182__clip5__rounds-20__epochs-5__cifar10_remove__cifar10_cnn round=20 (checkpoint deleted)
2026-08-21 18:15:36 PROGRESS 1/2 (0 failed so far)
2026-08-21 18:15:36 START cifar10-out-remove__non-iid__vanilla__fedavg__clients-99__seed-43__nm0p0182__clip5__rounds-20__epochs-5__cifar10_remove__cifar10_cnn 
2026-08-21 18:22:02 DONE  cifar10-out-remove__non-iid__vanilla__fedavg__clients-99__seed-43__nm0p0182__clip5__rounds-20__epochs-5__cifar10_remove__cifar10_cnn (386.5s)
2026-08-21 18:22:05 EVALUATED cifar10-out-remove__non-iid__vanilla__fedavg__clients-99__seed-43__nm0p0182__clip5__rounds-20__epochs-5__cifar10_remove__cifar10_cnn round=1 (checkpoint deleted)
2026-08-21 18:22:08 EVALUATED cifar10-out-remove__non-iid__vanilla__fedavg__clients-99__seed-43__nm0p0182__clip5__rounds-20__epochs-5__cifar10_remove__cifar10_cnn round=2 (checkpoint deleted)
2026-08-21 18:22:11 EVALUATED cifar10-out-remove__non-iid__vanilla__fedavg__clients-99__seed-43__nm0p0182__clip5__rounds-20__epochs-5__cifar10_remove__cifar10_cnn round=3 (checkpoint deleted)
2026-08-21 18:22:14 EVALUATED cifar10-out-remove__non-iid__vanilla__fedavg__clients-99__seed-43__nm0p0182__clip5__rounds-20__epochs-5__cifar10_remove__cifar10_cnn round=4 (checkpoint deleted)
2026-08-21 18:22:17 EVALUATED cifar10-out-remove__non-iid__vanilla__fedavg__clients-99__seed-43__nm0p0182__clip5__rounds-20__epochs-5__cifar10_remove__cifar10_cnn round=5 (checkpoint deleted)
2026-08-21 18:22:20 EVALUATED cifar10-out-remove__non-iid__vanilla__fedavg__clients-99__seed-43__nm0p0182__clip5__rounds-20__epochs-5__cifar10_remove__cifar10_cnn round=6 (checkpoint deleted)
2026-08-21 18:22:23 EVALUATED cifar10-out-remove__non-iid__vanilla__fedavg__clients-99__seed-43__nm0p0182__clip5__rounds-20__epochs-5__cifar10_remove__cifar10_cnn round=7 (checkpoint deleted)
2026-08-21 18:22:26 EVALUATED cifar10-out-remove__non-iid__vanilla__fedavg__clients-99__seed-43__nm0p0182__clip5__rounds-20__epochs-5__cifar10_remove__cifar10_cnn round=8 (checkpoint deleted)
2026-08-21 18:22:29 EVALUATED cifar10-out-remove__non-iid__vanilla__fedavg__clients-99__seed-43__nm0p0182__clip5__rounds-20__epochs-5__cifar10_remove__cifar10_cnn round=9 (checkpoint deleted)
2026-08-21 18:22:31 EVALUATED cifar10-out-remove__non-iid__vanilla__fedavg__clients-99__seed-43__nm0p0182__clip5__rounds-20__epochs-5__cifar10_remove__cifar10_cnn round=10 (checkpoint deleted)
2026-08-21 18:22:34 EVALUATED cifar10-out-remove__non-iid__vanilla__fedavg__clients-99__seed-43__nm0p0182__clip5__rounds-20__epochs-5__cifar10_remove__cifar10_cnn round=11 (checkpoint deleted)
2026-08-21 18:22:37 EVALUATED cifar10-out-remove__non-iid__vanilla__fedavg__clients-99__seed-43__nm0p0182__clip5__rounds-20__epochs-5__cifar10_remove__cifar10_cnn round=12 (checkpoint deleted)
2026-08-21 18:22:40 EVALUATED cifar10-out-remove__non-iid__vanilla__fedavg__clients-99__seed-43__nm0p0182__clip5__rounds-20__epochs-5__cifar10_remove__cifar10_cnn round=13 (checkpoint deleted)
2026-08-21 18:22:43 EVALUATED cifar10-out-remove__non-iid__vanilla__fedavg__clients-99__seed-43__nm0p0182__clip5__rounds-20__epochs-5__cifar10_remove__cifar10_cnn round=14 (checkpoint deleted)
2026-08-21 18:22:46 EVALUATED cifar10-out-remove__non-iid__vanilla__fedavg__clients-99__seed-43__nm0p0182__clip5__rounds-20__epochs-5__cifar10_remove__cifar10_cnn round=15 (checkpoint deleted)
2026-08-21 18:22:49 EVALUATED cifar10-out-remove__non-iid__vanilla__fedavg__clients-99__seed-43__nm0p0182__clip5__rounds-20__epochs-5__cifar10_remove__cifar10_cnn round=16 (checkpoint deleted)
2026-08-21 18:22:52 EVALUATED cifar10-out-remove__non-iid__vanilla__fedavg__clients-99__seed-43__nm0p0182__clip5__rounds-20__epochs-5__cifar10_remove__cifar10_cnn round=17 (checkpoint deleted)
2026-08-21 18:22:55 EVALUATED cifar10-out-remove__non-iid__vanilla__fedavg__clients-99__seed-43__nm0p0182__clip5__rounds-20__epochs-5__cifar10_remove__cifar10_cnn round=18 (checkpoint deleted)
2026-08-21 18:22:57 EVALUATED cifar10-out-remove__non-iid__vanilla__fedavg__clients-99__seed-43__nm0p0182__clip5__rounds-20__epochs-5__cifar10_remove__cifar10_cnn round=19 (checkpoint deleted)
2026-08-21 18:23:00 EVALUATED cifar10-out-remove__non-iid__vanilla__fedavg__clients-99__seed-43__nm0p0182__clip5__rounds-20__epochs-5__cifar10_remove__cifar10_cnn round=20 (checkpoint deleted)
2026-08-21 18:23:00 PROGRESS 2/2 (0 failed so far)
2026-08-21 18:23:00 Sweep finished: 2/2 attempted, 0 failed
