2026-08-20 02:12:40 Alzheimer stage (global-dp, homogeneous, seed=42, noise_ratio=0.00062267734904117): 2 trajectories
2026-08-20 02:12:40 START alzheimer-in-remove__homogeneous__global-dp__fedavg__clients-48__seed-42__nm0p0298885__clip5__rounds-100__epochs-5__alzheimer_remove__paper_cnn 
2026-08-20 02:29:58 DONE  alzheimer-in-remove__homogeneous__global-dp__fedavg__clients-48__seed-42__nm0p0298885__clip5__rounds-100__epochs-5__alzheimer_remove__paper_cnn (1038.1s)
2026-08-20 02:29:59 EVALUATED alzheimer-in-remove__homogeneous__global-dp__fedavg__clients-48__seed-42__nm0p0298885__clip5__rounds-100__epochs-5__alzheimer_remove__paper_cnn round=1 (checkpoint deleted)
2026-08-20 02:29:59 EVALUATED alzheimer-in-remove__homogeneous__global-dp__fedavg__clients-48__seed-42__nm0p0298885__clip5__rounds-100__epochs-5__alzheimer_remove__paper_cnn round=10 (checkpoint deleted)
2026-08-20 02:30:00 EVALUATED alzheimer-in-remove__homogeneous__global-dp__fedavg__clients-48__seed-42__nm0p0298885__clip5__rounds-100__epochs-5__alzheimer_remove__paper_cnn round=20 (checkpoint deleted)
2026-08-20 02:30:00 EVALUATED alzheimer-in-remove__homogeneous__global-dp__fedavg__clients-48__seed-42__nm0p0298885__clip5__rounds-100__epochs-5__alzheimer_remove__paper_cnn round=30 (checkpoint deleted)
2026-08-20 02:30:01 EVALUATED alzheimer-in-remove__homogeneous__global-dp__fedavg__clients-48__seed-42__nm0p0298885__clip5__rounds-100__epochs-5__alzheimer_remove__paper_cnn round=40 (checkpoint deleted)
2026-08-20 02:30:01 EVALUATED alzheimer-in-remove__homogeneous__global-dp__fedavg__clients-48__seed-42__nm0p0298885__clip5__rounds-100__epochs-5__alzheimer_remove__paper_cnn round=50 (checkpoint deleted)
2026-08-20 02:30:02 EVALUATED alzheimer-in-remove__homogeneous__global-dp__fedavg__clients-48__seed-42__nm0p0298885__clip5__rounds-100__epochs-5__alzheimer_remove__paper_cnn round=60 (checkpoint deleted)
2026-08-20 02:30:02 EVALUATED alzheimer-in-remove__homogeneous__global-dp__fedavg__clients-48__seed-42__nm0p0298885__clip5__rounds-100__epochs-5__alzheimer_remove__paper_cnn round=70 (checkpoint deleted)
2026-08-20 02:30:03 EVALUATED alzheimer-in-remove__homogeneous__global-dp__fedavg__clients-48__seed-42__nm0p0298885__clip5__rounds-100__epochs-5__alzheimer_remove__paper_cnn round=80 (checkpoint deleted)
2026-08-20 02:30:03 EVALUATED alzheimer-in-remove__homogeneous__global-dp__fedavg__clients-48__seed-42__nm0p0298885__clip5__rounds-100__epochs-5__alzheimer_remove__paper_cnn round=90 (checkpoint deleted)
2026-08-20 02:30:04 EVALUATED alzheimer-in-remove__homogeneous__global-dp__fedavg__clients-48__seed-42__nm0p0298885__clip5__rounds-100__epochs-5__alzheimer_remove__paper_cnn round=100 (checkpoint deleted)
2026-08-20 02:30:04 PROGRESS 1/2 (0 failed so far)
2026-08-20 02:30:04 START alzheimer-out-remove__homogeneous__global-dp__fedavg__clients-47__seed-42__nm0p0292658__clip5__rounds-100__epochs-5__alzheimer_remove__paper_cnn 
2026-08-20 02:47:58 DONE  alzheimer-out-remove__homogeneous__global-dp__fedavg__clients-47__seed-42__nm0p0292658__clip5__rounds-100__epochs-5__alzheimer_remove__paper_cnn (1073.9s)
2026-08-20 02:47:58 EVALUATED alzheimer-out-remove__homogeneous__global-dp__fedavg__clients-47__seed-42__nm0p0292658__clip5__rounds-100__epochs-5__alzheimer_remove__paper_cnn round=1 (checkpoint deleted)
2026-08-20 02:47:59 EVALUATED alzheimer-out-remove__homogeneous__global-dp__fedavg__clients-47__seed-42__nm0p0292658__clip5__rounds-100__epochs-5__alzheimer_remove__paper_cnn round=10 (checkpoint deleted)
2026-08-20 02:48:00 EVALUATED alzheimer-out-remove__homogeneous__global-dp__fedavg__clients-47__seed-42__nm0p0292658__clip5__rounds-100__epochs-5__alzheimer_remove__paper_cnn round=20 (checkpoint deleted)
2026-08-20 02:48:00 EVALUATED alzheimer-out-remove__homogeneous__global-dp__fedavg__clients-47__seed-42__nm0p0292658__clip5__rounds-100__epochs-5__alzheimer_remove__paper_cnn round=30 (checkpoint deleted)
2026-08-20 02:48:01 EVALUATED alzheimer-out-remove__homogeneous__global-dp__fedavg__clients-47__seed-42__nm0p0292658__clip5__rounds-100__epochs-5__alzheimer_remove__paper_cnn round=40 (checkpoint deleted)
2026-08-20 02:48:01 EVALUATED alzheimer-out-remove__homogeneous__global-dp__fedavg__clients-47__seed-42__nm0p0292658__clip5__rounds-100__epochs-5__alzheimer_remove__paper_cnn round=50 (checkpoint deleted)
2026-08-20 02:48:02 EVALUATED alzheimer-out-remove__homogeneous__global-dp__fedavg__clients-47__seed-42__nm0p0292658__clip5__rounds-100__epochs-5__alzheimer_remove__paper_cnn round=60 (checkpoint deleted)
2026-08-20 02:48:02 EVALUATED alzheimer-out-remove__homogeneous__global-dp__fedavg__clients-47__seed-42__nm0p0292658__clip5__rounds-100__epochs-5__alzheimer_remove__paper_cnn round=70 (checkpoint deleted)
2026-08-20 02:48:03 EVALUATED alzheimer-out-remove__homogeneous__global-dp__fedavg__clients-47__seed-42__nm0p0292658__clip5__rounds-100__epochs-5__alzheimer_remove__paper_cnn round=80 (checkpoint deleted)
2026-08-20 02:48:03 EVALUATED alzheimer-out-remove__homogeneous__global-dp__fedavg__clients-47__seed-42__nm0p0292658__clip5__rounds-100__epochs-5__alzheimer_remove__paper_cnn round=90 (checkpoint deleted)
2026-08-20 02:48:04 EVALUATED alzheimer-out-remove__homogeneous__global-dp__fedavg__clients-47__seed-42__nm0p0292658__clip5__rounds-100__epochs-5__alzheimer_remove__paper_cnn round=100 (checkpoint deleted)
2026-08-20 02:48:04 PROGRESS 2/2 (0 failed so far)
2026-08-20 02:48:04 Sweep finished: 2/2 attempted, 0 failed
