2026-08-20 12:44:35 CIFAR-10 removal CIA chunk (global-dp, clients=8, alpha=3.0, noise_ratio=0.0025): 2 trajectories
2026-08-20 12:44:35 START cifar10-in-remove__dirichlet__alpha-3__global-dp__fedavg__clients-8__seed-42__nm0p02__clip5__rounds-20__epochs-5__cifar10_dirichlet__cifar10_cnn 
2026-08-20 12:54:36 DONE  cifar10-in-remove__dirichlet__alpha-3__global-dp__fedavg__clients-8__seed-42__nm0p02__clip5__rounds-20__epochs-5__cifar10_dirichlet__cifar10_cnn (600.6s)
2026-08-20 12:54:45 EVALUATED cifar10-in-remove__dirichlet__alpha-3__global-dp__fedavg__clients-8__seed-42__nm0p02__clip5__rounds-20__epochs-5__cifar10_dirichlet__cifar10_cnn round=1 (checkpoint deleted)
2026-08-20 12:54:53 EVALUATED cifar10-in-remove__dirichlet__alpha-3__global-dp__fedavg__clients-8__seed-42__nm0p02__clip5__rounds-20__epochs-5__cifar10_dirichlet__cifar10_cnn round=2 (checkpoint deleted)
2026-08-20 12:55:01 EVALUATED cifar10-in-remove__dirichlet__alpha-3__global-dp__fedavg__clients-8__seed-42__nm0p02__clip5__rounds-20__epochs-5__cifar10_dirichlet__cifar10_cnn round=3 (checkpoint deleted)
2026-08-20 12:55:09 EVALUATED cifar10-in-remove__dirichlet__alpha-3__global-dp__fedavg__clients-8__seed-42__nm0p02__clip5__rounds-20__epochs-5__cifar10_dirichlet__cifar10_cnn round=4 (checkpoint deleted)
2026-08-20 12:55:17 EVALUATED cifar10-in-remove__dirichlet__alpha-3__global-dp__fedavg__clients-8__seed-42__nm0p02__clip5__rounds-20__epochs-5__cifar10_dirichlet__cifar10_cnn round=5 (checkpoint deleted)
2026-08-20 12:55:25 EVALUATED cifar10-in-remove__dirichlet__alpha-3__global-dp__fedavg__clients-8__seed-42__nm0p02__clip5__rounds-20__epochs-5__cifar10_dirichlet__cifar10_cnn round=6 (checkpoint deleted)
2026-08-20 12:55:34 EVALUATED cifar10-in-remove__dirichlet__alpha-3__global-dp__fedavg__clients-8__seed-42__nm0p02__clip5__rounds-20__epochs-5__cifar10_dirichlet__cifar10_cnn round=7 (checkpoint deleted)
2026-08-20 12:55:42 EVALUATED cifar10-in-remove__dirichlet__alpha-3__global-dp__fedavg__clients-8__seed-42__nm0p02__clip5__rounds-20__epochs-5__cifar10_dirichlet__cifar10_cnn round=8 (checkpoint deleted)
2026-08-20 12:55:50 EVALUATED cifar10-in-remove__dirichlet__alpha-3__global-dp__fedavg__clients-8__seed-42__nm0p02__clip5__rounds-20__epochs-5__cifar10_dirichlet__cifar10_cnn round=9 (checkpoint deleted)
2026-08-20 12:55:58 EVALUATED cifar10-in-remove__dirichlet__alpha-3__global-dp__fedavg__clients-8__seed-42__nm0p02__clip5__rounds-20__epochs-5__cifar10_dirichlet__cifar10_cnn round=10 (checkpoint deleted)
2026-08-20 12:56:06 EVALUATED cifar10-in-remove__dirichlet__alpha-3__global-dp__fedavg__clients-8__seed-42__nm0p02__clip5__rounds-20__epochs-5__cifar10_dirichlet__cifar10_cnn round=11 (checkpoint deleted)
2026-08-20 12:56:14 EVALUATED cifar10-in-remove__dirichlet__alpha-3__global-dp__fedavg__clients-8__seed-42__nm0p02__clip5__rounds-20__epochs-5__cifar10_dirichlet__cifar10_cnn round=12 (checkpoint deleted)
2026-08-20 12:56:22 EVALUATED cifar10-in-remove__dirichlet__alpha-3__global-dp__fedavg__clients-8__seed-42__nm0p02__clip5__rounds-20__epochs-5__cifar10_dirichlet__cifar10_cnn round=13 (checkpoint deleted)
2026-08-20 12:56:30 EVALUATED cifar10-in-remove__dirichlet__alpha-3__global-dp__fedavg__clients-8__seed-42__nm0p02__clip5__rounds-20__epochs-5__cifar10_dirichlet__cifar10_cnn round=14 (checkpoint deleted)
2026-08-20 12:56:38 EVALUATED cifar10-in-remove__dirichlet__alpha-3__global-dp__fedavg__clients-8__seed-42__nm0p02__clip5__rounds-20__epochs-5__cifar10_dirichlet__cifar10_cnn round=15 (checkpoint deleted)
2026-08-20 12:56:46 EVALUATED cifar10-in-remove__dirichlet__alpha-3__global-dp__fedavg__clients-8__seed-42__nm0p02__clip5__rounds-20__epochs-5__cifar10_dirichlet__cifar10_cnn round=16 (checkpoint deleted)
2026-08-20 12:56:54 EVALUATED cifar10-in-remove__dirichlet__alpha-3__global-dp__fedavg__clients-8__seed-42__nm0p02__clip5__rounds-20__epochs-5__cifar10_dirichlet__cifar10_cnn round=17 (checkpoint deleted)
2026-08-20 12:57:02 EVALUATED cifar10-in-remove__dirichlet__alpha-3__global-dp__fedavg__clients-8__seed-42__nm0p02__clip5__rounds-20__epochs-5__cifar10_dirichlet__cifar10_cnn round=18 (checkpoint deleted)
2026-08-20 12:57:10 EVALUATED cifar10-in-remove__dirichlet__alpha-3__global-dp__fedavg__clients-8__seed-42__nm0p02__clip5__rounds-20__epochs-5__cifar10_dirichlet__cifar10_cnn round=19 (checkpoint deleted)
2026-08-20 12:57:18 EVALUATED cifar10-in-remove__dirichlet__alpha-3__global-dp__fedavg__clients-8__seed-42__nm0p02__clip5__rounds-20__epochs-5__cifar10_dirichlet__cifar10_cnn round=20 (checkpoint deleted)
2026-08-20 12:57:18 PROGRESS 1/2 (0 failed so far)
2026-08-20 12:57:18 START cifar10-out-remove__dirichlet__alpha-3__global-dp__fedavg__clients-7__seed-42__nm0p0175__clip5__rounds-20__epochs-5__cifar10_dirichlet__cifar10_cnn 
2026-08-20 13:06:47 DONE  cifar10-out-remove__dirichlet__alpha-3__global-dp__fedavg__clients-7__seed-42__nm0p0175__clip5__rounds-20__epochs-5__cifar10_dirichlet__cifar10_cnn (569.3s)
2026-08-20 13:06:55 EVALUATED cifar10-out-remove__dirichlet__alpha-3__global-dp__fedavg__clients-7__seed-42__nm0p0175__clip5__rounds-20__epochs-5__cifar10_dirichlet__cifar10_cnn round=1 (checkpoint deleted)
2026-08-20 13:07:03 EVALUATED cifar10-out-remove__dirichlet__alpha-3__global-dp__fedavg__clients-7__seed-42__nm0p0175__clip5__rounds-20__epochs-5__cifar10_dirichlet__cifar10_cnn round=2 (checkpoint deleted)
2026-08-20 13:07:11 EVALUATED cifar10-out-remove__dirichlet__alpha-3__global-dp__fedavg__clients-7__seed-42__nm0p0175__clip5__rounds-20__epochs-5__cifar10_dirichlet__cifar10_cnn round=3 (checkpoint deleted)
2026-08-20 13:07:20 EVALUATED cifar10-out-remove__dirichlet__alpha-3__global-dp__fedavg__clients-7__seed-42__nm0p0175__clip5__rounds-20__epochs-5__cifar10_dirichlet__cifar10_cnn round=4 (checkpoint deleted)
2026-08-20 13:07:28 EVALUATED cifar10-out-remove__dirichlet__alpha-3__global-dp__fedavg__clients-7__seed-42__nm0p0175__clip5__rounds-20__epochs-5__cifar10_dirichlet__cifar10_cnn round=5 (checkpoint deleted)
2026-08-20 13:07:36 EVALUATED cifar10-out-remove__dirichlet__alpha-3__global-dp__fedavg__clients-7__seed-42__nm0p0175__clip5__rounds-20__epochs-5__cifar10_dirichlet__cifar10_cnn round=6 (checkpoint deleted)
2026-08-20 13:07:44 EVALUATED cifar10-out-remove__dirichlet__alpha-3__global-dp__fedavg__clients-7__seed-42__nm0p0175__clip5__rounds-20__epochs-5__cifar10_dirichlet__cifar10_cnn round=7 (checkpoint deleted)
2026-08-20 13:07:52 EVALUATED cifar10-out-remove__dirichlet__alpha-3__global-dp__fedavg__clients-7__seed-42__nm0p0175__clip5__rounds-20__epochs-5__cifar10_dirichlet__cifar10_cnn round=8 (checkpoint deleted)
2026-08-20 13:08:00 EVALUATED cifar10-out-remove__dirichlet__alpha-3__global-dp__fedavg__clients-7__seed-42__nm0p0175__clip5__rounds-20__epochs-5__cifar10_dirichlet__cifar10_cnn round=9 (checkpoint deleted)
2026-08-20 13:08:08 EVALUATED cifar10-out-remove__dirichlet__alpha-3__global-dp__fedavg__clients-7__seed-42__nm0p0175__clip5__rounds-20__epochs-5__cifar10_dirichlet__cifar10_cnn round=10 (checkpoint deleted)
2026-08-20 13:08:16 EVALUATED cifar10-out-remove__dirichlet__alpha-3__global-dp__fedavg__clients-7__seed-42__nm0p0175__clip5__rounds-20__epochs-5__cifar10_dirichlet__cifar10_cnn round=11 (checkpoint deleted)
2026-08-20 13:08:24 EVALUATED cifar10-out-remove__dirichlet__alpha-3__global-dp__fedavg__clients-7__seed-42__nm0p0175__clip5__rounds-20__epochs-5__cifar10_dirichlet__cifar10_cnn round=12 (checkpoint deleted)
2026-08-20 13:08:32 EVALUATED cifar10-out-remove__dirichlet__alpha-3__global-dp__fedavg__clients-7__seed-42__nm0p0175__clip5__rounds-20__epochs-5__cifar10_dirichlet__cifar10_cnn round=13 (checkpoint deleted)
2026-08-20 13:08:40 EVALUATED cifar10-out-remove__dirichlet__alpha-3__global-dp__fedavg__clients-7__seed-42__nm0p0175__clip5__rounds-20__epochs-5__cifar10_dirichlet__cifar10_cnn round=14 (checkpoint deleted)
2026-08-20 13:08:48 EVALUATED cifar10-out-remove__dirichlet__alpha-3__global-dp__fedavg__clients-7__seed-42__nm0p0175__clip5__rounds-20__epochs-5__cifar10_dirichlet__cifar10_cnn round=15 (checkpoint deleted)
2026-08-20 13:08:56 EVALUATED cifar10-out-remove__dirichlet__alpha-3__global-dp__fedavg__clients-7__seed-42__nm0p0175__clip5__rounds-20__epochs-5__cifar10_dirichlet__cifar10_cnn round=16 (checkpoint deleted)
2026-08-20 13:09:04 EVALUATED cifar10-out-remove__dirichlet__alpha-3__global-dp__fedavg__clients-7__seed-42__nm0p0175__clip5__rounds-20__epochs-5__cifar10_dirichlet__cifar10_cnn round=17 (checkpoint deleted)
2026-08-20 13:09:12 EVALUATED cifar10-out-remove__dirichlet__alpha-3__global-dp__fedavg__clients-7__seed-42__nm0p0175__clip5__rounds-20__epochs-5__cifar10_dirichlet__cifar10_cnn round=18 (checkpoint deleted)
2026-08-20 13:09:20 EVALUATED cifar10-out-remove__dirichlet__alpha-3__global-dp__fedavg__clients-7__seed-42__nm0p0175__clip5__rounds-20__epochs-5__cifar10_dirichlet__cifar10_cnn round=19 (checkpoint deleted)
2026-08-20 13:09:28 EVALUATED cifar10-out-remove__dirichlet__alpha-3__global-dp__fedavg__clients-7__seed-42__nm0p0175__clip5__rounds-20__epochs-5__cifar10_dirichlet__cifar10_cnn round=20 (checkpoint deleted)
2026-08-20 13:09:28 PROGRESS 2/2 (0 failed so far)
2026-08-20 13:09:28 Sweep finished: 2/2 attempted, 0 failed
