2026-08-12 13:53:05 START eurosatscale__homogeneous__global-dp__fedavg__n48__r3 (rounds=3, clients=48)
2026-08-12 13:54:34 DONE  eurosatscale__homogeneous__global-dp__fedavg__n48__r3 (89.5s)
2026-08-12 14:17:41 Sweep starting: 6 combinations, client_counts=(48,), round_counts=(100,), noise_multiplier=0.03710712210729851, max_parallel_clients=16, force=False
2026-08-12 14:17:41 START eurosatscale__homogeneous__vanilla__fedavg__n48__r100 (rounds=100, clients=48)
2026-08-12 14:27:12 Sweep starting: 6 combinations, client_counts=(48,), round_counts=(100,), noise_multiplier=0.03710712210729851, max_parallel_clients=6, force=False
2026-08-12 14:27:12 START eurosatscale__homogeneous__vanilla__fedavg__n48__r100 (rounds=100, clients=48)
2026-08-12 15:09:50 DONE  eurosatscale__homogeneous__vanilla__fedavg__n48__r100 (2558.0s)
2026-08-12 15:09:50 PROGRESS 1/6 (0 failed so far)
2026-08-12 15:09:50 START eurosatscale__homogeneous__global-dp__fedavg__n48__r100 (rounds=100, clients=48)
2026-08-12 15:53:37 DONE  eurosatscale__homogeneous__global-dp__fedavg__n48__r100 (2627.3s)
2026-08-12 15:53:37 PROGRESS 2/6 (0 failed so far)
2026-08-12 15:53:37 START eurosatscale__homogeneous__metric-privacy__fedavg__n48__r100 (rounds=100, clients=48)
2026-08-12 16:36:09 DONE  eurosatscale__homogeneous__metric-privacy__fedavg__n48__r100 (2551.9s)
2026-08-12 16:36:09 PROGRESS 3/6 (0 failed so far)
2026-08-12 16:36:09 START eurosatscale__non-iid__vanilla__fedavg__n48__r100 (rounds=100, clients=48)
2026-08-12 17:16:59 DONE  eurosatscale__non-iid__vanilla__fedavg__n48__r100 (2450.4s)
2026-08-12 17:16:59 PROGRESS 4/6 (0 failed so far)
2026-08-12 17:16:59 START eurosatscale__non-iid__global-dp__fedavg__n48__r100 (rounds=100, clients=48)
2026-08-12 18:00:15 DONE  eurosatscale__non-iid__global-dp__fedavg__n48__r100 (2595.6s)
2026-08-12 18:00:15 PROGRESS 5/6 (0 failed so far)
2026-08-12 18:00:15 START eurosatscale__non-iid__metric-privacy__fedavg__n48__r100 (rounds=100, clients=48)
2026-08-12 18:40:48 DONE  eurosatscale__non-iid__metric-privacy__fedavg__n48__r100 (2433.0s)
2026-08-12 18:40:48 PROGRESS 6/6 (0 failed so far)
2026-08-12 18:40:48 Sweep finished: 6/6 attempted, 0 failed
