2026-08-21 05:39:05 Fashion-MNIST stage (metric-privacy, homogeneous, seed=42, noise_ratio=4.181928583611792e-05): 2 trajectories
2026-08-21 05:39:05 START fashion-mnist-in-remove__homogeneous__metric-privacy__fedavg__clients-48__seed-42__nm0p00200733__clip5__rounds-100__epochs-5__fashion_mnist_remove__fashion_mnist_cnn 
2026-08-21 05:55:11 DONE  fashion-mnist-in-remove__homogeneous__metric-privacy__fedavg__clients-48__seed-42__nm0p00200733__clip5__rounds-100__epochs-5__fashion_mnist_remove__fashion_mnist_cnn (966.3s)
2026-08-21 05:55:14 EVALUATED fashion-mnist-in-remove__homogeneous__metric-privacy__fedavg__clients-48__seed-42__nm0p00200733__clip5__rounds-100__epochs-5__fashion_mnist_remove__fashion_mnist_cnn round=1 (checkpoint deleted)
2026-08-21 05:55:16 EVALUATED fashion-mnist-in-remove__homogeneous__metric-privacy__fedavg__clients-48__seed-42__nm0p00200733__clip5__rounds-100__epochs-5__fashion_mnist_remove__fashion_mnist_cnn round=10 (checkpoint deleted)
2026-08-21 05:55:19 EVALUATED fashion-mnist-in-remove__homogeneous__metric-privacy__fedavg__clients-48__seed-42__nm0p00200733__clip5__rounds-100__epochs-5__fashion_mnist_remove__fashion_mnist_cnn round=20 (checkpoint deleted)
2026-08-21 05:55:22 EVALUATED fashion-mnist-in-remove__homogeneous__metric-privacy__fedavg__clients-48__seed-42__nm0p00200733__clip5__rounds-100__epochs-5__fashion_mnist_remove__fashion_mnist_cnn round=30 (checkpoint deleted)
2026-08-21 05:55:24 EVALUATED fashion-mnist-in-remove__homogeneous__metric-privacy__fedavg__clients-48__seed-42__nm0p00200733__clip5__rounds-100__epochs-5__fashion_mnist_remove__fashion_mnist_cnn round=40 (checkpoint deleted)
2026-08-21 05:55:27 EVALUATED fashion-mnist-in-remove__homogeneous__metric-privacy__fedavg__clients-48__seed-42__nm0p00200733__clip5__rounds-100__epochs-5__fashion_mnist_remove__fashion_mnist_cnn round=50 (checkpoint deleted)
2026-08-21 05:55:30 EVALUATED fashion-mnist-in-remove__homogeneous__metric-privacy__fedavg__clients-48__seed-42__nm0p00200733__clip5__rounds-100__epochs-5__fashion_mnist_remove__fashion_mnist_cnn round=60 (checkpoint deleted)
2026-08-21 05:55:32 EVALUATED fashion-mnist-in-remove__homogeneous__metric-privacy__fedavg__clients-48__seed-42__nm0p00200733__clip5__rounds-100__epochs-5__fashion_mnist_remove__fashion_mnist_cnn round=70 (checkpoint deleted)
2026-08-21 05:55:35 EVALUATED fashion-mnist-in-remove__homogeneous__metric-privacy__fedavg__clients-48__seed-42__nm0p00200733__clip5__rounds-100__epochs-5__fashion_mnist_remove__fashion_mnist_cnn round=80 (checkpoint deleted)
2026-08-21 05:55:37 EVALUATED fashion-mnist-in-remove__homogeneous__metric-privacy__fedavg__clients-48__seed-42__nm0p00200733__clip5__rounds-100__epochs-5__fashion_mnist_remove__fashion_mnist_cnn round=90 (checkpoint deleted)
2026-08-21 05:55:40 EVALUATED fashion-mnist-in-remove__homogeneous__metric-privacy__fedavg__clients-48__seed-42__nm0p00200733__clip5__rounds-100__epochs-5__fashion_mnist_remove__fashion_mnist_cnn round=100 (checkpoint deleted)
2026-08-21 05:55:40 PROGRESS 1/2 (0 failed so far)
2026-08-21 05:55:40 START fashion-mnist-out-remove__homogeneous__metric-privacy__fedavg__clients-47__seed-42__nm0p00196551__clip5__rounds-100__epochs-5__fashion_mnist_remove__fashion_mnist_cnn 
2026-08-21 06:11:30 DONE  fashion-mnist-out-remove__homogeneous__metric-privacy__fedavg__clients-47__seed-42__nm0p00196551__clip5__rounds-100__epochs-5__fashion_mnist_remove__fashion_mnist_cnn (949.9s)
2026-08-21 06:11:32 EVALUATED fashion-mnist-out-remove__homogeneous__metric-privacy__fedavg__clients-47__seed-42__nm0p00196551__clip5__rounds-100__epochs-5__fashion_mnist_remove__fashion_mnist_cnn round=1 (checkpoint deleted)
2026-08-21 06:11:35 EVALUATED fashion-mnist-out-remove__homogeneous__metric-privacy__fedavg__clients-47__seed-42__nm0p00196551__clip5__rounds-100__epochs-5__fashion_mnist_remove__fashion_mnist_cnn round=10 (checkpoint deleted)
2026-08-21 06:11:38 EVALUATED fashion-mnist-out-remove__homogeneous__metric-privacy__fedavg__clients-47__seed-42__nm0p00196551__clip5__rounds-100__epochs-5__fashion_mnist_remove__fashion_mnist_cnn round=20 (checkpoint deleted)
2026-08-21 06:11:40 EVALUATED fashion-mnist-out-remove__homogeneous__metric-privacy__fedavg__clients-47__seed-42__nm0p00196551__clip5__rounds-100__epochs-5__fashion_mnist_remove__fashion_mnist_cnn round=30 (checkpoint deleted)
2026-08-21 06:11:43 EVALUATED fashion-mnist-out-remove__homogeneous__metric-privacy__fedavg__clients-47__seed-42__nm0p00196551__clip5__rounds-100__epochs-5__fashion_mnist_remove__fashion_mnist_cnn round=40 (checkpoint deleted)
2026-08-21 06:11:46 EVALUATED fashion-mnist-out-remove__homogeneous__metric-privacy__fedavg__clients-47__seed-42__nm0p00196551__clip5__rounds-100__epochs-5__fashion_mnist_remove__fashion_mnist_cnn round=50 (checkpoint deleted)
2026-08-21 06:11:48 EVALUATED fashion-mnist-out-remove__homogeneous__metric-privacy__fedavg__clients-47__seed-42__nm0p00196551__clip5__rounds-100__epochs-5__fashion_mnist_remove__fashion_mnist_cnn round=60 (checkpoint deleted)
2026-08-21 06:11:51 EVALUATED fashion-mnist-out-remove__homogeneous__metric-privacy__fedavg__clients-47__seed-42__nm0p00196551__clip5__rounds-100__epochs-5__fashion_mnist_remove__fashion_mnist_cnn round=70 (checkpoint deleted)
2026-08-21 06:11:53 EVALUATED fashion-mnist-out-remove__homogeneous__metric-privacy__fedavg__clients-47__seed-42__nm0p00196551__clip5__rounds-100__epochs-5__fashion_mnist_remove__fashion_mnist_cnn round=80 (checkpoint deleted)
2026-08-21 06:11:56 EVALUATED fashion-mnist-out-remove__homogeneous__metric-privacy__fedavg__clients-47__seed-42__nm0p00196551__clip5__rounds-100__epochs-5__fashion_mnist_remove__fashion_mnist_cnn round=90 (checkpoint deleted)
2026-08-21 06:11:59 EVALUATED fashion-mnist-out-remove__homogeneous__metric-privacy__fedavg__clients-47__seed-42__nm0p00196551__clip5__rounds-100__epochs-5__fashion_mnist_remove__fashion_mnist_cnn round=100 (checkpoint deleted)
2026-08-21 06:11:59 PROGRESS 2/2 (0 failed so far)
2026-08-21 06:11:59 Sweep finished: 2/2 attempted, 0 failed
