2026-08-12 21:11:12 Starting eurosat in-remove group: 18 trajectories
2026-08-12 21:11:12 START eurosat-in-remove__homogeneous__vanilla__fedavg__clients-48__seed-42__nm0p0371071__clip5__rounds-100__epochs-5__eurosat_scaling__eurosat_cnn 
2026-08-12 21:39:58 Starting eurosat in-remove group: 18 trajectories
2026-08-12 21:39:58 START eurosat-in-remove__homogeneous__vanilla__fedavg__clients-48__seed-42__nm0p0371071__clip5__rounds-100__epochs-5__eurosat_scaling__eurosat_cnn 
2026-08-12 21:40:24 Starting eurosat in-remove group: 18 trajectories
2026-08-12 21:40:24 START eurosat-in-remove__homogeneous__vanilla__fedavg__clients-48__seed-42__nm0p0371071__clip5__rounds-100__epochs-5__eurosat_scaling__eurosat_cnn 
2026-08-12 22:21:14 DONE  eurosat-in-remove__homogeneous__vanilla__fedavg__clients-48__seed-42__nm0p0371071__clip5__rounds-100__epochs-5__eurosat_scaling__eurosat_cnn (2449.8s)
2026-08-12 22:21:19 EVALUATED eurosat-in-remove__homogeneous__vanilla__fedavg__clients-48__seed-42__nm0p0371071__clip5__rounds-100__epochs-5__eurosat_scaling__eurosat_cnn round=1 (checkpoint deleted)
2026-08-12 22:21:21 EVALUATED eurosat-in-remove__homogeneous__vanilla__fedavg__clients-48__seed-42__nm0p0371071__clip5__rounds-100__epochs-5__eurosat_scaling__eurosat_cnn round=10 (checkpoint deleted)
2026-08-12 22:21:23 EVALUATED eurosat-in-remove__homogeneous__vanilla__fedavg__clients-48__seed-42__nm0p0371071__clip5__rounds-100__epochs-5__eurosat_scaling__eurosat_cnn round=20 (checkpoint deleted)
2026-08-12 22:21:25 EVALUATED eurosat-in-remove__homogeneous__vanilla__fedavg__clients-48__seed-42__nm0p0371071__clip5__rounds-100__epochs-5__eurosat_scaling__eurosat_cnn round=30 (checkpoint deleted)
2026-08-12 22:21:27 EVALUATED eurosat-in-remove__homogeneous__vanilla__fedavg__clients-48__seed-42__nm0p0371071__clip5__rounds-100__epochs-5__eurosat_scaling__eurosat_cnn round=40 (checkpoint deleted)
2026-08-12 22:21:29 EVALUATED eurosat-in-remove__homogeneous__vanilla__fedavg__clients-48__seed-42__nm0p0371071__clip5__rounds-100__epochs-5__eurosat_scaling__eurosat_cnn round=50 (checkpoint deleted)
2026-08-12 22:21:32 EVALUATED eurosat-in-remove__homogeneous__vanilla__fedavg__clients-48__seed-42__nm0p0371071__clip5__rounds-100__epochs-5__eurosat_scaling__eurosat_cnn round=60 (checkpoint deleted)
2026-08-12 22:21:36 EVALUATED eurosat-in-remove__homogeneous__vanilla__fedavg__clients-48__seed-42__nm0p0371071__clip5__rounds-100__epochs-5__eurosat_scaling__eurosat_cnn round=70 (checkpoint deleted)
2026-08-12 22:21:39 EVALUATED eurosat-in-remove__homogeneous__vanilla__fedavg__clients-48__seed-42__nm0p0371071__clip5__rounds-100__epochs-5__eurosat_scaling__eurosat_cnn round=80 (checkpoint deleted)
2026-08-12 22:21:41 EVALUATED eurosat-in-remove__homogeneous__vanilla__fedavg__clients-48__seed-42__nm0p0371071__clip5__rounds-100__epochs-5__eurosat_scaling__eurosat_cnn round=90 (checkpoint deleted)
2026-08-12 22:21:43 EVALUATED eurosat-in-remove__homogeneous__vanilla__fedavg__clients-48__seed-42__nm0p0371071__clip5__rounds-100__epochs-5__eurosat_scaling__eurosat_cnn round=100 (checkpoint deleted)
2026-08-12 22:21:43 PROGRESS 1/18 (0 failed so far)
2026-08-12 22:21:43 START eurosat-in-remove__homogeneous__vanilla__fedavg__clients-48__seed-43__nm0p0371071__clip5__rounds-100__epochs-5__eurosat_scaling__eurosat_cnn 
2026-08-12 23:03:45 DONE  eurosat-in-remove__homogeneous__vanilla__fedavg__clients-48__seed-43__nm0p0371071__clip5__rounds-100__epochs-5__eurosat_scaling__eurosat_cnn (2522.1s)
2026-08-12 23:03:49 EVALUATED eurosat-in-remove__homogeneous__vanilla__fedavg__clients-48__seed-43__nm0p0371071__clip5__rounds-100__epochs-5__eurosat_scaling__eurosat_cnn round=1 (checkpoint deleted)
2026-08-12 23:03:51 EVALUATED eurosat-in-remove__homogeneous__vanilla__fedavg__clients-48__seed-43__nm0p0371071__clip5__rounds-100__epochs-5__eurosat_scaling__eurosat_cnn round=10 (checkpoint deleted)
2026-08-12 23:03:54 EVALUATED eurosat-in-remove__homogeneous__vanilla__fedavg__clients-48__seed-43__nm0p0371071__clip5__rounds-100__epochs-5__eurosat_scaling__eurosat_cnn round=20 (checkpoint deleted)
2026-08-12 23:03:56 EVALUATED eurosat-in-remove__homogeneous__vanilla__fedavg__clients-48__seed-43__nm0p0371071__clip5__rounds-100__epochs-5__eurosat_scaling__eurosat_cnn round=30 (checkpoint deleted)
2026-08-12 23:04:00 EVALUATED eurosat-in-remove__homogeneous__vanilla__fedavg__clients-48__seed-43__nm0p0371071__clip5__rounds-100__epochs-5__eurosat_scaling__eurosat_cnn round=40 (checkpoint deleted)
2026-08-12 23:04:03 EVALUATED eurosat-in-remove__homogeneous__vanilla__fedavg__clients-48__seed-43__nm0p0371071__clip5__rounds-100__epochs-5__eurosat_scaling__eurosat_cnn round=50 (checkpoint deleted)
2026-08-12 23:04:06 EVALUATED eurosat-in-remove__homogeneous__vanilla__fedavg__clients-48__seed-43__nm0p0371071__clip5__rounds-100__epochs-5__eurosat_scaling__eurosat_cnn round=60 (checkpoint deleted)
2026-08-12 23:04:09 EVALUATED eurosat-in-remove__homogeneous__vanilla__fedavg__clients-48__seed-43__nm0p0371071__clip5__rounds-100__epochs-5__eurosat_scaling__eurosat_cnn round=70 (checkpoint deleted)
2026-08-12 23:04:11 EVALUATED eurosat-in-remove__homogeneous__vanilla__fedavg__clients-48__seed-43__nm0p0371071__clip5__rounds-100__epochs-5__eurosat_scaling__eurosat_cnn round=80 (checkpoint deleted)
2026-08-12 23:04:15 EVALUATED eurosat-in-remove__homogeneous__vanilla__fedavg__clients-48__seed-43__nm0p0371071__clip5__rounds-100__epochs-5__eurosat_scaling__eurosat_cnn round=90 (checkpoint deleted)
2026-08-12 23:04:18 EVALUATED eurosat-in-remove__homogeneous__vanilla__fedavg__clients-48__seed-43__nm0p0371071__clip5__rounds-100__epochs-5__eurosat_scaling__eurosat_cnn round=100 (checkpoint deleted)
2026-08-12 23:04:18 PROGRESS 2/18 (0 failed so far)
2026-08-12 23:04:18 START eurosat-in-remove__homogeneous__vanilla__fedavg__clients-48__seed-44__nm0p0371071__clip5__rounds-100__epochs-5__eurosat_scaling__eurosat_cnn 
2026-08-12 23:51:00 DONE  eurosat-in-remove__homogeneous__vanilla__fedavg__clients-48__seed-44__nm0p0371071__clip5__rounds-100__epochs-5__eurosat_scaling__eurosat_cnn (2801.8s)
2026-08-12 23:51:03 EVALUATED eurosat-in-remove__homogeneous__vanilla__fedavg__clients-48__seed-44__nm0p0371071__clip5__rounds-100__epochs-5__eurosat_scaling__eurosat_cnn round=1 (checkpoint deleted)
2026-08-12 23:51:05 EVALUATED eurosat-in-remove__homogeneous__vanilla__fedavg__clients-48__seed-44__nm0p0371071__clip5__rounds-100__epochs-5__eurosat_scaling__eurosat_cnn round=10 (checkpoint deleted)
2026-08-12 23:51:07 EVALUATED eurosat-in-remove__homogeneous__vanilla__fedavg__clients-48__seed-44__nm0p0371071__clip5__rounds-100__epochs-5__eurosat_scaling__eurosat_cnn round=20 (checkpoint deleted)
2026-08-12 23:51:09 EVALUATED eurosat-in-remove__homogeneous__vanilla__fedavg__clients-48__seed-44__nm0p0371071__clip5__rounds-100__epochs-5__eurosat_scaling__eurosat_cnn round=30 (checkpoint deleted)
2026-08-12 23:51:11 EVALUATED eurosat-in-remove__homogeneous__vanilla__fedavg__clients-48__seed-44__nm0p0371071__clip5__rounds-100__epochs-5__eurosat_scaling__eurosat_cnn round=40 (checkpoint deleted)
2026-08-12 23:51:12 EVALUATED eurosat-in-remove__homogeneous__vanilla__fedavg__clients-48__seed-44__nm0p0371071__clip5__rounds-100__epochs-5__eurosat_scaling__eurosat_cnn round=50 (checkpoint deleted)
2026-08-12 23:51:15 EVALUATED eurosat-in-remove__homogeneous__vanilla__fedavg__clients-48__seed-44__nm0p0371071__clip5__rounds-100__epochs-5__eurosat_scaling__eurosat_cnn round=60 (checkpoint deleted)
2026-08-12 23:51:17 EVALUATED eurosat-in-remove__homogeneous__vanilla__fedavg__clients-48__seed-44__nm0p0371071__clip5__rounds-100__epochs-5__eurosat_scaling__eurosat_cnn round=70 (checkpoint deleted)
2026-08-12 23:51:19 EVALUATED eurosat-in-remove__homogeneous__vanilla__fedavg__clients-48__seed-44__nm0p0371071__clip5__rounds-100__epochs-5__eurosat_scaling__eurosat_cnn round=80 (checkpoint deleted)
2026-08-12 23:51:21 EVALUATED eurosat-in-remove__homogeneous__vanilla__fedavg__clients-48__seed-44__nm0p0371071__clip5__rounds-100__epochs-5__eurosat_scaling__eurosat_cnn round=90 (checkpoint deleted)
2026-08-12 23:51:22 EVALUATED eurosat-in-remove__homogeneous__vanilla__fedavg__clients-48__seed-44__nm0p0371071__clip5__rounds-100__epochs-5__eurosat_scaling__eurosat_cnn round=100 (checkpoint deleted)
2026-08-12 23:51:22 PROGRESS 3/18 (0 failed so far)
2026-08-12 23:51:22 START eurosat-in-remove__homogeneous__global-dp__fedavg__clients-48__seed-42__nm0p0371071__clip5__rounds-100__epochs-5__eurosat_scaling__eurosat_cnn 
2026-08-13 00:36:50 DONE  eurosat-in-remove__homogeneous__global-dp__fedavg__clients-48__seed-42__nm0p0371071__clip5__rounds-100__epochs-5__eurosat_scaling__eurosat_cnn (2727.5s)
2026-08-13 00:36:52 EVALUATED eurosat-in-remove__homogeneous__global-dp__fedavg__clients-48__seed-42__nm0p0371071__clip5__rounds-100__epochs-5__eurosat_scaling__eurosat_cnn round=1 (checkpoint deleted)
2026-08-13 00:36:54 EVALUATED eurosat-in-remove__homogeneous__global-dp__fedavg__clients-48__seed-42__nm0p0371071__clip5__rounds-100__epochs-5__eurosat_scaling__eurosat_cnn round=10 (checkpoint deleted)
2026-08-13 00:36:56 EVALUATED eurosat-in-remove__homogeneous__global-dp__fedavg__clients-48__seed-42__nm0p0371071__clip5__rounds-100__epochs-5__eurosat_scaling__eurosat_cnn round=20 (checkpoint deleted)
2026-08-13 00:36:57 EVALUATED eurosat-in-remove__homogeneous__global-dp__fedavg__clients-48__seed-42__nm0p0371071__clip5__rounds-100__epochs-5__eurosat_scaling__eurosat_cnn round=30 (checkpoint deleted)
2026-08-13 00:36:59 EVALUATED eurosat-in-remove__homogeneous__global-dp__fedavg__clients-48__seed-42__nm0p0371071__clip5__rounds-100__epochs-5__eurosat_scaling__eurosat_cnn round=40 (checkpoint deleted)
2026-08-13 00:37:01 EVALUATED eurosat-in-remove__homogeneous__global-dp__fedavg__clients-48__seed-42__nm0p0371071__clip5__rounds-100__epochs-5__eurosat_scaling__eurosat_cnn round=50 (checkpoint deleted)
2026-08-13 00:37:03 EVALUATED eurosat-in-remove__homogeneous__global-dp__fedavg__clients-48__seed-42__nm0p0371071__clip5__rounds-100__epochs-5__eurosat_scaling__eurosat_cnn round=60 (checkpoint deleted)
2026-08-13 00:37:06 EVALUATED eurosat-in-remove__homogeneous__global-dp__fedavg__clients-48__seed-42__nm0p0371071__clip5__rounds-100__epochs-5__eurosat_scaling__eurosat_cnn round=70 (checkpoint deleted)
2026-08-13 00:37:08 EVALUATED eurosat-in-remove__homogeneous__global-dp__fedavg__clients-48__seed-42__nm0p0371071__clip5__rounds-100__epochs-5__eurosat_scaling__eurosat_cnn round=80 (checkpoint deleted)
2026-08-13 00:37:10 EVALUATED eurosat-in-remove__homogeneous__global-dp__fedavg__clients-48__seed-42__nm0p0371071__clip5__rounds-100__epochs-5__eurosat_scaling__eurosat_cnn round=90 (checkpoint deleted)
2026-08-13 00:37:12 EVALUATED eurosat-in-remove__homogeneous__global-dp__fedavg__clients-48__seed-42__nm0p0371071__clip5__rounds-100__epochs-5__eurosat_scaling__eurosat_cnn round=100 (checkpoint deleted)
2026-08-13 00:37:12 PROGRESS 4/18 (0 failed so far)
2026-08-13 00:37:12 START eurosat-in-remove__homogeneous__global-dp__fedavg__clients-48__seed-43__nm0p0371071__clip5__rounds-100__epochs-5__eurosat_scaling__eurosat_cnn 
2026-08-13 01:29:09 DONE  eurosat-in-remove__homogeneous__global-dp__fedavg__clients-48__seed-43__nm0p0371071__clip5__rounds-100__epochs-5__eurosat_scaling__eurosat_cnn (3116.7s)
2026-08-13 01:29:11 EVALUATED eurosat-in-remove__homogeneous__global-dp__fedavg__clients-48__seed-43__nm0p0371071__clip5__rounds-100__epochs-5__eurosat_scaling__eurosat_cnn round=1 (checkpoint deleted)
2026-08-13 01:29:13 EVALUATED eurosat-in-remove__homogeneous__global-dp__fedavg__clients-48__seed-43__nm0p0371071__clip5__rounds-100__epochs-5__eurosat_scaling__eurosat_cnn round=10 (checkpoint deleted)
2026-08-13 01:29:15 EVALUATED eurosat-in-remove__homogeneous__global-dp__fedavg__clients-48__seed-43__nm0p0371071__clip5__rounds-100__epochs-5__eurosat_scaling__eurosat_cnn round=20 (checkpoint deleted)
2026-08-13 01:29:18 EVALUATED eurosat-in-remove__homogeneous__global-dp__fedavg__clients-48__seed-43__nm0p0371071__clip5__rounds-100__epochs-5__eurosat_scaling__eurosat_cnn round=30 (checkpoint deleted)
2026-08-13 01:29:20 EVALUATED eurosat-in-remove__homogeneous__global-dp__fedavg__clients-48__seed-43__nm0p0371071__clip5__rounds-100__epochs-5__eurosat_scaling__eurosat_cnn round=40 (checkpoint deleted)
2026-08-13 01:29:22 EVALUATED eurosat-in-remove__homogeneous__global-dp__fedavg__clients-48__seed-43__nm0p0371071__clip5__rounds-100__epochs-5__eurosat_scaling__eurosat_cnn round=50 (checkpoint deleted)
2026-08-13 01:29:25 EVALUATED eurosat-in-remove__homogeneous__global-dp__fedavg__clients-48__seed-43__nm0p0371071__clip5__rounds-100__epochs-5__eurosat_scaling__eurosat_cnn round=60 (checkpoint deleted)
2026-08-13 01:29:27 EVALUATED eurosat-in-remove__homogeneous__global-dp__fedavg__clients-48__seed-43__nm0p0371071__clip5__rounds-100__epochs-5__eurosat_scaling__eurosat_cnn round=70 (checkpoint deleted)
2026-08-13 01:29:29 EVALUATED eurosat-in-remove__homogeneous__global-dp__fedavg__clients-48__seed-43__nm0p0371071__clip5__rounds-100__epochs-5__eurosat_scaling__eurosat_cnn round=80 (checkpoint deleted)
2026-08-13 01:29:32 EVALUATED eurosat-in-remove__homogeneous__global-dp__fedavg__clients-48__seed-43__nm0p0371071__clip5__rounds-100__epochs-5__eurosat_scaling__eurosat_cnn round=90 (checkpoint deleted)
2026-08-13 01:29:34 EVALUATED eurosat-in-remove__homogeneous__global-dp__fedavg__clients-48__seed-43__nm0p0371071__clip5__rounds-100__epochs-5__eurosat_scaling__eurosat_cnn round=100 (checkpoint deleted)
2026-08-13 01:29:34 PROGRESS 5/18 (0 failed so far)
2026-08-13 01:29:34 START eurosat-in-remove__homogeneous__global-dp__fedavg__clients-48__seed-44__nm0p0371071__clip5__rounds-100__epochs-5__eurosat_scaling__eurosat_cnn 
2026-08-13 02:21:33 DONE  eurosat-in-remove__homogeneous__global-dp__fedavg__clients-48__seed-44__nm0p0371071__clip5__rounds-100__epochs-5__eurosat_scaling__eurosat_cnn (3118.8s)
2026-08-13 02:21:35 EVALUATED eurosat-in-remove__homogeneous__global-dp__fedavg__clients-48__seed-44__nm0p0371071__clip5__rounds-100__epochs-5__eurosat_scaling__eurosat_cnn round=1 (checkpoint deleted)
2026-08-13 02:21:37 EVALUATED eurosat-in-remove__homogeneous__global-dp__fedavg__clients-48__seed-44__nm0p0371071__clip5__rounds-100__epochs-5__eurosat_scaling__eurosat_cnn round=10 (checkpoint deleted)
2026-08-13 02:21:39 EVALUATED eurosat-in-remove__homogeneous__global-dp__fedavg__clients-48__seed-44__nm0p0371071__clip5__rounds-100__epochs-5__eurosat_scaling__eurosat_cnn round=20 (checkpoint deleted)
2026-08-13 02:21:42 EVALUATED eurosat-in-remove__homogeneous__global-dp__fedavg__clients-48__seed-44__nm0p0371071__clip5__rounds-100__epochs-5__eurosat_scaling__eurosat_cnn round=30 (checkpoint deleted)
2026-08-13 02:21:44 EVALUATED eurosat-in-remove__homogeneous__global-dp__fedavg__clients-48__seed-44__nm0p0371071__clip5__rounds-100__epochs-5__eurosat_scaling__eurosat_cnn round=40 (checkpoint deleted)
2026-08-13 02:21:46 EVALUATED eurosat-in-remove__homogeneous__global-dp__fedavg__clients-48__seed-44__nm0p0371071__clip5__rounds-100__epochs-5__eurosat_scaling__eurosat_cnn round=50 (checkpoint deleted)
2026-08-13 02:21:48 EVALUATED eurosat-in-remove__homogeneous__global-dp__fedavg__clients-48__seed-44__nm0p0371071__clip5__rounds-100__epochs-5__eurosat_scaling__eurosat_cnn round=60 (checkpoint deleted)
2026-08-13 02:21:50 EVALUATED eurosat-in-remove__homogeneous__global-dp__fedavg__clients-48__seed-44__nm0p0371071__clip5__rounds-100__epochs-5__eurosat_scaling__eurosat_cnn round=70 (checkpoint deleted)
2026-08-13 02:21:51 EVALUATED eurosat-in-remove__homogeneous__global-dp__fedavg__clients-48__seed-44__nm0p0371071__clip5__rounds-100__epochs-5__eurosat_scaling__eurosat_cnn round=80 (checkpoint deleted)
2026-08-13 02:21:53 EVALUATED eurosat-in-remove__homogeneous__global-dp__fedavg__clients-48__seed-44__nm0p0371071__clip5__rounds-100__epochs-5__eurosat_scaling__eurosat_cnn round=90 (checkpoint deleted)
2026-08-13 02:21:55 EVALUATED eurosat-in-remove__homogeneous__global-dp__fedavg__clients-48__seed-44__nm0p0371071__clip5__rounds-100__epochs-5__eurosat_scaling__eurosat_cnn round=100 (checkpoint deleted)
2026-08-13 02:21:55 PROGRESS 6/18 (0 failed so far)
2026-08-13 02:21:55 START eurosat-in-remove__homogeneous__metric-privacy__fedavg__clients-48__seed-42__nm0p0371071__clip5__rounds-100__epochs-5__eurosat_scaling__eurosat_cnn 
2026-08-13 03:13:47 DONE  eurosat-in-remove__homogeneous__metric-privacy__fedavg__clients-48__seed-42__nm0p0371071__clip5__rounds-100__epochs-5__eurosat_scaling__eurosat_cnn (3111.6s)
2026-08-13 03:13:48 EVALUATED eurosat-in-remove__homogeneous__metric-privacy__fedavg__clients-48__seed-42__nm0p0371071__clip5__rounds-100__epochs-5__eurosat_scaling__eurosat_cnn round=1 (checkpoint deleted)
2026-08-13 03:13:50 EVALUATED eurosat-in-remove__homogeneous__metric-privacy__fedavg__clients-48__seed-42__nm0p0371071__clip5__rounds-100__epochs-5__eurosat_scaling__eurosat_cnn round=10 (checkpoint deleted)
2026-08-13 03:13:52 EVALUATED eurosat-in-remove__homogeneous__metric-privacy__fedavg__clients-48__seed-42__nm0p0371071__clip5__rounds-100__epochs-5__eurosat_scaling__eurosat_cnn round=20 (checkpoint deleted)
2026-08-13 03:13:53 EVALUATED eurosat-in-remove__homogeneous__metric-privacy__fedavg__clients-48__seed-42__nm0p0371071__clip5__rounds-100__epochs-5__eurosat_scaling__eurosat_cnn round=30 (checkpoint deleted)
2026-08-13 03:13:55 EVALUATED eurosat-in-remove__homogeneous__metric-privacy__fedavg__clients-48__seed-42__nm0p0371071__clip5__rounds-100__epochs-5__eurosat_scaling__eurosat_cnn round=40 (checkpoint deleted)
2026-08-13 03:13:56 EVALUATED eurosat-in-remove__homogeneous__metric-privacy__fedavg__clients-48__seed-42__nm0p0371071__clip5__rounds-100__epochs-5__eurosat_scaling__eurosat_cnn round=50 (checkpoint deleted)
2026-08-13 03:13:58 EVALUATED eurosat-in-remove__homogeneous__metric-privacy__fedavg__clients-48__seed-42__nm0p0371071__clip5__rounds-100__epochs-5__eurosat_scaling__eurosat_cnn round=60 (checkpoint deleted)
2026-08-13 03:14:00 EVALUATED eurosat-in-remove__homogeneous__metric-privacy__fedavg__clients-48__seed-42__nm0p0371071__clip5__rounds-100__epochs-5__eurosat_scaling__eurosat_cnn round=70 (checkpoint deleted)
2026-08-13 03:14:01 EVALUATED eurosat-in-remove__homogeneous__metric-privacy__fedavg__clients-48__seed-42__nm0p0371071__clip5__rounds-100__epochs-5__eurosat_scaling__eurosat_cnn round=80 (checkpoint deleted)
2026-08-13 03:14:03 EVALUATED eurosat-in-remove__homogeneous__metric-privacy__fedavg__clients-48__seed-42__nm0p0371071__clip5__rounds-100__epochs-5__eurosat_scaling__eurosat_cnn round=90 (checkpoint deleted)
2026-08-13 03:14:05 EVALUATED eurosat-in-remove__homogeneous__metric-privacy__fedavg__clients-48__seed-42__nm0p0371071__clip5__rounds-100__epochs-5__eurosat_scaling__eurosat_cnn round=100 (checkpoint deleted)
2026-08-13 03:14:05 PROGRESS 7/18 (0 failed so far)
2026-08-13 03:14:05 START eurosat-in-remove__homogeneous__metric-privacy__fedavg__clients-48__seed-43__nm0p0371071__clip5__rounds-100__epochs-5__eurosat_scaling__eurosat_cnn 
2026-08-13 03:54:13 DONE  eurosat-in-remove__homogeneous__metric-privacy__fedavg__clients-48__seed-43__nm0p0371071__clip5__rounds-100__epochs-5__eurosat_scaling__eurosat_cnn (2408.3s)
2026-08-13 03:54:15 EVALUATED eurosat-in-remove__homogeneous__metric-privacy__fedavg__clients-48__seed-43__nm0p0371071__clip5__rounds-100__epochs-5__eurosat_scaling__eurosat_cnn round=1 (checkpoint deleted)
2026-08-13 03:54:16 EVALUATED eurosat-in-remove__homogeneous__metric-privacy__fedavg__clients-48__seed-43__nm0p0371071__clip5__rounds-100__epochs-5__eurosat_scaling__eurosat_cnn round=10 (checkpoint deleted)
2026-08-13 03:54:18 EVALUATED eurosat-in-remove__homogeneous__metric-privacy__fedavg__clients-48__seed-43__nm0p0371071__clip5__rounds-100__epochs-5__eurosat_scaling__eurosat_cnn round=20 (checkpoint deleted)
2026-08-13 03:54:19 EVALUATED eurosat-in-remove__homogeneous__metric-privacy__fedavg__clients-48__seed-43__nm0p0371071__clip5__rounds-100__epochs-5__eurosat_scaling__eurosat_cnn round=30 (checkpoint deleted)
2026-08-13 03:54:21 EVALUATED eurosat-in-remove__homogeneous__metric-privacy__fedavg__clients-48__seed-43__nm0p0371071__clip5__rounds-100__epochs-5__eurosat_scaling__eurosat_cnn round=40 (checkpoint deleted)
2026-08-13 03:54:22 EVALUATED eurosat-in-remove__homogeneous__metric-privacy__fedavg__clients-48__seed-43__nm0p0371071__clip5__rounds-100__epochs-5__eurosat_scaling__eurosat_cnn round=50 (checkpoint deleted)
2026-08-13 03:54:24 EVALUATED eurosat-in-remove__homogeneous__metric-privacy__fedavg__clients-48__seed-43__nm0p0371071__clip5__rounds-100__epochs-5__eurosat_scaling__eurosat_cnn round=60 (checkpoint deleted)
2026-08-13 03:54:25 EVALUATED eurosat-in-remove__homogeneous__metric-privacy__fedavg__clients-48__seed-43__nm0p0371071__clip5__rounds-100__epochs-5__eurosat_scaling__eurosat_cnn round=70 (checkpoint deleted)
2026-08-13 03:54:27 EVALUATED eurosat-in-remove__homogeneous__metric-privacy__fedavg__clients-48__seed-43__nm0p0371071__clip5__rounds-100__epochs-5__eurosat_scaling__eurosat_cnn round=80 (checkpoint deleted)
2026-08-13 03:54:28 EVALUATED eurosat-in-remove__homogeneous__metric-privacy__fedavg__clients-48__seed-43__nm0p0371071__clip5__rounds-100__epochs-5__eurosat_scaling__eurosat_cnn round=90 (checkpoint deleted)
2026-08-13 03:54:30 EVALUATED eurosat-in-remove__homogeneous__metric-privacy__fedavg__clients-48__seed-43__nm0p0371071__clip5__rounds-100__epochs-5__eurosat_scaling__eurosat_cnn round=100 (checkpoint deleted)
2026-08-13 03:54:30 PROGRESS 8/18 (0 failed so far)
2026-08-13 03:54:30 START eurosat-in-remove__homogeneous__metric-privacy__fedavg__clients-48__seed-44__nm0p0371071__clip5__rounds-100__epochs-5__eurosat_scaling__eurosat_cnn 
2026-08-13 04:26:41 DONE  eurosat-in-remove__homogeneous__metric-privacy__fedavg__clients-48__seed-44__nm0p0371071__clip5__rounds-100__epochs-5__eurosat_scaling__eurosat_cnn (1931.3s)
2026-08-13 04:26:43 EVALUATED eurosat-in-remove__homogeneous__metric-privacy__fedavg__clients-48__seed-44__nm0p0371071__clip5__rounds-100__epochs-5__eurosat_scaling__eurosat_cnn round=1 (checkpoint deleted)
2026-08-13 04:26:44 EVALUATED eurosat-in-remove__homogeneous__metric-privacy__fedavg__clients-48__seed-44__nm0p0371071__clip5__rounds-100__epochs-5__eurosat_scaling__eurosat_cnn round=10 (checkpoint deleted)
2026-08-13 04:26:45 EVALUATED eurosat-in-remove__homogeneous__metric-privacy__fedavg__clients-48__seed-44__nm0p0371071__clip5__rounds-100__epochs-5__eurosat_scaling__eurosat_cnn round=20 (checkpoint deleted)
2026-08-13 04:26:47 EVALUATED eurosat-in-remove__homogeneous__metric-privacy__fedavg__clients-48__seed-44__nm0p0371071__clip5__rounds-100__epochs-5__eurosat_scaling__eurosat_cnn round=30 (checkpoint deleted)
2026-08-13 04:26:48 EVALUATED eurosat-in-remove__homogeneous__metric-privacy__fedavg__clients-48__seed-44__nm0p0371071__clip5__rounds-100__epochs-5__eurosat_scaling__eurosat_cnn round=40 (checkpoint deleted)
2026-08-13 04:26:49 EVALUATED eurosat-in-remove__homogeneous__metric-privacy__fedavg__clients-48__seed-44__nm0p0371071__clip5__rounds-100__epochs-5__eurosat_scaling__eurosat_cnn round=50 (checkpoint deleted)
2026-08-13 04:26:51 EVALUATED eurosat-in-remove__homogeneous__metric-privacy__fedavg__clients-48__seed-44__nm0p0371071__clip5__rounds-100__epochs-5__eurosat_scaling__eurosat_cnn round=60 (checkpoint deleted)
2026-08-13 04:26:52 EVALUATED eurosat-in-remove__homogeneous__metric-privacy__fedavg__clients-48__seed-44__nm0p0371071__clip5__rounds-100__epochs-5__eurosat_scaling__eurosat_cnn round=70 (checkpoint deleted)
2026-08-13 04:26:53 EVALUATED eurosat-in-remove__homogeneous__metric-privacy__fedavg__clients-48__seed-44__nm0p0371071__clip5__rounds-100__epochs-5__eurosat_scaling__eurosat_cnn round=80 (checkpoint deleted)
2026-08-13 04:26:55 EVALUATED eurosat-in-remove__homogeneous__metric-privacy__fedavg__clients-48__seed-44__nm0p0371071__clip5__rounds-100__epochs-5__eurosat_scaling__eurosat_cnn round=90 (checkpoint deleted)
2026-08-13 04:26:56 EVALUATED eurosat-in-remove__homogeneous__metric-privacy__fedavg__clients-48__seed-44__nm0p0371071__clip5__rounds-100__epochs-5__eurosat_scaling__eurosat_cnn round=100 (checkpoint deleted)
2026-08-13 04:26:56 PROGRESS 9/18 (0 failed so far)
2026-08-13 04:26:56 START eurosat-in-remove__non-iid__vanilla__fedavg__clients-48__seed-42__nm0p0371071__clip5__rounds-100__epochs-5__eurosat_scaling__eurosat_cnn 
2026-08-13 04:57:37 DONE  eurosat-in-remove__non-iid__vanilla__fedavg__clients-48__seed-42__nm0p0371071__clip5__rounds-100__epochs-5__eurosat_scaling__eurosat_cnn (1841.5s)
2026-08-13 04:57:39 EVALUATED eurosat-in-remove__non-iid__vanilla__fedavg__clients-48__seed-42__nm0p0371071__clip5__rounds-100__epochs-5__eurosat_scaling__eurosat_cnn round=1 (checkpoint deleted)
2026-08-13 04:57:40 EVALUATED eurosat-in-remove__non-iid__vanilla__fedavg__clients-48__seed-42__nm0p0371071__clip5__rounds-100__epochs-5__eurosat_scaling__eurosat_cnn round=10 (checkpoint deleted)
2026-08-13 04:57:42 EVALUATED eurosat-in-remove__non-iid__vanilla__fedavg__clients-48__seed-42__nm0p0371071__clip5__rounds-100__epochs-5__eurosat_scaling__eurosat_cnn round=20 (checkpoint deleted)
2026-08-13 04:57:43 EVALUATED eurosat-in-remove__non-iid__vanilla__fedavg__clients-48__seed-42__nm0p0371071__clip5__rounds-100__epochs-5__eurosat_scaling__eurosat_cnn round=30 (checkpoint deleted)
2026-08-13 04:57:44 EVALUATED eurosat-in-remove__non-iid__vanilla__fedavg__clients-48__seed-42__nm0p0371071__clip5__rounds-100__epochs-5__eurosat_scaling__eurosat_cnn round=40 (checkpoint deleted)
2026-08-13 04:57:46 EVALUATED eurosat-in-remove__non-iid__vanilla__fedavg__clients-48__seed-42__nm0p0371071__clip5__rounds-100__epochs-5__eurosat_scaling__eurosat_cnn round=50 (checkpoint deleted)
2026-08-13 04:57:47 EVALUATED eurosat-in-remove__non-iid__vanilla__fedavg__clients-48__seed-42__nm0p0371071__clip5__rounds-100__epochs-5__eurosat_scaling__eurosat_cnn round=60 (checkpoint deleted)
2026-08-13 04:57:49 EVALUATED eurosat-in-remove__non-iid__vanilla__fedavg__clients-48__seed-42__nm0p0371071__clip5__rounds-100__epochs-5__eurosat_scaling__eurosat_cnn round=70 (checkpoint deleted)
2026-08-13 04:57:50 EVALUATED eurosat-in-remove__non-iid__vanilla__fedavg__clients-48__seed-42__nm0p0371071__clip5__rounds-100__epochs-5__eurosat_scaling__eurosat_cnn round=80 (checkpoint deleted)
2026-08-13 04:57:51 EVALUATED eurosat-in-remove__non-iid__vanilla__fedavg__clients-48__seed-42__nm0p0371071__clip5__rounds-100__epochs-5__eurosat_scaling__eurosat_cnn round=90 (checkpoint deleted)
2026-08-13 04:57:53 EVALUATED eurosat-in-remove__non-iid__vanilla__fedavg__clients-48__seed-42__nm0p0371071__clip5__rounds-100__epochs-5__eurosat_scaling__eurosat_cnn round=100 (checkpoint deleted)
2026-08-13 04:57:53 PROGRESS 10/18 (0 failed so far)
2026-08-13 04:57:53 START eurosat-in-remove__non-iid__vanilla__fedavg__clients-48__seed-43__nm0p0371071__clip5__rounds-100__epochs-5__eurosat_scaling__eurosat_cnn 
2026-08-13 05:28:28 DONE  eurosat-in-remove__non-iid__vanilla__fedavg__clients-48__seed-43__nm0p0371071__clip5__rounds-100__epochs-5__eurosat_scaling__eurosat_cnn (1835.4s)
2026-08-13 05:28:30 EVALUATED eurosat-in-remove__non-iid__vanilla__fedavg__clients-48__seed-43__nm0p0371071__clip5__rounds-100__epochs-5__eurosat_scaling__eurosat_cnn round=1 (checkpoint deleted)
2026-08-13 05:28:31 EVALUATED eurosat-in-remove__non-iid__vanilla__fedavg__clients-48__seed-43__nm0p0371071__clip5__rounds-100__epochs-5__eurosat_scaling__eurosat_cnn round=10 (checkpoint deleted)
2026-08-13 05:28:33 EVALUATED eurosat-in-remove__non-iid__vanilla__fedavg__clients-48__seed-43__nm0p0371071__clip5__rounds-100__epochs-5__eurosat_scaling__eurosat_cnn round=20 (checkpoint deleted)
2026-08-13 05:28:34 EVALUATED eurosat-in-remove__non-iid__vanilla__fedavg__clients-48__seed-43__nm0p0371071__clip5__rounds-100__epochs-5__eurosat_scaling__eurosat_cnn round=30 (checkpoint deleted)
2026-08-13 05:28:35 EVALUATED eurosat-in-remove__non-iid__vanilla__fedavg__clients-48__seed-43__nm0p0371071__clip5__rounds-100__epochs-5__eurosat_scaling__eurosat_cnn round=40 (checkpoint deleted)
2026-08-13 05:28:37 EVALUATED eurosat-in-remove__non-iid__vanilla__fedavg__clients-48__seed-43__nm0p0371071__clip5__rounds-100__epochs-5__eurosat_scaling__eurosat_cnn round=50 (checkpoint deleted)
2026-08-13 05:28:38 EVALUATED eurosat-in-remove__non-iid__vanilla__fedavg__clients-48__seed-43__nm0p0371071__clip5__rounds-100__epochs-5__eurosat_scaling__eurosat_cnn round=60 (checkpoint deleted)
2026-08-13 05:28:40 EVALUATED eurosat-in-remove__non-iid__vanilla__fedavg__clients-48__seed-43__nm0p0371071__clip5__rounds-100__epochs-5__eurosat_scaling__eurosat_cnn round=70 (checkpoint deleted)
2026-08-13 05:28:41 EVALUATED eurosat-in-remove__non-iid__vanilla__fedavg__clients-48__seed-43__nm0p0371071__clip5__rounds-100__epochs-5__eurosat_scaling__eurosat_cnn round=80 (checkpoint deleted)
2026-08-13 05:28:42 EVALUATED eurosat-in-remove__non-iid__vanilla__fedavg__clients-48__seed-43__nm0p0371071__clip5__rounds-100__epochs-5__eurosat_scaling__eurosat_cnn round=90 (checkpoint deleted)
2026-08-13 05:28:44 EVALUATED eurosat-in-remove__non-iid__vanilla__fedavg__clients-48__seed-43__nm0p0371071__clip5__rounds-100__epochs-5__eurosat_scaling__eurosat_cnn round=100 (checkpoint deleted)
2026-08-13 05:28:44 PROGRESS 11/18 (0 failed so far)
2026-08-13 05:28:44 START eurosat-in-remove__non-iid__vanilla__fedavg__clients-48__seed-44__nm0p0371071__clip5__rounds-100__epochs-5__eurosat_scaling__eurosat_cnn 
2026-08-13 05:58:52 DONE  eurosat-in-remove__non-iid__vanilla__fedavg__clients-48__seed-44__nm0p0371071__clip5__rounds-100__epochs-5__eurosat_scaling__eurosat_cnn (1808.2s)
2026-08-13 05:58:53 EVALUATED eurosat-in-remove__non-iid__vanilla__fedavg__clients-48__seed-44__nm0p0371071__clip5__rounds-100__epochs-5__eurosat_scaling__eurosat_cnn round=1 (checkpoint deleted)
2026-08-13 05:58:55 EVALUATED eurosat-in-remove__non-iid__vanilla__fedavg__clients-48__seed-44__nm0p0371071__clip5__rounds-100__epochs-5__eurosat_scaling__eurosat_cnn round=10 (checkpoint deleted)
2026-08-13 05:58:56 EVALUATED eurosat-in-remove__non-iid__vanilla__fedavg__clients-48__seed-44__nm0p0371071__clip5__rounds-100__epochs-5__eurosat_scaling__eurosat_cnn round=20 (checkpoint deleted)
2026-08-13 05:58:58 EVALUATED eurosat-in-remove__non-iid__vanilla__fedavg__clients-48__seed-44__nm0p0371071__clip5__rounds-100__epochs-5__eurosat_scaling__eurosat_cnn round=30 (checkpoint deleted)
2026-08-13 05:58:59 EVALUATED eurosat-in-remove__non-iid__vanilla__fedavg__clients-48__seed-44__nm0p0371071__clip5__rounds-100__epochs-5__eurosat_scaling__eurosat_cnn round=40 (checkpoint deleted)
2026-08-13 05:59:01 EVALUATED eurosat-in-remove__non-iid__vanilla__fedavg__clients-48__seed-44__nm0p0371071__clip5__rounds-100__epochs-5__eurosat_scaling__eurosat_cnn round=50 (checkpoint deleted)
2026-08-13 05:59:02 EVALUATED eurosat-in-remove__non-iid__vanilla__fedavg__clients-48__seed-44__nm0p0371071__clip5__rounds-100__epochs-5__eurosat_scaling__eurosat_cnn round=60 (checkpoint deleted)
2026-08-13 05:59:03 EVALUATED eurosat-in-remove__non-iid__vanilla__fedavg__clients-48__seed-44__nm0p0371071__clip5__rounds-100__epochs-5__eurosat_scaling__eurosat_cnn round=70 (checkpoint deleted)
2026-08-13 05:59:05 EVALUATED eurosat-in-remove__non-iid__vanilla__fedavg__clients-48__seed-44__nm0p0371071__clip5__rounds-100__epochs-5__eurosat_scaling__eurosat_cnn round=80 (checkpoint deleted)
2026-08-13 05:59:06 EVALUATED eurosat-in-remove__non-iid__vanilla__fedavg__clients-48__seed-44__nm0p0371071__clip5__rounds-100__epochs-5__eurosat_scaling__eurosat_cnn round=90 (checkpoint deleted)
2026-08-13 05:59:08 EVALUATED eurosat-in-remove__non-iid__vanilla__fedavg__clients-48__seed-44__nm0p0371071__clip5__rounds-100__epochs-5__eurosat_scaling__eurosat_cnn round=100 (checkpoint deleted)
2026-08-13 05:59:08 PROGRESS 12/18 (0 failed so far)
2026-08-13 05:59:08 START eurosat-in-remove__non-iid__global-dp__fedavg__clients-48__seed-42__nm0p0371071__clip5__rounds-100__epochs-5__eurosat_scaling__eurosat_cnn 
2026-08-13 06:29:48 DONE  eurosat-in-remove__non-iid__global-dp__fedavg__clients-48__seed-42__nm0p0371071__clip5__rounds-100__epochs-5__eurosat_scaling__eurosat_cnn (1840.7s)
2026-08-13 06:29:50 EVALUATED eurosat-in-remove__non-iid__global-dp__fedavg__clients-48__seed-42__nm0p0371071__clip5__rounds-100__epochs-5__eurosat_scaling__eurosat_cnn round=1 (checkpoint deleted)
2026-08-13 06:29:52 EVALUATED eurosat-in-remove__non-iid__global-dp__fedavg__clients-48__seed-42__nm0p0371071__clip5__rounds-100__epochs-5__eurosat_scaling__eurosat_cnn round=10 (checkpoint deleted)
2026-08-13 06:29:53 EVALUATED eurosat-in-remove__non-iid__global-dp__fedavg__clients-48__seed-42__nm0p0371071__clip5__rounds-100__epochs-5__eurosat_scaling__eurosat_cnn round=20 (checkpoint deleted)
2026-08-13 06:29:54 EVALUATED eurosat-in-remove__non-iid__global-dp__fedavg__clients-48__seed-42__nm0p0371071__clip5__rounds-100__epochs-5__eurosat_scaling__eurosat_cnn round=30 (checkpoint deleted)
2026-08-13 06:29:56 EVALUATED eurosat-in-remove__non-iid__global-dp__fedavg__clients-48__seed-42__nm0p0371071__clip5__rounds-100__epochs-5__eurosat_scaling__eurosat_cnn round=40 (checkpoint deleted)
2026-08-13 06:29:57 EVALUATED eurosat-in-remove__non-iid__global-dp__fedavg__clients-48__seed-42__nm0p0371071__clip5__rounds-100__epochs-5__eurosat_scaling__eurosat_cnn round=50 (checkpoint deleted)
2026-08-13 06:29:58 EVALUATED eurosat-in-remove__non-iid__global-dp__fedavg__clients-48__seed-42__nm0p0371071__clip5__rounds-100__epochs-5__eurosat_scaling__eurosat_cnn round=60 (checkpoint deleted)
2026-08-13 06:30:00 EVALUATED eurosat-in-remove__non-iid__global-dp__fedavg__clients-48__seed-42__nm0p0371071__clip5__rounds-100__epochs-5__eurosat_scaling__eurosat_cnn round=70 (checkpoint deleted)
2026-08-13 06:30:01 EVALUATED eurosat-in-remove__non-iid__global-dp__fedavg__clients-48__seed-42__nm0p0371071__clip5__rounds-100__epochs-5__eurosat_scaling__eurosat_cnn round=80 (checkpoint deleted)
2026-08-13 06:30:03 EVALUATED eurosat-in-remove__non-iid__global-dp__fedavg__clients-48__seed-42__nm0p0371071__clip5__rounds-100__epochs-5__eurosat_scaling__eurosat_cnn round=90 (checkpoint deleted)
2026-08-13 06:30:04 EVALUATED eurosat-in-remove__non-iid__global-dp__fedavg__clients-48__seed-42__nm0p0371071__clip5__rounds-100__epochs-5__eurosat_scaling__eurosat_cnn round=100 (checkpoint deleted)
2026-08-13 06:30:04 PROGRESS 13/18 (0 failed so far)
2026-08-13 06:30:04 START eurosat-in-remove__non-iid__global-dp__fedavg__clients-48__seed-43__nm0p0371071__clip5__rounds-100__epochs-5__eurosat_scaling__eurosat_cnn 
2026-08-13 07:01:10 DONE  eurosat-in-remove__non-iid__global-dp__fedavg__clients-48__seed-43__nm0p0371071__clip5__rounds-100__epochs-5__eurosat_scaling__eurosat_cnn (1865.7s)
2026-08-13 07:01:11 EVALUATED eurosat-in-remove__non-iid__global-dp__fedavg__clients-48__seed-43__nm0p0371071__clip5__rounds-100__epochs-5__eurosat_scaling__eurosat_cnn round=1 (checkpoint deleted)
2026-08-13 07:01:12 EVALUATED eurosat-in-remove__non-iid__global-dp__fedavg__clients-48__seed-43__nm0p0371071__clip5__rounds-100__epochs-5__eurosat_scaling__eurosat_cnn round=10 (checkpoint deleted)
2026-08-13 07:01:14 EVALUATED eurosat-in-remove__non-iid__global-dp__fedavg__clients-48__seed-43__nm0p0371071__clip5__rounds-100__epochs-5__eurosat_scaling__eurosat_cnn round=20 (checkpoint deleted)
2026-08-13 07:01:15 EVALUATED eurosat-in-remove__non-iid__global-dp__fedavg__clients-48__seed-43__nm0p0371071__clip5__rounds-100__epochs-5__eurosat_scaling__eurosat_cnn round=30 (checkpoint deleted)
2026-08-13 07:01:17 EVALUATED eurosat-in-remove__non-iid__global-dp__fedavg__clients-48__seed-43__nm0p0371071__clip5__rounds-100__epochs-5__eurosat_scaling__eurosat_cnn round=40 (checkpoint deleted)
2026-08-13 07:01:18 EVALUATED eurosat-in-remove__non-iid__global-dp__fedavg__clients-48__seed-43__nm0p0371071__clip5__rounds-100__epochs-5__eurosat_scaling__eurosat_cnn round=50 (checkpoint deleted)
2026-08-13 07:01:20 EVALUATED eurosat-in-remove__non-iid__global-dp__fedavg__clients-48__seed-43__nm0p0371071__clip5__rounds-100__epochs-5__eurosat_scaling__eurosat_cnn round=60 (checkpoint deleted)
2026-08-13 07:01:21 EVALUATED eurosat-in-remove__non-iid__global-dp__fedavg__clients-48__seed-43__nm0p0371071__clip5__rounds-100__epochs-5__eurosat_scaling__eurosat_cnn round=70 (checkpoint deleted)
2026-08-13 07:01:22 EVALUATED eurosat-in-remove__non-iid__global-dp__fedavg__clients-48__seed-43__nm0p0371071__clip5__rounds-100__epochs-5__eurosat_scaling__eurosat_cnn round=80 (checkpoint deleted)
2026-08-13 07:01:24 EVALUATED eurosat-in-remove__non-iid__global-dp__fedavg__clients-48__seed-43__nm0p0371071__clip5__rounds-100__epochs-5__eurosat_scaling__eurosat_cnn round=90 (checkpoint deleted)
2026-08-13 07:01:25 EVALUATED eurosat-in-remove__non-iid__global-dp__fedavg__clients-48__seed-43__nm0p0371071__clip5__rounds-100__epochs-5__eurosat_scaling__eurosat_cnn round=100 (checkpoint deleted)
2026-08-13 07:01:25 PROGRESS 14/18 (0 failed so far)
2026-08-13 07:01:25 START eurosat-in-remove__non-iid__global-dp__fedavg__clients-48__seed-44__nm0p0371071__clip5__rounds-100__epochs-5__eurosat_scaling__eurosat_cnn 
2026-08-13 07:31:52 DONE  eurosat-in-remove__non-iid__global-dp__fedavg__clients-48__seed-44__nm0p0371071__clip5__rounds-100__epochs-5__eurosat_scaling__eurosat_cnn (1827.0s)
2026-08-13 07:31:54 EVALUATED eurosat-in-remove__non-iid__global-dp__fedavg__clients-48__seed-44__nm0p0371071__clip5__rounds-100__epochs-5__eurosat_scaling__eurosat_cnn round=1 (checkpoint deleted)
2026-08-13 07:31:55 EVALUATED eurosat-in-remove__non-iid__global-dp__fedavg__clients-48__seed-44__nm0p0371071__clip5__rounds-100__epochs-5__eurosat_scaling__eurosat_cnn round=10 (checkpoint deleted)
2026-08-13 07:31:56 EVALUATED eurosat-in-remove__non-iid__global-dp__fedavg__clients-48__seed-44__nm0p0371071__clip5__rounds-100__epochs-5__eurosat_scaling__eurosat_cnn round=20 (checkpoint deleted)
2026-08-13 07:31:58 EVALUATED eurosat-in-remove__non-iid__global-dp__fedavg__clients-48__seed-44__nm0p0371071__clip5__rounds-100__epochs-5__eurosat_scaling__eurosat_cnn round=30 (checkpoint deleted)
2026-08-13 07:31:59 EVALUATED eurosat-in-remove__non-iid__global-dp__fedavg__clients-48__seed-44__nm0p0371071__clip5__rounds-100__epochs-5__eurosat_scaling__eurosat_cnn round=40 (checkpoint deleted)
2026-08-13 07:32:01 EVALUATED eurosat-in-remove__non-iid__global-dp__fedavg__clients-48__seed-44__nm0p0371071__clip5__rounds-100__epochs-5__eurosat_scaling__eurosat_cnn round=50 (checkpoint deleted)
2026-08-13 07:32:02 EVALUATED eurosat-in-remove__non-iid__global-dp__fedavg__clients-48__seed-44__nm0p0371071__clip5__rounds-100__epochs-5__eurosat_scaling__eurosat_cnn round=60 (checkpoint deleted)
2026-08-13 07:32:03 EVALUATED eurosat-in-remove__non-iid__global-dp__fedavg__clients-48__seed-44__nm0p0371071__clip5__rounds-100__epochs-5__eurosat_scaling__eurosat_cnn round=70 (checkpoint deleted)
2026-08-13 07:32:05 EVALUATED eurosat-in-remove__non-iid__global-dp__fedavg__clients-48__seed-44__nm0p0371071__clip5__rounds-100__epochs-5__eurosat_scaling__eurosat_cnn round=80 (checkpoint deleted)
2026-08-13 07:32:06 EVALUATED eurosat-in-remove__non-iid__global-dp__fedavg__clients-48__seed-44__nm0p0371071__clip5__rounds-100__epochs-5__eurosat_scaling__eurosat_cnn round=90 (checkpoint deleted)
2026-08-13 07:32:08 EVALUATED eurosat-in-remove__non-iid__global-dp__fedavg__clients-48__seed-44__nm0p0371071__clip5__rounds-100__epochs-5__eurosat_scaling__eurosat_cnn round=100 (checkpoint deleted)
2026-08-13 07:32:08 PROGRESS 15/18 (0 failed so far)
2026-08-13 07:32:08 START eurosat-in-remove__non-iid__metric-privacy__fedavg__clients-48__seed-42__nm0p0371071__clip5__rounds-100__epochs-5__eurosat_scaling__eurosat_cnn 
2026-08-13 08:03:10 DONE  eurosat-in-remove__non-iid__metric-privacy__fedavg__clients-48__seed-42__nm0p0371071__clip5__rounds-100__epochs-5__eurosat_scaling__eurosat_cnn (1862.9s)
2026-08-13 08:03:12 EVALUATED eurosat-in-remove__non-iid__metric-privacy__fedavg__clients-48__seed-42__nm0p0371071__clip5__rounds-100__epochs-5__eurosat_scaling__eurosat_cnn round=1 (checkpoint deleted)
2026-08-13 08:03:13 EVALUATED eurosat-in-remove__non-iid__metric-privacy__fedavg__clients-48__seed-42__nm0p0371071__clip5__rounds-100__epochs-5__eurosat_scaling__eurosat_cnn round=10 (checkpoint deleted)
2026-08-13 08:03:15 EVALUATED eurosat-in-remove__non-iid__metric-privacy__fedavg__clients-48__seed-42__nm0p0371071__clip5__rounds-100__epochs-5__eurosat_scaling__eurosat_cnn round=20 (checkpoint deleted)
2026-08-13 08:03:16 EVALUATED eurosat-in-remove__non-iid__metric-privacy__fedavg__clients-48__seed-42__nm0p0371071__clip5__rounds-100__epochs-5__eurosat_scaling__eurosat_cnn round=30 (checkpoint deleted)
2026-08-13 08:03:17 EVALUATED eurosat-in-remove__non-iid__metric-privacy__fedavg__clients-48__seed-42__nm0p0371071__clip5__rounds-100__epochs-5__eurosat_scaling__eurosat_cnn round=40 (checkpoint deleted)
2026-08-13 08:03:19 EVALUATED eurosat-in-remove__non-iid__metric-privacy__fedavg__clients-48__seed-42__nm0p0371071__clip5__rounds-100__epochs-5__eurosat_scaling__eurosat_cnn round=50 (checkpoint deleted)
2026-08-13 08:03:20 EVALUATED eurosat-in-remove__non-iid__metric-privacy__fedavg__clients-48__seed-42__nm0p0371071__clip5__rounds-100__epochs-5__eurosat_scaling__eurosat_cnn round=60 (checkpoint deleted)
2026-08-13 08:03:22 EVALUATED eurosat-in-remove__non-iid__metric-privacy__fedavg__clients-48__seed-42__nm0p0371071__clip5__rounds-100__epochs-5__eurosat_scaling__eurosat_cnn round=70 (checkpoint deleted)
2026-08-13 08:03:23 EVALUATED eurosat-in-remove__non-iid__metric-privacy__fedavg__clients-48__seed-42__nm0p0371071__clip5__rounds-100__epochs-5__eurosat_scaling__eurosat_cnn round=80 (checkpoint deleted)
2026-08-13 08:03:25 EVALUATED eurosat-in-remove__non-iid__metric-privacy__fedavg__clients-48__seed-42__nm0p0371071__clip5__rounds-100__epochs-5__eurosat_scaling__eurosat_cnn round=90 (checkpoint deleted)
2026-08-13 08:03:26 EVALUATED eurosat-in-remove__non-iid__metric-privacy__fedavg__clients-48__seed-42__nm0p0371071__clip5__rounds-100__epochs-5__eurosat_scaling__eurosat_cnn round=100 (checkpoint deleted)
2026-08-13 08:03:26 PROGRESS 16/18 (0 failed so far)
2026-08-13 08:03:26 START eurosat-in-remove__non-iid__metric-privacy__fedavg__clients-48__seed-43__nm0p0371071__clip5__rounds-100__epochs-5__eurosat_scaling__eurosat_cnn 
2026-08-13 08:35:05 DONE  eurosat-in-remove__non-iid__metric-privacy__fedavg__clients-48__seed-43__nm0p0371071__clip5__rounds-100__epochs-5__eurosat_scaling__eurosat_cnn (1898.7s)
2026-08-13 08:35:06 EVALUATED eurosat-in-remove__non-iid__metric-privacy__fedavg__clients-48__seed-43__nm0p0371071__clip5__rounds-100__epochs-5__eurosat_scaling__eurosat_cnn round=1 (checkpoint deleted)
2026-08-13 08:35:07 EVALUATED eurosat-in-remove__non-iid__metric-privacy__fedavg__clients-48__seed-43__nm0p0371071__clip5__rounds-100__epochs-5__eurosat_scaling__eurosat_cnn round=10 (checkpoint deleted)
2026-08-13 08:35:09 EVALUATED eurosat-in-remove__non-iid__metric-privacy__fedavg__clients-48__seed-43__nm0p0371071__clip5__rounds-100__epochs-5__eurosat_scaling__eurosat_cnn round=20 (checkpoint deleted)
2026-08-13 08:35:10 EVALUATED eurosat-in-remove__non-iid__metric-privacy__fedavg__clients-48__seed-43__nm0p0371071__clip5__rounds-100__epochs-5__eurosat_scaling__eurosat_cnn round=30 (checkpoint deleted)
2026-08-13 08:35:12 EVALUATED eurosat-in-remove__non-iid__metric-privacy__fedavg__clients-48__seed-43__nm0p0371071__clip5__rounds-100__epochs-5__eurosat_scaling__eurosat_cnn round=40 (checkpoint deleted)
2026-08-13 08:35:13 EVALUATED eurosat-in-remove__non-iid__metric-privacy__fedavg__clients-48__seed-43__nm0p0371071__clip5__rounds-100__epochs-5__eurosat_scaling__eurosat_cnn round=50 (checkpoint deleted)
2026-08-13 08:35:15 EVALUATED eurosat-in-remove__non-iid__metric-privacy__fedavg__clients-48__seed-43__nm0p0371071__clip5__rounds-100__epochs-5__eurosat_scaling__eurosat_cnn round=60 (checkpoint deleted)
2026-08-13 08:35:16 EVALUATED eurosat-in-remove__non-iid__metric-privacy__fedavg__clients-48__seed-43__nm0p0371071__clip5__rounds-100__epochs-5__eurosat_scaling__eurosat_cnn round=70 (checkpoint deleted)
2026-08-13 08:35:17 EVALUATED eurosat-in-remove__non-iid__metric-privacy__fedavg__clients-48__seed-43__nm0p0371071__clip5__rounds-100__epochs-5__eurosat_scaling__eurosat_cnn round=80 (checkpoint deleted)
2026-08-13 08:35:19 EVALUATED eurosat-in-remove__non-iid__metric-privacy__fedavg__clients-48__seed-43__nm0p0371071__clip5__rounds-100__epochs-5__eurosat_scaling__eurosat_cnn round=90 (checkpoint deleted)
2026-08-13 08:35:20 EVALUATED eurosat-in-remove__non-iid__metric-privacy__fedavg__clients-48__seed-43__nm0p0371071__clip5__rounds-100__epochs-5__eurosat_scaling__eurosat_cnn round=100 (checkpoint deleted)
2026-08-13 08:35:20 PROGRESS 17/18 (0 failed so far)
2026-08-13 08:35:20 START eurosat-in-remove__non-iid__metric-privacy__fedavg__clients-48__seed-44__nm0p0371071__clip5__rounds-100__epochs-5__eurosat_scaling__eurosat_cnn 
2026-08-13 09:05:00 DONE  eurosat-in-remove__non-iid__metric-privacy__fedavg__clients-48__seed-44__nm0p0371071__clip5__rounds-100__epochs-5__eurosat_scaling__eurosat_cnn (1779.3s)
2026-08-13 09:05:01 EVALUATED eurosat-in-remove__non-iid__metric-privacy__fedavg__clients-48__seed-44__nm0p0371071__clip5__rounds-100__epochs-5__eurosat_scaling__eurosat_cnn round=1 (checkpoint deleted)
2026-08-13 09:05:02 EVALUATED eurosat-in-remove__non-iid__metric-privacy__fedavg__clients-48__seed-44__nm0p0371071__clip5__rounds-100__epochs-5__eurosat_scaling__eurosat_cnn round=10 (checkpoint deleted)
2026-08-13 09:05:04 EVALUATED eurosat-in-remove__non-iid__metric-privacy__fedavg__clients-48__seed-44__nm0p0371071__clip5__rounds-100__epochs-5__eurosat_scaling__eurosat_cnn round=20 (checkpoint deleted)
2026-08-13 09:05:05 EVALUATED eurosat-in-remove__non-iid__metric-privacy__fedavg__clients-48__seed-44__nm0p0371071__clip5__rounds-100__epochs-5__eurosat_scaling__eurosat_cnn round=30 (checkpoint deleted)
2026-08-13 09:05:06 EVALUATED eurosat-in-remove__non-iid__metric-privacy__fedavg__clients-48__seed-44__nm0p0371071__clip5__rounds-100__epochs-5__eurosat_scaling__eurosat_cnn round=40 (checkpoint deleted)
2026-08-13 09:05:08 EVALUATED eurosat-in-remove__non-iid__metric-privacy__fedavg__clients-48__seed-44__nm0p0371071__clip5__rounds-100__epochs-5__eurosat_scaling__eurosat_cnn round=50 (checkpoint deleted)
2026-08-13 09:05:09 EVALUATED eurosat-in-remove__non-iid__metric-privacy__fedavg__clients-48__seed-44__nm0p0371071__clip5__rounds-100__epochs-5__eurosat_scaling__eurosat_cnn round=60 (checkpoint deleted)
2026-08-13 09:05:10 EVALUATED eurosat-in-remove__non-iid__metric-privacy__fedavg__clients-48__seed-44__nm0p0371071__clip5__rounds-100__epochs-5__eurosat_scaling__eurosat_cnn round=70 (checkpoint deleted)
2026-08-13 09:05:12 EVALUATED eurosat-in-remove__non-iid__metric-privacy__fedavg__clients-48__seed-44__nm0p0371071__clip5__rounds-100__epochs-5__eurosat_scaling__eurosat_cnn round=80 (checkpoint deleted)
2026-08-13 09:05:13 EVALUATED eurosat-in-remove__non-iid__metric-privacy__fedavg__clients-48__seed-44__nm0p0371071__clip5__rounds-100__epochs-5__eurosat_scaling__eurosat_cnn round=90 (checkpoint deleted)
2026-08-13 09:05:14 EVALUATED eurosat-in-remove__non-iid__metric-privacy__fedavg__clients-48__seed-44__nm0p0371071__clip5__rounds-100__epochs-5__eurosat_scaling__eurosat_cnn round=100 (checkpoint deleted)
2026-08-13 09:05:14 PROGRESS 18/18 (0 failed so far)
2026-08-13 09:05:14 Sweep finished: 18/18 attempted, 0 failed
