2026-08-05 15:56:02 Starting full chunk: 2 trajectories
2026-08-05 15:56:02 START cifar-full-in-replace__non-iid__global-dp__fedavg__clients-3__seed-44__nm0p009999__clip5__rounds-20__epochs-5__cifar_chunks__cifar10_cnn 
2026-08-05 16:00:15 DONE  cifar-full-in-replace__non-iid__global-dp__fedavg__clients-3__seed-44__nm0p009999__clip5__rounds-20__epochs-5__cifar_chunks__cifar10_cnn (253.4s)
2026-08-05 16:00:24 EVALUATED cifar-full-in-replace__non-iid__global-dp__fedavg__clients-3__seed-44__nm0p009999__clip5__rounds-20__epochs-5__cifar_chunks__cifar10_cnn round=1 (checkpoint deleted)
2026-08-05 16:00:30 EVALUATED cifar-full-in-replace__non-iid__global-dp__fedavg__clients-3__seed-44__nm0p009999__clip5__rounds-20__epochs-5__cifar_chunks__cifar10_cnn round=2 (checkpoint deleted)
2026-08-05 16:00:35 EVALUATED cifar-full-in-replace__non-iid__global-dp__fedavg__clients-3__seed-44__nm0p009999__clip5__rounds-20__epochs-5__cifar_chunks__cifar10_cnn round=3 (checkpoint deleted)
2026-08-05 16:00:41 EVALUATED cifar-full-in-replace__non-iid__global-dp__fedavg__clients-3__seed-44__nm0p009999__clip5__rounds-20__epochs-5__cifar_chunks__cifar10_cnn round=4 (checkpoint deleted)
2026-08-05 16:00:46 EVALUATED cifar-full-in-replace__non-iid__global-dp__fedavg__clients-3__seed-44__nm0p009999__clip5__rounds-20__epochs-5__cifar_chunks__cifar10_cnn round=5 (checkpoint deleted)
2026-08-05 16:00:52 EVALUATED cifar-full-in-replace__non-iid__global-dp__fedavg__clients-3__seed-44__nm0p009999__clip5__rounds-20__epochs-5__cifar_chunks__cifar10_cnn round=6 (checkpoint deleted)
2026-08-05 16:00:58 EVALUATED cifar-full-in-replace__non-iid__global-dp__fedavg__clients-3__seed-44__nm0p009999__clip5__rounds-20__epochs-5__cifar_chunks__cifar10_cnn round=7 (checkpoint deleted)
2026-08-05 16:01:03 EVALUATED cifar-full-in-replace__non-iid__global-dp__fedavg__clients-3__seed-44__nm0p009999__clip5__rounds-20__epochs-5__cifar_chunks__cifar10_cnn round=8 (checkpoint deleted)
2026-08-05 16:01:09 EVALUATED cifar-full-in-replace__non-iid__global-dp__fedavg__clients-3__seed-44__nm0p009999__clip5__rounds-20__epochs-5__cifar_chunks__cifar10_cnn round=9 (checkpoint deleted)
2026-08-05 16:01:14 EVALUATED cifar-full-in-replace__non-iid__global-dp__fedavg__clients-3__seed-44__nm0p009999__clip5__rounds-20__epochs-5__cifar_chunks__cifar10_cnn round=10 (checkpoint deleted)
2026-08-05 16:01:20 EVALUATED cifar-full-in-replace__non-iid__global-dp__fedavg__clients-3__seed-44__nm0p009999__clip5__rounds-20__epochs-5__cifar_chunks__cifar10_cnn round=11 (checkpoint deleted)
2026-08-05 16:01:26 EVALUATED cifar-full-in-replace__non-iid__global-dp__fedavg__clients-3__seed-44__nm0p009999__clip5__rounds-20__epochs-5__cifar_chunks__cifar10_cnn round=12 (checkpoint deleted)
2026-08-05 16:01:31 EVALUATED cifar-full-in-replace__non-iid__global-dp__fedavg__clients-3__seed-44__nm0p009999__clip5__rounds-20__epochs-5__cifar_chunks__cifar10_cnn round=13 (checkpoint deleted)
2026-08-05 16:01:37 EVALUATED cifar-full-in-replace__non-iid__global-dp__fedavg__clients-3__seed-44__nm0p009999__clip5__rounds-20__epochs-5__cifar_chunks__cifar10_cnn round=14 (checkpoint deleted)
2026-08-05 16:01:42 EVALUATED cifar-full-in-replace__non-iid__global-dp__fedavg__clients-3__seed-44__nm0p009999__clip5__rounds-20__epochs-5__cifar_chunks__cifar10_cnn round=15 (checkpoint deleted)
2026-08-05 16:01:48 EVALUATED cifar-full-in-replace__non-iid__global-dp__fedavg__clients-3__seed-44__nm0p009999__clip5__rounds-20__epochs-5__cifar_chunks__cifar10_cnn round=16 (checkpoint deleted)
2026-08-05 16:01:54 EVALUATED cifar-full-in-replace__non-iid__global-dp__fedavg__clients-3__seed-44__nm0p009999__clip5__rounds-20__epochs-5__cifar_chunks__cifar10_cnn round=17 (checkpoint deleted)
2026-08-05 16:01:59 EVALUATED cifar-full-in-replace__non-iid__global-dp__fedavg__clients-3__seed-44__nm0p009999__clip5__rounds-20__epochs-5__cifar_chunks__cifar10_cnn round=18 (checkpoint deleted)
2026-08-05 16:02:05 EVALUATED cifar-full-in-replace__non-iid__global-dp__fedavg__clients-3__seed-44__nm0p009999__clip5__rounds-20__epochs-5__cifar_chunks__cifar10_cnn round=19 (checkpoint deleted)
2026-08-05 16:02:10 EVALUATED cifar-full-in-replace__non-iid__global-dp__fedavg__clients-3__seed-44__nm0p009999__clip5__rounds-20__epochs-5__cifar_chunks__cifar10_cnn round=20 (checkpoint deleted)
2026-08-05 16:02:10 PROGRESS 1/2 (0 failed so far)
2026-08-05 16:02:10 START cifar-full-in-replace__non-iid__metric-privacy__fedavg__clients-3__seed-44__nm0p009999__clip5__rounds-20__epochs-5__cifar_chunks__cifar10_cnn 
2026-08-05 16:06:27 DONE  cifar-full-in-replace__non-iid__metric-privacy__fedavg__clients-3__seed-44__nm0p009999__clip5__rounds-20__epochs-5__cifar_chunks__cifar10_cnn (256.8s)
2026-08-05 16:06:33 EVALUATED cifar-full-in-replace__non-iid__metric-privacy__fedavg__clients-3__seed-44__nm0p009999__clip5__rounds-20__epochs-5__cifar_chunks__cifar10_cnn round=1 (checkpoint deleted)
2026-08-05 16:06:38 EVALUATED cifar-full-in-replace__non-iid__metric-privacy__fedavg__clients-3__seed-44__nm0p009999__clip5__rounds-20__epochs-5__cifar_chunks__cifar10_cnn round=2 (checkpoint deleted)
2026-08-05 16:06:44 EVALUATED cifar-full-in-replace__non-iid__metric-privacy__fedavg__clients-3__seed-44__nm0p009999__clip5__rounds-20__epochs-5__cifar_chunks__cifar10_cnn round=3 (checkpoint deleted)
2026-08-05 16:06:49 EVALUATED cifar-full-in-replace__non-iid__metric-privacy__fedavg__clients-3__seed-44__nm0p009999__clip5__rounds-20__epochs-5__cifar_chunks__cifar10_cnn round=4 (checkpoint deleted)
2026-08-05 16:06:55 EVALUATED cifar-full-in-replace__non-iid__metric-privacy__fedavg__clients-3__seed-44__nm0p009999__clip5__rounds-20__epochs-5__cifar_chunks__cifar10_cnn round=5 (checkpoint deleted)
2026-08-05 16:07:01 EVALUATED cifar-full-in-replace__non-iid__metric-privacy__fedavg__clients-3__seed-44__nm0p009999__clip5__rounds-20__epochs-5__cifar_chunks__cifar10_cnn round=6 (checkpoint deleted)
2026-08-05 16:07:06 EVALUATED cifar-full-in-replace__non-iid__metric-privacy__fedavg__clients-3__seed-44__nm0p009999__clip5__rounds-20__epochs-5__cifar_chunks__cifar10_cnn round=7 (checkpoint deleted)
2026-08-05 16:07:12 EVALUATED cifar-full-in-replace__non-iid__metric-privacy__fedavg__clients-3__seed-44__nm0p009999__clip5__rounds-20__epochs-5__cifar_chunks__cifar10_cnn round=8 (checkpoint deleted)
2026-08-05 16:07:18 EVALUATED cifar-full-in-replace__non-iid__metric-privacy__fedavg__clients-3__seed-44__nm0p009999__clip5__rounds-20__epochs-5__cifar_chunks__cifar10_cnn round=9 (checkpoint deleted)
2026-08-05 16:07:23 EVALUATED cifar-full-in-replace__non-iid__metric-privacy__fedavg__clients-3__seed-44__nm0p009999__clip5__rounds-20__epochs-5__cifar_chunks__cifar10_cnn round=10 (checkpoint deleted)
2026-08-05 16:07:29 EVALUATED cifar-full-in-replace__non-iid__metric-privacy__fedavg__clients-3__seed-44__nm0p009999__clip5__rounds-20__epochs-5__cifar_chunks__cifar10_cnn round=11 (checkpoint deleted)
2026-08-05 16:07:34 EVALUATED cifar-full-in-replace__non-iid__metric-privacy__fedavg__clients-3__seed-44__nm0p009999__clip5__rounds-20__epochs-5__cifar_chunks__cifar10_cnn round=12 (checkpoint deleted)
2026-08-05 16:07:40 EVALUATED cifar-full-in-replace__non-iid__metric-privacy__fedavg__clients-3__seed-44__nm0p009999__clip5__rounds-20__epochs-5__cifar_chunks__cifar10_cnn round=13 (checkpoint deleted)
2026-08-05 16:07:45 EVALUATED cifar-full-in-replace__non-iid__metric-privacy__fedavg__clients-3__seed-44__nm0p009999__clip5__rounds-20__epochs-5__cifar_chunks__cifar10_cnn round=14 (checkpoint deleted)
2026-08-05 16:07:51 EVALUATED cifar-full-in-replace__non-iid__metric-privacy__fedavg__clients-3__seed-44__nm0p009999__clip5__rounds-20__epochs-5__cifar_chunks__cifar10_cnn round=15 (checkpoint deleted)
2026-08-05 16:07:57 EVALUATED cifar-full-in-replace__non-iid__metric-privacy__fedavg__clients-3__seed-44__nm0p009999__clip5__rounds-20__epochs-5__cifar_chunks__cifar10_cnn round=16 (checkpoint deleted)
2026-08-05 16:08:02 EVALUATED cifar-full-in-replace__non-iid__metric-privacy__fedavg__clients-3__seed-44__nm0p009999__clip5__rounds-20__epochs-5__cifar_chunks__cifar10_cnn round=17 (checkpoint deleted)
2026-08-05 16:08:08 EVALUATED cifar-full-in-replace__non-iid__metric-privacy__fedavg__clients-3__seed-44__nm0p009999__clip5__rounds-20__epochs-5__cifar_chunks__cifar10_cnn round=18 (checkpoint deleted)
2026-08-05 16:08:14 EVALUATED cifar-full-in-replace__non-iid__metric-privacy__fedavg__clients-3__seed-44__nm0p009999__clip5__rounds-20__epochs-5__cifar_chunks__cifar10_cnn round=19 (checkpoint deleted)
2026-08-05 16:08:19 EVALUATED cifar-full-in-replace__non-iid__metric-privacy__fedavg__clients-3__seed-44__nm0p009999__clip5__rounds-20__epochs-5__cifar_chunks__cifar10_cnn round=20 (checkpoint deleted)
2026-08-05 16:08:19 PROGRESS 2/2 (0 failed so far)
2026-08-05 16:08:19 Sweep finished: 2/2 attempted, 0 failed
