2026-08-05 19:01:32 Starting full chunk: 2 trajectories
2026-08-05 19:01:32 START cifar-full-out-replace__non-iid__global-dp__fedavg__clients-8__seed-44__nm0p026664__clip5__rounds-20__epochs-5__cifar_chunks__cifar10_cnn 
2026-08-05 19:06:03 DONE  cifar-full-out-replace__non-iid__global-dp__fedavg__clients-8__seed-44__nm0p026664__clip5__rounds-20__epochs-5__cifar_chunks__cifar10_cnn (270.5s)
2026-08-05 19:06:10 EVALUATED cifar-full-out-replace__non-iid__global-dp__fedavg__clients-8__seed-44__nm0p026664__clip5__rounds-20__epochs-5__cifar_chunks__cifar10_cnn round=1 (checkpoint deleted)
2026-08-05 19:06:15 EVALUATED cifar-full-out-replace__non-iid__global-dp__fedavg__clients-8__seed-44__nm0p026664__clip5__rounds-20__epochs-5__cifar_chunks__cifar10_cnn round=2 (checkpoint deleted)
2026-08-05 19:06:19 EVALUATED cifar-full-out-replace__non-iid__global-dp__fedavg__clients-8__seed-44__nm0p026664__clip5__rounds-20__epochs-5__cifar_chunks__cifar10_cnn round=3 (checkpoint deleted)
2026-08-05 19:06:23 EVALUATED cifar-full-out-replace__non-iid__global-dp__fedavg__clients-8__seed-44__nm0p026664__clip5__rounds-20__epochs-5__cifar_chunks__cifar10_cnn round=4 (checkpoint deleted)
2026-08-05 19:06:28 EVALUATED cifar-full-out-replace__non-iid__global-dp__fedavg__clients-8__seed-44__nm0p026664__clip5__rounds-20__epochs-5__cifar_chunks__cifar10_cnn round=5 (checkpoint deleted)
2026-08-05 19:06:32 EVALUATED cifar-full-out-replace__non-iid__global-dp__fedavg__clients-8__seed-44__nm0p026664__clip5__rounds-20__epochs-5__cifar_chunks__cifar10_cnn round=6 (checkpoint deleted)
2026-08-05 19:06:37 EVALUATED cifar-full-out-replace__non-iid__global-dp__fedavg__clients-8__seed-44__nm0p026664__clip5__rounds-20__epochs-5__cifar_chunks__cifar10_cnn round=7 (checkpoint deleted)
2026-08-05 19:06:41 EVALUATED cifar-full-out-replace__non-iid__global-dp__fedavg__clients-8__seed-44__nm0p026664__clip5__rounds-20__epochs-5__cifar_chunks__cifar10_cnn round=8 (checkpoint deleted)
2026-08-05 19:06:45 EVALUATED cifar-full-out-replace__non-iid__global-dp__fedavg__clients-8__seed-44__nm0p026664__clip5__rounds-20__epochs-5__cifar_chunks__cifar10_cnn round=9 (checkpoint deleted)
2026-08-05 19:06:50 EVALUATED cifar-full-out-replace__non-iid__global-dp__fedavg__clients-8__seed-44__nm0p026664__clip5__rounds-20__epochs-5__cifar_chunks__cifar10_cnn round=10 (checkpoint deleted)
2026-08-05 19:06:54 EVALUATED cifar-full-out-replace__non-iid__global-dp__fedavg__clients-8__seed-44__nm0p026664__clip5__rounds-20__epochs-5__cifar_chunks__cifar10_cnn round=11 (checkpoint deleted)
2026-08-05 19:06:59 EVALUATED cifar-full-out-replace__non-iid__global-dp__fedavg__clients-8__seed-44__nm0p026664__clip5__rounds-20__epochs-5__cifar_chunks__cifar10_cnn round=12 (checkpoint deleted)
2026-08-05 19:07:03 EVALUATED cifar-full-out-replace__non-iid__global-dp__fedavg__clients-8__seed-44__nm0p026664__clip5__rounds-20__epochs-5__cifar_chunks__cifar10_cnn round=13 (checkpoint deleted)
2026-08-05 19:07:07 EVALUATED cifar-full-out-replace__non-iid__global-dp__fedavg__clients-8__seed-44__nm0p026664__clip5__rounds-20__epochs-5__cifar_chunks__cifar10_cnn round=14 (checkpoint deleted)
2026-08-05 19:07:12 EVALUATED cifar-full-out-replace__non-iid__global-dp__fedavg__clients-8__seed-44__nm0p026664__clip5__rounds-20__epochs-5__cifar_chunks__cifar10_cnn round=15 (checkpoint deleted)
2026-08-05 19:07:16 EVALUATED cifar-full-out-replace__non-iid__global-dp__fedavg__clients-8__seed-44__nm0p026664__clip5__rounds-20__epochs-5__cifar_chunks__cifar10_cnn round=16 (checkpoint deleted)
2026-08-05 19:07:20 EVALUATED cifar-full-out-replace__non-iid__global-dp__fedavg__clients-8__seed-44__nm0p026664__clip5__rounds-20__epochs-5__cifar_chunks__cifar10_cnn round=17 (checkpoint deleted)
2026-08-05 19:07:25 EVALUATED cifar-full-out-replace__non-iid__global-dp__fedavg__clients-8__seed-44__nm0p026664__clip5__rounds-20__epochs-5__cifar_chunks__cifar10_cnn round=18 (checkpoint deleted)
2026-08-05 19:07:29 EVALUATED cifar-full-out-replace__non-iid__global-dp__fedavg__clients-8__seed-44__nm0p026664__clip5__rounds-20__epochs-5__cifar_chunks__cifar10_cnn round=19 (checkpoint deleted)
2026-08-05 19:07:34 EVALUATED cifar-full-out-replace__non-iid__global-dp__fedavg__clients-8__seed-44__nm0p026664__clip5__rounds-20__epochs-5__cifar_chunks__cifar10_cnn round=20 (checkpoint deleted)
2026-08-05 19:07:34 PROGRESS 1/2 (0 failed so far)
2026-08-05 19:07:34 START cifar-full-out-replace__non-iid__metric-privacy__fedavg__clients-8__seed-44__nm0p026664__clip5__rounds-20__epochs-5__cifar_chunks__cifar10_cnn 
2026-08-05 19:12:09 DONE  cifar-full-out-replace__non-iid__metric-privacy__fedavg__clients-8__seed-44__nm0p026664__clip5__rounds-20__epochs-5__cifar_chunks__cifar10_cnn (275.0s)
2026-08-05 19:12:13 EVALUATED cifar-full-out-replace__non-iid__metric-privacy__fedavg__clients-8__seed-44__nm0p026664__clip5__rounds-20__epochs-5__cifar_chunks__cifar10_cnn round=1 (checkpoint deleted)
2026-08-05 19:12:17 EVALUATED cifar-full-out-replace__non-iid__metric-privacy__fedavg__clients-8__seed-44__nm0p026664__clip5__rounds-20__epochs-5__cifar_chunks__cifar10_cnn round=2 (checkpoint deleted)
2026-08-05 19:12:22 EVALUATED cifar-full-out-replace__non-iid__metric-privacy__fedavg__clients-8__seed-44__nm0p026664__clip5__rounds-20__epochs-5__cifar_chunks__cifar10_cnn round=3 (checkpoint deleted)
2026-08-05 19:12:26 EVALUATED cifar-full-out-replace__non-iid__metric-privacy__fedavg__clients-8__seed-44__nm0p026664__clip5__rounds-20__epochs-5__cifar_chunks__cifar10_cnn round=4 (checkpoint deleted)
2026-08-05 19:12:31 EVALUATED cifar-full-out-replace__non-iid__metric-privacy__fedavg__clients-8__seed-44__nm0p026664__clip5__rounds-20__epochs-5__cifar_chunks__cifar10_cnn round=5 (checkpoint deleted)
2026-08-05 19:12:35 EVALUATED cifar-full-out-replace__non-iid__metric-privacy__fedavg__clients-8__seed-44__nm0p026664__clip5__rounds-20__epochs-5__cifar_chunks__cifar10_cnn round=6 (checkpoint deleted)
2026-08-05 19:12:39 EVALUATED cifar-full-out-replace__non-iid__metric-privacy__fedavg__clients-8__seed-44__nm0p026664__clip5__rounds-20__epochs-5__cifar_chunks__cifar10_cnn round=7 (checkpoint deleted)
2026-08-05 19:12:44 EVALUATED cifar-full-out-replace__non-iid__metric-privacy__fedavg__clients-8__seed-44__nm0p026664__clip5__rounds-20__epochs-5__cifar_chunks__cifar10_cnn round=8 (checkpoint deleted)
2026-08-05 19:12:48 EVALUATED cifar-full-out-replace__non-iid__metric-privacy__fedavg__clients-8__seed-44__nm0p026664__clip5__rounds-20__epochs-5__cifar_chunks__cifar10_cnn round=9 (checkpoint deleted)
2026-08-05 19:12:53 EVALUATED cifar-full-out-replace__non-iid__metric-privacy__fedavg__clients-8__seed-44__nm0p026664__clip5__rounds-20__epochs-5__cifar_chunks__cifar10_cnn round=10 (checkpoint deleted)
2026-08-05 19:12:57 EVALUATED cifar-full-out-replace__non-iid__metric-privacy__fedavg__clients-8__seed-44__nm0p026664__clip5__rounds-20__epochs-5__cifar_chunks__cifar10_cnn round=11 (checkpoint deleted)
2026-08-05 19:13:02 EVALUATED cifar-full-out-replace__non-iid__metric-privacy__fedavg__clients-8__seed-44__nm0p026664__clip5__rounds-20__epochs-5__cifar_chunks__cifar10_cnn round=12 (checkpoint deleted)
2026-08-05 19:13:06 EVALUATED cifar-full-out-replace__non-iid__metric-privacy__fedavg__clients-8__seed-44__nm0p026664__clip5__rounds-20__epochs-5__cifar_chunks__cifar10_cnn round=13 (checkpoint deleted)
2026-08-05 19:13:10 EVALUATED cifar-full-out-replace__non-iid__metric-privacy__fedavg__clients-8__seed-44__nm0p026664__clip5__rounds-20__epochs-5__cifar_chunks__cifar10_cnn round=14 (checkpoint deleted)
2026-08-05 19:13:15 EVALUATED cifar-full-out-replace__non-iid__metric-privacy__fedavg__clients-8__seed-44__nm0p026664__clip5__rounds-20__epochs-5__cifar_chunks__cifar10_cnn round=15 (checkpoint deleted)
2026-08-05 19:13:19 EVALUATED cifar-full-out-replace__non-iid__metric-privacy__fedavg__clients-8__seed-44__nm0p026664__clip5__rounds-20__epochs-5__cifar_chunks__cifar10_cnn round=16 (checkpoint deleted)
2026-08-05 19:13:24 EVALUATED cifar-full-out-replace__non-iid__metric-privacy__fedavg__clients-8__seed-44__nm0p026664__clip5__rounds-20__epochs-5__cifar_chunks__cifar10_cnn round=17 (checkpoint deleted)
2026-08-05 19:13:28 EVALUATED cifar-full-out-replace__non-iid__metric-privacy__fedavg__clients-8__seed-44__nm0p026664__clip5__rounds-20__epochs-5__cifar_chunks__cifar10_cnn round=18 (checkpoint deleted)
2026-08-05 19:13:32 EVALUATED cifar-full-out-replace__non-iid__metric-privacy__fedavg__clients-8__seed-44__nm0p026664__clip5__rounds-20__epochs-5__cifar_chunks__cifar10_cnn round=19 (checkpoint deleted)
2026-08-05 19:13:37 EVALUATED cifar-full-out-replace__non-iid__metric-privacy__fedavg__clients-8__seed-44__nm0p026664__clip5__rounds-20__epochs-5__cifar_chunks__cifar10_cnn round=20 (checkpoint deleted)
2026-08-05 19:13:37 PROGRESS 2/2 (0 failed so far)
2026-08-05 19:13:37 Sweep finished: 2/2 attempted, 0 failed
