2026-08-05 14:13:02 Starting full chunk: 1 trajectories
2026-08-05 14:13:02 START cifar-full-out-replace__non-iid__vanilla__fedavg__clients-3__seed-43__nm0p01__clip5__rounds-20__epochs-5__cifar_chunks__cifar10_cnn 
2026-08-05 14:17:56 DONE  cifar-full-out-replace__non-iid__vanilla__fedavg__clients-3__seed-43__nm0p01__clip5__rounds-20__epochs-5__cifar_chunks__cifar10_cnn (293.7s)
2026-08-05 14:18:03 EVALUATED cifar-full-out-replace__non-iid__vanilla__fedavg__clients-3__seed-43__nm0p01__clip5__rounds-20__epochs-5__cifar_chunks__cifar10_cnn round=1 (checkpoint deleted)
2026-08-05 14:18:08 EVALUATED cifar-full-out-replace__non-iid__vanilla__fedavg__clients-3__seed-43__nm0p01__clip5__rounds-20__epochs-5__cifar_chunks__cifar10_cnn round=2 (checkpoint deleted)
2026-08-05 14:18:14 EVALUATED cifar-full-out-replace__non-iid__vanilla__fedavg__clients-3__seed-43__nm0p01__clip5__rounds-20__epochs-5__cifar_chunks__cifar10_cnn round=3 (checkpoint deleted)
2026-08-05 14:18:19 EVALUATED cifar-full-out-replace__non-iid__vanilla__fedavg__clients-3__seed-43__nm0p01__clip5__rounds-20__epochs-5__cifar_chunks__cifar10_cnn round=4 (checkpoint deleted)
2026-08-05 14:18:25 EVALUATED cifar-full-out-replace__non-iid__vanilla__fedavg__clients-3__seed-43__nm0p01__clip5__rounds-20__epochs-5__cifar_chunks__cifar10_cnn round=5 (checkpoint deleted)
2026-08-05 14:18:31 EVALUATED cifar-full-out-replace__non-iid__vanilla__fedavg__clients-3__seed-43__nm0p01__clip5__rounds-20__epochs-5__cifar_chunks__cifar10_cnn round=6 (checkpoint deleted)
2026-08-05 14:18:36 EVALUATED cifar-full-out-replace__non-iid__vanilla__fedavg__clients-3__seed-43__nm0p01__clip5__rounds-20__epochs-5__cifar_chunks__cifar10_cnn round=7 (checkpoint deleted)
2026-08-05 14:18:42 EVALUATED cifar-full-out-replace__non-iid__vanilla__fedavg__clients-3__seed-43__nm0p01__clip5__rounds-20__epochs-5__cifar_chunks__cifar10_cnn round=8 (checkpoint deleted)
2026-08-05 14:18:47 EVALUATED cifar-full-out-replace__non-iid__vanilla__fedavg__clients-3__seed-43__nm0p01__clip5__rounds-20__epochs-5__cifar_chunks__cifar10_cnn round=9 (checkpoint deleted)
2026-08-05 14:18:53 EVALUATED cifar-full-out-replace__non-iid__vanilla__fedavg__clients-3__seed-43__nm0p01__clip5__rounds-20__epochs-5__cifar_chunks__cifar10_cnn round=10 (checkpoint deleted)
2026-08-05 14:18:58 EVALUATED cifar-full-out-replace__non-iid__vanilla__fedavg__clients-3__seed-43__nm0p01__clip5__rounds-20__epochs-5__cifar_chunks__cifar10_cnn round=11 (checkpoint deleted)
2026-08-05 14:19:04 EVALUATED cifar-full-out-replace__non-iid__vanilla__fedavg__clients-3__seed-43__nm0p01__clip5__rounds-20__epochs-5__cifar_chunks__cifar10_cnn round=12 (checkpoint deleted)
2026-08-05 14:19:09 EVALUATED cifar-full-out-replace__non-iid__vanilla__fedavg__clients-3__seed-43__nm0p01__clip5__rounds-20__epochs-5__cifar_chunks__cifar10_cnn round=13 (checkpoint deleted)
2026-08-05 14:19:15 EVALUATED cifar-full-out-replace__non-iid__vanilla__fedavg__clients-3__seed-43__nm0p01__clip5__rounds-20__epochs-5__cifar_chunks__cifar10_cnn round=14 (checkpoint deleted)
2026-08-05 14:19:21 EVALUATED cifar-full-out-replace__non-iid__vanilla__fedavg__clients-3__seed-43__nm0p01__clip5__rounds-20__epochs-5__cifar_chunks__cifar10_cnn round=15 (checkpoint deleted)
2026-08-05 14:19:26 EVALUATED cifar-full-out-replace__non-iid__vanilla__fedavg__clients-3__seed-43__nm0p01__clip5__rounds-20__epochs-5__cifar_chunks__cifar10_cnn round=16 (checkpoint deleted)
2026-08-05 14:19:32 EVALUATED cifar-full-out-replace__non-iid__vanilla__fedavg__clients-3__seed-43__nm0p01__clip5__rounds-20__epochs-5__cifar_chunks__cifar10_cnn round=17 (checkpoint deleted)
2026-08-05 14:19:37 EVALUATED cifar-full-out-replace__non-iid__vanilla__fedavg__clients-3__seed-43__nm0p01__clip5__rounds-20__epochs-5__cifar_chunks__cifar10_cnn round=18 (checkpoint deleted)
2026-08-05 14:19:43 EVALUATED cifar-full-out-replace__non-iid__vanilla__fedavg__clients-3__seed-43__nm0p01__clip5__rounds-20__epochs-5__cifar_chunks__cifar10_cnn round=19 (checkpoint deleted)
2026-08-05 14:19:48 EVALUATED cifar-full-out-replace__non-iid__vanilla__fedavg__clients-3__seed-43__nm0p01__clip5__rounds-20__epochs-5__cifar_chunks__cifar10_cnn round=20 (checkpoint deleted)
2026-08-05 14:19:48 PROGRESS 1/1 (0 failed so far)
2026-08-05 14:19:48 Sweep finished: 1/1 attempted, 0 failed
