2026-08-05 23:01:15 Starting full chunk: 1 trajectories
2026-08-05 23:01:15 START cifar-full-in-replace__non-iid__vanilla__fedavg__clients-16__seed-43__nm0p01__clip5__rounds-20__epochs-5__cifar_chunks__cifar10_cnn 
2026-08-05 23:06:55 DONE  cifar-full-in-replace__non-iid__vanilla__fedavg__clients-16__seed-43__nm0p01__clip5__rounds-20__epochs-5__cifar_chunks__cifar10_cnn (340.3s)
2026-08-05 23:07:01 EVALUATED cifar-full-in-replace__non-iid__vanilla__fedavg__clients-16__seed-43__nm0p01__clip5__rounds-20__epochs-5__cifar_chunks__cifar10_cnn round=1 (checkpoint deleted)
2026-08-05 23:07:06 EVALUATED cifar-full-in-replace__non-iid__vanilla__fedavg__clients-16__seed-43__nm0p01__clip5__rounds-20__epochs-5__cifar_chunks__cifar10_cnn round=2 (checkpoint deleted)
2026-08-05 23:07:10 EVALUATED cifar-full-in-replace__non-iid__vanilla__fedavg__clients-16__seed-43__nm0p01__clip5__rounds-20__epochs-5__cifar_chunks__cifar10_cnn round=3 (checkpoint deleted)
2026-08-05 23:07:14 EVALUATED cifar-full-in-replace__non-iid__vanilla__fedavg__clients-16__seed-43__nm0p01__clip5__rounds-20__epochs-5__cifar_chunks__cifar10_cnn round=4 (checkpoint deleted)
2026-08-05 23:07:18 EVALUATED cifar-full-in-replace__non-iid__vanilla__fedavg__clients-16__seed-43__nm0p01__clip5__rounds-20__epochs-5__cifar_chunks__cifar10_cnn round=5 (checkpoint deleted)
2026-08-05 23:07:22 EVALUATED cifar-full-in-replace__non-iid__vanilla__fedavg__clients-16__seed-43__nm0p01__clip5__rounds-20__epochs-5__cifar_chunks__cifar10_cnn round=6 (checkpoint deleted)
2026-08-05 23:07:27 EVALUATED cifar-full-in-replace__non-iid__vanilla__fedavg__clients-16__seed-43__nm0p01__clip5__rounds-20__epochs-5__cifar_chunks__cifar10_cnn round=7 (checkpoint deleted)
2026-08-05 23:07:31 EVALUATED cifar-full-in-replace__non-iid__vanilla__fedavg__clients-16__seed-43__nm0p01__clip5__rounds-20__epochs-5__cifar_chunks__cifar10_cnn round=8 (checkpoint deleted)
2026-08-05 23:07:35 EVALUATED cifar-full-in-replace__non-iid__vanilla__fedavg__clients-16__seed-43__nm0p01__clip5__rounds-20__epochs-5__cifar_chunks__cifar10_cnn round=9 (checkpoint deleted)
2026-08-05 23:07:39 EVALUATED cifar-full-in-replace__non-iid__vanilla__fedavg__clients-16__seed-43__nm0p01__clip5__rounds-20__epochs-5__cifar_chunks__cifar10_cnn round=10 (checkpoint deleted)
2026-08-05 23:07:44 EVALUATED cifar-full-in-replace__non-iid__vanilla__fedavg__clients-16__seed-43__nm0p01__clip5__rounds-20__epochs-5__cifar_chunks__cifar10_cnn round=11 (checkpoint deleted)
2026-08-05 23:07:48 EVALUATED cifar-full-in-replace__non-iid__vanilla__fedavg__clients-16__seed-43__nm0p01__clip5__rounds-20__epochs-5__cifar_chunks__cifar10_cnn round=12 (checkpoint deleted)
2026-08-05 23:07:52 EVALUATED cifar-full-in-replace__non-iid__vanilla__fedavg__clients-16__seed-43__nm0p01__clip5__rounds-20__epochs-5__cifar_chunks__cifar10_cnn round=13 (checkpoint deleted)
2026-08-05 23:07:56 EVALUATED cifar-full-in-replace__non-iid__vanilla__fedavg__clients-16__seed-43__nm0p01__clip5__rounds-20__epochs-5__cifar_chunks__cifar10_cnn round=14 (checkpoint deleted)
2026-08-05 23:08:00 EVALUATED cifar-full-in-replace__non-iid__vanilla__fedavg__clients-16__seed-43__nm0p01__clip5__rounds-20__epochs-5__cifar_chunks__cifar10_cnn round=15 (checkpoint deleted)
2026-08-05 23:08:05 EVALUATED cifar-full-in-replace__non-iid__vanilla__fedavg__clients-16__seed-43__nm0p01__clip5__rounds-20__epochs-5__cifar_chunks__cifar10_cnn round=16 (checkpoint deleted)
2026-08-05 23:08:09 EVALUATED cifar-full-in-replace__non-iid__vanilla__fedavg__clients-16__seed-43__nm0p01__clip5__rounds-20__epochs-5__cifar_chunks__cifar10_cnn round=17 (checkpoint deleted)
2026-08-05 23:08:13 EVALUATED cifar-full-in-replace__non-iid__vanilla__fedavg__clients-16__seed-43__nm0p01__clip5__rounds-20__epochs-5__cifar_chunks__cifar10_cnn round=18 (checkpoint deleted)
2026-08-05 23:08:17 EVALUATED cifar-full-in-replace__non-iid__vanilla__fedavg__clients-16__seed-43__nm0p01__clip5__rounds-20__epochs-5__cifar_chunks__cifar10_cnn round=19 (checkpoint deleted)
2026-08-05 23:08:21 EVALUATED cifar-full-in-replace__non-iid__vanilla__fedavg__clients-16__seed-43__nm0p01__clip5__rounds-20__epochs-5__cifar_chunks__cifar10_cnn round=20 (checkpoint deleted)
2026-08-05 23:08:21 PROGRESS 1/1 (0 failed so far)
2026-08-05 23:08:21 Sweep finished: 1/1 attempted, 0 failed
