2026-08-20 12:14:24 CIFAR-10 removal CIA chunk (metric-privacy, clients=8, alpha=1.5, noise_ratio=0.00625): 2 trajectories
2026-08-20 12:14:24 START cifar10-in-remove__dirichlet__alpha-1p5__metric-privacy__fedavg__clients-8__seed-42__nm0p05__clip5__rounds-20__epochs-5__cifar10_dirichlet__cifar10_cnn 
2026-08-20 12:24:40 DONE  cifar10-in-remove__dirichlet__alpha-1p5__metric-privacy__fedavg__clients-8__seed-42__nm0p05__clip5__rounds-20__epochs-5__cifar10_dirichlet__cifar10_cnn (616.1s)
2026-08-20 12:24:52 EVALUATED cifar10-in-remove__dirichlet__alpha-1p5__metric-privacy__fedavg__clients-8__seed-42__nm0p05__clip5__rounds-20__epochs-5__cifar10_dirichlet__cifar10_cnn round=1 (checkpoint deleted)
2026-08-20 12:25:00 EVALUATED cifar10-in-remove__dirichlet__alpha-1p5__metric-privacy__fedavg__clients-8__seed-42__nm0p05__clip5__rounds-20__epochs-5__cifar10_dirichlet__cifar10_cnn round=2 (checkpoint deleted)
2026-08-20 12:25:08 EVALUATED cifar10-in-remove__dirichlet__alpha-1p5__metric-privacy__fedavg__clients-8__seed-42__nm0p05__clip5__rounds-20__epochs-5__cifar10_dirichlet__cifar10_cnn round=3 (checkpoint deleted)
2026-08-20 12:25:16 EVALUATED cifar10-in-remove__dirichlet__alpha-1p5__metric-privacy__fedavg__clients-8__seed-42__nm0p05__clip5__rounds-20__epochs-5__cifar10_dirichlet__cifar10_cnn round=4 (checkpoint deleted)
2026-08-20 12:25:24 EVALUATED cifar10-in-remove__dirichlet__alpha-1p5__metric-privacy__fedavg__clients-8__seed-42__nm0p05__clip5__rounds-20__epochs-5__cifar10_dirichlet__cifar10_cnn round=5 (checkpoint deleted)
2026-08-20 12:25:33 EVALUATED cifar10-in-remove__dirichlet__alpha-1p5__metric-privacy__fedavg__clients-8__seed-42__nm0p05__clip5__rounds-20__epochs-5__cifar10_dirichlet__cifar10_cnn round=6 (checkpoint deleted)
2026-08-20 12:25:41 EVALUATED cifar10-in-remove__dirichlet__alpha-1p5__metric-privacy__fedavg__clients-8__seed-42__nm0p05__clip5__rounds-20__epochs-5__cifar10_dirichlet__cifar10_cnn round=7 (checkpoint deleted)
2026-08-20 12:25:49 EVALUATED cifar10-in-remove__dirichlet__alpha-1p5__metric-privacy__fedavg__clients-8__seed-42__nm0p05__clip5__rounds-20__epochs-5__cifar10_dirichlet__cifar10_cnn round=8 (checkpoint deleted)
2026-08-20 12:25:57 EVALUATED cifar10-in-remove__dirichlet__alpha-1p5__metric-privacy__fedavg__clients-8__seed-42__nm0p05__clip5__rounds-20__epochs-5__cifar10_dirichlet__cifar10_cnn round=9 (checkpoint deleted)
2026-08-20 12:26:05 EVALUATED cifar10-in-remove__dirichlet__alpha-1p5__metric-privacy__fedavg__clients-8__seed-42__nm0p05__clip5__rounds-20__epochs-5__cifar10_dirichlet__cifar10_cnn round=10 (checkpoint deleted)
2026-08-20 12:26:13 EVALUATED cifar10-in-remove__dirichlet__alpha-1p5__metric-privacy__fedavg__clients-8__seed-42__nm0p05__clip5__rounds-20__epochs-5__cifar10_dirichlet__cifar10_cnn round=11 (checkpoint deleted)
2026-08-20 12:26:21 EVALUATED cifar10-in-remove__dirichlet__alpha-1p5__metric-privacy__fedavg__clients-8__seed-42__nm0p05__clip5__rounds-20__epochs-5__cifar10_dirichlet__cifar10_cnn round=12 (checkpoint deleted)
2026-08-20 12:26:29 EVALUATED cifar10-in-remove__dirichlet__alpha-1p5__metric-privacy__fedavg__clients-8__seed-42__nm0p05__clip5__rounds-20__epochs-5__cifar10_dirichlet__cifar10_cnn round=13 (checkpoint deleted)
2026-08-20 12:26:38 EVALUATED cifar10-in-remove__dirichlet__alpha-1p5__metric-privacy__fedavg__clients-8__seed-42__nm0p05__clip5__rounds-20__epochs-5__cifar10_dirichlet__cifar10_cnn round=14 (checkpoint deleted)
2026-08-20 12:26:46 EVALUATED cifar10-in-remove__dirichlet__alpha-1p5__metric-privacy__fedavg__clients-8__seed-42__nm0p05__clip5__rounds-20__epochs-5__cifar10_dirichlet__cifar10_cnn round=15 (checkpoint deleted)
2026-08-20 12:26:54 EVALUATED cifar10-in-remove__dirichlet__alpha-1p5__metric-privacy__fedavg__clients-8__seed-42__nm0p05__clip5__rounds-20__epochs-5__cifar10_dirichlet__cifar10_cnn round=16 (checkpoint deleted)
2026-08-20 12:27:02 EVALUATED cifar10-in-remove__dirichlet__alpha-1p5__metric-privacy__fedavg__clients-8__seed-42__nm0p05__clip5__rounds-20__epochs-5__cifar10_dirichlet__cifar10_cnn round=17 (checkpoint deleted)
2026-08-20 12:27:10 EVALUATED cifar10-in-remove__dirichlet__alpha-1p5__metric-privacy__fedavg__clients-8__seed-42__nm0p05__clip5__rounds-20__epochs-5__cifar10_dirichlet__cifar10_cnn round=18 (checkpoint deleted)
2026-08-20 12:27:19 EVALUATED cifar10-in-remove__dirichlet__alpha-1p5__metric-privacy__fedavg__clients-8__seed-42__nm0p05__clip5__rounds-20__epochs-5__cifar10_dirichlet__cifar10_cnn round=19 (checkpoint deleted)
2026-08-20 12:27:27 EVALUATED cifar10-in-remove__dirichlet__alpha-1p5__metric-privacy__fedavg__clients-8__seed-42__nm0p05__clip5__rounds-20__epochs-5__cifar10_dirichlet__cifar10_cnn round=20 (checkpoint deleted)
2026-08-20 12:27:27 PROGRESS 1/2 (0 failed so far)
2026-08-20 12:27:27 START cifar10-out-remove__dirichlet__alpha-1p5__metric-privacy__fedavg__clients-7__seed-42__nm0p04375__clip5__rounds-20__epochs-5__cifar10_dirichlet__cifar10_cnn 
2026-08-20 12:37:12 DONE  cifar10-out-remove__dirichlet__alpha-1p5__metric-privacy__fedavg__clients-7__seed-42__nm0p04375__clip5__rounds-20__epochs-5__cifar10_dirichlet__cifar10_cnn (584.7s)
2026-08-20 12:37:20 EVALUATED cifar10-out-remove__dirichlet__alpha-1p5__metric-privacy__fedavg__clients-7__seed-42__nm0p04375__clip5__rounds-20__epochs-5__cifar10_dirichlet__cifar10_cnn round=1 (checkpoint deleted)
2026-08-20 12:37:28 EVALUATED cifar10-out-remove__dirichlet__alpha-1p5__metric-privacy__fedavg__clients-7__seed-42__nm0p04375__clip5__rounds-20__epochs-5__cifar10_dirichlet__cifar10_cnn round=2 (checkpoint deleted)
2026-08-20 12:37:36 EVALUATED cifar10-out-remove__dirichlet__alpha-1p5__metric-privacy__fedavg__clients-7__seed-42__nm0p04375__clip5__rounds-20__epochs-5__cifar10_dirichlet__cifar10_cnn round=3 (checkpoint deleted)
2026-08-20 12:37:44 EVALUATED cifar10-out-remove__dirichlet__alpha-1p5__metric-privacy__fedavg__clients-7__seed-42__nm0p04375__clip5__rounds-20__epochs-5__cifar10_dirichlet__cifar10_cnn round=4 (checkpoint deleted)
2026-08-20 12:37:52 EVALUATED cifar10-out-remove__dirichlet__alpha-1p5__metric-privacy__fedavg__clients-7__seed-42__nm0p04375__clip5__rounds-20__epochs-5__cifar10_dirichlet__cifar10_cnn round=5 (checkpoint deleted)
2026-08-20 12:38:01 EVALUATED cifar10-out-remove__dirichlet__alpha-1p5__metric-privacy__fedavg__clients-7__seed-42__nm0p04375__clip5__rounds-20__epochs-5__cifar10_dirichlet__cifar10_cnn round=6 (checkpoint deleted)
2026-08-20 12:38:09 EVALUATED cifar10-out-remove__dirichlet__alpha-1p5__metric-privacy__fedavg__clients-7__seed-42__nm0p04375__clip5__rounds-20__epochs-5__cifar10_dirichlet__cifar10_cnn round=7 (checkpoint deleted)
2026-08-20 12:38:17 EVALUATED cifar10-out-remove__dirichlet__alpha-1p5__metric-privacy__fedavg__clients-7__seed-42__nm0p04375__clip5__rounds-20__epochs-5__cifar10_dirichlet__cifar10_cnn round=8 (checkpoint deleted)
2026-08-20 12:38:25 EVALUATED cifar10-out-remove__dirichlet__alpha-1p5__metric-privacy__fedavg__clients-7__seed-42__nm0p04375__clip5__rounds-20__epochs-5__cifar10_dirichlet__cifar10_cnn round=9 (checkpoint deleted)
2026-08-20 12:38:33 EVALUATED cifar10-out-remove__dirichlet__alpha-1p5__metric-privacy__fedavg__clients-7__seed-42__nm0p04375__clip5__rounds-20__epochs-5__cifar10_dirichlet__cifar10_cnn round=10 (checkpoint deleted)
2026-08-20 12:38:42 EVALUATED cifar10-out-remove__dirichlet__alpha-1p5__metric-privacy__fedavg__clients-7__seed-42__nm0p04375__clip5__rounds-20__epochs-5__cifar10_dirichlet__cifar10_cnn round=11 (checkpoint deleted)
2026-08-20 12:38:50 EVALUATED cifar10-out-remove__dirichlet__alpha-1p5__metric-privacy__fedavg__clients-7__seed-42__nm0p04375__clip5__rounds-20__epochs-5__cifar10_dirichlet__cifar10_cnn round=12 (checkpoint deleted)
2026-08-20 12:38:58 EVALUATED cifar10-out-remove__dirichlet__alpha-1p5__metric-privacy__fedavg__clients-7__seed-42__nm0p04375__clip5__rounds-20__epochs-5__cifar10_dirichlet__cifar10_cnn round=13 (checkpoint deleted)
2026-08-20 12:39:06 EVALUATED cifar10-out-remove__dirichlet__alpha-1p5__metric-privacy__fedavg__clients-7__seed-42__nm0p04375__clip5__rounds-20__epochs-5__cifar10_dirichlet__cifar10_cnn round=14 (checkpoint deleted)
2026-08-20 12:39:14 EVALUATED cifar10-out-remove__dirichlet__alpha-1p5__metric-privacy__fedavg__clients-7__seed-42__nm0p04375__clip5__rounds-20__epochs-5__cifar10_dirichlet__cifar10_cnn round=15 (checkpoint deleted)
2026-08-20 12:39:22 EVALUATED cifar10-out-remove__dirichlet__alpha-1p5__metric-privacy__fedavg__clients-7__seed-42__nm0p04375__clip5__rounds-20__epochs-5__cifar10_dirichlet__cifar10_cnn round=16 (checkpoint deleted)
2026-08-20 12:39:30 EVALUATED cifar10-out-remove__dirichlet__alpha-1p5__metric-privacy__fedavg__clients-7__seed-42__nm0p04375__clip5__rounds-20__epochs-5__cifar10_dirichlet__cifar10_cnn round=17 (checkpoint deleted)
2026-08-20 12:39:38 EVALUATED cifar10-out-remove__dirichlet__alpha-1p5__metric-privacy__fedavg__clients-7__seed-42__nm0p04375__clip5__rounds-20__epochs-5__cifar10_dirichlet__cifar10_cnn round=18 (checkpoint deleted)
2026-08-20 12:39:47 EVALUATED cifar10-out-remove__dirichlet__alpha-1p5__metric-privacy__fedavg__clients-7__seed-42__nm0p04375__clip5__rounds-20__epochs-5__cifar10_dirichlet__cifar10_cnn round=19 (checkpoint deleted)
2026-08-20 12:39:55 EVALUATED cifar10-out-remove__dirichlet__alpha-1p5__metric-privacy__fedavg__clients-7__seed-42__nm0p04375__clip5__rounds-20__epochs-5__cifar10_dirichlet__cifar10_cnn round=20 (checkpoint deleted)
2026-08-20 12:39:55 PROGRESS 2/2 (0 failed so far)
2026-08-20 12:39:55 Sweep finished: 2/2 attempted, 0 failed
