2026-08-05 15:51:11 Sweep starting: 12 combinations, client_counts=(4, 8, 48), aggregation_methods=('fedavg',), rounds=[20, 40, 240], noise_multiplier=0.05, max_parallel_clients=24, force=False
2026-08-05 15:51:11 START scalectrl__homogeneous__global-dp__fedavg__n4 (rounds=20)
2026-08-05 15:53:14 DONE  scalectrl__homogeneous__global-dp__fedavg__n4 (122.6s)
2026-08-05 15:53:14 PROGRESS 1/12 (0 failed so far)
2026-08-05 15:53:14 START scalectrl__homogeneous__metric-privacy__fedavg__n4 (rounds=20)
2026-08-05 15:55:12 DONE  scalectrl__homogeneous__metric-privacy__fedavg__n4 (118.0s)
2026-08-05 15:55:12 PROGRESS 2/12 (0 failed so far)
2026-08-05 15:55:12 START scalectrl__non-iid__global-dp__fedavg__n4 (rounds=20)
2026-08-05 15:57:35 DONE  scalectrl__non-iid__global-dp__fedavg__n4 (142.9s)
2026-08-05 15:57:35 PROGRESS 3/12 (0 failed so far)
2026-08-05 15:57:35 START scalectrl__non-iid__metric-privacy__fedavg__n4 (rounds=20)
2026-08-05 15:59:58 DONE  scalectrl__non-iid__metric-privacy__fedavg__n4 (143.4s)
2026-08-05 15:59:59 PROGRESS 4/12 (0 failed so far)
2026-08-05 15:59:59 START scalectrl__homogeneous__global-dp__fedavg__n8 (rounds=40)
2026-08-05 16:03:56 DONE  scalectrl__homogeneous__global-dp__fedavg__n8 (237.4s)
2026-08-05 16:03:56 PROGRESS 5/12 (0 failed so far)
2026-08-05 16:03:56 START scalectrl__homogeneous__metric-privacy__fedavg__n8 (rounds=40)
2026-08-05 16:08:10 DONE  scalectrl__homogeneous__metric-privacy__fedavg__n8 (253.5s)
2026-08-05 16:08:10 PROGRESS 6/12 (0 failed so far)
2026-08-05 16:08:10 START scalectrl__non-iid__global-dp__fedavg__n8 (rounds=40)
2026-08-05 16:12:18 DONE  scalectrl__non-iid__global-dp__fedavg__n8 (248.8s)
2026-08-05 16:12:18 PROGRESS 7/12 (0 failed so far)
2026-08-05 16:12:18 START scalectrl__non-iid__metric-privacy__fedavg__n8 (rounds=40)
2026-08-05 16:16:31 DONE  scalectrl__non-iid__metric-privacy__fedavg__n8 (252.2s)
2026-08-05 16:16:31 PROGRESS 8/12 (0 failed so far)
2026-08-05 16:16:31 START scalectrl__homogeneous__global-dp__fedavg__n48 (rounds=240)
2026-08-05 16:57:46 DONE  scalectrl__homogeneous__global-dp__fedavg__n48 (2475.0s)
2026-08-05 16:57:46 PROGRESS 9/12 (0 failed so far)
2026-08-05 16:57:46 START scalectrl__homogeneous__metric-privacy__fedavg__n48 (rounds=240)
2026-08-05 18:01:22 DONE  scalectrl__homogeneous__metric-privacy__fedavg__n48 (3816.5s)
2026-08-05 18:01:22 PROGRESS 10/12 (0 failed so far)
2026-08-05 18:01:22 START scalectrl__non-iid__global-dp__fedavg__n48 (rounds=240)
2026-08-05 18:42:10 DONE  scalectrl__non-iid__global-dp__fedavg__n48 (2447.2s)
2026-08-05 18:42:10 PROGRESS 11/12 (0 failed so far)
2026-08-05 18:42:10 START scalectrl__non-iid__metric-privacy__fedavg__n48 (rounds=240)
2026-08-05 19:45:18 DONE  scalectrl__non-iid__metric-privacy__fedavg__n48 (3788.1s)
2026-08-05 19:45:18 PROGRESS 12/12 (0 failed so far)
2026-08-05 19:45:18 Sweep finished: 12/12 attempted, 0 failed
2026-08-05 22:24:35 Sweep starting: 8 combinations, client_counts=(4, 8), aggregation_methods=('fedyogi',), rounds=[20, 40], noise_multiplier=0.05, max_parallel_clients=24, force=False
2026-08-05 22:24:35 START scalectrl__homogeneous__global-dp__fedyogi__n4 (rounds=20)
2026-08-05 22:24:36 FAILED scalectrl__homogeneous__global-dp__fedyogi__n4 (exit=1, 0.4s)
2026-08-05 22:24:36 PROGRESS 1/8 (1 failed so far)
2026-08-05 22:24:36 START scalectrl__homogeneous__metric-privacy__fedyogi__n4 (rounds=20)
2026-08-05 22:24:36 FAILED scalectrl__homogeneous__metric-privacy__fedyogi__n4 (exit=1, 0.4s)
2026-08-05 22:24:36 PROGRESS 2/8 (2 failed so far)
2026-08-05 22:24:36 START scalectrl__non-iid__global-dp__fedyogi__n4 (rounds=20)
2026-08-05 22:24:36 FAILED scalectrl__non-iid__global-dp__fedyogi__n4 (exit=1, 0.4s)
2026-08-05 22:24:37 PROGRESS 3/8 (3 failed so far)
2026-08-05 22:24:37 START scalectrl__non-iid__metric-privacy__fedyogi__n4 (rounds=20)
2026-08-05 22:24:37 FAILED scalectrl__non-iid__metric-privacy__fedyogi__n4 (exit=1, 0.3s)
2026-08-05 22:24:37 PROGRESS 4/8 (4 failed so far)
2026-08-05 22:24:37 START scalectrl__homogeneous__global-dp__fedyogi__n8 (rounds=40)
2026-08-05 22:24:37 FAILED scalectrl__homogeneous__global-dp__fedyogi__n8 (exit=1, 0.4s)
2026-08-05 22:24:37 PROGRESS 5/8 (5 failed so far)
2026-08-05 22:24:37 START scalectrl__homogeneous__metric-privacy__fedyogi__n8 (rounds=40)
2026-08-05 22:24:38 FAILED scalectrl__homogeneous__metric-privacy__fedyogi__n8 (exit=1, 0.3s)
2026-08-05 22:24:38 PROGRESS 6/8 (6 failed so far)
2026-08-05 22:24:38 START scalectrl__non-iid__global-dp__fedyogi__n8 (rounds=40)
2026-08-05 22:24:38 FAILED scalectrl__non-iid__global-dp__fedyogi__n8 (exit=1, 0.4s)
2026-08-05 22:24:38 PROGRESS 7/8 (7 failed so far)
2026-08-05 22:24:38 START scalectrl__non-iid__metric-privacy__fedyogi__n8 (rounds=40)
2026-08-05 22:24:39 FAILED scalectrl__non-iid__metric-privacy__fedyogi__n8 (exit=1, 0.4s)
2026-08-05 22:24:39 PROGRESS 8/8 (8 failed so far)
2026-08-05 22:24:39 Sweep finished: 8/8 attempted, 8 failed
2026-08-05 22:24:39 Failed combinations: scalectrl__homogeneous__global-dp__fedyogi__n4, scalectrl__homogeneous__metric-privacy__fedyogi__n4, scalectrl__non-iid__global-dp__fedyogi__n4, scalectrl__non-iid__metric-privacy__fedyogi__n4, scalectrl__homogeneous__global-dp__fedyogi__n8, scalectrl__homogeneous__metric-privacy__fedyogi__n8, scalectrl__non-iid__global-dp__fedyogi__n8, scalectrl__non-iid__metric-privacy__fedyogi__n8
2026-08-05 22:28:23 Sweep starting: 8 combinations, client_counts=(4, 8), aggregation_methods=('fedyogi',), rounds=[20, 40], noise_multiplier=0.05, max_parallel_clients=24, force=True
2026-08-05 22:28:23 START scalectrl__homogeneous__global-dp__fedyogi__n4 (rounds=20)
2026-08-05 22:30:26 DONE  scalectrl__homogeneous__global-dp__fedyogi__n4 (123.4s)
2026-08-05 22:30:26 PROGRESS 1/8 (0 failed so far)
2026-08-05 22:30:26 START scalectrl__homogeneous__metric-privacy__fedyogi__n4 (rounds=20)
2026-08-05 22:32:33 DONE  scalectrl__homogeneous__metric-privacy__fedyogi__n4 (126.5s)
2026-08-05 22:32:33 PROGRESS 2/8 (0 failed so far)
2026-08-05 22:32:33 START scalectrl__non-iid__global-dp__fedyogi__n4 (rounds=20)
2026-08-05 22:35:03 DONE  scalectrl__non-iid__global-dp__fedyogi__n4 (150.1s)
2026-08-05 22:35:03 PROGRESS 3/8 (0 failed so far)
2026-08-05 22:35:03 START scalectrl__non-iid__metric-privacy__fedyogi__n4 (rounds=20)
2026-08-05 22:37:35 DONE  scalectrl__non-iid__metric-privacy__fedyogi__n4 (151.9s)
2026-08-05 22:37:35 PROGRESS 4/8 (0 failed so far)
2026-08-05 22:37:35 START scalectrl__homogeneous__global-dp__fedyogi__n8 (rounds=40)
2026-08-05 22:41:41 DONE  scalectrl__homogeneous__global-dp__fedyogi__n8 (246.2s)
2026-08-05 22:41:42 PROGRESS 5/8 (0 failed so far)
2026-08-05 22:41:42 START scalectrl__homogeneous__metric-privacy__fedyogi__n8 (rounds=40)
2026-08-05 22:45:53 DONE  scalectrl__homogeneous__metric-privacy__fedyogi__n8 (251.8s)
2026-08-05 22:45:53 PROGRESS 6/8 (0 failed so far)
2026-08-05 22:45:53 START scalectrl__non-iid__global-dp__fedyogi__n8 (rounds=40)
2026-08-05 22:50:10 DONE  scalectrl__non-iid__global-dp__fedyogi__n8 (256.9s)
2026-08-05 22:50:10 PROGRESS 7/8 (0 failed so far)
2026-08-05 22:50:10 START scalectrl__non-iid__metric-privacy__fedyogi__n8 (rounds=40)
2026-08-05 22:54:33 DONE  scalectrl__non-iid__metric-privacy__fedyogi__n8 (262.1s)
2026-08-05 22:54:33 PROGRESS 8/8 (0 failed so far)
2026-08-05 22:54:33 Sweep finished: 8/8 attempted, 0 failed
