2026-08-13 22:10:02 CIFAR-10 removal CIA chunk (metric-privacy, clients=8, noise_ratio=0.0025): 2 trajectories
2026-08-13 22:10:02 START cifar10-in-remove__non-iid__metric-privacy__fedavg__clients-8__seed-42__nm0p02__clip5__rounds-20__epochs-5__cifar10_remove__cifar10_cnn 
2026-08-13 22:21:32 DONE  cifar10-in-remove__non-iid__metric-privacy__fedavg__clients-8__seed-42__nm0p02__clip5__rounds-20__epochs-5__cifar10_remove__cifar10_cnn (690.3s)
2026-08-13 22:21:41 EVALUATED cifar10-in-remove__non-iid__metric-privacy__fedavg__clients-8__seed-42__nm0p02__clip5__rounds-20__epochs-5__cifar10_remove__cifar10_cnn round=1 (checkpoint deleted)
2026-08-13 22:21:49 EVALUATED cifar10-in-remove__non-iid__metric-privacy__fedavg__clients-8__seed-42__nm0p02__clip5__rounds-20__epochs-5__cifar10_remove__cifar10_cnn round=2 (checkpoint deleted)
2026-08-13 22:21:56 EVALUATED cifar10-in-remove__non-iid__metric-privacy__fedavg__clients-8__seed-42__nm0p02__clip5__rounds-20__epochs-5__cifar10_remove__cifar10_cnn round=3 (checkpoint deleted)
2026-08-13 22:22:03 EVALUATED cifar10-in-remove__non-iid__metric-privacy__fedavg__clients-8__seed-42__nm0p02__clip5__rounds-20__epochs-5__cifar10_remove__cifar10_cnn round=4 (checkpoint deleted)
2026-08-13 22:22:11 EVALUATED cifar10-in-remove__non-iid__metric-privacy__fedavg__clients-8__seed-42__nm0p02__clip5__rounds-20__epochs-5__cifar10_remove__cifar10_cnn round=5 (checkpoint deleted)
2026-08-13 22:22:18 EVALUATED cifar10-in-remove__non-iid__metric-privacy__fedavg__clients-8__seed-42__nm0p02__clip5__rounds-20__epochs-5__cifar10_remove__cifar10_cnn round=6 (checkpoint deleted)
2026-08-13 22:22:25 EVALUATED cifar10-in-remove__non-iid__metric-privacy__fedavg__clients-8__seed-42__nm0p02__clip5__rounds-20__epochs-5__cifar10_remove__cifar10_cnn round=7 (checkpoint deleted)
2026-08-13 22:22:32 EVALUATED cifar10-in-remove__non-iid__metric-privacy__fedavg__clients-8__seed-42__nm0p02__clip5__rounds-20__epochs-5__cifar10_remove__cifar10_cnn round=8 (checkpoint deleted)
2026-08-13 22:22:40 EVALUATED cifar10-in-remove__non-iid__metric-privacy__fedavg__clients-8__seed-42__nm0p02__clip5__rounds-20__epochs-5__cifar10_remove__cifar10_cnn round=9 (checkpoint deleted)
2026-08-13 22:22:47 EVALUATED cifar10-in-remove__non-iid__metric-privacy__fedavg__clients-8__seed-42__nm0p02__clip5__rounds-20__epochs-5__cifar10_remove__cifar10_cnn round=10 (checkpoint deleted)
2026-08-13 22:22:54 EVALUATED cifar10-in-remove__non-iid__metric-privacy__fedavg__clients-8__seed-42__nm0p02__clip5__rounds-20__epochs-5__cifar10_remove__cifar10_cnn round=11 (checkpoint deleted)
2026-08-13 22:23:02 EVALUATED cifar10-in-remove__non-iid__metric-privacy__fedavg__clients-8__seed-42__nm0p02__clip5__rounds-20__epochs-5__cifar10_remove__cifar10_cnn round=12 (checkpoint deleted)
2026-08-13 22:23:09 EVALUATED cifar10-in-remove__non-iid__metric-privacy__fedavg__clients-8__seed-42__nm0p02__clip5__rounds-20__epochs-5__cifar10_remove__cifar10_cnn round=13 (checkpoint deleted)
2026-08-13 22:23:16 EVALUATED cifar10-in-remove__non-iid__metric-privacy__fedavg__clients-8__seed-42__nm0p02__clip5__rounds-20__epochs-5__cifar10_remove__cifar10_cnn round=14 (checkpoint deleted)
2026-08-13 22:23:24 EVALUATED cifar10-in-remove__non-iid__metric-privacy__fedavg__clients-8__seed-42__nm0p02__clip5__rounds-20__epochs-5__cifar10_remove__cifar10_cnn round=15 (checkpoint deleted)
2026-08-13 22:23:31 EVALUATED cifar10-in-remove__non-iid__metric-privacy__fedavg__clients-8__seed-42__nm0p02__clip5__rounds-20__epochs-5__cifar10_remove__cifar10_cnn round=16 (checkpoint deleted)
2026-08-13 22:23:38 EVALUATED cifar10-in-remove__non-iid__metric-privacy__fedavg__clients-8__seed-42__nm0p02__clip5__rounds-20__epochs-5__cifar10_remove__cifar10_cnn round=17 (checkpoint deleted)
2026-08-13 22:23:46 EVALUATED cifar10-in-remove__non-iid__metric-privacy__fedavg__clients-8__seed-42__nm0p02__clip5__rounds-20__epochs-5__cifar10_remove__cifar10_cnn round=18 (checkpoint deleted)
2026-08-13 22:23:53 EVALUATED cifar10-in-remove__non-iid__metric-privacy__fedavg__clients-8__seed-42__nm0p02__clip5__rounds-20__epochs-5__cifar10_remove__cifar10_cnn round=19 (checkpoint deleted)
2026-08-13 22:24:00 EVALUATED cifar10-in-remove__non-iid__metric-privacy__fedavg__clients-8__seed-42__nm0p02__clip5__rounds-20__epochs-5__cifar10_remove__cifar10_cnn round=20 (checkpoint deleted)
2026-08-13 22:24:00 PROGRESS 1/2 (0 failed so far)
2026-08-13 22:24:00 START cifar10-out-remove__non-iid__metric-privacy__fedavg__clients-7__seed-42__nm0p0175__clip5__rounds-20__epochs-5__cifar10_remove__cifar10_cnn 
2026-08-13 22:35:06 DONE  cifar10-out-remove__non-iid__metric-privacy__fedavg__clients-7__seed-42__nm0p0175__clip5__rounds-20__epochs-5__cifar10_remove__cifar10_cnn (666.1s)
2026-08-13 22:35:14 EVALUATED cifar10-out-remove__non-iid__metric-privacy__fedavg__clients-7__seed-42__nm0p0175__clip5__rounds-20__epochs-5__cifar10_remove__cifar10_cnn round=1 (checkpoint deleted)
2026-08-13 22:35:21 EVALUATED cifar10-out-remove__non-iid__metric-privacy__fedavg__clients-7__seed-42__nm0p0175__clip5__rounds-20__epochs-5__cifar10_remove__cifar10_cnn round=2 (checkpoint deleted)
2026-08-13 22:35:29 EVALUATED cifar10-out-remove__non-iid__metric-privacy__fedavg__clients-7__seed-42__nm0p0175__clip5__rounds-20__epochs-5__cifar10_remove__cifar10_cnn round=3 (checkpoint deleted)
2026-08-13 22:35:36 EVALUATED cifar10-out-remove__non-iid__metric-privacy__fedavg__clients-7__seed-42__nm0p0175__clip5__rounds-20__epochs-5__cifar10_remove__cifar10_cnn round=4 (checkpoint deleted)
2026-08-13 22:35:43 EVALUATED cifar10-out-remove__non-iid__metric-privacy__fedavg__clients-7__seed-42__nm0p0175__clip5__rounds-20__epochs-5__cifar10_remove__cifar10_cnn round=5 (checkpoint deleted)
2026-08-13 22:35:50 EVALUATED cifar10-out-remove__non-iid__metric-privacy__fedavg__clients-7__seed-42__nm0p0175__clip5__rounds-20__epochs-5__cifar10_remove__cifar10_cnn round=6 (checkpoint deleted)
2026-08-13 22:35:58 EVALUATED cifar10-out-remove__non-iid__metric-privacy__fedavg__clients-7__seed-42__nm0p0175__clip5__rounds-20__epochs-5__cifar10_remove__cifar10_cnn round=7 (checkpoint deleted)
2026-08-13 22:36:05 EVALUATED cifar10-out-remove__non-iid__metric-privacy__fedavg__clients-7__seed-42__nm0p0175__clip5__rounds-20__epochs-5__cifar10_remove__cifar10_cnn round=8 (checkpoint deleted)
2026-08-13 22:36:12 EVALUATED cifar10-out-remove__non-iid__metric-privacy__fedavg__clients-7__seed-42__nm0p0175__clip5__rounds-20__epochs-5__cifar10_remove__cifar10_cnn round=9 (checkpoint deleted)
2026-08-13 22:36:20 EVALUATED cifar10-out-remove__non-iid__metric-privacy__fedavg__clients-7__seed-42__nm0p0175__clip5__rounds-20__epochs-5__cifar10_remove__cifar10_cnn round=10 (checkpoint deleted)
2026-08-13 22:36:27 EVALUATED cifar10-out-remove__non-iid__metric-privacy__fedavg__clients-7__seed-42__nm0p0175__clip5__rounds-20__epochs-5__cifar10_remove__cifar10_cnn round=11 (checkpoint deleted)
2026-08-13 22:36:34 EVALUATED cifar10-out-remove__non-iid__metric-privacy__fedavg__clients-7__seed-42__nm0p0175__clip5__rounds-20__epochs-5__cifar10_remove__cifar10_cnn round=12 (checkpoint deleted)
2026-08-13 22:36:41 EVALUATED cifar10-out-remove__non-iid__metric-privacy__fedavg__clients-7__seed-42__nm0p0175__clip5__rounds-20__epochs-5__cifar10_remove__cifar10_cnn round=13 (checkpoint deleted)
2026-08-13 22:36:49 EVALUATED cifar10-out-remove__non-iid__metric-privacy__fedavg__clients-7__seed-42__nm0p0175__clip5__rounds-20__epochs-5__cifar10_remove__cifar10_cnn round=14 (checkpoint deleted)
2026-08-13 22:36:56 EVALUATED cifar10-out-remove__non-iid__metric-privacy__fedavg__clients-7__seed-42__nm0p0175__clip5__rounds-20__epochs-5__cifar10_remove__cifar10_cnn round=15 (checkpoint deleted)
2026-08-13 22:37:03 EVALUATED cifar10-out-remove__non-iid__metric-privacy__fedavg__clients-7__seed-42__nm0p0175__clip5__rounds-20__epochs-5__cifar10_remove__cifar10_cnn round=16 (checkpoint deleted)
2026-08-13 22:37:11 EVALUATED cifar10-out-remove__non-iid__metric-privacy__fedavg__clients-7__seed-42__nm0p0175__clip5__rounds-20__epochs-5__cifar10_remove__cifar10_cnn round=17 (checkpoint deleted)
2026-08-13 22:37:18 EVALUATED cifar10-out-remove__non-iid__metric-privacy__fedavg__clients-7__seed-42__nm0p0175__clip5__rounds-20__epochs-5__cifar10_remove__cifar10_cnn round=18 (checkpoint deleted)
2026-08-13 22:37:25 EVALUATED cifar10-out-remove__non-iid__metric-privacy__fedavg__clients-7__seed-42__nm0p0175__clip5__rounds-20__epochs-5__cifar10_remove__cifar10_cnn round=19 (checkpoint deleted)
2026-08-13 22:37:33 EVALUATED cifar10-out-remove__non-iid__metric-privacy__fedavg__clients-7__seed-42__nm0p0175__clip5__rounds-20__epochs-5__cifar10_remove__cifar10_cnn round=20 (checkpoint deleted)
2026-08-13 22:37:33 PROGRESS 2/2 (0 failed so far)
2026-08-13 22:37:33 Sweep finished: 2/2 attempted, 0 failed
