2026-08-21 15:46:41 CIFAR-10 stage (global-dp, homogeneous, seed=42, noise_ratio=0.01): 2 trajectories
2026-08-21 15:46:41 START cifar10-in-remove__homogeneous__global-dp__fedavg__clients-100__seed-42__nm1__clip5__rounds-20__epochs-5__cifar10_remove__cifar10_cnn 
2026-08-21 15:53:24 DONE  cifar10-in-remove__homogeneous__global-dp__fedavg__clients-100__seed-42__nm1__clip5__rounds-20__epochs-5__cifar10_remove__cifar10_cnn (403.0s)
2026-08-21 15:53:27 EVALUATED cifar10-in-remove__homogeneous__global-dp__fedavg__clients-100__seed-42__nm1__clip5__rounds-20__epochs-5__cifar10_remove__cifar10_cnn round=1 (checkpoint deleted)
2026-08-21 15:53:30 EVALUATED cifar10-in-remove__homogeneous__global-dp__fedavg__clients-100__seed-42__nm1__clip5__rounds-20__epochs-5__cifar10_remove__cifar10_cnn round=2 (checkpoint deleted)
2026-08-21 15:53:33 EVALUATED cifar10-in-remove__homogeneous__global-dp__fedavg__clients-100__seed-42__nm1__clip5__rounds-20__epochs-5__cifar10_remove__cifar10_cnn round=3 (checkpoint deleted)
2026-08-21 15:53:36 EVALUATED cifar10-in-remove__homogeneous__global-dp__fedavg__clients-100__seed-42__nm1__clip5__rounds-20__epochs-5__cifar10_remove__cifar10_cnn round=4 (checkpoint deleted)
2026-08-21 15:53:39 EVALUATED cifar10-in-remove__homogeneous__global-dp__fedavg__clients-100__seed-42__nm1__clip5__rounds-20__epochs-5__cifar10_remove__cifar10_cnn round=5 (checkpoint deleted)
2026-08-21 15:53:42 EVALUATED cifar10-in-remove__homogeneous__global-dp__fedavg__clients-100__seed-42__nm1__clip5__rounds-20__epochs-5__cifar10_remove__cifar10_cnn round=6 (checkpoint deleted)
2026-08-21 15:53:45 EVALUATED cifar10-in-remove__homogeneous__global-dp__fedavg__clients-100__seed-42__nm1__clip5__rounds-20__epochs-5__cifar10_remove__cifar10_cnn round=7 (checkpoint deleted)
2026-08-21 15:53:48 EVALUATED cifar10-in-remove__homogeneous__global-dp__fedavg__clients-100__seed-42__nm1__clip5__rounds-20__epochs-5__cifar10_remove__cifar10_cnn round=8 (checkpoint deleted)
2026-08-21 15:53:51 EVALUATED cifar10-in-remove__homogeneous__global-dp__fedavg__clients-100__seed-42__nm1__clip5__rounds-20__epochs-5__cifar10_remove__cifar10_cnn round=9 (checkpoint deleted)
2026-08-21 15:53:54 EVALUATED cifar10-in-remove__homogeneous__global-dp__fedavg__clients-100__seed-42__nm1__clip5__rounds-20__epochs-5__cifar10_remove__cifar10_cnn round=10 (checkpoint deleted)
2026-08-21 15:53:57 EVALUATED cifar10-in-remove__homogeneous__global-dp__fedavg__clients-100__seed-42__nm1__clip5__rounds-20__epochs-5__cifar10_remove__cifar10_cnn round=11 (checkpoint deleted)
2026-08-21 15:54:00 EVALUATED cifar10-in-remove__homogeneous__global-dp__fedavg__clients-100__seed-42__nm1__clip5__rounds-20__epochs-5__cifar10_remove__cifar10_cnn round=12 (checkpoint deleted)
2026-08-21 15:54:03 EVALUATED cifar10-in-remove__homogeneous__global-dp__fedavg__clients-100__seed-42__nm1__clip5__rounds-20__epochs-5__cifar10_remove__cifar10_cnn round=13 (checkpoint deleted)
2026-08-21 15:54:06 EVALUATED cifar10-in-remove__homogeneous__global-dp__fedavg__clients-100__seed-42__nm1__clip5__rounds-20__epochs-5__cifar10_remove__cifar10_cnn round=14 (checkpoint deleted)
2026-08-21 15:54:09 EVALUATED cifar10-in-remove__homogeneous__global-dp__fedavg__clients-100__seed-42__nm1__clip5__rounds-20__epochs-5__cifar10_remove__cifar10_cnn round=15 (checkpoint deleted)
2026-08-21 15:54:12 EVALUATED cifar10-in-remove__homogeneous__global-dp__fedavg__clients-100__seed-42__nm1__clip5__rounds-20__epochs-5__cifar10_remove__cifar10_cnn round=16 (checkpoint deleted)
2026-08-21 15:54:15 EVALUATED cifar10-in-remove__homogeneous__global-dp__fedavg__clients-100__seed-42__nm1__clip5__rounds-20__epochs-5__cifar10_remove__cifar10_cnn round=17 (checkpoint deleted)
2026-08-21 15:54:18 EVALUATED cifar10-in-remove__homogeneous__global-dp__fedavg__clients-100__seed-42__nm1__clip5__rounds-20__epochs-5__cifar10_remove__cifar10_cnn round=18 (checkpoint deleted)
2026-08-21 15:54:21 EVALUATED cifar10-in-remove__homogeneous__global-dp__fedavg__clients-100__seed-42__nm1__clip5__rounds-20__epochs-5__cifar10_remove__cifar10_cnn round=19 (checkpoint deleted)
2026-08-21 15:54:24 EVALUATED cifar10-in-remove__homogeneous__global-dp__fedavg__clients-100__seed-42__nm1__clip5__rounds-20__epochs-5__cifar10_remove__cifar10_cnn round=20 (checkpoint deleted)
2026-08-21 15:54:24 PROGRESS 1/2 (0 failed so far)
2026-08-21 15:54:24 START cifar10-out-remove__homogeneous__global-dp__fedavg__clients-99__seed-42__nm0p99__clip5__rounds-20__epochs-5__cifar10_remove__cifar10_cnn 
2026-08-21 16:01:05 DONE  cifar10-out-remove__homogeneous__global-dp__fedavg__clients-99__seed-42__nm0p99__clip5__rounds-20__epochs-5__cifar10_remove__cifar10_cnn (400.8s)
2026-08-21 16:01:08 EVALUATED cifar10-out-remove__homogeneous__global-dp__fedavg__clients-99__seed-42__nm0p99__clip5__rounds-20__epochs-5__cifar10_remove__cifar10_cnn round=1 (checkpoint deleted)
2026-08-21 16:01:11 EVALUATED cifar10-out-remove__homogeneous__global-dp__fedavg__clients-99__seed-42__nm0p99__clip5__rounds-20__epochs-5__cifar10_remove__cifar10_cnn round=2 (checkpoint deleted)
2026-08-21 16:01:15 EVALUATED cifar10-out-remove__homogeneous__global-dp__fedavg__clients-99__seed-42__nm0p99__clip5__rounds-20__epochs-5__cifar10_remove__cifar10_cnn round=3 (checkpoint deleted)
2026-08-21 16:01:18 EVALUATED cifar10-out-remove__homogeneous__global-dp__fedavg__clients-99__seed-42__nm0p99__clip5__rounds-20__epochs-5__cifar10_remove__cifar10_cnn round=4 (checkpoint deleted)
2026-08-21 16:01:21 EVALUATED cifar10-out-remove__homogeneous__global-dp__fedavg__clients-99__seed-42__nm0p99__clip5__rounds-20__epochs-5__cifar10_remove__cifar10_cnn round=5 (checkpoint deleted)
2026-08-21 16:01:24 EVALUATED cifar10-out-remove__homogeneous__global-dp__fedavg__clients-99__seed-42__nm0p99__clip5__rounds-20__epochs-5__cifar10_remove__cifar10_cnn round=6 (checkpoint deleted)
2026-08-21 16:01:27 EVALUATED cifar10-out-remove__homogeneous__global-dp__fedavg__clients-99__seed-42__nm0p99__clip5__rounds-20__epochs-5__cifar10_remove__cifar10_cnn round=7 (checkpoint deleted)
2026-08-21 16:01:30 EVALUATED cifar10-out-remove__homogeneous__global-dp__fedavg__clients-99__seed-42__nm0p99__clip5__rounds-20__epochs-5__cifar10_remove__cifar10_cnn round=8 (checkpoint deleted)
2026-08-21 16:01:34 EVALUATED cifar10-out-remove__homogeneous__global-dp__fedavg__clients-99__seed-42__nm0p99__clip5__rounds-20__epochs-5__cifar10_remove__cifar10_cnn round=9 (checkpoint deleted)
2026-08-21 16:01:37 EVALUATED cifar10-out-remove__homogeneous__global-dp__fedavg__clients-99__seed-42__nm0p99__clip5__rounds-20__epochs-5__cifar10_remove__cifar10_cnn round=10 (checkpoint deleted)
2026-08-21 16:01:40 EVALUATED cifar10-out-remove__homogeneous__global-dp__fedavg__clients-99__seed-42__nm0p99__clip5__rounds-20__epochs-5__cifar10_remove__cifar10_cnn round=11 (checkpoint deleted)
2026-08-21 16:01:43 EVALUATED cifar10-out-remove__homogeneous__global-dp__fedavg__clients-99__seed-42__nm0p99__clip5__rounds-20__epochs-5__cifar10_remove__cifar10_cnn round=12 (checkpoint deleted)
2026-08-21 16:01:46 EVALUATED cifar10-out-remove__homogeneous__global-dp__fedavg__clients-99__seed-42__nm0p99__clip5__rounds-20__epochs-5__cifar10_remove__cifar10_cnn round=13 (checkpoint deleted)
2026-08-21 16:01:49 EVALUATED cifar10-out-remove__homogeneous__global-dp__fedavg__clients-99__seed-42__nm0p99__clip5__rounds-20__epochs-5__cifar10_remove__cifar10_cnn round=14 (checkpoint deleted)
2026-08-21 16:01:52 EVALUATED cifar10-out-remove__homogeneous__global-dp__fedavg__clients-99__seed-42__nm0p99__clip5__rounds-20__epochs-5__cifar10_remove__cifar10_cnn round=15 (checkpoint deleted)
2026-08-21 16:01:55 EVALUATED cifar10-out-remove__homogeneous__global-dp__fedavg__clients-99__seed-42__nm0p99__clip5__rounds-20__epochs-5__cifar10_remove__cifar10_cnn round=16 (checkpoint deleted)
2026-08-21 16:01:58 EVALUATED cifar10-out-remove__homogeneous__global-dp__fedavg__clients-99__seed-42__nm0p99__clip5__rounds-20__epochs-5__cifar10_remove__cifar10_cnn round=17 (checkpoint deleted)
2026-08-21 16:02:01 EVALUATED cifar10-out-remove__homogeneous__global-dp__fedavg__clients-99__seed-42__nm0p99__clip5__rounds-20__epochs-5__cifar10_remove__cifar10_cnn round=18 (checkpoint deleted)
2026-08-21 16:02:04 EVALUATED cifar10-out-remove__homogeneous__global-dp__fedavg__clients-99__seed-42__nm0p99__clip5__rounds-20__epochs-5__cifar10_remove__cifar10_cnn round=19 (checkpoint deleted)
2026-08-21 16:02:07 EVALUATED cifar10-out-remove__homogeneous__global-dp__fedavg__clients-99__seed-42__nm0p99__clip5__rounds-20__epochs-5__cifar10_remove__cifar10_cnn round=20 (checkpoint deleted)
2026-08-21 16:02:07 PROGRESS 2/2 (0 failed so far)
2026-08-21 16:02:07 Sweep finished: 2/2 attempted, 0 failed
