2026-08-21 06:44:35 Fashion-MNIST stage (vanilla, non-iid, seed=43, noise_ratio=None): 2 trajectories
2026-08-21 06:44:35 START fashion-mnist-in-remove__non-iid__vanilla__fedavg__clients-48__seed-43__nm0p0321172__clip5__rounds-100__epochs-5__fashion_mnist_remove__fashion_mnist_cnn 
2026-08-21 07:00:35 DONE  fashion-mnist-in-remove__non-iid__vanilla__fedavg__clients-48__seed-43__nm0p0321172__clip5__rounds-100__epochs-5__fashion_mnist_remove__fashion_mnist_cnn (960.3s)
2026-08-21 07:00:38 EVALUATED fashion-mnist-in-remove__non-iid__vanilla__fedavg__clients-48__seed-43__nm0p0321172__clip5__rounds-100__epochs-5__fashion_mnist_remove__fashion_mnist_cnn round=1 (checkpoint deleted)
2026-08-21 07:00:41 EVALUATED fashion-mnist-in-remove__non-iid__vanilla__fedavg__clients-48__seed-43__nm0p0321172__clip5__rounds-100__epochs-5__fashion_mnist_remove__fashion_mnist_cnn round=10 (checkpoint deleted)
2026-08-21 07:00:43 EVALUATED fashion-mnist-in-remove__non-iid__vanilla__fedavg__clients-48__seed-43__nm0p0321172__clip5__rounds-100__epochs-5__fashion_mnist_remove__fashion_mnist_cnn round=20 (checkpoint deleted)
2026-08-21 07:00:46 EVALUATED fashion-mnist-in-remove__non-iid__vanilla__fedavg__clients-48__seed-43__nm0p0321172__clip5__rounds-100__epochs-5__fashion_mnist_remove__fashion_mnist_cnn round=30 (checkpoint deleted)
2026-08-21 07:00:49 EVALUATED fashion-mnist-in-remove__non-iid__vanilla__fedavg__clients-48__seed-43__nm0p0321172__clip5__rounds-100__epochs-5__fashion_mnist_remove__fashion_mnist_cnn round=40 (checkpoint deleted)
2026-08-21 07:00:52 EVALUATED fashion-mnist-in-remove__non-iid__vanilla__fedavg__clients-48__seed-43__nm0p0321172__clip5__rounds-100__epochs-5__fashion_mnist_remove__fashion_mnist_cnn round=50 (checkpoint deleted)
2026-08-21 07:00:54 EVALUATED fashion-mnist-in-remove__non-iid__vanilla__fedavg__clients-48__seed-43__nm0p0321172__clip5__rounds-100__epochs-5__fashion_mnist_remove__fashion_mnist_cnn round=60 (checkpoint deleted)
2026-08-21 07:00:57 EVALUATED fashion-mnist-in-remove__non-iid__vanilla__fedavg__clients-48__seed-43__nm0p0321172__clip5__rounds-100__epochs-5__fashion_mnist_remove__fashion_mnist_cnn round=70 (checkpoint deleted)
2026-08-21 07:01:00 EVALUATED fashion-mnist-in-remove__non-iid__vanilla__fedavg__clients-48__seed-43__nm0p0321172__clip5__rounds-100__epochs-5__fashion_mnist_remove__fashion_mnist_cnn round=80 (checkpoint deleted)
2026-08-21 07:01:02 EVALUATED fashion-mnist-in-remove__non-iid__vanilla__fedavg__clients-48__seed-43__nm0p0321172__clip5__rounds-100__epochs-5__fashion_mnist_remove__fashion_mnist_cnn round=90 (checkpoint deleted)
2026-08-21 07:01:05 EVALUATED fashion-mnist-in-remove__non-iid__vanilla__fedavg__clients-48__seed-43__nm0p0321172__clip5__rounds-100__epochs-5__fashion_mnist_remove__fashion_mnist_cnn round=100 (checkpoint deleted)
2026-08-21 07:01:05 PROGRESS 1/2 (0 failed so far)
2026-08-21 07:01:05 START fashion-mnist-out-remove__non-iid__vanilla__fedavg__clients-47__seed-43__nm0p0321172__clip5__rounds-100__epochs-5__fashion_mnist_remove__fashion_mnist_cnn 
2026-08-21 07:16:41 DONE  fashion-mnist-out-remove__non-iid__vanilla__fedavg__clients-47__seed-43__nm0p0321172__clip5__rounds-100__epochs-5__fashion_mnist_remove__fashion_mnist_cnn (936.2s)
2026-08-21 07:16:44 EVALUATED fashion-mnist-out-remove__non-iid__vanilla__fedavg__clients-47__seed-43__nm0p0321172__clip5__rounds-100__epochs-5__fashion_mnist_remove__fashion_mnist_cnn round=1 (checkpoint deleted)
2026-08-21 07:16:47 EVALUATED fashion-mnist-out-remove__non-iid__vanilla__fedavg__clients-47__seed-43__nm0p0321172__clip5__rounds-100__epochs-5__fashion_mnist_remove__fashion_mnist_cnn round=10 (checkpoint deleted)
2026-08-21 07:16:50 EVALUATED fashion-mnist-out-remove__non-iid__vanilla__fedavg__clients-47__seed-43__nm0p0321172__clip5__rounds-100__epochs-5__fashion_mnist_remove__fashion_mnist_cnn round=20 (checkpoint deleted)
2026-08-21 07:16:52 EVALUATED fashion-mnist-out-remove__non-iid__vanilla__fedavg__clients-47__seed-43__nm0p0321172__clip5__rounds-100__epochs-5__fashion_mnist_remove__fashion_mnist_cnn round=30 (checkpoint deleted)
2026-08-21 07:16:55 EVALUATED fashion-mnist-out-remove__non-iid__vanilla__fedavg__clients-47__seed-43__nm0p0321172__clip5__rounds-100__epochs-5__fashion_mnist_remove__fashion_mnist_cnn round=40 (checkpoint deleted)
2026-08-21 07:16:58 EVALUATED fashion-mnist-out-remove__non-iid__vanilla__fedavg__clients-47__seed-43__nm0p0321172__clip5__rounds-100__epochs-5__fashion_mnist_remove__fashion_mnist_cnn round=50 (checkpoint deleted)
2026-08-21 07:17:00 EVALUATED fashion-mnist-out-remove__non-iid__vanilla__fedavg__clients-47__seed-43__nm0p0321172__clip5__rounds-100__epochs-5__fashion_mnist_remove__fashion_mnist_cnn round=60 (checkpoint deleted)
2026-08-21 07:17:03 EVALUATED fashion-mnist-out-remove__non-iid__vanilla__fedavg__clients-47__seed-43__nm0p0321172__clip5__rounds-100__epochs-5__fashion_mnist_remove__fashion_mnist_cnn round=70 (checkpoint deleted)
2026-08-21 07:17:06 EVALUATED fashion-mnist-out-remove__non-iid__vanilla__fedavg__clients-47__seed-43__nm0p0321172__clip5__rounds-100__epochs-5__fashion_mnist_remove__fashion_mnist_cnn round=80 (checkpoint deleted)
2026-08-21 07:17:09 EVALUATED fashion-mnist-out-remove__non-iid__vanilla__fedavg__clients-47__seed-43__nm0p0321172__clip5__rounds-100__epochs-5__fashion_mnist_remove__fashion_mnist_cnn round=90 (checkpoint deleted)
2026-08-21 07:17:11 EVALUATED fashion-mnist-out-remove__non-iid__vanilla__fedavg__clients-47__seed-43__nm0p0321172__clip5__rounds-100__epochs-5__fashion_mnist_remove__fashion_mnist_cnn round=100 (checkpoint deleted)
2026-08-21 07:17:11 PROGRESS 2/2 (0 failed so far)
2026-08-21 07:17:11 Sweep finished: 2/2 attempted, 0 failed
