2026-08-20 14:39:33 CIFAR-10 removal CIA chunk (metric-privacy, clients=8, alpha=3.0, noise_ratio=0.00625): 2 trajectories
2026-08-20 14:39:33 START cifar10-in-remove__dirichlet__alpha-3__metric-privacy__fedavg__clients-8__seed-42__nm0p05__clip5__rounds-20__epochs-5__cifar10_dirichlet__cifar10_cnn 
2026-08-20 14:49:43 DONE  cifar10-in-remove__dirichlet__alpha-3__metric-privacy__fedavg__clients-8__seed-42__nm0p05__clip5__rounds-20__epochs-5__cifar10_dirichlet__cifar10_cnn (610.3s)
2026-08-20 14:49:55 EVALUATED cifar10-in-remove__dirichlet__alpha-3__metric-privacy__fedavg__clients-8__seed-42__nm0p05__clip5__rounds-20__epochs-5__cifar10_dirichlet__cifar10_cnn round=1 (checkpoint deleted)
2026-08-20 14:50:03 EVALUATED cifar10-in-remove__dirichlet__alpha-3__metric-privacy__fedavg__clients-8__seed-42__nm0p05__clip5__rounds-20__epochs-5__cifar10_dirichlet__cifar10_cnn round=2 (checkpoint deleted)
2026-08-20 14:50:11 EVALUATED cifar10-in-remove__dirichlet__alpha-3__metric-privacy__fedavg__clients-8__seed-42__nm0p05__clip5__rounds-20__epochs-5__cifar10_dirichlet__cifar10_cnn round=3 (checkpoint deleted)
2026-08-20 14:50:19 EVALUATED cifar10-in-remove__dirichlet__alpha-3__metric-privacy__fedavg__clients-8__seed-42__nm0p05__clip5__rounds-20__epochs-5__cifar10_dirichlet__cifar10_cnn round=4 (checkpoint deleted)
2026-08-20 14:50:27 EVALUATED cifar10-in-remove__dirichlet__alpha-3__metric-privacy__fedavg__clients-8__seed-42__nm0p05__clip5__rounds-20__epochs-5__cifar10_dirichlet__cifar10_cnn round=5 (checkpoint deleted)
2026-08-20 14:50:35 EVALUATED cifar10-in-remove__dirichlet__alpha-3__metric-privacy__fedavg__clients-8__seed-42__nm0p05__clip5__rounds-20__epochs-5__cifar10_dirichlet__cifar10_cnn round=6 (checkpoint deleted)
2026-08-20 14:50:43 EVALUATED cifar10-in-remove__dirichlet__alpha-3__metric-privacy__fedavg__clients-8__seed-42__nm0p05__clip5__rounds-20__epochs-5__cifar10_dirichlet__cifar10_cnn round=7 (checkpoint deleted)
2026-08-20 14:50:51 EVALUATED cifar10-in-remove__dirichlet__alpha-3__metric-privacy__fedavg__clients-8__seed-42__nm0p05__clip5__rounds-20__epochs-5__cifar10_dirichlet__cifar10_cnn round=8 (checkpoint deleted)
2026-08-20 14:50:59 EVALUATED cifar10-in-remove__dirichlet__alpha-3__metric-privacy__fedavg__clients-8__seed-42__nm0p05__clip5__rounds-20__epochs-5__cifar10_dirichlet__cifar10_cnn round=9 (checkpoint deleted)
2026-08-20 14:51:07 EVALUATED cifar10-in-remove__dirichlet__alpha-3__metric-privacy__fedavg__clients-8__seed-42__nm0p05__clip5__rounds-20__epochs-5__cifar10_dirichlet__cifar10_cnn round=10 (checkpoint deleted)
2026-08-20 14:51:15 EVALUATED cifar10-in-remove__dirichlet__alpha-3__metric-privacy__fedavg__clients-8__seed-42__nm0p05__clip5__rounds-20__epochs-5__cifar10_dirichlet__cifar10_cnn round=11 (checkpoint deleted)
2026-08-20 14:51:23 EVALUATED cifar10-in-remove__dirichlet__alpha-3__metric-privacy__fedavg__clients-8__seed-42__nm0p05__clip5__rounds-20__epochs-5__cifar10_dirichlet__cifar10_cnn round=12 (checkpoint deleted)
2026-08-20 14:51:31 EVALUATED cifar10-in-remove__dirichlet__alpha-3__metric-privacy__fedavg__clients-8__seed-42__nm0p05__clip5__rounds-20__epochs-5__cifar10_dirichlet__cifar10_cnn round=13 (checkpoint deleted)
2026-08-20 14:51:39 EVALUATED cifar10-in-remove__dirichlet__alpha-3__metric-privacy__fedavg__clients-8__seed-42__nm0p05__clip5__rounds-20__epochs-5__cifar10_dirichlet__cifar10_cnn round=14 (checkpoint deleted)
2026-08-20 14:51:47 EVALUATED cifar10-in-remove__dirichlet__alpha-3__metric-privacy__fedavg__clients-8__seed-42__nm0p05__clip5__rounds-20__epochs-5__cifar10_dirichlet__cifar10_cnn round=15 (checkpoint deleted)
2026-08-20 14:51:55 EVALUATED cifar10-in-remove__dirichlet__alpha-3__metric-privacy__fedavg__clients-8__seed-42__nm0p05__clip5__rounds-20__epochs-5__cifar10_dirichlet__cifar10_cnn round=16 (checkpoint deleted)
2026-08-20 14:52:03 EVALUATED cifar10-in-remove__dirichlet__alpha-3__metric-privacy__fedavg__clients-8__seed-42__nm0p05__clip5__rounds-20__epochs-5__cifar10_dirichlet__cifar10_cnn round=17 (checkpoint deleted)
2026-08-20 14:52:11 EVALUATED cifar10-in-remove__dirichlet__alpha-3__metric-privacy__fedavg__clients-8__seed-42__nm0p05__clip5__rounds-20__epochs-5__cifar10_dirichlet__cifar10_cnn round=18 (checkpoint deleted)
2026-08-20 14:52:19 EVALUATED cifar10-in-remove__dirichlet__alpha-3__metric-privacy__fedavg__clients-8__seed-42__nm0p05__clip5__rounds-20__epochs-5__cifar10_dirichlet__cifar10_cnn round=19 (checkpoint deleted)
2026-08-20 14:52:27 EVALUATED cifar10-in-remove__dirichlet__alpha-3__metric-privacy__fedavg__clients-8__seed-42__nm0p05__clip5__rounds-20__epochs-5__cifar10_dirichlet__cifar10_cnn round=20 (checkpoint deleted)
2026-08-20 14:52:27 PROGRESS 1/2 (0 failed so far)
2026-08-20 14:52:27 START cifar10-out-remove__dirichlet__alpha-3__metric-privacy__fedavg__clients-7__seed-42__nm0p04375__clip5__rounds-20__epochs-5__cifar10_dirichlet__cifar10_cnn 
2026-08-20 15:02:13 DONE  cifar10-out-remove__dirichlet__alpha-3__metric-privacy__fedavg__clients-7__seed-42__nm0p04375__clip5__rounds-20__epochs-5__cifar10_dirichlet__cifar10_cnn (585.2s)
2026-08-20 15:02:21 EVALUATED cifar10-out-remove__dirichlet__alpha-3__metric-privacy__fedavg__clients-7__seed-42__nm0p04375__clip5__rounds-20__epochs-5__cifar10_dirichlet__cifar10_cnn round=1 (checkpoint deleted)
2026-08-20 15:02:29 EVALUATED cifar10-out-remove__dirichlet__alpha-3__metric-privacy__fedavg__clients-7__seed-42__nm0p04375__clip5__rounds-20__epochs-5__cifar10_dirichlet__cifar10_cnn round=2 (checkpoint deleted)
2026-08-20 15:02:37 EVALUATED cifar10-out-remove__dirichlet__alpha-3__metric-privacy__fedavg__clients-7__seed-42__nm0p04375__clip5__rounds-20__epochs-5__cifar10_dirichlet__cifar10_cnn round=3 (checkpoint deleted)
2026-08-20 15:02:45 EVALUATED cifar10-out-remove__dirichlet__alpha-3__metric-privacy__fedavg__clients-7__seed-42__nm0p04375__clip5__rounds-20__epochs-5__cifar10_dirichlet__cifar10_cnn round=4 (checkpoint deleted)
2026-08-20 15:02:53 EVALUATED cifar10-out-remove__dirichlet__alpha-3__metric-privacy__fedavg__clients-7__seed-42__nm0p04375__clip5__rounds-20__epochs-5__cifar10_dirichlet__cifar10_cnn round=5 (checkpoint deleted)
2026-08-20 15:03:01 EVALUATED cifar10-out-remove__dirichlet__alpha-3__metric-privacy__fedavg__clients-7__seed-42__nm0p04375__clip5__rounds-20__epochs-5__cifar10_dirichlet__cifar10_cnn round=6 (checkpoint deleted)
2026-08-20 15:03:09 EVALUATED cifar10-out-remove__dirichlet__alpha-3__metric-privacy__fedavg__clients-7__seed-42__nm0p04375__clip5__rounds-20__epochs-5__cifar10_dirichlet__cifar10_cnn round=7 (checkpoint deleted)
2026-08-20 15:03:17 EVALUATED cifar10-out-remove__dirichlet__alpha-3__metric-privacy__fedavg__clients-7__seed-42__nm0p04375__clip5__rounds-20__epochs-5__cifar10_dirichlet__cifar10_cnn round=8 (checkpoint deleted)
2026-08-20 15:03:25 EVALUATED cifar10-out-remove__dirichlet__alpha-3__metric-privacy__fedavg__clients-7__seed-42__nm0p04375__clip5__rounds-20__epochs-5__cifar10_dirichlet__cifar10_cnn round=9 (checkpoint deleted)
2026-08-20 15:03:33 EVALUATED cifar10-out-remove__dirichlet__alpha-3__metric-privacy__fedavg__clients-7__seed-42__nm0p04375__clip5__rounds-20__epochs-5__cifar10_dirichlet__cifar10_cnn round=10 (checkpoint deleted)
2026-08-20 15:03:41 EVALUATED cifar10-out-remove__dirichlet__alpha-3__metric-privacy__fedavg__clients-7__seed-42__nm0p04375__clip5__rounds-20__epochs-5__cifar10_dirichlet__cifar10_cnn round=11 (checkpoint deleted)
2026-08-20 15:03:49 EVALUATED cifar10-out-remove__dirichlet__alpha-3__metric-privacy__fedavg__clients-7__seed-42__nm0p04375__clip5__rounds-20__epochs-5__cifar10_dirichlet__cifar10_cnn round=12 (checkpoint deleted)
2026-08-20 15:03:57 EVALUATED cifar10-out-remove__dirichlet__alpha-3__metric-privacy__fedavg__clients-7__seed-42__nm0p04375__clip5__rounds-20__epochs-5__cifar10_dirichlet__cifar10_cnn round=13 (checkpoint deleted)
2026-08-20 15:04:05 EVALUATED cifar10-out-remove__dirichlet__alpha-3__metric-privacy__fedavg__clients-7__seed-42__nm0p04375__clip5__rounds-20__epochs-5__cifar10_dirichlet__cifar10_cnn round=14 (checkpoint deleted)
2026-08-20 15:04:13 EVALUATED cifar10-out-remove__dirichlet__alpha-3__metric-privacy__fedavg__clients-7__seed-42__nm0p04375__clip5__rounds-20__epochs-5__cifar10_dirichlet__cifar10_cnn round=15 (checkpoint deleted)
2026-08-20 15:04:21 EVALUATED cifar10-out-remove__dirichlet__alpha-3__metric-privacy__fedavg__clients-7__seed-42__nm0p04375__clip5__rounds-20__epochs-5__cifar10_dirichlet__cifar10_cnn round=16 (checkpoint deleted)
2026-08-20 15:04:29 EVALUATED cifar10-out-remove__dirichlet__alpha-3__metric-privacy__fedavg__clients-7__seed-42__nm0p04375__clip5__rounds-20__epochs-5__cifar10_dirichlet__cifar10_cnn round=17 (checkpoint deleted)
2026-08-20 15:04:37 EVALUATED cifar10-out-remove__dirichlet__alpha-3__metric-privacy__fedavg__clients-7__seed-42__nm0p04375__clip5__rounds-20__epochs-5__cifar10_dirichlet__cifar10_cnn round=18 (checkpoint deleted)
2026-08-20 15:04:45 EVALUATED cifar10-out-remove__dirichlet__alpha-3__metric-privacy__fedavg__clients-7__seed-42__nm0p04375__clip5__rounds-20__epochs-5__cifar10_dirichlet__cifar10_cnn round=19 (checkpoint deleted)
2026-08-20 15:04:53 EVALUATED cifar10-out-remove__dirichlet__alpha-3__metric-privacy__fedavg__clients-7__seed-42__nm0p04375__clip5__rounds-20__epochs-5__cifar10_dirichlet__cifar10_cnn round=20 (checkpoint deleted)
2026-08-20 15:04:53 PROGRESS 2/2 (0 failed so far)
2026-08-20 15:04:53 Sweep finished: 2/2 attempted, 0 failed
