2026-08-21 06:12:06 Fashion-MNIST stage (vanilla, non-iid, seed=42, noise_ratio=None): 2 trajectories
2026-08-21 06:12:06 START fashion-mnist-in-remove__non-iid__vanilla__fedavg__clients-48__seed-42__nm0p0321172__clip5__rounds-100__epochs-5__fashion_mnist_remove__fashion_mnist_cnn 
2026-08-21 06:28:02 DONE  fashion-mnist-in-remove__non-iid__vanilla__fedavg__clients-48__seed-42__nm0p0321172__clip5__rounds-100__epochs-5__fashion_mnist_remove__fashion_mnist_cnn (956.0s)
2026-08-21 06:28:07 EVALUATED fashion-mnist-in-remove__non-iid__vanilla__fedavg__clients-48__seed-42__nm0p0321172__clip5__rounds-100__epochs-5__fashion_mnist_remove__fashion_mnist_cnn round=1 (checkpoint deleted)
2026-08-21 06:28:10 EVALUATED fashion-mnist-in-remove__non-iid__vanilla__fedavg__clients-48__seed-42__nm0p0321172__clip5__rounds-100__epochs-5__fashion_mnist_remove__fashion_mnist_cnn round=10 (checkpoint deleted)
2026-08-21 06:28:13 EVALUATED fashion-mnist-in-remove__non-iid__vanilla__fedavg__clients-48__seed-42__nm0p0321172__clip5__rounds-100__epochs-5__fashion_mnist_remove__fashion_mnist_cnn round=20 (checkpoint deleted)
2026-08-21 06:28:16 EVALUATED fashion-mnist-in-remove__non-iid__vanilla__fedavg__clients-48__seed-42__nm0p0321172__clip5__rounds-100__epochs-5__fashion_mnist_remove__fashion_mnist_cnn round=30 (checkpoint deleted)
2026-08-21 06:28:18 EVALUATED fashion-mnist-in-remove__non-iid__vanilla__fedavg__clients-48__seed-42__nm0p0321172__clip5__rounds-100__epochs-5__fashion_mnist_remove__fashion_mnist_cnn round=40 (checkpoint deleted)
2026-08-21 06:28:21 EVALUATED fashion-mnist-in-remove__non-iid__vanilla__fedavg__clients-48__seed-42__nm0p0321172__clip5__rounds-100__epochs-5__fashion_mnist_remove__fashion_mnist_cnn round=50 (checkpoint deleted)
2026-08-21 06:28:24 EVALUATED fashion-mnist-in-remove__non-iid__vanilla__fedavg__clients-48__seed-42__nm0p0321172__clip5__rounds-100__epochs-5__fashion_mnist_remove__fashion_mnist_cnn round=60 (checkpoint deleted)
2026-08-21 06:28:27 EVALUATED fashion-mnist-in-remove__non-iid__vanilla__fedavg__clients-48__seed-42__nm0p0321172__clip5__rounds-100__epochs-5__fashion_mnist_remove__fashion_mnist_cnn round=70 (checkpoint deleted)
2026-08-21 06:28:29 EVALUATED fashion-mnist-in-remove__non-iid__vanilla__fedavg__clients-48__seed-42__nm0p0321172__clip5__rounds-100__epochs-5__fashion_mnist_remove__fashion_mnist_cnn round=80 (checkpoint deleted)
2026-08-21 06:28:32 EVALUATED fashion-mnist-in-remove__non-iid__vanilla__fedavg__clients-48__seed-42__nm0p0321172__clip5__rounds-100__epochs-5__fashion_mnist_remove__fashion_mnist_cnn round=90 (checkpoint deleted)
2026-08-21 06:28:35 EVALUATED fashion-mnist-in-remove__non-iid__vanilla__fedavg__clients-48__seed-42__nm0p0321172__clip5__rounds-100__epochs-5__fashion_mnist_remove__fashion_mnist_cnn round=100 (checkpoint deleted)
2026-08-21 06:28:35 PROGRESS 1/2 (0 failed so far)
2026-08-21 06:28:35 START fashion-mnist-out-remove__non-iid__vanilla__fedavg__clients-47__seed-42__nm0p0321172__clip5__rounds-100__epochs-5__fashion_mnist_remove__fashion_mnist_cnn 
2026-08-21 06:44:05 DONE  fashion-mnist-out-remove__non-iid__vanilla__fedavg__clients-47__seed-42__nm0p0321172__clip5__rounds-100__epochs-5__fashion_mnist_remove__fashion_mnist_cnn (930.1s)
2026-08-21 06:44:08 EVALUATED fashion-mnist-out-remove__non-iid__vanilla__fedavg__clients-47__seed-42__nm0p0321172__clip5__rounds-100__epochs-5__fashion_mnist_remove__fashion_mnist_cnn round=1 (checkpoint deleted)
2026-08-21 06:44:10 EVALUATED fashion-mnist-out-remove__non-iid__vanilla__fedavg__clients-47__seed-42__nm0p0321172__clip5__rounds-100__epochs-5__fashion_mnist_remove__fashion_mnist_cnn round=10 (checkpoint deleted)
2026-08-21 06:44:13 EVALUATED fashion-mnist-out-remove__non-iid__vanilla__fedavg__clients-47__seed-42__nm0p0321172__clip5__rounds-100__epochs-5__fashion_mnist_remove__fashion_mnist_cnn round=20 (checkpoint deleted)
2026-08-21 06:44:16 EVALUATED fashion-mnist-out-remove__non-iid__vanilla__fedavg__clients-47__seed-42__nm0p0321172__clip5__rounds-100__epochs-5__fashion_mnist_remove__fashion_mnist_cnn round=30 (checkpoint deleted)
2026-08-21 06:44:18 EVALUATED fashion-mnist-out-remove__non-iid__vanilla__fedavg__clients-47__seed-42__nm0p0321172__clip5__rounds-100__epochs-5__fashion_mnist_remove__fashion_mnist_cnn round=40 (checkpoint deleted)
2026-08-21 06:44:21 EVALUATED fashion-mnist-out-remove__non-iid__vanilla__fedavg__clients-47__seed-42__nm0p0321172__clip5__rounds-100__epochs-5__fashion_mnist_remove__fashion_mnist_cnn round=50 (checkpoint deleted)
2026-08-21 06:44:24 EVALUATED fashion-mnist-out-remove__non-iid__vanilla__fedavg__clients-47__seed-42__nm0p0321172__clip5__rounds-100__epochs-5__fashion_mnist_remove__fashion_mnist_cnn round=60 (checkpoint deleted)
2026-08-21 06:44:27 EVALUATED fashion-mnist-out-remove__non-iid__vanilla__fedavg__clients-47__seed-42__nm0p0321172__clip5__rounds-100__epochs-5__fashion_mnist_remove__fashion_mnist_cnn round=70 (checkpoint deleted)
2026-08-21 06:44:29 EVALUATED fashion-mnist-out-remove__non-iid__vanilla__fedavg__clients-47__seed-42__nm0p0321172__clip5__rounds-100__epochs-5__fashion_mnist_remove__fashion_mnist_cnn round=80 (checkpoint deleted)
2026-08-21 06:44:32 EVALUATED fashion-mnist-out-remove__non-iid__vanilla__fedavg__clients-47__seed-42__nm0p0321172__clip5__rounds-100__epochs-5__fashion_mnist_remove__fashion_mnist_cnn round=90 (checkpoint deleted)
2026-08-21 06:44:35 EVALUATED fashion-mnist-out-remove__non-iid__vanilla__fedavg__clients-47__seed-42__nm0p0321172__clip5__rounds-100__epochs-5__fashion_mnist_remove__fashion_mnist_cnn round=100 (checkpoint deleted)
2026-08-21 06:44:35 PROGRESS 2/2 (0 failed so far)
2026-08-21 06:44:35 Sweep finished: 2/2 attempted, 0 failed
