2026-08-05 19:45:18 Sweep starting: 12 combinations, client_counts=(4, 8, 48), aggregation_methods=('fedavg',), rounds=20 (fixed), local_epochs=[5, 10, 60], noise_multiplier=0.05, max_parallel_clients=24, force=False
2026-08-05 19:45:18 START scalectrlep__homogeneous__global-dp__fedavg__n4 (rounds=20, local_epochs=5)
2026-08-05 19:47:16 DONE  scalectrlep__homogeneous__global-dp__fedavg__n4 (117.5s)
2026-08-05 19:47:16 PROGRESS 1/12 (0 failed so far)
2026-08-05 19:47:16 START scalectrlep__homogeneous__metric-privacy__fedavg__n4 (rounds=20, local_epochs=5)
2026-08-05 19:49:15 DONE  scalectrlep__homogeneous__metric-privacy__fedavg__n4 (118.8s)
2026-08-05 19:49:15 PROGRESS 2/12 (0 failed so far)
2026-08-05 19:49:15 START scalectrlep__non-iid__global-dp__fedavg__n4 (rounds=20, local_epochs=5)
2026-08-05 19:51:38 DONE  scalectrlep__non-iid__global-dp__fedavg__n4 (143.1s)
2026-08-05 19:51:38 PROGRESS 3/12 (0 failed so far)
2026-08-05 19:51:38 START scalectrlep__non-iid__metric-privacy__fedavg__n4 (rounds=20, local_epochs=5)
2026-08-05 19:54:02 DONE  scalectrlep__non-iid__metric-privacy__fedavg__n4 (144.4s)
2026-08-05 19:54:02 PROGRESS 4/12 (0 failed so far)
2026-08-05 19:54:02 START scalectrlep__homogeneous__global-dp__fedavg__n8 (rounds=20, local_epochs=10)
2026-08-05 19:57:13 DONE  scalectrlep__homogeneous__global-dp__fedavg__n8 (190.2s)
2026-08-05 19:57:13 PROGRESS 5/12 (0 failed so far)
2026-08-05 19:57:13 START scalectrlep__homogeneous__metric-privacy__fedavg__n8 (rounds=20, local_epochs=10)
2026-08-05 20:00:27 DONE  scalectrlep__homogeneous__metric-privacy__fedavg__n8 (194.6s)
2026-08-05 20:00:27 PROGRESS 6/12 (0 failed so far)
2026-08-05 20:00:27 START scalectrlep__non-iid__global-dp__fedavg__n8 (rounds=20, local_epochs=10)
2026-08-05 20:03:48 DONE  scalectrlep__non-iid__global-dp__fedavg__n8 (200.3s)
2026-08-05 20:03:48 PROGRESS 7/12 (0 failed so far)
2026-08-05 20:03:48 START scalectrlep__non-iid__metric-privacy__fedavg__n8 (rounds=20, local_epochs=10)
2026-08-05 20:07:11 DONE  scalectrlep__non-iid__metric-privacy__fedavg__n8 (203.1s)
2026-08-05 20:07:11 PROGRESS 8/12 (0 failed so far)
2026-08-05 20:07:11 START scalectrlep__homogeneous__global-dp__fedavg__n48 (rounds=20, local_epochs=60)
2026-08-05 20:22:23 DONE  scalectrlep__homogeneous__global-dp__fedavg__n48 (912.6s)
2026-08-05 20:22:24 PROGRESS 9/12 (0 failed so far)
2026-08-05 20:22:24 START scalectrlep__homogeneous__metric-privacy__fedavg__n48 (rounds=20, local_epochs=60)
2026-08-05 20:39:29 DONE  scalectrlep__homogeneous__metric-privacy__fedavg__n48 (1024.9s)
2026-08-05 20:39:29 PROGRESS 10/12 (0 failed so far)
2026-08-05 20:39:29 START scalectrlep__non-iid__global-dp__fedavg__n48 (rounds=20, local_epochs=60)
2026-08-05 20:55:02 DONE  scalectrlep__non-iid__global-dp__fedavg__n48 (933.7s)
2026-08-05 20:55:02 PROGRESS 11/12 (0 failed so far)
2026-08-05 20:55:02 START scalectrlep__non-iid__metric-privacy__fedavg__n48 (rounds=20, local_epochs=60)
2026-08-05 21:12:23 DONE  scalectrlep__non-iid__metric-privacy__fedavg__n48 (1041.0s)
2026-08-05 21:12:23 PROGRESS 12/12 (0 failed so far)
2026-08-05 21:12:23 Sweep finished: 12/12 attempted, 0 failed
2026-08-05 22:24:39 Sweep starting: 8 combinations, client_counts=(4, 8), aggregation_methods=('fedyogi',), rounds=20 (fixed), local_epochs=[5, 10], noise_multiplier=0.05, max_parallel_clients=24, force=False
2026-08-05 22:24:39 START scalectrlep__homogeneous__global-dp__fedyogi__n4 (rounds=20, local_epochs=5)
2026-08-05 22:24:40 FAILED scalectrlep__homogeneous__global-dp__fedyogi__n4 (exit=1, 0.4s)
2026-08-05 22:24:40 PROGRESS 1/8 (1 failed so far)
2026-08-05 22:24:40 START scalectrlep__homogeneous__metric-privacy__fedyogi__n4 (rounds=20, local_epochs=5)
2026-08-05 22:24:40 FAILED scalectrlep__homogeneous__metric-privacy__fedyogi__n4 (exit=1, 0.4s)
2026-08-05 22:24:40 PROGRESS 2/8 (2 failed so far)
2026-08-05 22:24:40 START scalectrlep__non-iid__global-dp__fedyogi__n4 (rounds=20, local_epochs=5)
2026-08-05 22:24:41 FAILED scalectrlep__non-iid__global-dp__fedyogi__n4 (exit=1, 0.4s)
2026-08-05 22:24:41 PROGRESS 3/8 (3 failed so far)
2026-08-05 22:24:41 START scalectrlep__non-iid__metric-privacy__fedyogi__n4 (rounds=20, local_epochs=5)
2026-08-05 22:24:41 FAILED scalectrlep__non-iid__metric-privacy__fedyogi__n4 (exit=1, 0.3s)
2026-08-05 22:24:41 PROGRESS 4/8 (4 failed so far)
2026-08-05 22:24:41 START scalectrlep__homogeneous__global-dp__fedyogi__n8 (rounds=20, local_epochs=10)
2026-08-05 22:24:41 FAILED scalectrlep__homogeneous__global-dp__fedyogi__n8 (exit=1, 0.4s)
2026-08-05 22:24:42 PROGRESS 5/8 (5 failed so far)
2026-08-05 22:24:42 START scalectrlep__homogeneous__metric-privacy__fedyogi__n8 (rounds=20, local_epochs=10)
2026-08-05 22:24:42 FAILED scalectrlep__homogeneous__metric-privacy__fedyogi__n8 (exit=1, 0.4s)
2026-08-05 22:24:42 PROGRESS 6/8 (6 failed so far)
2026-08-05 22:24:42 START scalectrlep__non-iid__global-dp__fedyogi__n8 (rounds=20, local_epochs=10)
2026-08-05 22:24:42 FAILED scalectrlep__non-iid__global-dp__fedyogi__n8 (exit=1, 0.4s)
2026-08-05 22:24:42 PROGRESS 7/8 (7 failed so far)
2026-08-05 22:24:42 START scalectrlep__non-iid__metric-privacy__fedyogi__n8 (rounds=20, local_epochs=10)
2026-08-05 22:24:43 FAILED scalectrlep__non-iid__metric-privacy__fedyogi__n8 (exit=1, 0.4s)
2026-08-05 22:24:43 PROGRESS 8/8 (8 failed so far)
2026-08-05 22:24:43 Sweep finished: 8/8 attempted, 8 failed
2026-08-05 22:24:43 Failed combinations: scalectrlep__homogeneous__global-dp__fedyogi__n4, scalectrlep__homogeneous__metric-privacy__fedyogi__n4, scalectrlep__non-iid__global-dp__fedyogi__n4, scalectrlep__non-iid__metric-privacy__fedyogi__n4, scalectrlep__homogeneous__global-dp__fedyogi__n8, scalectrlep__homogeneous__metric-privacy__fedyogi__n8, scalectrlep__non-iid__global-dp__fedyogi__n8, scalectrlep__non-iid__metric-privacy__fedyogi__n8
2026-08-05 22:54:33 Sweep starting: 8 combinations, client_counts=(4, 8), aggregation_methods=('fedyogi',), rounds=20 (fixed), local_epochs=[5, 10], noise_multiplier=0.05, max_parallel_clients=24, force=True
2026-08-05 22:54:33 START scalectrlep__homogeneous__global-dp__fedyogi__n4 (rounds=20, local_epochs=5)
2026-08-05 22:56:38 DONE  scalectrlep__homogeneous__global-dp__fedyogi__n4 (125.1s)
2026-08-05 22:56:38 PROGRESS 1/8 (0 failed so far)
2026-08-05 22:56:38 START scalectrlep__homogeneous__metric-privacy__fedyogi__n4 (rounds=20, local_epochs=5)
2026-08-05 22:58:44 DONE  scalectrlep__homogeneous__metric-privacy__fedyogi__n4 (125.5s)
2026-08-05 22:58:44 PROGRESS 2/8 (0 failed so far)
2026-08-05 22:58:44 START scalectrlep__non-iid__global-dp__fedyogi__n4 (rounds=20, local_epochs=5)
2026-08-05 23:01:14 DONE  scalectrlep__non-iid__global-dp__fedyogi__n4 (149.8s)
2026-08-05 23:01:14 PROGRESS 3/8 (0 failed so far)
2026-08-05 23:01:14 START scalectrlep__non-iid__metric-privacy__fedyogi__n4 (rounds=20, local_epochs=5)
2026-08-05 23:03:45 DONE  scalectrlep__non-iid__metric-privacy__fedyogi__n4 (151.3s)
2026-08-05 23:03:45 PROGRESS 4/8 (0 failed so far)
2026-08-05 23:03:45 START scalectrlep__homogeneous__global-dp__fedyogi__n8 (rounds=20, local_epochs=10)
2026-08-05 23:07:03 DONE  scalectrlep__homogeneous__global-dp__fedyogi__n8 (197.5s)
2026-08-05 23:07:03 PROGRESS 5/8 (0 failed so far)
2026-08-05 23:07:03 START scalectrlep__homogeneous__metric-privacy__fedyogi__n8 (rounds=20, local_epochs=10)
2026-08-05 23:10:23 DONE  scalectrlep__homogeneous__metric-privacy__fedyogi__n8 (200.8s)
2026-08-05 23:10:24 PROGRESS 6/8 (0 failed so far)
2026-08-05 23:10:24 START scalectrlep__non-iid__global-dp__fedyogi__n8 (rounds=20, local_epochs=10)
2026-08-05 23:13:52 DONE  scalectrlep__non-iid__global-dp__fedyogi__n8 (208.6s)
2026-08-05 23:13:52 PROGRESS 7/8 (0 failed so far)
2026-08-05 23:13:52 START scalectrlep__non-iid__metric-privacy__fedyogi__n8 (rounds=20, local_epochs=10)
2026-08-05 23:17:23 DONE  scalectrlep__non-iid__metric-privacy__fedyogi__n8 (210.9s)
2026-08-05 23:17:23 PROGRESS 8/8 (0 failed so far)
2026-08-05 23:17:23 Sweep finished: 8/8 attempted, 0 failed
