2026-08-05 08:40:57 Starting alzheimer-out-remove: 9 trajectories
2026-08-05 08:40:57 START alzheimer-out-remove__non-iid__vanilla__fedavg__clients-2__seed-42__nm0p01__clip5__rounds-20__epochs-5__planned_runs__paper_cnn 
2026-08-05 08:43:49 DONE  alzheimer-out-remove__non-iid__vanilla__fedavg__clients-2__seed-42__nm0p01__clip5__rounds-20__epochs-5__planned_runs__paper_cnn (172.1s)
2026-08-05 08:43:54 EVALUATED alzheimer-out-remove__non-iid__vanilla__fedavg__clients-2__seed-42__nm0p01__clip5__rounds-20__epochs-5__planned_runs__paper_cnn round=1 (checkpoint deleted)
2026-08-05 08:43:56 EVALUATED alzheimer-out-remove__non-iid__vanilla__fedavg__clients-2__seed-42__nm0p01__clip5__rounds-20__epochs-5__planned_runs__paper_cnn round=2 (checkpoint deleted)
2026-08-05 08:43:58 EVALUATED alzheimer-out-remove__non-iid__vanilla__fedavg__clients-2__seed-42__nm0p01__clip5__rounds-20__epochs-5__planned_runs__paper_cnn round=3 (checkpoint deleted)
2026-08-05 08:44:00 EVALUATED alzheimer-out-remove__non-iid__vanilla__fedavg__clients-2__seed-42__nm0p01__clip5__rounds-20__epochs-5__planned_runs__paper_cnn round=4 (checkpoint deleted)
2026-08-05 08:44:02 EVALUATED alzheimer-out-remove__non-iid__vanilla__fedavg__clients-2__seed-42__nm0p01__clip5__rounds-20__epochs-5__planned_runs__paper_cnn round=5 (checkpoint deleted)
2026-08-05 08:44:04 EVALUATED alzheimer-out-remove__non-iid__vanilla__fedavg__clients-2__seed-42__nm0p01__clip5__rounds-20__epochs-5__planned_runs__paper_cnn round=6 (checkpoint deleted)
2026-08-05 08:44:06 EVALUATED alzheimer-out-remove__non-iid__vanilla__fedavg__clients-2__seed-42__nm0p01__clip5__rounds-20__epochs-5__planned_runs__paper_cnn round=7 (checkpoint deleted)
2026-08-05 08:44:08 EVALUATED alzheimer-out-remove__non-iid__vanilla__fedavg__clients-2__seed-42__nm0p01__clip5__rounds-20__epochs-5__planned_runs__paper_cnn round=8 (checkpoint deleted)
2026-08-05 08:44:10 EVALUATED alzheimer-out-remove__non-iid__vanilla__fedavg__clients-2__seed-42__nm0p01__clip5__rounds-20__epochs-5__planned_runs__paper_cnn round=9 (checkpoint deleted)
2026-08-05 08:44:12 EVALUATED alzheimer-out-remove__non-iid__vanilla__fedavg__clients-2__seed-42__nm0p01__clip5__rounds-20__epochs-5__planned_runs__paper_cnn round=10 (checkpoint deleted)
2026-08-05 08:44:14 EVALUATED alzheimer-out-remove__non-iid__vanilla__fedavg__clients-2__seed-42__nm0p01__clip5__rounds-20__epochs-5__planned_runs__paper_cnn round=11 (checkpoint deleted)
2026-08-05 08:44:16 EVALUATED alzheimer-out-remove__non-iid__vanilla__fedavg__clients-2__seed-42__nm0p01__clip5__rounds-20__epochs-5__planned_runs__paper_cnn round=12 (checkpoint deleted)
2026-08-05 08:44:18 EVALUATED alzheimer-out-remove__non-iid__vanilla__fedavg__clients-2__seed-42__nm0p01__clip5__rounds-20__epochs-5__planned_runs__paper_cnn round=13 (checkpoint deleted)
2026-08-05 08:44:20 EVALUATED alzheimer-out-remove__non-iid__vanilla__fedavg__clients-2__seed-42__nm0p01__clip5__rounds-20__epochs-5__planned_runs__paper_cnn round=14 (checkpoint deleted)
2026-08-05 08:44:22 EVALUATED alzheimer-out-remove__non-iid__vanilla__fedavg__clients-2__seed-42__nm0p01__clip5__rounds-20__epochs-5__planned_runs__paper_cnn round=15 (checkpoint deleted)
2026-08-05 08:44:25 EVALUATED alzheimer-out-remove__non-iid__vanilla__fedavg__clients-2__seed-42__nm0p01__clip5__rounds-20__epochs-5__planned_runs__paper_cnn round=16 (checkpoint deleted)
2026-08-05 08:44:27 EVALUATED alzheimer-out-remove__non-iid__vanilla__fedavg__clients-2__seed-42__nm0p01__clip5__rounds-20__epochs-5__planned_runs__paper_cnn round=17 (checkpoint deleted)
2026-08-05 08:44:29 EVALUATED alzheimer-out-remove__non-iid__vanilla__fedavg__clients-2__seed-42__nm0p01__clip5__rounds-20__epochs-5__planned_runs__paper_cnn round=18 (checkpoint deleted)
2026-08-05 08:44:31 EVALUATED alzheimer-out-remove__non-iid__vanilla__fedavg__clients-2__seed-42__nm0p01__clip5__rounds-20__epochs-5__planned_runs__paper_cnn round=19 (checkpoint deleted)
2026-08-05 08:44:33 EVALUATED alzheimer-out-remove__non-iid__vanilla__fedavg__clients-2__seed-42__nm0p01__clip5__rounds-20__epochs-5__planned_runs__paper_cnn round=20 (checkpoint deleted)
2026-08-05 08:44:33 PROGRESS 1/9 (0 failed so far)
2026-08-05 08:44:33 START alzheimer-out-remove__non-iid__vanilla__fedavg__clients-2__seed-43__nm0p01__clip5__rounds-20__epochs-5__planned_runs__paper_cnn 
2026-08-05 08:47:27 DONE  alzheimer-out-remove__non-iid__vanilla__fedavg__clients-2__seed-43__nm0p01__clip5__rounds-20__epochs-5__planned_runs__paper_cnn (174.7s)
2026-08-05 08:47:29 EVALUATED alzheimer-out-remove__non-iid__vanilla__fedavg__clients-2__seed-43__nm0p01__clip5__rounds-20__epochs-5__planned_runs__paper_cnn round=1 (checkpoint deleted)
2026-08-05 08:47:31 EVALUATED alzheimer-out-remove__non-iid__vanilla__fedavg__clients-2__seed-43__nm0p01__clip5__rounds-20__epochs-5__planned_runs__paper_cnn round=2 (checkpoint deleted)
2026-08-05 08:47:33 EVALUATED alzheimer-out-remove__non-iid__vanilla__fedavg__clients-2__seed-43__nm0p01__clip5__rounds-20__epochs-5__planned_runs__paper_cnn round=3 (checkpoint deleted)
2026-08-05 08:47:35 EVALUATED alzheimer-out-remove__non-iid__vanilla__fedavg__clients-2__seed-43__nm0p01__clip5__rounds-20__epochs-5__planned_runs__paper_cnn round=4 (checkpoint deleted)
2026-08-05 08:47:37 EVALUATED alzheimer-out-remove__non-iid__vanilla__fedavg__clients-2__seed-43__nm0p01__clip5__rounds-20__epochs-5__planned_runs__paper_cnn round=5 (checkpoint deleted)
2026-08-05 08:47:40 EVALUATED alzheimer-out-remove__non-iid__vanilla__fedavg__clients-2__seed-43__nm0p01__clip5__rounds-20__epochs-5__planned_runs__paper_cnn round=6 (checkpoint deleted)
2026-08-05 08:47:42 EVALUATED alzheimer-out-remove__non-iid__vanilla__fedavg__clients-2__seed-43__nm0p01__clip5__rounds-20__epochs-5__planned_runs__paper_cnn round=7 (checkpoint deleted)
2026-08-05 08:47:44 EVALUATED alzheimer-out-remove__non-iid__vanilla__fedavg__clients-2__seed-43__nm0p01__clip5__rounds-20__epochs-5__planned_runs__paper_cnn round=8 (checkpoint deleted)
2026-08-05 08:47:46 EVALUATED alzheimer-out-remove__non-iid__vanilla__fedavg__clients-2__seed-43__nm0p01__clip5__rounds-20__epochs-5__planned_runs__paper_cnn round=9 (checkpoint deleted)
2026-08-05 08:47:48 EVALUATED alzheimer-out-remove__non-iid__vanilla__fedavg__clients-2__seed-43__nm0p01__clip5__rounds-20__epochs-5__planned_runs__paper_cnn round=10 (checkpoint deleted)
2026-08-05 08:47:50 EVALUATED alzheimer-out-remove__non-iid__vanilla__fedavg__clients-2__seed-43__nm0p01__clip5__rounds-20__epochs-5__planned_runs__paper_cnn round=11 (checkpoint deleted)
2026-08-05 08:47:52 EVALUATED alzheimer-out-remove__non-iid__vanilla__fedavg__clients-2__seed-43__nm0p01__clip5__rounds-20__epochs-5__planned_runs__paper_cnn round=12 (checkpoint deleted)
2026-08-05 08:47:54 EVALUATED alzheimer-out-remove__non-iid__vanilla__fedavg__clients-2__seed-43__nm0p01__clip5__rounds-20__epochs-5__planned_runs__paper_cnn round=13 (checkpoint deleted)
2026-08-05 08:47:56 EVALUATED alzheimer-out-remove__non-iid__vanilla__fedavg__clients-2__seed-43__nm0p01__clip5__rounds-20__epochs-5__planned_runs__paper_cnn round=14 (checkpoint deleted)
2026-08-05 08:47:58 EVALUATED alzheimer-out-remove__non-iid__vanilla__fedavg__clients-2__seed-43__nm0p01__clip5__rounds-20__epochs-5__planned_runs__paper_cnn round=15 (checkpoint deleted)
2026-08-05 08:48:00 EVALUATED alzheimer-out-remove__non-iid__vanilla__fedavg__clients-2__seed-43__nm0p01__clip5__rounds-20__epochs-5__planned_runs__paper_cnn round=16 (checkpoint deleted)
2026-08-05 08:48:02 EVALUATED alzheimer-out-remove__non-iid__vanilla__fedavg__clients-2__seed-43__nm0p01__clip5__rounds-20__epochs-5__planned_runs__paper_cnn round=17 (checkpoint deleted)
2026-08-05 08:48:04 EVALUATED alzheimer-out-remove__non-iid__vanilla__fedavg__clients-2__seed-43__nm0p01__clip5__rounds-20__epochs-5__planned_runs__paper_cnn round=18 (checkpoint deleted)
2026-08-05 08:48:06 EVALUATED alzheimer-out-remove__non-iid__vanilla__fedavg__clients-2__seed-43__nm0p01__clip5__rounds-20__epochs-5__planned_runs__paper_cnn round=19 (checkpoint deleted)
2026-08-05 08:48:08 EVALUATED alzheimer-out-remove__non-iid__vanilla__fedavg__clients-2__seed-43__nm0p01__clip5__rounds-20__epochs-5__planned_runs__paper_cnn round=20 (checkpoint deleted)
2026-08-05 08:48:08 PROGRESS 2/9 (0 failed so far)
2026-08-05 08:48:08 START alzheimer-out-remove__non-iid__vanilla__fedavg__clients-2__seed-44__nm0p01__clip5__rounds-20__epochs-5__planned_runs__paper_cnn 
2026-08-05 08:51:03 DONE  alzheimer-out-remove__non-iid__vanilla__fedavg__clients-2__seed-44__nm0p01__clip5__rounds-20__epochs-5__planned_runs__paper_cnn (174.8s)
2026-08-05 08:51:05 EVALUATED alzheimer-out-remove__non-iid__vanilla__fedavg__clients-2__seed-44__nm0p01__clip5__rounds-20__epochs-5__planned_runs__paper_cnn round=1 (checkpoint deleted)
2026-08-05 08:51:07 EVALUATED alzheimer-out-remove__non-iid__vanilla__fedavg__clients-2__seed-44__nm0p01__clip5__rounds-20__epochs-5__planned_runs__paper_cnn round=2 (checkpoint deleted)
2026-08-05 08:51:09 EVALUATED alzheimer-out-remove__non-iid__vanilla__fedavg__clients-2__seed-44__nm0p01__clip5__rounds-20__epochs-5__planned_runs__paper_cnn round=3 (checkpoint deleted)
2026-08-05 08:51:11 EVALUATED alzheimer-out-remove__non-iid__vanilla__fedavg__clients-2__seed-44__nm0p01__clip5__rounds-20__epochs-5__planned_runs__paper_cnn round=4 (checkpoint deleted)
2026-08-05 08:51:13 EVALUATED alzheimer-out-remove__non-iid__vanilla__fedavg__clients-2__seed-44__nm0p01__clip5__rounds-20__epochs-5__planned_runs__paper_cnn round=5 (checkpoint deleted)
2026-08-05 08:51:15 EVALUATED alzheimer-out-remove__non-iid__vanilla__fedavg__clients-2__seed-44__nm0p01__clip5__rounds-20__epochs-5__planned_runs__paper_cnn round=6 (checkpoint deleted)
2026-08-05 08:51:17 EVALUATED alzheimer-out-remove__non-iid__vanilla__fedavg__clients-2__seed-44__nm0p01__clip5__rounds-20__epochs-5__planned_runs__paper_cnn round=7 (checkpoint deleted)
2026-08-05 08:51:19 EVALUATED alzheimer-out-remove__non-iid__vanilla__fedavg__clients-2__seed-44__nm0p01__clip5__rounds-20__epochs-5__planned_runs__paper_cnn round=8 (checkpoint deleted)
2026-08-05 08:51:21 EVALUATED alzheimer-out-remove__non-iid__vanilla__fedavg__clients-2__seed-44__nm0p01__clip5__rounds-20__epochs-5__planned_runs__paper_cnn round=9 (checkpoint deleted)
2026-08-05 08:51:23 EVALUATED alzheimer-out-remove__non-iid__vanilla__fedavg__clients-2__seed-44__nm0p01__clip5__rounds-20__epochs-5__planned_runs__paper_cnn round=10 (checkpoint deleted)
2026-08-05 08:51:25 EVALUATED alzheimer-out-remove__non-iid__vanilla__fedavg__clients-2__seed-44__nm0p01__clip5__rounds-20__epochs-5__planned_runs__paper_cnn round=11 (checkpoint deleted)
2026-08-05 08:51:27 EVALUATED alzheimer-out-remove__non-iid__vanilla__fedavg__clients-2__seed-44__nm0p01__clip5__rounds-20__epochs-5__planned_runs__paper_cnn round=12 (checkpoint deleted)
2026-08-05 08:51:29 EVALUATED alzheimer-out-remove__non-iid__vanilla__fedavg__clients-2__seed-44__nm0p01__clip5__rounds-20__epochs-5__planned_runs__paper_cnn round=13 (checkpoint deleted)
2026-08-05 08:51:31 EVALUATED alzheimer-out-remove__non-iid__vanilla__fedavg__clients-2__seed-44__nm0p01__clip5__rounds-20__epochs-5__planned_runs__paper_cnn round=14 (checkpoint deleted)
2026-08-05 08:51:33 EVALUATED alzheimer-out-remove__non-iid__vanilla__fedavg__clients-2__seed-44__nm0p01__clip5__rounds-20__epochs-5__planned_runs__paper_cnn round=15 (checkpoint deleted)
2026-08-05 08:51:35 EVALUATED alzheimer-out-remove__non-iid__vanilla__fedavg__clients-2__seed-44__nm0p01__clip5__rounds-20__epochs-5__planned_runs__paper_cnn round=16 (checkpoint deleted)
2026-08-05 08:51:37 EVALUATED alzheimer-out-remove__non-iid__vanilla__fedavg__clients-2__seed-44__nm0p01__clip5__rounds-20__epochs-5__planned_runs__paper_cnn round=17 (checkpoint deleted)
2026-08-05 08:51:39 EVALUATED alzheimer-out-remove__non-iid__vanilla__fedavg__clients-2__seed-44__nm0p01__clip5__rounds-20__epochs-5__planned_runs__paper_cnn round=18 (checkpoint deleted)
2026-08-05 08:51:41 EVALUATED alzheimer-out-remove__non-iid__vanilla__fedavg__clients-2__seed-44__nm0p01__clip5__rounds-20__epochs-5__planned_runs__paper_cnn round=19 (checkpoint deleted)
2026-08-05 08:51:43 EVALUATED alzheimer-out-remove__non-iid__vanilla__fedavg__clients-2__seed-44__nm0p01__clip5__rounds-20__epochs-5__planned_runs__paper_cnn round=20 (checkpoint deleted)
2026-08-05 08:51:43 PROGRESS 3/9 (0 failed so far)
2026-08-05 08:51:43 START alzheimer-out-remove__non-iid__global-dp__fedavg__clients-2__seed-42__nm0p01__clip5__rounds-20__epochs-5__planned_runs__paper_cnn 
2026-08-05 08:54:47 DONE  alzheimer-out-remove__non-iid__global-dp__fedavg__clients-2__seed-42__nm0p01__clip5__rounds-20__epochs-5__planned_runs__paper_cnn (184.4s)
2026-08-05 08:54:50 EVALUATED alzheimer-out-remove__non-iid__global-dp__fedavg__clients-2__seed-42__nm0p01__clip5__rounds-20__epochs-5__planned_runs__paper_cnn round=1 (checkpoint deleted)
2026-08-05 08:54:52 EVALUATED alzheimer-out-remove__non-iid__global-dp__fedavg__clients-2__seed-42__nm0p01__clip5__rounds-20__epochs-5__planned_runs__paper_cnn round=2 (checkpoint deleted)
2026-08-05 08:54:54 EVALUATED alzheimer-out-remove__non-iid__global-dp__fedavg__clients-2__seed-42__nm0p01__clip5__rounds-20__epochs-5__planned_runs__paper_cnn round=3 (checkpoint deleted)
2026-08-05 08:54:56 EVALUATED alzheimer-out-remove__non-iid__global-dp__fedavg__clients-2__seed-42__nm0p01__clip5__rounds-20__epochs-5__planned_runs__paper_cnn round=4 (checkpoint deleted)
2026-08-05 08:54:58 EVALUATED alzheimer-out-remove__non-iid__global-dp__fedavg__clients-2__seed-42__nm0p01__clip5__rounds-20__epochs-5__planned_runs__paper_cnn round=5 (checkpoint deleted)
2026-08-05 08:55:00 EVALUATED alzheimer-out-remove__non-iid__global-dp__fedavg__clients-2__seed-42__nm0p01__clip5__rounds-20__epochs-5__planned_runs__paper_cnn round=6 (checkpoint deleted)
2026-08-05 08:55:02 EVALUATED alzheimer-out-remove__non-iid__global-dp__fedavg__clients-2__seed-42__nm0p01__clip5__rounds-20__epochs-5__planned_runs__paper_cnn round=7 (checkpoint deleted)
2026-08-05 08:55:04 EVALUATED alzheimer-out-remove__non-iid__global-dp__fedavg__clients-2__seed-42__nm0p01__clip5__rounds-20__epochs-5__planned_runs__paper_cnn round=8 (checkpoint deleted)
2026-08-05 08:55:06 EVALUATED alzheimer-out-remove__non-iid__global-dp__fedavg__clients-2__seed-42__nm0p01__clip5__rounds-20__epochs-5__planned_runs__paper_cnn round=9 (checkpoint deleted)
2026-08-05 08:55:08 EVALUATED alzheimer-out-remove__non-iid__global-dp__fedavg__clients-2__seed-42__nm0p01__clip5__rounds-20__epochs-5__planned_runs__paper_cnn round=10 (checkpoint deleted)
2026-08-05 08:55:10 EVALUATED alzheimer-out-remove__non-iid__global-dp__fedavg__clients-2__seed-42__nm0p01__clip5__rounds-20__epochs-5__planned_runs__paper_cnn round=11 (checkpoint deleted)
2026-08-05 08:55:12 EVALUATED alzheimer-out-remove__non-iid__global-dp__fedavg__clients-2__seed-42__nm0p01__clip5__rounds-20__epochs-5__planned_runs__paper_cnn round=12 (checkpoint deleted)
2026-08-05 08:55:14 EVALUATED alzheimer-out-remove__non-iid__global-dp__fedavg__clients-2__seed-42__nm0p01__clip5__rounds-20__epochs-5__planned_runs__paper_cnn round=13 (checkpoint deleted)
2026-08-05 08:55:16 EVALUATED alzheimer-out-remove__non-iid__global-dp__fedavg__clients-2__seed-42__nm0p01__clip5__rounds-20__epochs-5__planned_runs__paper_cnn round=14 (checkpoint deleted)
2026-08-05 08:55:18 EVALUATED alzheimer-out-remove__non-iid__global-dp__fedavg__clients-2__seed-42__nm0p01__clip5__rounds-20__epochs-5__planned_runs__paper_cnn round=15 (checkpoint deleted)
2026-08-05 08:55:20 EVALUATED alzheimer-out-remove__non-iid__global-dp__fedavg__clients-2__seed-42__nm0p01__clip5__rounds-20__epochs-5__planned_runs__paper_cnn round=16 (checkpoint deleted)
2026-08-05 08:55:22 EVALUATED alzheimer-out-remove__non-iid__global-dp__fedavg__clients-2__seed-42__nm0p01__clip5__rounds-20__epochs-5__planned_runs__paper_cnn round=17 (checkpoint deleted)
2026-08-05 08:55:24 EVALUATED alzheimer-out-remove__non-iid__global-dp__fedavg__clients-2__seed-42__nm0p01__clip5__rounds-20__epochs-5__planned_runs__paper_cnn round=18 (checkpoint deleted)
2026-08-05 08:55:26 EVALUATED alzheimer-out-remove__non-iid__global-dp__fedavg__clients-2__seed-42__nm0p01__clip5__rounds-20__epochs-5__planned_runs__paper_cnn round=19 (checkpoint deleted)
2026-08-05 08:55:28 EVALUATED alzheimer-out-remove__non-iid__global-dp__fedavg__clients-2__seed-42__nm0p01__clip5__rounds-20__epochs-5__planned_runs__paper_cnn round=20 (checkpoint deleted)
2026-08-05 08:55:28 PROGRESS 4/9 (0 failed so far)
2026-08-05 08:55:28 START alzheimer-out-remove__non-iid__global-dp__fedavg__clients-2__seed-43__nm0p01__clip5__rounds-20__epochs-5__planned_runs__paper_cnn 
2026-08-05 08:58:33 DONE  alzheimer-out-remove__non-iid__global-dp__fedavg__clients-2__seed-43__nm0p01__clip5__rounds-20__epochs-5__planned_runs__paper_cnn (185.2s)
2026-08-05 08:58:35 EVALUATED alzheimer-out-remove__non-iid__global-dp__fedavg__clients-2__seed-43__nm0p01__clip5__rounds-20__epochs-5__planned_runs__paper_cnn round=1 (checkpoint deleted)
2026-08-05 08:58:38 EVALUATED alzheimer-out-remove__non-iid__global-dp__fedavg__clients-2__seed-43__nm0p01__clip5__rounds-20__epochs-5__planned_runs__paper_cnn round=2 (checkpoint deleted)
2026-08-05 08:58:40 EVALUATED alzheimer-out-remove__non-iid__global-dp__fedavg__clients-2__seed-43__nm0p01__clip5__rounds-20__epochs-5__planned_runs__paper_cnn round=3 (checkpoint deleted)
2026-08-05 08:58:42 EVALUATED alzheimer-out-remove__non-iid__global-dp__fedavg__clients-2__seed-43__nm0p01__clip5__rounds-20__epochs-5__planned_runs__paper_cnn round=4 (checkpoint deleted)
2026-08-05 08:58:44 EVALUATED alzheimer-out-remove__non-iid__global-dp__fedavg__clients-2__seed-43__nm0p01__clip5__rounds-20__epochs-5__planned_runs__paper_cnn round=5 (checkpoint deleted)
2026-08-05 08:58:46 EVALUATED alzheimer-out-remove__non-iid__global-dp__fedavg__clients-2__seed-43__nm0p01__clip5__rounds-20__epochs-5__planned_runs__paper_cnn round=6 (checkpoint deleted)
2026-08-05 08:58:48 EVALUATED alzheimer-out-remove__non-iid__global-dp__fedavg__clients-2__seed-43__nm0p01__clip5__rounds-20__epochs-5__planned_runs__paper_cnn round=7 (checkpoint deleted)
2026-08-05 08:58:50 EVALUATED alzheimer-out-remove__non-iid__global-dp__fedavg__clients-2__seed-43__nm0p01__clip5__rounds-20__epochs-5__planned_runs__paper_cnn round=8 (checkpoint deleted)
2026-08-05 08:58:52 EVALUATED alzheimer-out-remove__non-iid__global-dp__fedavg__clients-2__seed-43__nm0p01__clip5__rounds-20__epochs-5__planned_runs__paper_cnn round=9 (checkpoint deleted)
2026-08-05 08:58:54 EVALUATED alzheimer-out-remove__non-iid__global-dp__fedavg__clients-2__seed-43__nm0p01__clip5__rounds-20__epochs-5__planned_runs__paper_cnn round=10 (checkpoint deleted)
2026-08-05 08:58:56 EVALUATED alzheimer-out-remove__non-iid__global-dp__fedavg__clients-2__seed-43__nm0p01__clip5__rounds-20__epochs-5__planned_runs__paper_cnn round=11 (checkpoint deleted)
2026-08-05 08:58:58 EVALUATED alzheimer-out-remove__non-iid__global-dp__fedavg__clients-2__seed-43__nm0p01__clip5__rounds-20__epochs-5__planned_runs__paper_cnn round=12 (checkpoint deleted)
2026-08-05 08:59:00 EVALUATED alzheimer-out-remove__non-iid__global-dp__fedavg__clients-2__seed-43__nm0p01__clip5__rounds-20__epochs-5__planned_runs__paper_cnn round=13 (checkpoint deleted)
2026-08-05 08:59:02 EVALUATED alzheimer-out-remove__non-iid__global-dp__fedavg__clients-2__seed-43__nm0p01__clip5__rounds-20__epochs-5__planned_runs__paper_cnn round=14 (checkpoint deleted)
2026-08-05 08:59:04 EVALUATED alzheimer-out-remove__non-iid__global-dp__fedavg__clients-2__seed-43__nm0p01__clip5__rounds-20__epochs-5__planned_runs__paper_cnn round=15 (checkpoint deleted)
2026-08-05 08:59:06 EVALUATED alzheimer-out-remove__non-iid__global-dp__fedavg__clients-2__seed-43__nm0p01__clip5__rounds-20__epochs-5__planned_runs__paper_cnn round=16 (checkpoint deleted)
2026-08-05 08:59:08 EVALUATED alzheimer-out-remove__non-iid__global-dp__fedavg__clients-2__seed-43__nm0p01__clip5__rounds-20__epochs-5__planned_runs__paper_cnn round=17 (checkpoint deleted)
2026-08-05 08:59:10 EVALUATED alzheimer-out-remove__non-iid__global-dp__fedavg__clients-2__seed-43__nm0p01__clip5__rounds-20__epochs-5__planned_runs__paper_cnn round=18 (checkpoint deleted)
2026-08-05 08:59:12 EVALUATED alzheimer-out-remove__non-iid__global-dp__fedavg__clients-2__seed-43__nm0p01__clip5__rounds-20__epochs-5__planned_runs__paper_cnn round=19 (checkpoint deleted)
2026-08-05 08:59:14 EVALUATED alzheimer-out-remove__non-iid__global-dp__fedavg__clients-2__seed-43__nm0p01__clip5__rounds-20__epochs-5__planned_runs__paper_cnn round=20 (checkpoint deleted)
2026-08-05 08:59:14 PROGRESS 5/9 (0 failed so far)
2026-08-05 08:59:14 START alzheimer-out-remove__non-iid__global-dp__fedavg__clients-2__seed-44__nm0p01__clip5__rounds-20__epochs-5__planned_runs__paper_cnn 
2026-08-05 09:02:19 DONE  alzheimer-out-remove__non-iid__global-dp__fedavg__clients-2__seed-44__nm0p01__clip5__rounds-20__epochs-5__planned_runs__paper_cnn (184.3s)
2026-08-05 09:02:21 EVALUATED alzheimer-out-remove__non-iid__global-dp__fedavg__clients-2__seed-44__nm0p01__clip5__rounds-20__epochs-5__planned_runs__paper_cnn round=1 (checkpoint deleted)
2026-08-05 09:02:23 EVALUATED alzheimer-out-remove__non-iid__global-dp__fedavg__clients-2__seed-44__nm0p01__clip5__rounds-20__epochs-5__planned_runs__paper_cnn round=2 (checkpoint deleted)
2026-08-05 09:02:25 EVALUATED alzheimer-out-remove__non-iid__global-dp__fedavg__clients-2__seed-44__nm0p01__clip5__rounds-20__epochs-5__planned_runs__paper_cnn round=3 (checkpoint deleted)
2026-08-05 09:02:27 EVALUATED alzheimer-out-remove__non-iid__global-dp__fedavg__clients-2__seed-44__nm0p01__clip5__rounds-20__epochs-5__planned_runs__paper_cnn round=4 (checkpoint deleted)
2026-08-05 09:02:29 EVALUATED alzheimer-out-remove__non-iid__global-dp__fedavg__clients-2__seed-44__nm0p01__clip5__rounds-20__epochs-5__planned_runs__paper_cnn round=5 (checkpoint deleted)
2026-08-05 09:02:31 EVALUATED alzheimer-out-remove__non-iid__global-dp__fedavg__clients-2__seed-44__nm0p01__clip5__rounds-20__epochs-5__planned_runs__paper_cnn round=6 (checkpoint deleted)
2026-08-05 09:02:33 EVALUATED alzheimer-out-remove__non-iid__global-dp__fedavg__clients-2__seed-44__nm0p01__clip5__rounds-20__epochs-5__planned_runs__paper_cnn round=7 (checkpoint deleted)
2026-08-05 09:02:35 EVALUATED alzheimer-out-remove__non-iid__global-dp__fedavg__clients-2__seed-44__nm0p01__clip5__rounds-20__epochs-5__planned_runs__paper_cnn round=8 (checkpoint deleted)
2026-08-05 09:02:37 EVALUATED alzheimer-out-remove__non-iid__global-dp__fedavg__clients-2__seed-44__nm0p01__clip5__rounds-20__epochs-5__planned_runs__paper_cnn round=9 (checkpoint deleted)
2026-08-05 09:02:39 EVALUATED alzheimer-out-remove__non-iid__global-dp__fedavg__clients-2__seed-44__nm0p01__clip5__rounds-20__epochs-5__planned_runs__paper_cnn round=10 (checkpoint deleted)
2026-08-05 09:02:41 EVALUATED alzheimer-out-remove__non-iid__global-dp__fedavg__clients-2__seed-44__nm0p01__clip5__rounds-20__epochs-5__planned_runs__paper_cnn round=11 (checkpoint deleted)
2026-08-05 09:02:43 EVALUATED alzheimer-out-remove__non-iid__global-dp__fedavg__clients-2__seed-44__nm0p01__clip5__rounds-20__epochs-5__planned_runs__paper_cnn round=12 (checkpoint deleted)
2026-08-05 09:02:45 EVALUATED alzheimer-out-remove__non-iid__global-dp__fedavg__clients-2__seed-44__nm0p01__clip5__rounds-20__epochs-5__planned_runs__paper_cnn round=13 (checkpoint deleted)
2026-08-05 09:02:47 EVALUATED alzheimer-out-remove__non-iid__global-dp__fedavg__clients-2__seed-44__nm0p01__clip5__rounds-20__epochs-5__planned_runs__paper_cnn round=14 (checkpoint deleted)
2026-08-05 09:02:49 EVALUATED alzheimer-out-remove__non-iid__global-dp__fedavg__clients-2__seed-44__nm0p01__clip5__rounds-20__epochs-5__planned_runs__paper_cnn round=15 (checkpoint deleted)
2026-08-05 09:02:51 EVALUATED alzheimer-out-remove__non-iid__global-dp__fedavg__clients-2__seed-44__nm0p01__clip5__rounds-20__epochs-5__planned_runs__paper_cnn round=16 (checkpoint deleted)
2026-08-05 09:02:53 EVALUATED alzheimer-out-remove__non-iid__global-dp__fedavg__clients-2__seed-44__nm0p01__clip5__rounds-20__epochs-5__planned_runs__paper_cnn round=17 (checkpoint deleted)
2026-08-05 09:02:55 EVALUATED alzheimer-out-remove__non-iid__global-dp__fedavg__clients-2__seed-44__nm0p01__clip5__rounds-20__epochs-5__planned_runs__paper_cnn round=18 (checkpoint deleted)
2026-08-05 09:02:57 EVALUATED alzheimer-out-remove__non-iid__global-dp__fedavg__clients-2__seed-44__nm0p01__clip5__rounds-20__epochs-5__planned_runs__paper_cnn round=19 (checkpoint deleted)
2026-08-05 09:02:59 EVALUATED alzheimer-out-remove__non-iid__global-dp__fedavg__clients-2__seed-44__nm0p01__clip5__rounds-20__epochs-5__planned_runs__paper_cnn round=20 (checkpoint deleted)
2026-08-05 09:02:59 PROGRESS 6/9 (0 failed so far)
2026-08-05 09:02:59 START alzheimer-out-remove__non-iid__metric-privacy__fedavg__clients-2__seed-42__nm0p01__clip5__rounds-20__epochs-5__planned_runs__paper_cnn 
2026-08-05 09:06:04 DONE  alzheimer-out-remove__non-iid__metric-privacy__fedavg__clients-2__seed-42__nm0p01__clip5__rounds-20__epochs-5__planned_runs__paper_cnn (184.8s)
2026-08-05 09:06:06 EVALUATED alzheimer-out-remove__non-iid__metric-privacy__fedavg__clients-2__seed-42__nm0p01__clip5__rounds-20__epochs-5__planned_runs__paper_cnn round=1 (checkpoint deleted)
2026-08-05 09:06:08 EVALUATED alzheimer-out-remove__non-iid__metric-privacy__fedavg__clients-2__seed-42__nm0p01__clip5__rounds-20__epochs-5__planned_runs__paper_cnn round=2 (checkpoint deleted)
2026-08-05 09:06:10 EVALUATED alzheimer-out-remove__non-iid__metric-privacy__fedavg__clients-2__seed-42__nm0p01__clip5__rounds-20__epochs-5__planned_runs__paper_cnn round=3 (checkpoint deleted)
2026-08-05 09:06:12 EVALUATED alzheimer-out-remove__non-iid__metric-privacy__fedavg__clients-2__seed-42__nm0p01__clip5__rounds-20__epochs-5__planned_runs__paper_cnn round=4 (checkpoint deleted)
2026-08-05 09:06:14 EVALUATED alzheimer-out-remove__non-iid__metric-privacy__fedavg__clients-2__seed-42__nm0p01__clip5__rounds-20__epochs-5__planned_runs__paper_cnn round=5 (checkpoint deleted)
2026-08-05 09:06:16 EVALUATED alzheimer-out-remove__non-iid__metric-privacy__fedavg__clients-2__seed-42__nm0p01__clip5__rounds-20__epochs-5__planned_runs__paper_cnn round=6 (checkpoint deleted)
2026-08-05 09:06:18 EVALUATED alzheimer-out-remove__non-iid__metric-privacy__fedavg__clients-2__seed-42__nm0p01__clip5__rounds-20__epochs-5__planned_runs__paper_cnn round=7 (checkpoint deleted)
2026-08-05 09:06:20 EVALUATED alzheimer-out-remove__non-iid__metric-privacy__fedavg__clients-2__seed-42__nm0p01__clip5__rounds-20__epochs-5__planned_runs__paper_cnn round=8 (checkpoint deleted)
2026-08-05 09:06:22 EVALUATED alzheimer-out-remove__non-iid__metric-privacy__fedavg__clients-2__seed-42__nm0p01__clip5__rounds-20__epochs-5__planned_runs__paper_cnn round=9 (checkpoint deleted)
2026-08-05 09:06:24 EVALUATED alzheimer-out-remove__non-iid__metric-privacy__fedavg__clients-2__seed-42__nm0p01__clip5__rounds-20__epochs-5__planned_runs__paper_cnn round=10 (checkpoint deleted)
2026-08-05 09:06:26 EVALUATED alzheimer-out-remove__non-iid__metric-privacy__fedavg__clients-2__seed-42__nm0p01__clip5__rounds-20__epochs-5__planned_runs__paper_cnn round=11 (checkpoint deleted)
2026-08-05 09:06:28 EVALUATED alzheimer-out-remove__non-iid__metric-privacy__fedavg__clients-2__seed-42__nm0p01__clip5__rounds-20__epochs-5__planned_runs__paper_cnn round=12 (checkpoint deleted)
2026-08-05 09:06:30 EVALUATED alzheimer-out-remove__non-iid__metric-privacy__fedavg__clients-2__seed-42__nm0p01__clip5__rounds-20__epochs-5__planned_runs__paper_cnn round=13 (checkpoint deleted)
2026-08-05 09:06:33 EVALUATED alzheimer-out-remove__non-iid__metric-privacy__fedavg__clients-2__seed-42__nm0p01__clip5__rounds-20__epochs-5__planned_runs__paper_cnn round=14 (checkpoint deleted)
2026-08-05 09:06:35 EVALUATED alzheimer-out-remove__non-iid__metric-privacy__fedavg__clients-2__seed-42__nm0p01__clip5__rounds-20__epochs-5__planned_runs__paper_cnn round=15 (checkpoint deleted)
2026-08-05 09:06:37 EVALUATED alzheimer-out-remove__non-iid__metric-privacy__fedavg__clients-2__seed-42__nm0p01__clip5__rounds-20__epochs-5__planned_runs__paper_cnn round=16 (checkpoint deleted)
2026-08-05 09:06:39 EVALUATED alzheimer-out-remove__non-iid__metric-privacy__fedavg__clients-2__seed-42__nm0p01__clip5__rounds-20__epochs-5__planned_runs__paper_cnn round=17 (checkpoint deleted)
2026-08-05 09:06:41 EVALUATED alzheimer-out-remove__non-iid__metric-privacy__fedavg__clients-2__seed-42__nm0p01__clip5__rounds-20__epochs-5__planned_runs__paper_cnn round=18 (checkpoint deleted)
2026-08-05 09:06:43 EVALUATED alzheimer-out-remove__non-iid__metric-privacy__fedavg__clients-2__seed-42__nm0p01__clip5__rounds-20__epochs-5__planned_runs__paper_cnn round=19 (checkpoint deleted)
2026-08-05 09:06:45 EVALUATED alzheimer-out-remove__non-iid__metric-privacy__fedavg__clients-2__seed-42__nm0p01__clip5__rounds-20__epochs-5__planned_runs__paper_cnn round=20 (checkpoint deleted)
2026-08-05 09:06:45 PROGRESS 7/9 (0 failed so far)
2026-08-05 09:06:45 START alzheimer-out-remove__non-iid__metric-privacy__fedavg__clients-2__seed-43__nm0p01__clip5__rounds-20__epochs-5__planned_runs__paper_cnn 
2026-08-05 09:09:50 DONE  alzheimer-out-remove__non-iid__metric-privacy__fedavg__clients-2__seed-43__nm0p01__clip5__rounds-20__epochs-5__planned_runs__paper_cnn (185.6s)
2026-08-05 09:09:52 EVALUATED alzheimer-out-remove__non-iid__metric-privacy__fedavg__clients-2__seed-43__nm0p01__clip5__rounds-20__epochs-5__planned_runs__paper_cnn round=1 (checkpoint deleted)
2026-08-05 09:09:54 EVALUATED alzheimer-out-remove__non-iid__metric-privacy__fedavg__clients-2__seed-43__nm0p01__clip5__rounds-20__epochs-5__planned_runs__paper_cnn round=2 (checkpoint deleted)
2026-08-05 09:09:57 EVALUATED alzheimer-out-remove__non-iid__metric-privacy__fedavg__clients-2__seed-43__nm0p01__clip5__rounds-20__epochs-5__planned_runs__paper_cnn round=3 (checkpoint deleted)
2026-08-05 09:09:59 EVALUATED alzheimer-out-remove__non-iid__metric-privacy__fedavg__clients-2__seed-43__nm0p01__clip5__rounds-20__epochs-5__planned_runs__paper_cnn round=4 (checkpoint deleted)
2026-08-05 09:10:01 EVALUATED alzheimer-out-remove__non-iid__metric-privacy__fedavg__clients-2__seed-43__nm0p01__clip5__rounds-20__epochs-5__planned_runs__paper_cnn round=5 (checkpoint deleted)
2026-08-05 09:10:03 EVALUATED alzheimer-out-remove__non-iid__metric-privacy__fedavg__clients-2__seed-43__nm0p01__clip5__rounds-20__epochs-5__planned_runs__paper_cnn round=6 (checkpoint deleted)
2026-08-05 09:10:05 EVALUATED alzheimer-out-remove__non-iid__metric-privacy__fedavg__clients-2__seed-43__nm0p01__clip5__rounds-20__epochs-5__planned_runs__paper_cnn round=7 (checkpoint deleted)
2026-08-05 09:10:07 EVALUATED alzheimer-out-remove__non-iid__metric-privacy__fedavg__clients-2__seed-43__nm0p01__clip5__rounds-20__epochs-5__planned_runs__paper_cnn round=8 (checkpoint deleted)
2026-08-05 09:10:09 EVALUATED alzheimer-out-remove__non-iid__metric-privacy__fedavg__clients-2__seed-43__nm0p01__clip5__rounds-20__epochs-5__planned_runs__paper_cnn round=9 (checkpoint deleted)
2026-08-05 09:10:11 EVALUATED alzheimer-out-remove__non-iid__metric-privacy__fedavg__clients-2__seed-43__nm0p01__clip5__rounds-20__epochs-5__planned_runs__paper_cnn round=10 (checkpoint deleted)
2026-08-05 09:10:13 EVALUATED alzheimer-out-remove__non-iid__metric-privacy__fedavg__clients-2__seed-43__nm0p01__clip5__rounds-20__epochs-5__planned_runs__paper_cnn round=11 (checkpoint deleted)
2026-08-05 09:10:15 EVALUATED alzheimer-out-remove__non-iid__metric-privacy__fedavg__clients-2__seed-43__nm0p01__clip5__rounds-20__epochs-5__planned_runs__paper_cnn round=12 (checkpoint deleted)
2026-08-05 09:10:17 EVALUATED alzheimer-out-remove__non-iid__metric-privacy__fedavg__clients-2__seed-43__nm0p01__clip5__rounds-20__epochs-5__planned_runs__paper_cnn round=13 (checkpoint deleted)
2026-08-05 09:10:19 EVALUATED alzheimer-out-remove__non-iid__metric-privacy__fedavg__clients-2__seed-43__nm0p01__clip5__rounds-20__epochs-5__planned_runs__paper_cnn round=14 (checkpoint deleted)
2026-08-05 09:10:21 EVALUATED alzheimer-out-remove__non-iid__metric-privacy__fedavg__clients-2__seed-43__nm0p01__clip5__rounds-20__epochs-5__planned_runs__paper_cnn round=15 (checkpoint deleted)
2026-08-05 09:10:23 EVALUATED alzheimer-out-remove__non-iid__metric-privacy__fedavg__clients-2__seed-43__nm0p01__clip5__rounds-20__epochs-5__planned_runs__paper_cnn round=16 (checkpoint deleted)
2026-08-05 09:10:25 EVALUATED alzheimer-out-remove__non-iid__metric-privacy__fedavg__clients-2__seed-43__nm0p01__clip5__rounds-20__epochs-5__planned_runs__paper_cnn round=17 (checkpoint deleted)
2026-08-05 09:10:27 EVALUATED alzheimer-out-remove__non-iid__metric-privacy__fedavg__clients-2__seed-43__nm0p01__clip5__rounds-20__epochs-5__planned_runs__paper_cnn round=18 (checkpoint deleted)
2026-08-05 09:10:29 EVALUATED alzheimer-out-remove__non-iid__metric-privacy__fedavg__clients-2__seed-43__nm0p01__clip5__rounds-20__epochs-5__planned_runs__paper_cnn round=19 (checkpoint deleted)
2026-08-05 09:10:31 EVALUATED alzheimer-out-remove__non-iid__metric-privacy__fedavg__clients-2__seed-43__nm0p01__clip5__rounds-20__epochs-5__planned_runs__paper_cnn round=20 (checkpoint deleted)
2026-08-05 09:10:31 PROGRESS 8/9 (0 failed so far)
2026-08-05 09:10:31 START alzheimer-out-remove__non-iid__metric-privacy__fedavg__clients-2__seed-44__nm0p01__clip5__rounds-20__epochs-5__planned_runs__paper_cnn 
2026-08-05 09:13:36 DONE  alzheimer-out-remove__non-iid__metric-privacy__fedavg__clients-2__seed-44__nm0p01__clip5__rounds-20__epochs-5__planned_runs__paper_cnn (184.8s)
2026-08-05 09:13:38 EVALUATED alzheimer-out-remove__non-iid__metric-privacy__fedavg__clients-2__seed-44__nm0p01__clip5__rounds-20__epochs-5__planned_runs__paper_cnn round=1 (checkpoint deleted)
2026-08-05 09:13:40 EVALUATED alzheimer-out-remove__non-iid__metric-privacy__fedavg__clients-2__seed-44__nm0p01__clip5__rounds-20__epochs-5__planned_runs__paper_cnn round=2 (checkpoint deleted)
2026-08-05 09:13:42 EVALUATED alzheimer-out-remove__non-iid__metric-privacy__fedavg__clients-2__seed-44__nm0p01__clip5__rounds-20__epochs-5__planned_runs__paper_cnn round=3 (checkpoint deleted)
2026-08-05 09:13:44 EVALUATED alzheimer-out-remove__non-iid__metric-privacy__fedavg__clients-2__seed-44__nm0p01__clip5__rounds-20__epochs-5__planned_runs__paper_cnn round=4 (checkpoint deleted)
2026-08-05 09:13:46 EVALUATED alzheimer-out-remove__non-iid__metric-privacy__fedavg__clients-2__seed-44__nm0p01__clip5__rounds-20__epochs-5__planned_runs__paper_cnn round=5 (checkpoint deleted)
2026-08-05 09:13:48 EVALUATED alzheimer-out-remove__non-iid__metric-privacy__fedavg__clients-2__seed-44__nm0p01__clip5__rounds-20__epochs-5__planned_runs__paper_cnn round=6 (checkpoint deleted)
2026-08-05 09:13:50 EVALUATED alzheimer-out-remove__non-iid__metric-privacy__fedavg__clients-2__seed-44__nm0p01__clip5__rounds-20__epochs-5__planned_runs__paper_cnn round=7 (checkpoint deleted)
2026-08-05 09:13:52 EVALUATED alzheimer-out-remove__non-iid__metric-privacy__fedavg__clients-2__seed-44__nm0p01__clip5__rounds-20__epochs-5__planned_runs__paper_cnn round=8 (checkpoint deleted)
2026-08-05 09:13:54 EVALUATED alzheimer-out-remove__non-iid__metric-privacy__fedavg__clients-2__seed-44__nm0p01__clip5__rounds-20__epochs-5__planned_runs__paper_cnn round=9 (checkpoint deleted)
2026-08-05 09:13:56 EVALUATED alzheimer-out-remove__non-iid__metric-privacy__fedavg__clients-2__seed-44__nm0p01__clip5__rounds-20__epochs-5__planned_runs__paper_cnn round=10 (checkpoint deleted)
2026-08-05 09:13:58 EVALUATED alzheimer-out-remove__non-iid__metric-privacy__fedavg__clients-2__seed-44__nm0p01__clip5__rounds-20__epochs-5__planned_runs__paper_cnn round=11 (checkpoint deleted)
2026-08-05 09:14:00 EVALUATED alzheimer-out-remove__non-iid__metric-privacy__fedavg__clients-2__seed-44__nm0p01__clip5__rounds-20__epochs-5__planned_runs__paper_cnn round=12 (checkpoint deleted)
2026-08-05 09:14:02 EVALUATED alzheimer-out-remove__non-iid__metric-privacy__fedavg__clients-2__seed-44__nm0p01__clip5__rounds-20__epochs-5__planned_runs__paper_cnn round=13 (checkpoint deleted)
2026-08-05 09:14:04 EVALUATED alzheimer-out-remove__non-iid__metric-privacy__fedavg__clients-2__seed-44__nm0p01__clip5__rounds-20__epochs-5__planned_runs__paper_cnn round=14 (checkpoint deleted)
2026-08-05 09:14:06 EVALUATED alzheimer-out-remove__non-iid__metric-privacy__fedavg__clients-2__seed-44__nm0p01__clip5__rounds-20__epochs-5__planned_runs__paper_cnn round=15 (checkpoint deleted)
2026-08-05 09:14:09 EVALUATED alzheimer-out-remove__non-iid__metric-privacy__fedavg__clients-2__seed-44__nm0p01__clip5__rounds-20__epochs-5__planned_runs__paper_cnn round=16 (checkpoint deleted)
2026-08-05 09:14:11 EVALUATED alzheimer-out-remove__non-iid__metric-privacy__fedavg__clients-2__seed-44__nm0p01__clip5__rounds-20__epochs-5__planned_runs__paper_cnn round=17 (checkpoint deleted)
2026-08-05 09:14:13 EVALUATED alzheimer-out-remove__non-iid__metric-privacy__fedavg__clients-2__seed-44__nm0p01__clip5__rounds-20__epochs-5__planned_runs__paper_cnn round=18 (checkpoint deleted)
2026-08-05 09:14:15 EVALUATED alzheimer-out-remove__non-iid__metric-privacy__fedavg__clients-2__seed-44__nm0p01__clip5__rounds-20__epochs-5__planned_runs__paper_cnn round=19 (checkpoint deleted)
2026-08-05 09:14:17 EVALUATED alzheimer-out-remove__non-iid__metric-privacy__fedavg__clients-2__seed-44__nm0p01__clip5__rounds-20__epochs-5__planned_runs__paper_cnn round=20 (checkpoint deleted)
2026-08-05 09:14:17 PROGRESS 9/9 (0 failed so far)
2026-08-05 09:14:17 Sweep finished: 9/9 attempted, 0 failed
