2026-08-21 01:47:19 Fashion-MNIST stage (global-dp, homogeneous, seed=42, noise_ratio=0.00016727714334447167): 2 trajectories
2026-08-21 01:47:19 START fashion-mnist-in-remove__homogeneous__global-dp__fedavg__clients-48__seed-42__nm0p0080293__clip5__rounds-100__epochs-5__fashion_mnist_remove__fashion_mnist_cnn 
2026-08-21 02:03:16 DONE  fashion-mnist-in-remove__homogeneous__global-dp__fedavg__clients-48__seed-42__nm0p0080293__clip5__rounds-100__epochs-5__fashion_mnist_remove__fashion_mnist_cnn (956.6s)
2026-08-21 02:03:19 EVALUATED fashion-mnist-in-remove__homogeneous__global-dp__fedavg__clients-48__seed-42__nm0p0080293__clip5__rounds-100__epochs-5__fashion_mnist_remove__fashion_mnist_cnn round=1 (checkpoint deleted)
2026-08-21 02:03:21 EVALUATED fashion-mnist-in-remove__homogeneous__global-dp__fedavg__clients-48__seed-42__nm0p0080293__clip5__rounds-100__epochs-5__fashion_mnist_remove__fashion_mnist_cnn round=10 (checkpoint deleted)
2026-08-21 02:03:24 EVALUATED fashion-mnist-in-remove__homogeneous__global-dp__fedavg__clients-48__seed-42__nm0p0080293__clip5__rounds-100__epochs-5__fashion_mnist_remove__fashion_mnist_cnn round=20 (checkpoint deleted)
2026-08-21 02:03:27 EVALUATED fashion-mnist-in-remove__homogeneous__global-dp__fedavg__clients-48__seed-42__nm0p0080293__clip5__rounds-100__epochs-5__fashion_mnist_remove__fashion_mnist_cnn round=30 (checkpoint deleted)
2026-08-21 02:03:29 EVALUATED fashion-mnist-in-remove__homogeneous__global-dp__fedavg__clients-48__seed-42__nm0p0080293__clip5__rounds-100__epochs-5__fashion_mnist_remove__fashion_mnist_cnn round=40 (checkpoint deleted)
2026-08-21 02:03:32 EVALUATED fashion-mnist-in-remove__homogeneous__global-dp__fedavg__clients-48__seed-42__nm0p0080293__clip5__rounds-100__epochs-5__fashion_mnist_remove__fashion_mnist_cnn round=50 (checkpoint deleted)
2026-08-21 02:03:35 EVALUATED fashion-mnist-in-remove__homogeneous__global-dp__fedavg__clients-48__seed-42__nm0p0080293__clip5__rounds-100__epochs-5__fashion_mnist_remove__fashion_mnist_cnn round=60 (checkpoint deleted)
2026-08-21 02:03:37 EVALUATED fashion-mnist-in-remove__homogeneous__global-dp__fedavg__clients-48__seed-42__nm0p0080293__clip5__rounds-100__epochs-5__fashion_mnist_remove__fashion_mnist_cnn round=70 (checkpoint deleted)
2026-08-21 02:03:40 EVALUATED fashion-mnist-in-remove__homogeneous__global-dp__fedavg__clients-48__seed-42__nm0p0080293__clip5__rounds-100__epochs-5__fashion_mnist_remove__fashion_mnist_cnn round=80 (checkpoint deleted)
2026-08-21 02:03:43 EVALUATED fashion-mnist-in-remove__homogeneous__global-dp__fedavg__clients-48__seed-42__nm0p0080293__clip5__rounds-100__epochs-5__fashion_mnist_remove__fashion_mnist_cnn round=90 (checkpoint deleted)
2026-08-21 02:03:45 EVALUATED fashion-mnist-in-remove__homogeneous__global-dp__fedavg__clients-48__seed-42__nm0p0080293__clip5__rounds-100__epochs-5__fashion_mnist_remove__fashion_mnist_cnn round=100 (checkpoint deleted)
2026-08-21 02:03:45 PROGRESS 1/2 (0 failed so far)
2026-08-21 02:03:45 START fashion-mnist-out-remove__homogeneous__global-dp__fedavg__clients-47__seed-42__nm0p00786203__clip5__rounds-100__epochs-5__fashion_mnist_remove__fashion_mnist_cnn 
2026-08-21 02:19:21 DONE  fashion-mnist-out-remove__homogeneous__global-dp__fedavg__clients-47__seed-42__nm0p00786203__clip5__rounds-100__epochs-5__fashion_mnist_remove__fashion_mnist_cnn (935.4s)
2026-08-21 02:19:24 EVALUATED fashion-mnist-out-remove__homogeneous__global-dp__fedavg__clients-47__seed-42__nm0p00786203__clip5__rounds-100__epochs-5__fashion_mnist_remove__fashion_mnist_cnn round=1 (checkpoint deleted)
2026-08-21 02:19:26 EVALUATED fashion-mnist-out-remove__homogeneous__global-dp__fedavg__clients-47__seed-42__nm0p00786203__clip5__rounds-100__epochs-5__fashion_mnist_remove__fashion_mnist_cnn round=10 (checkpoint deleted)
2026-08-21 02:19:29 EVALUATED fashion-mnist-out-remove__homogeneous__global-dp__fedavg__clients-47__seed-42__nm0p00786203__clip5__rounds-100__epochs-5__fashion_mnist_remove__fashion_mnist_cnn round=20 (checkpoint deleted)
2026-08-21 02:19:31 EVALUATED fashion-mnist-out-remove__homogeneous__global-dp__fedavg__clients-47__seed-42__nm0p00786203__clip5__rounds-100__epochs-5__fashion_mnist_remove__fashion_mnist_cnn round=30 (checkpoint deleted)
2026-08-21 02:19:34 EVALUATED fashion-mnist-out-remove__homogeneous__global-dp__fedavg__clients-47__seed-42__nm0p00786203__clip5__rounds-100__epochs-5__fashion_mnist_remove__fashion_mnist_cnn round=40 (checkpoint deleted)
2026-08-21 02:19:37 EVALUATED fashion-mnist-out-remove__homogeneous__global-dp__fedavg__clients-47__seed-42__nm0p00786203__clip5__rounds-100__epochs-5__fashion_mnist_remove__fashion_mnist_cnn round=50 (checkpoint deleted)
2026-08-21 02:19:40 EVALUATED fashion-mnist-out-remove__homogeneous__global-dp__fedavg__clients-47__seed-42__nm0p00786203__clip5__rounds-100__epochs-5__fashion_mnist_remove__fashion_mnist_cnn round=60 (checkpoint deleted)
2026-08-21 02:19:42 EVALUATED fashion-mnist-out-remove__homogeneous__global-dp__fedavg__clients-47__seed-42__nm0p00786203__clip5__rounds-100__epochs-5__fashion_mnist_remove__fashion_mnist_cnn round=70 (checkpoint deleted)
2026-08-21 02:19:45 EVALUATED fashion-mnist-out-remove__homogeneous__global-dp__fedavg__clients-47__seed-42__nm0p00786203__clip5__rounds-100__epochs-5__fashion_mnist_remove__fashion_mnist_cnn round=80 (checkpoint deleted)
2026-08-21 02:19:48 EVALUATED fashion-mnist-out-remove__homogeneous__global-dp__fedavg__clients-47__seed-42__nm0p00786203__clip5__rounds-100__epochs-5__fashion_mnist_remove__fashion_mnist_cnn round=90 (checkpoint deleted)
2026-08-21 02:19:50 EVALUATED fashion-mnist-out-remove__homogeneous__global-dp__fedavg__clients-47__seed-42__nm0p00786203__clip5__rounds-100__epochs-5__fashion_mnist_remove__fashion_mnist_cnn round=100 (checkpoint deleted)
2026-08-21 02:19:50 PROGRESS 2/2 (0 failed so far)
2026-08-21 02:19:50 Sweep finished: 2/2 attempted, 0 failed
