2026-08-19 16:33:43 EuroSAT stage (vanilla, non-iid, seed=43, noise_ratio=None): 2 trajectories
2026-08-19 16:33:43 START eurosat-in-remove__non-iid__vanilla__fedavg__clients-48__seed-43__nm0p0371071__clip5__rounds-100__epochs-5__eurosat_remove__eurosat_cnn 
2026-08-19 16:53:19 DONE  eurosat-in-remove__non-iid__vanilla__fedavg__clients-48__seed-43__nm0p0371071__clip5__rounds-100__epochs-5__eurosat_remove__eurosat_cnn (1176.0s)
2026-08-19 16:53:21 EVALUATED eurosat-in-remove__non-iid__vanilla__fedavg__clients-48__seed-43__nm0p0371071__clip5__rounds-100__epochs-5__eurosat_remove__eurosat_cnn round=1 (checkpoint deleted)
2026-08-19 16:53:22 EVALUATED eurosat-in-remove__non-iid__vanilla__fedavg__clients-48__seed-43__nm0p0371071__clip5__rounds-100__epochs-5__eurosat_remove__eurosat_cnn round=10 (checkpoint deleted)
2026-08-19 16:53:24 EVALUATED eurosat-in-remove__non-iid__vanilla__fedavg__clients-48__seed-43__nm0p0371071__clip5__rounds-100__epochs-5__eurosat_remove__eurosat_cnn round=20 (checkpoint deleted)
2026-08-19 16:53:25 EVALUATED eurosat-in-remove__non-iid__vanilla__fedavg__clients-48__seed-43__nm0p0371071__clip5__rounds-100__epochs-5__eurosat_remove__eurosat_cnn round=30 (checkpoint deleted)
2026-08-19 16:53:27 EVALUATED eurosat-in-remove__non-iid__vanilla__fedavg__clients-48__seed-43__nm0p0371071__clip5__rounds-100__epochs-5__eurosat_remove__eurosat_cnn round=40 (checkpoint deleted)
2026-08-19 16:53:28 EVALUATED eurosat-in-remove__non-iid__vanilla__fedavg__clients-48__seed-43__nm0p0371071__clip5__rounds-100__epochs-5__eurosat_remove__eurosat_cnn round=50 (checkpoint deleted)
2026-08-19 16:53:30 EVALUATED eurosat-in-remove__non-iid__vanilla__fedavg__clients-48__seed-43__nm0p0371071__clip5__rounds-100__epochs-5__eurosat_remove__eurosat_cnn round=60 (checkpoint deleted)
2026-08-19 16:53:31 EVALUATED eurosat-in-remove__non-iid__vanilla__fedavg__clients-48__seed-43__nm0p0371071__clip5__rounds-100__epochs-5__eurosat_remove__eurosat_cnn round=70 (checkpoint deleted)
2026-08-19 16:53:32 EVALUATED eurosat-in-remove__non-iid__vanilla__fedavg__clients-48__seed-43__nm0p0371071__clip5__rounds-100__epochs-5__eurosat_remove__eurosat_cnn round=80 (checkpoint deleted)
2026-08-19 16:53:34 EVALUATED eurosat-in-remove__non-iid__vanilla__fedavg__clients-48__seed-43__nm0p0371071__clip5__rounds-100__epochs-5__eurosat_remove__eurosat_cnn round=90 (checkpoint deleted)
2026-08-19 16:53:35 EVALUATED eurosat-in-remove__non-iid__vanilla__fedavg__clients-48__seed-43__nm0p0371071__clip5__rounds-100__epochs-5__eurosat_remove__eurosat_cnn round=100 (checkpoint deleted)
2026-08-19 16:53:35 PROGRESS 1/2 (0 failed so far)
2026-08-19 16:53:35 START eurosat-out-remove__non-iid__vanilla__fedavg__clients-47__seed-43__nm0p0371071__clip5__rounds-100__epochs-5__eurosat_remove__eurosat_cnn 
2026-08-19 17:12:28 DONE  eurosat-out-remove__non-iid__vanilla__fedavg__clients-47__seed-43__nm0p0371071__clip5__rounds-100__epochs-5__eurosat_remove__eurosat_cnn (1132.6s)
2026-08-19 17:12:29 EVALUATED eurosat-out-remove__non-iid__vanilla__fedavg__clients-47__seed-43__nm0p0371071__clip5__rounds-100__epochs-5__eurosat_remove__eurosat_cnn round=1 (checkpoint deleted)
2026-08-19 17:12:31 EVALUATED eurosat-out-remove__non-iid__vanilla__fedavg__clients-47__seed-43__nm0p0371071__clip5__rounds-100__epochs-5__eurosat_remove__eurosat_cnn round=10 (checkpoint deleted)
2026-08-19 17:12:32 EVALUATED eurosat-out-remove__non-iid__vanilla__fedavg__clients-47__seed-43__nm0p0371071__clip5__rounds-100__epochs-5__eurosat_remove__eurosat_cnn round=20 (checkpoint deleted)
2026-08-19 17:12:34 EVALUATED eurosat-out-remove__non-iid__vanilla__fedavg__clients-47__seed-43__nm0p0371071__clip5__rounds-100__epochs-5__eurosat_remove__eurosat_cnn round=30 (checkpoint deleted)
2026-08-19 17:12:35 EVALUATED eurosat-out-remove__non-iid__vanilla__fedavg__clients-47__seed-43__nm0p0371071__clip5__rounds-100__epochs-5__eurosat_remove__eurosat_cnn round=40 (checkpoint deleted)
2026-08-19 17:12:37 EVALUATED eurosat-out-remove__non-iid__vanilla__fedavg__clients-47__seed-43__nm0p0371071__clip5__rounds-100__epochs-5__eurosat_remove__eurosat_cnn round=50 (checkpoint deleted)
2026-08-19 17:12:38 EVALUATED eurosat-out-remove__non-iid__vanilla__fedavg__clients-47__seed-43__nm0p0371071__clip5__rounds-100__epochs-5__eurosat_remove__eurosat_cnn round=60 (checkpoint deleted)
2026-08-19 17:12:40 EVALUATED eurosat-out-remove__non-iid__vanilla__fedavg__clients-47__seed-43__nm0p0371071__clip5__rounds-100__epochs-5__eurosat_remove__eurosat_cnn round=70 (checkpoint deleted)
2026-08-19 17:12:41 EVALUATED eurosat-out-remove__non-iid__vanilla__fedavg__clients-47__seed-43__nm0p0371071__clip5__rounds-100__epochs-5__eurosat_remove__eurosat_cnn round=80 (checkpoint deleted)
2026-08-19 17:12:43 EVALUATED eurosat-out-remove__non-iid__vanilla__fedavg__clients-47__seed-43__nm0p0371071__clip5__rounds-100__epochs-5__eurosat_remove__eurosat_cnn round=90 (checkpoint deleted)
2026-08-19 17:12:44 EVALUATED eurosat-out-remove__non-iid__vanilla__fedavg__clients-47__seed-43__nm0p0371071__clip5__rounds-100__epochs-5__eurosat_remove__eurosat_cnn round=100 (checkpoint deleted)
2026-08-19 17:12:44 PROGRESS 2/2 (0 failed so far)
2026-08-19 17:12:44 Sweep finished: 2/2 attempted, 0 failed
