2026-08-05 21:04:33 Starting full chunk: 2 trajectories
2026-08-05 21:04:33 START cifar-full-in-replace__non-iid__global-dp__fedavg__clients-16__seed-43__nm0p04__clip5__rounds-20__epochs-5__cifar_chunks__cifar10_cnn 
2026-08-05 21:10:17 DONE  cifar-full-in-replace__non-iid__global-dp__fedavg__clients-16__seed-43__nm0p04__clip5__rounds-20__epochs-5__cifar_chunks__cifar10_cnn (344.0s)
2026-08-05 21:10:24 EVALUATED cifar-full-in-replace__non-iid__global-dp__fedavg__clients-16__seed-43__nm0p04__clip5__rounds-20__epochs-5__cifar_chunks__cifar10_cnn round=1 (checkpoint deleted)
2026-08-05 21:10:29 EVALUATED cifar-full-in-replace__non-iid__global-dp__fedavg__clients-16__seed-43__nm0p04__clip5__rounds-20__epochs-5__cifar_chunks__cifar10_cnn round=2 (checkpoint deleted)
2026-08-05 21:10:33 EVALUATED cifar-full-in-replace__non-iid__global-dp__fedavg__clients-16__seed-43__nm0p04__clip5__rounds-20__epochs-5__cifar_chunks__cifar10_cnn round=3 (checkpoint deleted)
2026-08-05 21:10:37 EVALUATED cifar-full-in-replace__non-iid__global-dp__fedavg__clients-16__seed-43__nm0p04__clip5__rounds-20__epochs-5__cifar_chunks__cifar10_cnn round=4 (checkpoint deleted)
2026-08-05 21:10:42 EVALUATED cifar-full-in-replace__non-iid__global-dp__fedavg__clients-16__seed-43__nm0p04__clip5__rounds-20__epochs-5__cifar_chunks__cifar10_cnn round=5 (checkpoint deleted)
2026-08-05 21:10:46 EVALUATED cifar-full-in-replace__non-iid__global-dp__fedavg__clients-16__seed-43__nm0p04__clip5__rounds-20__epochs-5__cifar_chunks__cifar10_cnn round=6 (checkpoint deleted)
2026-08-05 21:10:50 EVALUATED cifar-full-in-replace__non-iid__global-dp__fedavg__clients-16__seed-43__nm0p04__clip5__rounds-20__epochs-5__cifar_chunks__cifar10_cnn round=7 (checkpoint deleted)
2026-08-05 21:10:55 EVALUATED cifar-full-in-replace__non-iid__global-dp__fedavg__clients-16__seed-43__nm0p04__clip5__rounds-20__epochs-5__cifar_chunks__cifar10_cnn round=8 (checkpoint deleted)
2026-08-05 21:10:59 EVALUATED cifar-full-in-replace__non-iid__global-dp__fedavg__clients-16__seed-43__nm0p04__clip5__rounds-20__epochs-5__cifar_chunks__cifar10_cnn round=9 (checkpoint deleted)
2026-08-05 21:11:03 EVALUATED cifar-full-in-replace__non-iid__global-dp__fedavg__clients-16__seed-43__nm0p04__clip5__rounds-20__epochs-5__cifar_chunks__cifar10_cnn round=10 (checkpoint deleted)
2026-08-05 21:11:08 EVALUATED cifar-full-in-replace__non-iid__global-dp__fedavg__clients-16__seed-43__nm0p04__clip5__rounds-20__epochs-5__cifar_chunks__cifar10_cnn round=11 (checkpoint deleted)
2026-08-05 21:11:12 EVALUATED cifar-full-in-replace__non-iid__global-dp__fedavg__clients-16__seed-43__nm0p04__clip5__rounds-20__epochs-5__cifar_chunks__cifar10_cnn round=12 (checkpoint deleted)
2026-08-05 21:11:16 EVALUATED cifar-full-in-replace__non-iid__global-dp__fedavg__clients-16__seed-43__nm0p04__clip5__rounds-20__epochs-5__cifar_chunks__cifar10_cnn round=13 (checkpoint deleted)
2026-08-05 21:11:21 EVALUATED cifar-full-in-replace__non-iid__global-dp__fedavg__clients-16__seed-43__nm0p04__clip5__rounds-20__epochs-5__cifar_chunks__cifar10_cnn round=14 (checkpoint deleted)
2026-08-05 21:11:25 EVALUATED cifar-full-in-replace__non-iid__global-dp__fedavg__clients-16__seed-43__nm0p04__clip5__rounds-20__epochs-5__cifar_chunks__cifar10_cnn round=15 (checkpoint deleted)
2026-08-05 21:11:29 EVALUATED cifar-full-in-replace__non-iid__global-dp__fedavg__clients-16__seed-43__nm0p04__clip5__rounds-20__epochs-5__cifar_chunks__cifar10_cnn round=16 (checkpoint deleted)
2026-08-05 21:11:34 EVALUATED cifar-full-in-replace__non-iid__global-dp__fedavg__clients-16__seed-43__nm0p04__clip5__rounds-20__epochs-5__cifar_chunks__cifar10_cnn round=17 (checkpoint deleted)
2026-08-05 21:11:38 EVALUATED cifar-full-in-replace__non-iid__global-dp__fedavg__clients-16__seed-43__nm0p04__clip5__rounds-20__epochs-5__cifar_chunks__cifar10_cnn round=18 (checkpoint deleted)
2026-08-05 21:11:42 EVALUATED cifar-full-in-replace__non-iid__global-dp__fedavg__clients-16__seed-43__nm0p04__clip5__rounds-20__epochs-5__cifar_chunks__cifar10_cnn round=19 (checkpoint deleted)
2026-08-05 21:11:46 EVALUATED cifar-full-in-replace__non-iid__global-dp__fedavg__clients-16__seed-43__nm0p04__clip5__rounds-20__epochs-5__cifar_chunks__cifar10_cnn round=20 (checkpoint deleted)
2026-08-05 21:11:46 PROGRESS 1/2 (0 failed so far)
2026-08-05 21:11:46 START cifar-full-in-replace__non-iid__metric-privacy__fedavg__clients-16__seed-43__nm0p04__clip5__rounds-20__epochs-5__cifar_chunks__cifar10_cnn 
2026-08-05 21:17:36 DONE  cifar-full-in-replace__non-iid__metric-privacy__fedavg__clients-16__seed-43__nm0p04__clip5__rounds-20__epochs-5__cifar_chunks__cifar10_cnn (349.2s)
2026-08-05 21:17:40 EVALUATED cifar-full-in-replace__non-iid__metric-privacy__fedavg__clients-16__seed-43__nm0p04__clip5__rounds-20__epochs-5__cifar_chunks__cifar10_cnn round=1 (checkpoint deleted)
2026-08-05 21:17:44 EVALUATED cifar-full-in-replace__non-iid__metric-privacy__fedavg__clients-16__seed-43__nm0p04__clip5__rounds-20__epochs-5__cifar_chunks__cifar10_cnn round=2 (checkpoint deleted)
2026-08-05 21:17:49 EVALUATED cifar-full-in-replace__non-iid__metric-privacy__fedavg__clients-16__seed-43__nm0p04__clip5__rounds-20__epochs-5__cifar_chunks__cifar10_cnn round=3 (checkpoint deleted)
2026-08-05 21:17:53 EVALUATED cifar-full-in-replace__non-iid__metric-privacy__fedavg__clients-16__seed-43__nm0p04__clip5__rounds-20__epochs-5__cifar_chunks__cifar10_cnn round=4 (checkpoint deleted)
2026-08-05 21:17:57 EVALUATED cifar-full-in-replace__non-iid__metric-privacy__fedavg__clients-16__seed-43__nm0p04__clip5__rounds-20__epochs-5__cifar_chunks__cifar10_cnn round=5 (checkpoint deleted)
2026-08-05 21:18:02 EVALUATED cifar-full-in-replace__non-iid__metric-privacy__fedavg__clients-16__seed-43__nm0p04__clip5__rounds-20__epochs-5__cifar_chunks__cifar10_cnn round=6 (checkpoint deleted)
2026-08-05 21:18:06 EVALUATED cifar-full-in-replace__non-iid__metric-privacy__fedavg__clients-16__seed-43__nm0p04__clip5__rounds-20__epochs-5__cifar_chunks__cifar10_cnn round=7 (checkpoint deleted)
2026-08-05 21:18:10 EVALUATED cifar-full-in-replace__non-iid__metric-privacy__fedavg__clients-16__seed-43__nm0p04__clip5__rounds-20__epochs-5__cifar_chunks__cifar10_cnn round=8 (checkpoint deleted)
2026-08-05 21:18:15 EVALUATED cifar-full-in-replace__non-iid__metric-privacy__fedavg__clients-16__seed-43__nm0p04__clip5__rounds-20__epochs-5__cifar_chunks__cifar10_cnn round=9 (checkpoint deleted)
2026-08-05 21:18:19 EVALUATED cifar-full-in-replace__non-iid__metric-privacy__fedavg__clients-16__seed-43__nm0p04__clip5__rounds-20__epochs-5__cifar_chunks__cifar10_cnn round=10 (checkpoint deleted)
2026-08-05 21:18:23 EVALUATED cifar-full-in-replace__non-iid__metric-privacy__fedavg__clients-16__seed-43__nm0p04__clip5__rounds-20__epochs-5__cifar_chunks__cifar10_cnn round=11 (checkpoint deleted)
2026-08-05 21:18:28 EVALUATED cifar-full-in-replace__non-iid__metric-privacy__fedavg__clients-16__seed-43__nm0p04__clip5__rounds-20__epochs-5__cifar_chunks__cifar10_cnn round=12 (checkpoint deleted)
2026-08-05 21:18:32 EVALUATED cifar-full-in-replace__non-iid__metric-privacy__fedavg__clients-16__seed-43__nm0p04__clip5__rounds-20__epochs-5__cifar_chunks__cifar10_cnn round=13 (checkpoint deleted)
2026-08-05 21:18:36 EVALUATED cifar-full-in-replace__non-iid__metric-privacy__fedavg__clients-16__seed-43__nm0p04__clip5__rounds-20__epochs-5__cifar_chunks__cifar10_cnn round=14 (checkpoint deleted)
2026-08-05 21:18:41 EVALUATED cifar-full-in-replace__non-iid__metric-privacy__fedavg__clients-16__seed-43__nm0p04__clip5__rounds-20__epochs-5__cifar_chunks__cifar10_cnn round=15 (checkpoint deleted)
2026-08-05 21:18:45 EVALUATED cifar-full-in-replace__non-iid__metric-privacy__fedavg__clients-16__seed-43__nm0p04__clip5__rounds-20__epochs-5__cifar_chunks__cifar10_cnn round=16 (checkpoint deleted)
2026-08-05 21:18:49 EVALUATED cifar-full-in-replace__non-iid__metric-privacy__fedavg__clients-16__seed-43__nm0p04__clip5__rounds-20__epochs-5__cifar_chunks__cifar10_cnn round=17 (checkpoint deleted)
2026-08-05 21:18:54 EVALUATED cifar-full-in-replace__non-iid__metric-privacy__fedavg__clients-16__seed-43__nm0p04__clip5__rounds-20__epochs-5__cifar_chunks__cifar10_cnn round=18 (checkpoint deleted)
2026-08-05 21:18:58 EVALUATED cifar-full-in-replace__non-iid__metric-privacy__fedavg__clients-16__seed-43__nm0p04__clip5__rounds-20__epochs-5__cifar_chunks__cifar10_cnn round=19 (checkpoint deleted)
2026-08-05 21:19:02 EVALUATED cifar-full-in-replace__non-iid__metric-privacy__fedavg__clients-16__seed-43__nm0p04__clip5__rounds-20__epochs-5__cifar_chunks__cifar10_cnn round=20 (checkpoint deleted)
2026-08-05 21:19:02 PROGRESS 2/2 (0 failed so far)
2026-08-05 21:19:02 Sweep finished: 2/2 attempted, 0 failed
