2026-08-05 08:34:38 Starting fashion-in-remove: 9 trajectories
2026-08-05 08:34:38 START fashion-in-remove__non-iid__vanilla__fedavg__clients-3__seed-42__nm0p01__clip5__rounds-20__epochs-5__planned_runs__fashion_mnist_cnn 
2026-08-05 08:37:09 DONE  fashion-in-remove__non-iid__vanilla__fedavg__clients-3__seed-42__nm0p01__clip5__rounds-20__epochs-5__planned_runs__fashion_mnist_cnn (150.9s)
2026-08-05 08:37:17 EVALUATED fashion-in-remove__non-iid__vanilla__fedavg__clients-3__seed-42__nm0p01__clip5__rounds-20__epochs-5__planned_runs__fashion_mnist_cnn round=1 (checkpoint deleted)
2026-08-05 08:37:22 EVALUATED fashion-in-remove__non-iid__vanilla__fedavg__clients-3__seed-42__nm0p01__clip5__rounds-20__epochs-5__planned_runs__fashion_mnist_cnn round=2 (checkpoint deleted)
2026-08-05 08:37:26 EVALUATED fashion-in-remove__non-iid__vanilla__fedavg__clients-3__seed-42__nm0p01__clip5__rounds-20__epochs-5__planned_runs__fashion_mnist_cnn round=3 (checkpoint deleted)
2026-08-05 08:37:31 EVALUATED fashion-in-remove__non-iid__vanilla__fedavg__clients-3__seed-42__nm0p01__clip5__rounds-20__epochs-5__planned_runs__fashion_mnist_cnn round=4 (checkpoint deleted)
2026-08-05 08:37:36 EVALUATED fashion-in-remove__non-iid__vanilla__fedavg__clients-3__seed-42__nm0p01__clip5__rounds-20__epochs-5__planned_runs__fashion_mnist_cnn round=5 (checkpoint deleted)
2026-08-05 08:37:40 EVALUATED fashion-in-remove__non-iid__vanilla__fedavg__clients-3__seed-42__nm0p01__clip5__rounds-20__epochs-5__planned_runs__fashion_mnist_cnn round=6 (checkpoint deleted)
2026-08-05 08:37:45 EVALUATED fashion-in-remove__non-iid__vanilla__fedavg__clients-3__seed-42__nm0p01__clip5__rounds-20__epochs-5__planned_runs__fashion_mnist_cnn round=7 (checkpoint deleted)
2026-08-05 08:37:50 EVALUATED fashion-in-remove__non-iid__vanilla__fedavg__clients-3__seed-42__nm0p01__clip5__rounds-20__epochs-5__planned_runs__fashion_mnist_cnn round=8 (checkpoint deleted)
2026-08-05 08:37:55 EVALUATED fashion-in-remove__non-iid__vanilla__fedavg__clients-3__seed-42__nm0p01__clip5__rounds-20__epochs-5__planned_runs__fashion_mnist_cnn round=9 (checkpoint deleted)
2026-08-05 08:37:59 EVALUATED fashion-in-remove__non-iid__vanilla__fedavg__clients-3__seed-42__nm0p01__clip5__rounds-20__epochs-5__planned_runs__fashion_mnist_cnn round=10 (checkpoint deleted)
2026-08-05 08:38:04 EVALUATED fashion-in-remove__non-iid__vanilla__fedavg__clients-3__seed-42__nm0p01__clip5__rounds-20__epochs-5__planned_runs__fashion_mnist_cnn round=11 (checkpoint deleted)
2026-08-05 08:38:09 EVALUATED fashion-in-remove__non-iid__vanilla__fedavg__clients-3__seed-42__nm0p01__clip5__rounds-20__epochs-5__planned_runs__fashion_mnist_cnn round=12 (checkpoint deleted)
2026-08-05 08:38:13 EVALUATED fashion-in-remove__non-iid__vanilla__fedavg__clients-3__seed-42__nm0p01__clip5__rounds-20__epochs-5__planned_runs__fashion_mnist_cnn round=13 (checkpoint deleted)
2026-08-05 08:38:18 EVALUATED fashion-in-remove__non-iid__vanilla__fedavg__clients-3__seed-42__nm0p01__clip5__rounds-20__epochs-5__planned_runs__fashion_mnist_cnn round=14 (checkpoint deleted)
2026-08-05 08:38:23 EVALUATED fashion-in-remove__non-iid__vanilla__fedavg__clients-3__seed-42__nm0p01__clip5__rounds-20__epochs-5__planned_runs__fashion_mnist_cnn round=15 (checkpoint deleted)
2026-08-05 08:38:27 EVALUATED fashion-in-remove__non-iid__vanilla__fedavg__clients-3__seed-42__nm0p01__clip5__rounds-20__epochs-5__planned_runs__fashion_mnist_cnn round=16 (checkpoint deleted)
2026-08-05 08:38:32 EVALUATED fashion-in-remove__non-iid__vanilla__fedavg__clients-3__seed-42__nm0p01__clip5__rounds-20__epochs-5__planned_runs__fashion_mnist_cnn round=17 (checkpoint deleted)
2026-08-05 08:38:37 EVALUATED fashion-in-remove__non-iid__vanilla__fedavg__clients-3__seed-42__nm0p01__clip5__rounds-20__epochs-5__planned_runs__fashion_mnist_cnn round=18 (checkpoint deleted)
2026-08-05 08:38:42 EVALUATED fashion-in-remove__non-iid__vanilla__fedavg__clients-3__seed-42__nm0p01__clip5__rounds-20__epochs-5__planned_runs__fashion_mnist_cnn round=19 (checkpoint deleted)
2026-08-05 08:38:46 EVALUATED fashion-in-remove__non-iid__vanilla__fedavg__clients-3__seed-42__nm0p01__clip5__rounds-20__epochs-5__planned_runs__fashion_mnist_cnn round=20 (checkpoint deleted)
2026-08-05 08:38:46 PROGRESS 1/9 (0 failed so far)
2026-08-05 08:38:46 START fashion-in-remove__non-iid__vanilla__fedavg__clients-3__seed-43__nm0p01__clip5__rounds-20__epochs-5__planned_runs__fashion_mnist_cnn 
2026-08-05 08:41:22 DONE  fashion-in-remove__non-iid__vanilla__fedavg__clients-3__seed-43__nm0p01__clip5__rounds-20__epochs-5__planned_runs__fashion_mnist_cnn (155.3s)
2026-08-05 08:41:26 EVALUATED fashion-in-remove__non-iid__vanilla__fedavg__clients-3__seed-43__nm0p01__clip5__rounds-20__epochs-5__planned_runs__fashion_mnist_cnn round=1 (checkpoint deleted)
2026-08-05 08:41:31 EVALUATED fashion-in-remove__non-iid__vanilla__fedavg__clients-3__seed-43__nm0p01__clip5__rounds-20__epochs-5__planned_runs__fashion_mnist_cnn round=2 (checkpoint deleted)
2026-08-05 08:41:36 EVALUATED fashion-in-remove__non-iid__vanilla__fedavg__clients-3__seed-43__nm0p01__clip5__rounds-20__epochs-5__planned_runs__fashion_mnist_cnn round=3 (checkpoint deleted)
2026-08-05 08:41:40 EVALUATED fashion-in-remove__non-iid__vanilla__fedavg__clients-3__seed-43__nm0p01__clip5__rounds-20__epochs-5__planned_runs__fashion_mnist_cnn round=4 (checkpoint deleted)
2026-08-05 08:41:45 EVALUATED fashion-in-remove__non-iid__vanilla__fedavg__clients-3__seed-43__nm0p01__clip5__rounds-20__epochs-5__planned_runs__fashion_mnist_cnn round=5 (checkpoint deleted)
2026-08-05 08:41:50 EVALUATED fashion-in-remove__non-iid__vanilla__fedavg__clients-3__seed-43__nm0p01__clip5__rounds-20__epochs-5__planned_runs__fashion_mnist_cnn round=6 (checkpoint deleted)
2026-08-05 08:41:55 EVALUATED fashion-in-remove__non-iid__vanilla__fedavg__clients-3__seed-43__nm0p01__clip5__rounds-20__epochs-5__planned_runs__fashion_mnist_cnn round=7 (checkpoint deleted)
2026-08-05 08:41:59 EVALUATED fashion-in-remove__non-iid__vanilla__fedavg__clients-3__seed-43__nm0p01__clip5__rounds-20__epochs-5__planned_runs__fashion_mnist_cnn round=8 (checkpoint deleted)
2026-08-05 08:42:04 EVALUATED fashion-in-remove__non-iid__vanilla__fedavg__clients-3__seed-43__nm0p01__clip5__rounds-20__epochs-5__planned_runs__fashion_mnist_cnn round=9 (checkpoint deleted)
2026-08-05 08:42:09 EVALUATED fashion-in-remove__non-iid__vanilla__fedavg__clients-3__seed-43__nm0p01__clip5__rounds-20__epochs-5__planned_runs__fashion_mnist_cnn round=10 (checkpoint deleted)
2026-08-05 08:42:13 EVALUATED fashion-in-remove__non-iid__vanilla__fedavg__clients-3__seed-43__nm0p01__clip5__rounds-20__epochs-5__planned_runs__fashion_mnist_cnn round=11 (checkpoint deleted)
2026-08-05 08:42:18 EVALUATED fashion-in-remove__non-iid__vanilla__fedavg__clients-3__seed-43__nm0p01__clip5__rounds-20__epochs-5__planned_runs__fashion_mnist_cnn round=12 (checkpoint deleted)
2026-08-05 08:42:23 EVALUATED fashion-in-remove__non-iid__vanilla__fedavg__clients-3__seed-43__nm0p01__clip5__rounds-20__epochs-5__planned_runs__fashion_mnist_cnn round=13 (checkpoint deleted)
2026-08-05 08:42:28 EVALUATED fashion-in-remove__non-iid__vanilla__fedavg__clients-3__seed-43__nm0p01__clip5__rounds-20__epochs-5__planned_runs__fashion_mnist_cnn round=14 (checkpoint deleted)
2026-08-05 08:42:32 EVALUATED fashion-in-remove__non-iid__vanilla__fedavg__clients-3__seed-43__nm0p01__clip5__rounds-20__epochs-5__planned_runs__fashion_mnist_cnn round=15 (checkpoint deleted)
2026-08-05 08:42:37 EVALUATED fashion-in-remove__non-iid__vanilla__fedavg__clients-3__seed-43__nm0p01__clip5__rounds-20__epochs-5__planned_runs__fashion_mnist_cnn round=16 (checkpoint deleted)
2026-08-05 08:42:42 EVALUATED fashion-in-remove__non-iid__vanilla__fedavg__clients-3__seed-43__nm0p01__clip5__rounds-20__epochs-5__planned_runs__fashion_mnist_cnn round=17 (checkpoint deleted)
2026-08-05 08:42:46 EVALUATED fashion-in-remove__non-iid__vanilla__fedavg__clients-3__seed-43__nm0p01__clip5__rounds-20__epochs-5__planned_runs__fashion_mnist_cnn round=18 (checkpoint deleted)
2026-08-05 08:42:51 EVALUATED fashion-in-remove__non-iid__vanilla__fedavg__clients-3__seed-43__nm0p01__clip5__rounds-20__epochs-5__planned_runs__fashion_mnist_cnn round=19 (checkpoint deleted)
2026-08-05 08:42:56 EVALUATED fashion-in-remove__non-iid__vanilla__fedavg__clients-3__seed-43__nm0p01__clip5__rounds-20__epochs-5__planned_runs__fashion_mnist_cnn round=20 (checkpoint deleted)
2026-08-05 08:42:56 PROGRESS 2/9 (0 failed so far)
2026-08-05 08:42:56 START fashion-in-remove__non-iid__vanilla__fedavg__clients-3__seed-44__nm0p01__clip5__rounds-20__epochs-5__planned_runs__fashion_mnist_cnn 
2026-08-05 08:45:30 DONE  fashion-in-remove__non-iid__vanilla__fedavg__clients-3__seed-44__nm0p01__clip5__rounds-20__epochs-5__planned_runs__fashion_mnist_cnn (154.0s)
2026-08-05 08:45:35 EVALUATED fashion-in-remove__non-iid__vanilla__fedavg__clients-3__seed-44__nm0p01__clip5__rounds-20__epochs-5__planned_runs__fashion_mnist_cnn round=1 (checkpoint deleted)
2026-08-05 08:45:39 EVALUATED fashion-in-remove__non-iid__vanilla__fedavg__clients-3__seed-44__nm0p01__clip5__rounds-20__epochs-5__planned_runs__fashion_mnist_cnn round=2 (checkpoint deleted)
2026-08-05 08:45:44 EVALUATED fashion-in-remove__non-iid__vanilla__fedavg__clients-3__seed-44__nm0p01__clip5__rounds-20__epochs-5__planned_runs__fashion_mnist_cnn round=3 (checkpoint deleted)
2026-08-05 08:45:49 EVALUATED fashion-in-remove__non-iid__vanilla__fedavg__clients-3__seed-44__nm0p01__clip5__rounds-20__epochs-5__planned_runs__fashion_mnist_cnn round=4 (checkpoint deleted)
2026-08-05 08:45:53 EVALUATED fashion-in-remove__non-iid__vanilla__fedavg__clients-3__seed-44__nm0p01__clip5__rounds-20__epochs-5__planned_runs__fashion_mnist_cnn round=5 (checkpoint deleted)
2026-08-05 08:45:58 EVALUATED fashion-in-remove__non-iid__vanilla__fedavg__clients-3__seed-44__nm0p01__clip5__rounds-20__epochs-5__planned_runs__fashion_mnist_cnn round=6 (checkpoint deleted)
2026-08-05 08:46:03 EVALUATED fashion-in-remove__non-iid__vanilla__fedavg__clients-3__seed-44__nm0p01__clip5__rounds-20__epochs-5__planned_runs__fashion_mnist_cnn round=7 (checkpoint deleted)
2026-08-05 08:46:08 EVALUATED fashion-in-remove__non-iid__vanilla__fedavg__clients-3__seed-44__nm0p01__clip5__rounds-20__epochs-5__planned_runs__fashion_mnist_cnn round=8 (checkpoint deleted)
2026-08-05 08:46:12 EVALUATED fashion-in-remove__non-iid__vanilla__fedavg__clients-3__seed-44__nm0p01__clip5__rounds-20__epochs-5__planned_runs__fashion_mnist_cnn round=9 (checkpoint deleted)
2026-08-05 08:46:17 EVALUATED fashion-in-remove__non-iid__vanilla__fedavg__clients-3__seed-44__nm0p01__clip5__rounds-20__epochs-5__planned_runs__fashion_mnist_cnn round=10 (checkpoint deleted)
2026-08-05 08:46:22 EVALUATED fashion-in-remove__non-iid__vanilla__fedavg__clients-3__seed-44__nm0p01__clip5__rounds-20__epochs-5__planned_runs__fashion_mnist_cnn round=11 (checkpoint deleted)
2026-08-05 08:46:26 EVALUATED fashion-in-remove__non-iid__vanilla__fedavg__clients-3__seed-44__nm0p01__clip5__rounds-20__epochs-5__planned_runs__fashion_mnist_cnn round=12 (checkpoint deleted)
2026-08-05 08:46:31 EVALUATED fashion-in-remove__non-iid__vanilla__fedavg__clients-3__seed-44__nm0p01__clip5__rounds-20__epochs-5__planned_runs__fashion_mnist_cnn round=13 (checkpoint deleted)
2026-08-05 08:46:36 EVALUATED fashion-in-remove__non-iid__vanilla__fedavg__clients-3__seed-44__nm0p01__clip5__rounds-20__epochs-5__planned_runs__fashion_mnist_cnn round=14 (checkpoint deleted)
2026-08-05 08:46:41 EVALUATED fashion-in-remove__non-iid__vanilla__fedavg__clients-3__seed-44__nm0p01__clip5__rounds-20__epochs-5__planned_runs__fashion_mnist_cnn round=15 (checkpoint deleted)
2026-08-05 08:46:45 EVALUATED fashion-in-remove__non-iid__vanilla__fedavg__clients-3__seed-44__nm0p01__clip5__rounds-20__epochs-5__planned_runs__fashion_mnist_cnn round=16 (checkpoint deleted)
2026-08-05 08:46:50 EVALUATED fashion-in-remove__non-iid__vanilla__fedavg__clients-3__seed-44__nm0p01__clip5__rounds-20__epochs-5__planned_runs__fashion_mnist_cnn round=17 (checkpoint deleted)
2026-08-05 08:46:55 EVALUATED fashion-in-remove__non-iid__vanilla__fedavg__clients-3__seed-44__nm0p01__clip5__rounds-20__epochs-5__planned_runs__fashion_mnist_cnn round=18 (checkpoint deleted)
2026-08-05 08:46:59 EVALUATED fashion-in-remove__non-iid__vanilla__fedavg__clients-3__seed-44__nm0p01__clip5__rounds-20__epochs-5__planned_runs__fashion_mnist_cnn round=19 (checkpoint deleted)
2026-08-05 08:47:04 EVALUATED fashion-in-remove__non-iid__vanilla__fedavg__clients-3__seed-44__nm0p01__clip5__rounds-20__epochs-5__planned_runs__fashion_mnist_cnn round=20 (checkpoint deleted)
2026-08-05 08:47:04 PROGRESS 3/9 (0 failed so far)
2026-08-05 08:47:04 START fashion-in-remove__non-iid__global-dp__fedavg__clients-3__seed-42__nm0p01__clip5__rounds-20__epochs-5__planned_runs__fashion_mnist_cnn 
2026-08-05 08:49:38 DONE  fashion-in-remove__non-iid__global-dp__fedavg__clients-3__seed-42__nm0p01__clip5__rounds-20__epochs-5__planned_runs__fashion_mnist_cnn (153.9s)
2026-08-05 08:49:43 EVALUATED fashion-in-remove__non-iid__global-dp__fedavg__clients-3__seed-42__nm0p01__clip5__rounds-20__epochs-5__planned_runs__fashion_mnist_cnn round=1 (checkpoint deleted)
2026-08-05 08:49:48 EVALUATED fashion-in-remove__non-iid__global-dp__fedavg__clients-3__seed-42__nm0p01__clip5__rounds-20__epochs-5__planned_runs__fashion_mnist_cnn round=2 (checkpoint deleted)
2026-08-05 08:49:52 EVALUATED fashion-in-remove__non-iid__global-dp__fedavg__clients-3__seed-42__nm0p01__clip5__rounds-20__epochs-5__planned_runs__fashion_mnist_cnn round=3 (checkpoint deleted)
2026-08-05 08:49:57 EVALUATED fashion-in-remove__non-iid__global-dp__fedavg__clients-3__seed-42__nm0p01__clip5__rounds-20__epochs-5__planned_runs__fashion_mnist_cnn round=4 (checkpoint deleted)
2026-08-05 08:50:02 EVALUATED fashion-in-remove__non-iid__global-dp__fedavg__clients-3__seed-42__nm0p01__clip5__rounds-20__epochs-5__planned_runs__fashion_mnist_cnn round=5 (checkpoint deleted)
2026-08-05 08:50:06 EVALUATED fashion-in-remove__non-iid__global-dp__fedavg__clients-3__seed-42__nm0p01__clip5__rounds-20__epochs-5__planned_runs__fashion_mnist_cnn round=6 (checkpoint deleted)
2026-08-05 08:50:11 EVALUATED fashion-in-remove__non-iid__global-dp__fedavg__clients-3__seed-42__nm0p01__clip5__rounds-20__epochs-5__planned_runs__fashion_mnist_cnn round=7 (checkpoint deleted)
2026-08-05 08:50:16 EVALUATED fashion-in-remove__non-iid__global-dp__fedavg__clients-3__seed-42__nm0p01__clip5__rounds-20__epochs-5__planned_runs__fashion_mnist_cnn round=8 (checkpoint deleted)
2026-08-05 08:50:21 EVALUATED fashion-in-remove__non-iid__global-dp__fedavg__clients-3__seed-42__nm0p01__clip5__rounds-20__epochs-5__planned_runs__fashion_mnist_cnn round=9 (checkpoint deleted)
2026-08-05 08:50:25 EVALUATED fashion-in-remove__non-iid__global-dp__fedavg__clients-3__seed-42__nm0p01__clip5__rounds-20__epochs-5__planned_runs__fashion_mnist_cnn round=10 (checkpoint deleted)
2026-08-05 08:50:30 EVALUATED fashion-in-remove__non-iid__global-dp__fedavg__clients-3__seed-42__nm0p01__clip5__rounds-20__epochs-5__planned_runs__fashion_mnist_cnn round=11 (checkpoint deleted)
2026-08-05 08:50:35 EVALUATED fashion-in-remove__non-iid__global-dp__fedavg__clients-3__seed-42__nm0p01__clip5__rounds-20__epochs-5__planned_runs__fashion_mnist_cnn round=12 (checkpoint deleted)
2026-08-05 08:50:39 EVALUATED fashion-in-remove__non-iid__global-dp__fedavg__clients-3__seed-42__nm0p01__clip5__rounds-20__epochs-5__planned_runs__fashion_mnist_cnn round=13 (checkpoint deleted)
2026-08-05 08:50:44 EVALUATED fashion-in-remove__non-iid__global-dp__fedavg__clients-3__seed-42__nm0p01__clip5__rounds-20__epochs-5__planned_runs__fashion_mnist_cnn round=14 (checkpoint deleted)
2026-08-05 08:50:49 EVALUATED fashion-in-remove__non-iid__global-dp__fedavg__clients-3__seed-42__nm0p01__clip5__rounds-20__epochs-5__planned_runs__fashion_mnist_cnn round=15 (checkpoint deleted)
2026-08-05 08:50:54 EVALUATED fashion-in-remove__non-iid__global-dp__fedavg__clients-3__seed-42__nm0p01__clip5__rounds-20__epochs-5__planned_runs__fashion_mnist_cnn round=16 (checkpoint deleted)
2026-08-05 08:50:58 EVALUATED fashion-in-remove__non-iid__global-dp__fedavg__clients-3__seed-42__nm0p01__clip5__rounds-20__epochs-5__planned_runs__fashion_mnist_cnn round=17 (checkpoint deleted)
2026-08-05 08:51:03 EVALUATED fashion-in-remove__non-iid__global-dp__fedavg__clients-3__seed-42__nm0p01__clip5__rounds-20__epochs-5__planned_runs__fashion_mnist_cnn round=18 (checkpoint deleted)
2026-08-05 08:51:08 EVALUATED fashion-in-remove__non-iid__global-dp__fedavg__clients-3__seed-42__nm0p01__clip5__rounds-20__epochs-5__planned_runs__fashion_mnist_cnn round=19 (checkpoint deleted)
2026-08-05 08:51:12 EVALUATED fashion-in-remove__non-iid__global-dp__fedavg__clients-3__seed-42__nm0p01__clip5__rounds-20__epochs-5__planned_runs__fashion_mnist_cnn round=20 (checkpoint deleted)
2026-08-05 08:51:12 PROGRESS 4/9 (0 failed so far)
2026-08-05 08:51:12 START fashion-in-remove__non-iid__global-dp__fedavg__clients-3__seed-43__nm0p01__clip5__rounds-20__epochs-5__planned_runs__fashion_mnist_cnn 
2026-08-05 08:53:46 DONE  fashion-in-remove__non-iid__global-dp__fedavg__clients-3__seed-43__nm0p01__clip5__rounds-20__epochs-5__planned_runs__fashion_mnist_cnn (154.0s)
2026-08-05 08:53:51 EVALUATED fashion-in-remove__non-iid__global-dp__fedavg__clients-3__seed-43__nm0p01__clip5__rounds-20__epochs-5__planned_runs__fashion_mnist_cnn round=1 (checkpoint deleted)
2026-08-05 08:53:56 EVALUATED fashion-in-remove__non-iid__global-dp__fedavg__clients-3__seed-43__nm0p01__clip5__rounds-20__epochs-5__planned_runs__fashion_mnist_cnn round=2 (checkpoint deleted)
2026-08-05 08:54:00 EVALUATED fashion-in-remove__non-iid__global-dp__fedavg__clients-3__seed-43__nm0p01__clip5__rounds-20__epochs-5__planned_runs__fashion_mnist_cnn round=3 (checkpoint deleted)
2026-08-05 08:54:05 EVALUATED fashion-in-remove__non-iid__global-dp__fedavg__clients-3__seed-43__nm0p01__clip5__rounds-20__epochs-5__planned_runs__fashion_mnist_cnn round=4 (checkpoint deleted)
2026-08-05 08:54:10 EVALUATED fashion-in-remove__non-iid__global-dp__fedavg__clients-3__seed-43__nm0p01__clip5__rounds-20__epochs-5__planned_runs__fashion_mnist_cnn round=5 (checkpoint deleted)
2026-08-05 08:54:15 EVALUATED fashion-in-remove__non-iid__global-dp__fedavg__clients-3__seed-43__nm0p01__clip5__rounds-20__epochs-5__planned_runs__fashion_mnist_cnn round=6 (checkpoint deleted)
2026-08-05 08:54:19 EVALUATED fashion-in-remove__non-iid__global-dp__fedavg__clients-3__seed-43__nm0p01__clip5__rounds-20__epochs-5__planned_runs__fashion_mnist_cnn round=7 (checkpoint deleted)
2026-08-05 08:54:24 EVALUATED fashion-in-remove__non-iid__global-dp__fedavg__clients-3__seed-43__nm0p01__clip5__rounds-20__epochs-5__planned_runs__fashion_mnist_cnn round=8 (checkpoint deleted)
2026-08-05 08:54:29 EVALUATED fashion-in-remove__non-iid__global-dp__fedavg__clients-3__seed-43__nm0p01__clip5__rounds-20__epochs-5__planned_runs__fashion_mnist_cnn round=9 (checkpoint deleted)
2026-08-05 08:54:33 EVALUATED fashion-in-remove__non-iid__global-dp__fedavg__clients-3__seed-43__nm0p01__clip5__rounds-20__epochs-5__planned_runs__fashion_mnist_cnn round=10 (checkpoint deleted)
2026-08-05 08:54:38 EVALUATED fashion-in-remove__non-iid__global-dp__fedavg__clients-3__seed-43__nm0p01__clip5__rounds-20__epochs-5__planned_runs__fashion_mnist_cnn round=11 (checkpoint deleted)
2026-08-05 08:54:43 EVALUATED fashion-in-remove__non-iid__global-dp__fedavg__clients-3__seed-43__nm0p01__clip5__rounds-20__epochs-5__planned_runs__fashion_mnist_cnn round=12 (checkpoint deleted)
2026-08-05 08:54:47 EVALUATED fashion-in-remove__non-iid__global-dp__fedavg__clients-3__seed-43__nm0p01__clip5__rounds-20__epochs-5__planned_runs__fashion_mnist_cnn round=13 (checkpoint deleted)
2026-08-05 08:54:52 EVALUATED fashion-in-remove__non-iid__global-dp__fedavg__clients-3__seed-43__nm0p01__clip5__rounds-20__epochs-5__planned_runs__fashion_mnist_cnn round=14 (checkpoint deleted)
2026-08-05 08:54:57 EVALUATED fashion-in-remove__non-iid__global-dp__fedavg__clients-3__seed-43__nm0p01__clip5__rounds-20__epochs-5__planned_runs__fashion_mnist_cnn round=15 (checkpoint deleted)
2026-08-05 08:55:02 EVALUATED fashion-in-remove__non-iid__global-dp__fedavg__clients-3__seed-43__nm0p01__clip5__rounds-20__epochs-5__planned_runs__fashion_mnist_cnn round=16 (checkpoint deleted)
2026-08-05 08:55:06 EVALUATED fashion-in-remove__non-iid__global-dp__fedavg__clients-3__seed-43__nm0p01__clip5__rounds-20__epochs-5__planned_runs__fashion_mnist_cnn round=17 (checkpoint deleted)
2026-08-05 08:55:11 EVALUATED fashion-in-remove__non-iid__global-dp__fedavg__clients-3__seed-43__nm0p01__clip5__rounds-20__epochs-5__planned_runs__fashion_mnist_cnn round=18 (checkpoint deleted)
2026-08-05 08:55:16 EVALUATED fashion-in-remove__non-iid__global-dp__fedavg__clients-3__seed-43__nm0p01__clip5__rounds-20__epochs-5__planned_runs__fashion_mnist_cnn round=19 (checkpoint deleted)
2026-08-05 08:55:20 EVALUATED fashion-in-remove__non-iid__global-dp__fedavg__clients-3__seed-43__nm0p01__clip5__rounds-20__epochs-5__planned_runs__fashion_mnist_cnn round=20 (checkpoint deleted)
2026-08-05 08:55:20 PROGRESS 5/9 (0 failed so far)
2026-08-05 08:55:20 START fashion-in-remove__non-iid__global-dp__fedavg__clients-3__seed-44__nm0p01__clip5__rounds-20__epochs-5__planned_runs__fashion_mnist_cnn 
2026-08-05 08:57:55 DONE  fashion-in-remove__non-iid__global-dp__fedavg__clients-3__seed-44__nm0p01__clip5__rounds-20__epochs-5__planned_runs__fashion_mnist_cnn (154.5s)
2026-08-05 08:58:00 EVALUATED fashion-in-remove__non-iid__global-dp__fedavg__clients-3__seed-44__nm0p01__clip5__rounds-20__epochs-5__planned_runs__fashion_mnist_cnn round=1 (checkpoint deleted)
2026-08-05 08:58:04 EVALUATED fashion-in-remove__non-iid__global-dp__fedavg__clients-3__seed-44__nm0p01__clip5__rounds-20__epochs-5__planned_runs__fashion_mnist_cnn round=2 (checkpoint deleted)
2026-08-05 08:58:09 EVALUATED fashion-in-remove__non-iid__global-dp__fedavg__clients-3__seed-44__nm0p01__clip5__rounds-20__epochs-5__planned_runs__fashion_mnist_cnn round=3 (checkpoint deleted)
2026-08-05 08:58:14 EVALUATED fashion-in-remove__non-iid__global-dp__fedavg__clients-3__seed-44__nm0p01__clip5__rounds-20__epochs-5__planned_runs__fashion_mnist_cnn round=4 (checkpoint deleted)
2026-08-05 08:58:19 EVALUATED fashion-in-remove__non-iid__global-dp__fedavg__clients-3__seed-44__nm0p01__clip5__rounds-20__epochs-5__planned_runs__fashion_mnist_cnn round=5 (checkpoint deleted)
2026-08-05 08:58:23 EVALUATED fashion-in-remove__non-iid__global-dp__fedavg__clients-3__seed-44__nm0p01__clip5__rounds-20__epochs-5__planned_runs__fashion_mnist_cnn round=6 (checkpoint deleted)
2026-08-05 08:58:28 EVALUATED fashion-in-remove__non-iid__global-dp__fedavg__clients-3__seed-44__nm0p01__clip5__rounds-20__epochs-5__planned_runs__fashion_mnist_cnn round=7 (checkpoint deleted)
2026-08-05 08:58:33 EVALUATED fashion-in-remove__non-iid__global-dp__fedavg__clients-3__seed-44__nm0p01__clip5__rounds-20__epochs-5__planned_runs__fashion_mnist_cnn round=8 (checkpoint deleted)
2026-08-05 08:58:37 EVALUATED fashion-in-remove__non-iid__global-dp__fedavg__clients-3__seed-44__nm0p01__clip5__rounds-20__epochs-5__planned_runs__fashion_mnist_cnn round=9 (checkpoint deleted)
2026-08-05 08:58:42 EVALUATED fashion-in-remove__non-iid__global-dp__fedavg__clients-3__seed-44__nm0p01__clip5__rounds-20__epochs-5__planned_runs__fashion_mnist_cnn round=10 (checkpoint deleted)
2026-08-05 08:58:47 EVALUATED fashion-in-remove__non-iid__global-dp__fedavg__clients-3__seed-44__nm0p01__clip5__rounds-20__epochs-5__planned_runs__fashion_mnist_cnn round=11 (checkpoint deleted)
2026-08-05 08:58:51 EVALUATED fashion-in-remove__non-iid__global-dp__fedavg__clients-3__seed-44__nm0p01__clip5__rounds-20__epochs-5__planned_runs__fashion_mnist_cnn round=12 (checkpoint deleted)
2026-08-05 08:58:56 EVALUATED fashion-in-remove__non-iid__global-dp__fedavg__clients-3__seed-44__nm0p01__clip5__rounds-20__epochs-5__planned_runs__fashion_mnist_cnn round=13 (checkpoint deleted)
2026-08-05 08:59:01 EVALUATED fashion-in-remove__non-iid__global-dp__fedavg__clients-3__seed-44__nm0p01__clip5__rounds-20__epochs-5__planned_runs__fashion_mnist_cnn round=14 (checkpoint deleted)
2026-08-05 08:59:06 EVALUATED fashion-in-remove__non-iid__global-dp__fedavg__clients-3__seed-44__nm0p01__clip5__rounds-20__epochs-5__planned_runs__fashion_mnist_cnn round=15 (checkpoint deleted)
2026-08-05 08:59:10 EVALUATED fashion-in-remove__non-iid__global-dp__fedavg__clients-3__seed-44__nm0p01__clip5__rounds-20__epochs-5__planned_runs__fashion_mnist_cnn round=16 (checkpoint deleted)
2026-08-05 08:59:15 EVALUATED fashion-in-remove__non-iid__global-dp__fedavg__clients-3__seed-44__nm0p01__clip5__rounds-20__epochs-5__planned_runs__fashion_mnist_cnn round=17 (checkpoint deleted)
2026-08-05 08:59:20 EVALUATED fashion-in-remove__non-iid__global-dp__fedavg__clients-3__seed-44__nm0p01__clip5__rounds-20__epochs-5__planned_runs__fashion_mnist_cnn round=18 (checkpoint deleted)
2026-08-05 08:59:24 EVALUATED fashion-in-remove__non-iid__global-dp__fedavg__clients-3__seed-44__nm0p01__clip5__rounds-20__epochs-5__planned_runs__fashion_mnist_cnn round=19 (checkpoint deleted)
2026-08-05 08:59:29 EVALUATED fashion-in-remove__non-iid__global-dp__fedavg__clients-3__seed-44__nm0p01__clip5__rounds-20__epochs-5__planned_runs__fashion_mnist_cnn round=20 (checkpoint deleted)
2026-08-05 08:59:29 PROGRESS 6/9 (0 failed so far)
2026-08-05 08:59:29 START fashion-in-remove__non-iid__metric-privacy__fedavg__clients-3__seed-42__nm0p01__clip5__rounds-20__epochs-5__planned_runs__fashion_mnist_cnn 
2026-08-05 09:02:03 DONE  fashion-in-remove__non-iid__metric-privacy__fedavg__clients-3__seed-42__nm0p01__clip5__rounds-20__epochs-5__planned_runs__fashion_mnist_cnn (154.0s)
2026-08-05 09:02:08 EVALUATED fashion-in-remove__non-iid__metric-privacy__fedavg__clients-3__seed-42__nm0p01__clip5__rounds-20__epochs-5__planned_runs__fashion_mnist_cnn round=1 (checkpoint deleted)
2026-08-05 09:02:13 EVALUATED fashion-in-remove__non-iid__metric-privacy__fedavg__clients-3__seed-42__nm0p01__clip5__rounds-20__epochs-5__planned_runs__fashion_mnist_cnn round=2 (checkpoint deleted)
2026-08-05 09:02:17 EVALUATED fashion-in-remove__non-iid__metric-privacy__fedavg__clients-3__seed-42__nm0p01__clip5__rounds-20__epochs-5__planned_runs__fashion_mnist_cnn round=3 (checkpoint deleted)
2026-08-05 09:02:22 EVALUATED fashion-in-remove__non-iid__metric-privacy__fedavg__clients-3__seed-42__nm0p01__clip5__rounds-20__epochs-5__planned_runs__fashion_mnist_cnn round=4 (checkpoint deleted)
2026-08-05 09:02:27 EVALUATED fashion-in-remove__non-iid__metric-privacy__fedavg__clients-3__seed-42__nm0p01__clip5__rounds-20__epochs-5__planned_runs__fashion_mnist_cnn round=5 (checkpoint deleted)
2026-08-05 09:02:31 EVALUATED fashion-in-remove__non-iid__metric-privacy__fedavg__clients-3__seed-42__nm0p01__clip5__rounds-20__epochs-5__planned_runs__fashion_mnist_cnn round=6 (checkpoint deleted)
2026-08-05 09:02:36 EVALUATED fashion-in-remove__non-iid__metric-privacy__fedavg__clients-3__seed-42__nm0p01__clip5__rounds-20__epochs-5__planned_runs__fashion_mnist_cnn round=7 (checkpoint deleted)
2026-08-05 09:02:41 EVALUATED fashion-in-remove__non-iid__metric-privacy__fedavg__clients-3__seed-42__nm0p01__clip5__rounds-20__epochs-5__planned_runs__fashion_mnist_cnn round=8 (checkpoint deleted)
2026-08-05 09:02:46 EVALUATED fashion-in-remove__non-iid__metric-privacy__fedavg__clients-3__seed-42__nm0p01__clip5__rounds-20__epochs-5__planned_runs__fashion_mnist_cnn round=9 (checkpoint deleted)
2026-08-05 09:02:50 EVALUATED fashion-in-remove__non-iid__metric-privacy__fedavg__clients-3__seed-42__nm0p01__clip5__rounds-20__epochs-5__planned_runs__fashion_mnist_cnn round=10 (checkpoint deleted)
2026-08-05 09:02:55 EVALUATED fashion-in-remove__non-iid__metric-privacy__fedavg__clients-3__seed-42__nm0p01__clip5__rounds-20__epochs-5__planned_runs__fashion_mnist_cnn round=11 (checkpoint deleted)
2026-08-05 09:03:00 EVALUATED fashion-in-remove__non-iid__metric-privacy__fedavg__clients-3__seed-42__nm0p01__clip5__rounds-20__epochs-5__planned_runs__fashion_mnist_cnn round=12 (checkpoint deleted)
2026-08-05 09:03:04 EVALUATED fashion-in-remove__non-iid__metric-privacy__fedavg__clients-3__seed-42__nm0p01__clip5__rounds-20__epochs-5__planned_runs__fashion_mnist_cnn round=13 (checkpoint deleted)
2026-08-05 09:03:09 EVALUATED fashion-in-remove__non-iid__metric-privacy__fedavg__clients-3__seed-42__nm0p01__clip5__rounds-20__epochs-5__planned_runs__fashion_mnist_cnn round=14 (checkpoint deleted)
2026-08-05 09:03:14 EVALUATED fashion-in-remove__non-iid__metric-privacy__fedavg__clients-3__seed-42__nm0p01__clip5__rounds-20__epochs-5__planned_runs__fashion_mnist_cnn round=15 (checkpoint deleted)
2026-08-05 09:03:19 EVALUATED fashion-in-remove__non-iid__metric-privacy__fedavg__clients-3__seed-42__nm0p01__clip5__rounds-20__epochs-5__planned_runs__fashion_mnist_cnn round=16 (checkpoint deleted)
2026-08-05 09:03:23 EVALUATED fashion-in-remove__non-iid__metric-privacy__fedavg__clients-3__seed-42__nm0p01__clip5__rounds-20__epochs-5__planned_runs__fashion_mnist_cnn round=17 (checkpoint deleted)
2026-08-05 09:03:28 EVALUATED fashion-in-remove__non-iid__metric-privacy__fedavg__clients-3__seed-42__nm0p01__clip5__rounds-20__epochs-5__planned_runs__fashion_mnist_cnn round=18 (checkpoint deleted)
2026-08-05 09:03:33 EVALUATED fashion-in-remove__non-iid__metric-privacy__fedavg__clients-3__seed-42__nm0p01__clip5__rounds-20__epochs-5__planned_runs__fashion_mnist_cnn round=19 (checkpoint deleted)
2026-08-05 09:03:37 EVALUATED fashion-in-remove__non-iid__metric-privacy__fedavg__clients-3__seed-42__nm0p01__clip5__rounds-20__epochs-5__planned_runs__fashion_mnist_cnn round=20 (checkpoint deleted)
2026-08-05 09:03:37 PROGRESS 7/9 (0 failed so far)
2026-08-05 09:03:37 START fashion-in-remove__non-iid__metric-privacy__fedavg__clients-3__seed-43__nm0p01__clip5__rounds-20__epochs-5__planned_runs__fashion_mnist_cnn 
2026-08-05 09:06:12 DONE  fashion-in-remove__non-iid__metric-privacy__fedavg__clients-3__seed-43__nm0p01__clip5__rounds-20__epochs-5__planned_runs__fashion_mnist_cnn (154.2s)
2026-08-05 09:06:16 EVALUATED fashion-in-remove__non-iid__metric-privacy__fedavg__clients-3__seed-43__nm0p01__clip5__rounds-20__epochs-5__planned_runs__fashion_mnist_cnn round=1 (checkpoint deleted)
2026-08-05 09:06:21 EVALUATED fashion-in-remove__non-iid__metric-privacy__fedavg__clients-3__seed-43__nm0p01__clip5__rounds-20__epochs-5__planned_runs__fashion_mnist_cnn round=2 (checkpoint deleted)
2026-08-05 09:06:26 EVALUATED fashion-in-remove__non-iid__metric-privacy__fedavg__clients-3__seed-43__nm0p01__clip5__rounds-20__epochs-5__planned_runs__fashion_mnist_cnn round=3 (checkpoint deleted)
2026-08-05 09:06:30 EVALUATED fashion-in-remove__non-iid__metric-privacy__fedavg__clients-3__seed-43__nm0p01__clip5__rounds-20__epochs-5__planned_runs__fashion_mnist_cnn round=4 (checkpoint deleted)
2026-08-05 09:06:35 EVALUATED fashion-in-remove__non-iid__metric-privacy__fedavg__clients-3__seed-43__nm0p01__clip5__rounds-20__epochs-5__planned_runs__fashion_mnist_cnn round=5 (checkpoint deleted)
2026-08-05 09:06:40 EVALUATED fashion-in-remove__non-iid__metric-privacy__fedavg__clients-3__seed-43__nm0p01__clip5__rounds-20__epochs-5__planned_runs__fashion_mnist_cnn round=6 (checkpoint deleted)
2026-08-05 09:06:45 EVALUATED fashion-in-remove__non-iid__metric-privacy__fedavg__clients-3__seed-43__nm0p01__clip5__rounds-20__epochs-5__planned_runs__fashion_mnist_cnn round=7 (checkpoint deleted)
2026-08-05 09:06:49 EVALUATED fashion-in-remove__non-iid__metric-privacy__fedavg__clients-3__seed-43__nm0p01__clip5__rounds-20__epochs-5__planned_runs__fashion_mnist_cnn round=8 (checkpoint deleted)
2026-08-05 09:06:54 EVALUATED fashion-in-remove__non-iid__metric-privacy__fedavg__clients-3__seed-43__nm0p01__clip5__rounds-20__epochs-5__planned_runs__fashion_mnist_cnn round=9 (checkpoint deleted)
2026-08-05 09:06:59 EVALUATED fashion-in-remove__non-iid__metric-privacy__fedavg__clients-3__seed-43__nm0p01__clip5__rounds-20__epochs-5__planned_runs__fashion_mnist_cnn round=10 (checkpoint deleted)
2026-08-05 09:07:03 EVALUATED fashion-in-remove__non-iid__metric-privacy__fedavg__clients-3__seed-43__nm0p01__clip5__rounds-20__epochs-5__planned_runs__fashion_mnist_cnn round=11 (checkpoint deleted)
2026-08-05 09:07:08 EVALUATED fashion-in-remove__non-iid__metric-privacy__fedavg__clients-3__seed-43__nm0p01__clip5__rounds-20__epochs-5__planned_runs__fashion_mnist_cnn round=12 (checkpoint deleted)
2026-08-05 09:07:13 EVALUATED fashion-in-remove__non-iid__metric-privacy__fedavg__clients-3__seed-43__nm0p01__clip5__rounds-20__epochs-5__planned_runs__fashion_mnist_cnn round=13 (checkpoint deleted)
2026-08-05 09:07:18 EVALUATED fashion-in-remove__non-iid__metric-privacy__fedavg__clients-3__seed-43__nm0p01__clip5__rounds-20__epochs-5__planned_runs__fashion_mnist_cnn round=14 (checkpoint deleted)
2026-08-05 09:07:22 EVALUATED fashion-in-remove__non-iid__metric-privacy__fedavg__clients-3__seed-43__nm0p01__clip5__rounds-20__epochs-5__planned_runs__fashion_mnist_cnn round=15 (checkpoint deleted)
2026-08-05 09:07:27 EVALUATED fashion-in-remove__non-iid__metric-privacy__fedavg__clients-3__seed-43__nm0p01__clip5__rounds-20__epochs-5__planned_runs__fashion_mnist_cnn round=16 (checkpoint deleted)
2026-08-05 09:07:32 EVALUATED fashion-in-remove__non-iid__metric-privacy__fedavg__clients-3__seed-43__nm0p01__clip5__rounds-20__epochs-5__planned_runs__fashion_mnist_cnn round=17 (checkpoint deleted)
2026-08-05 09:07:36 EVALUATED fashion-in-remove__non-iid__metric-privacy__fedavg__clients-3__seed-43__nm0p01__clip5__rounds-20__epochs-5__planned_runs__fashion_mnist_cnn round=18 (checkpoint deleted)
2026-08-05 09:07:41 EVALUATED fashion-in-remove__non-iid__metric-privacy__fedavg__clients-3__seed-43__nm0p01__clip5__rounds-20__epochs-5__planned_runs__fashion_mnist_cnn round=19 (checkpoint deleted)
2026-08-05 09:07:46 EVALUATED fashion-in-remove__non-iid__metric-privacy__fedavg__clients-3__seed-43__nm0p01__clip5__rounds-20__epochs-5__planned_runs__fashion_mnist_cnn round=20 (checkpoint deleted)
2026-08-05 09:07:46 PROGRESS 8/9 (0 failed so far)
2026-08-05 09:07:46 START fashion-in-remove__non-iid__metric-privacy__fedavg__clients-3__seed-44__nm0p01__clip5__rounds-20__epochs-5__planned_runs__fashion_mnist_cnn 
2026-08-05 09:10:20 DONE  fashion-in-remove__non-iid__metric-privacy__fedavg__clients-3__seed-44__nm0p01__clip5__rounds-20__epochs-5__planned_runs__fashion_mnist_cnn (154.3s)
2026-08-05 09:10:25 EVALUATED fashion-in-remove__non-iid__metric-privacy__fedavg__clients-3__seed-44__nm0p01__clip5__rounds-20__epochs-5__planned_runs__fashion_mnist_cnn round=1 (checkpoint deleted)
2026-08-05 09:10:29 EVALUATED fashion-in-remove__non-iid__metric-privacy__fedavg__clients-3__seed-44__nm0p01__clip5__rounds-20__epochs-5__planned_runs__fashion_mnist_cnn round=2 (checkpoint deleted)
2026-08-05 09:10:34 EVALUATED fashion-in-remove__non-iid__metric-privacy__fedavg__clients-3__seed-44__nm0p01__clip5__rounds-20__epochs-5__planned_runs__fashion_mnist_cnn round=3 (checkpoint deleted)
2026-08-05 09:10:39 EVALUATED fashion-in-remove__non-iid__metric-privacy__fedavg__clients-3__seed-44__nm0p01__clip5__rounds-20__epochs-5__planned_runs__fashion_mnist_cnn round=4 (checkpoint deleted)
2026-08-05 09:10:44 EVALUATED fashion-in-remove__non-iid__metric-privacy__fedavg__clients-3__seed-44__nm0p01__clip5__rounds-20__epochs-5__planned_runs__fashion_mnist_cnn round=5 (checkpoint deleted)
2026-08-05 09:10:48 EVALUATED fashion-in-remove__non-iid__metric-privacy__fedavg__clients-3__seed-44__nm0p01__clip5__rounds-20__epochs-5__planned_runs__fashion_mnist_cnn round=6 (checkpoint deleted)
2026-08-05 09:10:53 EVALUATED fashion-in-remove__non-iid__metric-privacy__fedavg__clients-3__seed-44__nm0p01__clip5__rounds-20__epochs-5__planned_runs__fashion_mnist_cnn round=7 (checkpoint deleted)
2026-08-05 09:10:58 EVALUATED fashion-in-remove__non-iid__metric-privacy__fedavg__clients-3__seed-44__nm0p01__clip5__rounds-20__epochs-5__planned_runs__fashion_mnist_cnn round=8 (checkpoint deleted)
2026-08-05 09:11:03 EVALUATED fashion-in-remove__non-iid__metric-privacy__fedavg__clients-3__seed-44__nm0p01__clip5__rounds-20__epochs-5__planned_runs__fashion_mnist_cnn round=9 (checkpoint deleted)
2026-08-05 09:11:07 EVALUATED fashion-in-remove__non-iid__metric-privacy__fedavg__clients-3__seed-44__nm0p01__clip5__rounds-20__epochs-5__planned_runs__fashion_mnist_cnn round=10 (checkpoint deleted)
2026-08-05 09:11:12 EVALUATED fashion-in-remove__non-iid__metric-privacy__fedavg__clients-3__seed-44__nm0p01__clip5__rounds-20__epochs-5__planned_runs__fashion_mnist_cnn round=11 (checkpoint deleted)
2026-08-05 09:11:17 EVALUATED fashion-in-remove__non-iid__metric-privacy__fedavg__clients-3__seed-44__nm0p01__clip5__rounds-20__epochs-5__planned_runs__fashion_mnist_cnn round=12 (checkpoint deleted)
2026-08-05 09:11:21 EVALUATED fashion-in-remove__non-iid__metric-privacy__fedavg__clients-3__seed-44__nm0p01__clip5__rounds-20__epochs-5__planned_runs__fashion_mnist_cnn round=13 (checkpoint deleted)
2026-08-05 09:11:26 EVALUATED fashion-in-remove__non-iid__metric-privacy__fedavg__clients-3__seed-44__nm0p01__clip5__rounds-20__epochs-5__planned_runs__fashion_mnist_cnn round=14 (checkpoint deleted)
2026-08-05 09:11:31 EVALUATED fashion-in-remove__non-iid__metric-privacy__fedavg__clients-3__seed-44__nm0p01__clip5__rounds-20__epochs-5__planned_runs__fashion_mnist_cnn round=15 (checkpoint deleted)
2026-08-05 09:11:36 EVALUATED fashion-in-remove__non-iid__metric-privacy__fedavg__clients-3__seed-44__nm0p01__clip5__rounds-20__epochs-5__planned_runs__fashion_mnist_cnn round=16 (checkpoint deleted)
2026-08-05 09:11:40 EVALUATED fashion-in-remove__non-iid__metric-privacy__fedavg__clients-3__seed-44__nm0p01__clip5__rounds-20__epochs-5__planned_runs__fashion_mnist_cnn round=17 (checkpoint deleted)
2026-08-05 09:11:45 EVALUATED fashion-in-remove__non-iid__metric-privacy__fedavg__clients-3__seed-44__nm0p01__clip5__rounds-20__epochs-5__planned_runs__fashion_mnist_cnn round=18 (checkpoint deleted)
2026-08-05 09:11:50 EVALUATED fashion-in-remove__non-iid__metric-privacy__fedavg__clients-3__seed-44__nm0p01__clip5__rounds-20__epochs-5__planned_runs__fashion_mnist_cnn round=19 (checkpoint deleted)
2026-08-05 09:11:54 EVALUATED fashion-in-remove__non-iid__metric-privacy__fedavg__clients-3__seed-44__nm0p01__clip5__rounds-20__epochs-5__planned_runs__fashion_mnist_cnn round=20 (checkpoint deleted)
2026-08-05 09:11:54 PROGRESS 9/9 (0 failed so far)
2026-08-05 09:11:54 Sweep finished: 9/9 attempted, 0 failed
