2026-08-19 17:51:02 EuroSAT stage (global-dp, non-iid, seed=42, noise_ratio=0.0007730650439020523): 2 trajectories
2026-08-19 17:51:02 START eurosat-in-remove__non-iid__global-dp__fedavg__clients-48__seed-42__nm0p0371071__clip5__rounds-100__epochs-5__eurosat_remove__eurosat_cnn 
2026-08-19 18:10:55 DONE  eurosat-in-remove__non-iid__global-dp__fedavg__clients-48__seed-42__nm0p0371071__clip5__rounds-100__epochs-5__eurosat_remove__eurosat_cnn (1193.2s)
2026-08-19 18:10:56 EVALUATED eurosat-in-remove__non-iid__global-dp__fedavg__clients-48__seed-42__nm0p0371071__clip5__rounds-100__epochs-5__eurosat_remove__eurosat_cnn round=1 (checkpoint deleted)
2026-08-19 18:10:58 EVALUATED eurosat-in-remove__non-iid__global-dp__fedavg__clients-48__seed-42__nm0p0371071__clip5__rounds-100__epochs-5__eurosat_remove__eurosat_cnn round=10 (checkpoint deleted)
2026-08-19 18:10:59 EVALUATED eurosat-in-remove__non-iid__global-dp__fedavg__clients-48__seed-42__nm0p0371071__clip5__rounds-100__epochs-5__eurosat_remove__eurosat_cnn round=20 (checkpoint deleted)
2026-08-19 18:11:01 EVALUATED eurosat-in-remove__non-iid__global-dp__fedavg__clients-48__seed-42__nm0p0371071__clip5__rounds-100__epochs-5__eurosat_remove__eurosat_cnn round=30 (checkpoint deleted)
2026-08-19 18:11:02 EVALUATED eurosat-in-remove__non-iid__global-dp__fedavg__clients-48__seed-42__nm0p0371071__clip5__rounds-100__epochs-5__eurosat_remove__eurosat_cnn round=40 (checkpoint deleted)
2026-08-19 18:11:03 EVALUATED eurosat-in-remove__non-iid__global-dp__fedavg__clients-48__seed-42__nm0p0371071__clip5__rounds-100__epochs-5__eurosat_remove__eurosat_cnn round=50 (checkpoint deleted)
2026-08-19 18:11:05 EVALUATED eurosat-in-remove__non-iid__global-dp__fedavg__clients-48__seed-42__nm0p0371071__clip5__rounds-100__epochs-5__eurosat_remove__eurosat_cnn round=60 (checkpoint deleted)
2026-08-19 18:11:06 EVALUATED eurosat-in-remove__non-iid__global-dp__fedavg__clients-48__seed-42__nm0p0371071__clip5__rounds-100__epochs-5__eurosat_remove__eurosat_cnn round=70 (checkpoint deleted)
2026-08-19 18:11:07 EVALUATED eurosat-in-remove__non-iid__global-dp__fedavg__clients-48__seed-42__nm0p0371071__clip5__rounds-100__epochs-5__eurosat_remove__eurosat_cnn round=80 (checkpoint deleted)
2026-08-19 18:11:09 EVALUATED eurosat-in-remove__non-iid__global-dp__fedavg__clients-48__seed-42__nm0p0371071__clip5__rounds-100__epochs-5__eurosat_remove__eurosat_cnn round=90 (checkpoint deleted)
2026-08-19 18:11:10 EVALUATED eurosat-in-remove__non-iid__global-dp__fedavg__clients-48__seed-42__nm0p0371071__clip5__rounds-100__epochs-5__eurosat_remove__eurosat_cnn round=100 (checkpoint deleted)
2026-08-19 18:11:10 PROGRESS 1/2 (0 failed so far)
2026-08-19 18:11:10 START eurosat-out-remove__non-iid__global-dp__fedavg__clients-47__seed-42__nm0p0363341__clip5__rounds-100__epochs-5__eurosat_remove__eurosat_cnn 
2026-08-19 18:30:24 DONE  eurosat-out-remove__non-iid__global-dp__fedavg__clients-47__seed-42__nm0p0363341__clip5__rounds-100__epochs-5__eurosat_remove__eurosat_cnn (1154.1s)
2026-08-19 18:30:26 EVALUATED eurosat-out-remove__non-iid__global-dp__fedavg__clients-47__seed-42__nm0p0363341__clip5__rounds-100__epochs-5__eurosat_remove__eurosat_cnn round=1 (checkpoint deleted)
2026-08-19 18:30:27 EVALUATED eurosat-out-remove__non-iid__global-dp__fedavg__clients-47__seed-42__nm0p0363341__clip5__rounds-100__epochs-5__eurosat_remove__eurosat_cnn round=10 (checkpoint deleted)
2026-08-19 18:30:29 EVALUATED eurosat-out-remove__non-iid__global-dp__fedavg__clients-47__seed-42__nm0p0363341__clip5__rounds-100__epochs-5__eurosat_remove__eurosat_cnn round=20 (checkpoint deleted)
2026-08-19 18:30:30 EVALUATED eurosat-out-remove__non-iid__global-dp__fedavg__clients-47__seed-42__nm0p0363341__clip5__rounds-100__epochs-5__eurosat_remove__eurosat_cnn round=30 (checkpoint deleted)
2026-08-19 18:30:31 EVALUATED eurosat-out-remove__non-iid__global-dp__fedavg__clients-47__seed-42__nm0p0363341__clip5__rounds-100__epochs-5__eurosat_remove__eurosat_cnn round=40 (checkpoint deleted)
2026-08-19 18:30:33 EVALUATED eurosat-out-remove__non-iid__global-dp__fedavg__clients-47__seed-42__nm0p0363341__clip5__rounds-100__epochs-5__eurosat_remove__eurosat_cnn round=50 (checkpoint deleted)
2026-08-19 18:30:34 EVALUATED eurosat-out-remove__non-iid__global-dp__fedavg__clients-47__seed-42__nm0p0363341__clip5__rounds-100__epochs-5__eurosat_remove__eurosat_cnn round=60 (checkpoint deleted)
2026-08-19 18:30:36 EVALUATED eurosat-out-remove__non-iid__global-dp__fedavg__clients-47__seed-42__nm0p0363341__clip5__rounds-100__epochs-5__eurosat_remove__eurosat_cnn round=70 (checkpoint deleted)
2026-08-19 18:30:37 EVALUATED eurosat-out-remove__non-iid__global-dp__fedavg__clients-47__seed-42__nm0p0363341__clip5__rounds-100__epochs-5__eurosat_remove__eurosat_cnn round=80 (checkpoint deleted)
2026-08-19 18:30:38 EVALUATED eurosat-out-remove__non-iid__global-dp__fedavg__clients-47__seed-42__nm0p0363341__clip5__rounds-100__epochs-5__eurosat_remove__eurosat_cnn round=90 (checkpoint deleted)
2026-08-19 18:30:40 EVALUATED eurosat-out-remove__non-iid__global-dp__fedavg__clients-47__seed-42__nm0p0363341__clip5__rounds-100__epochs-5__eurosat_remove__eurosat_cnn round=100 (checkpoint deleted)
2026-08-19 18:30:40 PROGRESS 2/2 (0 failed so far)
2026-08-19 18:30:40 Sweep finished: 2/2 attempted, 0 failed
2026-08-19 18:30:40 EuroSAT stage (global-dp, non-iid, seed=42, noise_ratio=0.0007730650439020523): 2 trajectories
2026-08-19 18:30:40 SKIP  2 combinations (attack results already exist)
2026-08-19 18:30:40 Sweep finished: 2/2 attempted, 0 failed
