2026-08-05 10:02:47 Starting cifar-out-remove: 9 trajectories
2026-08-05 10:02:47 START cifar-out-remove__non-iid__vanilla__fedavg__clients-2__seed-42__nm0p01__clip5__rounds-20__epochs-5__planned_runs__cifar10_cnn 
2026-08-05 10:05:08 DONE  cifar-out-remove__non-iid__vanilla__fedavg__clients-2__seed-42__nm0p01__clip5__rounds-20__epochs-5__planned_runs__cifar10_cnn (141.1s)
2026-08-05 10:05:16 EVALUATED cifar-out-remove__non-iid__vanilla__fedavg__clients-2__seed-42__nm0p01__clip5__rounds-20__epochs-5__planned_runs__cifar10_cnn round=1 (checkpoint deleted)
2026-08-05 10:05:20 EVALUATED cifar-out-remove__non-iid__vanilla__fedavg__clients-2__seed-42__nm0p01__clip5__rounds-20__epochs-5__planned_runs__cifar10_cnn round=2 (checkpoint deleted)
2026-08-05 10:05:25 EVALUATED cifar-out-remove__non-iid__vanilla__fedavg__clients-2__seed-42__nm0p01__clip5__rounds-20__epochs-5__planned_runs__cifar10_cnn round=3 (checkpoint deleted)
2026-08-05 10:05:29 EVALUATED cifar-out-remove__non-iid__vanilla__fedavg__clients-2__seed-42__nm0p01__clip5__rounds-20__epochs-5__planned_runs__cifar10_cnn round=4 (checkpoint deleted)
2026-08-05 10:05:33 EVALUATED cifar-out-remove__non-iid__vanilla__fedavg__clients-2__seed-42__nm0p01__clip5__rounds-20__epochs-5__planned_runs__cifar10_cnn round=5 (checkpoint deleted)
2026-08-05 10:05:38 EVALUATED cifar-out-remove__non-iid__vanilla__fedavg__clients-2__seed-42__nm0p01__clip5__rounds-20__epochs-5__planned_runs__cifar10_cnn round=6 (checkpoint deleted)
2026-08-05 10:05:42 EVALUATED cifar-out-remove__non-iid__vanilla__fedavg__clients-2__seed-42__nm0p01__clip5__rounds-20__epochs-5__planned_runs__cifar10_cnn round=7 (checkpoint deleted)
2026-08-05 10:05:47 EVALUATED cifar-out-remove__non-iid__vanilla__fedavg__clients-2__seed-42__nm0p01__clip5__rounds-20__epochs-5__planned_runs__cifar10_cnn round=8 (checkpoint deleted)
2026-08-05 10:05:51 EVALUATED cifar-out-remove__non-iid__vanilla__fedavg__clients-2__seed-42__nm0p01__clip5__rounds-20__epochs-5__planned_runs__cifar10_cnn round=9 (checkpoint deleted)
2026-08-05 10:05:56 EVALUATED cifar-out-remove__non-iid__vanilla__fedavg__clients-2__seed-42__nm0p01__clip5__rounds-20__epochs-5__planned_runs__cifar10_cnn round=10 (checkpoint deleted)
2026-08-05 10:06:00 EVALUATED cifar-out-remove__non-iid__vanilla__fedavg__clients-2__seed-42__nm0p01__clip5__rounds-20__epochs-5__planned_runs__cifar10_cnn round=11 (checkpoint deleted)
2026-08-05 10:06:04 EVALUATED cifar-out-remove__non-iid__vanilla__fedavg__clients-2__seed-42__nm0p01__clip5__rounds-20__epochs-5__planned_runs__cifar10_cnn round=12 (checkpoint deleted)
2026-08-05 10:06:09 EVALUATED cifar-out-remove__non-iid__vanilla__fedavg__clients-2__seed-42__nm0p01__clip5__rounds-20__epochs-5__planned_runs__cifar10_cnn round=13 (checkpoint deleted)
2026-08-05 10:06:13 EVALUATED cifar-out-remove__non-iid__vanilla__fedavg__clients-2__seed-42__nm0p01__clip5__rounds-20__epochs-5__planned_runs__cifar10_cnn round=14 (checkpoint deleted)
2026-08-05 10:06:18 EVALUATED cifar-out-remove__non-iid__vanilla__fedavg__clients-2__seed-42__nm0p01__clip5__rounds-20__epochs-5__planned_runs__cifar10_cnn round=15 (checkpoint deleted)
2026-08-05 10:06:22 EVALUATED cifar-out-remove__non-iid__vanilla__fedavg__clients-2__seed-42__nm0p01__clip5__rounds-20__epochs-5__planned_runs__cifar10_cnn round=16 (checkpoint deleted)
2026-08-05 10:06:27 EVALUATED cifar-out-remove__non-iid__vanilla__fedavg__clients-2__seed-42__nm0p01__clip5__rounds-20__epochs-5__planned_runs__cifar10_cnn round=17 (checkpoint deleted)
2026-08-05 10:06:31 EVALUATED cifar-out-remove__non-iid__vanilla__fedavg__clients-2__seed-42__nm0p01__clip5__rounds-20__epochs-5__planned_runs__cifar10_cnn round=18 (checkpoint deleted)
2026-08-05 10:06:35 EVALUATED cifar-out-remove__non-iid__vanilla__fedavg__clients-2__seed-42__nm0p01__clip5__rounds-20__epochs-5__planned_runs__cifar10_cnn round=19 (checkpoint deleted)
2026-08-05 10:06:40 EVALUATED cifar-out-remove__non-iid__vanilla__fedavg__clients-2__seed-42__nm0p01__clip5__rounds-20__epochs-5__planned_runs__cifar10_cnn round=20 (checkpoint deleted)
2026-08-05 10:06:40 PROGRESS 1/9 (0 failed so far)
2026-08-05 10:06:40 START cifar-out-remove__non-iid__vanilla__fedavg__clients-2__seed-43__nm0p01__clip5__rounds-20__epochs-5__planned_runs__cifar10_cnn 
2026-08-05 10:09:01 DONE  cifar-out-remove__non-iid__vanilla__fedavg__clients-2__seed-43__nm0p01__clip5__rounds-20__epochs-5__planned_runs__cifar10_cnn (141.0s)
2026-08-05 10:09:05 EVALUATED cifar-out-remove__non-iid__vanilla__fedavg__clients-2__seed-43__nm0p01__clip5__rounds-20__epochs-5__planned_runs__cifar10_cnn round=1 (checkpoint deleted)
2026-08-05 10:09:10 EVALUATED cifar-out-remove__non-iid__vanilla__fedavg__clients-2__seed-43__nm0p01__clip5__rounds-20__epochs-5__planned_runs__cifar10_cnn round=2 (checkpoint deleted)
2026-08-05 10:09:14 EVALUATED cifar-out-remove__non-iid__vanilla__fedavg__clients-2__seed-43__nm0p01__clip5__rounds-20__epochs-5__planned_runs__cifar10_cnn round=3 (checkpoint deleted)
2026-08-05 10:09:19 EVALUATED cifar-out-remove__non-iid__vanilla__fedavg__clients-2__seed-43__nm0p01__clip5__rounds-20__epochs-5__planned_runs__cifar10_cnn round=4 (checkpoint deleted)
2026-08-05 10:09:23 EVALUATED cifar-out-remove__non-iid__vanilla__fedavg__clients-2__seed-43__nm0p01__clip5__rounds-20__epochs-5__planned_runs__cifar10_cnn round=5 (checkpoint deleted)
2026-08-05 10:09:28 EVALUATED cifar-out-remove__non-iid__vanilla__fedavg__clients-2__seed-43__nm0p01__clip5__rounds-20__epochs-5__planned_runs__cifar10_cnn round=6 (checkpoint deleted)
2026-08-05 10:09:32 EVALUATED cifar-out-remove__non-iid__vanilla__fedavg__clients-2__seed-43__nm0p01__clip5__rounds-20__epochs-5__planned_runs__cifar10_cnn round=7 (checkpoint deleted)
2026-08-05 10:09:37 EVALUATED cifar-out-remove__non-iid__vanilla__fedavg__clients-2__seed-43__nm0p01__clip5__rounds-20__epochs-5__planned_runs__cifar10_cnn round=8 (checkpoint deleted)
2026-08-05 10:09:41 EVALUATED cifar-out-remove__non-iid__vanilla__fedavg__clients-2__seed-43__nm0p01__clip5__rounds-20__epochs-5__planned_runs__cifar10_cnn round=9 (checkpoint deleted)
2026-08-05 10:09:46 EVALUATED cifar-out-remove__non-iid__vanilla__fedavg__clients-2__seed-43__nm0p01__clip5__rounds-20__epochs-5__planned_runs__cifar10_cnn round=10 (checkpoint deleted)
2026-08-05 10:09:50 EVALUATED cifar-out-remove__non-iid__vanilla__fedavg__clients-2__seed-43__nm0p01__clip5__rounds-20__epochs-5__planned_runs__cifar10_cnn round=11 (checkpoint deleted)
2026-08-05 10:09:55 EVALUATED cifar-out-remove__non-iid__vanilla__fedavg__clients-2__seed-43__nm0p01__clip5__rounds-20__epochs-5__planned_runs__cifar10_cnn round=12 (checkpoint deleted)
2026-08-05 10:09:59 EVALUATED cifar-out-remove__non-iid__vanilla__fedavg__clients-2__seed-43__nm0p01__clip5__rounds-20__epochs-5__planned_runs__cifar10_cnn round=13 (checkpoint deleted)
2026-08-05 10:10:03 EVALUATED cifar-out-remove__non-iid__vanilla__fedavg__clients-2__seed-43__nm0p01__clip5__rounds-20__epochs-5__planned_runs__cifar10_cnn round=14 (checkpoint deleted)
2026-08-05 10:10:08 EVALUATED cifar-out-remove__non-iid__vanilla__fedavg__clients-2__seed-43__nm0p01__clip5__rounds-20__epochs-5__planned_runs__cifar10_cnn round=15 (checkpoint deleted)
2026-08-05 10:10:12 EVALUATED cifar-out-remove__non-iid__vanilla__fedavg__clients-2__seed-43__nm0p01__clip5__rounds-20__epochs-5__planned_runs__cifar10_cnn round=16 (checkpoint deleted)
2026-08-05 10:10:17 EVALUATED cifar-out-remove__non-iid__vanilla__fedavg__clients-2__seed-43__nm0p01__clip5__rounds-20__epochs-5__planned_runs__cifar10_cnn round=17 (checkpoint deleted)
2026-08-05 10:10:21 EVALUATED cifar-out-remove__non-iid__vanilla__fedavg__clients-2__seed-43__nm0p01__clip5__rounds-20__epochs-5__planned_runs__cifar10_cnn round=18 (checkpoint deleted)
2026-08-05 10:10:26 EVALUATED cifar-out-remove__non-iid__vanilla__fedavg__clients-2__seed-43__nm0p01__clip5__rounds-20__epochs-5__planned_runs__cifar10_cnn round=19 (checkpoint deleted)
2026-08-05 10:10:30 EVALUATED cifar-out-remove__non-iid__vanilla__fedavg__clients-2__seed-43__nm0p01__clip5__rounds-20__epochs-5__planned_runs__cifar10_cnn round=20 (checkpoint deleted)
2026-08-05 10:10:30 PROGRESS 2/9 (0 failed so far)
2026-08-05 10:10:30 START cifar-out-remove__non-iid__vanilla__fedavg__clients-2__seed-44__nm0p01__clip5__rounds-20__epochs-5__planned_runs__cifar10_cnn 
2026-08-05 10:12:52 DONE  cifar-out-remove__non-iid__vanilla__fedavg__clients-2__seed-44__nm0p01__clip5__rounds-20__epochs-5__planned_runs__cifar10_cnn (141.8s)
2026-08-05 10:12:57 EVALUATED cifar-out-remove__non-iid__vanilla__fedavg__clients-2__seed-44__nm0p01__clip5__rounds-20__epochs-5__planned_runs__cifar10_cnn round=1 (checkpoint deleted)
2026-08-05 10:13:01 EVALUATED cifar-out-remove__non-iid__vanilla__fedavg__clients-2__seed-44__nm0p01__clip5__rounds-20__epochs-5__planned_runs__cifar10_cnn round=2 (checkpoint deleted)
2026-08-05 10:13:06 EVALUATED cifar-out-remove__non-iid__vanilla__fedavg__clients-2__seed-44__nm0p01__clip5__rounds-20__epochs-5__planned_runs__cifar10_cnn round=3 (checkpoint deleted)
2026-08-05 10:13:10 EVALUATED cifar-out-remove__non-iid__vanilla__fedavg__clients-2__seed-44__nm0p01__clip5__rounds-20__epochs-5__planned_runs__cifar10_cnn round=4 (checkpoint deleted)
2026-08-05 10:13:14 EVALUATED cifar-out-remove__non-iid__vanilla__fedavg__clients-2__seed-44__nm0p01__clip5__rounds-20__epochs-5__planned_runs__cifar10_cnn round=5 (checkpoint deleted)
2026-08-05 10:13:19 EVALUATED cifar-out-remove__non-iid__vanilla__fedavg__clients-2__seed-44__nm0p01__clip5__rounds-20__epochs-5__planned_runs__cifar10_cnn round=6 (checkpoint deleted)
2026-08-05 10:13:23 EVALUATED cifar-out-remove__non-iid__vanilla__fedavg__clients-2__seed-44__nm0p01__clip5__rounds-20__epochs-5__planned_runs__cifar10_cnn round=7 (checkpoint deleted)
2026-08-05 10:13:28 EVALUATED cifar-out-remove__non-iid__vanilla__fedavg__clients-2__seed-44__nm0p01__clip5__rounds-20__epochs-5__planned_runs__cifar10_cnn round=8 (checkpoint deleted)
2026-08-05 10:13:32 EVALUATED cifar-out-remove__non-iid__vanilla__fedavg__clients-2__seed-44__nm0p01__clip5__rounds-20__epochs-5__planned_runs__cifar10_cnn round=9 (checkpoint deleted)
2026-08-05 10:13:37 EVALUATED cifar-out-remove__non-iid__vanilla__fedavg__clients-2__seed-44__nm0p01__clip5__rounds-20__epochs-5__planned_runs__cifar10_cnn round=10 (checkpoint deleted)
2026-08-05 10:13:41 EVALUATED cifar-out-remove__non-iid__vanilla__fedavg__clients-2__seed-44__nm0p01__clip5__rounds-20__epochs-5__planned_runs__cifar10_cnn round=11 (checkpoint deleted)
2026-08-05 10:13:46 EVALUATED cifar-out-remove__non-iid__vanilla__fedavg__clients-2__seed-44__nm0p01__clip5__rounds-20__epochs-5__planned_runs__cifar10_cnn round=12 (checkpoint deleted)
2026-08-05 10:13:50 EVALUATED cifar-out-remove__non-iid__vanilla__fedavg__clients-2__seed-44__nm0p01__clip5__rounds-20__epochs-5__planned_runs__cifar10_cnn round=13 (checkpoint deleted)
2026-08-05 10:13:54 EVALUATED cifar-out-remove__non-iid__vanilla__fedavg__clients-2__seed-44__nm0p01__clip5__rounds-20__epochs-5__planned_runs__cifar10_cnn round=14 (checkpoint deleted)
2026-08-05 10:13:59 EVALUATED cifar-out-remove__non-iid__vanilla__fedavg__clients-2__seed-44__nm0p01__clip5__rounds-20__epochs-5__planned_runs__cifar10_cnn round=15 (checkpoint deleted)
2026-08-05 10:14:03 EVALUATED cifar-out-remove__non-iid__vanilla__fedavg__clients-2__seed-44__nm0p01__clip5__rounds-20__epochs-5__planned_runs__cifar10_cnn round=16 (checkpoint deleted)
2026-08-05 10:14:08 EVALUATED cifar-out-remove__non-iid__vanilla__fedavg__clients-2__seed-44__nm0p01__clip5__rounds-20__epochs-5__planned_runs__cifar10_cnn round=17 (checkpoint deleted)
2026-08-05 10:14:12 EVALUATED cifar-out-remove__non-iid__vanilla__fedavg__clients-2__seed-44__nm0p01__clip5__rounds-20__epochs-5__planned_runs__cifar10_cnn round=18 (checkpoint deleted)
2026-08-05 10:14:17 EVALUATED cifar-out-remove__non-iid__vanilla__fedavg__clients-2__seed-44__nm0p01__clip5__rounds-20__epochs-5__planned_runs__cifar10_cnn round=19 (checkpoint deleted)
2026-08-05 10:14:21 EVALUATED cifar-out-remove__non-iid__vanilla__fedavg__clients-2__seed-44__nm0p01__clip5__rounds-20__epochs-5__planned_runs__cifar10_cnn round=20 (checkpoint deleted)
2026-08-05 10:14:21 PROGRESS 3/9 (0 failed so far)
2026-08-05 10:14:21 START cifar-out-remove__non-iid__global-dp__fedavg__clients-2__seed-42__nm0p01__clip5__rounds-20__epochs-5__planned_runs__cifar10_cnn 
2026-08-05 10:16:43 DONE  cifar-out-remove__non-iid__global-dp__fedavg__clients-2__seed-42__nm0p01__clip5__rounds-20__epochs-5__planned_runs__cifar10_cnn (142.0s)
2026-08-05 10:16:48 EVALUATED cifar-out-remove__non-iid__global-dp__fedavg__clients-2__seed-42__nm0p01__clip5__rounds-20__epochs-5__planned_runs__cifar10_cnn round=1 (checkpoint deleted)
2026-08-05 10:16:52 EVALUATED cifar-out-remove__non-iid__global-dp__fedavg__clients-2__seed-42__nm0p01__clip5__rounds-20__epochs-5__planned_runs__cifar10_cnn round=2 (checkpoint deleted)
2026-08-05 10:16:57 EVALUATED cifar-out-remove__non-iid__global-dp__fedavg__clients-2__seed-42__nm0p01__clip5__rounds-20__epochs-5__planned_runs__cifar10_cnn round=3 (checkpoint deleted)
2026-08-05 10:17:01 EVALUATED cifar-out-remove__non-iid__global-dp__fedavg__clients-2__seed-42__nm0p01__clip5__rounds-20__epochs-5__planned_runs__cifar10_cnn round=4 (checkpoint deleted)
2026-08-05 10:17:05 EVALUATED cifar-out-remove__non-iid__global-dp__fedavg__clients-2__seed-42__nm0p01__clip5__rounds-20__epochs-5__planned_runs__cifar10_cnn round=5 (checkpoint deleted)
2026-08-05 10:17:10 EVALUATED cifar-out-remove__non-iid__global-dp__fedavg__clients-2__seed-42__nm0p01__clip5__rounds-20__epochs-5__planned_runs__cifar10_cnn round=6 (checkpoint deleted)
2026-08-05 10:17:14 EVALUATED cifar-out-remove__non-iid__global-dp__fedavg__clients-2__seed-42__nm0p01__clip5__rounds-20__epochs-5__planned_runs__cifar10_cnn round=7 (checkpoint deleted)
2026-08-05 10:17:19 EVALUATED cifar-out-remove__non-iid__global-dp__fedavg__clients-2__seed-42__nm0p01__clip5__rounds-20__epochs-5__planned_runs__cifar10_cnn round=8 (checkpoint deleted)
2026-08-05 10:17:23 EVALUATED cifar-out-remove__non-iid__global-dp__fedavg__clients-2__seed-42__nm0p01__clip5__rounds-20__epochs-5__planned_runs__cifar10_cnn round=9 (checkpoint deleted)
2026-08-05 10:17:28 EVALUATED cifar-out-remove__non-iid__global-dp__fedavg__clients-2__seed-42__nm0p01__clip5__rounds-20__epochs-5__planned_runs__cifar10_cnn round=10 (checkpoint deleted)
2026-08-05 10:17:32 EVALUATED cifar-out-remove__non-iid__global-dp__fedavg__clients-2__seed-42__nm0p01__clip5__rounds-20__epochs-5__planned_runs__cifar10_cnn round=11 (checkpoint deleted)
2026-08-05 10:17:37 EVALUATED cifar-out-remove__non-iid__global-dp__fedavg__clients-2__seed-42__nm0p01__clip5__rounds-20__epochs-5__planned_runs__cifar10_cnn round=12 (checkpoint deleted)
2026-08-05 10:17:41 EVALUATED cifar-out-remove__non-iid__global-dp__fedavg__clients-2__seed-42__nm0p01__clip5__rounds-20__epochs-5__planned_runs__cifar10_cnn round=13 (checkpoint deleted)
2026-08-05 10:17:46 EVALUATED cifar-out-remove__non-iid__global-dp__fedavg__clients-2__seed-42__nm0p01__clip5__rounds-20__epochs-5__planned_runs__cifar10_cnn round=14 (checkpoint deleted)
2026-08-05 10:17:50 EVALUATED cifar-out-remove__non-iid__global-dp__fedavg__clients-2__seed-42__nm0p01__clip5__rounds-20__epochs-5__planned_runs__cifar10_cnn round=15 (checkpoint deleted)
2026-08-05 10:17:55 EVALUATED cifar-out-remove__non-iid__global-dp__fedavg__clients-2__seed-42__nm0p01__clip5__rounds-20__epochs-5__planned_runs__cifar10_cnn round=16 (checkpoint deleted)
2026-08-05 10:17:59 EVALUATED cifar-out-remove__non-iid__global-dp__fedavg__clients-2__seed-42__nm0p01__clip5__rounds-20__epochs-5__planned_runs__cifar10_cnn round=17 (checkpoint deleted)
2026-08-05 10:18:04 EVALUATED cifar-out-remove__non-iid__global-dp__fedavg__clients-2__seed-42__nm0p01__clip5__rounds-20__epochs-5__planned_runs__cifar10_cnn round=18 (checkpoint deleted)
2026-08-05 10:18:08 EVALUATED cifar-out-remove__non-iid__global-dp__fedavg__clients-2__seed-42__nm0p01__clip5__rounds-20__epochs-5__planned_runs__cifar10_cnn round=19 (checkpoint deleted)
2026-08-05 10:18:12 EVALUATED cifar-out-remove__non-iid__global-dp__fedavg__clients-2__seed-42__nm0p01__clip5__rounds-20__epochs-5__planned_runs__cifar10_cnn round=20 (checkpoint deleted)
2026-08-05 10:18:12 PROGRESS 4/9 (0 failed so far)
2026-08-05 10:18:12 START cifar-out-remove__non-iid__global-dp__fedavg__clients-2__seed-43__nm0p01__clip5__rounds-20__epochs-5__planned_runs__cifar10_cnn 
2026-08-05 10:20:35 DONE  cifar-out-remove__non-iid__global-dp__fedavg__clients-2__seed-43__nm0p01__clip5__rounds-20__epochs-5__planned_runs__cifar10_cnn (142.8s)
2026-08-05 10:20:40 EVALUATED cifar-out-remove__non-iid__global-dp__fedavg__clients-2__seed-43__nm0p01__clip5__rounds-20__epochs-5__planned_runs__cifar10_cnn round=1 (checkpoint deleted)
2026-08-05 10:20:44 EVALUATED cifar-out-remove__non-iid__global-dp__fedavg__clients-2__seed-43__nm0p01__clip5__rounds-20__epochs-5__planned_runs__cifar10_cnn round=2 (checkpoint deleted)
2026-08-05 10:20:49 EVALUATED cifar-out-remove__non-iid__global-dp__fedavg__clients-2__seed-43__nm0p01__clip5__rounds-20__epochs-5__planned_runs__cifar10_cnn round=3 (checkpoint deleted)
2026-08-05 10:20:53 EVALUATED cifar-out-remove__non-iid__global-dp__fedavg__clients-2__seed-43__nm0p01__clip5__rounds-20__epochs-5__planned_runs__cifar10_cnn round=4 (checkpoint deleted)
2026-08-05 10:20:58 EVALUATED cifar-out-remove__non-iid__global-dp__fedavg__clients-2__seed-43__nm0p01__clip5__rounds-20__epochs-5__planned_runs__cifar10_cnn round=5 (checkpoint deleted)
2026-08-05 10:21:02 EVALUATED cifar-out-remove__non-iid__global-dp__fedavg__clients-2__seed-43__nm0p01__clip5__rounds-20__epochs-5__planned_runs__cifar10_cnn round=6 (checkpoint deleted)
2026-08-05 10:21:07 EVALUATED cifar-out-remove__non-iid__global-dp__fedavg__clients-2__seed-43__nm0p01__clip5__rounds-20__epochs-5__planned_runs__cifar10_cnn round=7 (checkpoint deleted)
2026-08-05 10:21:11 EVALUATED cifar-out-remove__non-iid__global-dp__fedavg__clients-2__seed-43__nm0p01__clip5__rounds-20__epochs-5__planned_runs__cifar10_cnn round=8 (checkpoint deleted)
2026-08-05 10:21:16 EVALUATED cifar-out-remove__non-iid__global-dp__fedavg__clients-2__seed-43__nm0p01__clip5__rounds-20__epochs-5__planned_runs__cifar10_cnn round=9 (checkpoint deleted)
2026-08-05 10:21:20 EVALUATED cifar-out-remove__non-iid__global-dp__fedavg__clients-2__seed-43__nm0p01__clip5__rounds-20__epochs-5__planned_runs__cifar10_cnn round=10 (checkpoint deleted)
2026-08-05 10:21:25 EVALUATED cifar-out-remove__non-iid__global-dp__fedavg__clients-2__seed-43__nm0p01__clip5__rounds-20__epochs-5__planned_runs__cifar10_cnn round=11 (checkpoint deleted)
2026-08-05 10:21:29 EVALUATED cifar-out-remove__non-iid__global-dp__fedavg__clients-2__seed-43__nm0p01__clip5__rounds-20__epochs-5__planned_runs__cifar10_cnn round=12 (checkpoint deleted)
2026-08-05 10:21:34 EVALUATED cifar-out-remove__non-iid__global-dp__fedavg__clients-2__seed-43__nm0p01__clip5__rounds-20__epochs-5__planned_runs__cifar10_cnn round=13 (checkpoint deleted)
2026-08-05 10:21:38 EVALUATED cifar-out-remove__non-iid__global-dp__fedavg__clients-2__seed-43__nm0p01__clip5__rounds-20__epochs-5__planned_runs__cifar10_cnn round=14 (checkpoint deleted)
2026-08-05 10:21:42 EVALUATED cifar-out-remove__non-iid__global-dp__fedavg__clients-2__seed-43__nm0p01__clip5__rounds-20__epochs-5__planned_runs__cifar10_cnn round=15 (checkpoint deleted)
2026-08-05 10:21:47 EVALUATED cifar-out-remove__non-iid__global-dp__fedavg__clients-2__seed-43__nm0p01__clip5__rounds-20__epochs-5__planned_runs__cifar10_cnn round=16 (checkpoint deleted)
2026-08-05 10:21:51 EVALUATED cifar-out-remove__non-iid__global-dp__fedavg__clients-2__seed-43__nm0p01__clip5__rounds-20__epochs-5__planned_runs__cifar10_cnn round=17 (checkpoint deleted)
2026-08-05 10:21:56 EVALUATED cifar-out-remove__non-iid__global-dp__fedavg__clients-2__seed-43__nm0p01__clip5__rounds-20__epochs-5__planned_runs__cifar10_cnn round=18 (checkpoint deleted)
2026-08-05 10:22:00 EVALUATED cifar-out-remove__non-iid__global-dp__fedavg__clients-2__seed-43__nm0p01__clip5__rounds-20__epochs-5__planned_runs__cifar10_cnn round=19 (checkpoint deleted)
2026-08-05 10:22:05 EVALUATED cifar-out-remove__non-iid__global-dp__fedavg__clients-2__seed-43__nm0p01__clip5__rounds-20__epochs-5__planned_runs__cifar10_cnn round=20 (checkpoint deleted)
2026-08-05 10:22:05 PROGRESS 5/9 (0 failed so far)
2026-08-05 10:22:05 START cifar-out-remove__non-iid__global-dp__fedavg__clients-2__seed-44__nm0p01__clip5__rounds-20__epochs-5__planned_runs__cifar10_cnn 
2026-08-05 10:24:27 DONE  cifar-out-remove__non-iid__global-dp__fedavg__clients-2__seed-44__nm0p01__clip5__rounds-20__epochs-5__planned_runs__cifar10_cnn (142.2s)
2026-08-05 10:24:31 EVALUATED cifar-out-remove__non-iid__global-dp__fedavg__clients-2__seed-44__nm0p01__clip5__rounds-20__epochs-5__planned_runs__cifar10_cnn round=1 (checkpoint deleted)
2026-08-05 10:24:36 EVALUATED cifar-out-remove__non-iid__global-dp__fedavg__clients-2__seed-44__nm0p01__clip5__rounds-20__epochs-5__planned_runs__cifar10_cnn round=2 (checkpoint deleted)
2026-08-05 10:24:40 EVALUATED cifar-out-remove__non-iid__global-dp__fedavg__clients-2__seed-44__nm0p01__clip5__rounds-20__epochs-5__planned_runs__cifar10_cnn round=3 (checkpoint deleted)
2026-08-05 10:24:45 EVALUATED cifar-out-remove__non-iid__global-dp__fedavg__clients-2__seed-44__nm0p01__clip5__rounds-20__epochs-5__planned_runs__cifar10_cnn round=4 (checkpoint deleted)
2026-08-05 10:24:49 EVALUATED cifar-out-remove__non-iid__global-dp__fedavg__clients-2__seed-44__nm0p01__clip5__rounds-20__epochs-5__planned_runs__cifar10_cnn round=5 (checkpoint deleted)
2026-08-05 10:24:54 EVALUATED cifar-out-remove__non-iid__global-dp__fedavg__clients-2__seed-44__nm0p01__clip5__rounds-20__epochs-5__planned_runs__cifar10_cnn round=6 (checkpoint deleted)
2026-08-05 10:24:58 EVALUATED cifar-out-remove__non-iid__global-dp__fedavg__clients-2__seed-44__nm0p01__clip5__rounds-20__epochs-5__planned_runs__cifar10_cnn round=7 (checkpoint deleted)
2026-08-05 10:25:03 EVALUATED cifar-out-remove__non-iid__global-dp__fedavg__clients-2__seed-44__nm0p01__clip5__rounds-20__epochs-5__planned_runs__cifar10_cnn round=8 (checkpoint deleted)
2026-08-05 10:25:07 EVALUATED cifar-out-remove__non-iid__global-dp__fedavg__clients-2__seed-44__nm0p01__clip5__rounds-20__epochs-5__planned_runs__cifar10_cnn round=9 (checkpoint deleted)
2026-08-05 10:25:12 EVALUATED cifar-out-remove__non-iid__global-dp__fedavg__clients-2__seed-44__nm0p01__clip5__rounds-20__epochs-5__planned_runs__cifar10_cnn round=10 (checkpoint deleted)
2026-08-05 10:25:16 EVALUATED cifar-out-remove__non-iid__global-dp__fedavg__clients-2__seed-44__nm0p01__clip5__rounds-20__epochs-5__planned_runs__cifar10_cnn round=11 (checkpoint deleted)
2026-08-05 10:25:21 EVALUATED cifar-out-remove__non-iid__global-dp__fedavg__clients-2__seed-44__nm0p01__clip5__rounds-20__epochs-5__planned_runs__cifar10_cnn round=12 (checkpoint deleted)
2026-08-05 10:25:25 EVALUATED cifar-out-remove__non-iid__global-dp__fedavg__clients-2__seed-44__nm0p01__clip5__rounds-20__epochs-5__planned_runs__cifar10_cnn round=13 (checkpoint deleted)
2026-08-05 10:25:30 EVALUATED cifar-out-remove__non-iid__global-dp__fedavg__clients-2__seed-44__nm0p01__clip5__rounds-20__epochs-5__planned_runs__cifar10_cnn round=14 (checkpoint deleted)
2026-08-05 10:25:34 EVALUATED cifar-out-remove__non-iid__global-dp__fedavg__clients-2__seed-44__nm0p01__clip5__rounds-20__epochs-5__planned_runs__cifar10_cnn round=15 (checkpoint deleted)
2026-08-05 10:25:39 EVALUATED cifar-out-remove__non-iid__global-dp__fedavg__clients-2__seed-44__nm0p01__clip5__rounds-20__epochs-5__planned_runs__cifar10_cnn round=16 (checkpoint deleted)
2026-08-05 10:25:43 EVALUATED cifar-out-remove__non-iid__global-dp__fedavg__clients-2__seed-44__nm0p01__clip5__rounds-20__epochs-5__planned_runs__cifar10_cnn round=17 (checkpoint deleted)
2026-08-05 10:25:47 EVALUATED cifar-out-remove__non-iid__global-dp__fedavg__clients-2__seed-44__nm0p01__clip5__rounds-20__epochs-5__planned_runs__cifar10_cnn round=18 (checkpoint deleted)
2026-08-05 10:25:52 EVALUATED cifar-out-remove__non-iid__global-dp__fedavg__clients-2__seed-44__nm0p01__clip5__rounds-20__epochs-5__planned_runs__cifar10_cnn round=19 (checkpoint deleted)
2026-08-05 10:25:56 EVALUATED cifar-out-remove__non-iid__global-dp__fedavg__clients-2__seed-44__nm0p01__clip5__rounds-20__epochs-5__planned_runs__cifar10_cnn round=20 (checkpoint deleted)
2026-08-05 10:25:56 PROGRESS 6/9 (0 failed so far)
2026-08-05 10:25:56 START cifar-out-remove__non-iid__metric-privacy__fedavg__clients-2__seed-42__nm0p01__clip5__rounds-20__epochs-5__planned_runs__cifar10_cnn 
2026-08-05 10:28:17 DONE  cifar-out-remove__non-iid__metric-privacy__fedavg__clients-2__seed-42__nm0p01__clip5__rounds-20__epochs-5__planned_runs__cifar10_cnn (141.1s)
2026-08-05 10:28:22 EVALUATED cifar-out-remove__non-iid__metric-privacy__fedavg__clients-2__seed-42__nm0p01__clip5__rounds-20__epochs-5__planned_runs__cifar10_cnn round=1 (checkpoint deleted)
2026-08-05 10:28:26 EVALUATED cifar-out-remove__non-iid__metric-privacy__fedavg__clients-2__seed-42__nm0p01__clip5__rounds-20__epochs-5__planned_runs__cifar10_cnn round=2 (checkpoint deleted)
2026-08-05 10:28:31 EVALUATED cifar-out-remove__non-iid__metric-privacy__fedavg__clients-2__seed-42__nm0p01__clip5__rounds-20__epochs-5__planned_runs__cifar10_cnn round=3 (checkpoint deleted)
2026-08-05 10:28:35 EVALUATED cifar-out-remove__non-iid__metric-privacy__fedavg__clients-2__seed-42__nm0p01__clip5__rounds-20__epochs-5__planned_runs__cifar10_cnn round=4 (checkpoint deleted)
2026-08-05 10:28:40 EVALUATED cifar-out-remove__non-iid__metric-privacy__fedavg__clients-2__seed-42__nm0p01__clip5__rounds-20__epochs-5__planned_runs__cifar10_cnn round=5 (checkpoint deleted)
2026-08-05 10:28:44 EVALUATED cifar-out-remove__non-iid__metric-privacy__fedavg__clients-2__seed-42__nm0p01__clip5__rounds-20__epochs-5__planned_runs__cifar10_cnn round=6 (checkpoint deleted)
2026-08-05 10:28:49 EVALUATED cifar-out-remove__non-iid__metric-privacy__fedavg__clients-2__seed-42__nm0p01__clip5__rounds-20__epochs-5__planned_runs__cifar10_cnn round=7 (checkpoint deleted)
2026-08-05 10:28:53 EVALUATED cifar-out-remove__non-iid__metric-privacy__fedavg__clients-2__seed-42__nm0p01__clip5__rounds-20__epochs-5__planned_runs__cifar10_cnn round=8 (checkpoint deleted)
2026-08-05 10:28:58 EVALUATED cifar-out-remove__non-iid__metric-privacy__fedavg__clients-2__seed-42__nm0p01__clip5__rounds-20__epochs-5__planned_runs__cifar10_cnn round=9 (checkpoint deleted)
2026-08-05 10:29:02 EVALUATED cifar-out-remove__non-iid__metric-privacy__fedavg__clients-2__seed-42__nm0p01__clip5__rounds-20__epochs-5__planned_runs__cifar10_cnn round=10 (checkpoint deleted)
2026-08-05 10:29:07 EVALUATED cifar-out-remove__non-iid__metric-privacy__fedavg__clients-2__seed-42__nm0p01__clip5__rounds-20__epochs-5__planned_runs__cifar10_cnn round=11 (checkpoint deleted)
2026-08-05 10:29:11 EVALUATED cifar-out-remove__non-iid__metric-privacy__fedavg__clients-2__seed-42__nm0p01__clip5__rounds-20__epochs-5__planned_runs__cifar10_cnn round=12 (checkpoint deleted)
2026-08-05 10:29:16 EVALUATED cifar-out-remove__non-iid__metric-privacy__fedavg__clients-2__seed-42__nm0p01__clip5__rounds-20__epochs-5__planned_runs__cifar10_cnn round=13 (checkpoint deleted)
2026-08-05 10:29:20 EVALUATED cifar-out-remove__non-iid__metric-privacy__fedavg__clients-2__seed-42__nm0p01__clip5__rounds-20__epochs-5__planned_runs__cifar10_cnn round=14 (checkpoint deleted)
2026-08-05 10:29:24 EVALUATED cifar-out-remove__non-iid__metric-privacy__fedavg__clients-2__seed-42__nm0p01__clip5__rounds-20__epochs-5__planned_runs__cifar10_cnn round=15 (checkpoint deleted)
2026-08-05 10:29:29 EVALUATED cifar-out-remove__non-iid__metric-privacy__fedavg__clients-2__seed-42__nm0p01__clip5__rounds-20__epochs-5__planned_runs__cifar10_cnn round=16 (checkpoint deleted)
2026-08-05 10:29:33 EVALUATED cifar-out-remove__non-iid__metric-privacy__fedavg__clients-2__seed-42__nm0p01__clip5__rounds-20__epochs-5__planned_runs__cifar10_cnn round=17 (checkpoint deleted)
2026-08-05 10:29:38 EVALUATED cifar-out-remove__non-iid__metric-privacy__fedavg__clients-2__seed-42__nm0p01__clip5__rounds-20__epochs-5__planned_runs__cifar10_cnn round=18 (checkpoint deleted)
2026-08-05 10:29:42 EVALUATED cifar-out-remove__non-iid__metric-privacy__fedavg__clients-2__seed-42__nm0p01__clip5__rounds-20__epochs-5__planned_runs__cifar10_cnn round=19 (checkpoint deleted)
2026-08-05 10:29:47 EVALUATED cifar-out-remove__non-iid__metric-privacy__fedavg__clients-2__seed-42__nm0p01__clip5__rounds-20__epochs-5__planned_runs__cifar10_cnn round=20 (checkpoint deleted)
2026-08-05 10:29:47 PROGRESS 7/9 (0 failed so far)
2026-08-05 10:29:47 START cifar-out-remove__non-iid__metric-privacy__fedavg__clients-2__seed-43__nm0p01__clip5__rounds-20__epochs-5__planned_runs__cifar10_cnn 
2026-08-05 10:32:09 DONE  cifar-out-remove__non-iid__metric-privacy__fedavg__clients-2__seed-43__nm0p01__clip5__rounds-20__epochs-5__planned_runs__cifar10_cnn (142.1s)
2026-08-05 10:32:13 EVALUATED cifar-out-remove__non-iid__metric-privacy__fedavg__clients-2__seed-43__nm0p01__clip5__rounds-20__epochs-5__planned_runs__cifar10_cnn round=1 (checkpoint deleted)
2026-08-05 10:32:18 EVALUATED cifar-out-remove__non-iid__metric-privacy__fedavg__clients-2__seed-43__nm0p01__clip5__rounds-20__epochs-5__planned_runs__cifar10_cnn round=2 (checkpoint deleted)
2026-08-05 10:32:22 EVALUATED cifar-out-remove__non-iid__metric-privacy__fedavg__clients-2__seed-43__nm0p01__clip5__rounds-20__epochs-5__planned_runs__cifar10_cnn round=3 (checkpoint deleted)
2026-08-05 10:32:27 EVALUATED cifar-out-remove__non-iid__metric-privacy__fedavg__clients-2__seed-43__nm0p01__clip5__rounds-20__epochs-5__planned_runs__cifar10_cnn round=4 (checkpoint deleted)
2026-08-05 10:32:31 EVALUATED cifar-out-remove__non-iid__metric-privacy__fedavg__clients-2__seed-43__nm0p01__clip5__rounds-20__epochs-5__planned_runs__cifar10_cnn round=5 (checkpoint deleted)
2026-08-05 10:32:36 EVALUATED cifar-out-remove__non-iid__metric-privacy__fedavg__clients-2__seed-43__nm0p01__clip5__rounds-20__epochs-5__planned_runs__cifar10_cnn round=6 (checkpoint deleted)
2026-08-05 10:32:40 EVALUATED cifar-out-remove__non-iid__metric-privacy__fedavg__clients-2__seed-43__nm0p01__clip5__rounds-20__epochs-5__planned_runs__cifar10_cnn round=7 (checkpoint deleted)
2026-08-05 10:32:45 EVALUATED cifar-out-remove__non-iid__metric-privacy__fedavg__clients-2__seed-43__nm0p01__clip5__rounds-20__epochs-5__planned_runs__cifar10_cnn round=8 (checkpoint deleted)
2026-08-05 10:32:49 EVALUATED cifar-out-remove__non-iid__metric-privacy__fedavg__clients-2__seed-43__nm0p01__clip5__rounds-20__epochs-5__planned_runs__cifar10_cnn round=9 (checkpoint deleted)
2026-08-05 10:32:54 EVALUATED cifar-out-remove__non-iid__metric-privacy__fedavg__clients-2__seed-43__nm0p01__clip5__rounds-20__epochs-5__planned_runs__cifar10_cnn round=10 (checkpoint deleted)
2026-08-05 10:32:58 EVALUATED cifar-out-remove__non-iid__metric-privacy__fedavg__clients-2__seed-43__nm0p01__clip5__rounds-20__epochs-5__planned_runs__cifar10_cnn round=11 (checkpoint deleted)
2026-08-05 10:33:02 EVALUATED cifar-out-remove__non-iid__metric-privacy__fedavg__clients-2__seed-43__nm0p01__clip5__rounds-20__epochs-5__planned_runs__cifar10_cnn round=12 (checkpoint deleted)
2026-08-05 10:33:07 EVALUATED cifar-out-remove__non-iid__metric-privacy__fedavg__clients-2__seed-43__nm0p01__clip5__rounds-20__epochs-5__planned_runs__cifar10_cnn round=13 (checkpoint deleted)
2026-08-05 10:33:11 EVALUATED cifar-out-remove__non-iid__metric-privacy__fedavg__clients-2__seed-43__nm0p01__clip5__rounds-20__epochs-5__planned_runs__cifar10_cnn round=14 (checkpoint deleted)
2026-08-05 10:33:16 EVALUATED cifar-out-remove__non-iid__metric-privacy__fedavg__clients-2__seed-43__nm0p01__clip5__rounds-20__epochs-5__planned_runs__cifar10_cnn round=15 (checkpoint deleted)
2026-08-05 10:33:20 EVALUATED cifar-out-remove__non-iid__metric-privacy__fedavg__clients-2__seed-43__nm0p01__clip5__rounds-20__epochs-5__planned_runs__cifar10_cnn round=16 (checkpoint deleted)
2026-08-05 10:33:25 EVALUATED cifar-out-remove__non-iid__metric-privacy__fedavg__clients-2__seed-43__nm0p01__clip5__rounds-20__epochs-5__planned_runs__cifar10_cnn round=17 (checkpoint deleted)
2026-08-05 10:33:29 EVALUATED cifar-out-remove__non-iid__metric-privacy__fedavg__clients-2__seed-43__nm0p01__clip5__rounds-20__epochs-5__planned_runs__cifar10_cnn round=18 (checkpoint deleted)
2026-08-05 10:33:34 EVALUATED cifar-out-remove__non-iid__metric-privacy__fedavg__clients-2__seed-43__nm0p01__clip5__rounds-20__epochs-5__planned_runs__cifar10_cnn round=19 (checkpoint deleted)
2026-08-05 10:33:38 EVALUATED cifar-out-remove__non-iid__metric-privacy__fedavg__clients-2__seed-43__nm0p01__clip5__rounds-20__epochs-5__planned_runs__cifar10_cnn round=20 (checkpoint deleted)
2026-08-05 10:33:38 PROGRESS 8/9 (0 failed so far)
2026-08-05 10:33:38 START cifar-out-remove__non-iid__metric-privacy__fedavg__clients-2__seed-44__nm0p01__clip5__rounds-20__epochs-5__planned_runs__cifar10_cnn 
2026-08-05 10:36:00 DONE  cifar-out-remove__non-iid__metric-privacy__fedavg__clients-2__seed-44__nm0p01__clip5__rounds-20__epochs-5__planned_runs__cifar10_cnn (141.6s)
2026-08-05 10:36:04 EVALUATED cifar-out-remove__non-iid__metric-privacy__fedavg__clients-2__seed-44__nm0p01__clip5__rounds-20__epochs-5__planned_runs__cifar10_cnn round=1 (checkpoint deleted)
2026-08-05 10:36:09 EVALUATED cifar-out-remove__non-iid__metric-privacy__fedavg__clients-2__seed-44__nm0p01__clip5__rounds-20__epochs-5__planned_runs__cifar10_cnn round=2 (checkpoint deleted)
2026-08-05 10:36:13 EVALUATED cifar-out-remove__non-iid__metric-privacy__fedavg__clients-2__seed-44__nm0p01__clip5__rounds-20__epochs-5__planned_runs__cifar10_cnn round=3 (checkpoint deleted)
2026-08-05 10:36:18 EVALUATED cifar-out-remove__non-iid__metric-privacy__fedavg__clients-2__seed-44__nm0p01__clip5__rounds-20__epochs-5__planned_runs__cifar10_cnn round=4 (checkpoint deleted)
2026-08-05 10:36:22 EVALUATED cifar-out-remove__non-iid__metric-privacy__fedavg__clients-2__seed-44__nm0p01__clip5__rounds-20__epochs-5__planned_runs__cifar10_cnn round=5 (checkpoint deleted)
2026-08-05 10:36:27 EVALUATED cifar-out-remove__non-iid__metric-privacy__fedavg__clients-2__seed-44__nm0p01__clip5__rounds-20__epochs-5__planned_runs__cifar10_cnn round=6 (checkpoint deleted)
2026-08-05 10:36:31 EVALUATED cifar-out-remove__non-iid__metric-privacy__fedavg__clients-2__seed-44__nm0p01__clip5__rounds-20__epochs-5__planned_runs__cifar10_cnn round=7 (checkpoint deleted)
2026-08-05 10:36:36 EVALUATED cifar-out-remove__non-iid__metric-privacy__fedavg__clients-2__seed-44__nm0p01__clip5__rounds-20__epochs-5__planned_runs__cifar10_cnn round=8 (checkpoint deleted)
2026-08-05 10:36:40 EVALUATED cifar-out-remove__non-iid__metric-privacy__fedavg__clients-2__seed-44__nm0p01__clip5__rounds-20__epochs-5__planned_runs__cifar10_cnn round=9 (checkpoint deleted)
2026-08-05 10:36:45 EVALUATED cifar-out-remove__non-iid__metric-privacy__fedavg__clients-2__seed-44__nm0p01__clip5__rounds-20__epochs-5__planned_runs__cifar10_cnn round=10 (checkpoint deleted)
2026-08-05 10:36:49 EVALUATED cifar-out-remove__non-iid__metric-privacy__fedavg__clients-2__seed-44__nm0p01__clip5__rounds-20__epochs-5__planned_runs__cifar10_cnn round=11 (checkpoint deleted)
2026-08-05 10:36:54 EVALUATED cifar-out-remove__non-iid__metric-privacy__fedavg__clients-2__seed-44__nm0p01__clip5__rounds-20__epochs-5__planned_runs__cifar10_cnn round=12 (checkpoint deleted)
2026-08-05 10:36:58 EVALUATED cifar-out-remove__non-iid__metric-privacy__fedavg__clients-2__seed-44__nm0p01__clip5__rounds-20__epochs-5__planned_runs__cifar10_cnn round=13 (checkpoint deleted)
2026-08-05 10:37:02 EVALUATED cifar-out-remove__non-iid__metric-privacy__fedavg__clients-2__seed-44__nm0p01__clip5__rounds-20__epochs-5__planned_runs__cifar10_cnn round=14 (checkpoint deleted)
2026-08-05 10:37:07 EVALUATED cifar-out-remove__non-iid__metric-privacy__fedavg__clients-2__seed-44__nm0p01__clip5__rounds-20__epochs-5__planned_runs__cifar10_cnn round=15 (checkpoint deleted)
2026-08-05 10:37:11 EVALUATED cifar-out-remove__non-iid__metric-privacy__fedavg__clients-2__seed-44__nm0p01__clip5__rounds-20__epochs-5__planned_runs__cifar10_cnn round=16 (checkpoint deleted)
2026-08-05 10:37:16 EVALUATED cifar-out-remove__non-iid__metric-privacy__fedavg__clients-2__seed-44__nm0p01__clip5__rounds-20__epochs-5__planned_runs__cifar10_cnn round=17 (checkpoint deleted)
2026-08-05 10:37:20 EVALUATED cifar-out-remove__non-iid__metric-privacy__fedavg__clients-2__seed-44__nm0p01__clip5__rounds-20__epochs-5__planned_runs__cifar10_cnn round=18 (checkpoint deleted)
2026-08-05 10:37:25 EVALUATED cifar-out-remove__non-iid__metric-privacy__fedavg__clients-2__seed-44__nm0p01__clip5__rounds-20__epochs-5__planned_runs__cifar10_cnn round=19 (checkpoint deleted)
2026-08-05 10:37:29 EVALUATED cifar-out-remove__non-iid__metric-privacy__fedavg__clients-2__seed-44__nm0p01__clip5__rounds-20__epochs-5__planned_runs__cifar10_cnn round=20 (checkpoint deleted)
2026-08-05 10:37:29 PROGRESS 9/9 (0 failed so far)
2026-08-05 10:37:29 Sweep finished: 9/9 attempted, 0 failed
