2026-08-13 13:55:51 CIFAR-10 removal CIA chunk (metric-privacy, clients=48, noise_ratio=0.00625): 2 trajectories
2026-08-13 13:55:51 START cifar10-in-remove__non-iid__metric-privacy__fedavg__clients-48__seed-42__nm0p3__clip5__rounds-20__epochs-5__cifar10_remove__cifar10_cnn 
2026-08-13 14:09:16 DONE  cifar10-in-remove__non-iid__metric-privacy__fedavg__clients-48__seed-42__nm0p3__clip5__rounds-20__epochs-5__cifar10_remove__cifar10_cnn (805.0s)
2026-08-13 14:09:24 EVALUATED cifar10-in-remove__non-iid__metric-privacy__fedavg__clients-48__seed-42__nm0p3__clip5__rounds-20__epochs-5__cifar10_remove__cifar10_cnn round=1 (checkpoint deleted)
2026-08-13 14:09:29 EVALUATED cifar10-in-remove__non-iid__metric-privacy__fedavg__clients-48__seed-42__nm0p3__clip5__rounds-20__epochs-5__cifar10_remove__cifar10_cnn round=2 (checkpoint deleted)
2026-08-13 14:09:34 EVALUATED cifar10-in-remove__non-iid__metric-privacy__fedavg__clients-48__seed-42__nm0p3__clip5__rounds-20__epochs-5__cifar10_remove__cifar10_cnn round=3 (checkpoint deleted)
2026-08-13 14:09:39 EVALUATED cifar10-in-remove__non-iid__metric-privacy__fedavg__clients-48__seed-42__nm0p3__clip5__rounds-20__epochs-5__cifar10_remove__cifar10_cnn round=4 (checkpoint deleted)
2026-08-13 14:09:44 EVALUATED cifar10-in-remove__non-iid__metric-privacy__fedavg__clients-48__seed-42__nm0p3__clip5__rounds-20__epochs-5__cifar10_remove__cifar10_cnn round=5 (checkpoint deleted)
2026-08-13 14:09:49 EVALUATED cifar10-in-remove__non-iid__metric-privacy__fedavg__clients-48__seed-42__nm0p3__clip5__rounds-20__epochs-5__cifar10_remove__cifar10_cnn round=6 (checkpoint deleted)
2026-08-13 14:09:54 EVALUATED cifar10-in-remove__non-iid__metric-privacy__fedavg__clients-48__seed-42__nm0p3__clip5__rounds-20__epochs-5__cifar10_remove__cifar10_cnn round=7 (checkpoint deleted)
2026-08-13 14:09:59 EVALUATED cifar10-in-remove__non-iid__metric-privacy__fedavg__clients-48__seed-42__nm0p3__clip5__rounds-20__epochs-5__cifar10_remove__cifar10_cnn round=8 (checkpoint deleted)
2026-08-13 14:10:04 EVALUATED cifar10-in-remove__non-iid__metric-privacy__fedavg__clients-48__seed-42__nm0p3__clip5__rounds-20__epochs-5__cifar10_remove__cifar10_cnn round=9 (checkpoint deleted)
2026-08-13 14:10:09 EVALUATED cifar10-in-remove__non-iid__metric-privacy__fedavg__clients-48__seed-42__nm0p3__clip5__rounds-20__epochs-5__cifar10_remove__cifar10_cnn round=10 (checkpoint deleted)
2026-08-13 14:10:14 EVALUATED cifar10-in-remove__non-iid__metric-privacy__fedavg__clients-48__seed-42__nm0p3__clip5__rounds-20__epochs-5__cifar10_remove__cifar10_cnn round=11 (checkpoint deleted)
2026-08-13 14:10:19 EVALUATED cifar10-in-remove__non-iid__metric-privacy__fedavg__clients-48__seed-42__nm0p3__clip5__rounds-20__epochs-5__cifar10_remove__cifar10_cnn round=12 (checkpoint deleted)
2026-08-13 14:10:24 EVALUATED cifar10-in-remove__non-iid__metric-privacy__fedavg__clients-48__seed-42__nm0p3__clip5__rounds-20__epochs-5__cifar10_remove__cifar10_cnn round=13 (checkpoint deleted)
2026-08-13 14:10:29 EVALUATED cifar10-in-remove__non-iid__metric-privacy__fedavg__clients-48__seed-42__nm0p3__clip5__rounds-20__epochs-5__cifar10_remove__cifar10_cnn round=14 (checkpoint deleted)
2026-08-13 14:10:34 EVALUATED cifar10-in-remove__non-iid__metric-privacy__fedavg__clients-48__seed-42__nm0p3__clip5__rounds-20__epochs-5__cifar10_remove__cifar10_cnn round=15 (checkpoint deleted)
2026-08-13 14:10:39 EVALUATED cifar10-in-remove__non-iid__metric-privacy__fedavg__clients-48__seed-42__nm0p3__clip5__rounds-20__epochs-5__cifar10_remove__cifar10_cnn round=16 (checkpoint deleted)
2026-08-13 14:10:44 EVALUATED cifar10-in-remove__non-iid__metric-privacy__fedavg__clients-48__seed-42__nm0p3__clip5__rounds-20__epochs-5__cifar10_remove__cifar10_cnn round=17 (checkpoint deleted)
2026-08-13 14:10:49 EVALUATED cifar10-in-remove__non-iid__metric-privacy__fedavg__clients-48__seed-42__nm0p3__clip5__rounds-20__epochs-5__cifar10_remove__cifar10_cnn round=18 (checkpoint deleted)
2026-08-13 14:10:54 EVALUATED cifar10-in-remove__non-iid__metric-privacy__fedavg__clients-48__seed-42__nm0p3__clip5__rounds-20__epochs-5__cifar10_remove__cifar10_cnn round=19 (checkpoint deleted)
2026-08-13 14:10:59 EVALUATED cifar10-in-remove__non-iid__metric-privacy__fedavg__clients-48__seed-42__nm0p3__clip5__rounds-20__epochs-5__cifar10_remove__cifar10_cnn round=20 (checkpoint deleted)
2026-08-13 14:10:59 PROGRESS 1/2 (0 failed so far)
2026-08-13 14:10:59 START cifar10-out-remove__non-iid__metric-privacy__fedavg__clients-47__seed-42__nm0p29375__clip5__rounds-20__epochs-5__cifar10_remove__cifar10_cnn 
2026-08-13 14:24:07 DONE  cifar10-out-remove__non-iid__metric-privacy__fedavg__clients-47__seed-42__nm0p29375__clip5__rounds-20__epochs-5__cifar10_remove__cifar10_cnn (787.8s)
2026-08-13 14:24:12 EVALUATED cifar10-out-remove__non-iid__metric-privacy__fedavg__clients-47__seed-42__nm0p29375__clip5__rounds-20__epochs-5__cifar10_remove__cifar10_cnn round=1 (checkpoint deleted)
2026-08-13 14:24:17 EVALUATED cifar10-out-remove__non-iid__metric-privacy__fedavg__clients-47__seed-42__nm0p29375__clip5__rounds-20__epochs-5__cifar10_remove__cifar10_cnn round=2 (checkpoint deleted)
2026-08-13 14:24:22 EVALUATED cifar10-out-remove__non-iid__metric-privacy__fedavg__clients-47__seed-42__nm0p29375__clip5__rounds-20__epochs-5__cifar10_remove__cifar10_cnn round=3 (checkpoint deleted)
2026-08-13 14:24:27 EVALUATED cifar10-out-remove__non-iid__metric-privacy__fedavg__clients-47__seed-42__nm0p29375__clip5__rounds-20__epochs-5__cifar10_remove__cifar10_cnn round=4 (checkpoint deleted)
2026-08-13 14:24:32 EVALUATED cifar10-out-remove__non-iid__metric-privacy__fedavg__clients-47__seed-42__nm0p29375__clip5__rounds-20__epochs-5__cifar10_remove__cifar10_cnn round=5 (checkpoint deleted)
2026-08-13 14:24:37 EVALUATED cifar10-out-remove__non-iid__metric-privacy__fedavg__clients-47__seed-42__nm0p29375__clip5__rounds-20__epochs-5__cifar10_remove__cifar10_cnn round=6 (checkpoint deleted)
2026-08-13 14:24:42 EVALUATED cifar10-out-remove__non-iid__metric-privacy__fedavg__clients-47__seed-42__nm0p29375__clip5__rounds-20__epochs-5__cifar10_remove__cifar10_cnn round=7 (checkpoint deleted)
2026-08-13 14:24:47 EVALUATED cifar10-out-remove__non-iid__metric-privacy__fedavg__clients-47__seed-42__nm0p29375__clip5__rounds-20__epochs-5__cifar10_remove__cifar10_cnn round=8 (checkpoint deleted)
2026-08-13 14:24:52 EVALUATED cifar10-out-remove__non-iid__metric-privacy__fedavg__clients-47__seed-42__nm0p29375__clip5__rounds-20__epochs-5__cifar10_remove__cifar10_cnn round=9 (checkpoint deleted)
2026-08-13 14:24:57 EVALUATED cifar10-out-remove__non-iid__metric-privacy__fedavg__clients-47__seed-42__nm0p29375__clip5__rounds-20__epochs-5__cifar10_remove__cifar10_cnn round=10 (checkpoint deleted)
2026-08-13 14:25:02 EVALUATED cifar10-out-remove__non-iid__metric-privacy__fedavg__clients-47__seed-42__nm0p29375__clip5__rounds-20__epochs-5__cifar10_remove__cifar10_cnn round=11 (checkpoint deleted)
2026-08-13 14:25:07 EVALUATED cifar10-out-remove__non-iid__metric-privacy__fedavg__clients-47__seed-42__nm0p29375__clip5__rounds-20__epochs-5__cifar10_remove__cifar10_cnn round=12 (checkpoint deleted)
2026-08-13 14:25:12 EVALUATED cifar10-out-remove__non-iid__metric-privacy__fedavg__clients-47__seed-42__nm0p29375__clip5__rounds-20__epochs-5__cifar10_remove__cifar10_cnn round=13 (checkpoint deleted)
2026-08-13 14:25:17 EVALUATED cifar10-out-remove__non-iid__metric-privacy__fedavg__clients-47__seed-42__nm0p29375__clip5__rounds-20__epochs-5__cifar10_remove__cifar10_cnn round=14 (checkpoint deleted)
2026-08-13 14:25:22 EVALUATED cifar10-out-remove__non-iid__metric-privacy__fedavg__clients-47__seed-42__nm0p29375__clip5__rounds-20__epochs-5__cifar10_remove__cifar10_cnn round=15 (checkpoint deleted)
2026-08-13 14:25:27 EVALUATED cifar10-out-remove__non-iid__metric-privacy__fedavg__clients-47__seed-42__nm0p29375__clip5__rounds-20__epochs-5__cifar10_remove__cifar10_cnn round=16 (checkpoint deleted)
2026-08-13 14:25:32 EVALUATED cifar10-out-remove__non-iid__metric-privacy__fedavg__clients-47__seed-42__nm0p29375__clip5__rounds-20__epochs-5__cifar10_remove__cifar10_cnn round=17 (checkpoint deleted)
2026-08-13 14:25:37 EVALUATED cifar10-out-remove__non-iid__metric-privacy__fedavg__clients-47__seed-42__nm0p29375__clip5__rounds-20__epochs-5__cifar10_remove__cifar10_cnn round=18 (checkpoint deleted)
2026-08-13 14:25:42 EVALUATED cifar10-out-remove__non-iid__metric-privacy__fedavg__clients-47__seed-42__nm0p29375__clip5__rounds-20__epochs-5__cifar10_remove__cifar10_cnn round=19 (checkpoint deleted)
2026-08-13 14:25:47 EVALUATED cifar10-out-remove__non-iid__metric-privacy__fedavg__clients-47__seed-42__nm0p29375__clip5__rounds-20__epochs-5__cifar10_remove__cifar10_cnn round=20 (checkpoint deleted)
2026-08-13 14:25:47 PROGRESS 2/2 (0 failed so far)
2026-08-13 14:25:47 Sweep finished: 2/2 attempted, 0 failed
