2026-08-20 12:14:50 CIFAR-10 removal CIA chunk (global-dp, clients=8, alpha=1.5, noise_ratio=0.00625): 2 trajectories
2026-08-20 12:14:50 START cifar10-in-remove__dirichlet__alpha-1p5__global-dp__fedavg__clients-8__seed-42__nm0p05__clip5__rounds-20__epochs-5__cifar10_dirichlet__cifar10_cnn 
2026-08-20 12:25:29 DONE  cifar10-in-remove__dirichlet__alpha-1p5__global-dp__fedavg__clients-8__seed-42__nm0p05__clip5__rounds-20__epochs-5__cifar10_dirichlet__cifar10_cnn (639.2s)
2026-08-20 12:25:41 EVALUATED cifar10-in-remove__dirichlet__alpha-1p5__global-dp__fedavg__clients-8__seed-42__nm0p05__clip5__rounds-20__epochs-5__cifar10_dirichlet__cifar10_cnn round=1 (checkpoint deleted)
2026-08-20 12:25:49 EVALUATED cifar10-in-remove__dirichlet__alpha-1p5__global-dp__fedavg__clients-8__seed-42__nm0p05__clip5__rounds-20__epochs-5__cifar10_dirichlet__cifar10_cnn round=2 (checkpoint deleted)
2026-08-20 12:25:58 EVALUATED cifar10-in-remove__dirichlet__alpha-1p5__global-dp__fedavg__clients-8__seed-42__nm0p05__clip5__rounds-20__epochs-5__cifar10_dirichlet__cifar10_cnn round=3 (checkpoint deleted)
2026-08-20 12:26:06 EVALUATED cifar10-in-remove__dirichlet__alpha-1p5__global-dp__fedavg__clients-8__seed-42__nm0p05__clip5__rounds-20__epochs-5__cifar10_dirichlet__cifar10_cnn round=4 (checkpoint deleted)
2026-08-20 12:26:15 EVALUATED cifar10-in-remove__dirichlet__alpha-1p5__global-dp__fedavg__clients-8__seed-42__nm0p05__clip5__rounds-20__epochs-5__cifar10_dirichlet__cifar10_cnn round=5 (checkpoint deleted)
2026-08-20 12:26:23 EVALUATED cifar10-in-remove__dirichlet__alpha-1p5__global-dp__fedavg__clients-8__seed-42__nm0p05__clip5__rounds-20__epochs-5__cifar10_dirichlet__cifar10_cnn round=6 (checkpoint deleted)
2026-08-20 12:26:31 EVALUATED cifar10-in-remove__dirichlet__alpha-1p5__global-dp__fedavg__clients-8__seed-42__nm0p05__clip5__rounds-20__epochs-5__cifar10_dirichlet__cifar10_cnn round=7 (checkpoint deleted)
2026-08-20 12:26:40 EVALUATED cifar10-in-remove__dirichlet__alpha-1p5__global-dp__fedavg__clients-8__seed-42__nm0p05__clip5__rounds-20__epochs-5__cifar10_dirichlet__cifar10_cnn round=8 (checkpoint deleted)
2026-08-20 12:26:48 EVALUATED cifar10-in-remove__dirichlet__alpha-1p5__global-dp__fedavg__clients-8__seed-42__nm0p05__clip5__rounds-20__epochs-5__cifar10_dirichlet__cifar10_cnn round=9 (checkpoint deleted)
2026-08-20 12:26:57 EVALUATED cifar10-in-remove__dirichlet__alpha-1p5__global-dp__fedavg__clients-8__seed-42__nm0p05__clip5__rounds-20__epochs-5__cifar10_dirichlet__cifar10_cnn round=10 (checkpoint deleted)
2026-08-20 12:27:05 EVALUATED cifar10-in-remove__dirichlet__alpha-1p5__global-dp__fedavg__clients-8__seed-42__nm0p05__clip5__rounds-20__epochs-5__cifar10_dirichlet__cifar10_cnn round=11 (checkpoint deleted)
2026-08-20 12:27:13 EVALUATED cifar10-in-remove__dirichlet__alpha-1p5__global-dp__fedavg__clients-8__seed-42__nm0p05__clip5__rounds-20__epochs-5__cifar10_dirichlet__cifar10_cnn round=12 (checkpoint deleted)
2026-08-20 12:27:22 EVALUATED cifar10-in-remove__dirichlet__alpha-1p5__global-dp__fedavg__clients-8__seed-42__nm0p05__clip5__rounds-20__epochs-5__cifar10_dirichlet__cifar10_cnn round=13 (checkpoint deleted)
2026-08-20 12:27:30 EVALUATED cifar10-in-remove__dirichlet__alpha-1p5__global-dp__fedavg__clients-8__seed-42__nm0p05__clip5__rounds-20__epochs-5__cifar10_dirichlet__cifar10_cnn round=14 (checkpoint deleted)
2026-08-20 12:27:39 EVALUATED cifar10-in-remove__dirichlet__alpha-1p5__global-dp__fedavg__clients-8__seed-42__nm0p05__clip5__rounds-20__epochs-5__cifar10_dirichlet__cifar10_cnn round=15 (checkpoint deleted)
2026-08-20 12:27:47 EVALUATED cifar10-in-remove__dirichlet__alpha-1p5__global-dp__fedavg__clients-8__seed-42__nm0p05__clip5__rounds-20__epochs-5__cifar10_dirichlet__cifar10_cnn round=16 (checkpoint deleted)
2026-08-20 12:27:56 EVALUATED cifar10-in-remove__dirichlet__alpha-1p5__global-dp__fedavg__clients-8__seed-42__nm0p05__clip5__rounds-20__epochs-5__cifar10_dirichlet__cifar10_cnn round=17 (checkpoint deleted)
2026-08-20 12:28:04 EVALUATED cifar10-in-remove__dirichlet__alpha-1p5__global-dp__fedavg__clients-8__seed-42__nm0p05__clip5__rounds-20__epochs-5__cifar10_dirichlet__cifar10_cnn round=18 (checkpoint deleted)
2026-08-20 12:28:12 EVALUATED cifar10-in-remove__dirichlet__alpha-1p5__global-dp__fedavg__clients-8__seed-42__nm0p05__clip5__rounds-20__epochs-5__cifar10_dirichlet__cifar10_cnn round=19 (checkpoint deleted)
2026-08-20 12:28:21 EVALUATED cifar10-in-remove__dirichlet__alpha-1p5__global-dp__fedavg__clients-8__seed-42__nm0p05__clip5__rounds-20__epochs-5__cifar10_dirichlet__cifar10_cnn round=20 (checkpoint deleted)
2026-08-20 12:28:21 PROGRESS 1/2 (0 failed so far)
2026-08-20 12:28:21 START cifar10-out-remove__dirichlet__alpha-1p5__global-dp__fedavg__clients-7__seed-42__nm0p04375__clip5__rounds-20__epochs-5__cifar10_dirichlet__cifar10_cnn 
2026-08-20 12:38:30 DONE  cifar10-out-remove__dirichlet__alpha-1p5__global-dp__fedavg__clients-7__seed-42__nm0p04375__clip5__rounds-20__epochs-5__cifar10_dirichlet__cifar10_cnn (608.8s)
2026-08-20 12:38:38 EVALUATED cifar10-out-remove__dirichlet__alpha-1p5__global-dp__fedavg__clients-7__seed-42__nm0p04375__clip5__rounds-20__epochs-5__cifar10_dirichlet__cifar10_cnn round=1 (checkpoint deleted)
2026-08-20 12:38:46 EVALUATED cifar10-out-remove__dirichlet__alpha-1p5__global-dp__fedavg__clients-7__seed-42__nm0p04375__clip5__rounds-20__epochs-5__cifar10_dirichlet__cifar10_cnn round=2 (checkpoint deleted)
2026-08-20 12:38:55 EVALUATED cifar10-out-remove__dirichlet__alpha-1p5__global-dp__fedavg__clients-7__seed-42__nm0p04375__clip5__rounds-20__epochs-5__cifar10_dirichlet__cifar10_cnn round=3 (checkpoint deleted)
2026-08-20 12:39:03 EVALUATED cifar10-out-remove__dirichlet__alpha-1p5__global-dp__fedavg__clients-7__seed-42__nm0p04375__clip5__rounds-20__epochs-5__cifar10_dirichlet__cifar10_cnn round=4 (checkpoint deleted)
2026-08-20 12:39:12 EVALUATED cifar10-out-remove__dirichlet__alpha-1p5__global-dp__fedavg__clients-7__seed-42__nm0p04375__clip5__rounds-20__epochs-5__cifar10_dirichlet__cifar10_cnn round=5 (checkpoint deleted)
2026-08-20 12:39:20 EVALUATED cifar10-out-remove__dirichlet__alpha-1p5__global-dp__fedavg__clients-7__seed-42__nm0p04375__clip5__rounds-20__epochs-5__cifar10_dirichlet__cifar10_cnn round=6 (checkpoint deleted)
2026-08-20 12:39:29 EVALUATED cifar10-out-remove__dirichlet__alpha-1p5__global-dp__fedavg__clients-7__seed-42__nm0p04375__clip5__rounds-20__epochs-5__cifar10_dirichlet__cifar10_cnn round=7 (checkpoint deleted)
2026-08-20 12:39:37 EVALUATED cifar10-out-remove__dirichlet__alpha-1p5__global-dp__fedavg__clients-7__seed-42__nm0p04375__clip5__rounds-20__epochs-5__cifar10_dirichlet__cifar10_cnn round=8 (checkpoint deleted)
2026-08-20 12:39:45 EVALUATED cifar10-out-remove__dirichlet__alpha-1p5__global-dp__fedavg__clients-7__seed-42__nm0p04375__clip5__rounds-20__epochs-5__cifar10_dirichlet__cifar10_cnn round=9 (checkpoint deleted)
2026-08-20 12:39:54 EVALUATED cifar10-out-remove__dirichlet__alpha-1p5__global-dp__fedavg__clients-7__seed-42__nm0p04375__clip5__rounds-20__epochs-5__cifar10_dirichlet__cifar10_cnn round=10 (checkpoint deleted)
2026-08-20 12:40:02 EVALUATED cifar10-out-remove__dirichlet__alpha-1p5__global-dp__fedavg__clients-7__seed-42__nm0p04375__clip5__rounds-20__epochs-5__cifar10_dirichlet__cifar10_cnn round=11 (checkpoint deleted)
2026-08-20 12:40:11 EVALUATED cifar10-out-remove__dirichlet__alpha-1p5__global-dp__fedavg__clients-7__seed-42__nm0p04375__clip5__rounds-20__epochs-5__cifar10_dirichlet__cifar10_cnn round=12 (checkpoint deleted)
2026-08-20 12:40:19 EVALUATED cifar10-out-remove__dirichlet__alpha-1p5__global-dp__fedavg__clients-7__seed-42__nm0p04375__clip5__rounds-20__epochs-5__cifar10_dirichlet__cifar10_cnn round=13 (checkpoint deleted)
2026-08-20 12:40:27 EVALUATED cifar10-out-remove__dirichlet__alpha-1p5__global-dp__fedavg__clients-7__seed-42__nm0p04375__clip5__rounds-20__epochs-5__cifar10_dirichlet__cifar10_cnn round=14 (checkpoint deleted)
2026-08-20 12:40:36 EVALUATED cifar10-out-remove__dirichlet__alpha-1p5__global-dp__fedavg__clients-7__seed-42__nm0p04375__clip5__rounds-20__epochs-5__cifar10_dirichlet__cifar10_cnn round=15 (checkpoint deleted)
2026-08-20 12:40:44 EVALUATED cifar10-out-remove__dirichlet__alpha-1p5__global-dp__fedavg__clients-7__seed-42__nm0p04375__clip5__rounds-20__epochs-5__cifar10_dirichlet__cifar10_cnn round=16 (checkpoint deleted)
2026-08-20 12:40:53 EVALUATED cifar10-out-remove__dirichlet__alpha-1p5__global-dp__fedavg__clients-7__seed-42__nm0p04375__clip5__rounds-20__epochs-5__cifar10_dirichlet__cifar10_cnn round=17 (checkpoint deleted)
2026-08-20 12:41:01 EVALUATED cifar10-out-remove__dirichlet__alpha-1p5__global-dp__fedavg__clients-7__seed-42__nm0p04375__clip5__rounds-20__epochs-5__cifar10_dirichlet__cifar10_cnn round=18 (checkpoint deleted)
2026-08-20 12:41:09 EVALUATED cifar10-out-remove__dirichlet__alpha-1p5__global-dp__fedavg__clients-7__seed-42__nm0p04375__clip5__rounds-20__epochs-5__cifar10_dirichlet__cifar10_cnn round=19 (checkpoint deleted)
2026-08-20 12:41:18 EVALUATED cifar10-out-remove__dirichlet__alpha-1p5__global-dp__fedavg__clients-7__seed-42__nm0p04375__clip5__rounds-20__epochs-5__cifar10_dirichlet__cifar10_cnn round=20 (checkpoint deleted)
2026-08-20 12:41:18 PROGRESS 2/2 (0 failed so far)
2026-08-20 12:41:18 Sweep finished: 2/2 attempted, 0 failed
