2026-08-21 17:53:03 CIFAR-10 stage (vanilla, non-iid, seed=42, noise_ratio=None): 2 trajectories
2026-08-21 17:53:03 START cifar10-in-remove__non-iid__vanilla__fedavg__clients-100__seed-42__nm0p0182__clip5__rounds-20__epochs-5__cifar10_remove__cifar10_cnn 
2026-08-21 17:59:38 DONE  cifar10-in-remove__non-iid__vanilla__fedavg__clients-100__seed-42__nm0p0182__clip5__rounds-20__epochs-5__cifar10_remove__cifar10_cnn (395.0s)
2026-08-21 17:59:43 EVALUATED cifar10-in-remove__non-iid__vanilla__fedavg__clients-100__seed-42__nm0p0182__clip5__rounds-20__epochs-5__cifar10_remove__cifar10_cnn round=1 (checkpoint deleted)
2026-08-21 17:59:46 EVALUATED cifar10-in-remove__non-iid__vanilla__fedavg__clients-100__seed-42__nm0p0182__clip5__rounds-20__epochs-5__cifar10_remove__cifar10_cnn round=2 (checkpoint deleted)
2026-08-21 17:59:49 EVALUATED cifar10-in-remove__non-iid__vanilla__fedavg__clients-100__seed-42__nm0p0182__clip5__rounds-20__epochs-5__cifar10_remove__cifar10_cnn round=3 (checkpoint deleted)
2026-08-21 17:59:52 EVALUATED cifar10-in-remove__non-iid__vanilla__fedavg__clients-100__seed-42__nm0p0182__clip5__rounds-20__epochs-5__cifar10_remove__cifar10_cnn round=4 (checkpoint deleted)
2026-08-21 17:59:55 EVALUATED cifar10-in-remove__non-iid__vanilla__fedavg__clients-100__seed-42__nm0p0182__clip5__rounds-20__epochs-5__cifar10_remove__cifar10_cnn round=5 (checkpoint deleted)
2026-08-21 17:59:58 EVALUATED cifar10-in-remove__non-iid__vanilla__fedavg__clients-100__seed-42__nm0p0182__clip5__rounds-20__epochs-5__cifar10_remove__cifar10_cnn round=6 (checkpoint deleted)
2026-08-21 18:00:01 EVALUATED cifar10-in-remove__non-iid__vanilla__fedavg__clients-100__seed-42__nm0p0182__clip5__rounds-20__epochs-5__cifar10_remove__cifar10_cnn round=7 (checkpoint deleted)
2026-08-21 18:00:04 EVALUATED cifar10-in-remove__non-iid__vanilla__fedavg__clients-100__seed-42__nm0p0182__clip5__rounds-20__epochs-5__cifar10_remove__cifar10_cnn round=8 (checkpoint deleted)
2026-08-21 18:00:07 EVALUATED cifar10-in-remove__non-iid__vanilla__fedavg__clients-100__seed-42__nm0p0182__clip5__rounds-20__epochs-5__cifar10_remove__cifar10_cnn round=9 (checkpoint deleted)
2026-08-21 18:00:10 EVALUATED cifar10-in-remove__non-iid__vanilla__fedavg__clients-100__seed-42__nm0p0182__clip5__rounds-20__epochs-5__cifar10_remove__cifar10_cnn round=10 (checkpoint deleted)
2026-08-21 18:00:13 EVALUATED cifar10-in-remove__non-iid__vanilla__fedavg__clients-100__seed-42__nm0p0182__clip5__rounds-20__epochs-5__cifar10_remove__cifar10_cnn round=11 (checkpoint deleted)
2026-08-21 18:00:16 EVALUATED cifar10-in-remove__non-iid__vanilla__fedavg__clients-100__seed-42__nm0p0182__clip5__rounds-20__epochs-5__cifar10_remove__cifar10_cnn round=12 (checkpoint deleted)
2026-08-21 18:00:19 EVALUATED cifar10-in-remove__non-iid__vanilla__fedavg__clients-100__seed-42__nm0p0182__clip5__rounds-20__epochs-5__cifar10_remove__cifar10_cnn round=13 (checkpoint deleted)
2026-08-21 18:00:22 EVALUATED cifar10-in-remove__non-iid__vanilla__fedavg__clients-100__seed-42__nm0p0182__clip5__rounds-20__epochs-5__cifar10_remove__cifar10_cnn round=14 (checkpoint deleted)
2026-08-21 18:00:25 EVALUATED cifar10-in-remove__non-iid__vanilla__fedavg__clients-100__seed-42__nm0p0182__clip5__rounds-20__epochs-5__cifar10_remove__cifar10_cnn round=15 (checkpoint deleted)
2026-08-21 18:00:28 EVALUATED cifar10-in-remove__non-iid__vanilla__fedavg__clients-100__seed-42__nm0p0182__clip5__rounds-20__epochs-5__cifar10_remove__cifar10_cnn round=16 (checkpoint deleted)
2026-08-21 18:00:31 EVALUATED cifar10-in-remove__non-iid__vanilla__fedavg__clients-100__seed-42__nm0p0182__clip5__rounds-20__epochs-5__cifar10_remove__cifar10_cnn round=17 (checkpoint deleted)
2026-08-21 18:00:34 EVALUATED cifar10-in-remove__non-iid__vanilla__fedavg__clients-100__seed-42__nm0p0182__clip5__rounds-20__epochs-5__cifar10_remove__cifar10_cnn round=18 (checkpoint deleted)
2026-08-21 18:00:37 EVALUATED cifar10-in-remove__non-iid__vanilla__fedavg__clients-100__seed-42__nm0p0182__clip5__rounds-20__epochs-5__cifar10_remove__cifar10_cnn round=19 (checkpoint deleted)
2026-08-21 18:00:40 EVALUATED cifar10-in-remove__non-iid__vanilla__fedavg__clients-100__seed-42__nm0p0182__clip5__rounds-20__epochs-5__cifar10_remove__cifar10_cnn round=20 (checkpoint deleted)
2026-08-21 18:00:40 PROGRESS 1/2 (0 failed so far)
2026-08-21 18:00:40 START cifar10-out-remove__non-iid__vanilla__fedavg__clients-99__seed-42__nm0p0182__clip5__rounds-20__epochs-5__cifar10_remove__cifar10_cnn 
2026-08-21 18:07:08 DONE  cifar10-out-remove__non-iid__vanilla__fedavg__clients-99__seed-42__nm0p0182__clip5__rounds-20__epochs-5__cifar10_remove__cifar10_cnn (387.8s)
2026-08-21 18:07:11 EVALUATED cifar10-out-remove__non-iid__vanilla__fedavg__clients-99__seed-42__nm0p0182__clip5__rounds-20__epochs-5__cifar10_remove__cifar10_cnn round=1 (checkpoint deleted)
2026-08-21 18:07:13 EVALUATED cifar10-out-remove__non-iid__vanilla__fedavg__clients-99__seed-42__nm0p0182__clip5__rounds-20__epochs-5__cifar10_remove__cifar10_cnn round=2 (checkpoint deleted)
2026-08-21 18:07:17 EVALUATED cifar10-out-remove__non-iid__vanilla__fedavg__clients-99__seed-42__nm0p0182__clip5__rounds-20__epochs-5__cifar10_remove__cifar10_cnn round=3 (checkpoint deleted)
2026-08-21 18:07:20 EVALUATED cifar10-out-remove__non-iid__vanilla__fedavg__clients-99__seed-42__nm0p0182__clip5__rounds-20__epochs-5__cifar10_remove__cifar10_cnn round=4 (checkpoint deleted)
2026-08-21 18:07:23 EVALUATED cifar10-out-remove__non-iid__vanilla__fedavg__clients-99__seed-42__nm0p0182__clip5__rounds-20__epochs-5__cifar10_remove__cifar10_cnn round=5 (checkpoint deleted)
2026-08-21 18:07:26 EVALUATED cifar10-out-remove__non-iid__vanilla__fedavg__clients-99__seed-42__nm0p0182__clip5__rounds-20__epochs-5__cifar10_remove__cifar10_cnn round=6 (checkpoint deleted)
2026-08-21 18:07:29 EVALUATED cifar10-out-remove__non-iid__vanilla__fedavg__clients-99__seed-42__nm0p0182__clip5__rounds-20__epochs-5__cifar10_remove__cifar10_cnn round=7 (checkpoint deleted)
2026-08-21 18:07:32 EVALUATED cifar10-out-remove__non-iid__vanilla__fedavg__clients-99__seed-42__nm0p0182__clip5__rounds-20__epochs-5__cifar10_remove__cifar10_cnn round=8 (checkpoint deleted)
2026-08-21 18:07:35 EVALUATED cifar10-out-remove__non-iid__vanilla__fedavg__clients-99__seed-42__nm0p0182__clip5__rounds-20__epochs-5__cifar10_remove__cifar10_cnn round=9 (checkpoint deleted)
2026-08-21 18:07:38 EVALUATED cifar10-out-remove__non-iid__vanilla__fedavg__clients-99__seed-42__nm0p0182__clip5__rounds-20__epochs-5__cifar10_remove__cifar10_cnn round=10 (checkpoint deleted)
2026-08-21 18:07:41 EVALUATED cifar10-out-remove__non-iid__vanilla__fedavg__clients-99__seed-42__nm0p0182__clip5__rounds-20__epochs-5__cifar10_remove__cifar10_cnn round=11 (checkpoint deleted)
2026-08-21 18:07:44 EVALUATED cifar10-out-remove__non-iid__vanilla__fedavg__clients-99__seed-42__nm0p0182__clip5__rounds-20__epochs-5__cifar10_remove__cifar10_cnn round=12 (checkpoint deleted)
2026-08-21 18:07:47 EVALUATED cifar10-out-remove__non-iid__vanilla__fedavg__clients-99__seed-42__nm0p0182__clip5__rounds-20__epochs-5__cifar10_remove__cifar10_cnn round=13 (checkpoint deleted)
2026-08-21 18:07:50 EVALUATED cifar10-out-remove__non-iid__vanilla__fedavg__clients-99__seed-42__nm0p0182__clip5__rounds-20__epochs-5__cifar10_remove__cifar10_cnn round=14 (checkpoint deleted)
2026-08-21 18:07:53 EVALUATED cifar10-out-remove__non-iid__vanilla__fedavg__clients-99__seed-42__nm0p0182__clip5__rounds-20__epochs-5__cifar10_remove__cifar10_cnn round=15 (checkpoint deleted)
2026-08-21 18:07:56 EVALUATED cifar10-out-remove__non-iid__vanilla__fedavg__clients-99__seed-42__nm0p0182__clip5__rounds-20__epochs-5__cifar10_remove__cifar10_cnn round=16 (checkpoint deleted)
2026-08-21 18:07:59 EVALUATED cifar10-out-remove__non-iid__vanilla__fedavg__clients-99__seed-42__nm0p0182__clip5__rounds-20__epochs-5__cifar10_remove__cifar10_cnn round=17 (checkpoint deleted)
2026-08-21 18:08:02 EVALUATED cifar10-out-remove__non-iid__vanilla__fedavg__clients-99__seed-42__nm0p0182__clip5__rounds-20__epochs-5__cifar10_remove__cifar10_cnn round=18 (checkpoint deleted)
2026-08-21 18:08:05 EVALUATED cifar10-out-remove__non-iid__vanilla__fedavg__clients-99__seed-42__nm0p0182__clip5__rounds-20__epochs-5__cifar10_remove__cifar10_cnn round=19 (checkpoint deleted)
2026-08-21 18:08:08 EVALUATED cifar10-out-remove__non-iid__vanilla__fedavg__clients-99__seed-42__nm0p0182__clip5__rounds-20__epochs-5__cifar10_remove__cifar10_cnn round=20 (checkpoint deleted)
2026-08-21 18:08:08 PROGRESS 2/2 (0 failed so far)
2026-08-21 18:08:08 Sweep finished: 2/2 attempted, 0 failed
