2026-08-05 16:41:16 Starting full chunk: 2 trajectories
2026-08-05 16:41:16 START cifar-full-in-replace__non-iid__global-dp__fedavg__clients-3__seed-43__nm0p01875__clip5__rounds-20__epochs-5__cifar_chunks__cifar10_cnn 
2026-08-05 16:45:24 DONE  cifar-full-in-replace__non-iid__global-dp__fedavg__clients-3__seed-43__nm0p01875__clip5__rounds-20__epochs-5__cifar_chunks__cifar10_cnn (248.1s)
2026-08-05 16:45:32 EVALUATED cifar-full-in-replace__non-iid__global-dp__fedavg__clients-3__seed-43__nm0p01875__clip5__rounds-20__epochs-5__cifar_chunks__cifar10_cnn round=1 (checkpoint deleted)
2026-08-05 16:45:38 EVALUATED cifar-full-in-replace__non-iid__global-dp__fedavg__clients-3__seed-43__nm0p01875__clip5__rounds-20__epochs-5__cifar_chunks__cifar10_cnn round=2 (checkpoint deleted)
2026-08-05 16:45:43 EVALUATED cifar-full-in-replace__non-iid__global-dp__fedavg__clients-3__seed-43__nm0p01875__clip5__rounds-20__epochs-5__cifar_chunks__cifar10_cnn round=3 (checkpoint deleted)
2026-08-05 16:45:49 EVALUATED cifar-full-in-replace__non-iid__global-dp__fedavg__clients-3__seed-43__nm0p01875__clip5__rounds-20__epochs-5__cifar_chunks__cifar10_cnn round=4 (checkpoint deleted)
2026-08-05 16:45:54 EVALUATED cifar-full-in-replace__non-iid__global-dp__fedavg__clients-3__seed-43__nm0p01875__clip5__rounds-20__epochs-5__cifar_chunks__cifar10_cnn round=5 (checkpoint deleted)
2026-08-05 16:46:00 EVALUATED cifar-full-in-replace__non-iid__global-dp__fedavg__clients-3__seed-43__nm0p01875__clip5__rounds-20__epochs-5__cifar_chunks__cifar10_cnn round=6 (checkpoint deleted)
2026-08-05 16:46:05 EVALUATED cifar-full-in-replace__non-iid__global-dp__fedavg__clients-3__seed-43__nm0p01875__clip5__rounds-20__epochs-5__cifar_chunks__cifar10_cnn round=7 (checkpoint deleted)
2026-08-05 16:46:11 EVALUATED cifar-full-in-replace__non-iid__global-dp__fedavg__clients-3__seed-43__nm0p01875__clip5__rounds-20__epochs-5__cifar_chunks__cifar10_cnn round=8 (checkpoint deleted)
2026-08-05 16:46:16 EVALUATED cifar-full-in-replace__non-iid__global-dp__fedavg__clients-3__seed-43__nm0p01875__clip5__rounds-20__epochs-5__cifar_chunks__cifar10_cnn round=9 (checkpoint deleted)
2026-08-05 16:46:22 EVALUATED cifar-full-in-replace__non-iid__global-dp__fedavg__clients-3__seed-43__nm0p01875__clip5__rounds-20__epochs-5__cifar_chunks__cifar10_cnn round=10 (checkpoint deleted)
2026-08-05 16:46:27 EVALUATED cifar-full-in-replace__non-iid__global-dp__fedavg__clients-3__seed-43__nm0p01875__clip5__rounds-20__epochs-5__cifar_chunks__cifar10_cnn round=11 (checkpoint deleted)
2026-08-05 16:46:33 EVALUATED cifar-full-in-replace__non-iid__global-dp__fedavg__clients-3__seed-43__nm0p01875__clip5__rounds-20__epochs-5__cifar_chunks__cifar10_cnn round=12 (checkpoint deleted)
2026-08-05 16:46:38 EVALUATED cifar-full-in-replace__non-iid__global-dp__fedavg__clients-3__seed-43__nm0p01875__clip5__rounds-20__epochs-5__cifar_chunks__cifar10_cnn round=13 (checkpoint deleted)
2026-08-05 16:46:43 EVALUATED cifar-full-in-replace__non-iid__global-dp__fedavg__clients-3__seed-43__nm0p01875__clip5__rounds-20__epochs-5__cifar_chunks__cifar10_cnn round=14 (checkpoint deleted)
2026-08-05 16:46:49 EVALUATED cifar-full-in-replace__non-iid__global-dp__fedavg__clients-3__seed-43__nm0p01875__clip5__rounds-20__epochs-5__cifar_chunks__cifar10_cnn round=15 (checkpoint deleted)
2026-08-05 16:46:54 EVALUATED cifar-full-in-replace__non-iid__global-dp__fedavg__clients-3__seed-43__nm0p01875__clip5__rounds-20__epochs-5__cifar_chunks__cifar10_cnn round=16 (checkpoint deleted)
2026-08-05 16:47:00 EVALUATED cifar-full-in-replace__non-iid__global-dp__fedavg__clients-3__seed-43__nm0p01875__clip5__rounds-20__epochs-5__cifar_chunks__cifar10_cnn round=17 (checkpoint deleted)
2026-08-05 16:47:05 EVALUATED cifar-full-in-replace__non-iid__global-dp__fedavg__clients-3__seed-43__nm0p01875__clip5__rounds-20__epochs-5__cifar_chunks__cifar10_cnn round=18 (checkpoint deleted)
2026-08-05 16:47:11 EVALUATED cifar-full-in-replace__non-iid__global-dp__fedavg__clients-3__seed-43__nm0p01875__clip5__rounds-20__epochs-5__cifar_chunks__cifar10_cnn round=19 (checkpoint deleted)
2026-08-05 16:47:16 EVALUATED cifar-full-in-replace__non-iid__global-dp__fedavg__clients-3__seed-43__nm0p01875__clip5__rounds-20__epochs-5__cifar_chunks__cifar10_cnn round=20 (checkpoint deleted)
2026-08-05 16:47:16 PROGRESS 1/2 (0 failed so far)
2026-08-05 16:47:16 START cifar-full-in-replace__non-iid__metric-privacy__fedavg__clients-3__seed-43__nm0p01875__clip5__rounds-20__epochs-5__cifar_chunks__cifar10_cnn 
2026-08-05 16:51:25 DONE  cifar-full-in-replace__non-iid__metric-privacy__fedavg__clients-3__seed-43__nm0p01875__clip5__rounds-20__epochs-5__cifar_chunks__cifar10_cnn (249.3s)
2026-08-05 16:51:31 EVALUATED cifar-full-in-replace__non-iid__metric-privacy__fedavg__clients-3__seed-43__nm0p01875__clip5__rounds-20__epochs-5__cifar_chunks__cifar10_cnn round=1 (checkpoint deleted)
2026-08-05 16:51:36 EVALUATED cifar-full-in-replace__non-iid__metric-privacy__fedavg__clients-3__seed-43__nm0p01875__clip5__rounds-20__epochs-5__cifar_chunks__cifar10_cnn round=2 (checkpoint deleted)
2026-08-05 16:51:42 EVALUATED cifar-full-in-replace__non-iid__metric-privacy__fedavg__clients-3__seed-43__nm0p01875__clip5__rounds-20__epochs-5__cifar_chunks__cifar10_cnn round=3 (checkpoint deleted)
2026-08-05 16:51:47 EVALUATED cifar-full-in-replace__non-iid__metric-privacy__fedavg__clients-3__seed-43__nm0p01875__clip5__rounds-20__epochs-5__cifar_chunks__cifar10_cnn round=4 (checkpoint deleted)
2026-08-05 16:51:53 EVALUATED cifar-full-in-replace__non-iid__metric-privacy__fedavg__clients-3__seed-43__nm0p01875__clip5__rounds-20__epochs-5__cifar_chunks__cifar10_cnn round=5 (checkpoint deleted)
2026-08-05 16:51:58 EVALUATED cifar-full-in-replace__non-iid__metric-privacy__fedavg__clients-3__seed-43__nm0p01875__clip5__rounds-20__epochs-5__cifar_chunks__cifar10_cnn round=6 (checkpoint deleted)
2026-08-05 16:52:04 EVALUATED cifar-full-in-replace__non-iid__metric-privacy__fedavg__clients-3__seed-43__nm0p01875__clip5__rounds-20__epochs-5__cifar_chunks__cifar10_cnn round=7 (checkpoint deleted)
2026-08-05 16:52:09 EVALUATED cifar-full-in-replace__non-iid__metric-privacy__fedavg__clients-3__seed-43__nm0p01875__clip5__rounds-20__epochs-5__cifar_chunks__cifar10_cnn round=8 (checkpoint deleted)
2026-08-05 16:52:15 EVALUATED cifar-full-in-replace__non-iid__metric-privacy__fedavg__clients-3__seed-43__nm0p01875__clip5__rounds-20__epochs-5__cifar_chunks__cifar10_cnn round=9 (checkpoint deleted)
2026-08-05 16:52:20 EVALUATED cifar-full-in-replace__non-iid__metric-privacy__fedavg__clients-3__seed-43__nm0p01875__clip5__rounds-20__epochs-5__cifar_chunks__cifar10_cnn round=10 (checkpoint deleted)
2026-08-05 16:52:26 EVALUATED cifar-full-in-replace__non-iid__metric-privacy__fedavg__clients-3__seed-43__nm0p01875__clip5__rounds-20__epochs-5__cifar_chunks__cifar10_cnn round=11 (checkpoint deleted)
2026-08-05 16:52:31 EVALUATED cifar-full-in-replace__non-iid__metric-privacy__fedavg__clients-3__seed-43__nm0p01875__clip5__rounds-20__epochs-5__cifar_chunks__cifar10_cnn round=12 (checkpoint deleted)
2026-08-05 16:52:37 EVALUATED cifar-full-in-replace__non-iid__metric-privacy__fedavg__clients-3__seed-43__nm0p01875__clip5__rounds-20__epochs-5__cifar_chunks__cifar10_cnn round=13 (checkpoint deleted)
2026-08-05 16:52:42 EVALUATED cifar-full-in-replace__non-iid__metric-privacy__fedavg__clients-3__seed-43__nm0p01875__clip5__rounds-20__epochs-5__cifar_chunks__cifar10_cnn round=14 (checkpoint deleted)
2026-08-05 16:52:48 EVALUATED cifar-full-in-replace__non-iid__metric-privacy__fedavg__clients-3__seed-43__nm0p01875__clip5__rounds-20__epochs-5__cifar_chunks__cifar10_cnn round=15 (checkpoint deleted)
2026-08-05 16:52:53 EVALUATED cifar-full-in-replace__non-iid__metric-privacy__fedavg__clients-3__seed-43__nm0p01875__clip5__rounds-20__epochs-5__cifar_chunks__cifar10_cnn round=16 (checkpoint deleted)
2026-08-05 16:52:58 EVALUATED cifar-full-in-replace__non-iid__metric-privacy__fedavg__clients-3__seed-43__nm0p01875__clip5__rounds-20__epochs-5__cifar_chunks__cifar10_cnn round=17 (checkpoint deleted)
2026-08-05 16:53:04 EVALUATED cifar-full-in-replace__non-iid__metric-privacy__fedavg__clients-3__seed-43__nm0p01875__clip5__rounds-20__epochs-5__cifar_chunks__cifar10_cnn round=18 (checkpoint deleted)
2026-08-05 16:53:09 EVALUATED cifar-full-in-replace__non-iid__metric-privacy__fedavg__clients-3__seed-43__nm0p01875__clip5__rounds-20__epochs-5__cifar_chunks__cifar10_cnn round=19 (checkpoint deleted)
2026-08-05 16:53:15 EVALUATED cifar-full-in-replace__non-iid__metric-privacy__fedavg__clients-3__seed-43__nm0p01875__clip5__rounds-20__epochs-5__cifar_chunks__cifar10_cnn round=20 (checkpoint deleted)
2026-08-05 16:53:15 PROGRESS 2/2 (0 failed so far)
2026-08-05 16:53:15 Sweep finished: 2/2 attempted, 0 failed
