2026-08-19 22:12:20 EuroSAT stage (metric-privacy, non-iid, seed=43, noise_ratio=0.0015461300878041046): 2 trajectories
2026-08-19 22:12:20 START eurosat-in-remove__non-iid__metric-privacy__fedavg__clients-48__seed-43__nm0p0742142__clip5__rounds-100__epochs-5__eurosat_remove__eurosat_cnn 
2026-08-19 22:30:56 DONE  eurosat-in-remove__non-iid__metric-privacy__fedavg__clients-48__seed-43__nm0p0742142__clip5__rounds-100__epochs-5__eurosat_remove__eurosat_cnn (1115.8s)
2026-08-19 22:30:57 EVALUATED eurosat-in-remove__non-iid__metric-privacy__fedavg__clients-48__seed-43__nm0p0742142__clip5__rounds-100__epochs-5__eurosat_remove__eurosat_cnn round=1 (checkpoint deleted)
2026-08-19 22:30:58 EVALUATED eurosat-in-remove__non-iid__metric-privacy__fedavg__clients-48__seed-43__nm0p0742142__clip5__rounds-100__epochs-5__eurosat_remove__eurosat_cnn round=10 (checkpoint deleted)
2026-08-19 22:31:00 EVALUATED eurosat-in-remove__non-iid__metric-privacy__fedavg__clients-48__seed-43__nm0p0742142__clip5__rounds-100__epochs-5__eurosat_remove__eurosat_cnn round=20 (checkpoint deleted)
2026-08-19 22:31:01 EVALUATED eurosat-in-remove__non-iid__metric-privacy__fedavg__clients-48__seed-43__nm0p0742142__clip5__rounds-100__epochs-5__eurosat_remove__eurosat_cnn round=30 (checkpoint deleted)
2026-08-19 22:31:02 EVALUATED eurosat-in-remove__non-iid__metric-privacy__fedavg__clients-48__seed-43__nm0p0742142__clip5__rounds-100__epochs-5__eurosat_remove__eurosat_cnn round=40 (checkpoint deleted)
2026-08-19 22:31:04 EVALUATED eurosat-in-remove__non-iid__metric-privacy__fedavg__clients-48__seed-43__nm0p0742142__clip5__rounds-100__epochs-5__eurosat_remove__eurosat_cnn round=50 (checkpoint deleted)
2026-08-19 22:31:05 EVALUATED eurosat-in-remove__non-iid__metric-privacy__fedavg__clients-48__seed-43__nm0p0742142__clip5__rounds-100__epochs-5__eurosat_remove__eurosat_cnn round=60 (checkpoint deleted)
2026-08-19 22:31:07 EVALUATED eurosat-in-remove__non-iid__metric-privacy__fedavg__clients-48__seed-43__nm0p0742142__clip5__rounds-100__epochs-5__eurosat_remove__eurosat_cnn round=70 (checkpoint deleted)
2026-08-19 22:31:08 EVALUATED eurosat-in-remove__non-iid__metric-privacy__fedavg__clients-48__seed-43__nm0p0742142__clip5__rounds-100__epochs-5__eurosat_remove__eurosat_cnn round=80 (checkpoint deleted)
2026-08-19 22:31:09 EVALUATED eurosat-in-remove__non-iid__metric-privacy__fedavg__clients-48__seed-43__nm0p0742142__clip5__rounds-100__epochs-5__eurosat_remove__eurosat_cnn round=90 (checkpoint deleted)
2026-08-19 22:31:11 EVALUATED eurosat-in-remove__non-iid__metric-privacy__fedavg__clients-48__seed-43__nm0p0742142__clip5__rounds-100__epochs-5__eurosat_remove__eurosat_cnn round=100 (checkpoint deleted)
2026-08-19 22:31:11 PROGRESS 1/2 (0 failed so far)
2026-08-19 22:31:11 START eurosat-out-remove__non-iid__metric-privacy__fedavg__clients-47__seed-43__nm0p0726681__clip5__rounds-100__epochs-5__eurosat_remove__eurosat_cnn 
2026-08-19 22:49:16 DONE  eurosat-out-remove__non-iid__metric-privacy__fedavg__clients-47__seed-43__nm0p0726681__clip5__rounds-100__epochs-5__eurosat_remove__eurosat_cnn (1085.1s)
2026-08-19 22:49:17 EVALUATED eurosat-out-remove__non-iid__metric-privacy__fedavg__clients-47__seed-43__nm0p0726681__clip5__rounds-100__epochs-5__eurosat_remove__eurosat_cnn round=1 (checkpoint deleted)
2026-08-19 22:49:18 EVALUATED eurosat-out-remove__non-iid__metric-privacy__fedavg__clients-47__seed-43__nm0p0726681__clip5__rounds-100__epochs-5__eurosat_remove__eurosat_cnn round=10 (checkpoint deleted)
2026-08-19 22:49:20 EVALUATED eurosat-out-remove__non-iid__metric-privacy__fedavg__clients-47__seed-43__nm0p0726681__clip5__rounds-100__epochs-5__eurosat_remove__eurosat_cnn round=20 (checkpoint deleted)
2026-08-19 22:49:21 EVALUATED eurosat-out-remove__non-iid__metric-privacy__fedavg__clients-47__seed-43__nm0p0726681__clip5__rounds-100__epochs-5__eurosat_remove__eurosat_cnn round=30 (checkpoint deleted)
2026-08-19 22:49:23 EVALUATED eurosat-out-remove__non-iid__metric-privacy__fedavg__clients-47__seed-43__nm0p0726681__clip5__rounds-100__epochs-5__eurosat_remove__eurosat_cnn round=40 (checkpoint deleted)
2026-08-19 22:49:24 EVALUATED eurosat-out-remove__non-iid__metric-privacy__fedavg__clients-47__seed-43__nm0p0726681__clip5__rounds-100__epochs-5__eurosat_remove__eurosat_cnn round=50 (checkpoint deleted)
2026-08-19 22:49:25 EVALUATED eurosat-out-remove__non-iid__metric-privacy__fedavg__clients-47__seed-43__nm0p0726681__clip5__rounds-100__epochs-5__eurosat_remove__eurosat_cnn round=60 (checkpoint deleted)
2026-08-19 22:49:27 EVALUATED eurosat-out-remove__non-iid__metric-privacy__fedavg__clients-47__seed-43__nm0p0726681__clip5__rounds-100__epochs-5__eurosat_remove__eurosat_cnn round=70 (checkpoint deleted)
2026-08-19 22:49:28 EVALUATED eurosat-out-remove__non-iid__metric-privacy__fedavg__clients-47__seed-43__nm0p0726681__clip5__rounds-100__epochs-5__eurosat_remove__eurosat_cnn round=80 (checkpoint deleted)
2026-08-19 22:49:29 EVALUATED eurosat-out-remove__non-iid__metric-privacy__fedavg__clients-47__seed-43__nm0p0726681__clip5__rounds-100__epochs-5__eurosat_remove__eurosat_cnn round=90 (checkpoint deleted)
2026-08-19 22:49:31 EVALUATED eurosat-out-remove__non-iid__metric-privacy__fedavg__clients-47__seed-43__nm0p0726681__clip5__rounds-100__epochs-5__eurosat_remove__eurosat_cnn round=100 (checkpoint deleted)
2026-08-19 22:49:31 PROGRESS 2/2 (0 failed so far)
2026-08-19 22:49:31 Sweep finished: 2/2 attempted, 0 failed
