2026-08-21 03:27:42 Fashion-MNIST stage (metric-privacy, homogeneous, seed=42, noise_ratio=0.0006691085733778867): 2 trajectories
2026-08-21 03:27:42 START fashion-mnist-in-remove__homogeneous__metric-privacy__fedavg__clients-48__seed-42__nm0p0321172__clip5__rounds-100__epochs-5__fashion_mnist_remove__fashion_mnist_cnn 
2026-08-21 03:43:50 DONE  fashion-mnist-in-remove__homogeneous__metric-privacy__fedavg__clients-48__seed-42__nm0p0321172__clip5__rounds-100__epochs-5__fashion_mnist_remove__fashion_mnist_cnn (968.4s)
2026-08-21 03:43:55 EVALUATED fashion-mnist-in-remove__homogeneous__metric-privacy__fedavg__clients-48__seed-42__nm0p0321172__clip5__rounds-100__epochs-5__fashion_mnist_remove__fashion_mnist_cnn round=1 (checkpoint deleted)
2026-08-21 03:43:58 EVALUATED fashion-mnist-in-remove__homogeneous__metric-privacy__fedavg__clients-48__seed-42__nm0p0321172__clip5__rounds-100__epochs-5__fashion_mnist_remove__fashion_mnist_cnn round=10 (checkpoint deleted)
2026-08-21 03:44:00 EVALUATED fashion-mnist-in-remove__homogeneous__metric-privacy__fedavg__clients-48__seed-42__nm0p0321172__clip5__rounds-100__epochs-5__fashion_mnist_remove__fashion_mnist_cnn round=20 (checkpoint deleted)
2026-08-21 03:44:03 EVALUATED fashion-mnist-in-remove__homogeneous__metric-privacy__fedavg__clients-48__seed-42__nm0p0321172__clip5__rounds-100__epochs-5__fashion_mnist_remove__fashion_mnist_cnn round=30 (checkpoint deleted)
2026-08-21 03:44:06 EVALUATED fashion-mnist-in-remove__homogeneous__metric-privacy__fedavg__clients-48__seed-42__nm0p0321172__clip5__rounds-100__epochs-5__fashion_mnist_remove__fashion_mnist_cnn round=40 (checkpoint deleted)
2026-08-21 03:44:08 EVALUATED fashion-mnist-in-remove__homogeneous__metric-privacy__fedavg__clients-48__seed-42__nm0p0321172__clip5__rounds-100__epochs-5__fashion_mnist_remove__fashion_mnist_cnn round=50 (checkpoint deleted)
2026-08-21 03:44:11 EVALUATED fashion-mnist-in-remove__homogeneous__metric-privacy__fedavg__clients-48__seed-42__nm0p0321172__clip5__rounds-100__epochs-5__fashion_mnist_remove__fashion_mnist_cnn round=60 (checkpoint deleted)
2026-08-21 03:44:14 EVALUATED fashion-mnist-in-remove__homogeneous__metric-privacy__fedavg__clients-48__seed-42__nm0p0321172__clip5__rounds-100__epochs-5__fashion_mnist_remove__fashion_mnist_cnn round=70 (checkpoint deleted)
2026-08-21 03:44:16 EVALUATED fashion-mnist-in-remove__homogeneous__metric-privacy__fedavg__clients-48__seed-42__nm0p0321172__clip5__rounds-100__epochs-5__fashion_mnist_remove__fashion_mnist_cnn round=80 (checkpoint deleted)
2026-08-21 03:44:19 EVALUATED fashion-mnist-in-remove__homogeneous__metric-privacy__fedavg__clients-48__seed-42__nm0p0321172__clip5__rounds-100__epochs-5__fashion_mnist_remove__fashion_mnist_cnn round=90 (checkpoint deleted)
2026-08-21 03:44:22 EVALUATED fashion-mnist-in-remove__homogeneous__metric-privacy__fedavg__clients-48__seed-42__nm0p0321172__clip5__rounds-100__epochs-5__fashion_mnist_remove__fashion_mnist_cnn round=100 (checkpoint deleted)
2026-08-21 03:44:22 PROGRESS 1/2 (0 failed so far)
2026-08-21 03:44:22 START fashion-mnist-out-remove__homogeneous__metric-privacy__fedavg__clients-47__seed-42__nm0p0314481__clip5__rounds-100__epochs-5__fashion_mnist_remove__fashion_mnist_cnn 
2026-08-21 04:00:09 DONE  fashion-mnist-out-remove__homogeneous__metric-privacy__fedavg__clients-47__seed-42__nm0p0314481__clip5__rounds-100__epochs-5__fashion_mnist_remove__fashion_mnist_cnn (947.2s)
2026-08-21 04:00:11 EVALUATED fashion-mnist-out-remove__homogeneous__metric-privacy__fedavg__clients-47__seed-42__nm0p0314481__clip5__rounds-100__epochs-5__fashion_mnist_remove__fashion_mnist_cnn round=1 (checkpoint deleted)
2026-08-21 04:00:14 EVALUATED fashion-mnist-out-remove__homogeneous__metric-privacy__fedavg__clients-47__seed-42__nm0p0314481__clip5__rounds-100__epochs-5__fashion_mnist_remove__fashion_mnist_cnn round=10 (checkpoint deleted)
2026-08-21 04:00:17 EVALUATED fashion-mnist-out-remove__homogeneous__metric-privacy__fedavg__clients-47__seed-42__nm0p0314481__clip5__rounds-100__epochs-5__fashion_mnist_remove__fashion_mnist_cnn round=20 (checkpoint deleted)
2026-08-21 04:00:19 EVALUATED fashion-mnist-out-remove__homogeneous__metric-privacy__fedavg__clients-47__seed-42__nm0p0314481__clip5__rounds-100__epochs-5__fashion_mnist_remove__fashion_mnist_cnn round=30 (checkpoint deleted)
2026-08-21 04:00:22 EVALUATED fashion-mnist-out-remove__homogeneous__metric-privacy__fedavg__clients-47__seed-42__nm0p0314481__clip5__rounds-100__epochs-5__fashion_mnist_remove__fashion_mnist_cnn round=40 (checkpoint deleted)
2026-08-21 04:00:24 EVALUATED fashion-mnist-out-remove__homogeneous__metric-privacy__fedavg__clients-47__seed-42__nm0p0314481__clip5__rounds-100__epochs-5__fashion_mnist_remove__fashion_mnist_cnn round=50 (checkpoint deleted)
2026-08-21 04:00:27 EVALUATED fashion-mnist-out-remove__homogeneous__metric-privacy__fedavg__clients-47__seed-42__nm0p0314481__clip5__rounds-100__epochs-5__fashion_mnist_remove__fashion_mnist_cnn round=60 (checkpoint deleted)
2026-08-21 04:00:30 EVALUATED fashion-mnist-out-remove__homogeneous__metric-privacy__fedavg__clients-47__seed-42__nm0p0314481__clip5__rounds-100__epochs-5__fashion_mnist_remove__fashion_mnist_cnn round=70 (checkpoint deleted)
2026-08-21 04:00:32 EVALUATED fashion-mnist-out-remove__homogeneous__metric-privacy__fedavg__clients-47__seed-42__nm0p0314481__clip5__rounds-100__epochs-5__fashion_mnist_remove__fashion_mnist_cnn round=80 (checkpoint deleted)
2026-08-21 04:00:35 EVALUATED fashion-mnist-out-remove__homogeneous__metric-privacy__fedavg__clients-47__seed-42__nm0p0314481__clip5__rounds-100__epochs-5__fashion_mnist_remove__fashion_mnist_cnn round=90 (checkpoint deleted)
2026-08-21 04:00:37 EVALUATED fashion-mnist-out-remove__homogeneous__metric-privacy__fedavg__clients-47__seed-42__nm0p0314481__clip5__rounds-100__epochs-5__fashion_mnist_remove__fashion_mnist_cnn round=100 (checkpoint deleted)
2026-08-21 04:00:37 PROGRESS 2/2 (0 failed so far)
2026-08-21 04:00:37 Sweep finished: 2/2 attempted, 0 failed
