2026-08-05 22:14:44 Starting full chunk: 2 trajectories
2026-08-05 22:14:44 START cifar-full-in-replace__non-iid__global-dp__fedavg__clients-16__seed-44__nm0p053328__clip5__rounds-20__epochs-5__cifar_chunks__cifar10_cnn 
2026-08-05 22:20:30 DONE  cifar-full-in-replace__non-iid__global-dp__fedavg__clients-16__seed-44__nm0p053328__clip5__rounds-20__epochs-5__cifar_chunks__cifar10_cnn (346.7s)
2026-08-05 22:20:36 EVALUATED cifar-full-in-replace__non-iid__global-dp__fedavg__clients-16__seed-44__nm0p053328__clip5__rounds-20__epochs-5__cifar_chunks__cifar10_cnn round=1 (checkpoint deleted)
2026-08-05 22:20:39 EVALUATED cifar-full-in-replace__non-iid__global-dp__fedavg__clients-16__seed-44__nm0p053328__clip5__rounds-20__epochs-5__cifar_chunks__cifar10_cnn round=2 (checkpoint deleted)
2026-08-05 22:20:43 EVALUATED cifar-full-in-replace__non-iid__global-dp__fedavg__clients-16__seed-44__nm0p053328__clip5__rounds-20__epochs-5__cifar_chunks__cifar10_cnn round=3 (checkpoint deleted)
2026-08-05 22:20:47 EVALUATED cifar-full-in-replace__non-iid__global-dp__fedavg__clients-16__seed-44__nm0p053328__clip5__rounds-20__epochs-5__cifar_chunks__cifar10_cnn round=4 (checkpoint deleted)
2026-08-05 22:20:51 EVALUATED cifar-full-in-replace__non-iid__global-dp__fedavg__clients-16__seed-44__nm0p053328__clip5__rounds-20__epochs-5__cifar_chunks__cifar10_cnn round=5 (checkpoint deleted)
2026-08-05 22:20:55 EVALUATED cifar-full-in-replace__non-iid__global-dp__fedavg__clients-16__seed-44__nm0p053328__clip5__rounds-20__epochs-5__cifar_chunks__cifar10_cnn round=6 (checkpoint deleted)
2026-08-05 22:20:59 EVALUATED cifar-full-in-replace__non-iid__global-dp__fedavg__clients-16__seed-44__nm0p053328__clip5__rounds-20__epochs-5__cifar_chunks__cifar10_cnn round=7 (checkpoint deleted)
2026-08-05 22:21:03 EVALUATED cifar-full-in-replace__non-iid__global-dp__fedavg__clients-16__seed-44__nm0p053328__clip5__rounds-20__epochs-5__cifar_chunks__cifar10_cnn round=8 (checkpoint deleted)
2026-08-05 22:21:07 EVALUATED cifar-full-in-replace__non-iid__global-dp__fedavg__clients-16__seed-44__nm0p053328__clip5__rounds-20__epochs-5__cifar_chunks__cifar10_cnn round=9 (checkpoint deleted)
2026-08-05 22:21:11 EVALUATED cifar-full-in-replace__non-iid__global-dp__fedavg__clients-16__seed-44__nm0p053328__clip5__rounds-20__epochs-5__cifar_chunks__cifar10_cnn round=10 (checkpoint deleted)
2026-08-05 22:21:15 EVALUATED cifar-full-in-replace__non-iid__global-dp__fedavg__clients-16__seed-44__nm0p053328__clip5__rounds-20__epochs-5__cifar_chunks__cifar10_cnn round=11 (checkpoint deleted)
2026-08-05 22:21:18 EVALUATED cifar-full-in-replace__non-iid__global-dp__fedavg__clients-16__seed-44__nm0p053328__clip5__rounds-20__epochs-5__cifar_chunks__cifar10_cnn round=12 (checkpoint deleted)
2026-08-05 22:21:22 EVALUATED cifar-full-in-replace__non-iid__global-dp__fedavg__clients-16__seed-44__nm0p053328__clip5__rounds-20__epochs-5__cifar_chunks__cifar10_cnn round=13 (checkpoint deleted)
2026-08-05 22:21:26 EVALUATED cifar-full-in-replace__non-iid__global-dp__fedavg__clients-16__seed-44__nm0p053328__clip5__rounds-20__epochs-5__cifar_chunks__cifar10_cnn round=14 (checkpoint deleted)
2026-08-05 22:21:30 EVALUATED cifar-full-in-replace__non-iid__global-dp__fedavg__clients-16__seed-44__nm0p053328__clip5__rounds-20__epochs-5__cifar_chunks__cifar10_cnn round=15 (checkpoint deleted)
2026-08-05 22:21:34 EVALUATED cifar-full-in-replace__non-iid__global-dp__fedavg__clients-16__seed-44__nm0p053328__clip5__rounds-20__epochs-5__cifar_chunks__cifar10_cnn round=16 (checkpoint deleted)
2026-08-05 22:21:38 EVALUATED cifar-full-in-replace__non-iid__global-dp__fedavg__clients-16__seed-44__nm0p053328__clip5__rounds-20__epochs-5__cifar_chunks__cifar10_cnn round=17 (checkpoint deleted)
2026-08-05 22:21:42 EVALUATED cifar-full-in-replace__non-iid__global-dp__fedavg__clients-16__seed-44__nm0p053328__clip5__rounds-20__epochs-5__cifar_chunks__cifar10_cnn round=18 (checkpoint deleted)
2026-08-05 22:21:46 EVALUATED cifar-full-in-replace__non-iid__global-dp__fedavg__clients-16__seed-44__nm0p053328__clip5__rounds-20__epochs-5__cifar_chunks__cifar10_cnn round=19 (checkpoint deleted)
2026-08-05 22:21:50 EVALUATED cifar-full-in-replace__non-iid__global-dp__fedavg__clients-16__seed-44__nm0p053328__clip5__rounds-20__epochs-5__cifar_chunks__cifar10_cnn round=20 (checkpoint deleted)
2026-08-05 22:21:50 PROGRESS 1/2 (0 failed so far)
2026-08-05 22:21:50 START cifar-full-in-replace__non-iid__metric-privacy__fedavg__clients-16__seed-44__nm0p053328__clip5__rounds-20__epochs-5__cifar_chunks__cifar10_cnn 
2026-08-05 22:27:35 DONE  cifar-full-in-replace__non-iid__metric-privacy__fedavg__clients-16__seed-44__nm0p053328__clip5__rounds-20__epochs-5__cifar_chunks__cifar10_cnn (345.8s)
2026-08-05 22:27:39 EVALUATED cifar-full-in-replace__non-iid__metric-privacy__fedavg__clients-16__seed-44__nm0p053328__clip5__rounds-20__epochs-5__cifar_chunks__cifar10_cnn round=1 (checkpoint deleted)
2026-08-05 22:27:43 EVALUATED cifar-full-in-replace__non-iid__metric-privacy__fedavg__clients-16__seed-44__nm0p053328__clip5__rounds-20__epochs-5__cifar_chunks__cifar10_cnn round=2 (checkpoint deleted)
2026-08-05 22:27:47 EVALUATED cifar-full-in-replace__non-iid__metric-privacy__fedavg__clients-16__seed-44__nm0p053328__clip5__rounds-20__epochs-5__cifar_chunks__cifar10_cnn round=3 (checkpoint deleted)
2026-08-05 22:27:51 EVALUATED cifar-full-in-replace__non-iid__metric-privacy__fedavg__clients-16__seed-44__nm0p053328__clip5__rounds-20__epochs-5__cifar_chunks__cifar10_cnn round=4 (checkpoint deleted)
2026-08-05 22:27:55 EVALUATED cifar-full-in-replace__non-iid__metric-privacy__fedavg__clients-16__seed-44__nm0p053328__clip5__rounds-20__epochs-5__cifar_chunks__cifar10_cnn round=5 (checkpoint deleted)
2026-08-05 22:27:59 EVALUATED cifar-full-in-replace__non-iid__metric-privacy__fedavg__clients-16__seed-44__nm0p053328__clip5__rounds-20__epochs-5__cifar_chunks__cifar10_cnn round=6 (checkpoint deleted)
2026-08-05 22:28:03 EVALUATED cifar-full-in-replace__non-iid__metric-privacy__fedavg__clients-16__seed-44__nm0p053328__clip5__rounds-20__epochs-5__cifar_chunks__cifar10_cnn round=7 (checkpoint deleted)
2026-08-05 22:28:07 EVALUATED cifar-full-in-replace__non-iid__metric-privacy__fedavg__clients-16__seed-44__nm0p053328__clip5__rounds-20__epochs-5__cifar_chunks__cifar10_cnn round=8 (checkpoint deleted)
2026-08-05 22:28:11 EVALUATED cifar-full-in-replace__non-iid__metric-privacy__fedavg__clients-16__seed-44__nm0p053328__clip5__rounds-20__epochs-5__cifar_chunks__cifar10_cnn round=9 (checkpoint deleted)
2026-08-05 22:28:15 EVALUATED cifar-full-in-replace__non-iid__metric-privacy__fedavg__clients-16__seed-44__nm0p053328__clip5__rounds-20__epochs-5__cifar_chunks__cifar10_cnn round=10 (checkpoint deleted)
2026-08-05 22:28:18 EVALUATED cifar-full-in-replace__non-iid__metric-privacy__fedavg__clients-16__seed-44__nm0p053328__clip5__rounds-20__epochs-5__cifar_chunks__cifar10_cnn round=11 (checkpoint deleted)
2026-08-05 22:28:22 EVALUATED cifar-full-in-replace__non-iid__metric-privacy__fedavg__clients-16__seed-44__nm0p053328__clip5__rounds-20__epochs-5__cifar_chunks__cifar10_cnn round=12 (checkpoint deleted)
2026-08-05 22:28:26 EVALUATED cifar-full-in-replace__non-iid__metric-privacy__fedavg__clients-16__seed-44__nm0p053328__clip5__rounds-20__epochs-5__cifar_chunks__cifar10_cnn round=13 (checkpoint deleted)
2026-08-05 22:28:30 EVALUATED cifar-full-in-replace__non-iid__metric-privacy__fedavg__clients-16__seed-44__nm0p053328__clip5__rounds-20__epochs-5__cifar_chunks__cifar10_cnn round=14 (checkpoint deleted)
2026-08-05 22:28:34 EVALUATED cifar-full-in-replace__non-iid__metric-privacy__fedavg__clients-16__seed-44__nm0p053328__clip5__rounds-20__epochs-5__cifar_chunks__cifar10_cnn round=15 (checkpoint deleted)
2026-08-05 22:28:38 EVALUATED cifar-full-in-replace__non-iid__metric-privacy__fedavg__clients-16__seed-44__nm0p053328__clip5__rounds-20__epochs-5__cifar_chunks__cifar10_cnn round=16 (checkpoint deleted)
2026-08-05 22:28:42 EVALUATED cifar-full-in-replace__non-iid__metric-privacy__fedavg__clients-16__seed-44__nm0p053328__clip5__rounds-20__epochs-5__cifar_chunks__cifar10_cnn round=17 (checkpoint deleted)
2026-08-05 22:28:46 EVALUATED cifar-full-in-replace__non-iid__metric-privacy__fedavg__clients-16__seed-44__nm0p053328__clip5__rounds-20__epochs-5__cifar_chunks__cifar10_cnn round=18 (checkpoint deleted)
2026-08-05 22:28:50 EVALUATED cifar-full-in-replace__non-iid__metric-privacy__fedavg__clients-16__seed-44__nm0p053328__clip5__rounds-20__epochs-5__cifar_chunks__cifar10_cnn round=19 (checkpoint deleted)
2026-08-05 22:28:54 EVALUATED cifar-full-in-replace__non-iid__metric-privacy__fedavg__clients-16__seed-44__nm0p053328__clip5__rounds-20__epochs-5__cifar_chunks__cifar10_cnn round=20 (checkpoint deleted)
2026-08-05 22:28:54 PROGRESS 2/2 (0 failed so far)
2026-08-05 22:28:54 Sweep finished: 2/2 attempted, 0 failed
