2026-08-13 22:10:09 CIFAR-10 removal CIA chunk (global-dp, clients=8, noise_ratio=0.0025): 2 trajectories
2026-08-13 22:10:09 START cifar10-in-remove__non-iid__global-dp__fedavg__clients-8__seed-42__nm0p02__clip5__rounds-20__epochs-5__cifar10_remove__cifar10_cnn 
2026-08-13 22:21:49 DONE  cifar10-in-remove__non-iid__global-dp__fedavg__clients-8__seed-42__nm0p02__clip5__rounds-20__epochs-5__cifar10_remove__cifar10_cnn (700.1s)
2026-08-13 22:22:00 EVALUATED cifar10-in-remove__non-iid__global-dp__fedavg__clients-8__seed-42__nm0p02__clip5__rounds-20__epochs-5__cifar10_remove__cifar10_cnn round=1 (checkpoint deleted)
2026-08-13 22:22:08 EVALUATED cifar10-in-remove__non-iid__global-dp__fedavg__clients-8__seed-42__nm0p02__clip5__rounds-20__epochs-5__cifar10_remove__cifar10_cnn round=2 (checkpoint deleted)
2026-08-13 22:22:15 EVALUATED cifar10-in-remove__non-iid__global-dp__fedavg__clients-8__seed-42__nm0p02__clip5__rounds-20__epochs-5__cifar10_remove__cifar10_cnn round=3 (checkpoint deleted)
2026-08-13 22:22:22 EVALUATED cifar10-in-remove__non-iid__global-dp__fedavg__clients-8__seed-42__nm0p02__clip5__rounds-20__epochs-5__cifar10_remove__cifar10_cnn round=4 (checkpoint deleted)
2026-08-13 22:22:30 EVALUATED cifar10-in-remove__non-iid__global-dp__fedavg__clients-8__seed-42__nm0p02__clip5__rounds-20__epochs-5__cifar10_remove__cifar10_cnn round=5 (checkpoint deleted)
2026-08-13 22:22:37 EVALUATED cifar10-in-remove__non-iid__global-dp__fedavg__clients-8__seed-42__nm0p02__clip5__rounds-20__epochs-5__cifar10_remove__cifar10_cnn round=6 (checkpoint deleted)
2026-08-13 22:22:44 EVALUATED cifar10-in-remove__non-iid__global-dp__fedavg__clients-8__seed-42__nm0p02__clip5__rounds-20__epochs-5__cifar10_remove__cifar10_cnn round=7 (checkpoint deleted)
2026-08-13 22:22:51 EVALUATED cifar10-in-remove__non-iid__global-dp__fedavg__clients-8__seed-42__nm0p02__clip5__rounds-20__epochs-5__cifar10_remove__cifar10_cnn round=8 (checkpoint deleted)
2026-08-13 22:22:59 EVALUATED cifar10-in-remove__non-iid__global-dp__fedavg__clients-8__seed-42__nm0p02__clip5__rounds-20__epochs-5__cifar10_remove__cifar10_cnn round=9 (checkpoint deleted)
2026-08-13 22:23:06 EVALUATED cifar10-in-remove__non-iid__global-dp__fedavg__clients-8__seed-42__nm0p02__clip5__rounds-20__epochs-5__cifar10_remove__cifar10_cnn round=10 (checkpoint deleted)
2026-08-13 22:23:13 EVALUATED cifar10-in-remove__non-iid__global-dp__fedavg__clients-8__seed-42__nm0p02__clip5__rounds-20__epochs-5__cifar10_remove__cifar10_cnn round=11 (checkpoint deleted)
2026-08-13 22:23:21 EVALUATED cifar10-in-remove__non-iid__global-dp__fedavg__clients-8__seed-42__nm0p02__clip5__rounds-20__epochs-5__cifar10_remove__cifar10_cnn round=12 (checkpoint deleted)
2026-08-13 22:23:28 EVALUATED cifar10-in-remove__non-iid__global-dp__fedavg__clients-8__seed-42__nm0p02__clip5__rounds-20__epochs-5__cifar10_remove__cifar10_cnn round=13 (checkpoint deleted)
2026-08-13 22:23:35 EVALUATED cifar10-in-remove__non-iid__global-dp__fedavg__clients-8__seed-42__nm0p02__clip5__rounds-20__epochs-5__cifar10_remove__cifar10_cnn round=14 (checkpoint deleted)
2026-08-13 22:23:43 EVALUATED cifar10-in-remove__non-iid__global-dp__fedavg__clients-8__seed-42__nm0p02__clip5__rounds-20__epochs-5__cifar10_remove__cifar10_cnn round=15 (checkpoint deleted)
2026-08-13 22:23:50 EVALUATED cifar10-in-remove__non-iid__global-dp__fedavg__clients-8__seed-42__nm0p02__clip5__rounds-20__epochs-5__cifar10_remove__cifar10_cnn round=16 (checkpoint deleted)
2026-08-13 22:23:57 EVALUATED cifar10-in-remove__non-iid__global-dp__fedavg__clients-8__seed-42__nm0p02__clip5__rounds-20__epochs-5__cifar10_remove__cifar10_cnn round=17 (checkpoint deleted)
2026-08-13 22:24:05 EVALUATED cifar10-in-remove__non-iid__global-dp__fedavg__clients-8__seed-42__nm0p02__clip5__rounds-20__epochs-5__cifar10_remove__cifar10_cnn round=18 (checkpoint deleted)
2026-08-13 22:24:12 EVALUATED cifar10-in-remove__non-iid__global-dp__fedavg__clients-8__seed-42__nm0p02__clip5__rounds-20__epochs-5__cifar10_remove__cifar10_cnn round=19 (checkpoint deleted)
2026-08-13 22:24:19 EVALUATED cifar10-in-remove__non-iid__global-dp__fedavg__clients-8__seed-42__nm0p02__clip5__rounds-20__epochs-5__cifar10_remove__cifar10_cnn round=20 (checkpoint deleted)
2026-08-13 22:24:19 PROGRESS 1/2 (0 failed so far)
2026-08-13 22:24:19 START cifar10-out-remove__non-iid__global-dp__fedavg__clients-7__seed-42__nm0p0175__clip5__rounds-20__epochs-5__cifar10_remove__cifar10_cnn 
2026-08-13 22:35:33 DONE  cifar10-out-remove__non-iid__global-dp__fedavg__clients-7__seed-42__nm0p0175__clip5__rounds-20__epochs-5__cifar10_remove__cifar10_cnn (673.6s)
2026-08-13 22:35:40 EVALUATED cifar10-out-remove__non-iid__global-dp__fedavg__clients-7__seed-42__nm0p0175__clip5__rounds-20__epochs-5__cifar10_remove__cifar10_cnn round=1 (checkpoint deleted)
2026-08-13 22:35:48 EVALUATED cifar10-out-remove__non-iid__global-dp__fedavg__clients-7__seed-42__nm0p0175__clip5__rounds-20__epochs-5__cifar10_remove__cifar10_cnn round=2 (checkpoint deleted)
2026-08-13 22:35:55 EVALUATED cifar10-out-remove__non-iid__global-dp__fedavg__clients-7__seed-42__nm0p0175__clip5__rounds-20__epochs-5__cifar10_remove__cifar10_cnn round=3 (checkpoint deleted)
2026-08-13 22:36:03 EVALUATED cifar10-out-remove__non-iid__global-dp__fedavg__clients-7__seed-42__nm0p0175__clip5__rounds-20__epochs-5__cifar10_remove__cifar10_cnn round=4 (checkpoint deleted)
2026-08-13 22:36:10 EVALUATED cifar10-out-remove__non-iid__global-dp__fedavg__clients-7__seed-42__nm0p0175__clip5__rounds-20__epochs-5__cifar10_remove__cifar10_cnn round=5 (checkpoint deleted)
2026-08-13 22:36:17 EVALUATED cifar10-out-remove__non-iid__global-dp__fedavg__clients-7__seed-42__nm0p0175__clip5__rounds-20__epochs-5__cifar10_remove__cifar10_cnn round=6 (checkpoint deleted)
2026-08-13 22:36:25 EVALUATED cifar10-out-remove__non-iid__global-dp__fedavg__clients-7__seed-42__nm0p0175__clip5__rounds-20__epochs-5__cifar10_remove__cifar10_cnn round=7 (checkpoint deleted)
2026-08-13 22:36:32 EVALUATED cifar10-out-remove__non-iid__global-dp__fedavg__clients-7__seed-42__nm0p0175__clip5__rounds-20__epochs-5__cifar10_remove__cifar10_cnn round=8 (checkpoint deleted)
2026-08-13 22:36:39 EVALUATED cifar10-out-remove__non-iid__global-dp__fedavg__clients-7__seed-42__nm0p0175__clip5__rounds-20__epochs-5__cifar10_remove__cifar10_cnn round=9 (checkpoint deleted)
2026-08-13 22:36:47 EVALUATED cifar10-out-remove__non-iid__global-dp__fedavg__clients-7__seed-42__nm0p0175__clip5__rounds-20__epochs-5__cifar10_remove__cifar10_cnn round=10 (checkpoint deleted)
2026-08-13 22:36:54 EVALUATED cifar10-out-remove__non-iid__global-dp__fedavg__clients-7__seed-42__nm0p0175__clip5__rounds-20__epochs-5__cifar10_remove__cifar10_cnn round=11 (checkpoint deleted)
2026-08-13 22:37:02 EVALUATED cifar10-out-remove__non-iid__global-dp__fedavg__clients-7__seed-42__nm0p0175__clip5__rounds-20__epochs-5__cifar10_remove__cifar10_cnn round=12 (checkpoint deleted)
2026-08-13 22:37:09 EVALUATED cifar10-out-remove__non-iid__global-dp__fedavg__clients-7__seed-42__nm0p0175__clip5__rounds-20__epochs-5__cifar10_remove__cifar10_cnn round=13 (checkpoint deleted)
2026-08-13 22:37:16 EVALUATED cifar10-out-remove__non-iid__global-dp__fedavg__clients-7__seed-42__nm0p0175__clip5__rounds-20__epochs-5__cifar10_remove__cifar10_cnn round=14 (checkpoint deleted)
2026-08-13 22:37:24 EVALUATED cifar10-out-remove__non-iid__global-dp__fedavg__clients-7__seed-42__nm0p0175__clip5__rounds-20__epochs-5__cifar10_remove__cifar10_cnn round=15 (checkpoint deleted)
2026-08-13 22:37:31 EVALUATED cifar10-out-remove__non-iid__global-dp__fedavg__clients-7__seed-42__nm0p0175__clip5__rounds-20__epochs-5__cifar10_remove__cifar10_cnn round=16 (checkpoint deleted)
2026-08-13 22:37:39 EVALUATED cifar10-out-remove__non-iid__global-dp__fedavg__clients-7__seed-42__nm0p0175__clip5__rounds-20__epochs-5__cifar10_remove__cifar10_cnn round=17 (checkpoint deleted)
2026-08-13 22:37:46 EVALUATED cifar10-out-remove__non-iid__global-dp__fedavg__clients-7__seed-42__nm0p0175__clip5__rounds-20__epochs-5__cifar10_remove__cifar10_cnn round=18 (checkpoint deleted)
2026-08-13 22:37:53 EVALUATED cifar10-out-remove__non-iid__global-dp__fedavg__clients-7__seed-42__nm0p0175__clip5__rounds-20__epochs-5__cifar10_remove__cifar10_cnn round=19 (checkpoint deleted)
2026-08-13 22:38:00 EVALUATED cifar10-out-remove__non-iid__global-dp__fedavg__clients-7__seed-42__nm0p0175__clip5__rounds-20__epochs-5__cifar10_remove__cifar10_cnn round=20 (checkpoint deleted)
2026-08-13 22:38:00 PROGRESS 2/2 (0 failed so far)
2026-08-13 22:38:00 Sweep finished: 2/2 attempted, 0 failed
