2026-08-13 23:52:07 CIFAR-10 removal CIA chunk (metric-privacy, clients=48, noise_ratio=0.0025): 2 trajectories
2026-08-13 23:52:07 START cifar10-in-remove__non-iid__metric-privacy__fedavg__clients-48__seed-42__nm0p12__clip5__rounds-20__epochs-5__cifar10_remove__cifar10_cnn 
2026-08-14 00:06:05 DONE  cifar10-in-remove__non-iid__metric-privacy__fedavg__clients-48__seed-42__nm0p12__clip5__rounds-20__epochs-5__cifar10_remove__cifar10_cnn (837.4s)
2026-08-14 00:06:13 EVALUATED cifar10-in-remove__non-iid__metric-privacy__fedavg__clients-48__seed-42__nm0p12__clip5__rounds-20__epochs-5__cifar10_remove__cifar10_cnn round=1 (checkpoint deleted)
2026-08-14 00:06:18 EVALUATED cifar10-in-remove__non-iid__metric-privacy__fedavg__clients-48__seed-42__nm0p12__clip5__rounds-20__epochs-5__cifar10_remove__cifar10_cnn round=2 (checkpoint deleted)
2026-08-14 00:06:23 EVALUATED cifar10-in-remove__non-iid__metric-privacy__fedavg__clients-48__seed-42__nm0p12__clip5__rounds-20__epochs-5__cifar10_remove__cifar10_cnn round=3 (checkpoint deleted)
2026-08-14 00:06:28 EVALUATED cifar10-in-remove__non-iid__metric-privacy__fedavg__clients-48__seed-42__nm0p12__clip5__rounds-20__epochs-5__cifar10_remove__cifar10_cnn round=4 (checkpoint deleted)
2026-08-14 00:06:33 EVALUATED cifar10-in-remove__non-iid__metric-privacy__fedavg__clients-48__seed-42__nm0p12__clip5__rounds-20__epochs-5__cifar10_remove__cifar10_cnn round=5 (checkpoint deleted)
2026-08-14 00:06:39 EVALUATED cifar10-in-remove__non-iid__metric-privacy__fedavg__clients-48__seed-42__nm0p12__clip5__rounds-20__epochs-5__cifar10_remove__cifar10_cnn round=6 (checkpoint deleted)
2026-08-14 00:06:44 EVALUATED cifar10-in-remove__non-iid__metric-privacy__fedavg__clients-48__seed-42__nm0p12__clip5__rounds-20__epochs-5__cifar10_remove__cifar10_cnn round=7 (checkpoint deleted)
2026-08-14 00:06:48 EVALUATED cifar10-in-remove__non-iid__metric-privacy__fedavg__clients-48__seed-42__nm0p12__clip5__rounds-20__epochs-5__cifar10_remove__cifar10_cnn round=8 (checkpoint deleted)
2026-08-14 00:06:54 EVALUATED cifar10-in-remove__non-iid__metric-privacy__fedavg__clients-48__seed-42__nm0p12__clip5__rounds-20__epochs-5__cifar10_remove__cifar10_cnn round=9 (checkpoint deleted)
2026-08-14 00:06:59 EVALUATED cifar10-in-remove__non-iid__metric-privacy__fedavg__clients-48__seed-42__nm0p12__clip5__rounds-20__epochs-5__cifar10_remove__cifar10_cnn round=10 (checkpoint deleted)
2026-08-14 00:07:04 EVALUATED cifar10-in-remove__non-iid__metric-privacy__fedavg__clients-48__seed-42__nm0p12__clip5__rounds-20__epochs-5__cifar10_remove__cifar10_cnn round=11 (checkpoint deleted)
2026-08-14 00:07:09 EVALUATED cifar10-in-remove__non-iid__metric-privacy__fedavg__clients-48__seed-42__nm0p12__clip5__rounds-20__epochs-5__cifar10_remove__cifar10_cnn round=12 (checkpoint deleted)
2026-08-14 00:07:14 EVALUATED cifar10-in-remove__non-iid__metric-privacy__fedavg__clients-48__seed-42__nm0p12__clip5__rounds-20__epochs-5__cifar10_remove__cifar10_cnn round=13 (checkpoint deleted)
2026-08-14 00:07:19 EVALUATED cifar10-in-remove__non-iid__metric-privacy__fedavg__clients-48__seed-42__nm0p12__clip5__rounds-20__epochs-5__cifar10_remove__cifar10_cnn round=14 (checkpoint deleted)
2026-08-14 00:07:24 EVALUATED cifar10-in-remove__non-iid__metric-privacy__fedavg__clients-48__seed-42__nm0p12__clip5__rounds-20__epochs-5__cifar10_remove__cifar10_cnn round=15 (checkpoint deleted)
2026-08-14 00:07:29 EVALUATED cifar10-in-remove__non-iid__metric-privacy__fedavg__clients-48__seed-42__nm0p12__clip5__rounds-20__epochs-5__cifar10_remove__cifar10_cnn round=16 (checkpoint deleted)
2026-08-14 00:07:34 EVALUATED cifar10-in-remove__non-iid__metric-privacy__fedavg__clients-48__seed-42__nm0p12__clip5__rounds-20__epochs-5__cifar10_remove__cifar10_cnn round=17 (checkpoint deleted)
2026-08-14 00:07:39 EVALUATED cifar10-in-remove__non-iid__metric-privacy__fedavg__clients-48__seed-42__nm0p12__clip5__rounds-20__epochs-5__cifar10_remove__cifar10_cnn round=18 (checkpoint deleted)
2026-08-14 00:07:44 EVALUATED cifar10-in-remove__non-iid__metric-privacy__fedavg__clients-48__seed-42__nm0p12__clip5__rounds-20__epochs-5__cifar10_remove__cifar10_cnn round=19 (checkpoint deleted)
2026-08-14 00:07:49 EVALUATED cifar10-in-remove__non-iid__metric-privacy__fedavg__clients-48__seed-42__nm0p12__clip5__rounds-20__epochs-5__cifar10_remove__cifar10_cnn round=20 (checkpoint deleted)
2026-08-14 00:07:49 PROGRESS 1/2 (0 failed so far)
2026-08-14 00:07:49 START cifar10-out-remove__non-iid__metric-privacy__fedavg__clients-47__seed-42__nm0p1175__clip5__rounds-20__epochs-5__cifar10_remove__cifar10_cnn 
2026-08-14 00:21:27 DONE  cifar10-out-remove__non-iid__metric-privacy__fedavg__clients-47__seed-42__nm0p1175__clip5__rounds-20__epochs-5__cifar10_remove__cifar10_cnn (818.5s)
2026-08-14 00:21:33 EVALUATED cifar10-out-remove__non-iid__metric-privacy__fedavg__clients-47__seed-42__nm0p1175__clip5__rounds-20__epochs-5__cifar10_remove__cifar10_cnn round=1 (checkpoint deleted)
2026-08-14 00:21:38 EVALUATED cifar10-out-remove__non-iid__metric-privacy__fedavg__clients-47__seed-42__nm0p1175__clip5__rounds-20__epochs-5__cifar10_remove__cifar10_cnn round=2 (checkpoint deleted)
2026-08-14 00:21:43 EVALUATED cifar10-out-remove__non-iid__metric-privacy__fedavg__clients-47__seed-42__nm0p1175__clip5__rounds-20__epochs-5__cifar10_remove__cifar10_cnn round=3 (checkpoint deleted)
2026-08-14 00:21:48 EVALUATED cifar10-out-remove__non-iid__metric-privacy__fedavg__clients-47__seed-42__nm0p1175__clip5__rounds-20__epochs-5__cifar10_remove__cifar10_cnn round=4 (checkpoint deleted)
2026-08-14 00:21:53 EVALUATED cifar10-out-remove__non-iid__metric-privacy__fedavg__clients-47__seed-42__nm0p1175__clip5__rounds-20__epochs-5__cifar10_remove__cifar10_cnn round=5 (checkpoint deleted)
2026-08-14 00:21:58 EVALUATED cifar10-out-remove__non-iid__metric-privacy__fedavg__clients-47__seed-42__nm0p1175__clip5__rounds-20__epochs-5__cifar10_remove__cifar10_cnn round=6 (checkpoint deleted)
2026-08-14 00:22:03 EVALUATED cifar10-out-remove__non-iid__metric-privacy__fedavg__clients-47__seed-42__nm0p1175__clip5__rounds-20__epochs-5__cifar10_remove__cifar10_cnn round=7 (checkpoint deleted)
2026-08-14 00:22:09 EVALUATED cifar10-out-remove__non-iid__metric-privacy__fedavg__clients-47__seed-42__nm0p1175__clip5__rounds-20__epochs-5__cifar10_remove__cifar10_cnn round=8 (checkpoint deleted)
2026-08-14 00:22:14 EVALUATED cifar10-out-remove__non-iid__metric-privacy__fedavg__clients-47__seed-42__nm0p1175__clip5__rounds-20__epochs-5__cifar10_remove__cifar10_cnn round=9 (checkpoint deleted)
2026-08-14 00:22:19 EVALUATED cifar10-out-remove__non-iid__metric-privacy__fedavg__clients-47__seed-42__nm0p1175__clip5__rounds-20__epochs-5__cifar10_remove__cifar10_cnn round=10 (checkpoint deleted)
2026-08-14 00:22:24 EVALUATED cifar10-out-remove__non-iid__metric-privacy__fedavg__clients-47__seed-42__nm0p1175__clip5__rounds-20__epochs-5__cifar10_remove__cifar10_cnn round=11 (checkpoint deleted)
2026-08-14 00:22:29 EVALUATED cifar10-out-remove__non-iid__metric-privacy__fedavg__clients-47__seed-42__nm0p1175__clip5__rounds-20__epochs-5__cifar10_remove__cifar10_cnn round=12 (checkpoint deleted)
2026-08-14 00:22:34 EVALUATED cifar10-out-remove__non-iid__metric-privacy__fedavg__clients-47__seed-42__nm0p1175__clip5__rounds-20__epochs-5__cifar10_remove__cifar10_cnn round=13 (checkpoint deleted)
2026-08-14 00:22:39 EVALUATED cifar10-out-remove__non-iid__metric-privacy__fedavg__clients-47__seed-42__nm0p1175__clip5__rounds-20__epochs-5__cifar10_remove__cifar10_cnn round=14 (checkpoint deleted)
2026-08-14 00:22:44 EVALUATED cifar10-out-remove__non-iid__metric-privacy__fedavg__clients-47__seed-42__nm0p1175__clip5__rounds-20__epochs-5__cifar10_remove__cifar10_cnn round=15 (checkpoint deleted)
2026-08-14 00:22:49 EVALUATED cifar10-out-remove__non-iid__metric-privacy__fedavg__clients-47__seed-42__nm0p1175__clip5__rounds-20__epochs-5__cifar10_remove__cifar10_cnn round=16 (checkpoint deleted)
2026-08-14 00:22:54 EVALUATED cifar10-out-remove__non-iid__metric-privacy__fedavg__clients-47__seed-42__nm0p1175__clip5__rounds-20__epochs-5__cifar10_remove__cifar10_cnn round=17 (checkpoint deleted)
2026-08-14 00:22:59 EVALUATED cifar10-out-remove__non-iid__metric-privacy__fedavg__clients-47__seed-42__nm0p1175__clip5__rounds-20__epochs-5__cifar10_remove__cifar10_cnn round=18 (checkpoint deleted)
2026-08-14 00:23:04 EVALUATED cifar10-out-remove__non-iid__metric-privacy__fedavg__clients-47__seed-42__nm0p1175__clip5__rounds-20__epochs-5__cifar10_remove__cifar10_cnn round=19 (checkpoint deleted)
2026-08-14 00:23:10 EVALUATED cifar10-out-remove__non-iid__metric-privacy__fedavg__clients-47__seed-42__nm0p1175__clip5__rounds-20__epochs-5__cifar10_remove__cifar10_cnn round=20 (checkpoint deleted)
2026-08-14 00:23:10 PROGRESS 2/2 (0 failed so far)
2026-08-14 00:23:10 Sweep finished: 2/2 attempted, 0 failed
