2026-08-21 07:49:41 Fashion-MNIST stage (global-dp, non-iid, seed=42, noise_ratio=0.0006691085733778867): 2 trajectories
2026-08-21 07:49:41 START fashion-mnist-in-remove__non-iid__global-dp__fedavg__clients-48__seed-42__nm0p0321172__clip5__rounds-100__epochs-5__fashion_mnist_remove__fashion_mnist_cnn 
2026-08-21 08:05:49 DONE  fashion-mnist-in-remove__non-iid__global-dp__fedavg__clients-48__seed-42__nm0p0321172__clip5__rounds-100__epochs-5__fashion_mnist_remove__fashion_mnist_cnn (968.5s)
2026-08-21 08:05:52 EVALUATED fashion-mnist-in-remove__non-iid__global-dp__fedavg__clients-48__seed-42__nm0p0321172__clip5__rounds-100__epochs-5__fashion_mnist_remove__fashion_mnist_cnn round=1 (checkpoint deleted)
2026-08-21 08:05:55 EVALUATED fashion-mnist-in-remove__non-iid__global-dp__fedavg__clients-48__seed-42__nm0p0321172__clip5__rounds-100__epochs-5__fashion_mnist_remove__fashion_mnist_cnn round=10 (checkpoint deleted)
2026-08-21 08:05:58 EVALUATED fashion-mnist-in-remove__non-iid__global-dp__fedavg__clients-48__seed-42__nm0p0321172__clip5__rounds-100__epochs-5__fashion_mnist_remove__fashion_mnist_cnn round=20 (checkpoint deleted)
2026-08-21 08:06:00 EVALUATED fashion-mnist-in-remove__non-iid__global-dp__fedavg__clients-48__seed-42__nm0p0321172__clip5__rounds-100__epochs-5__fashion_mnist_remove__fashion_mnist_cnn round=30 (checkpoint deleted)
2026-08-21 08:06:03 EVALUATED fashion-mnist-in-remove__non-iid__global-dp__fedavg__clients-48__seed-42__nm0p0321172__clip5__rounds-100__epochs-5__fashion_mnist_remove__fashion_mnist_cnn round=40 (checkpoint deleted)
2026-08-21 08:06:06 EVALUATED fashion-mnist-in-remove__non-iid__global-dp__fedavg__clients-48__seed-42__nm0p0321172__clip5__rounds-100__epochs-5__fashion_mnist_remove__fashion_mnist_cnn round=50 (checkpoint deleted)
2026-08-21 08:06:08 EVALUATED fashion-mnist-in-remove__non-iid__global-dp__fedavg__clients-48__seed-42__nm0p0321172__clip5__rounds-100__epochs-5__fashion_mnist_remove__fashion_mnist_cnn round=60 (checkpoint deleted)
2026-08-21 08:06:11 EVALUATED fashion-mnist-in-remove__non-iid__global-dp__fedavg__clients-48__seed-42__nm0p0321172__clip5__rounds-100__epochs-5__fashion_mnist_remove__fashion_mnist_cnn round=70 (checkpoint deleted)
2026-08-21 08:06:14 EVALUATED fashion-mnist-in-remove__non-iid__global-dp__fedavg__clients-48__seed-42__nm0p0321172__clip5__rounds-100__epochs-5__fashion_mnist_remove__fashion_mnist_cnn round=80 (checkpoint deleted)
2026-08-21 08:06:17 EVALUATED fashion-mnist-in-remove__non-iid__global-dp__fedavg__clients-48__seed-42__nm0p0321172__clip5__rounds-100__epochs-5__fashion_mnist_remove__fashion_mnist_cnn round=90 (checkpoint deleted)
2026-08-21 08:06:19 EVALUATED fashion-mnist-in-remove__non-iid__global-dp__fedavg__clients-48__seed-42__nm0p0321172__clip5__rounds-100__epochs-5__fashion_mnist_remove__fashion_mnist_cnn round=100 (checkpoint deleted)
2026-08-21 08:06:19 PROGRESS 1/2 (0 failed so far)
2026-08-21 08:06:19 START fashion-mnist-out-remove__non-iid__global-dp__fedavg__clients-47__seed-42__nm0p0314481__clip5__rounds-100__epochs-5__fashion_mnist_remove__fashion_mnist_cnn 
2026-08-21 08:22:09 DONE  fashion-mnist-out-remove__non-iid__global-dp__fedavg__clients-47__seed-42__nm0p0314481__clip5__rounds-100__epochs-5__fashion_mnist_remove__fashion_mnist_cnn (949.5s)
2026-08-21 08:22:12 EVALUATED fashion-mnist-out-remove__non-iid__global-dp__fedavg__clients-47__seed-42__nm0p0314481__clip5__rounds-100__epochs-5__fashion_mnist_remove__fashion_mnist_cnn round=1 (checkpoint deleted)
2026-08-21 08:22:14 EVALUATED fashion-mnist-out-remove__non-iid__global-dp__fedavg__clients-47__seed-42__nm0p0314481__clip5__rounds-100__epochs-5__fashion_mnist_remove__fashion_mnist_cnn round=10 (checkpoint deleted)
2026-08-21 08:22:17 EVALUATED fashion-mnist-out-remove__non-iid__global-dp__fedavg__clients-47__seed-42__nm0p0314481__clip5__rounds-100__epochs-5__fashion_mnist_remove__fashion_mnist_cnn round=20 (checkpoint deleted)
2026-08-21 08:22:20 EVALUATED fashion-mnist-out-remove__non-iid__global-dp__fedavg__clients-47__seed-42__nm0p0314481__clip5__rounds-100__epochs-5__fashion_mnist_remove__fashion_mnist_cnn round=30 (checkpoint deleted)
2026-08-21 08:22:23 EVALUATED fashion-mnist-out-remove__non-iid__global-dp__fedavg__clients-47__seed-42__nm0p0314481__clip5__rounds-100__epochs-5__fashion_mnist_remove__fashion_mnist_cnn round=40 (checkpoint deleted)
2026-08-21 08:22:25 EVALUATED fashion-mnist-out-remove__non-iid__global-dp__fedavg__clients-47__seed-42__nm0p0314481__clip5__rounds-100__epochs-5__fashion_mnist_remove__fashion_mnist_cnn round=50 (checkpoint deleted)
2026-08-21 08:22:28 EVALUATED fashion-mnist-out-remove__non-iid__global-dp__fedavg__clients-47__seed-42__nm0p0314481__clip5__rounds-100__epochs-5__fashion_mnist_remove__fashion_mnist_cnn round=60 (checkpoint deleted)
2026-08-21 08:22:31 EVALUATED fashion-mnist-out-remove__non-iid__global-dp__fedavg__clients-47__seed-42__nm0p0314481__clip5__rounds-100__epochs-5__fashion_mnist_remove__fashion_mnist_cnn round=70 (checkpoint deleted)
2026-08-21 08:22:34 EVALUATED fashion-mnist-out-remove__non-iid__global-dp__fedavg__clients-47__seed-42__nm0p0314481__clip5__rounds-100__epochs-5__fashion_mnist_remove__fashion_mnist_cnn round=80 (checkpoint deleted)
2026-08-21 08:22:36 EVALUATED fashion-mnist-out-remove__non-iid__global-dp__fedavg__clients-47__seed-42__nm0p0314481__clip5__rounds-100__epochs-5__fashion_mnist_remove__fashion_mnist_cnn round=90 (checkpoint deleted)
2026-08-21 08:22:39 EVALUATED fashion-mnist-out-remove__non-iid__global-dp__fedavg__clients-47__seed-42__nm0p0314481__clip5__rounds-100__epochs-5__fashion_mnist_remove__fashion_mnist_cnn round=100 (checkpoint deleted)
2026-08-21 08:22:39 PROGRESS 2/2 (0 failed so far)
2026-08-21 08:22:39 Sweep finished: 2/2 attempted, 0 failed
2026-08-21 08:22:39 Fashion-MNIST stage (global-dp, non-iid, seed=42, noise_ratio=0.0006691085733778867): 2 trajectories
2026-08-21 08:22:39 SKIP  2 combinations (attack results already exist)
2026-08-21 08:22:39 Sweep finished: 2/2 attempted, 0 failed
