2026-08-05 14:53:53 Starting full chunk: 2 trajectories
2026-08-05 14:53:53 START cifar-full-out-replace__non-iid__global-dp__fedavg__clients-3__seed-43__nm0p0075__clip5__rounds-20__epochs-5__cifar_chunks__cifar10_cnn 
2026-08-05 14:58:54 DONE  cifar-full-out-replace__non-iid__global-dp__fedavg__clients-3__seed-43__nm0p0075__clip5__rounds-20__epochs-5__cifar_chunks__cifar10_cnn (301.5s)
2026-08-05 14:59:03 EVALUATED cifar-full-out-replace__non-iid__global-dp__fedavg__clients-3__seed-43__nm0p0075__clip5__rounds-20__epochs-5__cifar_chunks__cifar10_cnn round=1 (checkpoint deleted)
2026-08-05 14:59:09 EVALUATED cifar-full-out-replace__non-iid__global-dp__fedavg__clients-3__seed-43__nm0p0075__clip5__rounds-20__epochs-5__cifar_chunks__cifar10_cnn round=2 (checkpoint deleted)
2026-08-05 14:59:14 EVALUATED cifar-full-out-replace__non-iid__global-dp__fedavg__clients-3__seed-43__nm0p0075__clip5__rounds-20__epochs-5__cifar_chunks__cifar10_cnn round=3 (checkpoint deleted)
2026-08-05 14:59:19 EVALUATED cifar-full-out-replace__non-iid__global-dp__fedavg__clients-3__seed-43__nm0p0075__clip5__rounds-20__epochs-5__cifar_chunks__cifar10_cnn round=4 (checkpoint deleted)
2026-08-05 14:59:25 EVALUATED cifar-full-out-replace__non-iid__global-dp__fedavg__clients-3__seed-43__nm0p0075__clip5__rounds-20__epochs-5__cifar_chunks__cifar10_cnn round=5 (checkpoint deleted)
2026-08-05 14:59:30 EVALUATED cifar-full-out-replace__non-iid__global-dp__fedavg__clients-3__seed-43__nm0p0075__clip5__rounds-20__epochs-5__cifar_chunks__cifar10_cnn round=6 (checkpoint deleted)
2026-08-05 14:59:36 EVALUATED cifar-full-out-replace__non-iid__global-dp__fedavg__clients-3__seed-43__nm0p0075__clip5__rounds-20__epochs-5__cifar_chunks__cifar10_cnn round=7 (checkpoint deleted)
2026-08-05 14:59:41 EVALUATED cifar-full-out-replace__non-iid__global-dp__fedavg__clients-3__seed-43__nm0p0075__clip5__rounds-20__epochs-5__cifar_chunks__cifar10_cnn round=8 (checkpoint deleted)
2026-08-05 14:59:47 EVALUATED cifar-full-out-replace__non-iid__global-dp__fedavg__clients-3__seed-43__nm0p0075__clip5__rounds-20__epochs-5__cifar_chunks__cifar10_cnn round=9 (checkpoint deleted)
2026-08-05 14:59:52 EVALUATED cifar-full-out-replace__non-iid__global-dp__fedavg__clients-3__seed-43__nm0p0075__clip5__rounds-20__epochs-5__cifar_chunks__cifar10_cnn round=10 (checkpoint deleted)
2026-08-05 14:59:58 EVALUATED cifar-full-out-replace__non-iid__global-dp__fedavg__clients-3__seed-43__nm0p0075__clip5__rounds-20__epochs-5__cifar_chunks__cifar10_cnn round=11 (checkpoint deleted)
2026-08-05 15:00:03 EVALUATED cifar-full-out-replace__non-iid__global-dp__fedavg__clients-3__seed-43__nm0p0075__clip5__rounds-20__epochs-5__cifar_chunks__cifar10_cnn round=12 (checkpoint deleted)
2026-08-05 15:00:09 EVALUATED cifar-full-out-replace__non-iid__global-dp__fedavg__clients-3__seed-43__nm0p0075__clip5__rounds-20__epochs-5__cifar_chunks__cifar10_cnn round=13 (checkpoint deleted)
2026-08-05 15:00:14 EVALUATED cifar-full-out-replace__non-iid__global-dp__fedavg__clients-3__seed-43__nm0p0075__clip5__rounds-20__epochs-5__cifar_chunks__cifar10_cnn round=14 (checkpoint deleted)
2026-08-05 15:00:20 EVALUATED cifar-full-out-replace__non-iid__global-dp__fedavg__clients-3__seed-43__nm0p0075__clip5__rounds-20__epochs-5__cifar_chunks__cifar10_cnn round=15 (checkpoint deleted)
2026-08-05 15:00:25 EVALUATED cifar-full-out-replace__non-iid__global-dp__fedavg__clients-3__seed-43__nm0p0075__clip5__rounds-20__epochs-5__cifar_chunks__cifar10_cnn round=16 (checkpoint deleted)
2026-08-05 15:00:31 EVALUATED cifar-full-out-replace__non-iid__global-dp__fedavg__clients-3__seed-43__nm0p0075__clip5__rounds-20__epochs-5__cifar_chunks__cifar10_cnn round=17 (checkpoint deleted)
2026-08-05 15:00:36 EVALUATED cifar-full-out-replace__non-iid__global-dp__fedavg__clients-3__seed-43__nm0p0075__clip5__rounds-20__epochs-5__cifar_chunks__cifar10_cnn round=18 (checkpoint deleted)
2026-08-05 15:00:42 EVALUATED cifar-full-out-replace__non-iid__global-dp__fedavg__clients-3__seed-43__nm0p0075__clip5__rounds-20__epochs-5__cifar_chunks__cifar10_cnn round=19 (checkpoint deleted)
2026-08-05 15:00:47 EVALUATED cifar-full-out-replace__non-iid__global-dp__fedavg__clients-3__seed-43__nm0p0075__clip5__rounds-20__epochs-5__cifar_chunks__cifar10_cnn round=20 (checkpoint deleted)
2026-08-05 15:00:47 PROGRESS 1/2 (0 failed so far)
2026-08-05 15:00:47 START cifar-full-out-replace__non-iid__metric-privacy__fedavg__clients-3__seed-43__nm0p0075__clip5__rounds-20__epochs-5__cifar_chunks__cifar10_cnn 
2026-08-05 15:05:50 DONE  cifar-full-out-replace__non-iid__metric-privacy__fedavg__clients-3__seed-43__nm0p0075__clip5__rounds-20__epochs-5__cifar_chunks__cifar10_cnn (303.1s)
2026-08-05 15:05:56 EVALUATED cifar-full-out-replace__non-iid__metric-privacy__fedavg__clients-3__seed-43__nm0p0075__clip5__rounds-20__epochs-5__cifar_chunks__cifar10_cnn round=1 (checkpoint deleted)
2026-08-05 15:06:01 EVALUATED cifar-full-out-replace__non-iid__metric-privacy__fedavg__clients-3__seed-43__nm0p0075__clip5__rounds-20__epochs-5__cifar_chunks__cifar10_cnn round=2 (checkpoint deleted)
2026-08-05 15:06:07 EVALUATED cifar-full-out-replace__non-iid__metric-privacy__fedavg__clients-3__seed-43__nm0p0075__clip5__rounds-20__epochs-5__cifar_chunks__cifar10_cnn round=3 (checkpoint deleted)
2026-08-05 15:06:12 EVALUATED cifar-full-out-replace__non-iid__metric-privacy__fedavg__clients-3__seed-43__nm0p0075__clip5__rounds-20__epochs-5__cifar_chunks__cifar10_cnn round=4 (checkpoint deleted)
2026-08-05 15:06:18 EVALUATED cifar-full-out-replace__non-iid__metric-privacy__fedavg__clients-3__seed-43__nm0p0075__clip5__rounds-20__epochs-5__cifar_chunks__cifar10_cnn round=5 (checkpoint deleted)
2026-08-05 15:06:23 EVALUATED cifar-full-out-replace__non-iid__metric-privacy__fedavg__clients-3__seed-43__nm0p0075__clip5__rounds-20__epochs-5__cifar_chunks__cifar10_cnn round=6 (checkpoint deleted)
2026-08-05 15:06:29 EVALUATED cifar-full-out-replace__non-iid__metric-privacy__fedavg__clients-3__seed-43__nm0p0075__clip5__rounds-20__epochs-5__cifar_chunks__cifar10_cnn round=7 (checkpoint deleted)
2026-08-05 15:06:34 EVALUATED cifar-full-out-replace__non-iid__metric-privacy__fedavg__clients-3__seed-43__nm0p0075__clip5__rounds-20__epochs-5__cifar_chunks__cifar10_cnn round=8 (checkpoint deleted)
2026-08-05 15:06:40 EVALUATED cifar-full-out-replace__non-iid__metric-privacy__fedavg__clients-3__seed-43__nm0p0075__clip5__rounds-20__epochs-5__cifar_chunks__cifar10_cnn round=9 (checkpoint deleted)
2026-08-05 15:06:46 EVALUATED cifar-full-out-replace__non-iid__metric-privacy__fedavg__clients-3__seed-43__nm0p0075__clip5__rounds-20__epochs-5__cifar_chunks__cifar10_cnn round=10 (checkpoint deleted)
2026-08-05 15:06:51 EVALUATED cifar-full-out-replace__non-iid__metric-privacy__fedavg__clients-3__seed-43__nm0p0075__clip5__rounds-20__epochs-5__cifar_chunks__cifar10_cnn round=11 (checkpoint deleted)
2026-08-05 15:06:57 EVALUATED cifar-full-out-replace__non-iid__metric-privacy__fedavg__clients-3__seed-43__nm0p0075__clip5__rounds-20__epochs-5__cifar_chunks__cifar10_cnn round=12 (checkpoint deleted)
2026-08-05 15:07:02 EVALUATED cifar-full-out-replace__non-iid__metric-privacy__fedavg__clients-3__seed-43__nm0p0075__clip5__rounds-20__epochs-5__cifar_chunks__cifar10_cnn round=13 (checkpoint deleted)
2026-08-05 15:07:08 EVALUATED cifar-full-out-replace__non-iid__metric-privacy__fedavg__clients-3__seed-43__nm0p0075__clip5__rounds-20__epochs-5__cifar_chunks__cifar10_cnn round=14 (checkpoint deleted)
2026-08-05 15:07:13 EVALUATED cifar-full-out-replace__non-iid__metric-privacy__fedavg__clients-3__seed-43__nm0p0075__clip5__rounds-20__epochs-5__cifar_chunks__cifar10_cnn round=15 (checkpoint deleted)
2026-08-05 15:07:19 EVALUATED cifar-full-out-replace__non-iid__metric-privacy__fedavg__clients-3__seed-43__nm0p0075__clip5__rounds-20__epochs-5__cifar_chunks__cifar10_cnn round=16 (checkpoint deleted)
2026-08-05 15:07:24 EVALUATED cifar-full-out-replace__non-iid__metric-privacy__fedavg__clients-3__seed-43__nm0p0075__clip5__rounds-20__epochs-5__cifar_chunks__cifar10_cnn round=17 (checkpoint deleted)
2026-08-05 15:07:30 EVALUATED cifar-full-out-replace__non-iid__metric-privacy__fedavg__clients-3__seed-43__nm0p0075__clip5__rounds-20__epochs-5__cifar_chunks__cifar10_cnn round=18 (checkpoint deleted)
2026-08-05 15:07:35 EVALUATED cifar-full-out-replace__non-iid__metric-privacy__fedavg__clients-3__seed-43__nm0p0075__clip5__rounds-20__epochs-5__cifar_chunks__cifar10_cnn round=19 (checkpoint deleted)
2026-08-05 15:07:41 EVALUATED cifar-full-out-replace__non-iid__metric-privacy__fedavg__clients-3__seed-43__nm0p0075__clip5__rounds-20__epochs-5__cifar_chunks__cifar10_cnn round=20 (checkpoint deleted)
2026-08-05 15:07:41 PROGRESS 2/2 (0 failed so far)
2026-08-05 15:07:41 Sweep finished: 2/2 attempted, 0 failed
