2026-08-05 10:40:29 Starting cifar-in-remove: 9 trajectories
2026-08-05 10:40:29 START cifar-in-remove__non-iid__vanilla__fedavg__clients-3__seed-42__nm0p01__clip5__rounds-20__epochs-5__planned_runs__cifar10_cnn 
2026-08-05 10:42:59 DONE  cifar-in-remove__non-iid__vanilla__fedavg__clients-3__seed-42__nm0p01__clip5__rounds-20__epochs-5__planned_runs__cifar10_cnn (150.1s)
2026-08-05 10:43:07 EVALUATED cifar-in-remove__non-iid__vanilla__fedavg__clients-3__seed-42__nm0p01__clip5__rounds-20__epochs-5__planned_runs__cifar10_cnn round=1 (checkpoint deleted)
2026-08-05 10:43:11 EVALUATED cifar-in-remove__non-iid__vanilla__fedavg__clients-3__seed-42__nm0p01__clip5__rounds-20__epochs-5__planned_runs__cifar10_cnn round=2 (checkpoint deleted)
2026-08-05 10:43:16 EVALUATED cifar-in-remove__non-iid__vanilla__fedavg__clients-3__seed-42__nm0p01__clip5__rounds-20__epochs-5__planned_runs__cifar10_cnn round=3 (checkpoint deleted)
2026-08-05 10:43:20 EVALUATED cifar-in-remove__non-iid__vanilla__fedavg__clients-3__seed-42__nm0p01__clip5__rounds-20__epochs-5__planned_runs__cifar10_cnn round=4 (checkpoint deleted)
2026-08-05 10:43:25 EVALUATED cifar-in-remove__non-iid__vanilla__fedavg__clients-3__seed-42__nm0p01__clip5__rounds-20__epochs-5__planned_runs__cifar10_cnn round=5 (checkpoint deleted)
2026-08-05 10:43:29 EVALUATED cifar-in-remove__non-iid__vanilla__fedavg__clients-3__seed-42__nm0p01__clip5__rounds-20__epochs-5__planned_runs__cifar10_cnn round=6 (checkpoint deleted)
2026-08-05 10:43:33 EVALUATED cifar-in-remove__non-iid__vanilla__fedavg__clients-3__seed-42__nm0p01__clip5__rounds-20__epochs-5__planned_runs__cifar10_cnn round=7 (checkpoint deleted)
2026-08-05 10:43:38 EVALUATED cifar-in-remove__non-iid__vanilla__fedavg__clients-3__seed-42__nm0p01__clip5__rounds-20__epochs-5__planned_runs__cifar10_cnn round=8 (checkpoint deleted)
2026-08-05 10:43:42 EVALUATED cifar-in-remove__non-iid__vanilla__fedavg__clients-3__seed-42__nm0p01__clip5__rounds-20__epochs-5__planned_runs__cifar10_cnn round=9 (checkpoint deleted)
2026-08-05 10:43:47 EVALUATED cifar-in-remove__non-iid__vanilla__fedavg__clients-3__seed-42__nm0p01__clip5__rounds-20__epochs-5__planned_runs__cifar10_cnn round=10 (checkpoint deleted)
2026-08-05 10:43:51 EVALUATED cifar-in-remove__non-iid__vanilla__fedavg__clients-3__seed-42__nm0p01__clip5__rounds-20__epochs-5__planned_runs__cifar10_cnn round=11 (checkpoint deleted)
2026-08-05 10:43:55 EVALUATED cifar-in-remove__non-iid__vanilla__fedavg__clients-3__seed-42__nm0p01__clip5__rounds-20__epochs-5__planned_runs__cifar10_cnn round=12 (checkpoint deleted)
2026-08-05 10:44:00 EVALUATED cifar-in-remove__non-iid__vanilla__fedavg__clients-3__seed-42__nm0p01__clip5__rounds-20__epochs-5__planned_runs__cifar10_cnn round=13 (checkpoint deleted)
2026-08-05 10:44:04 EVALUATED cifar-in-remove__non-iid__vanilla__fedavg__clients-3__seed-42__nm0p01__clip5__rounds-20__epochs-5__planned_runs__cifar10_cnn round=14 (checkpoint deleted)
2026-08-05 10:44:09 EVALUATED cifar-in-remove__non-iid__vanilla__fedavg__clients-3__seed-42__nm0p01__clip5__rounds-20__epochs-5__planned_runs__cifar10_cnn round=15 (checkpoint deleted)
2026-08-05 10:44:13 EVALUATED cifar-in-remove__non-iid__vanilla__fedavg__clients-3__seed-42__nm0p01__clip5__rounds-20__epochs-5__planned_runs__cifar10_cnn round=16 (checkpoint deleted)
2026-08-05 10:44:17 EVALUATED cifar-in-remove__non-iid__vanilla__fedavg__clients-3__seed-42__nm0p01__clip5__rounds-20__epochs-5__planned_runs__cifar10_cnn round=17 (checkpoint deleted)
2026-08-05 10:44:22 EVALUATED cifar-in-remove__non-iid__vanilla__fedavg__clients-3__seed-42__nm0p01__clip5__rounds-20__epochs-5__planned_runs__cifar10_cnn round=18 (checkpoint deleted)
2026-08-05 10:44:26 EVALUATED cifar-in-remove__non-iid__vanilla__fedavg__clients-3__seed-42__nm0p01__clip5__rounds-20__epochs-5__planned_runs__cifar10_cnn round=19 (checkpoint deleted)
2026-08-05 10:44:31 EVALUATED cifar-in-remove__non-iid__vanilla__fedavg__clients-3__seed-42__nm0p01__clip5__rounds-20__epochs-5__planned_runs__cifar10_cnn round=20 (checkpoint deleted)
2026-08-05 10:44:31 PROGRESS 1/9 (0 failed so far)
2026-08-05 10:44:31 START cifar-in-remove__non-iid__vanilla__fedavg__clients-3__seed-43__nm0p01__clip5__rounds-20__epochs-5__planned_runs__cifar10_cnn 
2026-08-05 10:47:02 DONE  cifar-in-remove__non-iid__vanilla__fedavg__clients-3__seed-43__nm0p01__clip5__rounds-20__epochs-5__planned_runs__cifar10_cnn (151.7s)
2026-08-05 10:47:07 EVALUATED cifar-in-remove__non-iid__vanilla__fedavg__clients-3__seed-43__nm0p01__clip5__rounds-20__epochs-5__planned_runs__cifar10_cnn round=1 (checkpoint deleted)
2026-08-05 10:47:11 EVALUATED cifar-in-remove__non-iid__vanilla__fedavg__clients-3__seed-43__nm0p01__clip5__rounds-20__epochs-5__planned_runs__cifar10_cnn round=2 (checkpoint deleted)
2026-08-05 10:47:16 EVALUATED cifar-in-remove__non-iid__vanilla__fedavg__clients-3__seed-43__nm0p01__clip5__rounds-20__epochs-5__planned_runs__cifar10_cnn round=3 (checkpoint deleted)
2026-08-05 10:47:20 EVALUATED cifar-in-remove__non-iid__vanilla__fedavg__clients-3__seed-43__nm0p01__clip5__rounds-20__epochs-5__planned_runs__cifar10_cnn round=4 (checkpoint deleted)
2026-08-05 10:47:25 EVALUATED cifar-in-remove__non-iid__vanilla__fedavg__clients-3__seed-43__nm0p01__clip5__rounds-20__epochs-5__planned_runs__cifar10_cnn round=5 (checkpoint deleted)
2026-08-05 10:47:29 EVALUATED cifar-in-remove__non-iid__vanilla__fedavg__clients-3__seed-43__nm0p01__clip5__rounds-20__epochs-5__planned_runs__cifar10_cnn round=6 (checkpoint deleted)
2026-08-05 10:47:33 EVALUATED cifar-in-remove__non-iid__vanilla__fedavg__clients-3__seed-43__nm0p01__clip5__rounds-20__epochs-5__planned_runs__cifar10_cnn round=7 (checkpoint deleted)
2026-08-05 10:47:38 EVALUATED cifar-in-remove__non-iid__vanilla__fedavg__clients-3__seed-43__nm0p01__clip5__rounds-20__epochs-5__planned_runs__cifar10_cnn round=8 (checkpoint deleted)
2026-08-05 10:47:42 EVALUATED cifar-in-remove__non-iid__vanilla__fedavg__clients-3__seed-43__nm0p01__clip5__rounds-20__epochs-5__planned_runs__cifar10_cnn round=9 (checkpoint deleted)
2026-08-05 10:47:47 EVALUATED cifar-in-remove__non-iid__vanilla__fedavg__clients-3__seed-43__nm0p01__clip5__rounds-20__epochs-5__planned_runs__cifar10_cnn round=10 (checkpoint deleted)
2026-08-05 10:47:51 EVALUATED cifar-in-remove__non-iid__vanilla__fedavg__clients-3__seed-43__nm0p01__clip5__rounds-20__epochs-5__planned_runs__cifar10_cnn round=11 (checkpoint deleted)
2026-08-05 10:47:55 EVALUATED cifar-in-remove__non-iid__vanilla__fedavg__clients-3__seed-43__nm0p01__clip5__rounds-20__epochs-5__planned_runs__cifar10_cnn round=12 (checkpoint deleted)
2026-08-05 10:48:00 EVALUATED cifar-in-remove__non-iid__vanilla__fedavg__clients-3__seed-43__nm0p01__clip5__rounds-20__epochs-5__planned_runs__cifar10_cnn round=13 (checkpoint deleted)
2026-08-05 10:48:04 EVALUATED cifar-in-remove__non-iid__vanilla__fedavg__clients-3__seed-43__nm0p01__clip5__rounds-20__epochs-5__planned_runs__cifar10_cnn round=14 (checkpoint deleted)
2026-08-05 10:48:09 EVALUATED cifar-in-remove__non-iid__vanilla__fedavg__clients-3__seed-43__nm0p01__clip5__rounds-20__epochs-5__planned_runs__cifar10_cnn round=15 (checkpoint deleted)
2026-08-05 10:48:13 EVALUATED cifar-in-remove__non-iid__vanilla__fedavg__clients-3__seed-43__nm0p01__clip5__rounds-20__epochs-5__planned_runs__cifar10_cnn round=16 (checkpoint deleted)
2026-08-05 10:48:18 EVALUATED cifar-in-remove__non-iid__vanilla__fedavg__clients-3__seed-43__nm0p01__clip5__rounds-20__epochs-5__planned_runs__cifar10_cnn round=17 (checkpoint deleted)
2026-08-05 10:48:22 EVALUATED cifar-in-remove__non-iid__vanilla__fedavg__clients-3__seed-43__nm0p01__clip5__rounds-20__epochs-5__planned_runs__cifar10_cnn round=18 (checkpoint deleted)
2026-08-05 10:48:27 EVALUATED cifar-in-remove__non-iid__vanilla__fedavg__clients-3__seed-43__nm0p01__clip5__rounds-20__epochs-5__planned_runs__cifar10_cnn round=19 (checkpoint deleted)
2026-08-05 10:48:31 EVALUATED cifar-in-remove__non-iid__vanilla__fedavg__clients-3__seed-43__nm0p01__clip5__rounds-20__epochs-5__planned_runs__cifar10_cnn round=20 (checkpoint deleted)
2026-08-05 10:48:31 PROGRESS 2/9 (0 failed so far)
2026-08-05 10:48:31 START cifar-in-remove__non-iid__vanilla__fedavg__clients-3__seed-44__nm0p01__clip5__rounds-20__epochs-5__planned_runs__cifar10_cnn 
2026-08-05 10:51:03 DONE  cifar-in-remove__non-iid__vanilla__fedavg__clients-3__seed-44__nm0p01__clip5__rounds-20__epochs-5__planned_runs__cifar10_cnn (152.2s)
2026-08-05 10:51:08 EVALUATED cifar-in-remove__non-iid__vanilla__fedavg__clients-3__seed-44__nm0p01__clip5__rounds-20__epochs-5__planned_runs__cifar10_cnn round=1 (checkpoint deleted)
2026-08-05 10:51:12 EVALUATED cifar-in-remove__non-iid__vanilla__fedavg__clients-3__seed-44__nm0p01__clip5__rounds-20__epochs-5__planned_runs__cifar10_cnn round=2 (checkpoint deleted)
2026-08-05 10:51:16 EVALUATED cifar-in-remove__non-iid__vanilla__fedavg__clients-3__seed-44__nm0p01__clip5__rounds-20__epochs-5__planned_runs__cifar10_cnn round=3 (checkpoint deleted)
2026-08-05 10:51:21 EVALUATED cifar-in-remove__non-iid__vanilla__fedavg__clients-3__seed-44__nm0p01__clip5__rounds-20__epochs-5__planned_runs__cifar10_cnn round=4 (checkpoint deleted)
2026-08-05 10:51:25 EVALUATED cifar-in-remove__non-iid__vanilla__fedavg__clients-3__seed-44__nm0p01__clip5__rounds-20__epochs-5__planned_runs__cifar10_cnn round=5 (checkpoint deleted)
2026-08-05 10:51:30 EVALUATED cifar-in-remove__non-iid__vanilla__fedavg__clients-3__seed-44__nm0p01__clip5__rounds-20__epochs-5__planned_runs__cifar10_cnn round=6 (checkpoint deleted)
2026-08-05 10:51:34 EVALUATED cifar-in-remove__non-iid__vanilla__fedavg__clients-3__seed-44__nm0p01__clip5__rounds-20__epochs-5__planned_runs__cifar10_cnn round=7 (checkpoint deleted)
2026-08-05 10:51:39 EVALUATED cifar-in-remove__non-iid__vanilla__fedavg__clients-3__seed-44__nm0p01__clip5__rounds-20__epochs-5__planned_runs__cifar10_cnn round=8 (checkpoint deleted)
2026-08-05 10:51:43 EVALUATED cifar-in-remove__non-iid__vanilla__fedavg__clients-3__seed-44__nm0p01__clip5__rounds-20__epochs-5__planned_runs__cifar10_cnn round=9 (checkpoint deleted)
2026-08-05 10:51:48 EVALUATED cifar-in-remove__non-iid__vanilla__fedavg__clients-3__seed-44__nm0p01__clip5__rounds-20__epochs-5__planned_runs__cifar10_cnn round=10 (checkpoint deleted)
2026-08-05 10:51:52 EVALUATED cifar-in-remove__non-iid__vanilla__fedavg__clients-3__seed-44__nm0p01__clip5__rounds-20__epochs-5__planned_runs__cifar10_cnn round=11 (checkpoint deleted)
2026-08-05 10:51:56 EVALUATED cifar-in-remove__non-iid__vanilla__fedavg__clients-3__seed-44__nm0p01__clip5__rounds-20__epochs-5__planned_runs__cifar10_cnn round=12 (checkpoint deleted)
2026-08-05 10:52:01 EVALUATED cifar-in-remove__non-iid__vanilla__fedavg__clients-3__seed-44__nm0p01__clip5__rounds-20__epochs-5__planned_runs__cifar10_cnn round=13 (checkpoint deleted)
2026-08-05 10:52:05 EVALUATED cifar-in-remove__non-iid__vanilla__fedavg__clients-3__seed-44__nm0p01__clip5__rounds-20__epochs-5__planned_runs__cifar10_cnn round=14 (checkpoint deleted)
2026-08-05 10:52:10 EVALUATED cifar-in-remove__non-iid__vanilla__fedavg__clients-3__seed-44__nm0p01__clip5__rounds-20__epochs-5__planned_runs__cifar10_cnn round=15 (checkpoint deleted)
2026-08-05 10:52:14 EVALUATED cifar-in-remove__non-iid__vanilla__fedavg__clients-3__seed-44__nm0p01__clip5__rounds-20__epochs-5__planned_runs__cifar10_cnn round=16 (checkpoint deleted)
2026-08-05 10:52:18 EVALUATED cifar-in-remove__non-iid__vanilla__fedavg__clients-3__seed-44__nm0p01__clip5__rounds-20__epochs-5__planned_runs__cifar10_cnn round=17 (checkpoint deleted)
2026-08-05 10:52:23 EVALUATED cifar-in-remove__non-iid__vanilla__fedavg__clients-3__seed-44__nm0p01__clip5__rounds-20__epochs-5__planned_runs__cifar10_cnn round=18 (checkpoint deleted)
2026-08-05 10:52:27 EVALUATED cifar-in-remove__non-iid__vanilla__fedavg__clients-3__seed-44__nm0p01__clip5__rounds-20__epochs-5__planned_runs__cifar10_cnn round=19 (checkpoint deleted)
2026-08-05 10:52:32 EVALUATED cifar-in-remove__non-iid__vanilla__fedavg__clients-3__seed-44__nm0p01__clip5__rounds-20__epochs-5__planned_runs__cifar10_cnn round=20 (checkpoint deleted)
2026-08-05 10:52:32 PROGRESS 3/9 (0 failed so far)
2026-08-05 10:52:32 START cifar-in-remove__non-iid__global-dp__fedavg__clients-3__seed-42__nm0p01__clip5__rounds-20__epochs-5__planned_runs__cifar10_cnn 
2026-08-05 10:55:05 DONE  cifar-in-remove__non-iid__global-dp__fedavg__clients-3__seed-42__nm0p01__clip5__rounds-20__epochs-5__planned_runs__cifar10_cnn (152.9s)
2026-08-05 10:55:09 EVALUATED cifar-in-remove__non-iid__global-dp__fedavg__clients-3__seed-42__nm0p01__clip5__rounds-20__epochs-5__planned_runs__cifar10_cnn round=1 (checkpoint deleted)
2026-08-05 10:55:14 EVALUATED cifar-in-remove__non-iid__global-dp__fedavg__clients-3__seed-42__nm0p01__clip5__rounds-20__epochs-5__planned_runs__cifar10_cnn round=2 (checkpoint deleted)
2026-08-05 10:55:18 EVALUATED cifar-in-remove__non-iid__global-dp__fedavg__clients-3__seed-42__nm0p01__clip5__rounds-20__epochs-5__planned_runs__cifar10_cnn round=3 (checkpoint deleted)
2026-08-05 10:55:22 EVALUATED cifar-in-remove__non-iid__global-dp__fedavg__clients-3__seed-42__nm0p01__clip5__rounds-20__epochs-5__planned_runs__cifar10_cnn round=4 (checkpoint deleted)
2026-08-05 10:55:27 EVALUATED cifar-in-remove__non-iid__global-dp__fedavg__clients-3__seed-42__nm0p01__clip5__rounds-20__epochs-5__planned_runs__cifar10_cnn round=5 (checkpoint deleted)
2026-08-05 10:55:31 EVALUATED cifar-in-remove__non-iid__global-dp__fedavg__clients-3__seed-42__nm0p01__clip5__rounds-20__epochs-5__planned_runs__cifar10_cnn round=6 (checkpoint deleted)
2026-08-05 10:55:36 EVALUATED cifar-in-remove__non-iid__global-dp__fedavg__clients-3__seed-42__nm0p01__clip5__rounds-20__epochs-5__planned_runs__cifar10_cnn round=7 (checkpoint deleted)
2026-08-05 10:55:40 EVALUATED cifar-in-remove__non-iid__global-dp__fedavg__clients-3__seed-42__nm0p01__clip5__rounds-20__epochs-5__planned_runs__cifar10_cnn round=8 (checkpoint deleted)
2026-08-05 10:55:45 EVALUATED cifar-in-remove__non-iid__global-dp__fedavg__clients-3__seed-42__nm0p01__clip5__rounds-20__epochs-5__planned_runs__cifar10_cnn round=9 (checkpoint deleted)
2026-08-05 10:55:49 EVALUATED cifar-in-remove__non-iid__global-dp__fedavg__clients-3__seed-42__nm0p01__clip5__rounds-20__epochs-5__planned_runs__cifar10_cnn round=10 (checkpoint deleted)
2026-08-05 10:55:54 EVALUATED cifar-in-remove__non-iid__global-dp__fedavg__clients-3__seed-42__nm0p01__clip5__rounds-20__epochs-5__planned_runs__cifar10_cnn round=11 (checkpoint deleted)
2026-08-05 10:55:58 EVALUATED cifar-in-remove__non-iid__global-dp__fedavg__clients-3__seed-42__nm0p01__clip5__rounds-20__epochs-5__planned_runs__cifar10_cnn round=12 (checkpoint deleted)
2026-08-05 10:56:02 EVALUATED cifar-in-remove__non-iid__global-dp__fedavg__clients-3__seed-42__nm0p01__clip5__rounds-20__epochs-5__planned_runs__cifar10_cnn round=13 (checkpoint deleted)
2026-08-05 10:56:07 EVALUATED cifar-in-remove__non-iid__global-dp__fedavg__clients-3__seed-42__nm0p01__clip5__rounds-20__epochs-5__planned_runs__cifar10_cnn round=14 (checkpoint deleted)
2026-08-05 10:56:11 EVALUATED cifar-in-remove__non-iid__global-dp__fedavg__clients-3__seed-42__nm0p01__clip5__rounds-20__epochs-5__planned_runs__cifar10_cnn round=15 (checkpoint deleted)
2026-08-05 10:56:16 EVALUATED cifar-in-remove__non-iid__global-dp__fedavg__clients-3__seed-42__nm0p01__clip5__rounds-20__epochs-5__planned_runs__cifar10_cnn round=16 (checkpoint deleted)
2026-08-05 10:56:20 EVALUATED cifar-in-remove__non-iid__global-dp__fedavg__clients-3__seed-42__nm0p01__clip5__rounds-20__epochs-5__planned_runs__cifar10_cnn round=17 (checkpoint deleted)
2026-08-05 10:56:25 EVALUATED cifar-in-remove__non-iid__global-dp__fedavg__clients-3__seed-42__nm0p01__clip5__rounds-20__epochs-5__planned_runs__cifar10_cnn round=18 (checkpoint deleted)
2026-08-05 10:56:29 EVALUATED cifar-in-remove__non-iid__global-dp__fedavg__clients-3__seed-42__nm0p01__clip5__rounds-20__epochs-5__planned_runs__cifar10_cnn round=19 (checkpoint deleted)
2026-08-05 10:56:34 EVALUATED cifar-in-remove__non-iid__global-dp__fedavg__clients-3__seed-42__nm0p01__clip5__rounds-20__epochs-5__planned_runs__cifar10_cnn round=20 (checkpoint deleted)
2026-08-05 10:56:34 PROGRESS 4/9 (0 failed so far)
2026-08-05 10:56:34 START cifar-in-remove__non-iid__global-dp__fedavg__clients-3__seed-43__nm0p01__clip5__rounds-20__epochs-5__planned_runs__cifar10_cnn 
2026-08-05 10:59:06 DONE  cifar-in-remove__non-iid__global-dp__fedavg__clients-3__seed-43__nm0p01__clip5__rounds-20__epochs-5__planned_runs__cifar10_cnn (152.5s)
2026-08-05 10:59:11 EVALUATED cifar-in-remove__non-iid__global-dp__fedavg__clients-3__seed-43__nm0p01__clip5__rounds-20__epochs-5__planned_runs__cifar10_cnn round=1 (checkpoint deleted)
2026-08-05 10:59:15 EVALUATED cifar-in-remove__non-iid__global-dp__fedavg__clients-3__seed-43__nm0p01__clip5__rounds-20__epochs-5__planned_runs__cifar10_cnn round=2 (checkpoint deleted)
2026-08-05 10:59:19 EVALUATED cifar-in-remove__non-iid__global-dp__fedavg__clients-3__seed-43__nm0p01__clip5__rounds-20__epochs-5__planned_runs__cifar10_cnn round=3 (checkpoint deleted)
2026-08-05 10:59:24 EVALUATED cifar-in-remove__non-iid__global-dp__fedavg__clients-3__seed-43__nm0p01__clip5__rounds-20__epochs-5__planned_runs__cifar10_cnn round=4 (checkpoint deleted)
2026-08-05 10:59:28 EVALUATED cifar-in-remove__non-iid__global-dp__fedavg__clients-3__seed-43__nm0p01__clip5__rounds-20__epochs-5__planned_runs__cifar10_cnn round=5 (checkpoint deleted)
2026-08-05 10:59:33 EVALUATED cifar-in-remove__non-iid__global-dp__fedavg__clients-3__seed-43__nm0p01__clip5__rounds-20__epochs-5__planned_runs__cifar10_cnn round=6 (checkpoint deleted)
2026-08-05 10:59:37 EVALUATED cifar-in-remove__non-iid__global-dp__fedavg__clients-3__seed-43__nm0p01__clip5__rounds-20__epochs-5__planned_runs__cifar10_cnn round=7 (checkpoint deleted)
2026-08-05 10:59:42 EVALUATED cifar-in-remove__non-iid__global-dp__fedavg__clients-3__seed-43__nm0p01__clip5__rounds-20__epochs-5__planned_runs__cifar10_cnn round=8 (checkpoint deleted)
2026-08-05 10:59:46 EVALUATED cifar-in-remove__non-iid__global-dp__fedavg__clients-3__seed-43__nm0p01__clip5__rounds-20__epochs-5__planned_runs__cifar10_cnn round=9 (checkpoint deleted)
2026-08-05 10:59:50 EVALUATED cifar-in-remove__non-iid__global-dp__fedavg__clients-3__seed-43__nm0p01__clip5__rounds-20__epochs-5__planned_runs__cifar10_cnn round=10 (checkpoint deleted)
2026-08-05 10:59:55 EVALUATED cifar-in-remove__non-iid__global-dp__fedavg__clients-3__seed-43__nm0p01__clip5__rounds-20__epochs-5__planned_runs__cifar10_cnn round=11 (checkpoint deleted)
2026-08-05 10:59:59 EVALUATED cifar-in-remove__non-iid__global-dp__fedavg__clients-3__seed-43__nm0p01__clip5__rounds-20__epochs-5__planned_runs__cifar10_cnn round=12 (checkpoint deleted)
2026-08-05 11:00:04 EVALUATED cifar-in-remove__non-iid__global-dp__fedavg__clients-3__seed-43__nm0p01__clip5__rounds-20__epochs-5__planned_runs__cifar10_cnn round=13 (checkpoint deleted)
2026-08-05 11:00:08 EVALUATED cifar-in-remove__non-iid__global-dp__fedavg__clients-3__seed-43__nm0p01__clip5__rounds-20__epochs-5__planned_runs__cifar10_cnn round=14 (checkpoint deleted)
2026-08-05 11:00:13 EVALUATED cifar-in-remove__non-iid__global-dp__fedavg__clients-3__seed-43__nm0p01__clip5__rounds-20__epochs-5__planned_runs__cifar10_cnn round=15 (checkpoint deleted)
2026-08-05 11:00:17 EVALUATED cifar-in-remove__non-iid__global-dp__fedavg__clients-3__seed-43__nm0p01__clip5__rounds-20__epochs-5__planned_runs__cifar10_cnn round=16 (checkpoint deleted)
2026-08-05 11:00:21 EVALUATED cifar-in-remove__non-iid__global-dp__fedavg__clients-3__seed-43__nm0p01__clip5__rounds-20__epochs-5__planned_runs__cifar10_cnn round=17 (checkpoint deleted)
2026-08-05 11:00:26 EVALUATED cifar-in-remove__non-iid__global-dp__fedavg__clients-3__seed-43__nm0p01__clip5__rounds-20__epochs-5__planned_runs__cifar10_cnn round=18 (checkpoint deleted)
2026-08-05 11:00:30 EVALUATED cifar-in-remove__non-iid__global-dp__fedavg__clients-3__seed-43__nm0p01__clip5__rounds-20__epochs-5__planned_runs__cifar10_cnn round=19 (checkpoint deleted)
2026-08-05 11:00:35 EVALUATED cifar-in-remove__non-iid__global-dp__fedavg__clients-3__seed-43__nm0p01__clip5__rounds-20__epochs-5__planned_runs__cifar10_cnn round=20 (checkpoint deleted)
2026-08-05 11:00:35 PROGRESS 5/9 (0 failed so far)
2026-08-05 11:00:35 START cifar-in-remove__non-iid__global-dp__fedavg__clients-3__seed-44__nm0p01__clip5__rounds-20__epochs-5__planned_runs__cifar10_cnn 
2026-08-05 11:03:07 DONE  cifar-in-remove__non-iid__global-dp__fedavg__clients-3__seed-44__nm0p01__clip5__rounds-20__epochs-5__planned_runs__cifar10_cnn (152.5s)
2026-08-05 11:03:12 EVALUATED cifar-in-remove__non-iid__global-dp__fedavg__clients-3__seed-44__nm0p01__clip5__rounds-20__epochs-5__planned_runs__cifar10_cnn round=1 (checkpoint deleted)
2026-08-05 11:03:16 EVALUATED cifar-in-remove__non-iid__global-dp__fedavg__clients-3__seed-44__nm0p01__clip5__rounds-20__epochs-5__planned_runs__cifar10_cnn round=2 (checkpoint deleted)
2026-08-05 11:03:21 EVALUATED cifar-in-remove__non-iid__global-dp__fedavg__clients-3__seed-44__nm0p01__clip5__rounds-20__epochs-5__planned_runs__cifar10_cnn round=3 (checkpoint deleted)
2026-08-05 11:03:25 EVALUATED cifar-in-remove__non-iid__global-dp__fedavg__clients-3__seed-44__nm0p01__clip5__rounds-20__epochs-5__planned_runs__cifar10_cnn round=4 (checkpoint deleted)
2026-08-05 11:03:29 EVALUATED cifar-in-remove__non-iid__global-dp__fedavg__clients-3__seed-44__nm0p01__clip5__rounds-20__epochs-5__planned_runs__cifar10_cnn round=5 (checkpoint deleted)
2026-08-05 11:03:34 EVALUATED cifar-in-remove__non-iid__global-dp__fedavg__clients-3__seed-44__nm0p01__clip5__rounds-20__epochs-5__planned_runs__cifar10_cnn round=6 (checkpoint deleted)
2026-08-05 11:03:38 EVALUATED cifar-in-remove__non-iid__global-dp__fedavg__clients-3__seed-44__nm0p01__clip5__rounds-20__epochs-5__planned_runs__cifar10_cnn round=7 (checkpoint deleted)
2026-08-05 11:03:43 EVALUATED cifar-in-remove__non-iid__global-dp__fedavg__clients-3__seed-44__nm0p01__clip5__rounds-20__epochs-5__planned_runs__cifar10_cnn round=8 (checkpoint deleted)
2026-08-05 11:03:47 EVALUATED cifar-in-remove__non-iid__global-dp__fedavg__clients-3__seed-44__nm0p01__clip5__rounds-20__epochs-5__planned_runs__cifar10_cnn round=9 (checkpoint deleted)
2026-08-05 11:03:52 EVALUATED cifar-in-remove__non-iid__global-dp__fedavg__clients-3__seed-44__nm0p01__clip5__rounds-20__epochs-5__planned_runs__cifar10_cnn round=10 (checkpoint deleted)
2026-08-05 11:03:56 EVALUATED cifar-in-remove__non-iid__global-dp__fedavg__clients-3__seed-44__nm0p01__clip5__rounds-20__epochs-5__planned_runs__cifar10_cnn round=11 (checkpoint deleted)
2026-08-05 11:04:00 EVALUATED cifar-in-remove__non-iid__global-dp__fedavg__clients-3__seed-44__nm0p01__clip5__rounds-20__epochs-5__planned_runs__cifar10_cnn round=12 (checkpoint deleted)
2026-08-05 11:04:05 EVALUATED cifar-in-remove__non-iid__global-dp__fedavg__clients-3__seed-44__nm0p01__clip5__rounds-20__epochs-5__planned_runs__cifar10_cnn round=13 (checkpoint deleted)
2026-08-05 11:04:09 EVALUATED cifar-in-remove__non-iid__global-dp__fedavg__clients-3__seed-44__nm0p01__clip5__rounds-20__epochs-5__planned_runs__cifar10_cnn round=14 (checkpoint deleted)
2026-08-05 11:04:14 EVALUATED cifar-in-remove__non-iid__global-dp__fedavg__clients-3__seed-44__nm0p01__clip5__rounds-20__epochs-5__planned_runs__cifar10_cnn round=15 (checkpoint deleted)
2026-08-05 11:04:18 EVALUATED cifar-in-remove__non-iid__global-dp__fedavg__clients-3__seed-44__nm0p01__clip5__rounds-20__epochs-5__planned_runs__cifar10_cnn round=16 (checkpoint deleted)
2026-08-05 11:04:23 EVALUATED cifar-in-remove__non-iid__global-dp__fedavg__clients-3__seed-44__nm0p01__clip5__rounds-20__epochs-5__planned_runs__cifar10_cnn round=17 (checkpoint deleted)
2026-08-05 11:04:27 EVALUATED cifar-in-remove__non-iid__global-dp__fedavg__clients-3__seed-44__nm0p01__clip5__rounds-20__epochs-5__planned_runs__cifar10_cnn round=18 (checkpoint deleted)
2026-08-05 11:04:32 EVALUATED cifar-in-remove__non-iid__global-dp__fedavg__clients-3__seed-44__nm0p01__clip5__rounds-20__epochs-5__planned_runs__cifar10_cnn round=19 (checkpoint deleted)
2026-08-05 11:04:36 EVALUATED cifar-in-remove__non-iid__global-dp__fedavg__clients-3__seed-44__nm0p01__clip5__rounds-20__epochs-5__planned_runs__cifar10_cnn round=20 (checkpoint deleted)
2026-08-05 11:04:36 PROGRESS 6/9 (0 failed so far)
2026-08-05 11:04:36 START cifar-in-remove__non-iid__metric-privacy__fedavg__clients-3__seed-42__nm0p01__clip5__rounds-20__epochs-5__planned_runs__cifar10_cnn 
2026-08-05 11:07:08 DONE  cifar-in-remove__non-iid__metric-privacy__fedavg__clients-3__seed-42__nm0p01__clip5__rounds-20__epochs-5__planned_runs__cifar10_cnn (152.2s)
2026-08-05 11:07:13 EVALUATED cifar-in-remove__non-iid__metric-privacy__fedavg__clients-3__seed-42__nm0p01__clip5__rounds-20__epochs-5__planned_runs__cifar10_cnn round=1 (checkpoint deleted)
2026-08-05 11:07:17 EVALUATED cifar-in-remove__non-iid__metric-privacy__fedavg__clients-3__seed-42__nm0p01__clip5__rounds-20__epochs-5__planned_runs__cifar10_cnn round=2 (checkpoint deleted)
2026-08-05 11:07:21 EVALUATED cifar-in-remove__non-iid__metric-privacy__fedavg__clients-3__seed-42__nm0p01__clip5__rounds-20__epochs-5__planned_runs__cifar10_cnn round=3 (checkpoint deleted)
2026-08-05 11:07:26 EVALUATED cifar-in-remove__non-iid__metric-privacy__fedavg__clients-3__seed-42__nm0p01__clip5__rounds-20__epochs-5__planned_runs__cifar10_cnn round=4 (checkpoint deleted)
2026-08-05 11:07:30 EVALUATED cifar-in-remove__non-iid__metric-privacy__fedavg__clients-3__seed-42__nm0p01__clip5__rounds-20__epochs-5__planned_runs__cifar10_cnn round=5 (checkpoint deleted)
2026-08-05 11:07:35 EVALUATED cifar-in-remove__non-iid__metric-privacy__fedavg__clients-3__seed-42__nm0p01__clip5__rounds-20__epochs-5__planned_runs__cifar10_cnn round=6 (checkpoint deleted)
2026-08-05 11:07:39 EVALUATED cifar-in-remove__non-iid__metric-privacy__fedavg__clients-3__seed-42__nm0p01__clip5__rounds-20__epochs-5__planned_runs__cifar10_cnn round=7 (checkpoint deleted)
2026-08-05 11:07:44 EVALUATED cifar-in-remove__non-iid__metric-privacy__fedavg__clients-3__seed-42__nm0p01__clip5__rounds-20__epochs-5__planned_runs__cifar10_cnn round=8 (checkpoint deleted)
2026-08-05 11:07:48 EVALUATED cifar-in-remove__non-iid__metric-privacy__fedavg__clients-3__seed-42__nm0p01__clip5__rounds-20__epochs-5__planned_runs__cifar10_cnn round=9 (checkpoint deleted)
2026-08-05 11:07:53 EVALUATED cifar-in-remove__non-iid__metric-privacy__fedavg__clients-3__seed-42__nm0p01__clip5__rounds-20__epochs-5__planned_runs__cifar10_cnn round=10 (checkpoint deleted)
2026-08-05 11:07:57 EVALUATED cifar-in-remove__non-iid__metric-privacy__fedavg__clients-3__seed-42__nm0p01__clip5__rounds-20__epochs-5__planned_runs__cifar10_cnn round=11 (checkpoint deleted)
2026-08-05 11:08:02 EVALUATED cifar-in-remove__non-iid__metric-privacy__fedavg__clients-3__seed-42__nm0p01__clip5__rounds-20__epochs-5__planned_runs__cifar10_cnn round=12 (checkpoint deleted)
2026-08-05 11:08:06 EVALUATED cifar-in-remove__non-iid__metric-privacy__fedavg__clients-3__seed-42__nm0p01__clip5__rounds-20__epochs-5__planned_runs__cifar10_cnn round=13 (checkpoint deleted)
2026-08-05 11:08:10 EVALUATED cifar-in-remove__non-iid__metric-privacy__fedavg__clients-3__seed-42__nm0p01__clip5__rounds-20__epochs-5__planned_runs__cifar10_cnn round=14 (checkpoint deleted)
2026-08-05 11:08:15 EVALUATED cifar-in-remove__non-iid__metric-privacy__fedavg__clients-3__seed-42__nm0p01__clip5__rounds-20__epochs-5__planned_runs__cifar10_cnn round=15 (checkpoint deleted)
2026-08-05 11:08:19 EVALUATED cifar-in-remove__non-iid__metric-privacy__fedavg__clients-3__seed-42__nm0p01__clip5__rounds-20__epochs-5__planned_runs__cifar10_cnn round=16 (checkpoint deleted)
2026-08-05 11:08:24 EVALUATED cifar-in-remove__non-iid__metric-privacy__fedavg__clients-3__seed-42__nm0p01__clip5__rounds-20__epochs-5__planned_runs__cifar10_cnn round=17 (checkpoint deleted)
2026-08-05 11:08:28 EVALUATED cifar-in-remove__non-iid__metric-privacy__fedavg__clients-3__seed-42__nm0p01__clip5__rounds-20__epochs-5__planned_runs__cifar10_cnn round=18 (checkpoint deleted)
2026-08-05 11:08:33 EVALUATED cifar-in-remove__non-iid__metric-privacy__fedavg__clients-3__seed-42__nm0p01__clip5__rounds-20__epochs-5__planned_runs__cifar10_cnn round=19 (checkpoint deleted)
2026-08-05 11:08:37 EVALUATED cifar-in-remove__non-iid__metric-privacy__fedavg__clients-3__seed-42__nm0p01__clip5__rounds-20__epochs-5__planned_runs__cifar10_cnn round=20 (checkpoint deleted)
2026-08-05 11:08:37 PROGRESS 7/9 (0 failed so far)
2026-08-05 11:08:37 START cifar-in-remove__non-iid__metric-privacy__fedavg__clients-3__seed-43__nm0p01__clip5__rounds-20__epochs-5__planned_runs__cifar10_cnn 
2026-08-05 11:11:10 DONE  cifar-in-remove__non-iid__metric-privacy__fedavg__clients-3__seed-43__nm0p01__clip5__rounds-20__epochs-5__planned_runs__cifar10_cnn (153.1s)
2026-08-05 11:11:15 EVALUATED cifar-in-remove__non-iid__metric-privacy__fedavg__clients-3__seed-43__nm0p01__clip5__rounds-20__epochs-5__planned_runs__cifar10_cnn round=1 (checkpoint deleted)
2026-08-05 11:11:19 EVALUATED cifar-in-remove__non-iid__metric-privacy__fedavg__clients-3__seed-43__nm0p01__clip5__rounds-20__epochs-5__planned_runs__cifar10_cnn round=2 (checkpoint deleted)
2026-08-05 11:11:24 EVALUATED cifar-in-remove__non-iid__metric-privacy__fedavg__clients-3__seed-43__nm0p01__clip5__rounds-20__epochs-5__planned_runs__cifar10_cnn round=3 (checkpoint deleted)
2026-08-05 11:11:28 EVALUATED cifar-in-remove__non-iid__metric-privacy__fedavg__clients-3__seed-43__nm0p01__clip5__rounds-20__epochs-5__planned_runs__cifar10_cnn round=4 (checkpoint deleted)
2026-08-05 11:11:32 EVALUATED cifar-in-remove__non-iid__metric-privacy__fedavg__clients-3__seed-43__nm0p01__clip5__rounds-20__epochs-5__planned_runs__cifar10_cnn round=5 (checkpoint deleted)
2026-08-05 11:11:37 EVALUATED cifar-in-remove__non-iid__metric-privacy__fedavg__clients-3__seed-43__nm0p01__clip5__rounds-20__epochs-5__planned_runs__cifar10_cnn round=6 (checkpoint deleted)
2026-08-05 11:11:41 EVALUATED cifar-in-remove__non-iid__metric-privacy__fedavg__clients-3__seed-43__nm0p01__clip5__rounds-20__epochs-5__planned_runs__cifar10_cnn round=7 (checkpoint deleted)
2026-08-05 11:11:46 EVALUATED cifar-in-remove__non-iid__metric-privacy__fedavg__clients-3__seed-43__nm0p01__clip5__rounds-20__epochs-5__planned_runs__cifar10_cnn round=8 (checkpoint deleted)
2026-08-05 11:11:50 EVALUATED cifar-in-remove__non-iid__metric-privacy__fedavg__clients-3__seed-43__nm0p01__clip5__rounds-20__epochs-5__planned_runs__cifar10_cnn round=9 (checkpoint deleted)
2026-08-05 11:11:55 EVALUATED cifar-in-remove__non-iid__metric-privacy__fedavg__clients-3__seed-43__nm0p01__clip5__rounds-20__epochs-5__planned_runs__cifar10_cnn round=10 (checkpoint deleted)
2026-08-05 11:11:59 EVALUATED cifar-in-remove__non-iid__metric-privacy__fedavg__clients-3__seed-43__nm0p01__clip5__rounds-20__epochs-5__planned_runs__cifar10_cnn round=11 (checkpoint deleted)
2026-08-05 11:12:04 EVALUATED cifar-in-remove__non-iid__metric-privacy__fedavg__clients-3__seed-43__nm0p01__clip5__rounds-20__epochs-5__planned_runs__cifar10_cnn round=12 (checkpoint deleted)
2026-08-05 11:12:08 EVALUATED cifar-in-remove__non-iid__metric-privacy__fedavg__clients-3__seed-43__nm0p01__clip5__rounds-20__epochs-5__planned_runs__cifar10_cnn round=13 (checkpoint deleted)
2026-08-05 11:12:13 EVALUATED cifar-in-remove__non-iid__metric-privacy__fedavg__clients-3__seed-43__nm0p01__clip5__rounds-20__epochs-5__planned_runs__cifar10_cnn round=14 (checkpoint deleted)
2026-08-05 11:12:17 EVALUATED cifar-in-remove__non-iid__metric-privacy__fedavg__clients-3__seed-43__nm0p01__clip5__rounds-20__epochs-5__planned_runs__cifar10_cnn round=15 (checkpoint deleted)
2026-08-05 11:12:21 EVALUATED cifar-in-remove__non-iid__metric-privacy__fedavg__clients-3__seed-43__nm0p01__clip5__rounds-20__epochs-5__planned_runs__cifar10_cnn round=16 (checkpoint deleted)
2026-08-05 11:12:26 EVALUATED cifar-in-remove__non-iid__metric-privacy__fedavg__clients-3__seed-43__nm0p01__clip5__rounds-20__epochs-5__planned_runs__cifar10_cnn round=17 (checkpoint deleted)
2026-08-05 11:12:30 EVALUATED cifar-in-remove__non-iid__metric-privacy__fedavg__clients-3__seed-43__nm0p01__clip5__rounds-20__epochs-5__planned_runs__cifar10_cnn round=18 (checkpoint deleted)
2026-08-05 11:12:35 EVALUATED cifar-in-remove__non-iid__metric-privacy__fedavg__clients-3__seed-43__nm0p01__clip5__rounds-20__epochs-5__planned_runs__cifar10_cnn round=19 (checkpoint deleted)
2026-08-05 11:12:39 EVALUATED cifar-in-remove__non-iid__metric-privacy__fedavg__clients-3__seed-43__nm0p01__clip5__rounds-20__epochs-5__planned_runs__cifar10_cnn round=20 (checkpoint deleted)
2026-08-05 11:12:39 PROGRESS 8/9 (0 failed so far)
2026-08-05 11:12:39 START cifar-in-remove__non-iid__metric-privacy__fedavg__clients-3__seed-44__nm0p01__clip5__rounds-20__epochs-5__planned_runs__cifar10_cnn 
2026-08-05 11:15:11 DONE  cifar-in-remove__non-iid__metric-privacy__fedavg__clients-3__seed-44__nm0p01__clip5__rounds-20__epochs-5__planned_runs__cifar10_cnn (152.3s)
2026-08-05 11:15:16 EVALUATED cifar-in-remove__non-iid__metric-privacy__fedavg__clients-3__seed-44__nm0p01__clip5__rounds-20__epochs-5__planned_runs__cifar10_cnn round=1 (checkpoint deleted)
2026-08-05 11:15:20 EVALUATED cifar-in-remove__non-iid__metric-privacy__fedavg__clients-3__seed-44__nm0p01__clip5__rounds-20__epochs-5__planned_runs__cifar10_cnn round=2 (checkpoint deleted)
2026-08-05 11:15:25 EVALUATED cifar-in-remove__non-iid__metric-privacy__fedavg__clients-3__seed-44__nm0p01__clip5__rounds-20__epochs-5__planned_runs__cifar10_cnn round=3 (checkpoint deleted)
2026-08-05 11:15:29 EVALUATED cifar-in-remove__non-iid__metric-privacy__fedavg__clients-3__seed-44__nm0p01__clip5__rounds-20__epochs-5__planned_runs__cifar10_cnn round=4 (checkpoint deleted)
2026-08-05 11:15:34 EVALUATED cifar-in-remove__non-iid__metric-privacy__fedavg__clients-3__seed-44__nm0p01__clip5__rounds-20__epochs-5__planned_runs__cifar10_cnn round=5 (checkpoint deleted)
2026-08-05 11:15:38 EVALUATED cifar-in-remove__non-iid__metric-privacy__fedavg__clients-3__seed-44__nm0p01__clip5__rounds-20__epochs-5__planned_runs__cifar10_cnn round=6 (checkpoint deleted)
2026-08-05 11:15:42 EVALUATED cifar-in-remove__non-iid__metric-privacy__fedavg__clients-3__seed-44__nm0p01__clip5__rounds-20__epochs-5__planned_runs__cifar10_cnn round=7 (checkpoint deleted)
2026-08-05 11:15:47 EVALUATED cifar-in-remove__non-iid__metric-privacy__fedavg__clients-3__seed-44__nm0p01__clip5__rounds-20__epochs-5__planned_runs__cifar10_cnn round=8 (checkpoint deleted)
2026-08-05 11:15:51 EVALUATED cifar-in-remove__non-iid__metric-privacy__fedavg__clients-3__seed-44__nm0p01__clip5__rounds-20__epochs-5__planned_runs__cifar10_cnn round=9 (checkpoint deleted)
2026-08-05 11:15:56 EVALUATED cifar-in-remove__non-iid__metric-privacy__fedavg__clients-3__seed-44__nm0p01__clip5__rounds-20__epochs-5__planned_runs__cifar10_cnn round=10 (checkpoint deleted)
2026-08-05 11:16:00 EVALUATED cifar-in-remove__non-iid__metric-privacy__fedavg__clients-3__seed-44__nm0p01__clip5__rounds-20__epochs-5__planned_runs__cifar10_cnn round=11 (checkpoint deleted)
2026-08-05 11:16:05 EVALUATED cifar-in-remove__non-iid__metric-privacy__fedavg__clients-3__seed-44__nm0p01__clip5__rounds-20__epochs-5__planned_runs__cifar10_cnn round=12 (checkpoint deleted)
2026-08-05 11:16:09 EVALUATED cifar-in-remove__non-iid__metric-privacy__fedavg__clients-3__seed-44__nm0p01__clip5__rounds-20__epochs-5__planned_runs__cifar10_cnn round=13 (checkpoint deleted)
2026-08-05 11:16:14 EVALUATED cifar-in-remove__non-iid__metric-privacy__fedavg__clients-3__seed-44__nm0p01__clip5__rounds-20__epochs-5__planned_runs__cifar10_cnn round=14 (checkpoint deleted)
2026-08-05 11:16:18 EVALUATED cifar-in-remove__non-iid__metric-privacy__fedavg__clients-3__seed-44__nm0p01__clip5__rounds-20__epochs-5__planned_runs__cifar10_cnn round=15 (checkpoint deleted)
2026-08-05 11:16:22 EVALUATED cifar-in-remove__non-iid__metric-privacy__fedavg__clients-3__seed-44__nm0p01__clip5__rounds-20__epochs-5__planned_runs__cifar10_cnn round=16 (checkpoint deleted)
2026-08-05 11:16:27 EVALUATED cifar-in-remove__non-iid__metric-privacy__fedavg__clients-3__seed-44__nm0p01__clip5__rounds-20__epochs-5__planned_runs__cifar10_cnn round=17 (checkpoint deleted)
2026-08-05 11:16:31 EVALUATED cifar-in-remove__non-iid__metric-privacy__fedavg__clients-3__seed-44__nm0p01__clip5__rounds-20__epochs-5__planned_runs__cifar10_cnn round=18 (checkpoint deleted)
2026-08-05 11:16:36 EVALUATED cifar-in-remove__non-iid__metric-privacy__fedavg__clients-3__seed-44__nm0p01__clip5__rounds-20__epochs-5__planned_runs__cifar10_cnn round=19 (checkpoint deleted)
2026-08-05 11:16:40 EVALUATED cifar-in-remove__non-iid__metric-privacy__fedavg__clients-3__seed-44__nm0p01__clip5__rounds-20__epochs-5__planned_runs__cifar10_cnn round=20 (checkpoint deleted)
2026-08-05 11:16:40 PROGRESS 9/9 (0 failed so far)
2026-08-05 11:16:40 Sweep finished: 9/9 attempted, 0 failed
