2026-08-05 14:54:16 Starting full chunk: 2 trajectories
2026-08-05 14:54:16 START cifar-full-in-replace__non-iid__global-dp__fedavg__clients-3__seed-43__nm0p0075__clip5__rounds-20__epochs-5__cifar_chunks__cifar10_cnn 
2026-08-05 14:58:25 DONE  cifar-full-in-replace__non-iid__global-dp__fedavg__clients-3__seed-43__nm0p0075__clip5__rounds-20__epochs-5__cifar_chunks__cifar10_cnn (248.9s)
2026-08-05 14:58:31 EVALUATED cifar-full-in-replace__non-iid__global-dp__fedavg__clients-3__seed-43__nm0p0075__clip5__rounds-20__epochs-5__cifar_chunks__cifar10_cnn round=1 (checkpoint deleted)
2026-08-05 14:58:37 EVALUATED cifar-full-in-replace__non-iid__global-dp__fedavg__clients-3__seed-43__nm0p0075__clip5__rounds-20__epochs-5__cifar_chunks__cifar10_cnn round=2 (checkpoint deleted)
2026-08-05 14:58:42 EVALUATED cifar-full-in-replace__non-iid__global-dp__fedavg__clients-3__seed-43__nm0p0075__clip5__rounds-20__epochs-5__cifar_chunks__cifar10_cnn round=3 (checkpoint deleted)
2026-08-05 14:58:48 EVALUATED cifar-full-in-replace__non-iid__global-dp__fedavg__clients-3__seed-43__nm0p0075__clip5__rounds-20__epochs-5__cifar_chunks__cifar10_cnn round=4 (checkpoint deleted)
2026-08-05 14:58:53 EVALUATED cifar-full-in-replace__non-iid__global-dp__fedavg__clients-3__seed-43__nm0p0075__clip5__rounds-20__epochs-5__cifar_chunks__cifar10_cnn round=5 (checkpoint deleted)
2026-08-05 14:58:58 EVALUATED cifar-full-in-replace__non-iid__global-dp__fedavg__clients-3__seed-43__nm0p0075__clip5__rounds-20__epochs-5__cifar_chunks__cifar10_cnn round=6 (checkpoint deleted)
2026-08-05 14:59:04 EVALUATED cifar-full-in-replace__non-iid__global-dp__fedavg__clients-3__seed-43__nm0p0075__clip5__rounds-20__epochs-5__cifar_chunks__cifar10_cnn round=7 (checkpoint deleted)
2026-08-05 14:59:09 EVALUATED cifar-full-in-replace__non-iid__global-dp__fedavg__clients-3__seed-43__nm0p0075__clip5__rounds-20__epochs-5__cifar_chunks__cifar10_cnn round=8 (checkpoint deleted)
2026-08-05 14:59:15 EVALUATED cifar-full-in-replace__non-iid__global-dp__fedavg__clients-3__seed-43__nm0p0075__clip5__rounds-20__epochs-5__cifar_chunks__cifar10_cnn round=9 (checkpoint deleted)
2026-08-05 14:59:20 EVALUATED cifar-full-in-replace__non-iid__global-dp__fedavg__clients-3__seed-43__nm0p0075__clip5__rounds-20__epochs-5__cifar_chunks__cifar10_cnn round=10 (checkpoint deleted)
2026-08-05 14:59:26 EVALUATED cifar-full-in-replace__non-iid__global-dp__fedavg__clients-3__seed-43__nm0p0075__clip5__rounds-20__epochs-5__cifar_chunks__cifar10_cnn round=11 (checkpoint deleted)
2026-08-05 14:59:31 EVALUATED cifar-full-in-replace__non-iid__global-dp__fedavg__clients-3__seed-43__nm0p0075__clip5__rounds-20__epochs-5__cifar_chunks__cifar10_cnn round=12 (checkpoint deleted)
2026-08-05 14:59:37 EVALUATED cifar-full-in-replace__non-iid__global-dp__fedavg__clients-3__seed-43__nm0p0075__clip5__rounds-20__epochs-5__cifar_chunks__cifar10_cnn round=13 (checkpoint deleted)
2026-08-05 14:59:42 EVALUATED cifar-full-in-replace__non-iid__global-dp__fedavg__clients-3__seed-43__nm0p0075__clip5__rounds-20__epochs-5__cifar_chunks__cifar10_cnn round=14 (checkpoint deleted)
2026-08-05 14:59:47 EVALUATED cifar-full-in-replace__non-iid__global-dp__fedavg__clients-3__seed-43__nm0p0075__clip5__rounds-20__epochs-5__cifar_chunks__cifar10_cnn round=15 (checkpoint deleted)
2026-08-05 14:59:53 EVALUATED cifar-full-in-replace__non-iid__global-dp__fedavg__clients-3__seed-43__nm0p0075__clip5__rounds-20__epochs-5__cifar_chunks__cifar10_cnn round=16 (checkpoint deleted)
2026-08-05 14:59:58 EVALUATED cifar-full-in-replace__non-iid__global-dp__fedavg__clients-3__seed-43__nm0p0075__clip5__rounds-20__epochs-5__cifar_chunks__cifar10_cnn round=17 (checkpoint deleted)
2026-08-05 15:00:04 EVALUATED cifar-full-in-replace__non-iid__global-dp__fedavg__clients-3__seed-43__nm0p0075__clip5__rounds-20__epochs-5__cifar_chunks__cifar10_cnn round=18 (checkpoint deleted)
2026-08-05 15:00:09 EVALUATED cifar-full-in-replace__non-iid__global-dp__fedavg__clients-3__seed-43__nm0p0075__clip5__rounds-20__epochs-5__cifar_chunks__cifar10_cnn round=19 (checkpoint deleted)
2026-08-05 15:00:15 EVALUATED cifar-full-in-replace__non-iid__global-dp__fedavg__clients-3__seed-43__nm0p0075__clip5__rounds-20__epochs-5__cifar_chunks__cifar10_cnn round=20 (checkpoint deleted)
2026-08-05 15:00:15 PROGRESS 1/2 (0 failed so far)
2026-08-05 15:00:15 START cifar-full-in-replace__non-iid__metric-privacy__fedavg__clients-3__seed-43__nm0p0075__clip5__rounds-20__epochs-5__cifar_chunks__cifar10_cnn 
2026-08-05 15:04:23 DONE  cifar-full-in-replace__non-iid__metric-privacy__fedavg__clients-3__seed-43__nm0p0075__clip5__rounds-20__epochs-5__cifar_chunks__cifar10_cnn (248.8s)
2026-08-05 15:04:29 EVALUATED cifar-full-in-replace__non-iid__metric-privacy__fedavg__clients-3__seed-43__nm0p0075__clip5__rounds-20__epochs-5__cifar_chunks__cifar10_cnn round=1 (checkpoint deleted)
2026-08-05 15:04:34 EVALUATED cifar-full-in-replace__non-iid__metric-privacy__fedavg__clients-3__seed-43__nm0p0075__clip5__rounds-20__epochs-5__cifar_chunks__cifar10_cnn round=2 (checkpoint deleted)
2026-08-05 15:04:40 EVALUATED cifar-full-in-replace__non-iid__metric-privacy__fedavg__clients-3__seed-43__nm0p0075__clip5__rounds-20__epochs-5__cifar_chunks__cifar10_cnn round=3 (checkpoint deleted)
2026-08-05 15:04:45 EVALUATED cifar-full-in-replace__non-iid__metric-privacy__fedavg__clients-3__seed-43__nm0p0075__clip5__rounds-20__epochs-5__cifar_chunks__cifar10_cnn round=4 (checkpoint deleted)
2026-08-05 15:04:51 EVALUATED cifar-full-in-replace__non-iid__metric-privacy__fedavg__clients-3__seed-43__nm0p0075__clip5__rounds-20__epochs-5__cifar_chunks__cifar10_cnn round=5 (checkpoint deleted)
2026-08-05 15:04:56 EVALUATED cifar-full-in-replace__non-iid__metric-privacy__fedavg__clients-3__seed-43__nm0p0075__clip5__rounds-20__epochs-5__cifar_chunks__cifar10_cnn round=6 (checkpoint deleted)
2026-08-05 15:05:02 EVALUATED cifar-full-in-replace__non-iid__metric-privacy__fedavg__clients-3__seed-43__nm0p0075__clip5__rounds-20__epochs-5__cifar_chunks__cifar10_cnn round=7 (checkpoint deleted)
2026-08-05 15:05:07 EVALUATED cifar-full-in-replace__non-iid__metric-privacy__fedavg__clients-3__seed-43__nm0p0075__clip5__rounds-20__epochs-5__cifar_chunks__cifar10_cnn round=8 (checkpoint deleted)
2026-08-05 15:05:13 EVALUATED cifar-full-in-replace__non-iid__metric-privacy__fedavg__clients-3__seed-43__nm0p0075__clip5__rounds-20__epochs-5__cifar_chunks__cifar10_cnn round=9 (checkpoint deleted)
2026-08-05 15:05:18 EVALUATED cifar-full-in-replace__non-iid__metric-privacy__fedavg__clients-3__seed-43__nm0p0075__clip5__rounds-20__epochs-5__cifar_chunks__cifar10_cnn round=10 (checkpoint deleted)
2026-08-05 15:05:24 EVALUATED cifar-full-in-replace__non-iid__metric-privacy__fedavg__clients-3__seed-43__nm0p0075__clip5__rounds-20__epochs-5__cifar_chunks__cifar10_cnn round=11 (checkpoint deleted)
2026-08-05 15:05:29 EVALUATED cifar-full-in-replace__non-iid__metric-privacy__fedavg__clients-3__seed-43__nm0p0075__clip5__rounds-20__epochs-5__cifar_chunks__cifar10_cnn round=12 (checkpoint deleted)
2026-08-05 15:05:34 EVALUATED cifar-full-in-replace__non-iid__metric-privacy__fedavg__clients-3__seed-43__nm0p0075__clip5__rounds-20__epochs-5__cifar_chunks__cifar10_cnn round=13 (checkpoint deleted)
2026-08-05 15:05:40 EVALUATED cifar-full-in-replace__non-iid__metric-privacy__fedavg__clients-3__seed-43__nm0p0075__clip5__rounds-20__epochs-5__cifar_chunks__cifar10_cnn round=14 (checkpoint deleted)
2026-08-05 15:05:45 EVALUATED cifar-full-in-replace__non-iid__metric-privacy__fedavg__clients-3__seed-43__nm0p0075__clip5__rounds-20__epochs-5__cifar_chunks__cifar10_cnn round=15 (checkpoint deleted)
2026-08-05 15:05:51 EVALUATED cifar-full-in-replace__non-iid__metric-privacy__fedavg__clients-3__seed-43__nm0p0075__clip5__rounds-20__epochs-5__cifar_chunks__cifar10_cnn round=16 (checkpoint deleted)
2026-08-05 15:05:56 EVALUATED cifar-full-in-replace__non-iid__metric-privacy__fedavg__clients-3__seed-43__nm0p0075__clip5__rounds-20__epochs-5__cifar_chunks__cifar10_cnn round=17 (checkpoint deleted)
2026-08-05 15:06:02 EVALUATED cifar-full-in-replace__non-iid__metric-privacy__fedavg__clients-3__seed-43__nm0p0075__clip5__rounds-20__epochs-5__cifar_chunks__cifar10_cnn round=18 (checkpoint deleted)
2026-08-05 15:06:07 EVALUATED cifar-full-in-replace__non-iid__metric-privacy__fedavg__clients-3__seed-43__nm0p0075__clip5__rounds-20__epochs-5__cifar_chunks__cifar10_cnn round=19 (checkpoint deleted)
2026-08-05 15:06:13 EVALUATED cifar-full-in-replace__non-iid__metric-privacy__fedavg__clients-3__seed-43__nm0p0075__clip5__rounds-20__epochs-5__cifar_chunks__cifar10_cnn round=20 (checkpoint deleted)
2026-08-05 15:06:13 PROGRESS 2/2 (0 failed so far)
2026-08-05 15:06:13 Sweep finished: 2/2 attempted, 0 failed
