2026-08-11 14:54:10 CIFAR-10 removal CIA chunk (vanilla, clients=16): 1 trajectories
2026-08-11 14:54:10 START cifar10-in-remove__non-iid__vanilla__fedavg__clients-16__seed-42__nm0p0182__clip5__rounds-20__epochs-5__cifar10_remove__cifar10_cnn 
2026-08-11 15:05:23 DONE  cifar10-in-remove__non-iid__vanilla__fedavg__clients-16__seed-42__nm0p0182__clip5__rounds-20__epochs-5__cifar10_remove__cifar10_cnn (673.0s)
2026-08-11 15:05:30 EVALUATED cifar10-in-remove__non-iid__vanilla__fedavg__clients-16__seed-42__nm0p0182__clip5__rounds-20__epochs-5__cifar10_remove__cifar10_cnn round=1 (checkpoint deleted)
2026-08-11 15:05:35 EVALUATED cifar10-in-remove__non-iid__vanilla__fedavg__clients-16__seed-42__nm0p0182__clip5__rounds-20__epochs-5__cifar10_remove__cifar10_cnn round=2 (checkpoint deleted)
2026-08-11 15:05:41 EVALUATED cifar10-in-remove__non-iid__vanilla__fedavg__clients-16__seed-42__nm0p0182__clip5__rounds-20__epochs-5__cifar10_remove__cifar10_cnn round=3 (checkpoint deleted)
2026-08-11 15:05:47 EVALUATED cifar10-in-remove__non-iid__vanilla__fedavg__clients-16__seed-42__nm0p0182__clip5__rounds-20__epochs-5__cifar10_remove__cifar10_cnn round=4 (checkpoint deleted)
2026-08-11 15:05:52 EVALUATED cifar10-in-remove__non-iid__vanilla__fedavg__clients-16__seed-42__nm0p0182__clip5__rounds-20__epochs-5__cifar10_remove__cifar10_cnn round=5 (checkpoint deleted)
2026-08-11 15:05:58 EVALUATED cifar10-in-remove__non-iid__vanilla__fedavg__clients-16__seed-42__nm0p0182__clip5__rounds-20__epochs-5__cifar10_remove__cifar10_cnn round=6 (checkpoint deleted)
2026-08-11 15:06:04 EVALUATED cifar10-in-remove__non-iid__vanilla__fedavg__clients-16__seed-42__nm0p0182__clip5__rounds-20__epochs-5__cifar10_remove__cifar10_cnn round=7 (checkpoint deleted)
2026-08-11 15:06:09 EVALUATED cifar10-in-remove__non-iid__vanilla__fedavg__clients-16__seed-42__nm0p0182__clip5__rounds-20__epochs-5__cifar10_remove__cifar10_cnn round=8 (checkpoint deleted)
2026-08-11 15:06:15 EVALUATED cifar10-in-remove__non-iid__vanilla__fedavg__clients-16__seed-42__nm0p0182__clip5__rounds-20__epochs-5__cifar10_remove__cifar10_cnn round=9 (checkpoint deleted)
2026-08-11 15:06:20 EVALUATED cifar10-in-remove__non-iid__vanilla__fedavg__clients-16__seed-42__nm0p0182__clip5__rounds-20__epochs-5__cifar10_remove__cifar10_cnn round=10 (checkpoint deleted)
2026-08-11 15:06:26 EVALUATED cifar10-in-remove__non-iid__vanilla__fedavg__clients-16__seed-42__nm0p0182__clip5__rounds-20__epochs-5__cifar10_remove__cifar10_cnn round=11 (checkpoint deleted)
2026-08-11 15:06:32 EVALUATED cifar10-in-remove__non-iid__vanilla__fedavg__clients-16__seed-42__nm0p0182__clip5__rounds-20__epochs-5__cifar10_remove__cifar10_cnn round=12 (checkpoint deleted)
2026-08-11 15:06:37 EVALUATED cifar10-in-remove__non-iid__vanilla__fedavg__clients-16__seed-42__nm0p0182__clip5__rounds-20__epochs-5__cifar10_remove__cifar10_cnn round=13 (checkpoint deleted)
2026-08-11 15:06:43 EVALUATED cifar10-in-remove__non-iid__vanilla__fedavg__clients-16__seed-42__nm0p0182__clip5__rounds-20__epochs-5__cifar10_remove__cifar10_cnn round=14 (checkpoint deleted)
2026-08-11 15:06:49 EVALUATED cifar10-in-remove__non-iid__vanilla__fedavg__clients-16__seed-42__nm0p0182__clip5__rounds-20__epochs-5__cifar10_remove__cifar10_cnn round=15 (checkpoint deleted)
2026-08-11 15:06:54 EVALUATED cifar10-in-remove__non-iid__vanilla__fedavg__clients-16__seed-42__nm0p0182__clip5__rounds-20__epochs-5__cifar10_remove__cifar10_cnn round=16 (checkpoint deleted)
2026-08-11 15:07:00 EVALUATED cifar10-in-remove__non-iid__vanilla__fedavg__clients-16__seed-42__nm0p0182__clip5__rounds-20__epochs-5__cifar10_remove__cifar10_cnn round=17 (checkpoint deleted)
2026-08-11 15:07:06 EVALUATED cifar10-in-remove__non-iid__vanilla__fedavg__clients-16__seed-42__nm0p0182__clip5__rounds-20__epochs-5__cifar10_remove__cifar10_cnn round=18 (checkpoint deleted)
2026-08-11 15:07:11 EVALUATED cifar10-in-remove__non-iid__vanilla__fedavg__clients-16__seed-42__nm0p0182__clip5__rounds-20__epochs-5__cifar10_remove__cifar10_cnn round=19 (checkpoint deleted)
2026-08-11 15:07:17 EVALUATED cifar10-in-remove__non-iid__vanilla__fedavg__clients-16__seed-42__nm0p0182__clip5__rounds-20__epochs-5__cifar10_remove__cifar10_cnn round=20 (checkpoint deleted)
2026-08-11 15:07:17 PROGRESS 1/1 (0 failed so far)
2026-08-11 15:07:17 Sweep finished: 1/1 attempted, 0 failed
