2026-08-05 23:12:58 Starting full chunk: 1 trajectories
2026-08-05 23:12:58 START cifar-full-in-replace__non-iid__vanilla__fedavg__clients-16__seed-44__nm0p01__clip5__rounds-20__epochs-5__cifar_chunks__cifar10_cnn 
2026-08-05 23:18:40 DONE  cifar-full-in-replace__non-iid__vanilla__fedavg__clients-16__seed-44__nm0p01__clip5__rounds-20__epochs-5__cifar_chunks__cifar10_cnn (341.8s)
2026-08-05 23:18:45 EVALUATED cifar-full-in-replace__non-iid__vanilla__fedavg__clients-16__seed-44__nm0p01__clip5__rounds-20__epochs-5__cifar_chunks__cifar10_cnn round=1 (checkpoint deleted)
2026-08-05 23:18:49 EVALUATED cifar-full-in-replace__non-iid__vanilla__fedavg__clients-16__seed-44__nm0p01__clip5__rounds-20__epochs-5__cifar_chunks__cifar10_cnn round=2 (checkpoint deleted)
2026-08-05 23:18:53 EVALUATED cifar-full-in-replace__non-iid__vanilla__fedavg__clients-16__seed-44__nm0p01__clip5__rounds-20__epochs-5__cifar_chunks__cifar10_cnn round=3 (checkpoint deleted)
2026-08-05 23:18:57 EVALUATED cifar-full-in-replace__non-iid__vanilla__fedavg__clients-16__seed-44__nm0p01__clip5__rounds-20__epochs-5__cifar_chunks__cifar10_cnn round=4 (checkpoint deleted)
2026-08-05 23:19:01 EVALUATED cifar-full-in-replace__non-iid__vanilla__fedavg__clients-16__seed-44__nm0p01__clip5__rounds-20__epochs-5__cifar_chunks__cifar10_cnn round=5 (checkpoint deleted)
2026-08-05 23:19:05 EVALUATED cifar-full-in-replace__non-iid__vanilla__fedavg__clients-16__seed-44__nm0p01__clip5__rounds-20__epochs-5__cifar_chunks__cifar10_cnn round=6 (checkpoint deleted)
2026-08-05 23:19:09 EVALUATED cifar-full-in-replace__non-iid__vanilla__fedavg__clients-16__seed-44__nm0p01__clip5__rounds-20__epochs-5__cifar_chunks__cifar10_cnn round=7 (checkpoint deleted)
2026-08-05 23:19:13 EVALUATED cifar-full-in-replace__non-iid__vanilla__fedavg__clients-16__seed-44__nm0p01__clip5__rounds-20__epochs-5__cifar_chunks__cifar10_cnn round=8 (checkpoint deleted)
2026-08-05 23:19:17 EVALUATED cifar-full-in-replace__non-iid__vanilla__fedavg__clients-16__seed-44__nm0p01__clip5__rounds-20__epochs-5__cifar_chunks__cifar10_cnn round=9 (checkpoint deleted)
2026-08-05 23:19:21 EVALUATED cifar-full-in-replace__non-iid__vanilla__fedavg__clients-16__seed-44__nm0p01__clip5__rounds-20__epochs-5__cifar_chunks__cifar10_cnn round=10 (checkpoint deleted)
2026-08-05 23:19:25 EVALUATED cifar-full-in-replace__non-iid__vanilla__fedavg__clients-16__seed-44__nm0p01__clip5__rounds-20__epochs-5__cifar_chunks__cifar10_cnn round=11 (checkpoint deleted)
2026-08-05 23:19:29 EVALUATED cifar-full-in-replace__non-iid__vanilla__fedavg__clients-16__seed-44__nm0p01__clip5__rounds-20__epochs-5__cifar_chunks__cifar10_cnn round=12 (checkpoint deleted)
2026-08-05 23:19:32 EVALUATED cifar-full-in-replace__non-iid__vanilla__fedavg__clients-16__seed-44__nm0p01__clip5__rounds-20__epochs-5__cifar_chunks__cifar10_cnn round=13 (checkpoint deleted)
2026-08-05 23:19:36 EVALUATED cifar-full-in-replace__non-iid__vanilla__fedavg__clients-16__seed-44__nm0p01__clip5__rounds-20__epochs-5__cifar_chunks__cifar10_cnn round=14 (checkpoint deleted)
2026-08-05 23:19:40 EVALUATED cifar-full-in-replace__non-iid__vanilla__fedavg__clients-16__seed-44__nm0p01__clip5__rounds-20__epochs-5__cifar_chunks__cifar10_cnn round=15 (checkpoint deleted)
2026-08-05 23:19:44 EVALUATED cifar-full-in-replace__non-iid__vanilla__fedavg__clients-16__seed-44__nm0p01__clip5__rounds-20__epochs-5__cifar_chunks__cifar10_cnn round=16 (checkpoint deleted)
2026-08-05 23:19:48 EVALUATED cifar-full-in-replace__non-iid__vanilla__fedavg__clients-16__seed-44__nm0p01__clip5__rounds-20__epochs-5__cifar_chunks__cifar10_cnn round=17 (checkpoint deleted)
2026-08-05 23:19:52 EVALUATED cifar-full-in-replace__non-iid__vanilla__fedavg__clients-16__seed-44__nm0p01__clip5__rounds-20__epochs-5__cifar_chunks__cifar10_cnn round=18 (checkpoint deleted)
2026-08-05 23:19:56 EVALUATED cifar-full-in-replace__non-iid__vanilla__fedavg__clients-16__seed-44__nm0p01__clip5__rounds-20__epochs-5__cifar_chunks__cifar10_cnn round=19 (checkpoint deleted)
2026-08-05 23:20:00 EVALUATED cifar-full-in-replace__non-iid__vanilla__fedavg__clients-16__seed-44__nm0p01__clip5__rounds-20__epochs-5__cifar_chunks__cifar10_cnn round=20 (checkpoint deleted)
2026-08-05 23:20:00 PROGRESS 1/1 (0 failed so far)
2026-08-05 23:20:00 Sweep finished: 1/1 attempted, 0 failed
