2026-08-19 20:20:37 EuroSAT stage (metric-privacy, non-iid, seed=42, noise_ratio=0.0007730650439020523): 2 trajectories
2026-08-19 20:20:37 START eurosat-in-remove__non-iid__metric-privacy__fedavg__clients-48__seed-42__nm0p0371071__clip5__rounds-100__epochs-5__eurosat_remove__eurosat_cnn 
2026-08-19 20:39:11 DONE  eurosat-in-remove__non-iid__metric-privacy__fedavg__clients-48__seed-42__nm0p0371071__clip5__rounds-100__epochs-5__eurosat_remove__eurosat_cnn (1113.8s)
2026-08-19 20:39:15 EVALUATED eurosat-in-remove__non-iid__metric-privacy__fedavg__clients-48__seed-42__nm0p0371071__clip5__rounds-100__epochs-5__eurosat_remove__eurosat_cnn round=1 (checkpoint deleted)
2026-08-19 20:39:16 EVALUATED eurosat-in-remove__non-iid__metric-privacy__fedavg__clients-48__seed-42__nm0p0371071__clip5__rounds-100__epochs-5__eurosat_remove__eurosat_cnn round=10 (checkpoint deleted)
2026-08-19 20:39:17 EVALUATED eurosat-in-remove__non-iid__metric-privacy__fedavg__clients-48__seed-42__nm0p0371071__clip5__rounds-100__epochs-5__eurosat_remove__eurosat_cnn round=20 (checkpoint deleted)
2026-08-19 20:39:19 EVALUATED eurosat-in-remove__non-iid__metric-privacy__fedavg__clients-48__seed-42__nm0p0371071__clip5__rounds-100__epochs-5__eurosat_remove__eurosat_cnn round=30 (checkpoint deleted)
2026-08-19 20:39:20 EVALUATED eurosat-in-remove__non-iid__metric-privacy__fedavg__clients-48__seed-42__nm0p0371071__clip5__rounds-100__epochs-5__eurosat_remove__eurosat_cnn round=40 (checkpoint deleted)
2026-08-19 20:39:22 EVALUATED eurosat-in-remove__non-iid__metric-privacy__fedavg__clients-48__seed-42__nm0p0371071__clip5__rounds-100__epochs-5__eurosat_remove__eurosat_cnn round=50 (checkpoint deleted)
2026-08-19 20:39:23 EVALUATED eurosat-in-remove__non-iid__metric-privacy__fedavg__clients-48__seed-42__nm0p0371071__clip5__rounds-100__epochs-5__eurosat_remove__eurosat_cnn round=60 (checkpoint deleted)
2026-08-19 20:39:24 EVALUATED eurosat-in-remove__non-iid__metric-privacy__fedavg__clients-48__seed-42__nm0p0371071__clip5__rounds-100__epochs-5__eurosat_remove__eurosat_cnn round=70 (checkpoint deleted)
2026-08-19 20:39:26 EVALUATED eurosat-in-remove__non-iid__metric-privacy__fedavg__clients-48__seed-42__nm0p0371071__clip5__rounds-100__epochs-5__eurosat_remove__eurosat_cnn round=80 (checkpoint deleted)
2026-08-19 20:39:27 EVALUATED eurosat-in-remove__non-iid__metric-privacy__fedavg__clients-48__seed-42__nm0p0371071__clip5__rounds-100__epochs-5__eurosat_remove__eurosat_cnn round=90 (checkpoint deleted)
2026-08-19 20:39:28 EVALUATED eurosat-in-remove__non-iid__metric-privacy__fedavg__clients-48__seed-42__nm0p0371071__clip5__rounds-100__epochs-5__eurosat_remove__eurosat_cnn round=100 (checkpoint deleted)
2026-08-19 20:39:28 PROGRESS 1/2 (0 failed so far)
2026-08-19 20:39:28 START eurosat-out-remove__non-iid__metric-privacy__fedavg__clients-47__seed-42__nm0p0363341__clip5__rounds-100__epochs-5__eurosat_remove__eurosat_cnn 
2026-08-19 20:57:38 DONE  eurosat-out-remove__non-iid__metric-privacy__fedavg__clients-47__seed-42__nm0p0363341__clip5__rounds-100__epochs-5__eurosat_remove__eurosat_cnn (1089.2s)
2026-08-19 20:57:39 EVALUATED eurosat-out-remove__non-iid__metric-privacy__fedavg__clients-47__seed-42__nm0p0363341__clip5__rounds-100__epochs-5__eurosat_remove__eurosat_cnn round=1 (checkpoint deleted)
2026-08-19 20:57:40 EVALUATED eurosat-out-remove__non-iid__metric-privacy__fedavg__clients-47__seed-42__nm0p0363341__clip5__rounds-100__epochs-5__eurosat_remove__eurosat_cnn round=10 (checkpoint deleted)
2026-08-19 20:57:42 EVALUATED eurosat-out-remove__non-iid__metric-privacy__fedavg__clients-47__seed-42__nm0p0363341__clip5__rounds-100__epochs-5__eurosat_remove__eurosat_cnn round=20 (checkpoint deleted)
2026-08-19 20:57:43 EVALUATED eurosat-out-remove__non-iid__metric-privacy__fedavg__clients-47__seed-42__nm0p0363341__clip5__rounds-100__epochs-5__eurosat_remove__eurosat_cnn round=30 (checkpoint deleted)
2026-08-19 20:57:44 EVALUATED eurosat-out-remove__non-iid__metric-privacy__fedavg__clients-47__seed-42__nm0p0363341__clip5__rounds-100__epochs-5__eurosat_remove__eurosat_cnn round=40 (checkpoint deleted)
2026-08-19 20:57:46 EVALUATED eurosat-out-remove__non-iid__metric-privacy__fedavg__clients-47__seed-42__nm0p0363341__clip5__rounds-100__epochs-5__eurosat_remove__eurosat_cnn round=50 (checkpoint deleted)
2026-08-19 20:57:47 EVALUATED eurosat-out-remove__non-iid__metric-privacy__fedavg__clients-47__seed-42__nm0p0363341__clip5__rounds-100__epochs-5__eurosat_remove__eurosat_cnn round=60 (checkpoint deleted)
2026-08-19 20:57:48 EVALUATED eurosat-out-remove__non-iid__metric-privacy__fedavg__clients-47__seed-42__nm0p0363341__clip5__rounds-100__epochs-5__eurosat_remove__eurosat_cnn round=70 (checkpoint deleted)
2026-08-19 20:57:50 EVALUATED eurosat-out-remove__non-iid__metric-privacy__fedavg__clients-47__seed-42__nm0p0363341__clip5__rounds-100__epochs-5__eurosat_remove__eurosat_cnn round=80 (checkpoint deleted)
2026-08-19 20:57:51 EVALUATED eurosat-out-remove__non-iid__metric-privacy__fedavg__clients-47__seed-42__nm0p0363341__clip5__rounds-100__epochs-5__eurosat_remove__eurosat_cnn round=90 (checkpoint deleted)
2026-08-19 20:57:52 EVALUATED eurosat-out-remove__non-iid__metric-privacy__fedavg__clients-47__seed-42__nm0p0363341__clip5__rounds-100__epochs-5__eurosat_remove__eurosat_cnn round=100 (checkpoint deleted)
2026-08-19 20:57:52 PROGRESS 2/2 (0 failed so far)
2026-08-19 20:57:52 Sweep finished: 2/2 attempted, 0 failed
2026-08-19 21:35:07 EuroSAT stage (metric-privacy, non-iid, seed=42, noise_ratio=0.0007730650439020523): 2 trajectories
2026-08-19 21:35:07 SKIP  2 combinations (attack results already exist)
2026-08-19 21:35:07 Sweep finished: 2/2 attempted, 0 failed
