2026-08-21 14:45:57 CIFAR-10 stage (vanilla, homogeneous, seed=43, noise_ratio=None): 2 trajectories
2026-08-21 14:45:57 START cifar10-in-remove__homogeneous__vanilla__fedavg__clients-100__seed-43__nm0p0182__clip5__rounds-20__epochs-5__cifar10_remove__cifar10_cnn 
2026-08-21 14:52:31 DONE  cifar10-in-remove__homogeneous__vanilla__fedavg__clients-100__seed-43__nm0p0182__clip5__rounds-20__epochs-5__cifar10_remove__cifar10_cnn (393.9s)
2026-08-21 14:52:34 EVALUATED cifar10-in-remove__homogeneous__vanilla__fedavg__clients-100__seed-43__nm0p0182__clip5__rounds-20__epochs-5__cifar10_remove__cifar10_cnn round=1 (checkpoint deleted)
2026-08-21 14:52:37 EVALUATED cifar10-in-remove__homogeneous__vanilla__fedavg__clients-100__seed-43__nm0p0182__clip5__rounds-20__epochs-5__cifar10_remove__cifar10_cnn round=2 (checkpoint deleted)
2026-08-21 14:52:40 EVALUATED cifar10-in-remove__homogeneous__vanilla__fedavg__clients-100__seed-43__nm0p0182__clip5__rounds-20__epochs-5__cifar10_remove__cifar10_cnn round=3 (checkpoint deleted)
2026-08-21 14:52:43 EVALUATED cifar10-in-remove__homogeneous__vanilla__fedavg__clients-100__seed-43__nm0p0182__clip5__rounds-20__epochs-5__cifar10_remove__cifar10_cnn round=4 (checkpoint deleted)
2026-08-21 14:52:46 EVALUATED cifar10-in-remove__homogeneous__vanilla__fedavg__clients-100__seed-43__nm0p0182__clip5__rounds-20__epochs-5__cifar10_remove__cifar10_cnn round=5 (checkpoint deleted)
2026-08-21 14:52:49 EVALUATED cifar10-in-remove__homogeneous__vanilla__fedavg__clients-100__seed-43__nm0p0182__clip5__rounds-20__epochs-5__cifar10_remove__cifar10_cnn round=6 (checkpoint deleted)
2026-08-21 14:52:52 EVALUATED cifar10-in-remove__homogeneous__vanilla__fedavg__clients-100__seed-43__nm0p0182__clip5__rounds-20__epochs-5__cifar10_remove__cifar10_cnn round=7 (checkpoint deleted)
2026-08-21 14:52:55 EVALUATED cifar10-in-remove__homogeneous__vanilla__fedavg__clients-100__seed-43__nm0p0182__clip5__rounds-20__epochs-5__cifar10_remove__cifar10_cnn round=8 (checkpoint deleted)
2026-08-21 14:52:58 EVALUATED cifar10-in-remove__homogeneous__vanilla__fedavg__clients-100__seed-43__nm0p0182__clip5__rounds-20__epochs-5__cifar10_remove__cifar10_cnn round=9 (checkpoint deleted)
2026-08-21 14:53:01 EVALUATED cifar10-in-remove__homogeneous__vanilla__fedavg__clients-100__seed-43__nm0p0182__clip5__rounds-20__epochs-5__cifar10_remove__cifar10_cnn round=10 (checkpoint deleted)
2026-08-21 14:53:04 EVALUATED cifar10-in-remove__homogeneous__vanilla__fedavg__clients-100__seed-43__nm0p0182__clip5__rounds-20__epochs-5__cifar10_remove__cifar10_cnn round=11 (checkpoint deleted)
2026-08-21 14:53:07 EVALUATED cifar10-in-remove__homogeneous__vanilla__fedavg__clients-100__seed-43__nm0p0182__clip5__rounds-20__epochs-5__cifar10_remove__cifar10_cnn round=12 (checkpoint deleted)
2026-08-21 14:53:10 EVALUATED cifar10-in-remove__homogeneous__vanilla__fedavg__clients-100__seed-43__nm0p0182__clip5__rounds-20__epochs-5__cifar10_remove__cifar10_cnn round=13 (checkpoint deleted)
2026-08-21 14:53:13 EVALUATED cifar10-in-remove__homogeneous__vanilla__fedavg__clients-100__seed-43__nm0p0182__clip5__rounds-20__epochs-5__cifar10_remove__cifar10_cnn round=14 (checkpoint deleted)
2026-08-21 14:53:17 EVALUATED cifar10-in-remove__homogeneous__vanilla__fedavg__clients-100__seed-43__nm0p0182__clip5__rounds-20__epochs-5__cifar10_remove__cifar10_cnn round=15 (checkpoint deleted)
2026-08-21 14:53:20 EVALUATED cifar10-in-remove__homogeneous__vanilla__fedavg__clients-100__seed-43__nm0p0182__clip5__rounds-20__epochs-5__cifar10_remove__cifar10_cnn round=16 (checkpoint deleted)
2026-08-21 14:53:23 EVALUATED cifar10-in-remove__homogeneous__vanilla__fedavg__clients-100__seed-43__nm0p0182__clip5__rounds-20__epochs-5__cifar10_remove__cifar10_cnn round=17 (checkpoint deleted)
2026-08-21 14:53:26 EVALUATED cifar10-in-remove__homogeneous__vanilla__fedavg__clients-100__seed-43__nm0p0182__clip5__rounds-20__epochs-5__cifar10_remove__cifar10_cnn round=18 (checkpoint deleted)
2026-08-21 14:53:29 EVALUATED cifar10-in-remove__homogeneous__vanilla__fedavg__clients-100__seed-43__nm0p0182__clip5__rounds-20__epochs-5__cifar10_remove__cifar10_cnn round=19 (checkpoint deleted)
2026-08-21 14:53:32 EVALUATED cifar10-in-remove__homogeneous__vanilla__fedavg__clients-100__seed-43__nm0p0182__clip5__rounds-20__epochs-5__cifar10_remove__cifar10_cnn round=20 (checkpoint deleted)
2026-08-21 14:53:32 PROGRESS 1/2 (0 failed so far)
2026-08-21 14:53:32 START cifar10-out-remove__homogeneous__vanilla__fedavg__clients-99__seed-43__nm0p0182__clip5__rounds-20__epochs-5__cifar10_remove__cifar10_cnn 
2026-08-21 15:00:01 DONE  cifar10-out-remove__homogeneous__vanilla__fedavg__clients-99__seed-43__nm0p0182__clip5__rounds-20__epochs-5__cifar10_remove__cifar10_cnn (389.3s)
2026-08-21 15:00:04 EVALUATED cifar10-out-remove__homogeneous__vanilla__fedavg__clients-99__seed-43__nm0p0182__clip5__rounds-20__epochs-5__cifar10_remove__cifar10_cnn round=1 (checkpoint deleted)
2026-08-21 15:00:07 EVALUATED cifar10-out-remove__homogeneous__vanilla__fedavg__clients-99__seed-43__nm0p0182__clip5__rounds-20__epochs-5__cifar10_remove__cifar10_cnn round=2 (checkpoint deleted)
2026-08-21 15:00:10 EVALUATED cifar10-out-remove__homogeneous__vanilla__fedavg__clients-99__seed-43__nm0p0182__clip5__rounds-20__epochs-5__cifar10_remove__cifar10_cnn round=3 (checkpoint deleted)
2026-08-21 15:00:13 EVALUATED cifar10-out-remove__homogeneous__vanilla__fedavg__clients-99__seed-43__nm0p0182__clip5__rounds-20__epochs-5__cifar10_remove__cifar10_cnn round=4 (checkpoint deleted)
2026-08-21 15:00:16 EVALUATED cifar10-out-remove__homogeneous__vanilla__fedavg__clients-99__seed-43__nm0p0182__clip5__rounds-20__epochs-5__cifar10_remove__cifar10_cnn round=5 (checkpoint deleted)
2026-08-21 15:00:19 EVALUATED cifar10-out-remove__homogeneous__vanilla__fedavg__clients-99__seed-43__nm0p0182__clip5__rounds-20__epochs-5__cifar10_remove__cifar10_cnn round=6 (checkpoint deleted)
2026-08-21 15:00:22 EVALUATED cifar10-out-remove__homogeneous__vanilla__fedavg__clients-99__seed-43__nm0p0182__clip5__rounds-20__epochs-5__cifar10_remove__cifar10_cnn round=7 (checkpoint deleted)
2026-08-21 15:00:25 EVALUATED cifar10-out-remove__homogeneous__vanilla__fedavg__clients-99__seed-43__nm0p0182__clip5__rounds-20__epochs-5__cifar10_remove__cifar10_cnn round=8 (checkpoint deleted)
2026-08-21 15:00:28 EVALUATED cifar10-out-remove__homogeneous__vanilla__fedavg__clients-99__seed-43__nm0p0182__clip5__rounds-20__epochs-5__cifar10_remove__cifar10_cnn round=9 (checkpoint deleted)
2026-08-21 15:00:31 EVALUATED cifar10-out-remove__homogeneous__vanilla__fedavg__clients-99__seed-43__nm0p0182__clip5__rounds-20__epochs-5__cifar10_remove__cifar10_cnn round=10 (checkpoint deleted)
2026-08-21 15:00:34 EVALUATED cifar10-out-remove__homogeneous__vanilla__fedavg__clients-99__seed-43__nm0p0182__clip5__rounds-20__epochs-5__cifar10_remove__cifar10_cnn round=11 (checkpoint deleted)
2026-08-21 15:00:37 EVALUATED cifar10-out-remove__homogeneous__vanilla__fedavg__clients-99__seed-43__nm0p0182__clip5__rounds-20__epochs-5__cifar10_remove__cifar10_cnn round=12 (checkpoint deleted)
2026-08-21 15:00:40 EVALUATED cifar10-out-remove__homogeneous__vanilla__fedavg__clients-99__seed-43__nm0p0182__clip5__rounds-20__epochs-5__cifar10_remove__cifar10_cnn round=13 (checkpoint deleted)
2026-08-21 15:00:43 EVALUATED cifar10-out-remove__homogeneous__vanilla__fedavg__clients-99__seed-43__nm0p0182__clip5__rounds-20__epochs-5__cifar10_remove__cifar10_cnn round=14 (checkpoint deleted)
2026-08-21 15:00:46 EVALUATED cifar10-out-remove__homogeneous__vanilla__fedavg__clients-99__seed-43__nm0p0182__clip5__rounds-20__epochs-5__cifar10_remove__cifar10_cnn round=15 (checkpoint deleted)
2026-08-21 15:00:49 EVALUATED cifar10-out-remove__homogeneous__vanilla__fedavg__clients-99__seed-43__nm0p0182__clip5__rounds-20__epochs-5__cifar10_remove__cifar10_cnn round=16 (checkpoint deleted)
2026-08-21 15:00:52 EVALUATED cifar10-out-remove__homogeneous__vanilla__fedavg__clients-99__seed-43__nm0p0182__clip5__rounds-20__epochs-5__cifar10_remove__cifar10_cnn round=17 (checkpoint deleted)
2026-08-21 15:00:55 EVALUATED cifar10-out-remove__homogeneous__vanilla__fedavg__clients-99__seed-43__nm0p0182__clip5__rounds-20__epochs-5__cifar10_remove__cifar10_cnn round=18 (checkpoint deleted)
2026-08-21 15:00:58 EVALUATED cifar10-out-remove__homogeneous__vanilla__fedavg__clients-99__seed-43__nm0p0182__clip5__rounds-20__epochs-5__cifar10_remove__cifar10_cnn round=19 (checkpoint deleted)
2026-08-21 15:01:02 EVALUATED cifar10-out-remove__homogeneous__vanilla__fedavg__clients-99__seed-43__nm0p0182__clip5__rounds-20__epochs-5__cifar10_remove__cifar10_cnn round=20 (checkpoint deleted)
2026-08-21 15:01:02 PROGRESS 2/2 (0 failed so far)
2026-08-21 15:01:02 Sweep finished: 2/2 attempted, 0 failed
