2026-08-05 14:27:01 Starting full chunk: 1 trajectories
2026-08-05 14:27:01 START cifar-full-out-replace__non-iid__vanilla__fedavg__clients-3__seed-44__nm0p01__clip5__rounds-20__epochs-5__cifar_chunks__cifar10_cnn 
{
  "partition-mode": "non-iid",
  "partition-profile": "auto",
  "client-weights": "",
  "data-module": "experiments.cia.scripts.cifar_chunks:create_cifar_out_replace",
  "model-module": "experiments.reproduce.cifar10_cnn:create_model",
  "data-cache-dir": "",
  "privacy": "vanilla",
  "aggregation": "fedavg",
  "seed": 44,
  "num-server-rounds": 20,
  "num-clients": 3,
  "fraction-evaluate": 1.0,
  "local-epochs": 5,
  "learning-rate": 0.001,
  "batch-size": 32,
  "initialization-batch-size": 32,
  "initialization-epochs": 20,
  "initialization-learning-rate": 0.001,
  "max-client-samples": 0,
  "max-test-samples": 0,
  "noise-multiplier": 0.01,
  "clipping-norm": 5.0,
  "output-dir": "/content/metricdp-pytorch/results/planned_runs/cifar/full/out-replace/clients-3/seed-44/vanilla/runs",
  "run-name": "cifar-full-out-replace__non-iid__vanilla__fedavg__clients-3__seed-44__nm0p01__clip5__rounds-20__epochs-5__cifar_chunks__cifar10_cnn",
  "checkpoint-rounds": [
    1,
    2,
    3,
    4,
    5,
    6,
    7,
    8,
    9,
    10,
    11,
    12,
    13,
    14,
    15,
    16,
    17,
    18,
    19,
    20
  ]
}
2026-08-05 14:27:05.832579: I tensorflow/core/util/port.cc:153] oneDNN custom operations are on. You may see slightly different numerical results due to floating-point round-off errors from different computation orders. To turn them off, set the environment variable `TF_ENABLE_ONEDNN_OPTS=0`.
2026-08-05 14:27:05.901397: I tensorflow/core/platform/cpu_feature_guard.cc:210] This TensorFlow binary is optimized to use available CPU instructions in performance-critical operations.
To enable the following instructions: AVX2 AVX512F AVX512_VNNI FMA, in other operations, rebuild TensorFlow with the appropriate compiler flags.
[93mWARNING [0m:   DEPRECATED FEATURE: The `run_simulation` function is deprecated and will be removed in a future version of Flower. Please use `flwr run` in the CLI instead to run your simulation. Refer to the Flower Tutorials for more details: https://flower.ai/docs/framework/tutorial-quickstart-pytorch.html

            This is a deprecated feature. It will be removed
            entirely in future versions of Flower.
        
Warning: You are sending unauthenticated requests to the HF Hub. Please set a HF_TOKEN to enable higher rate limits and faster downloads.
Generating train split:   0%|          | 0/50000 [00:00<?, ? examples/s]Generating train split:  28%|██▊       | 14200/50000 [00:00<00:00, 110736.79 examples/s]Generating train split:  85%|████████▌ | 42600/50000 [00:00<00:00, 179276.97 examples/s]Generating train split: 100%|██████████| 50000/50000 [00:00<00:00, 176035.99 examples/s]
Generating test split:   0%|          | 0/10000 [00:00<?, ? examples/s]Generating test split: 100%|██████████| 10000/10000 [00:00<00:00, 193474.92 examples/s]
Filtering CIFAR-10 to four classes:   0%|          | 0/50000 [00:00<?, ? examples/s]Filtering CIFAR-10 to four classes: 100%|██████████| 50000/50000 [00:00<00:00, 731890.60 examples/s]
Filtering CIFAR-10 to four classes:   0%|          | 0/10000 [00:00<?, ? examples/s]Filtering CIFAR-10 to four classes: 100%|██████████| 10000/10000 [00:00<00:00, 653420.16 examples/s]
[92mINFO [0m:      Starting DeterministicFedAvg strategy:
[92mINFO [0m:      	├── Number of rounds: 20
[92mINFO [0m:      	├── ArrayRecord (0.87 MB)
[92mINFO [0m:      	├── ConfigRecord (train): {'lr': 0.001}
[92mINFO [0m:      	├── ConfigRecord (evaluate): (empty!)
[92mINFO [0m:      	├──> Sampling:
[92mINFO [0m:      	│	├──Fraction: train (1.00) | evaluate ( 1.00)
[92mINFO [0m:      	│	├──Minimum nodes: train (3) | evaluate (3)
[92mINFO [0m:      	│	└──Minimum available nodes: 3
[92mINFO [0m:      	└──> Keys in records:
[92mINFO [0m:      		├── Weighted by: 'num-examples'
[92mINFO [0m:      		├── ArrayRecord key: 'arrays'
[92mINFO [0m:      		└── ConfigRecord key: 'config'
[92mINFO [0m:      
/usr/lib/python3.12/multiprocessing/popen_fork.py:66: DeprecationWarning: This process (pid=2672) is multi-threaded, use of fork() may lead to deadlocks in the child.
  self.pid = os.fork()
[92mINFO [0m:      Initial global evaluation results: {'loss': 1.3892939643859863, 'accuracy': 0.25, 'f1': 0.1, 'precision': 0.0625, 'auc': 0.48708850000000004}
[92mINFO [0m:      
[92mINFO [0m:      [ROUND 1/20]
[92mINFO [0m:      configure_train: Sampled 3 nodes (out of 3)
/usr/local/lib/python3.12/dist-packages/ray/_private/worker.py:2051: FutureWarning: Tip: In future versions of Ray, Ray will no longer override accelerator visible devices env var if num_gpus=0 or num_gpus=None (default). To enable this behavior and turn off this error message, set RAY_ACCEL_ENV_VAR_OVERRIDE_ON_ZERO=0
  warnings.warn(
[36m(ClientAppActor pid=3271)[0m Warning: You are sending unauthenticated requests to the HF Hub. Please set a HF_TOKEN to enable higher rate limits and faster downloads.
[36m(ClientAppActor pid=3271)[0m /usr/lib/python3.12/multiprocessing/popen_fork.py:66: DeprecationWarning: This process (pid=3271) is multi-threaded, use of fork() may lead to deadlocks in the child.
[36m(ClientAppActor pid=3271)[0m   self.pid = os.fork()
[92mINFO [0m:      aggregate_train: Received 3 results and 0 failures
[92mINFO [0m:      	└──> Aggregated MetricRecord: {'train_loss': 0.7450468695908785, 'train_loss_mean': 0.9082635061889887, 'client-ids': [0, 1, 2], 'per-client-num-examples': [1600, 4800, 6400], 'per-client-train_loss': [0.9565417838096618, 0.7460841115315755, 0.6913952095806599], 'per-client-train_loss_mean': [1.1178491752147672, 0.9175692636171977, 0.8488877708613872]}
[92mINFO [0m:      configure_evaluate: Sampled 3 nodes (out of 3)
[92mINFO [0m:      aggregate_evaluate: Received 3 results and 0 failures
[92mINFO [0m:      	└──> Aggregated MetricRecord: {'eval_loss': 1.1247730761766435, 'eval_acc': 0.6153124999999999, 'client-ids': [0, 1, 2], 'per-client-eval_acc': [0.5775, 0.6208333333333333, 0.620625], 'per-client-eval_loss': [1.1311900615692139, 1.1227476580937703, 1.1246878933906554], 'per-client-num-examples': [400, 1200, 1600]}
[92mINFO [0m:      Global evaluation
[92mINFO [0m:      	└──> MetricRecord: {'loss': 1.1108603925704956, 'accuracy': 0.6315, 'f1': 0.6322360606069759, 'precision': 0.6801591576662711, 'auc': 0.8539647499999999}
[92mINFO [0m:      
[92mINFO [0m:      [ROUND 2/20]
[92mINFO [0m:      configure_train: Sampled 3 nodes (out of 3)
[36m(ClientAppActor pid=3272)[0m Warning: You are sending unauthenticated requests to the HF Hub. Please set a HF_TOKEN to enable higher rate limits and faster downloads.[32m [repeated 2x across cluster] (Ray deduplicates logs by default. Set RAY_DEDUP_LOGS=0 to disable log deduplication, or see https://docs.ray.io/en/master/ray-observability/user-guides/configure-logging.html#log-deduplication for more options.)[0m
[36m(ClientAppActor pid=3271)[0m /usr/lib/python3.12/multiprocessing/popen_fork.py:66: DeprecationWarning: This process (pid=3271) is multi-threaded, use of fork() may lead to deadlocks in the child.[32m [repeated 3x across cluster][0m
[36m(ClientAppActor pid=3271)[0m   self.pid = os.fork()[32m [repeated 3x across cluster][0m
[92mINFO [0m:      aggregate_train: Received 3 results and 0 failures
[92mINFO [0m:      	└──> Aggregated MetricRecord: {'train_loss': 0.5447867556661368, 'train_loss_mean': 0.6370756035670639, 'client-ids': [0, 1, 2], 'per-client-num-examples': [1600, 4800, 6400], 'per-client-train_loss': [0.5949158251285553, 0.5581276919444402, 0.5222487860918045], 'per-client-train_loss_mean': [0.6949277415275574, 0.6461899624665579, 0.6157767999023199]}
[92mINFO [0m:      configure_evaluate: Sampled 3 nodes (out of 3)
[92mINFO [0m:      aggregate_evaluate: Received 3 results and 0 failures
[92mINFO [0m:      	└──> Aggregated MetricRecord: {'eval_loss': 0.5813016250729561, 'eval_acc': 0.77875, 'client-ids': [0, 1, 2], 'per-client-eval_acc': [0.78, 0.7841666666666667, 0.774375], 'per-client-eval_loss': [0.549765272140503, 0.5676915001869202, 0.5993933069705963], 'per-client-num-examples': [400, 1200, 1600]}
[92mINFO [0m:      Global evaluation
[92mINFO [0m:      	└──> MetricRecord: {'loss': 0.5511055223941803, 'accuracy': 0.79, 'f1': 0.7898905525724319, 'precision': 0.789972822748084, 'auc': 0.94672675}
[92mINFO [0m:      
[92mINFO [0m:      [ROUND 3/20]
[92mINFO [0m:      configure_train: Sampled 3 nodes (out of 3)
[36m(ClientAppActor pid=3271)[0m /usr/lib/python3.12/multiprocessing/popen_fork.py:66: DeprecationWarning: This process (pid=3271) is multi-threaded, use of fork() may lead to deadlocks in the child.[32m [repeated 3x across cluster][0m
[36m(ClientAppActor pid=3271)[0m   self.pid = os.fork()[32m [repeated 3x across cluster][0m
[92mINFO [0m:      aggregate_train: Received 3 results and 0 failures
[92mINFO [0m:      	└──> Aggregated MetricRecord: {'train_loss': 0.36848642375320195, 'train_loss_mean': 0.4678772309757768, 'client-ids': [0, 1, 2], 'per-client-num-examples': [1600, 4800, 6400], 'per-client-train_loss': [0.3979612481594086, 0.38093171894550326, 0.35178374625742437], 'per-client-train_loss_mean': [0.5003297034800053, 0.4803061728080113, 0.45044240647554395]}
[92mINFO [0m:      configure_evaluate: Sampled 3 nodes (out of 3)
[92mINFO [0m:      aggregate_evaluate: Received 3 results and 0 failures
[92mINFO [0m:      	└──> Aggregated MetricRecord: {'eval_loss': 0.5509755051136017, 'eval_acc': 0.806875, 'client-ids': [0, 1, 2], 'per-client-eval_acc': [0.8025, 0.8075, 0.8075], 'per-client-eval_loss': [0.49518407583236695, 0.5439383912086487, 0.5702011978626251], 'per-client-num-examples': [400, 1200, 1600]}
[92mINFO [0m:      Global evaluation
[92mINFO [0m:      	└──> MetricRecord: {'loss': 0.5521382249593735, 'accuracy': 0.7965, 'f1': 0.7965648546508741, 'precision': 0.7990793565529496, 'auc': 0.950923}
[92mINFO [0m:      
[92mINFO [0m:      [ROUND 4/20]
[92mINFO [0m:      configure_train: Sampled 3 nodes (out of 3)
[36m(ClientAppActor pid=3271)[0m /usr/lib/python3.12/multiprocessing/popen_fork.py:66: DeprecationWarning: This process (pid=3271) is multi-threaded, use of fork() may lead to deadlocks in the child.[32m [repeated 3x across cluster][0m
[36m(ClientAppActor pid=3271)[0m   self.pid = os.fork()[32m [repeated 3x across cluster][0m
[92mINFO [0m:      aggregate_train: Received 3 results and 0 failures
[92mINFO [0m:      	└──> Aggregated MetricRecord: {'train_loss': 0.22532053221017123, 'train_loss_mean': 0.32939224850386384, 'client-ids': [0, 1, 2], 'per-client-num-examples': [1600, 4800, 6400], 'per-client-train_loss': [0.24080441206693648, 0.238568478996555, 0.21151360215619205], 'per-client-train_loss_mean': [0.395596932053566, 0.3473176232924064, 0.29939704652503135]}
[92mINFO [0m:      configure_evaluate: Sampled 3 nodes (out of 3)
[92mINFO [0m:      aggregate_evaluate: Received 3 results and 0 failures
[92mINFO [0m:      	└──> Aggregated MetricRecord: {'eval_loss': 0.6144117058813572, 'eval_acc': 0.7990625, 'client-ids': [0, 1, 2], 'per-client-eval_acc': [0.7975, 0.8025, 0.796875], 'per-client-eval_loss': [0.5396317625045777, 0.595009891986847, 0.6476580521464348], 'per-client-num-examples': [400, 1200, 1600]}
[92mINFO [0m:      Global evaluation
[92mINFO [0m:      	└──> MetricRecord: {'loss': 0.595152051448822, 'accuracy': 0.81, 'f1': 0.8080687669550205, 'precision': 0.8084810546313088, 'auc': 0.9528202916666666}
[92mINFO [0m:      
[92mINFO [0m:      [ROUND 5/20]
[92mINFO [0m:      configure_train: Sampled 3 nodes (out of 3)
[36m(ClientAppActor pid=3271)[0m /usr/lib/python3.12/multiprocessing/popen_fork.py:66: DeprecationWarning: This process (pid=3271) is multi-threaded, use of fork() may lead to deadlocks in the child.[32m [repeated 3x across cluster][0m
[36m(ClientAppActor pid=3271)[0m   self.pid = os.fork()[32m [repeated 3x across cluster][0m
[92mINFO [0m:      aggregate_train: Received 3 results and 0 failures
[92mINFO [0m:      	└──> Aggregated MetricRecord: {'train_loss': 0.13826595581835138, 'train_loss_mean': 0.22432004076242446, 'client-ids': [0, 1, 2], 'per-client-num-examples': [1600, 4800, 6400], 'per-client-train_loss': [0.15097539253532888, 0.1496032179767887, 0.126585650020279], 'per-client-train_loss_mean': [0.3038213685452938, 0.24177623188247283, 0.19135256547667084]}
[92mINFO [0m:      configure_evaluate: Sampled 3 nodes (out of 3)
[92mINFO [0m:      aggregate_evaluate: Received 3 results and 0 failures
[92mINFO [0m:      	└──> Aggregated MetricRecord: {'eval_loss': 0.6536473090946675, 'eval_acc': 0.81, 'client-ids': [0, 1, 2], 'per-client-eval_acc': [0.8175, 0.8133333333333334, 0.805625], 'per-client-eval_loss': [0.5830125856399536, 0.648397376537323, 0.6752434393763542], 'per-client-num-examples': [400, 1200, 1600]}
[92mINFO [0m:      Global evaluation
[92mINFO [0m:      	└──> MetricRecord: {'loss': 0.6458947191238403, 'accuracy': 0.811, 'f1': 0.8108961654921167, 'precision': 0.8113135317752322, 'auc': 0.954773375}
[92mINFO [0m:      
[92mINFO [0m:      [ROUND 6/20]
[92mINFO [0m:      configure_train: Sampled 3 nodes (out of 3)
[36m(ClientAppActor pid=3271)[0m /usr/lib/python3.12/multiprocessing/popen_fork.py:66: DeprecationWarning: This process (pid=3271) is multi-threaded, use of fork() may lead to deadlocks in the child.[32m [repeated 3x across cluster][0m
[36m(ClientAppActor pid=3271)[0m   self.pid = os.fork()[32m [repeated 3x across cluster][0m
[92mINFO [0m:      aggregate_train: Received 3 results and 0 failures
[92mINFO [0m:      	└──> Aggregated MetricRecord: {'train_loss': 0.08387261530151591, 'train_loss_mean': 0.16001737361750565, 'client-ids': [0, 1, 2], 'per-client-num-examples': [1600, 4800, 6400], 'per-client-train_loss': [0.0902283526957035, 0.0843314086770018, 0.08193958592135459], 'per-client-train_loss_mean': [0.26542001774907115, 0.17109262445631127, 0.12536027445551007]}
[92mINFO [0m:      configure_evaluate: Sampled 3 nodes (out of 3)
[92mINFO [0m:      aggregate_evaluate: Received 3 results and 0 failures
[92mINFO [0m:      	└──> Aggregated MetricRecord: {'eval_loss': 0.8313882328569888, 'eval_acc': 0.806875, 'client-ids': [0, 1, 2], 'per-client-eval_acc': [0.815, 0.8133333333333334, 0.8], 'per-client-eval_loss': [0.7679470181465149, 0.8034336706002553, 0.8682144582271576], 'per-client-num-examples': [400, 1200, 1600]}
[92mINFO [0m:      Global evaluation
[92mINFO [0m:      	└──> MetricRecord: {'loss': 0.8436788687705994, 'accuracy': 0.7945, 'f1': 0.793662236551123, 'precision': 0.794522568756631, 'auc': 0.9503302916666665}
[92mINFO [0m:      
[92mINFO [0m:      [ROUND 7/20]
[92mINFO [0m:      configure_train: Sampled 3 nodes (out of 3)
[36m(ClientAppActor pid=3271)[0m /usr/lib/python3.12/multiprocessing/popen_fork.py:66: DeprecationWarning: This process (pid=3271) is multi-threaded, use of fork() may lead to deadlocks in the child.[32m [repeated 3x across cluster][0m
[36m(ClientAppActor pid=3271)[0m   self.pid = os.fork()[32m [repeated 3x across cluster][0m
[92mINFO [0m:      aggregate_train: Received 3 results and 0 failures
[92mINFO [0m:      	└──> Aggregated MetricRecord: {'train_loss': 0.07417198657785776, 'train_loss_mean': 0.12397163949062814, 'client-ids': [0, 1, 2], 'per-client-num-examples': [1600, 4800, 6400], 'per-client-train_loss': [0.07716282341629267, 0.0980144489215066, 0.05554243061051238], 'per-client-train_loss_mean': [0.2319922484010458, 0.13144852971223492, 0.09135881959681866]}
[92mINFO [0m:      configure_evaluate: Sampled 3 nodes (out of 3)
[92mINFO [0m:      aggregate_evaluate: Received 3 results and 0 failures
[92mINFO [0m:      	└──> Aggregated MetricRecord: {'eval_loss': 0.8702450013160705, 'eval_acc': 0.8028124999999999, 'client-ids': [0, 1, 2], 'per-client-eval_acc': [0.7975, 0.8058333333333333, 0.801875], 'per-client-eval_loss': [0.8073085629940033, 0.8590012673536936, 0.8944119113683701], 'per-client-num-examples': [400, 1200, 1600]}
[92mINFO [0m:      Global evaluation
[92mINFO [0m:      	└──> MetricRecord: {'loss': 0.8841704843044281, 'accuracy': 0.8045, 'f1': 0.8049082817872298, 'precision': 0.8078295434784118, 'auc': 0.9514712916666666}
[92mINFO [0m:      
[92mINFO [0m:      [ROUND 8/20]
[92mINFO [0m:      configure_train: Sampled 3 nodes (out of 3)
[36m(ClientAppActor pid=3271)[0m /usr/lib/python3.12/multiprocessing/popen_fork.py:66: DeprecationWarning: This process (pid=3271) is multi-threaded, use of fork() may lead to deadlocks in the child.[32m [repeated 3x across cluster][0m
[36m(ClientAppActor pid=3271)[0m   self.pid = os.fork()[32m [repeated 3x across cluster][0m
[92mINFO [0m:      aggregate_train: Received 3 results and 0 failures
[92mINFO [0m:      	└──> Aggregated MetricRecord: {'train_loss': 0.06499728782859165, 'train_loss_mean': 0.10686150203528814, 'client-ids': [0, 1, 2], 'per-client-num-examples': [1600, 4800, 6400], 'per-client-train_loss': [0.06538168136030435, 0.0855101827532053, 0.04951651825220324], 'per-client-train_loss_mean': [0.23059172717481852, 0.1109849844208608, 0.07283633396122605]}
[92mINFO [0m:      configure_evaluate: Sampled 3 nodes (out of 3)
[92mINFO [0m:      aggregate_evaluate: Received 3 results and 0 failures
[92mINFO [0m:      	└──> Aggregated MetricRecord: {'eval_loss': 0.9180782179534436, 'eval_acc': 0.8103125, 'client-ids': [0, 1, 2], 'per-client-eval_acc': [0.8175, 0.8183333333333334, 0.8025], 'per-client-eval_loss': [0.8123406291007995, 0.8950776060422262, 0.9617630741000176], 'per-client-num-examples': [400, 1200, 1600]}
[92mINFO [0m:      Global evaluation
[92mINFO [0m:      	└──> MetricRecord: {'loss': 0.9192838962078095, 'accuracy': 0.8115, 'f1': 0.8105186400388976, 'precision': 0.8107084303068031, 'auc': 0.9525306666666666}
[92mINFO [0m:      
[92mINFO [0m:      [ROUND 9/20]
[92mINFO [0m:      configure_train: Sampled 3 nodes (out of 3)
[36m(ClientAppActor pid=3271)[0m /usr/lib/python3.12/multiprocessing/popen_fork.py:66: DeprecationWarning: This process (pid=3271) is multi-threaded, use of fork() may lead to deadlocks in the child.[32m [repeated 3x across cluster][0m
[36m(ClientAppActor pid=3271)[0m   self.pid = os.fork()[32m [repeated 3x across cluster][0m
[92mINFO [0m:      aggregate_train: Received 3 results and 0 failures
[92mINFO [0m:      	└──> Aggregated MetricRecord: {'train_loss': 0.054421301406837305, 'train_loss_mean': 0.08954585888548172, 'client-ids': [0, 1, 2], 'per-client-num-examples': [1600, 4800, 6400], 'per-client-train_loss': [0.04912028492428362, 0.06352778950395684, 0.04891668945463607], 'per-client-train_loss_mean': [0.21412878848053513, 0.08731414902086058, 0.06007390888518421]}
[92mINFO [0m:      configure_evaluate: Sampled 3 nodes (out of 3)
[92mINFO [0m:      aggregate_evaluate: Received 3 results and 0 failures
[92mINFO [0m:      	└──> Aggregated MetricRecord: {'eval_loss': 0.9364556670188904, 'eval_acc': 0.8053125, 'client-ids': [0, 1, 2], 'per-client-eval_acc': [0.795, 0.8133333333333334, 0.801875], 'per-client-eval_loss': [0.8984226036071777, 0.9164830215771993, 0.9609434169530868], 'per-client-num-examples': [400, 1200, 1600]}
[92mINFO [0m:      Global evaluation
[92mINFO [0m:      	└──> MetricRecord: {'loss': 0.9707203047275543, 'accuracy': 0.8095, 'f1': 0.8107449736641474, 'precision': 0.8126517453958035, 'auc': 0.9494048749999999}
[92mINFO [0m:      
[92mINFO [0m:      [ROUND 10/20]
[92mINFO [0m:      configure_train: Sampled 3 nodes (out of 3)
[36m(ClientAppActor pid=3271)[0m /usr/lib/python3.12/multiprocessing/popen_fork.py:66: DeprecationWarning: This process (pid=3271) is multi-threaded, use of fork() may lead to deadlocks in the child.[32m [repeated 3x across cluster][0m
[36m(ClientAppActor pid=3271)[0m   self.pid = os.fork()[32m [repeated 3x across cluster][0m
[92mINFO [0m:      aggregate_train: Received 3 results and 0 failures
[92mINFO [0m:      	└──> Aggregated MetricRecord: {'train_loss': 0.06597809823288117, 'train_loss_mean': 0.0822612769260013, 'client-ids': [0, 1, 2], 'per-client-num-examples': [1600, 4800, 6400], 'per-client-train_loss': [0.029960974352434278, 0.07432555148998897, 0.06872178926016204], 'per-client-train_loss_mean': [0.18065983172692357, 0.08070419886925569, 0.05882944676832994]}
[92mINFO [0m:      configure_evaluate: Sampled 3 nodes (out of 3)
[92mINFO [0m:      aggregate_evaluate: Received 3 results and 0 failures
[92mINFO [0m:      	└──> Aggregated MetricRecord: {'eval_loss': 0.932653648480773, 'eval_acc': 0.808125, 'client-ids': [0, 1, 2], 'per-client-eval_acc': [0.8075, 0.8208333333333333, 0.79875], 'per-client-eval_loss': [0.8982763981819153, 0.9243556181589763, 0.947471483796835], 'per-client-num-examples': [400, 1200, 1600]}
[92mINFO [0m:      Global evaluation
[92mINFO [0m:      	└──> MetricRecord: {'loss': 0.9916777637004852, 'accuracy': 0.806, 'f1': 0.8055950843414743, 'precision': 0.8059948681485767, 'auc': 0.9477054999999999}
[92mINFO [0m:      
[92mINFO [0m:      [ROUND 11/20]
[92mINFO [0m:      configure_train: Sampled 3 nodes (out of 3)
[36m(ClientAppActor pid=3271)[0m /usr/lib/python3.12/multiprocessing/popen_fork.py:66: DeprecationWarning: This process (pid=3271) is multi-threaded, use of fork() may lead to deadlocks in the child.[32m [repeated 3x across cluster][0m
[36m(ClientAppActor pid=3271)[0m   self.pid = os.fork()[32m [repeated 3x across cluster][0m
[92mINFO [0m:      aggregate_train: Received 3 results and 0 failures
[92mINFO [0m:      	└──> Aggregated MetricRecord: {'train_loss': 0.03923449346359121, 'train_loss_mean': 0.07136142954518436, 'client-ids': [0, 1, 2], 'per-client-num-examples': [1600, 4800, 6400], 'per-client-train_loss': [0.04103447725065053, 0.04470817862000937, 0.03467923364951275], 'per-client-train_loss_mean': [0.15906187637709082, 0.07172290601612379, 0.04916521048400318]}
[92mINFO [0m:      configure_evaluate: Sampled 3 nodes (out of 3)
[92mINFO [0m:      aggregate_evaluate: Received 3 results and 0 failures
[92mINFO [0m:      	└──> Aggregated MetricRecord: {'eval_loss': 1.079679878279567, 'eval_acc': 0.8059375, 'client-ids': [0, 1, 2], 'per-client-eval_acc': [0.8025, 0.8091666666666667, 0.804375], 'per-client-eval_loss': [1.0563533806800842, 1.063117171128591, 1.0979335330426694], 'per-client-num-examples': [400, 1200, 1600]}
[92mINFO [0m:      Global evaluation
[92mINFO [0m:      	└──> MetricRecord: {'loss': 1.1106525785923005, 'accuracy': 0.803, 'f1': 0.8023755239019235, 'precision': 0.8022511068534564, 'auc': 0.9490112500000001}
[92mINFO [0m:      
[92mINFO [0m:      [ROUND 12/20]
[92mINFO [0m:      configure_train: Sampled 3 nodes (out of 3)
[36m(ClientAppActor pid=3272)[0m /usr/lib/python3.12/multiprocessing/popen_fork.py:66: DeprecationWarning: This process (pid=3272) is multi-threaded, use of fork() may lead to deadlocks in the child.[32m [repeated 3x across cluster][0m
[36m(ClientAppActor pid=3272)[0m   self.pid = os.fork()[32m [repeated 3x across cluster][0m
[92mINFO [0m:      aggregate_train: Received 3 results and 0 failures
[92mINFO [0m:      	└──> Aggregated MetricRecord: {'train_loss': 0.050802946168187195, 'train_loss_mean': 0.0692978277435177, 'client-ids': [0, 1, 2], 'per-client-num-examples': [1600, 4800, 6400], 'per-client-train_loss': [0.03869225311558694, 0.06474682672337319, 0.04337270901494776], 'per-client-train_loss_mean': [0.17594394573383032, 0.06544948063682143, 0.04552255857596174]}
[92mINFO [0m:      configure_evaluate: Sampled 3 nodes (out of 3)
[92mINFO [0m:      aggregate_evaluate: Received 3 results and 0 failures
[92mINFO [0m:      	└──> Aggregated MetricRecord: {'eval_loss': 0.988758005797863, 'eval_acc': 0.7978125, 'client-ids': [0, 1, 2], 'per-client-eval_acc': [0.8, 0.8083333333333333, 0.789375], 'per-client-eval_loss': [0.9056210017204285, 0.9342874360084533, 1.050395184159279], 'per-client-num-examples': [400, 1200, 1600]}
[92mINFO [0m:      Global evaluation
[92mINFO [0m:      	└──> MetricRecord: {'loss': 1.1251970324516296, 'accuracy': 0.7915, 'f1': 0.7905295701846002, 'precision': 0.7898954793311292, 'auc': 0.9420893333333333}
[92mINFO [0m:      
[92mINFO [0m:      [ROUND 13/20]
[92mINFO [0m:      configure_train: Sampled 3 nodes (out of 3)
[36m(ClientAppActor pid=3271)[0m /usr/lib/python3.12/multiprocessing/popen_fork.py:66: DeprecationWarning: This process (pid=3271) is multi-threaded, use of fork() may lead to deadlocks in the child.[32m [repeated 3x across cluster][0m
[36m(ClientAppActor pid=3271)[0m   self.pid = os.fork()[32m [repeated 3x across cluster][0m
[92mINFO [0m:      aggregate_train: Received 3 results and 0 failures
[92mINFO [0m:      	└──> Aggregated MetricRecord: {'train_loss': 0.05094417651853292, 'train_loss_mean': 0.06145649781823704, 'client-ids': [0, 1, 2], 'per-client-num-examples': [1600, 4800, 6400], 'per-client-train_loss': [0.043830293230712414, 0.06252447026471297, 0.044037427030853], 'per-client-train_loss_mean': [0.16423608437739312, 0.05473093289532699, 0.04080577487063056]}
[92mINFO [0m:      configure_evaluate: Sampled 3 nodes (out of 3)
[92mINFO [0m:      aggregate_evaluate: Received 3 results and 0 failures
[92mINFO [0m:      	└──> Aggregated MetricRecord: {'eval_loss': 1.0321104745566845, 'eval_acc': 0.801875, 'client-ids': [0, 1, 2], 'per-client-eval_acc': [0.805, 0.8083333333333333, 0.79625], 'per-client-eval_loss': [0.9571477019786835, 0.998584725856781, 1.0759954792261124], 'per-client-num-examples': [400, 1200, 1600]}
[92mINFO [0m:      Global evaluation
[92mINFO [0m:      	└──> MetricRecord: {'loss': 1.1459992713928222, 'accuracy': 0.8095, 'f1': 0.8090636066163269, 'precision': 0.8101068588591952, 'auc': 0.9441441666666666}
[92mINFO [0m:      
[92mINFO [0m:      [ROUND 14/20]
[92mINFO [0m:      configure_train: Sampled 3 nodes (out of 3)
[36m(ClientAppActor pid=3271)[0m /usr/lib/python3.12/multiprocessing/popen_fork.py:66: DeprecationWarning: This process (pid=3271) is multi-threaded, use of fork() may lead to deadlocks in the child.[32m [repeated 3x across cluster][0m
[36m(ClientAppActor pid=3271)[0m   self.pid = os.fork()[32m [repeated 3x across cluster][0m
[92mINFO [0m:      aggregate_train: Received 3 results and 0 failures
[92mINFO [0m:      	└──> Aggregated MetricRecord: {'train_loss': 0.026115017500214888, 'train_loss_mean': 0.05649671428541114, 'client-ids': [0, 1, 2], 'per-client-num-examples': [1600, 4800, 6400], 'per-client-train_loss': [0.01991195579059422, 0.029809778702522938, 0.02489471202588902], 'per-client-train_loss_mean': [0.15502988385315983, 0.0483081367033301, 0.03800485508003476]}
[92mINFO [0m:      configure_evaluate: Sampled 3 nodes (out of 3)
[92mINFO [0m:      aggregate_evaluate: Received 3 results and 0 failures
[92mINFO [0m:      	└──> Aggregated MetricRecord: {'eval_loss': 1.1879850846529005, 'eval_acc': 0.8053125, 'client-ids': [0, 1, 2], 'per-client-eval_acc': [0.7925, 0.8116666666666666, 0.80375], 'per-client-eval_loss': [1.2177566289901733, 1.0942191259066263, 1.2508666676282882], 'per-client-num-examples': [400, 1200, 1600]}
[92mINFO [0m:      Global evaluation
[92mINFO [0m:      	└──> MetricRecord: {'loss': 1.3225960314273835, 'accuracy': 0.801, 'f1': 0.801317480642022, 'precision': 0.8019829144162859, 'auc': 0.94666775}
[92mINFO [0m:      
[92mINFO [0m:      [ROUND 15/20]
[92mINFO [0m:      configure_train: Sampled 3 nodes (out of 3)
[36m(ClientAppActor pid=3271)[0m /usr/lib/python3.12/multiprocessing/popen_fork.py:66: DeprecationWarning: This process (pid=3271) is multi-threaded, use of fork() may lead to deadlocks in the child.[32m [repeated 3x across cluster][0m
[36m(ClientAppActor pid=3271)[0m   self.pid = os.fork()[32m [repeated 3x across cluster][0m
[92mINFO [0m:      aggregate_train: Received 3 results and 0 failures
[92mINFO [0m:      	└──> Aggregated MetricRecord: {'train_loss': 0.03779751549278444, 'train_loss_mean': 0.05401621602125669, 'client-ids': [0, 1, 2], 'per-client-num-examples': [1600, 4800, 6400], 'per-client-train_loss': [0.027881928756833076, 0.03278811053198297, 0.04403346589737339], 'per-client-train_loss_mean': [0.15026795456465333, 0.044139269994358375, 0.03736099090558127]}
[92mINFO [0m:      configure_evaluate: Sampled 3 nodes (out of 3)
[92mINFO [0m:      aggregate_evaluate: Received 3 results and 0 failures
[92mINFO [0m:      	└──> Aggregated MetricRecord: {'eval_loss': 1.116027163863182, 'eval_acc': 0.7959375, 'client-ids': [0, 1, 2], 'per-client-eval_acc': [0.7975, 0.8125, 0.783125], 'per-client-eval_loss': [1.086844928264618, 1.0468107096354167, 1.1752350634336473], 'per-client-num-examples': [400, 1200, 1600]}
[92mINFO [0m:      Global evaluation
[92mINFO [0m:      	└──> MetricRecord: {'loss': 1.2106068844795228, 'accuracy': 0.7975, 'f1': 0.7964387368797791, 'precision': 0.7974950862019035, 'auc': 0.94600525}
[92mINFO [0m:      
[92mINFO [0m:      [ROUND 16/20]
[92mINFO [0m:      configure_train: Sampled 3 nodes (out of 3)
[36m(ClientAppActor pid=3271)[0m /usr/lib/python3.12/multiprocessing/popen_fork.py:66: DeprecationWarning: This process (pid=3271) is multi-threaded, use of fork() may lead to deadlocks in the child.[32m [repeated 3x across cluster][0m
[36m(ClientAppActor pid=3271)[0m   self.pid = os.fork()[32m [repeated 3x across cluster][0m
[92mINFO [0m:      aggregate_train: Received 3 results and 0 failures
[92mINFO [0m:      	└──> Aggregated MetricRecord: {'train_loss': 0.031243246890117007, 'train_loss_mean': 0.053498123968740395, 'client-ids': [0, 1, 2], 'per-client-num-examples': [1600, 4800, 6400], 'per-client-train_loss': [0.03671282581984997, 0.021621106040062538, 0.03709245779522462], 'per-client-train_loss_mean': [0.1421315593458712, 0.04310053611234373, 0.039137956016755196]}
[92mINFO [0m:      configure_evaluate: Sampled 3 nodes (out of 3)
[92mINFO [0m:      aggregate_evaluate: Received 3 results and 0 failures
[92mINFO [0m:      	└──> Aggregated MetricRecord: {'eval_loss': 1.180718586742878, 'eval_acc': 0.8059375, 'client-ids': [0, 1, 2], 'per-client-eval_acc': [0.7975, 0.81, 0.805], 'per-client-eval_loss': [1.1440759658813477, 1.077649118900299, 1.2671813428401948], 'per-client-num-examples': [400, 1200, 1600]}
[92mINFO [0m:      Global evaluation
[92mINFO [0m:      	└──> MetricRecord: {'loss': 1.2764517335891723, 'accuracy': 0.806, 'f1': 0.8062651882454815, 'precision': 0.8066658082177461, 'auc': 0.9474612916666666}
[92mINFO [0m:      
[92mINFO [0m:      [ROUND 17/20]
[92mINFO [0m:      configure_train: Sampled 3 nodes (out of 3)
[36m(ClientAppActor pid=3271)[0m /usr/lib/python3.12/multiprocessing/popen_fork.py:66: DeprecationWarning: This process (pid=3271) is multi-threaded, use of fork() may lead to deadlocks in the child.[32m [repeated 3x across cluster][0m
[36m(ClientAppActor pid=3271)[0m   self.pid = os.fork()[32m [repeated 3x across cluster][0m
[92mINFO [0m:      aggregate_train: Received 3 results and 0 failures
[92mINFO [0m:      	└──> Aggregated MetricRecord: {'train_loss': 0.03340835217985614, 'train_loss_mean': 0.050184734977096475, 'client-ids': [0, 1, 2], 'per-client-num-examples': [1600, 4800, 6400], 'per-client-train_loss': [0.015121159865520895, 0.030680272559402512, 0.04002620997378017], 'per-client-train_loss_mean': [0.1264680404914543, 0.04616821412846912, 0.03412629923497752]}
[92mINFO [0m:      configure_evaluate: Sampled 3 nodes (out of 3)
[92mINFO [0m:      aggregate_evaluate: Received 3 results and 0 failures
[92mINFO [0m:      	└──> Aggregated MetricRecord: {'eval_loss': 1.159182507097721, 'eval_acc': 0.800625, 'client-ids': [0, 1, 2], 'per-client-eval_acc': [0.81, 0.8116666666666666, 0.79], 'per-client-eval_loss': [1.1859369993209838, 1.0719966292381287, 1.2178832924365997], 'per-client-num-examples': [400, 1200, 1600]}
[92mINFO [0m:      Global evaluation
[92mINFO [0m:      	└──> MetricRecord: {'loss': 1.2262627449035644, 'accuracy': 0.794, 'f1': 0.7934523265202695, 'precision': 0.794908868323215, 'auc': 0.9473298333333334}
[92mINFO [0m:      
[92mINFO [0m:      [ROUND 18/20]
[92mINFO [0m:      configure_train: Sampled 3 nodes (out of 3)
[36m(ClientAppActor pid=3271)[0m /usr/lib/python3.12/multiprocessing/popen_fork.py:66: DeprecationWarning: This process (pid=3271) is multi-threaded, use of fork() may lead to deadlocks in the child.[32m [repeated 3x across cluster][0m
[36m(ClientAppActor pid=3271)[0m   self.pid = os.fork()[32m [repeated 3x across cluster][0m
[92mINFO [0m:      aggregate_train: Received 3 results and 0 failures
[92mINFO [0m:      	└──> Aggregated MetricRecord: {'train_loss': 0.032679385591436586, 'train_loss_mean': 0.047848923258373824, 'client-ids': [0, 1, 2], 'per-client-num-examples': [1600, 4800, 6400], 'per-client-train_loss': [0.03629813720472157, 0.04717622888817762, 0.02090206521555956], 'per-client-train_loss_mean': [0.13238370059989393, 0.04419830268666071, 0.029453194351778622]}
[92mINFO [0m:      configure_evaluate: Sampled 3 nodes (out of 3)
[92mINFO [0m:      aggregate_evaluate: Received 3 results and 0 failures
[92mINFO [0m:      	└──> Aggregated MetricRecord: {'eval_loss': 1.1581045165657997, 'eval_acc': 0.79375, 'client-ids': [0, 1, 2], 'per-client-eval_acc': [0.775, 0.8066666666666666, 0.78875], 'per-client-eval_loss': [1.2793298888206481, 1.0731608740488687, 1.1915059053897858], 'per-client-num-examples': [400, 1200, 1600]}
[92mINFO [0m:      Global evaluation
[92mINFO [0m:      	└──> MetricRecord: {'loss': 1.3031401052474976, 'accuracy': 0.792, 'f1': 0.7925586795444712, 'precision': 0.7965179919264479, 'auc': 0.9420290833333334}
[92mINFO [0m:      
[92mINFO [0m:      [ROUND 19/20]
[92mINFO [0m:      configure_train: Sampled 3 nodes (out of 3)
[36m(ClientAppActor pid=3271)[0m /usr/lib/python3.12/multiprocessing/popen_fork.py:66: DeprecationWarning: This process (pid=3271) is multi-threaded, use of fork() may lead to deadlocks in the child.[32m [repeated 3x across cluster][0m
[36m(ClientAppActor pid=3271)[0m   self.pid = os.fork()[32m [repeated 3x across cluster][0m
[92mINFO [0m:      aggregate_train: Received 3 results and 0 failures
[92mINFO [0m:      	└──> Aggregated MetricRecord: {'train_loss': 0.02846670256989455, 'train_loss_mean': 0.04406648272970415, 'client-ids': [0, 1, 2], 'per-client-num-examples': [1600, 4800, 6400], 'per-client-train_loss': [0.01781933927850332, 0.026634005704545417, 0.03250306604175421], 'per-client-train_loss_mean': [0.11788574587728362, 0.036006188448896866, 0.03165688765341475]}
[92mINFO [0m:      configure_evaluate: Sampled 3 nodes (out of 3)
[92mINFO [0m:      aggregate_evaluate: Received 3 results and 0 failures
[92mINFO [0m:      	└──> Aggregated MetricRecord: {'eval_loss': 1.2712294705212117, 'eval_acc': 0.801875, 'client-ids': [0, 1, 2], 'per-client-eval_acc': [0.7975, 0.8133333333333334, 0.794375], 'per-client-eval_loss': [1.221447628736496, 1.1784385538101196, 1.3532681185007096], 'per-client-num-examples': [400, 1200, 1600]}
[92mINFO [0m:      Global evaluation
[92mINFO [0m:      	└──> MetricRecord: {'loss': 1.3598795869350433, 'accuracy': 0.8135, 'f1': 0.8139105854772181, 'precision': 0.8147229663398833, 'auc': 0.9480874166666667}
[92mINFO [0m:      
[92mINFO [0m:      [ROUND 20/20]
[92mINFO [0m:      configure_train: Sampled 3 nodes (out of 3)
[36m(ClientAppActor pid=3271)[0m /usr/lib/python3.12/multiprocessing/popen_fork.py:66: DeprecationWarning: This process (pid=3271) is multi-threaded, use of fork() may lead to deadlocks in the child.[32m [repeated 3x across cluster][0m
[36m(ClientAppActor pid=3271)[0m   self.pid = os.fork()[32m [repeated 3x across cluster][0m
[92mINFO [0m:      aggregate_train: Received 3 results and 0 failures
[92mINFO [0m:      	└──> Aggregated MetricRecord: {'train_loss': 0.03651858319901749, 'train_loss_mean': 0.04390588149601081, 'client-ids': [0, 1, 2], 'per-client-num-examples': [1600, 4800, 6400], 'per-client-train_loss': [0.01748853121418506, 0.057319055851039594, 0.02567574170620901], 'per-client-train_loss_mean': [0.12603251072205604, 0.03787228622913729, 0.027899420639654636]}
[92mINFO [0m:      configure_evaluate: Sampled 3 nodes (out of 3)
[92mINFO [0m:      aggregate_evaluate: Received 3 results and 0 failures
[92mINFO [0m:      	└──> Aggregated MetricRecord: {'eval_loss': 1.1455339449644089, 'eval_acc': 0.805, 'client-ids': [0, 1, 2], 'per-client-eval_acc': [0.785, 0.8233333333333334, 0.79625], 'per-client-eval_loss': [1.13889705657959, 1.0378102556864421, 1.2279859340190888], 'per-client-num-examples': [400, 1200, 1600]}
[92mINFO [0m:      Global evaluation
[92mINFO [0m:      	└──> MetricRecord: {'loss': 1.2630726463794708, 'accuracy': 0.806, 'f1': 0.8057434632119684, 'precision': 0.80554098943898, 'auc': 0.9454574583333334}
[92mINFO [0m:      
[92mINFO [0m:      Strategy execution finished in 271.50s
[92mINFO [0m:      
[92mINFO [0m:      Final results:
[92mINFO [0m:      
[92mINFO [0m:      	Global Arrays:
[92mINFO [0m:      		ArrayRecord (0.866 MB)
[92mINFO [0m:      	
[92mINFO [0m:      	Aggregated ClientApp-side Train Metrics:
[92mINFO [0m:      	{ 1: { 'client-ids': "['0', '1', '2']",
[92mINFO [0m:      	       'per-client-num-examples': "['1600', '4800', '6400']",
[92mINFO [0m:      	       'per-client-train_loss': "['9.5654e-01', '7.4608e-01', '6.9140e-01']",
[92mINFO [0m:      	       'per-client-train_loss_mean': "['1.1178e+00', '9.1757e-01', "
[92mINFO [0m:      	                                     "'8.4889e-01']",
[92mINFO [0m:      	       'train_loss': '7.4505e-01',
[92mINFO [0m:      	       'train_loss_mean': '9.0826e-01'},
[92mINFO [0m:      	  2: { 'client-ids': "['0', '1', '2']",
[92mINFO [0m:      	       'per-client-num-examples': "['1600', '4800', '6400']",
[92mINFO [0m:      	       'per-client-train_loss': "['5.9492e-01', '5.5813e-01', '5.2225e-01']",
[92mINFO [0m:      	       'per-client-train_loss_mean': "['6.9493e-01', '6.4619e-01', "
[92mINFO [0m:      	                                     "'6.1578e-01']",
[92mINFO [0m:      	       'train_loss': '5.4479e-01',
[92mINFO [0m:      	       'train_loss_mean': '6.3708e-01'},
[92mINFO [0m:      	  3: { 'client-ids': "['0', '1', '2']",
[92mINFO [0m:      	       'per-client-num-examples': "['1600', '4800', '6400']",
[92mINFO [0m:      	       'per-client-train_loss': "['3.9796e-01', '3.8093e-01', '3.5178e-01']",
[92mINFO [0m:      	       'per-client-train_loss_mean': "['5.0033e-01', '4.8031e-01', "
[92mINFO [0m:      	                                     "'4.5044e-01']",
[92mINFO [0m:      	       'train_loss': '3.6849e-01',
[92mINFO [0m:      	       'train_loss_mean': '4.6788e-01'},
[92mINFO [0m:      	  4: { 'client-ids': "['0', '1', '2']",
[92mINFO [0m:      	       'per-client-num-examples': "['1600', '4800', '6400']",
[92mINFO [0m:      	       'per-client-train_loss': "['2.4080e-01', '2.3857e-01', '2.1151e-01']",
[92mINFO [0m:      	       'per-client-train_loss_mean': "['3.9560e-01', '3.4732e-01', "
[92mINFO [0m:      	                                     "'2.9940e-01']",
[92mINFO [0m:      	       'train_loss': '2.2532e-01',
[92mINFO [0m:      	       'train_loss_mean': '3.2939e-01'},
[92mINFO [0m:      	  5: { 'client-ids': "['0', '1', '2']",
[92mINFO [0m:      	       'per-client-num-examples': "['1600', '4800', '6400']",
[92mINFO [0m:      	       'per-client-train_loss': "['1.5098e-01', '1.4960e-01', '1.2659e-01']",
[92mINFO [0m:      	       'per-client-train_loss_mean': "['3.0382e-01', '2.4178e-01', "
[92mINFO [0m:      	                                     "'1.9135e-01']",
[92mINFO [0m:      	       'train_loss': '1.3827e-01',
[92mINFO [0m:      	       'train_loss_mean': '2.2432e-01'},
[92mINFO [0m:      	  6: { 'client-ids': "['0', '1', '2']",
[92mINFO [0m:      	       'per-client-num-examples': "['1600', '4800', '6400']",
[92mINFO [0m:      	       'per-client-train_loss': "['9.0228e-02', '8.4331e-02', '8.1940e-02']",
[92mINFO [0m:      	       'per-client-train_loss_mean': "['2.6542e-01', '1.7109e-01', "
[92mINFO [0m:      	                                     "'1.2536e-01']",
[92mINFO [0m:      	       'train_loss': '8.3873e-02',
[92mINFO [0m:      	       'train_loss_mean': '1.6002e-01'},
[92mINFO [0m:      	  7: { 'client-ids': "['0', '1', '2']",
[92mINFO [0m:      	       'per-client-num-examples': "['1600', '4800', '6400']",
[92mINFO [0m:      	       'per-client-train_loss': "['7.7163e-02', '9.8014e-02', '5.5542e-02']",
[92mINFO [0m:      	       'per-client-train_loss_mean': "['2.3199e-01', '1.3145e-01', "
[92mINFO [0m:      	                                     "'9.1359e-02']",
[92mINFO [0m:      	       'train_loss': '7.4172e-02',
[92mINFO [0m:      	       'train_loss_mean': '1.2397e-01'},
[92mINFO [0m:      	  8: { 'client-ids': "['0', '1', '2']",
[92mINFO [0m:      	       'per-client-num-examples': "['1600', '4800', '6400']",
[92mINFO [0m:      	       'per-client-train_loss': "['6.5382e-02', '8.5510e-02', '4.9517e-02']",
[92mINFO [0m:      	       'per-client-train_loss_mean': "['2.3059e-01', '1.1098e-01', "
[92mINFO [0m:      	                                     "'7.2836e-02']",
[92mINFO [0m:      	       'train_loss': '6.4997e-02',
[92mINFO [0m:      	       'train_loss_mean': '1.0686e-01'},
[92mINFO [0m:      	  9: { 'client-ids': "['0', '1', '2']",
[92mINFO [0m:      	       'per-client-num-examples': "['1600', '4800', '6400']",
[92mINFO [0m:      	       'per-client-train_loss': "['4.9120e-02', '6.3528e-02', '4.8917e-02']",
[92mINFO [0m:      	       'per-client-train_loss_mean': "['2.1413e-01', '8.7314e-02', "
[92mINFO [0m:      	                                     "'6.0074e-02']",
[92mINFO [0m:      	       'train_loss': '5.4421e-02',
[92mINFO [0m:      	       'train_loss_mean': '8.9546e-02'},
[92mINFO [0m:      	  10: { 'client-ids': "['0', '1', '2']",
[92mINFO [0m:      	        'per-client-num-examples': "['1600', '4800', '6400']",
[92mINFO [0m:      	        'per-client-train_loss': "['2.9961e-02', '7.4326e-02', '6.8722e-02']",
[92mINFO [0m:      	        'per-client-train_loss_mean': "['1.8066e-01', '8.0704e-02', "
[92mINFO [0m:      	                                      "'5.8829e-02']",
[92mINFO [0m:      	        'train_loss': '6.5978e-02',
[92mINFO [0m:      	        'train_loss_mean': '8.2261e-02'},
[92mINFO [0m:      	  11: { 'client-ids': "['0', '1', '2']",
[92mINFO [0m:      	        'per-client-num-examples': "['1600', '4800', '6400']",
[92mINFO [0m:      	        'per-client-train_loss': "['4.1034e-02', '4.4708e-02', '3.4679e-02']",
[92mINFO [0m:      	        'per-client-train_loss_mean': "['1.5906e-01', '7.1723e-02', "
[92mINFO [0m:      	                                      "'4.9165e-02']",
[92mINFO [0m:      	        'train_loss': '3.9234e-02',
[92mINFO [0m:      	        'train_loss_mean': '7.1361e-02'},
[92mINFO [0m:      	  12: { 'client-ids': "['0', '1', '2']",
[92mINFO [0m:      	        'per-client-num-examples': "['1600', '4800', '6400']",
[92mINFO [0m:      	        'per-client-train_loss': "['3.8692e-02', '6.4747e-02', '4.3373e-02']",
[92mINFO [0m:      	        'per-client-train_loss_mean': "['1.7594e-01', '6.5449e-02', "
[92mINFO [0m:      	                                      "'4.5523e-02']",
[92mINFO [0m:      	        'train_loss': '5.0803e-02',
[92mINFO [0m:      	        'train_loss_mean': '6.9298e-02'},
[92mINFO [0m:      	  13: { 'client-ids': "['0', '1', '2']",
[92mINFO [0m:      	        'per-client-num-examples': "['1600', '4800', '6400']",
[92mINFO [0m:      	        'per-client-train_loss': "['4.3830e-02', '6.2524e-02', '4.4037e-02']",
[92mINFO [0m:      	        'per-client-train_loss_mean': "['1.6424e-01', '5.4731e-02', "
[92mINFO [0m:      	                                      "'4.0806e-02']",
[92mINFO [0m:      	        'train_loss': '5.0944e-02',
[92mINFO [0m:      	        'train_loss_mean': '6.1456e-02'},
[92mINFO [0m:      	  14: { 'client-ids': "['0', '1', '2']",
[92mINFO [0m:      	        'per-client-num-examples': "['1600', '4800', '6400']",
[92mINFO [0m:      	        'per-client-train_loss': "['1.9912e-02', '2.9810e-02', '2.4895e-02']",
[92mINFO [0m:      	        'per-client-train_loss_mean': "['1.5503e-01', '4.8308e-02', "
[92mINFO [0m:      	                                      "'3.8005e-02']",
[92mINFO [0m:      	        'train_loss': '2.6115e-02',
[92mINFO [0m:      	        'train_loss_mean': '5.6497e-02'},
[92mINFO [0m:      	  15: { 'client-ids': "['0', '1', '2']",
[92mINFO [0m:      	        'per-client-num-examples': "['1600', '4800', '6400']",
[92mINFO [0m:      	        'per-client-train_loss': "['2.7882e-02', '3.2788e-02', '4.4033e-02']",
[92mINFO [0m:      	        'per-client-train_loss_mean': "['1.5027e-01', '4.4139e-02', "
[92mINFO [0m:      	                                      "'3.7361e-02']",
[92mINFO [0m:      	        'train_loss': '3.7798e-02',
[92mINFO [0m:      	        'train_loss_mean': '5.4016e-02'},
[92mINFO [0m:      	  16: { 'client-ids': "['0', '1', '2']",
[92mINFO [0m:      	        'per-client-num-examples': "['1600', '4800', '6400']",
[92mINFO [0m:      	        'per-client-train_loss': "['3.6713e-02', '2.1621e-02', '3.7092e-02']",
[92mINFO [0m:      	        'per-client-train_loss_mean': "['1.4213e-01', '4.3101e-02', "
[92mINFO [0m:      	                                      "'3.9138e-02']",
[92mINFO [0m:      	        'train_loss': '3.1243e-02',
[92mINFO [0m:      	        'train_loss_mean': '5.3498e-02'},
[92mINFO [0m:      	  17: { 'client-ids': "['0', '1', '2']",
[92mINFO [0m:      	        'per-client-num-examples': "['1600', '4800', '6400']",
[92mINFO [0m:      	        'per-client-train_loss': "['1.5121e-02', '3.0680e-02', '4.0026e-02']",
[92mINFO [0m:      	        'per-client-train_loss_mean': "['1.2647e-01', '4.6168e-02', "
[92mINFO [0m:      	                                      "'3.4126e-02']",
[92mINFO [0m:      	        'train_loss': '3.3408e-02',
[92mINFO [0m:      	        'train_loss_mean': '5.0185e-02'},
[92mINFO [0m:      	  18: { 'client-ids': "['0', '1', '2']",
[92mINFO [0m:      	        'per-client-num-examples': "['1600', '4800', '6400']",
[92mINFO [0m:      	        'per-client-train_loss': "['3.6298e-02', '4.7176e-02', '2.0902e-02']",
[92mINFO [0m:      	        'per-client-train_loss_mean': "['1.3238e-01', '4.4198e-02', "
[92mINFO [0m:      	                                      "'2.9453e-02']",
[92mINFO [0m:      	        'train_loss': '3.2679e-02',
[92mINFO [0m:      	        'train_loss_mean': '4.7849e-02'},
[92mINFO [0m:      	  19: { 'client-ids': "['0', '1', '2']",
[92mINFO [0m:      	        'per-client-num-examples': "['1600', '4800', '6400']",
[92mINFO [0m:      	        'per-client-train_loss': "['1.7819e-02', '2.6634e-02', '3.2503e-02']",
[92mINFO [0m:      	        'per-client-train_loss_mean': "['1.1789e-01', '3.6006e-02', "
[92mINFO [0m:      	                                      "'3.1657e-02']",
[92mINFO [0m:      	        'train_loss': '2.8467e-02',
[92mINFO [0m:      	        'train_loss_mean': '4.4066e-02'},
[92mINFO [0m:      	  20: { 'client-ids': "['0', '1', '2']",
[92mINFO [0m:      	        'per-client-num-examples': "['1600', '4800', '6400']",
[92mINFO [0m:      	        'per-client-train_loss': "['1.7489e-02', '5.7319e-02', '2.5676e-02']",
[92mINFO [0m:      	        'per-client-train_loss_mean': "['1.2603e-01', '3.7872e-02', "
[92mINFO [0m:      	                                      "'2.7899e-02']",
[92mINFO [0m:      	        'train_loss': '3.6519e-02',
[92mINFO [0m:      	        'train_loss_mean': '4.3906e-02'}}
[92mINFO [0m:      	
[92mINFO [0m:      	Aggregated ClientApp-side Evaluate Metrics:
[92mINFO [0m:      	{ 1: { 'client-ids': "['0', '1', '2']",
[92mINFO [0m:      	       'eval_acc': '6.1531e-01',
[92mINFO [0m:      	       'eval_loss': '1.1248e+00',
[92mINFO [0m:      	       'per-client-eval_acc': "['5.7750e-01', '6.2083e-01', '6.2062e-01']",
[92mINFO [0m:      	       'per-client-eval_loss': "['1.1312e+00', '1.1227e+00', '1.1247e+00']",
[92mINFO [0m:      	       'per-client-num-examples': "['400', '1200', '1600']"},
[92mINFO [0m:      	  2: { 'client-ids': "['0', '1', '2']",
[92mINFO [0m:      	       'eval_acc': '7.7875e-01',
[92mINFO [0m:      	       'eval_loss': '5.8130e-01',
[92mINFO [0m:      	       'per-client-eval_acc': "['7.8000e-01', '7.8417e-01', '7.7438e-01']",
[92mINFO [0m:      	       'per-client-eval_loss': "['5.4977e-01', '5.6769e-01', '5.9939e-01']",
[92mINFO [0m:      	       'per-client-num-examples': "['400', '1200', '1600']"},
[92mINFO [0m:      	  3: { 'client-ids': "['0', '1', '2']",
[92mINFO [0m:      	       'eval_acc': '8.0688e-01',
[92mINFO [0m:      	       'eval_loss': '5.5098e-01',
[92mINFO [0m:      	       'per-client-eval_acc': "['8.0250e-01', '8.0750e-01', '8.0750e-01']",
[92mINFO [0m:      	       'per-client-eval_loss': "['4.9518e-01', '5.4394e-01', '5.7020e-01']",
[92mINFO [0m:      	       'per-client-num-examples': "['400', '1200', '1600']"},
[92mINFO [0m:      	  4: { 'client-ids': "['0', '1', '2']",
[92mINFO [0m:      	       'eval_acc': '7.9906e-01',
[92mINFO [0m:      	       'eval_loss': '6.1441e-01',
[92mINFO [0m:      	       'per-client-eval_acc': "['7.9750e-01', '8.0250e-01', '7.9688e-01']",
[92mINFO [0m:      	       'per-client-eval_loss': "['5.3963e-01', '5.9501e-01', '6.4766e-01']",
[92mINFO [0m:      	       'per-client-num-examples': "['400', '1200', '1600']"},
[92mINFO [0m:      	  5: { 'client-ids': "['0', '1', '2']",
[92mINFO [0m:      	       'eval_acc': '8.1000e-01',
[92mINFO [0m:      	       'eval_loss': '6.5365e-01',
[92mINFO [0m:      	       'per-client-eval_acc': "['8.1750e-01', '8.1333e-01', '8.0563e-01']",
[92mINFO [0m:      	       'per-client-eval_loss': "['5.8301e-01', '6.4840e-01', '6.7524e-01']",
[92mINFO [0m:      	       'per-client-num-examples': "['400', '1200', '1600']"},
[92mINFO [0m:      	  6: { 'client-ids': "['0', '1', '2']",
[92mINFO [0m:      	       'eval_acc': '8.0688e-01',
[92mINFO [0m:      	       'eval_loss': '8.3139e-01',
[92mINFO [0m:      	       'per-client-eval_acc': "['8.1500e-01', '8.1333e-01', '8.0000e-01']",
[92mINFO [0m:      	       'per-client-eval_loss': "['7.6795e-01', '8.0343e-01', '8.6821e-01']",
[92mINFO [0m:      	       'per-client-num-examples': "['400', '1200', '1600']"},
[92mINFO [0m:      	  7: { 'client-ids': "['0', '1', '2']",
[92mINFO [0m:      	       'eval_acc': '8.0281e-01',
[92mINFO [0m:      	       'eval_loss': '8.7025e-01',
[92mINFO [0m:      	       'per-client-eval_acc': "['7.9750e-01', '8.0583e-01', '8.0188e-01']",
[92mINFO [0m:      	       'per-client-eval_loss': "['8.0731e-01', '8.5900e-01', '8.9441e-01']",
[92mINFO [0m:      	       'per-client-num-examples': "['400', '1200', '1600']"},
[92mINFO [0m:      	  8: { 'client-ids': "['0', '1', '2']",
[92mINFO [0m:      	       'eval_acc': '8.1031e-01',
[92mINFO [0m:      	       'eval_loss': '9.1808e-01',
[92mINFO [0m:      	       'per-client-eval_acc': "['8.1750e-01', '8.1833e-01', '8.0250e-01']",
[92mINFO [0m:      	       'per-client-eval_loss': "['8.1234e-01', '8.9508e-01', '9.6176e-01']",
[92mINFO [0m:      	       'per-client-num-examples': "['400', '1200', '1600']"},
[92mINFO [0m:      	  9: { 'client-ids': "['0', '1', '2']",
[92mINFO [0m:      	       'eval_acc': '8.0531e-01',
[92mINFO [0m:      	       'eval_loss': '9.3646e-01',
[92mINFO [0m:      	       'per-client-eval_acc': "['7.9500e-01', '8.1333e-01', '8.0188e-01']",
[92mINFO [0m:      	       'per-client-eval_loss': "['8.9842e-01', '9.1648e-01', '9.6094e-01']",
[92mINFO [0m:      	       'per-client-num-examples': "['400', '1200', '1600']"},
[92mINFO [0m:      	  10: { 'client-ids': "['0', '1', '2']",
[92mINFO [0m:      	        'eval_acc': '8.0812e-01',
[92mINFO [0m:      	        'eval_loss': '9.3265e-01',
[92mINFO [0m:      	        'per-client-eval_acc': "['8.0750e-01', '8.2083e-01', '7.9875e-01']",
[92mINFO [0m:      	        'per-client-eval_loss': "['8.9828e-01', '9.2436e-01', '9.4747e-01']",
[92mINFO [0m:      	        'per-client-num-examples': "['400', '1200', '1600']"},
[92mINFO [0m:      	  11: { 'client-ids': "['0', '1', '2']",
[92mINFO [0m:      	        'eval_acc': '8.0594e-01',
[92mINFO [0m:      	        'eval_loss': '1.0797e+00',
[92mINFO [0m:      	        'per-client-eval_acc': "['8.0250e-01', '8.0917e-01', '8.0437e-01']",
[92mINFO [0m:      	        'per-client-eval_loss': "['1.0564e+00', '1.0631e+00', '1.0979e+00']",
[92mINFO [0m:      	        'per-client-num-examples': "['400', '1200', '1600']"},
[92mINFO [0m:      	  12: { 'client-ids': "['0', '1', '2']",
[92mINFO [0m:      	        'eval_acc': '7.9781e-01',
[92mINFO [0m:      	        'eval_loss': '9.8876e-01',
[92mINFO [0m:      	        'per-client-eval_acc': "['8.0000e-01', '8.0833e-01', '7.8938e-01']",
[92mINFO [0m:      	        'per-client-eval_loss': "['9.0562e-01', '9.3429e-01', '1.0504e+00']",
[92mINFO [0m:      	        'per-client-num-examples': "['400', '1200', '1600']"},
[92mINFO [0m:      	  13: { 'client-ids': "['0', '1', '2']",
[92mINFO [0m:      	        'eval_acc': '8.0188e-01',
[92mINFO [0m:      	        'eval_loss': '1.0321e+00',
[92mINFO [0m:      	        'per-client-eval_acc': "['8.0500e-01', '8.0833e-01', '7.9625e-01']",
[92mINFO [0m:      	        'per-client-eval_loss': "['9.5715e-01', '9.9858e-01', '1.0760e+00']",
[92mINFO [0m:      	        'per-client-num-examples': "['400', '1200', '1600']"},
[92mINFO [0m:      	  14: { 'client-ids': "['0', '1', '2']",
[92mINFO [0m:      	        'eval_acc': '8.0531e-01',
[92mINFO [0m:      	        'eval_loss': '1.1880e+00',
[92mINFO [0m:      	        'per-client-eval_acc': "['7.9250e-01', '8.1167e-01', '8.0375e-01']",
[92mINFO [0m:      	        'per-client-eval_loss': "['1.2178e+00', '1.0942e+00', '1.2509e+00']",
[92mINFO [0m:      	        'per-client-num-examples': "['400', '1200', '1600']"},
[92mINFO [0m:      	  15: { 'client-ids': "['0', '1', '2']",
[92mINFO [0m:      	        'eval_acc': '7.9594e-01',
[92mINFO [0m:      	        'eval_loss': '1.1160e+00',
[92mINFO [0m:      	        'per-client-eval_acc': "['7.9750e-01', '8.1250e-01', '7.8312e-01']",
[92mINFO [0m:      	        'per-client-eval_loss': "['1.0868e+00', '1.0468e+00', '1.1752e+00']",
[92mINFO [0m:      	        'per-client-num-examples': "['400', '1200', '1600']"},
[92mINFO [0m:      	  16: { 'client-ids': "['0', '1', '2']",
[92mINFO [0m:      	        'eval_acc': '8.0594e-01',
[92mINFO [0m:      	        'eval_loss': '1.1807e+00',
[92mINFO [0m:      	        'per-client-eval_acc': "['7.9750e-01', '8.1000e-01', '8.0500e-01']",
[92mINFO [0m:      	        'per-client-eval_loss': "['1.1441e+00', '1.0776e+00', '1.2672e+00']",
[92mINFO [0m:      	        'per-client-num-examples': "['400', '1200', '1600']"},
[92mINFO [0m:      	  17: { 'client-ids': "['0', '1', '2']",
[92mINFO [0m:      	        'eval_acc': '8.0063e-01',
[92mINFO [0m:      	        'eval_loss': '1.1592e+00',
[92mINFO [0m:      	        'per-client-eval_acc': "['8.1000e-01', '8.1167e-01', '7.9000e-01']",
[92mINFO [0m:      	        'per-client-eval_loss': "['1.1859e+00', '1.0720e+00', '1.2179e+00']",
[92mINFO [0m:      	        'per-client-num-examples': "['400', '1200', '1600']"},
[92mINFO [0m:      	  18: { 'client-ids': "['0', '1', '2']",
[92mINFO [0m:      	        'eval_acc': '7.9375e-01',
[92mINFO [0m:      	        'eval_loss': '1.1581e+00',
[92mINFO [0m:      	        'per-client-eval_acc': "['7.7500e-01', '8.0667e-01', '7.8875e-01']",
[92mINFO [0m:      	        'per-client-eval_loss': "['1.2793e+00', '1.0732e+00', '1.1915e+00']",
[92mINFO [0m:      	        'per-client-num-examples': "['400', '1200', '1600']"},
[92mINFO [0m:      	  19: { 'client-ids': "['0', '1', '2']",
[92mINFO [0m:      	        'eval_acc': '8.0188e-01',
[92mINFO [0m:      	        'eval_loss': '1.2712e+00',
[92mINFO [0m:      	        'per-client-eval_acc': "['7.9750e-01', '8.1333e-01', '7.9438e-01']",
[92mINFO [0m:      	        'per-client-eval_loss': "['1.2214e+00', '1.1784e+00', '1.3533e+00']",
[92mINFO [0m:      	        'per-client-num-examples': "['400', '1200', '1600']"},
[92mINFO [0m:      	  20: { 'client-ids': "['0', '1', '2']",
[92mINFO [0m:      	        'eval_acc': '8.0500e-01',
[92mINFO [0m:      	        'eval_loss': '1.1455e+00',
[92mINFO [0m:      	        'per-client-eval_acc': "['7.8500e-01', '8.2333e-01', '7.9625e-01']",
[92mINFO [0m:      	        'per-client-eval_loss': "['1.1389e+00', '1.0378e+00', '1.2280e+00']",
[92mINFO [0m:      	        'per-client-num-examples': "['400', '1200', '1600']"}}
[92mINFO [0m:      	
[92mINFO [0m:      	ServerApp-side Evaluate Metrics:
[92mINFO [0m:      	{ 0: { 'accuracy': '2.5000e-01',
[92mINFO [0m:      	       'auc': '4.8709e-01',
[92mINFO [0m:      	       'f1': '1.0000e-01',
[92mINFO [0m:      	       'loss': '1.3893e+00',
[92mINFO [0m:      	       'precision': '6.2500e-02'},
[92mINFO [0m:      	  1: { 'accuracy': '6.3150e-01',
[92mINFO [0m:      	       'auc': '8.5396e-01',
[92mINFO [0m:      	       'f1': '6.3224e-01',
[92mINFO [0m:      	       'loss': '1.1109e+00',
[92mINFO [0m:      	       'precision': '6.8016e-01'},
[92mINFO [0m:      	  2: { 'accuracy': '7.9000e-01',
[92mINFO [0m:      	       'auc': '9.4673e-01',
[92mINFO [0m:      	       'f1': '7.8989e-01',
[92mINFO [0m:      	       'loss': '5.5111e-01',
[92mINFO [0m:      	       'precision': '7.8997e-01'},
[92mINFO [0m:      	  3: { 'accuracy': '7.9650e-01',
[92mINFO [0m:      	       'auc': '9.5092e-01',
[92mINFO [0m:      	       'f1': '7.9656e-01',
[92mINFO [0m:      	       'loss': '5.5214e-01',
[92mINFO [0m:      	       'precision': '7.9908e-01'},
[92mINFO [0m:      	  4: { 'accuracy': '8.1000e-01',
[92mINFO [0m:      	       'auc': '9.5282e-01',
[92mINFO [0m:      	       'f1': '8.0807e-01',
[92mINFO [0m:      	       'loss': '5.9515e-01',
[92mINFO [0m:      	       'precision': '8.0848e-01'},
[92mINFO [0m:      	  5: { 'accuracy': '8.1100e-01',
[92mINFO [0m:      	       'auc': '9.5477e-01',
[92mINFO [0m:      	       'f1': '8.1090e-01',
[92mINFO [0m:      	       'loss': '6.4589e-01',
[92mINFO [0m:      	       'precision': '8.1131e-01'},
[92mINFO [0m:      	  6: { 'accuracy': '7.9450e-01',
[92mINFO [0m:      	       'auc': '9.5033e-01',
[92mINFO [0m:      	       'f1': '7.9366e-01',
[92mINFO [0m:      	       'loss': '8.4368e-01',
[92mINFO [0m:      	       'precision': '7.9452e-01'},
[92mINFO [0m:      	  7: { 'accuracy': '8.0450e-01',
[92mINFO [0m:      	       'auc': '9.5147e-01',
[92mINFO [0m:      	       'f1': '8.0491e-01',
[92mINFO [0m:      	       'loss': '8.8417e-01',
[92mINFO [0m:      	       'precision': '8.0783e-01'},
[92mINFO [0m:      	  8: { 'accuracy': '8.1150e-01',
[92mINFO [0m:      	       'auc': '9.5253e-01',
[92mINFO [0m:      	       'f1': '8.1052e-01',
[92mINFO [0m:      	       'loss': '9.1928e-01',
[92mINFO [0m:      	       'precision': '8.1071e-01'},
[92mINFO [0m:      	  9: { 'accuracy': '8.0950e-01',
[92mINFO [0m:      	       'auc': '9.4940e-01',
[92mINFO [0m:      	       'f1': '8.1074e-01',
[92mINFO [0m:      	       'loss': '9.7072e-01',
[92mINFO [0m:      	       'precision': '8.1265e-01'},
[92mINFO [0m:      	  10: { 'accuracy': '8.0600e-01',
[92mINFO [0m:      	        'auc': '9.4771e-01',
[92mINFO [0m:      	        'f1': '8.0560e-01',
[92mINFO [0m:      	        'loss': '9.9168e-01',
[92mINFO [0m:      	        'precision': '8.0599e-01'},
[92mINFO [0m:      	  11: { 'accuracy': '8.0300e-01',
[92mINFO [0m:      	        'auc': '9.4901e-01',
[92mINFO [0m:      	        'f1': '8.0238e-01',
[92mINFO [0m:      	        'loss': '1.1107e+00',
[92mINFO [0m:      	        'precision': '8.0225e-01'},
[92mINFO [0m:      	  12: { 'accuracy': '7.9150e-01',
[92mINFO [0m:      	        'auc': '9.4209e-01',
[92mINFO [0m:      	        'f1': '7.9053e-01',
[92mINFO [0m:      	        'loss': '1.1252e+00',
[92mINFO [0m:      	        'precision': '7.8990e-01'},
[92mINFO [0m:      	  13: { 'accuracy': '8.0950e-01',
[92mINFO [0m:      	        'auc': '9.4414e-01',
[92mINFO [0m:      	        'f1': '8.0906e-01',
[92mINFO [0m:      	        'loss': '1.1460e+00',
[92mINFO [0m:      	        'precision': '8.1011e-01'},
[92mINFO [0m:      	  14: { 'accuracy': '8.0100e-01',
[92mINFO [0m:      	        'auc': '9.4667e-01',
[92mINFO [0m:      	        'f1': '8.0132e-01',
[92mINFO [0m:      	        'loss': '1.3226e+00',
[92mINFO [0m:      	        'precision': '8.0198e-01'},
[92mINFO [0m:      	  15: { 'accuracy': '7.9750e-01',
[92mINFO [0m:      	        'auc': '9.4601e-01',
[92mINFO [0m:      	        'f1': '7.9644e-01',
[92mINFO [0m:      	        'loss': '1.2106e+00',
[92mINFO [0m:      	        'precision': '7.9750e-01'},
[92mINFO [0m:      	  16: { 'accuracy': '8.0600e-01',
[92mINFO [0m:      	        'auc': '9.4746e-01',
[92mINFO [0m:      	        'f1': '8.0627e-01',
[92mINFO [0m:      	        'loss': '1.2765e+00',
[92mINFO [0m:      	        'precision': '8.0667e-01'},
[92mINFO [0m:      	  17: { 'accuracy': '7.9400e-01',
[92mINFO [0m:      	        'auc': '9.4733e-01',
[92mINFO [0m:      	        'f1': '7.9345e-01',
[92mINFO [0m:      	        'loss': '1.2263e+00',
[92mINFO [0m:      	        'precision': '7.9491e-01'},
[92mINFO [0m:      	  18: { 'accuracy': '7.9200e-01',
[92mINFO [0m:      	        'auc': '9.4203e-01',
[92mINFO [0m:      	        'f1': '7.9256e-01',
[92mINFO [0m:      	        'loss': '1.3031e+00',
[92mINFO [0m:      	        'precision': '7.9652e-01'},
[92mINFO [0m:      	  19: { 'accuracy': '8.1350e-01',
[92mINFO [0m:      	        'auc': '9.4809e-01',
[92mINFO [0m:      	        'f1': '8.1391e-01',
[92mINFO [0m:      	        'loss': '1.3599e+00',
[92mINFO [0m:      	        'precision': '8.1472e-01'},
[92mINFO [0m:      	  20: { 'accuracy': '8.0600e-01',
[92mINFO [0m:      	        'auc': '9.4546e-01',
[92mINFO [0m:      	        'f1': '8.0574e-01',
[92mINFO [0m:      	        'loss': '1.2631e+00',
[92mINFO [0m:      	        'precision': '8.0554e-01'}}
[92mINFO [0m:      
Round 1 checkpoint written to /content/metricdp-pytorch/results/planned_runs/cifar/full/out-replace/clients-3/seed-44/vanilla/runs/cifar-full-out-replace__non-iid__vanilla__fedavg__clients-3__seed-44__nm0p01__clip5__rounds-20__epochs-5__cifar_chunks__cifar10_cnn.round-1.pt
Round 2 checkpoint written to /content/metricdp-pytorch/results/planned_runs/cifar/full/out-replace/clients-3/seed-44/vanilla/runs/cifar-full-out-replace__non-iid__vanilla__fedavg__clients-3__seed-44__nm0p01__clip5__rounds-20__epochs-5__cifar_chunks__cifar10_cnn.round-2.pt
Round 3 checkpoint written to /content/metricdp-pytorch/results/planned_runs/cifar/full/out-replace/clients-3/seed-44/vanilla/runs/cifar-full-out-replace__non-iid__vanilla__fedavg__clients-3__seed-44__nm0p01__clip5__rounds-20__epochs-5__cifar_chunks__cifar10_cnn.round-3.pt
Round 4 checkpoint written to /content/metricdp-pytorch/results/planned_runs/cifar/full/out-replace/clients-3/seed-44/vanilla/runs/cifar-full-out-replace__non-iid__vanilla__fedavg__clients-3__seed-44__nm0p01__clip5__rounds-20__epochs-5__cifar_chunks__cifar10_cnn.round-4.pt
Round 5 checkpoint written to /content/metricdp-pytorch/results/planned_runs/cifar/full/out-replace/clients-3/seed-44/vanilla/runs/cifar-full-out-replace__non-iid__vanilla__fedavg__clients-3__seed-44__nm0p01__clip5__rounds-20__epochs-5__cifar_chunks__cifar10_cnn.round-5.pt
Round 6 checkpoint written to /content/metricdp-pytorch/results/planned_runs/cifar/full/out-replace/clients-3/seed-44/vanilla/runs/cifar-full-out-replace__non-iid__vanilla__fedavg__clients-3__seed-44__nm0p01__clip5__rounds-20__epochs-5__cifar_chunks__cifar10_cnn.round-6.pt
Round 7 checkpoint written to /content/metricdp-pytorch/results/planned_runs/cifar/full/out-replace/clients-3/seed-44/vanilla/runs/cifar-full-out-replace__non-iid__vanilla__fedavg__clients-3__seed-44__nm0p01__clip5__rounds-20__epochs-5__cifar_chunks__cifar10_cnn.round-7.pt
Round 8 checkpoint written to /content/metricdp-pytorch/results/planned_runs/cifar/full/out-replace/clients-3/seed-44/vanilla/runs/cifar-full-out-replace__non-iid__vanilla__fedavg__clients-3__seed-44__nm0p01__clip5__rounds-20__epochs-5__cifar_chunks__cifar10_cnn.round-8.pt
Round 9 checkpoint written to /content/metricdp-pytorch/results/planned_runs/cifar/full/out-replace/clients-3/seed-44/vanilla/runs/cifar-full-out-replace__non-iid__vanilla__fedavg__clients-3__seed-44__nm0p01__clip5__rounds-20__epochs-5__cifar_chunks__cifar10_cnn.round-9.pt
Round 10 checkpoint written to /content/metricdp-pytorch/results/planned_runs/cifar/full/out-replace/clients-3/seed-44/vanilla/runs/cifar-full-out-replace__non-iid__vanilla__fedavg__clients-3__seed-44__nm0p01__clip5__rounds-20__epochs-5__cifar_chunks__cifar10_cnn.round-10.pt
Round 11 checkpoint written to /content/metricdp-pytorch/results/planned_runs/cifar/full/out-replace/clients-3/seed-44/vanilla/runs/cifar-full-out-replace__non-iid__vanilla__fedavg__clients-3__seed-44__nm0p01__clip5__rounds-20__epochs-5__cifar_chunks__cifar10_cnn.round-11.pt
Round 12 checkpoint written to /content/metricdp-pytorch/results/planned_runs/cifar/full/out-replace/clients-3/seed-44/vanilla/runs/cifar-full-out-replace__non-iid__vanilla__fedavg__clients-3__seed-44__nm0p01__clip5__rounds-20__epochs-5__cifar_chunks__cifar10_cnn.round-12.pt
Round 13 checkpoint written to /content/metricdp-pytorch/results/planned_runs/cifar/full/out-replace/clients-3/seed-44/vanilla/runs/cifar-full-out-replace__non-iid__vanilla__fedavg__clients-3__seed-44__nm0p01__clip5__rounds-20__epochs-5__cifar_chunks__cifar10_cnn.round-13.pt
Round 14 checkpoint written to /content/metricdp-pytorch/results/planned_runs/cifar/full/out-replace/clients-3/seed-44/vanilla/runs/cifar-full-out-replace__non-iid__vanilla__fedavg__clients-3__seed-44__nm0p01__clip5__rounds-20__epochs-5__cifar_chunks__cifar10_cnn.round-14.pt
Round 15 checkpoint written to /content/metricdp-pytorch/results/planned_runs/cifar/full/out-replace/clients-3/seed-44/vanilla/runs/cifar-full-out-replace__non-iid__vanilla__fedavg__clients-3__seed-44__nm0p01__clip5__rounds-20__epochs-5__cifar_chunks__cifar10_cnn.round-15.pt
Round 16 checkpoint written to /content/metricdp-pytorch/results/planned_runs/cifar/full/out-replace/clients-3/seed-44/vanilla/runs/cifar-full-out-replace__non-iid__vanilla__fedavg__clients-3__seed-44__nm0p01__clip5__rounds-20__epochs-5__cifar_chunks__cifar10_cnn.round-16.pt
Round 17 checkpoint written to /content/metricdp-pytorch/results/planned_runs/cifar/full/out-replace/clients-3/seed-44/vanilla/runs/cifar-full-out-replace__non-iid__vanilla__fedavg__clients-3__seed-44__nm0p01__clip5__rounds-20__epochs-5__cifar_chunks__cifar10_cnn.round-17.pt
Round 18 checkpoint written to /content/metricdp-pytorch/results/planned_runs/cifar/full/out-replace/clients-3/seed-44/vanilla/runs/cifar-full-out-replace__non-iid__vanilla__fedavg__clients-3__seed-44__nm0p01__clip5__rounds-20__epochs-5__cifar_chunks__cifar10_cnn.round-18.pt
Round 19 checkpoint written to /content/metricdp-pytorch/results/planned_runs/cifar/full/out-replace/clients-3/seed-44/vanilla/runs/cifar-full-out-replace__non-iid__vanilla__fedavg__clients-3__seed-44__nm0p01__clip5__rounds-20__epochs-5__cifar_chunks__cifar10_cnn.round-19.pt
Round 20 checkpoint written to /content/metricdp-pytorch/results/planned_runs/cifar/full/out-replace/clients-3/seed-44/vanilla/runs/cifar-full-out-replace__non-iid__vanilla__fedavg__clients-3__seed-44__nm0p01__clip5__rounds-20__epochs-5__cifar_chunks__cifar10_cnn.round-20.pt
Experiment result written to /content/metricdp-pytorch/results/planned_runs/cifar/full/out-replace/clients-3/seed-44/vanilla/runs/cifar-full-out-replace__non-iid__vanilla__fedavg__clients-3__seed-44__nm0p01__clip5__rounds-20__epochs-5__cifar_chunks__cifar10_cnn.json
/usr/lib/python3.12/multiprocessing/popen_fork.py:66: DeprecationWarning: This process (pid=2672) is multi-threaded, use of fork() may lead to deadlocks in the child.
  self.pid = os.fork()
[36m(ClientAppActor pid=3272)[0m /usr/lib/python3.12/multiprocessing/popen_fork.py:66: DeprecationWarning: This process (pid=3272) is multi-threaded, use of fork() may lead to deadlocks in the child.[32m [repeated 2x across cluster][0m
[36m(ClientAppActor pid=3272)[0m   self.pid = os.fork()[32m [repeated 2x across cluster][0m
Detailed evaluation written to /content/metricdp-pytorch/results/planned_runs/cifar/full/out-replace/clients-3/seed-44/vanilla/runs/cifar-full-out-replace__non-iid__vanilla__fedavg__clients-3__seed-44__nm0p01__clip5__rounds-20__epochs-5__cifar_chunks__cifar10_cnn.evaluation.json and /content/metricdp-pytorch/results/planned_runs/cifar/full/out-replace/clients-3/seed-44/vanilla/runs/cifar-full-out-replace__non-iid__vanilla__fedavg__clients-3__seed-44__nm0p01__clip5__rounds-20__epochs-5__cifar_chunks__cifar10_cnn.predictions.npz
Result: /content/metricdp-pytorch/results/planned_runs/cifar/full/out-replace/clients-3/seed-44/vanilla/runs/cifar-full-out-replace__non-iid__vanilla__fedavg__clients-3__seed-44__nm0p01__clip5__rounds-20__epochs-5__cifar_chunks__cifar10_cnn.json
Final server metrics: {'loss': 1.2630726463794708, 'accuracy': 0.806, 'f1': 0.8057434632119684, 'precision': 0.80554098943898, 'auc': 0.9454574583333334}
2026-08-05 14:31:59 DONE  cifar-full-out-replace__non-iid__vanilla__fedavg__clients-3__seed-44__nm0p01__clip5__rounds-20__epochs-5__cifar_chunks__cifar10_cnn (298.7s)
Warning: You are sending unauthenticated requests to the HF Hub. Please set a HF_TOKEN to enable higher rate limits and faster downloads.
2026-08-05 14:32:06 EVALUATED cifar-full-out-replace__non-iid__vanilla__fedavg__clients-3__seed-44__nm0p01__clip5__rounds-20__epochs-5__cifar_chunks__cifar10_cnn round=1 (checkpoint deleted)
2026-08-05 14:32:12 EVALUATED cifar-full-out-replace__non-iid__vanilla__fedavg__clients-3__seed-44__nm0p01__clip5__rounds-20__epochs-5__cifar_chunks__cifar10_cnn round=2 (checkpoint deleted)
2026-08-05 14:32:17 EVALUATED cifar-full-out-replace__non-iid__vanilla__fedavg__clients-3__seed-44__nm0p01__clip5__rounds-20__epochs-5__cifar_chunks__cifar10_cnn round=3 (checkpoint deleted)
2026-08-05 14:32:23 EVALUATED cifar-full-out-replace__non-iid__vanilla__fedavg__clients-3__seed-44__nm0p01__clip5__rounds-20__epochs-5__cifar_chunks__cifar10_cnn round=4 (checkpoint deleted)
2026-08-05 14:32:28 EVALUATED cifar-full-out-replace__non-iid__vanilla__fedavg__clients-3__seed-44__nm0p01__clip5__rounds-20__epochs-5__cifar_chunks__cifar10_cnn round=5 (checkpoint deleted)
2026-08-05 14:32:34 EVALUATED cifar-full-out-replace__non-iid__vanilla__fedavg__clients-3__seed-44__nm0p01__clip5__rounds-20__epochs-5__cifar_chunks__cifar10_cnn round=6 (checkpoint deleted)
2026-08-05 14:32:39 EVALUATED cifar-full-out-replace__non-iid__vanilla__fedavg__clients-3__seed-44__nm0p01__clip5__rounds-20__epochs-5__cifar_chunks__cifar10_cnn round=7 (checkpoint deleted)
2026-08-05 14:32:45 EVALUATED cifar-full-out-replace__non-iid__vanilla__fedavg__clients-3__seed-44__nm0p01__clip5__rounds-20__epochs-5__cifar_chunks__cifar10_cnn round=8 (checkpoint deleted)
2026-08-05 14:32:50 EVALUATED cifar-full-out-replace__non-iid__vanilla__fedavg__clients-3__seed-44__nm0p01__clip5__rounds-20__epochs-5__cifar_chunks__cifar10_cnn round=9 (checkpoint deleted)
2026-08-05 14:32:55 EVALUATED cifar-full-out-replace__non-iid__vanilla__fedavg__clients-3__seed-44__nm0p01__clip5__rounds-20__epochs-5__cifar_chunks__cifar10_cnn round=10 (checkpoint deleted)
2026-08-05 14:33:01 EVALUATED cifar-full-out-replace__non-iid__vanilla__fedavg__clients-3__seed-44__nm0p01__clip5__rounds-20__epochs-5__cifar_chunks__cifar10_cnn round=11 (checkpoint deleted)
2026-08-05 14:33:06 EVALUATED cifar-full-out-replace__non-iid__vanilla__fedavg__clients-3__seed-44__nm0p01__clip5__rounds-20__epochs-5__cifar_chunks__cifar10_cnn round=12 (checkpoint deleted)
2026-08-05 14:33:12 EVALUATED cifar-full-out-replace__non-iid__vanilla__fedavg__clients-3__seed-44__nm0p01__clip5__rounds-20__epochs-5__cifar_chunks__cifar10_cnn round=13 (checkpoint deleted)
2026-08-05 14:33:17 EVALUATED cifar-full-out-replace__non-iid__vanilla__fedavg__clients-3__seed-44__nm0p01__clip5__rounds-20__epochs-5__cifar_chunks__cifar10_cnn round=14 (checkpoint deleted)
2026-08-05 14:33:23 EVALUATED cifar-full-out-replace__non-iid__vanilla__fedavg__clients-3__seed-44__nm0p01__clip5__rounds-20__epochs-5__cifar_chunks__cifar10_cnn round=15 (checkpoint deleted)
2026-08-05 14:33:28 EVALUATED cifar-full-out-replace__non-iid__vanilla__fedavg__clients-3__seed-44__nm0p01__clip5__rounds-20__epochs-5__cifar_chunks__cifar10_cnn round=16 (checkpoint deleted)
2026-08-05 14:33:34 EVALUATED cifar-full-out-replace__non-iid__vanilla__fedavg__clients-3__seed-44__nm0p01__clip5__rounds-20__epochs-5__cifar_chunks__cifar10_cnn round=17 (checkpoint deleted)
2026-08-05 14:33:39 EVALUATED cifar-full-out-replace__non-iid__vanilla__fedavg__clients-3__seed-44__nm0p01__clip5__rounds-20__epochs-5__cifar_chunks__cifar10_cnn round=18 (checkpoint deleted)
2026-08-05 14:33:45 EVALUATED cifar-full-out-replace__non-iid__vanilla__fedavg__clients-3__seed-44__nm0p01__clip5__rounds-20__epochs-5__cifar_chunks__cifar10_cnn round=19 (checkpoint deleted)
2026-08-05 14:33:50 EVALUATED cifar-full-out-replace__non-iid__vanilla__fedavg__clients-3__seed-44__nm0p01__clip5__rounds-20__epochs-5__cifar_chunks__cifar10_cnn round=20 (checkpoint deleted)
2026-08-05 14:33:50 PROGRESS 1/1 (0 failed so far)
2026-08-05 14:33:50 Sweep finished: 1/1 attempted, 0 failed
