2026-08-05 21:57:17 Starting full chunk: 2 trajectories
2026-08-05 21:57:17 START cifar-full-in-replace__non-iid__global-dp__fedavg__clients-16__seed-44__nm0p04__clip5__rounds-20__epochs-5__cifar_chunks__cifar10_cnn 
2026-08-05 22:03:21 DONE  cifar-full-in-replace__non-iid__global-dp__fedavg__clients-16__seed-44__nm0p04__clip5__rounds-20__epochs-5__cifar_chunks__cifar10_cnn (363.8s)
2026-08-05 22:03:27 EVALUATED cifar-full-in-replace__non-iid__global-dp__fedavg__clients-16__seed-44__nm0p04__clip5__rounds-20__epochs-5__cifar_chunks__cifar10_cnn round=1 (checkpoint deleted)
2026-08-05 22:03:31 EVALUATED cifar-full-in-replace__non-iid__global-dp__fedavg__clients-16__seed-44__nm0p04__clip5__rounds-20__epochs-5__cifar_chunks__cifar10_cnn round=2 (checkpoint deleted)
2026-08-05 22:03:35 EVALUATED cifar-full-in-replace__non-iid__global-dp__fedavg__clients-16__seed-44__nm0p04__clip5__rounds-20__epochs-5__cifar_chunks__cifar10_cnn round=3 (checkpoint deleted)
2026-08-05 22:03:39 EVALUATED cifar-full-in-replace__non-iid__global-dp__fedavg__clients-16__seed-44__nm0p04__clip5__rounds-20__epochs-5__cifar_chunks__cifar10_cnn round=4 (checkpoint deleted)
2026-08-05 22:03:43 EVALUATED cifar-full-in-replace__non-iid__global-dp__fedavg__clients-16__seed-44__nm0p04__clip5__rounds-20__epochs-5__cifar_chunks__cifar10_cnn round=5 (checkpoint deleted)
2026-08-05 22:03:47 EVALUATED cifar-full-in-replace__non-iid__global-dp__fedavg__clients-16__seed-44__nm0p04__clip5__rounds-20__epochs-5__cifar_chunks__cifar10_cnn round=6 (checkpoint deleted)
2026-08-05 22:03:51 EVALUATED cifar-full-in-replace__non-iid__global-dp__fedavg__clients-16__seed-44__nm0p04__clip5__rounds-20__epochs-5__cifar_chunks__cifar10_cnn round=7 (checkpoint deleted)
2026-08-05 22:03:55 EVALUATED cifar-full-in-replace__non-iid__global-dp__fedavg__clients-16__seed-44__nm0p04__clip5__rounds-20__epochs-5__cifar_chunks__cifar10_cnn round=8 (checkpoint deleted)
2026-08-05 22:03:59 EVALUATED cifar-full-in-replace__non-iid__global-dp__fedavg__clients-16__seed-44__nm0p04__clip5__rounds-20__epochs-5__cifar_chunks__cifar10_cnn round=9 (checkpoint deleted)
2026-08-05 22:04:03 EVALUATED cifar-full-in-replace__non-iid__global-dp__fedavg__clients-16__seed-44__nm0p04__clip5__rounds-20__epochs-5__cifar_chunks__cifar10_cnn round=10 (checkpoint deleted)
2026-08-05 22:04:07 EVALUATED cifar-full-in-replace__non-iid__global-dp__fedavg__clients-16__seed-44__nm0p04__clip5__rounds-20__epochs-5__cifar_chunks__cifar10_cnn round=11 (checkpoint deleted)
2026-08-05 22:04:11 EVALUATED cifar-full-in-replace__non-iid__global-dp__fedavg__clients-16__seed-44__nm0p04__clip5__rounds-20__epochs-5__cifar_chunks__cifar10_cnn round=12 (checkpoint deleted)
2026-08-05 22:04:15 EVALUATED cifar-full-in-replace__non-iid__global-dp__fedavg__clients-16__seed-44__nm0p04__clip5__rounds-20__epochs-5__cifar_chunks__cifar10_cnn round=13 (checkpoint deleted)
2026-08-05 22:04:19 EVALUATED cifar-full-in-replace__non-iid__global-dp__fedavg__clients-16__seed-44__nm0p04__clip5__rounds-20__epochs-5__cifar_chunks__cifar10_cnn round=14 (checkpoint deleted)
2026-08-05 22:04:23 EVALUATED cifar-full-in-replace__non-iid__global-dp__fedavg__clients-16__seed-44__nm0p04__clip5__rounds-20__epochs-5__cifar_chunks__cifar10_cnn round=15 (checkpoint deleted)
2026-08-05 22:04:27 EVALUATED cifar-full-in-replace__non-iid__global-dp__fedavg__clients-16__seed-44__nm0p04__clip5__rounds-20__epochs-5__cifar_chunks__cifar10_cnn round=16 (checkpoint deleted)
2026-08-05 22:04:31 EVALUATED cifar-full-in-replace__non-iid__global-dp__fedavg__clients-16__seed-44__nm0p04__clip5__rounds-20__epochs-5__cifar_chunks__cifar10_cnn round=17 (checkpoint deleted)
2026-08-05 22:04:35 EVALUATED cifar-full-in-replace__non-iid__global-dp__fedavg__clients-16__seed-44__nm0p04__clip5__rounds-20__epochs-5__cifar_chunks__cifar10_cnn round=18 (checkpoint deleted)
2026-08-05 22:04:38 EVALUATED cifar-full-in-replace__non-iid__global-dp__fedavg__clients-16__seed-44__nm0p04__clip5__rounds-20__epochs-5__cifar_chunks__cifar10_cnn round=19 (checkpoint deleted)
2026-08-05 22:04:42 EVALUATED cifar-full-in-replace__non-iid__global-dp__fedavg__clients-16__seed-44__nm0p04__clip5__rounds-20__epochs-5__cifar_chunks__cifar10_cnn round=20 (checkpoint deleted)
2026-08-05 22:04:42 PROGRESS 1/2 (0 failed so far)
2026-08-05 22:04:42 START cifar-full-in-replace__non-iid__metric-privacy__fedavg__clients-16__seed-44__nm0p04__clip5__rounds-20__epochs-5__cifar_chunks__cifar10_cnn 
2026-08-05 22:10:53 DONE  cifar-full-in-replace__non-iid__metric-privacy__fedavg__clients-16__seed-44__nm0p04__clip5__rounds-20__epochs-5__cifar_chunks__cifar10_cnn (370.7s)
2026-08-05 22:10:57 EVALUATED cifar-full-in-replace__non-iid__metric-privacy__fedavg__clients-16__seed-44__nm0p04__clip5__rounds-20__epochs-5__cifar_chunks__cifar10_cnn round=1 (checkpoint deleted)
2026-08-05 22:11:01 EVALUATED cifar-full-in-replace__non-iid__metric-privacy__fedavg__clients-16__seed-44__nm0p04__clip5__rounds-20__epochs-5__cifar_chunks__cifar10_cnn round=2 (checkpoint deleted)
2026-08-05 22:11:05 EVALUATED cifar-full-in-replace__non-iid__metric-privacy__fedavg__clients-16__seed-44__nm0p04__clip5__rounds-20__epochs-5__cifar_chunks__cifar10_cnn round=3 (checkpoint deleted)
2026-08-05 22:11:09 EVALUATED cifar-full-in-replace__non-iid__metric-privacy__fedavg__clients-16__seed-44__nm0p04__clip5__rounds-20__epochs-5__cifar_chunks__cifar10_cnn round=4 (checkpoint deleted)
2026-08-05 22:11:13 EVALUATED cifar-full-in-replace__non-iid__metric-privacy__fedavg__clients-16__seed-44__nm0p04__clip5__rounds-20__epochs-5__cifar_chunks__cifar10_cnn round=5 (checkpoint deleted)
2026-08-05 22:11:17 EVALUATED cifar-full-in-replace__non-iid__metric-privacy__fedavg__clients-16__seed-44__nm0p04__clip5__rounds-20__epochs-5__cifar_chunks__cifar10_cnn round=6 (checkpoint deleted)
2026-08-05 22:11:21 EVALUATED cifar-full-in-replace__non-iid__metric-privacy__fedavg__clients-16__seed-44__nm0p04__clip5__rounds-20__epochs-5__cifar_chunks__cifar10_cnn round=7 (checkpoint deleted)
2026-08-05 22:11:25 EVALUATED cifar-full-in-replace__non-iid__metric-privacy__fedavg__clients-16__seed-44__nm0p04__clip5__rounds-20__epochs-5__cifar_chunks__cifar10_cnn round=8 (checkpoint deleted)
2026-08-05 22:11:29 EVALUATED cifar-full-in-replace__non-iid__metric-privacy__fedavg__clients-16__seed-44__nm0p04__clip5__rounds-20__epochs-5__cifar_chunks__cifar10_cnn round=9 (checkpoint deleted)
2026-08-05 22:11:33 EVALUATED cifar-full-in-replace__non-iid__metric-privacy__fedavg__clients-16__seed-44__nm0p04__clip5__rounds-20__epochs-5__cifar_chunks__cifar10_cnn round=10 (checkpoint deleted)
2026-08-05 22:11:37 EVALUATED cifar-full-in-replace__non-iid__metric-privacy__fedavg__clients-16__seed-44__nm0p04__clip5__rounds-20__epochs-5__cifar_chunks__cifar10_cnn round=11 (checkpoint deleted)
2026-08-05 22:11:41 EVALUATED cifar-full-in-replace__non-iid__metric-privacy__fedavg__clients-16__seed-44__nm0p04__clip5__rounds-20__epochs-5__cifar_chunks__cifar10_cnn round=12 (checkpoint deleted)
2026-08-05 22:11:45 EVALUATED cifar-full-in-replace__non-iid__metric-privacy__fedavg__clients-16__seed-44__nm0p04__clip5__rounds-20__epochs-5__cifar_chunks__cifar10_cnn round=13 (checkpoint deleted)
2026-08-05 22:11:49 EVALUATED cifar-full-in-replace__non-iid__metric-privacy__fedavg__clients-16__seed-44__nm0p04__clip5__rounds-20__epochs-5__cifar_chunks__cifar10_cnn round=14 (checkpoint deleted)
2026-08-05 22:11:53 EVALUATED cifar-full-in-replace__non-iid__metric-privacy__fedavg__clients-16__seed-44__nm0p04__clip5__rounds-20__epochs-5__cifar_chunks__cifar10_cnn round=15 (checkpoint deleted)
2026-08-05 22:11:57 EVALUATED cifar-full-in-replace__non-iid__metric-privacy__fedavg__clients-16__seed-44__nm0p04__clip5__rounds-20__epochs-5__cifar_chunks__cifar10_cnn round=16 (checkpoint deleted)
2026-08-05 22:12:01 EVALUATED cifar-full-in-replace__non-iid__metric-privacy__fedavg__clients-16__seed-44__nm0p04__clip5__rounds-20__epochs-5__cifar_chunks__cifar10_cnn round=17 (checkpoint deleted)
2026-08-05 22:12:05 EVALUATED cifar-full-in-replace__non-iid__metric-privacy__fedavg__clients-16__seed-44__nm0p04__clip5__rounds-20__epochs-5__cifar_chunks__cifar10_cnn round=18 (checkpoint deleted)
2026-08-05 22:12:09 EVALUATED cifar-full-in-replace__non-iid__metric-privacy__fedavg__clients-16__seed-44__nm0p04__clip5__rounds-20__epochs-5__cifar_chunks__cifar10_cnn round=19 (checkpoint deleted)
2026-08-05 22:12:13 EVALUATED cifar-full-in-replace__non-iid__metric-privacy__fedavg__clients-16__seed-44__nm0p04__clip5__rounds-20__epochs-5__cifar_chunks__cifar10_cnn round=20 (checkpoint deleted)
2026-08-05 22:12:13 PROGRESS 2/2 (0 failed so far)
2026-08-05 22:12:13 Sweep finished: 2/2 attempted, 0 failed
