2026-08-21 16:48:52 CIFAR-10 stage (metric-privacy, homogeneous, seed=42, noise_ratio=0.00125): 2 trajectories
2026-08-21 16:48:52 START cifar10-in-remove__homogeneous__metric-privacy__fedavg__clients-100__seed-42__nm0p125__clip5__rounds-20__epochs-5__cifar10_remove__cifar10_cnn 
2026-08-21 16:55:54 DONE  cifar10-in-remove__homogeneous__metric-privacy__fedavg__clients-100__seed-42__nm0p125__clip5__rounds-20__epochs-5__cifar10_remove__cifar10_cnn (421.4s)
2026-08-21 16:55:57 EVALUATED cifar10-in-remove__homogeneous__metric-privacy__fedavg__clients-100__seed-42__nm0p125__clip5__rounds-20__epochs-5__cifar10_remove__cifar10_cnn round=1 (checkpoint deleted)
2026-08-21 16:56:00 EVALUATED cifar10-in-remove__homogeneous__metric-privacy__fedavg__clients-100__seed-42__nm0p125__clip5__rounds-20__epochs-5__cifar10_remove__cifar10_cnn round=2 (checkpoint deleted)
2026-08-21 16:56:03 EVALUATED cifar10-in-remove__homogeneous__metric-privacy__fedavg__clients-100__seed-42__nm0p125__clip5__rounds-20__epochs-5__cifar10_remove__cifar10_cnn round=3 (checkpoint deleted)
2026-08-21 16:56:06 EVALUATED cifar10-in-remove__homogeneous__metric-privacy__fedavg__clients-100__seed-42__nm0p125__clip5__rounds-20__epochs-5__cifar10_remove__cifar10_cnn round=4 (checkpoint deleted)
2026-08-21 16:56:09 EVALUATED cifar10-in-remove__homogeneous__metric-privacy__fedavg__clients-100__seed-42__nm0p125__clip5__rounds-20__epochs-5__cifar10_remove__cifar10_cnn round=5 (checkpoint deleted)
2026-08-21 16:56:12 EVALUATED cifar10-in-remove__homogeneous__metric-privacy__fedavg__clients-100__seed-42__nm0p125__clip5__rounds-20__epochs-5__cifar10_remove__cifar10_cnn round=6 (checkpoint deleted)
2026-08-21 16:56:15 EVALUATED cifar10-in-remove__homogeneous__metric-privacy__fedavg__clients-100__seed-42__nm0p125__clip5__rounds-20__epochs-5__cifar10_remove__cifar10_cnn round=7 (checkpoint deleted)
2026-08-21 16:56:18 EVALUATED cifar10-in-remove__homogeneous__metric-privacy__fedavg__clients-100__seed-42__nm0p125__clip5__rounds-20__epochs-5__cifar10_remove__cifar10_cnn round=8 (checkpoint deleted)
2026-08-21 16:56:21 EVALUATED cifar10-in-remove__homogeneous__metric-privacy__fedavg__clients-100__seed-42__nm0p125__clip5__rounds-20__epochs-5__cifar10_remove__cifar10_cnn round=9 (checkpoint deleted)
2026-08-21 16:56:24 EVALUATED cifar10-in-remove__homogeneous__metric-privacy__fedavg__clients-100__seed-42__nm0p125__clip5__rounds-20__epochs-5__cifar10_remove__cifar10_cnn round=10 (checkpoint deleted)
2026-08-21 16:56:27 EVALUATED cifar10-in-remove__homogeneous__metric-privacy__fedavg__clients-100__seed-42__nm0p125__clip5__rounds-20__epochs-5__cifar10_remove__cifar10_cnn round=11 (checkpoint deleted)
2026-08-21 16:56:30 EVALUATED cifar10-in-remove__homogeneous__metric-privacy__fedavg__clients-100__seed-42__nm0p125__clip5__rounds-20__epochs-5__cifar10_remove__cifar10_cnn round=12 (checkpoint deleted)
2026-08-21 16:56:33 EVALUATED cifar10-in-remove__homogeneous__metric-privacy__fedavg__clients-100__seed-42__nm0p125__clip5__rounds-20__epochs-5__cifar10_remove__cifar10_cnn round=13 (checkpoint deleted)
2026-08-21 16:56:36 EVALUATED cifar10-in-remove__homogeneous__metric-privacy__fedavg__clients-100__seed-42__nm0p125__clip5__rounds-20__epochs-5__cifar10_remove__cifar10_cnn round=14 (checkpoint deleted)
2026-08-21 16:56:39 EVALUATED cifar10-in-remove__homogeneous__metric-privacy__fedavg__clients-100__seed-42__nm0p125__clip5__rounds-20__epochs-5__cifar10_remove__cifar10_cnn round=15 (checkpoint deleted)
2026-08-21 16:56:42 EVALUATED cifar10-in-remove__homogeneous__metric-privacy__fedavg__clients-100__seed-42__nm0p125__clip5__rounds-20__epochs-5__cifar10_remove__cifar10_cnn round=16 (checkpoint deleted)
2026-08-21 16:56:45 EVALUATED cifar10-in-remove__homogeneous__metric-privacy__fedavg__clients-100__seed-42__nm0p125__clip5__rounds-20__epochs-5__cifar10_remove__cifar10_cnn round=17 (checkpoint deleted)
2026-08-21 16:56:48 EVALUATED cifar10-in-remove__homogeneous__metric-privacy__fedavg__clients-100__seed-42__nm0p125__clip5__rounds-20__epochs-5__cifar10_remove__cifar10_cnn round=18 (checkpoint deleted)
2026-08-21 16:56:51 EVALUATED cifar10-in-remove__homogeneous__metric-privacy__fedavg__clients-100__seed-42__nm0p125__clip5__rounds-20__epochs-5__cifar10_remove__cifar10_cnn round=19 (checkpoint deleted)
2026-08-21 16:56:54 EVALUATED cifar10-in-remove__homogeneous__metric-privacy__fedavg__clients-100__seed-42__nm0p125__clip5__rounds-20__epochs-5__cifar10_remove__cifar10_cnn round=20 (checkpoint deleted)
2026-08-21 16:56:54 PROGRESS 1/2 (0 failed so far)
2026-08-21 16:56:54 START cifar10-out-remove__homogeneous__metric-privacy__fedavg__clients-99__seed-42__nm0p12375__clip5__rounds-20__epochs-5__cifar10_remove__cifar10_cnn 
2026-08-21 17:03:51 DONE  cifar10-out-remove__homogeneous__metric-privacy__fedavg__clients-99__seed-42__nm0p12375__clip5__rounds-20__epochs-5__cifar10_remove__cifar10_cnn (416.9s)
2026-08-21 17:03:54 EVALUATED cifar10-out-remove__homogeneous__metric-privacy__fedavg__clients-99__seed-42__nm0p12375__clip5__rounds-20__epochs-5__cifar10_remove__cifar10_cnn round=1 (checkpoint deleted)
2026-08-21 17:03:57 EVALUATED cifar10-out-remove__homogeneous__metric-privacy__fedavg__clients-99__seed-42__nm0p12375__clip5__rounds-20__epochs-5__cifar10_remove__cifar10_cnn round=2 (checkpoint deleted)
2026-08-21 17:04:00 EVALUATED cifar10-out-remove__homogeneous__metric-privacy__fedavg__clients-99__seed-42__nm0p12375__clip5__rounds-20__epochs-5__cifar10_remove__cifar10_cnn round=3 (checkpoint deleted)
2026-08-21 17:04:03 EVALUATED cifar10-out-remove__homogeneous__metric-privacy__fedavg__clients-99__seed-42__nm0p12375__clip5__rounds-20__epochs-5__cifar10_remove__cifar10_cnn round=4 (checkpoint deleted)
2026-08-21 17:04:06 EVALUATED cifar10-out-remove__homogeneous__metric-privacy__fedavg__clients-99__seed-42__nm0p12375__clip5__rounds-20__epochs-5__cifar10_remove__cifar10_cnn round=5 (checkpoint deleted)
2026-08-21 17:04:09 EVALUATED cifar10-out-remove__homogeneous__metric-privacy__fedavg__clients-99__seed-42__nm0p12375__clip5__rounds-20__epochs-5__cifar10_remove__cifar10_cnn round=6 (checkpoint deleted)
2026-08-21 17:04:12 EVALUATED cifar10-out-remove__homogeneous__metric-privacy__fedavg__clients-99__seed-42__nm0p12375__clip5__rounds-20__epochs-5__cifar10_remove__cifar10_cnn round=7 (checkpoint deleted)
2026-08-21 17:04:15 EVALUATED cifar10-out-remove__homogeneous__metric-privacy__fedavg__clients-99__seed-42__nm0p12375__clip5__rounds-20__epochs-5__cifar10_remove__cifar10_cnn round=8 (checkpoint deleted)
2026-08-21 17:04:18 EVALUATED cifar10-out-remove__homogeneous__metric-privacy__fedavg__clients-99__seed-42__nm0p12375__clip5__rounds-20__epochs-5__cifar10_remove__cifar10_cnn round=9 (checkpoint deleted)
2026-08-21 17:04:21 EVALUATED cifar10-out-remove__homogeneous__metric-privacy__fedavg__clients-99__seed-42__nm0p12375__clip5__rounds-20__epochs-5__cifar10_remove__cifar10_cnn round=10 (checkpoint deleted)
2026-08-21 17:04:24 EVALUATED cifar10-out-remove__homogeneous__metric-privacy__fedavg__clients-99__seed-42__nm0p12375__clip5__rounds-20__epochs-5__cifar10_remove__cifar10_cnn round=11 (checkpoint deleted)
2026-08-21 17:04:28 EVALUATED cifar10-out-remove__homogeneous__metric-privacy__fedavg__clients-99__seed-42__nm0p12375__clip5__rounds-20__epochs-5__cifar10_remove__cifar10_cnn round=12 (checkpoint deleted)
2026-08-21 17:04:31 EVALUATED cifar10-out-remove__homogeneous__metric-privacy__fedavg__clients-99__seed-42__nm0p12375__clip5__rounds-20__epochs-5__cifar10_remove__cifar10_cnn round=13 (checkpoint deleted)
2026-08-21 17:04:34 EVALUATED cifar10-out-remove__homogeneous__metric-privacy__fedavg__clients-99__seed-42__nm0p12375__clip5__rounds-20__epochs-5__cifar10_remove__cifar10_cnn round=14 (checkpoint deleted)
2026-08-21 17:04:37 EVALUATED cifar10-out-remove__homogeneous__metric-privacy__fedavg__clients-99__seed-42__nm0p12375__clip5__rounds-20__epochs-5__cifar10_remove__cifar10_cnn round=15 (checkpoint deleted)
2026-08-21 17:04:40 EVALUATED cifar10-out-remove__homogeneous__metric-privacy__fedavg__clients-99__seed-42__nm0p12375__clip5__rounds-20__epochs-5__cifar10_remove__cifar10_cnn round=16 (checkpoint deleted)
2026-08-21 17:04:43 EVALUATED cifar10-out-remove__homogeneous__metric-privacy__fedavg__clients-99__seed-42__nm0p12375__clip5__rounds-20__epochs-5__cifar10_remove__cifar10_cnn round=17 (checkpoint deleted)
2026-08-21 17:04:46 EVALUATED cifar10-out-remove__homogeneous__metric-privacy__fedavg__clients-99__seed-42__nm0p12375__clip5__rounds-20__epochs-5__cifar10_remove__cifar10_cnn round=18 (checkpoint deleted)
2026-08-21 17:04:49 EVALUATED cifar10-out-remove__homogeneous__metric-privacy__fedavg__clients-99__seed-42__nm0p12375__clip5__rounds-20__epochs-5__cifar10_remove__cifar10_cnn round=19 (checkpoint deleted)
2026-08-21 17:04:52 EVALUATED cifar10-out-remove__homogeneous__metric-privacy__fedavg__clients-99__seed-42__nm0p12375__clip5__rounds-20__epochs-5__cifar10_remove__cifar10_cnn round=20 (checkpoint deleted)
2026-08-21 17:04:52 PROGRESS 2/2 (0 failed so far)
2026-08-21 17:04:52 Sweep finished: 2/2 attempted, 0 failed
2026-08-21 17:04:52 CIFAR-10 stage (metric-privacy, homogeneous, seed=42, noise_ratio=0.00125): 2 trajectories
2026-08-21 17:04:52 SKIP  2 combinations (attack results already exist)
2026-08-21 17:04:52 Sweep finished: 2/2 attempted, 0 failed
