2026-08-05 20:44:39 Starting full chunk: 2 trajectories
2026-08-05 20:44:39 START cifar-full-in-replace__non-iid__global-dp__fedavg__clients-16__seed-42__nm0p1__clip5__rounds-20__epochs-5__cifar_chunks__cifar10_cnn 
2026-08-05 20:50:26 DONE  cifar-full-in-replace__non-iid__global-dp__fedavg__clients-16__seed-42__nm0p1__clip5__rounds-20__epochs-5__cifar_chunks__cifar10_cnn (347.6s)
2026-08-05 20:50:33 EVALUATED cifar-full-in-replace__non-iid__global-dp__fedavg__clients-16__seed-42__nm0p1__clip5__rounds-20__epochs-5__cifar_chunks__cifar10_cnn round=1 (checkpoint deleted)
2026-08-05 20:50:37 EVALUATED cifar-full-in-replace__non-iid__global-dp__fedavg__clients-16__seed-42__nm0p1__clip5__rounds-20__epochs-5__cifar_chunks__cifar10_cnn round=2 (checkpoint deleted)
2026-08-05 20:50:41 EVALUATED cifar-full-in-replace__non-iid__global-dp__fedavg__clients-16__seed-42__nm0p1__clip5__rounds-20__epochs-5__cifar_chunks__cifar10_cnn round=3 (checkpoint deleted)
2026-08-05 20:50:45 EVALUATED cifar-full-in-replace__non-iid__global-dp__fedavg__clients-16__seed-42__nm0p1__clip5__rounds-20__epochs-5__cifar_chunks__cifar10_cnn round=4 (checkpoint deleted)
2026-08-05 20:50:50 EVALUATED cifar-full-in-replace__non-iid__global-dp__fedavg__clients-16__seed-42__nm0p1__clip5__rounds-20__epochs-5__cifar_chunks__cifar10_cnn round=5 (checkpoint deleted)
2026-08-05 20:50:54 EVALUATED cifar-full-in-replace__non-iid__global-dp__fedavg__clients-16__seed-42__nm0p1__clip5__rounds-20__epochs-5__cifar_chunks__cifar10_cnn round=6 (checkpoint deleted)
2026-08-05 20:50:58 EVALUATED cifar-full-in-replace__non-iid__global-dp__fedavg__clients-16__seed-42__nm0p1__clip5__rounds-20__epochs-5__cifar_chunks__cifar10_cnn round=7 (checkpoint deleted)
2026-08-05 20:51:03 EVALUATED cifar-full-in-replace__non-iid__global-dp__fedavg__clients-16__seed-42__nm0p1__clip5__rounds-20__epochs-5__cifar_chunks__cifar10_cnn round=8 (checkpoint deleted)
2026-08-05 20:51:07 EVALUATED cifar-full-in-replace__non-iid__global-dp__fedavg__clients-16__seed-42__nm0p1__clip5__rounds-20__epochs-5__cifar_chunks__cifar10_cnn round=9 (checkpoint deleted)
2026-08-05 20:51:11 EVALUATED cifar-full-in-replace__non-iid__global-dp__fedavg__clients-16__seed-42__nm0p1__clip5__rounds-20__epochs-5__cifar_chunks__cifar10_cnn round=10 (checkpoint deleted)
2026-08-05 20:51:15 EVALUATED cifar-full-in-replace__non-iid__global-dp__fedavg__clients-16__seed-42__nm0p1__clip5__rounds-20__epochs-5__cifar_chunks__cifar10_cnn round=11 (checkpoint deleted)
2026-08-05 20:51:20 EVALUATED cifar-full-in-replace__non-iid__global-dp__fedavg__clients-16__seed-42__nm0p1__clip5__rounds-20__epochs-5__cifar_chunks__cifar10_cnn round=12 (checkpoint deleted)
2026-08-05 20:51:24 EVALUATED cifar-full-in-replace__non-iid__global-dp__fedavg__clients-16__seed-42__nm0p1__clip5__rounds-20__epochs-5__cifar_chunks__cifar10_cnn round=13 (checkpoint deleted)
2026-08-05 20:51:28 EVALUATED cifar-full-in-replace__non-iid__global-dp__fedavg__clients-16__seed-42__nm0p1__clip5__rounds-20__epochs-5__cifar_chunks__cifar10_cnn round=14 (checkpoint deleted)
2026-08-05 20:51:32 EVALUATED cifar-full-in-replace__non-iid__global-dp__fedavg__clients-16__seed-42__nm0p1__clip5__rounds-20__epochs-5__cifar_chunks__cifar10_cnn round=15 (checkpoint deleted)
2026-08-05 20:51:37 EVALUATED cifar-full-in-replace__non-iid__global-dp__fedavg__clients-16__seed-42__nm0p1__clip5__rounds-20__epochs-5__cifar_chunks__cifar10_cnn round=16 (checkpoint deleted)
2026-08-05 20:51:41 EVALUATED cifar-full-in-replace__non-iid__global-dp__fedavg__clients-16__seed-42__nm0p1__clip5__rounds-20__epochs-5__cifar_chunks__cifar10_cnn round=17 (checkpoint deleted)
2026-08-05 20:51:45 EVALUATED cifar-full-in-replace__non-iid__global-dp__fedavg__clients-16__seed-42__nm0p1__clip5__rounds-20__epochs-5__cifar_chunks__cifar10_cnn round=18 (checkpoint deleted)
2026-08-05 20:51:50 EVALUATED cifar-full-in-replace__non-iid__global-dp__fedavg__clients-16__seed-42__nm0p1__clip5__rounds-20__epochs-5__cifar_chunks__cifar10_cnn round=19 (checkpoint deleted)
2026-08-05 20:51:54 EVALUATED cifar-full-in-replace__non-iid__global-dp__fedavg__clients-16__seed-42__nm0p1__clip5__rounds-20__epochs-5__cifar_chunks__cifar10_cnn round=20 (checkpoint deleted)
2026-08-05 20:51:54 PROGRESS 1/2 (0 failed so far)
2026-08-05 20:51:54 START cifar-full-in-replace__non-iid__metric-privacy__fedavg__clients-16__seed-42__nm0p1__clip5__rounds-20__epochs-5__cifar_chunks__cifar10_cnn 
2026-08-05 20:57:47 DONE  cifar-full-in-replace__non-iid__metric-privacy__fedavg__clients-16__seed-42__nm0p1__clip5__rounds-20__epochs-5__cifar_chunks__cifar10_cnn (353.4s)
2026-08-05 20:57:52 EVALUATED cifar-full-in-replace__non-iid__metric-privacy__fedavg__clients-16__seed-42__nm0p1__clip5__rounds-20__epochs-5__cifar_chunks__cifar10_cnn round=1 (checkpoint deleted)
2026-08-05 20:57:56 EVALUATED cifar-full-in-replace__non-iid__metric-privacy__fedavg__clients-16__seed-42__nm0p1__clip5__rounds-20__epochs-5__cifar_chunks__cifar10_cnn round=2 (checkpoint deleted)
2026-08-05 20:58:00 EVALUATED cifar-full-in-replace__non-iid__metric-privacy__fedavg__clients-16__seed-42__nm0p1__clip5__rounds-20__epochs-5__cifar_chunks__cifar10_cnn round=3 (checkpoint deleted)
2026-08-05 20:58:04 EVALUATED cifar-full-in-replace__non-iid__metric-privacy__fedavg__clients-16__seed-42__nm0p1__clip5__rounds-20__epochs-5__cifar_chunks__cifar10_cnn round=4 (checkpoint deleted)
2026-08-05 20:58:09 EVALUATED cifar-full-in-replace__non-iid__metric-privacy__fedavg__clients-16__seed-42__nm0p1__clip5__rounds-20__epochs-5__cifar_chunks__cifar10_cnn round=5 (checkpoint deleted)
2026-08-05 20:58:13 EVALUATED cifar-full-in-replace__non-iid__metric-privacy__fedavg__clients-16__seed-42__nm0p1__clip5__rounds-20__epochs-5__cifar_chunks__cifar10_cnn round=6 (checkpoint deleted)
2026-08-05 20:58:17 EVALUATED cifar-full-in-replace__non-iid__metric-privacy__fedavg__clients-16__seed-42__nm0p1__clip5__rounds-20__epochs-5__cifar_chunks__cifar10_cnn round=7 (checkpoint deleted)
2026-08-05 20:58:21 EVALUATED cifar-full-in-replace__non-iid__metric-privacy__fedavg__clients-16__seed-42__nm0p1__clip5__rounds-20__epochs-5__cifar_chunks__cifar10_cnn round=8 (checkpoint deleted)
2026-08-05 20:58:26 EVALUATED cifar-full-in-replace__non-iid__metric-privacy__fedavg__clients-16__seed-42__nm0p1__clip5__rounds-20__epochs-5__cifar_chunks__cifar10_cnn round=9 (checkpoint deleted)
2026-08-05 20:58:30 EVALUATED cifar-full-in-replace__non-iid__metric-privacy__fedavg__clients-16__seed-42__nm0p1__clip5__rounds-20__epochs-5__cifar_chunks__cifar10_cnn round=10 (checkpoint deleted)
2026-08-05 20:58:34 EVALUATED cifar-full-in-replace__non-iid__metric-privacy__fedavg__clients-16__seed-42__nm0p1__clip5__rounds-20__epochs-5__cifar_chunks__cifar10_cnn round=11 (checkpoint deleted)
2026-08-05 20:58:39 EVALUATED cifar-full-in-replace__non-iid__metric-privacy__fedavg__clients-16__seed-42__nm0p1__clip5__rounds-20__epochs-5__cifar_chunks__cifar10_cnn round=12 (checkpoint deleted)
2026-08-05 20:58:43 EVALUATED cifar-full-in-replace__non-iid__metric-privacy__fedavg__clients-16__seed-42__nm0p1__clip5__rounds-20__epochs-5__cifar_chunks__cifar10_cnn round=13 (checkpoint deleted)
2026-08-05 20:58:47 EVALUATED cifar-full-in-replace__non-iid__metric-privacy__fedavg__clients-16__seed-42__nm0p1__clip5__rounds-20__epochs-5__cifar_chunks__cifar10_cnn round=14 (checkpoint deleted)
2026-08-05 20:58:51 EVALUATED cifar-full-in-replace__non-iid__metric-privacy__fedavg__clients-16__seed-42__nm0p1__clip5__rounds-20__epochs-5__cifar_chunks__cifar10_cnn round=15 (checkpoint deleted)
2026-08-05 20:58:56 EVALUATED cifar-full-in-replace__non-iid__metric-privacy__fedavg__clients-16__seed-42__nm0p1__clip5__rounds-20__epochs-5__cifar_chunks__cifar10_cnn round=16 (checkpoint deleted)
2026-08-05 20:59:00 EVALUATED cifar-full-in-replace__non-iid__metric-privacy__fedavg__clients-16__seed-42__nm0p1__clip5__rounds-20__epochs-5__cifar_chunks__cifar10_cnn round=17 (checkpoint deleted)
2026-08-05 20:59:04 EVALUATED cifar-full-in-replace__non-iid__metric-privacy__fedavg__clients-16__seed-42__nm0p1__clip5__rounds-20__epochs-5__cifar_chunks__cifar10_cnn round=18 (checkpoint deleted)
2026-08-05 20:59:09 EVALUATED cifar-full-in-replace__non-iid__metric-privacy__fedavg__clients-16__seed-42__nm0p1__clip5__rounds-20__epochs-5__cifar_chunks__cifar10_cnn round=19 (checkpoint deleted)
2026-08-05 20:59:13 EVALUATED cifar-full-in-replace__non-iid__metric-privacy__fedavg__clients-16__seed-42__nm0p1__clip5__rounds-20__epochs-5__cifar_chunks__cifar10_cnn round=20 (checkpoint deleted)
2026-08-05 20:59:13 PROGRESS 2/2 (0 failed so far)
2026-08-05 20:59:13 Sweep finished: 2/2 attempted, 0 failed
