2026-08-21 05:06:14 Fashion-MNIST stage (metric-privacy, homogeneous, seed=42, noise_ratio=8.363857167223584e-05): 2 trajectories
2026-08-21 05:06:14 START fashion-mnist-in-remove__homogeneous__metric-privacy__fedavg__clients-48__seed-42__nm0p00401465__clip5__rounds-100__epochs-5__fashion_mnist_remove__fashion_mnist_cnn 
2026-08-21 05:22:24 DONE  fashion-mnist-in-remove__homogeneous__metric-privacy__fedavg__clients-48__seed-42__nm0p00401465__clip5__rounds-100__epochs-5__fashion_mnist_remove__fashion_mnist_cnn (970.0s)
2026-08-21 05:22:26 EVALUATED fashion-mnist-in-remove__homogeneous__metric-privacy__fedavg__clients-48__seed-42__nm0p00401465__clip5__rounds-100__epochs-5__fashion_mnist_remove__fashion_mnist_cnn round=1 (checkpoint deleted)
2026-08-21 05:22:29 EVALUATED fashion-mnist-in-remove__homogeneous__metric-privacy__fedavg__clients-48__seed-42__nm0p00401465__clip5__rounds-100__epochs-5__fashion_mnist_remove__fashion_mnist_cnn round=10 (checkpoint deleted)
2026-08-21 05:22:32 EVALUATED fashion-mnist-in-remove__homogeneous__metric-privacy__fedavg__clients-48__seed-42__nm0p00401465__clip5__rounds-100__epochs-5__fashion_mnist_remove__fashion_mnist_cnn round=20 (checkpoint deleted)
2026-08-21 05:22:34 EVALUATED fashion-mnist-in-remove__homogeneous__metric-privacy__fedavg__clients-48__seed-42__nm0p00401465__clip5__rounds-100__epochs-5__fashion_mnist_remove__fashion_mnist_cnn round=30 (checkpoint deleted)
2026-08-21 05:22:37 EVALUATED fashion-mnist-in-remove__homogeneous__metric-privacy__fedavg__clients-48__seed-42__nm0p00401465__clip5__rounds-100__epochs-5__fashion_mnist_remove__fashion_mnist_cnn round=40 (checkpoint deleted)
2026-08-21 05:22:39 EVALUATED fashion-mnist-in-remove__homogeneous__metric-privacy__fedavg__clients-48__seed-42__nm0p00401465__clip5__rounds-100__epochs-5__fashion_mnist_remove__fashion_mnist_cnn round=50 (checkpoint deleted)
2026-08-21 05:22:42 EVALUATED fashion-mnist-in-remove__homogeneous__metric-privacy__fedavg__clients-48__seed-42__nm0p00401465__clip5__rounds-100__epochs-5__fashion_mnist_remove__fashion_mnist_cnn round=60 (checkpoint deleted)
2026-08-21 05:22:45 EVALUATED fashion-mnist-in-remove__homogeneous__metric-privacy__fedavg__clients-48__seed-42__nm0p00401465__clip5__rounds-100__epochs-5__fashion_mnist_remove__fashion_mnist_cnn round=70 (checkpoint deleted)
2026-08-21 05:22:47 EVALUATED fashion-mnist-in-remove__homogeneous__metric-privacy__fedavg__clients-48__seed-42__nm0p00401465__clip5__rounds-100__epochs-5__fashion_mnist_remove__fashion_mnist_cnn round=80 (checkpoint deleted)
2026-08-21 05:22:50 EVALUATED fashion-mnist-in-remove__homogeneous__metric-privacy__fedavg__clients-48__seed-42__nm0p00401465__clip5__rounds-100__epochs-5__fashion_mnist_remove__fashion_mnist_cnn round=90 (checkpoint deleted)
2026-08-21 05:22:53 EVALUATED fashion-mnist-in-remove__homogeneous__metric-privacy__fedavg__clients-48__seed-42__nm0p00401465__clip5__rounds-100__epochs-5__fashion_mnist_remove__fashion_mnist_cnn round=100 (checkpoint deleted)
2026-08-21 05:22:53 PROGRESS 1/2 (0 failed so far)
2026-08-21 05:22:53 START fashion-mnist-out-remove__homogeneous__metric-privacy__fedavg__clients-47__seed-42__nm0p00393101__clip5__rounds-100__epochs-5__fashion_mnist_remove__fashion_mnist_cnn 
2026-08-21 05:38:36 DONE  fashion-mnist-out-remove__homogeneous__metric-privacy__fedavg__clients-47__seed-42__nm0p00393101__clip5__rounds-100__epochs-5__fashion_mnist_remove__fashion_mnist_cnn (943.4s)
2026-08-21 05:38:39 EVALUATED fashion-mnist-out-remove__homogeneous__metric-privacy__fedavg__clients-47__seed-42__nm0p00393101__clip5__rounds-100__epochs-5__fashion_mnist_remove__fashion_mnist_cnn round=1 (checkpoint deleted)
2026-08-21 05:38:41 EVALUATED fashion-mnist-out-remove__homogeneous__metric-privacy__fedavg__clients-47__seed-42__nm0p00393101__clip5__rounds-100__epochs-5__fashion_mnist_remove__fashion_mnist_cnn round=10 (checkpoint deleted)
2026-08-21 05:38:44 EVALUATED fashion-mnist-out-remove__homogeneous__metric-privacy__fedavg__clients-47__seed-42__nm0p00393101__clip5__rounds-100__epochs-5__fashion_mnist_remove__fashion_mnist_cnn round=20 (checkpoint deleted)
2026-08-21 05:38:46 EVALUATED fashion-mnist-out-remove__homogeneous__metric-privacy__fedavg__clients-47__seed-42__nm0p00393101__clip5__rounds-100__epochs-5__fashion_mnist_remove__fashion_mnist_cnn round=30 (checkpoint deleted)
2026-08-21 05:38:49 EVALUATED fashion-mnist-out-remove__homogeneous__metric-privacy__fedavg__clients-47__seed-42__nm0p00393101__clip5__rounds-100__epochs-5__fashion_mnist_remove__fashion_mnist_cnn round=40 (checkpoint deleted)
2026-08-21 05:38:52 EVALUATED fashion-mnist-out-remove__homogeneous__metric-privacy__fedavg__clients-47__seed-42__nm0p00393101__clip5__rounds-100__epochs-5__fashion_mnist_remove__fashion_mnist_cnn round=50 (checkpoint deleted)
2026-08-21 05:38:54 EVALUATED fashion-mnist-out-remove__homogeneous__metric-privacy__fedavg__clients-47__seed-42__nm0p00393101__clip5__rounds-100__epochs-5__fashion_mnist_remove__fashion_mnist_cnn round=60 (checkpoint deleted)
2026-08-21 05:38:57 EVALUATED fashion-mnist-out-remove__homogeneous__metric-privacy__fedavg__clients-47__seed-42__nm0p00393101__clip5__rounds-100__epochs-5__fashion_mnist_remove__fashion_mnist_cnn round=70 (checkpoint deleted)
2026-08-21 05:38:59 EVALUATED fashion-mnist-out-remove__homogeneous__metric-privacy__fedavg__clients-47__seed-42__nm0p00393101__clip5__rounds-100__epochs-5__fashion_mnist_remove__fashion_mnist_cnn round=80 (checkpoint deleted)
2026-08-21 05:39:02 EVALUATED fashion-mnist-out-remove__homogeneous__metric-privacy__fedavg__clients-47__seed-42__nm0p00393101__clip5__rounds-100__epochs-5__fashion_mnist_remove__fashion_mnist_cnn round=90 (checkpoint deleted)
2026-08-21 05:39:05 EVALUATED fashion-mnist-out-remove__homogeneous__metric-privacy__fedavg__clients-47__seed-42__nm0p00393101__clip5__rounds-100__epochs-5__fashion_mnist_remove__fashion_mnist_cnn round=100 (checkpoint deleted)
2026-08-21 05:39:05 PROGRESS 2/2 (0 failed so far)
2026-08-21 05:39:05 Sweep finished: 2/2 attempted, 0 failed
