2026-08-11 14:08:32 CIFAR-10 removal CIA chunk (metric-privacy, clients=8): 1 trajectories
2026-08-11 14:08:32 START cifar10-in-remove__non-iid__metric-privacy__fedavg__clients-8__seed-42__nm0p0182__clip5__rounds-20__epochs-5__cifar10_remove__cifar10_cnn 
2026-08-11 14:20:12 DONE  cifar10-in-remove__non-iid__metric-privacy__fedavg__clients-8__seed-42__nm0p0182__clip5__rounds-20__epochs-5__cifar10_remove__cifar10_cnn (699.6s)
2026-08-11 14:20:23 EVALUATED cifar10-in-remove__non-iid__metric-privacy__fedavg__clients-8__seed-42__nm0p0182__clip5__rounds-20__epochs-5__cifar10_remove__cifar10_cnn round=1 (checkpoint deleted)
2026-08-11 14:20:30 EVALUATED cifar10-in-remove__non-iid__metric-privacy__fedavg__clients-8__seed-42__nm0p0182__clip5__rounds-20__epochs-5__cifar10_remove__cifar10_cnn round=2 (checkpoint deleted)
2026-08-11 14:20:37 EVALUATED cifar10-in-remove__non-iid__metric-privacy__fedavg__clients-8__seed-42__nm0p0182__clip5__rounds-20__epochs-5__cifar10_remove__cifar10_cnn round=3 (checkpoint deleted)
2026-08-11 14:20:44 EVALUATED cifar10-in-remove__non-iid__metric-privacy__fedavg__clients-8__seed-42__nm0p0182__clip5__rounds-20__epochs-5__cifar10_remove__cifar10_cnn round=4 (checkpoint deleted)
2026-08-11 14:20:52 EVALUATED cifar10-in-remove__non-iid__metric-privacy__fedavg__clients-8__seed-42__nm0p0182__clip5__rounds-20__epochs-5__cifar10_remove__cifar10_cnn round=5 (checkpoint deleted)
2026-08-11 14:20:59 EVALUATED cifar10-in-remove__non-iid__metric-privacy__fedavg__clients-8__seed-42__nm0p0182__clip5__rounds-20__epochs-5__cifar10_remove__cifar10_cnn round=6 (checkpoint deleted)
2026-08-11 14:21:06 EVALUATED cifar10-in-remove__non-iid__metric-privacy__fedavg__clients-8__seed-42__nm0p0182__clip5__rounds-20__epochs-5__cifar10_remove__cifar10_cnn round=7 (checkpoint deleted)
2026-08-11 14:21:13 EVALUATED cifar10-in-remove__non-iid__metric-privacy__fedavg__clients-8__seed-42__nm0p0182__clip5__rounds-20__epochs-5__cifar10_remove__cifar10_cnn round=8 (checkpoint deleted)
2026-08-11 14:21:20 EVALUATED cifar10-in-remove__non-iid__metric-privacy__fedavg__clients-8__seed-42__nm0p0182__clip5__rounds-20__epochs-5__cifar10_remove__cifar10_cnn round=9 (checkpoint deleted)
2026-08-11 14:21:27 EVALUATED cifar10-in-remove__non-iid__metric-privacy__fedavg__clients-8__seed-42__nm0p0182__clip5__rounds-20__epochs-5__cifar10_remove__cifar10_cnn round=10 (checkpoint deleted)
2026-08-11 14:21:35 EVALUATED cifar10-in-remove__non-iid__metric-privacy__fedavg__clients-8__seed-42__nm0p0182__clip5__rounds-20__epochs-5__cifar10_remove__cifar10_cnn round=11 (checkpoint deleted)
2026-08-11 14:21:42 EVALUATED cifar10-in-remove__non-iid__metric-privacy__fedavg__clients-8__seed-42__nm0p0182__clip5__rounds-20__epochs-5__cifar10_remove__cifar10_cnn round=12 (checkpoint deleted)
2026-08-11 14:21:49 EVALUATED cifar10-in-remove__non-iid__metric-privacy__fedavg__clients-8__seed-42__nm0p0182__clip5__rounds-20__epochs-5__cifar10_remove__cifar10_cnn round=13 (checkpoint deleted)
2026-08-11 14:21:56 EVALUATED cifar10-in-remove__non-iid__metric-privacy__fedavg__clients-8__seed-42__nm0p0182__clip5__rounds-20__epochs-5__cifar10_remove__cifar10_cnn round=14 (checkpoint deleted)
2026-08-11 14:22:03 EVALUATED cifar10-in-remove__non-iid__metric-privacy__fedavg__clients-8__seed-42__nm0p0182__clip5__rounds-20__epochs-5__cifar10_remove__cifar10_cnn round=15 (checkpoint deleted)
2026-08-11 14:22:11 EVALUATED cifar10-in-remove__non-iid__metric-privacy__fedavg__clients-8__seed-42__nm0p0182__clip5__rounds-20__epochs-5__cifar10_remove__cifar10_cnn round=16 (checkpoint deleted)
2026-08-11 14:22:18 EVALUATED cifar10-in-remove__non-iid__metric-privacy__fedavg__clients-8__seed-42__nm0p0182__clip5__rounds-20__epochs-5__cifar10_remove__cifar10_cnn round=17 (checkpoint deleted)
2026-08-11 14:22:25 EVALUATED cifar10-in-remove__non-iid__metric-privacy__fedavg__clients-8__seed-42__nm0p0182__clip5__rounds-20__epochs-5__cifar10_remove__cifar10_cnn round=18 (checkpoint deleted)
2026-08-11 14:22:32 EVALUATED cifar10-in-remove__non-iid__metric-privacy__fedavg__clients-8__seed-42__nm0p0182__clip5__rounds-20__epochs-5__cifar10_remove__cifar10_cnn round=19 (checkpoint deleted)
2026-08-11 14:22:39 EVALUATED cifar10-in-remove__non-iid__metric-privacy__fedavg__clients-8__seed-42__nm0p0182__clip5__rounds-20__epochs-5__cifar10_remove__cifar10_cnn round=20 (checkpoint deleted)
2026-08-11 14:22:39 PROGRESS 1/1 (0 failed so far)
2026-08-11 14:22:39 Sweep finished: 1/1 attempted, 0 failed
