2026-08-20 07:40:51 Alzheimer stage (metric-privacy, homogeneous, seed=42, noise_ratio=0.00062267734904117): 2 trajectories
2026-08-20 07:40:51 START alzheimer-in-remove__homogeneous__metric-privacy__fedavg__clients-48__seed-42__nm0p0298885__clip5__rounds-100__epochs-5__alzheimer_remove__paper_cnn 
2026-08-20 08:06:22 DONE  alzheimer-in-remove__homogeneous__metric-privacy__fedavg__clients-48__seed-42__nm0p0298885__clip5__rounds-100__epochs-5__alzheimer_remove__paper_cnn (1531.0s)
2026-08-20 08:06:23 EVALUATED alzheimer-in-remove__homogeneous__metric-privacy__fedavg__clients-48__seed-42__nm0p0298885__clip5__rounds-100__epochs-5__alzheimer_remove__paper_cnn round=1 (checkpoint deleted)
2026-08-20 08:06:23 EVALUATED alzheimer-in-remove__homogeneous__metric-privacy__fedavg__clients-48__seed-42__nm0p0298885__clip5__rounds-100__epochs-5__alzheimer_remove__paper_cnn round=10 (checkpoint deleted)
2026-08-20 08:06:24 EVALUATED alzheimer-in-remove__homogeneous__metric-privacy__fedavg__clients-48__seed-42__nm0p0298885__clip5__rounds-100__epochs-5__alzheimer_remove__paper_cnn round=20 (checkpoint deleted)
2026-08-20 08:06:24 EVALUATED alzheimer-in-remove__homogeneous__metric-privacy__fedavg__clients-48__seed-42__nm0p0298885__clip5__rounds-100__epochs-5__alzheimer_remove__paper_cnn round=30 (checkpoint deleted)
2026-08-20 08:06:25 EVALUATED alzheimer-in-remove__homogeneous__metric-privacy__fedavg__clients-48__seed-42__nm0p0298885__clip5__rounds-100__epochs-5__alzheimer_remove__paper_cnn round=40 (checkpoint deleted)
2026-08-20 08:06:25 EVALUATED alzheimer-in-remove__homogeneous__metric-privacy__fedavg__clients-48__seed-42__nm0p0298885__clip5__rounds-100__epochs-5__alzheimer_remove__paper_cnn round=50 (checkpoint deleted)
2026-08-20 08:06:26 EVALUATED alzheimer-in-remove__homogeneous__metric-privacy__fedavg__clients-48__seed-42__nm0p0298885__clip5__rounds-100__epochs-5__alzheimer_remove__paper_cnn round=60 (checkpoint deleted)
2026-08-20 08:06:26 EVALUATED alzheimer-in-remove__homogeneous__metric-privacy__fedavg__clients-48__seed-42__nm0p0298885__clip5__rounds-100__epochs-5__alzheimer_remove__paper_cnn round=70 (checkpoint deleted)
2026-08-20 08:06:27 EVALUATED alzheimer-in-remove__homogeneous__metric-privacy__fedavg__clients-48__seed-42__nm0p0298885__clip5__rounds-100__epochs-5__alzheimer_remove__paper_cnn round=80 (checkpoint deleted)
2026-08-20 08:06:27 EVALUATED alzheimer-in-remove__homogeneous__metric-privacy__fedavg__clients-48__seed-42__nm0p0298885__clip5__rounds-100__epochs-5__alzheimer_remove__paper_cnn round=90 (checkpoint deleted)
2026-08-20 08:06:28 EVALUATED alzheimer-in-remove__homogeneous__metric-privacy__fedavg__clients-48__seed-42__nm0p0298885__clip5__rounds-100__epochs-5__alzheimer_remove__paper_cnn round=100 (checkpoint deleted)
2026-08-20 08:06:28 PROGRESS 1/2 (0 failed so far)
2026-08-20 08:06:28 START alzheimer-out-remove__homogeneous__metric-privacy__fedavg__clients-47__seed-42__nm0p0292658__clip5__rounds-100__epochs-5__alzheimer_remove__paper_cnn 
2026-08-20 08:31:33 DONE  alzheimer-out-remove__homogeneous__metric-privacy__fedavg__clients-47__seed-42__nm0p0292658__clip5__rounds-100__epochs-5__alzheimer_remove__paper_cnn (1505.7s)
2026-08-20 08:31:34 EVALUATED alzheimer-out-remove__homogeneous__metric-privacy__fedavg__clients-47__seed-42__nm0p0292658__clip5__rounds-100__epochs-5__alzheimer_remove__paper_cnn round=1 (checkpoint deleted)
2026-08-20 08:31:34 EVALUATED alzheimer-out-remove__homogeneous__metric-privacy__fedavg__clients-47__seed-42__nm0p0292658__clip5__rounds-100__epochs-5__alzheimer_remove__paper_cnn round=10 (checkpoint deleted)
2026-08-20 08:31:35 EVALUATED alzheimer-out-remove__homogeneous__metric-privacy__fedavg__clients-47__seed-42__nm0p0292658__clip5__rounds-100__epochs-5__alzheimer_remove__paper_cnn round=20 (checkpoint deleted)
2026-08-20 08:31:35 EVALUATED alzheimer-out-remove__homogeneous__metric-privacy__fedavg__clients-47__seed-42__nm0p0292658__clip5__rounds-100__epochs-5__alzheimer_remove__paper_cnn round=30 (checkpoint deleted)
2026-08-20 08:31:36 EVALUATED alzheimer-out-remove__homogeneous__metric-privacy__fedavg__clients-47__seed-42__nm0p0292658__clip5__rounds-100__epochs-5__alzheimer_remove__paper_cnn round=40 (checkpoint deleted)
2026-08-20 08:31:36 EVALUATED alzheimer-out-remove__homogeneous__metric-privacy__fedavg__clients-47__seed-42__nm0p0292658__clip5__rounds-100__epochs-5__alzheimer_remove__paper_cnn round=50 (checkpoint deleted)
2026-08-20 08:31:37 EVALUATED alzheimer-out-remove__homogeneous__metric-privacy__fedavg__clients-47__seed-42__nm0p0292658__clip5__rounds-100__epochs-5__alzheimer_remove__paper_cnn round=60 (checkpoint deleted)
2026-08-20 08:31:37 EVALUATED alzheimer-out-remove__homogeneous__metric-privacy__fedavg__clients-47__seed-42__nm0p0292658__clip5__rounds-100__epochs-5__alzheimer_remove__paper_cnn round=70 (checkpoint deleted)
2026-08-20 08:31:38 EVALUATED alzheimer-out-remove__homogeneous__metric-privacy__fedavg__clients-47__seed-42__nm0p0292658__clip5__rounds-100__epochs-5__alzheimer_remove__paper_cnn round=80 (checkpoint deleted)
2026-08-20 08:31:38 EVALUATED alzheimer-out-remove__homogeneous__metric-privacy__fedavg__clients-47__seed-42__nm0p0292658__clip5__rounds-100__epochs-5__alzheimer_remove__paper_cnn round=90 (checkpoint deleted)
2026-08-20 08:31:39 EVALUATED alzheimer-out-remove__homogeneous__metric-privacy__fedavg__clients-47__seed-42__nm0p0292658__clip5__rounds-100__epochs-5__alzheimer_remove__paper_cnn round=100 (checkpoint deleted)
2026-08-20 08:31:39 PROGRESS 2/2 (0 failed so far)
2026-08-20 08:31:39 Sweep finished: 2/2 attempted, 0 failed
