2026-08-05 22:14:51 Starting full chunk: 2 trajectories
2026-08-05 22:14:51 START cifar-full-out-replace__non-iid__global-dp__fedavg__clients-16__seed-44__nm0p053328__clip5__rounds-20__epochs-5__cifar_chunks__cifar10_cnn 
2026-08-05 22:20:36 DONE  cifar-full-out-replace__non-iid__global-dp__fedavg__clients-16__seed-44__nm0p053328__clip5__rounds-20__epochs-5__cifar_chunks__cifar10_cnn (345.5s)
2026-08-05 22:20:44 EVALUATED cifar-full-out-replace__non-iid__global-dp__fedavg__clients-16__seed-44__nm0p053328__clip5__rounds-20__epochs-5__cifar_chunks__cifar10_cnn round=1 (checkpoint deleted)
2026-08-05 22:20:47 EVALUATED cifar-full-out-replace__non-iid__global-dp__fedavg__clients-16__seed-44__nm0p053328__clip5__rounds-20__epochs-5__cifar_chunks__cifar10_cnn round=2 (checkpoint deleted)
2026-08-05 22:20:51 EVALUATED cifar-full-out-replace__non-iid__global-dp__fedavg__clients-16__seed-44__nm0p053328__clip5__rounds-20__epochs-5__cifar_chunks__cifar10_cnn round=3 (checkpoint deleted)
2026-08-05 22:20:55 EVALUATED cifar-full-out-replace__non-iid__global-dp__fedavg__clients-16__seed-44__nm0p053328__clip5__rounds-20__epochs-5__cifar_chunks__cifar10_cnn round=4 (checkpoint deleted)
2026-08-05 22:21:00 EVALUATED cifar-full-out-replace__non-iid__global-dp__fedavg__clients-16__seed-44__nm0p053328__clip5__rounds-20__epochs-5__cifar_chunks__cifar10_cnn round=5 (checkpoint deleted)
2026-08-05 22:21:04 EVALUATED cifar-full-out-replace__non-iid__global-dp__fedavg__clients-16__seed-44__nm0p053328__clip5__rounds-20__epochs-5__cifar_chunks__cifar10_cnn round=6 (checkpoint deleted)
2026-08-05 22:21:07 EVALUATED cifar-full-out-replace__non-iid__global-dp__fedavg__clients-16__seed-44__nm0p053328__clip5__rounds-20__epochs-5__cifar_chunks__cifar10_cnn round=7 (checkpoint deleted)
2026-08-05 22:21:11 EVALUATED cifar-full-out-replace__non-iid__global-dp__fedavg__clients-16__seed-44__nm0p053328__clip5__rounds-20__epochs-5__cifar_chunks__cifar10_cnn round=8 (checkpoint deleted)
2026-08-05 22:21:15 EVALUATED cifar-full-out-replace__non-iid__global-dp__fedavg__clients-16__seed-44__nm0p053328__clip5__rounds-20__epochs-5__cifar_chunks__cifar10_cnn round=9 (checkpoint deleted)
2026-08-05 22:21:19 EVALUATED cifar-full-out-replace__non-iid__global-dp__fedavg__clients-16__seed-44__nm0p053328__clip5__rounds-20__epochs-5__cifar_chunks__cifar10_cnn round=10 (checkpoint deleted)
2026-08-05 22:21:23 EVALUATED cifar-full-out-replace__non-iid__global-dp__fedavg__clients-16__seed-44__nm0p053328__clip5__rounds-20__epochs-5__cifar_chunks__cifar10_cnn round=11 (checkpoint deleted)
2026-08-05 22:21:27 EVALUATED cifar-full-out-replace__non-iid__global-dp__fedavg__clients-16__seed-44__nm0p053328__clip5__rounds-20__epochs-5__cifar_chunks__cifar10_cnn round=12 (checkpoint deleted)
2026-08-05 22:21:31 EVALUATED cifar-full-out-replace__non-iid__global-dp__fedavg__clients-16__seed-44__nm0p053328__clip5__rounds-20__epochs-5__cifar_chunks__cifar10_cnn round=13 (checkpoint deleted)
2026-08-05 22:21:35 EVALUATED cifar-full-out-replace__non-iid__global-dp__fedavg__clients-16__seed-44__nm0p053328__clip5__rounds-20__epochs-5__cifar_chunks__cifar10_cnn round=14 (checkpoint deleted)
2026-08-05 22:21:39 EVALUATED cifar-full-out-replace__non-iid__global-dp__fedavg__clients-16__seed-44__nm0p053328__clip5__rounds-20__epochs-5__cifar_chunks__cifar10_cnn round=15 (checkpoint deleted)
2026-08-05 22:21:43 EVALUATED cifar-full-out-replace__non-iid__global-dp__fedavg__clients-16__seed-44__nm0p053328__clip5__rounds-20__epochs-5__cifar_chunks__cifar10_cnn round=16 (checkpoint deleted)
2026-08-05 22:21:47 EVALUATED cifar-full-out-replace__non-iid__global-dp__fedavg__clients-16__seed-44__nm0p053328__clip5__rounds-20__epochs-5__cifar_chunks__cifar10_cnn round=17 (checkpoint deleted)
2026-08-05 22:21:51 EVALUATED cifar-full-out-replace__non-iid__global-dp__fedavg__clients-16__seed-44__nm0p053328__clip5__rounds-20__epochs-5__cifar_chunks__cifar10_cnn round=18 (checkpoint deleted)
2026-08-05 22:21:55 EVALUATED cifar-full-out-replace__non-iid__global-dp__fedavg__clients-16__seed-44__nm0p053328__clip5__rounds-20__epochs-5__cifar_chunks__cifar10_cnn round=19 (checkpoint deleted)
2026-08-05 22:21:59 EVALUATED cifar-full-out-replace__non-iid__global-dp__fedavg__clients-16__seed-44__nm0p053328__clip5__rounds-20__epochs-5__cifar_chunks__cifar10_cnn round=20 (checkpoint deleted)
2026-08-05 22:21:59 PROGRESS 1/2 (0 failed so far)
2026-08-05 22:21:59 START cifar-full-out-replace__non-iid__metric-privacy__fedavg__clients-16__seed-44__nm0p053328__clip5__rounds-20__epochs-5__cifar_chunks__cifar10_cnn 
2026-08-05 22:27:50 DONE  cifar-full-out-replace__non-iid__metric-privacy__fedavg__clients-16__seed-44__nm0p053328__clip5__rounds-20__epochs-5__cifar_chunks__cifar10_cnn (350.6s)
2026-08-05 22:27:54 EVALUATED cifar-full-out-replace__non-iid__metric-privacy__fedavg__clients-16__seed-44__nm0p053328__clip5__rounds-20__epochs-5__cifar_chunks__cifar10_cnn round=1 (checkpoint deleted)
2026-08-05 22:27:58 EVALUATED cifar-full-out-replace__non-iid__metric-privacy__fedavg__clients-16__seed-44__nm0p053328__clip5__rounds-20__epochs-5__cifar_chunks__cifar10_cnn round=2 (checkpoint deleted)
2026-08-05 22:28:02 EVALUATED cifar-full-out-replace__non-iid__metric-privacy__fedavg__clients-16__seed-44__nm0p053328__clip5__rounds-20__epochs-5__cifar_chunks__cifar10_cnn round=3 (checkpoint deleted)
2026-08-05 22:28:06 EVALUATED cifar-full-out-replace__non-iid__metric-privacy__fedavg__clients-16__seed-44__nm0p053328__clip5__rounds-20__epochs-5__cifar_chunks__cifar10_cnn round=4 (checkpoint deleted)
2026-08-05 22:28:10 EVALUATED cifar-full-out-replace__non-iid__metric-privacy__fedavg__clients-16__seed-44__nm0p053328__clip5__rounds-20__epochs-5__cifar_chunks__cifar10_cnn round=5 (checkpoint deleted)
2026-08-05 22:28:13 EVALUATED cifar-full-out-replace__non-iid__metric-privacy__fedavg__clients-16__seed-44__nm0p053328__clip5__rounds-20__epochs-5__cifar_chunks__cifar10_cnn round=6 (checkpoint deleted)
2026-08-05 22:28:17 EVALUATED cifar-full-out-replace__non-iid__metric-privacy__fedavg__clients-16__seed-44__nm0p053328__clip5__rounds-20__epochs-5__cifar_chunks__cifar10_cnn round=7 (checkpoint deleted)
2026-08-05 22:28:22 EVALUATED cifar-full-out-replace__non-iid__metric-privacy__fedavg__clients-16__seed-44__nm0p053328__clip5__rounds-20__epochs-5__cifar_chunks__cifar10_cnn round=8 (checkpoint deleted)
2026-08-05 22:28:26 EVALUATED cifar-full-out-replace__non-iid__metric-privacy__fedavg__clients-16__seed-44__nm0p053328__clip5__rounds-20__epochs-5__cifar_chunks__cifar10_cnn round=9 (checkpoint deleted)
2026-08-05 22:28:29 EVALUATED cifar-full-out-replace__non-iid__metric-privacy__fedavg__clients-16__seed-44__nm0p053328__clip5__rounds-20__epochs-5__cifar_chunks__cifar10_cnn round=10 (checkpoint deleted)
2026-08-05 22:28:33 EVALUATED cifar-full-out-replace__non-iid__metric-privacy__fedavg__clients-16__seed-44__nm0p053328__clip5__rounds-20__epochs-5__cifar_chunks__cifar10_cnn round=11 (checkpoint deleted)
2026-08-05 22:28:37 EVALUATED cifar-full-out-replace__non-iid__metric-privacy__fedavg__clients-16__seed-44__nm0p053328__clip5__rounds-20__epochs-5__cifar_chunks__cifar10_cnn round=12 (checkpoint deleted)
2026-08-05 22:28:41 EVALUATED cifar-full-out-replace__non-iid__metric-privacy__fedavg__clients-16__seed-44__nm0p053328__clip5__rounds-20__epochs-5__cifar_chunks__cifar10_cnn round=13 (checkpoint deleted)
2026-08-05 22:28:45 EVALUATED cifar-full-out-replace__non-iid__metric-privacy__fedavg__clients-16__seed-44__nm0p053328__clip5__rounds-20__epochs-5__cifar_chunks__cifar10_cnn round=14 (checkpoint deleted)
2026-08-05 22:28:49 EVALUATED cifar-full-out-replace__non-iid__metric-privacy__fedavg__clients-16__seed-44__nm0p053328__clip5__rounds-20__epochs-5__cifar_chunks__cifar10_cnn round=15 (checkpoint deleted)
2026-08-05 22:28:53 EVALUATED cifar-full-out-replace__non-iid__metric-privacy__fedavg__clients-16__seed-44__nm0p053328__clip5__rounds-20__epochs-5__cifar_chunks__cifar10_cnn round=16 (checkpoint deleted)
2026-08-05 22:28:57 EVALUATED cifar-full-out-replace__non-iid__metric-privacy__fedavg__clients-16__seed-44__nm0p053328__clip5__rounds-20__epochs-5__cifar_chunks__cifar10_cnn round=17 (checkpoint deleted)
2026-08-05 22:29:01 EVALUATED cifar-full-out-replace__non-iid__metric-privacy__fedavg__clients-16__seed-44__nm0p053328__clip5__rounds-20__epochs-5__cifar_chunks__cifar10_cnn round=18 (checkpoint deleted)
2026-08-05 22:29:05 EVALUATED cifar-full-out-replace__non-iid__metric-privacy__fedavg__clients-16__seed-44__nm0p053328__clip5__rounds-20__epochs-5__cifar_chunks__cifar10_cnn round=19 (checkpoint deleted)
2026-08-05 22:29:09 EVALUATED cifar-full-out-replace__non-iid__metric-privacy__fedavg__clients-16__seed-44__nm0p053328__clip5__rounds-20__epochs-5__cifar_chunks__cifar10_cnn round=20 (checkpoint deleted)
2026-08-05 22:29:09 PROGRESS 2/2 (0 failed so far)
2026-08-05 22:29:09 Sweep finished: 2/2 attempted, 0 failed
