2026-08-11 21:03:25 CIFAR-10 removal CIA chunk (vanilla, clients=100): 1 trajectories
2026-08-11 21:03:25 START cifar10-in-remove__non-iid__vanilla__fedavg__clients-100__seed-42__nm0p0182__clip5__rounds-20__epochs-5__cifar10_remove__cifar10_cnn 
2026-08-11 21:21:40 DONE  cifar10-in-remove__non-iid__vanilla__fedavg__clients-100__seed-42__nm0p0182__clip5__rounds-20__epochs-5__cifar10_remove__cifar10_cnn (1094.8s)
2026-08-11 21:21:47 EVALUATED cifar10-in-remove__non-iid__vanilla__fedavg__clients-100__seed-42__nm0p0182__clip5__rounds-20__epochs-5__cifar10_remove__cifar10_cnn round=1 (checkpoint deleted)
2026-08-11 21:21:51 EVALUATED cifar10-in-remove__non-iid__vanilla__fedavg__clients-100__seed-42__nm0p0182__clip5__rounds-20__epochs-5__cifar10_remove__cifar10_cnn round=2 (checkpoint deleted)
2026-08-11 21:21:56 EVALUATED cifar10-in-remove__non-iid__vanilla__fedavg__clients-100__seed-42__nm0p0182__clip5__rounds-20__epochs-5__cifar10_remove__cifar10_cnn round=3 (checkpoint deleted)
2026-08-11 21:22:00 EVALUATED cifar10-in-remove__non-iid__vanilla__fedavg__clients-100__seed-42__nm0p0182__clip5__rounds-20__epochs-5__cifar10_remove__cifar10_cnn round=4 (checkpoint deleted)
2026-08-11 21:22:05 EVALUATED cifar10-in-remove__non-iid__vanilla__fedavg__clients-100__seed-42__nm0p0182__clip5__rounds-20__epochs-5__cifar10_remove__cifar10_cnn round=5 (checkpoint deleted)
2026-08-11 21:22:10 EVALUATED cifar10-in-remove__non-iid__vanilla__fedavg__clients-100__seed-42__nm0p0182__clip5__rounds-20__epochs-5__cifar10_remove__cifar10_cnn round=6 (checkpoint deleted)
2026-08-11 21:22:14 EVALUATED cifar10-in-remove__non-iid__vanilla__fedavg__clients-100__seed-42__nm0p0182__clip5__rounds-20__epochs-5__cifar10_remove__cifar10_cnn round=7 (checkpoint deleted)
2026-08-11 21:22:19 EVALUATED cifar10-in-remove__non-iid__vanilla__fedavg__clients-100__seed-42__nm0p0182__clip5__rounds-20__epochs-5__cifar10_remove__cifar10_cnn round=8 (checkpoint deleted)
2026-08-11 21:22:24 EVALUATED cifar10-in-remove__non-iid__vanilla__fedavg__clients-100__seed-42__nm0p0182__clip5__rounds-20__epochs-5__cifar10_remove__cifar10_cnn round=9 (checkpoint deleted)
2026-08-11 21:22:28 EVALUATED cifar10-in-remove__non-iid__vanilla__fedavg__clients-100__seed-42__nm0p0182__clip5__rounds-20__epochs-5__cifar10_remove__cifar10_cnn round=10 (checkpoint deleted)
2026-08-11 21:22:33 EVALUATED cifar10-in-remove__non-iid__vanilla__fedavg__clients-100__seed-42__nm0p0182__clip5__rounds-20__epochs-5__cifar10_remove__cifar10_cnn round=11 (checkpoint deleted)
2026-08-11 21:22:38 EVALUATED cifar10-in-remove__non-iid__vanilla__fedavg__clients-100__seed-42__nm0p0182__clip5__rounds-20__epochs-5__cifar10_remove__cifar10_cnn round=12 (checkpoint deleted)
2026-08-11 21:22:42 EVALUATED cifar10-in-remove__non-iid__vanilla__fedavg__clients-100__seed-42__nm0p0182__clip5__rounds-20__epochs-5__cifar10_remove__cifar10_cnn round=13 (checkpoint deleted)
2026-08-11 21:22:47 EVALUATED cifar10-in-remove__non-iid__vanilla__fedavg__clients-100__seed-42__nm0p0182__clip5__rounds-20__epochs-5__cifar10_remove__cifar10_cnn round=14 (checkpoint deleted)
2026-08-11 21:22:51 EVALUATED cifar10-in-remove__non-iid__vanilla__fedavg__clients-100__seed-42__nm0p0182__clip5__rounds-20__epochs-5__cifar10_remove__cifar10_cnn round=15 (checkpoint deleted)
2026-08-11 21:22:56 EVALUATED cifar10-in-remove__non-iid__vanilla__fedavg__clients-100__seed-42__nm0p0182__clip5__rounds-20__epochs-5__cifar10_remove__cifar10_cnn round=16 (checkpoint deleted)
2026-08-11 21:23:01 EVALUATED cifar10-in-remove__non-iid__vanilla__fedavg__clients-100__seed-42__nm0p0182__clip5__rounds-20__epochs-5__cifar10_remove__cifar10_cnn round=17 (checkpoint deleted)
2026-08-11 21:23:05 EVALUATED cifar10-in-remove__non-iid__vanilla__fedavg__clients-100__seed-42__nm0p0182__clip5__rounds-20__epochs-5__cifar10_remove__cifar10_cnn round=18 (checkpoint deleted)
2026-08-11 21:23:10 EVALUATED cifar10-in-remove__non-iid__vanilla__fedavg__clients-100__seed-42__nm0p0182__clip5__rounds-20__epochs-5__cifar10_remove__cifar10_cnn round=19 (checkpoint deleted)
2026-08-11 21:23:15 EVALUATED cifar10-in-remove__non-iid__vanilla__fedavg__clients-100__seed-42__nm0p0182__clip5__rounds-20__epochs-5__cifar10_remove__cifar10_cnn round=20 (checkpoint deleted)
2026-08-11 21:23:15 PROGRESS 1/1 (0 failed so far)
2026-08-11 21:23:15 Sweep finished: 1/1 attempted, 0 failed
