2026-08-14 00:32:44 CIFAR-10 removal CIA chunk (metric-privacy, clients=48, noise_ratio=0.004): 2 trajectories
2026-08-14 00:32:44 START cifar10-in-remove__non-iid__metric-privacy__fedavg__clients-48__seed-42__nm0p192__clip5__rounds-20__epochs-5__cifar10_remove__cifar10_cnn 
2026-08-14 00:46:11 DONE  cifar10-in-remove__non-iid__metric-privacy__fedavg__clients-48__seed-42__nm0p192__clip5__rounds-20__epochs-5__cifar10_remove__cifar10_cnn (807.3s)
2026-08-14 00:46:20 EVALUATED cifar10-in-remove__non-iid__metric-privacy__fedavg__clients-48__seed-42__nm0p192__clip5__rounds-20__epochs-5__cifar10_remove__cifar10_cnn round=1 (checkpoint deleted)
2026-08-14 00:46:25 EVALUATED cifar10-in-remove__non-iid__metric-privacy__fedavg__clients-48__seed-42__nm0p192__clip5__rounds-20__epochs-5__cifar10_remove__cifar10_cnn round=2 (checkpoint deleted)
2026-08-14 00:46:30 EVALUATED cifar10-in-remove__non-iid__metric-privacy__fedavg__clients-48__seed-42__nm0p192__clip5__rounds-20__epochs-5__cifar10_remove__cifar10_cnn round=3 (checkpoint deleted)
2026-08-14 00:46:35 EVALUATED cifar10-in-remove__non-iid__metric-privacy__fedavg__clients-48__seed-42__nm0p192__clip5__rounds-20__epochs-5__cifar10_remove__cifar10_cnn round=4 (checkpoint deleted)
2026-08-14 00:46:40 EVALUATED cifar10-in-remove__non-iid__metric-privacy__fedavg__clients-48__seed-42__nm0p192__clip5__rounds-20__epochs-5__cifar10_remove__cifar10_cnn round=5 (checkpoint deleted)
2026-08-14 00:46:45 EVALUATED cifar10-in-remove__non-iid__metric-privacy__fedavg__clients-48__seed-42__nm0p192__clip5__rounds-20__epochs-5__cifar10_remove__cifar10_cnn round=6 (checkpoint deleted)
2026-08-14 00:46:50 EVALUATED cifar10-in-remove__non-iid__metric-privacy__fedavg__clients-48__seed-42__nm0p192__clip5__rounds-20__epochs-5__cifar10_remove__cifar10_cnn round=7 (checkpoint deleted)
2026-08-14 00:46:55 EVALUATED cifar10-in-remove__non-iid__metric-privacy__fedavg__clients-48__seed-42__nm0p192__clip5__rounds-20__epochs-5__cifar10_remove__cifar10_cnn round=8 (checkpoint deleted)
2026-08-14 00:47:00 EVALUATED cifar10-in-remove__non-iid__metric-privacy__fedavg__clients-48__seed-42__nm0p192__clip5__rounds-20__epochs-5__cifar10_remove__cifar10_cnn round=9 (checkpoint deleted)
2026-08-14 00:47:05 EVALUATED cifar10-in-remove__non-iid__metric-privacy__fedavg__clients-48__seed-42__nm0p192__clip5__rounds-20__epochs-5__cifar10_remove__cifar10_cnn round=10 (checkpoint deleted)
2026-08-14 00:47:10 EVALUATED cifar10-in-remove__non-iid__metric-privacy__fedavg__clients-48__seed-42__nm0p192__clip5__rounds-20__epochs-5__cifar10_remove__cifar10_cnn round=11 (checkpoint deleted)
2026-08-14 00:47:16 EVALUATED cifar10-in-remove__non-iid__metric-privacy__fedavg__clients-48__seed-42__nm0p192__clip5__rounds-20__epochs-5__cifar10_remove__cifar10_cnn round=12 (checkpoint deleted)
2026-08-14 00:47:21 EVALUATED cifar10-in-remove__non-iid__metric-privacy__fedavg__clients-48__seed-42__nm0p192__clip5__rounds-20__epochs-5__cifar10_remove__cifar10_cnn round=13 (checkpoint deleted)
2026-08-14 00:47:26 EVALUATED cifar10-in-remove__non-iid__metric-privacy__fedavg__clients-48__seed-42__nm0p192__clip5__rounds-20__epochs-5__cifar10_remove__cifar10_cnn round=14 (checkpoint deleted)
2026-08-14 00:47:31 EVALUATED cifar10-in-remove__non-iid__metric-privacy__fedavg__clients-48__seed-42__nm0p192__clip5__rounds-20__epochs-5__cifar10_remove__cifar10_cnn round=15 (checkpoint deleted)
2026-08-14 00:47:36 EVALUATED cifar10-in-remove__non-iid__metric-privacy__fedavg__clients-48__seed-42__nm0p192__clip5__rounds-20__epochs-5__cifar10_remove__cifar10_cnn round=16 (checkpoint deleted)
2026-08-14 00:47:41 EVALUATED cifar10-in-remove__non-iid__metric-privacy__fedavg__clients-48__seed-42__nm0p192__clip5__rounds-20__epochs-5__cifar10_remove__cifar10_cnn round=17 (checkpoint deleted)
2026-08-14 00:47:46 EVALUATED cifar10-in-remove__non-iid__metric-privacy__fedavg__clients-48__seed-42__nm0p192__clip5__rounds-20__epochs-5__cifar10_remove__cifar10_cnn round=18 (checkpoint deleted)
2026-08-14 00:47:51 EVALUATED cifar10-in-remove__non-iid__metric-privacy__fedavg__clients-48__seed-42__nm0p192__clip5__rounds-20__epochs-5__cifar10_remove__cifar10_cnn round=19 (checkpoint deleted)
2026-08-14 00:47:56 EVALUATED cifar10-in-remove__non-iid__metric-privacy__fedavg__clients-48__seed-42__nm0p192__clip5__rounds-20__epochs-5__cifar10_remove__cifar10_cnn round=20 (checkpoint deleted)
2026-08-14 00:47:56 PROGRESS 1/2 (0 failed so far)
2026-08-14 00:47:56 START cifar10-out-remove__non-iid__metric-privacy__fedavg__clients-47__seed-42__nm0p188__clip5__rounds-20__epochs-5__cifar10_remove__cifar10_cnn 
2026-08-14 01:01:14 DONE  cifar10-out-remove__non-iid__metric-privacy__fedavg__clients-47__seed-42__nm0p188__clip5__rounds-20__epochs-5__cifar10_remove__cifar10_cnn (797.8s)
2026-08-14 01:01:19 EVALUATED cifar10-out-remove__non-iid__metric-privacy__fedavg__clients-47__seed-42__nm0p188__clip5__rounds-20__epochs-5__cifar10_remove__cifar10_cnn round=1 (checkpoint deleted)
2026-08-14 01:01:24 EVALUATED cifar10-out-remove__non-iid__metric-privacy__fedavg__clients-47__seed-42__nm0p188__clip5__rounds-20__epochs-5__cifar10_remove__cifar10_cnn round=2 (checkpoint deleted)
2026-08-14 01:01:29 EVALUATED cifar10-out-remove__non-iid__metric-privacy__fedavg__clients-47__seed-42__nm0p188__clip5__rounds-20__epochs-5__cifar10_remove__cifar10_cnn round=3 (checkpoint deleted)
2026-08-14 01:01:34 EVALUATED cifar10-out-remove__non-iid__metric-privacy__fedavg__clients-47__seed-42__nm0p188__clip5__rounds-20__epochs-5__cifar10_remove__cifar10_cnn round=4 (checkpoint deleted)
2026-08-14 01:01:39 EVALUATED cifar10-out-remove__non-iid__metric-privacy__fedavg__clients-47__seed-42__nm0p188__clip5__rounds-20__epochs-5__cifar10_remove__cifar10_cnn round=5 (checkpoint deleted)
2026-08-14 01:01:44 EVALUATED cifar10-out-remove__non-iid__metric-privacy__fedavg__clients-47__seed-42__nm0p188__clip5__rounds-20__epochs-5__cifar10_remove__cifar10_cnn round=6 (checkpoint deleted)
2026-08-14 01:01:49 EVALUATED cifar10-out-remove__non-iid__metric-privacy__fedavg__clients-47__seed-42__nm0p188__clip5__rounds-20__epochs-5__cifar10_remove__cifar10_cnn round=7 (checkpoint deleted)
2026-08-14 01:01:54 EVALUATED cifar10-out-remove__non-iid__metric-privacy__fedavg__clients-47__seed-42__nm0p188__clip5__rounds-20__epochs-5__cifar10_remove__cifar10_cnn round=8 (checkpoint deleted)
2026-08-14 01:02:00 EVALUATED cifar10-out-remove__non-iid__metric-privacy__fedavg__clients-47__seed-42__nm0p188__clip5__rounds-20__epochs-5__cifar10_remove__cifar10_cnn round=9 (checkpoint deleted)
2026-08-14 01:02:05 EVALUATED cifar10-out-remove__non-iid__metric-privacy__fedavg__clients-47__seed-42__nm0p188__clip5__rounds-20__epochs-5__cifar10_remove__cifar10_cnn round=10 (checkpoint deleted)
2026-08-14 01:02:10 EVALUATED cifar10-out-remove__non-iid__metric-privacy__fedavg__clients-47__seed-42__nm0p188__clip5__rounds-20__epochs-5__cifar10_remove__cifar10_cnn round=11 (checkpoint deleted)
2026-08-14 01:02:15 EVALUATED cifar10-out-remove__non-iid__metric-privacy__fedavg__clients-47__seed-42__nm0p188__clip5__rounds-20__epochs-5__cifar10_remove__cifar10_cnn round=12 (checkpoint deleted)
2026-08-14 01:02:20 EVALUATED cifar10-out-remove__non-iid__metric-privacy__fedavg__clients-47__seed-42__nm0p188__clip5__rounds-20__epochs-5__cifar10_remove__cifar10_cnn round=13 (checkpoint deleted)
2026-08-14 01:02:25 EVALUATED cifar10-out-remove__non-iid__metric-privacy__fedavg__clients-47__seed-42__nm0p188__clip5__rounds-20__epochs-5__cifar10_remove__cifar10_cnn round=14 (checkpoint deleted)
2026-08-14 01:02:30 EVALUATED cifar10-out-remove__non-iid__metric-privacy__fedavg__clients-47__seed-42__nm0p188__clip5__rounds-20__epochs-5__cifar10_remove__cifar10_cnn round=15 (checkpoint deleted)
2026-08-14 01:02:35 EVALUATED cifar10-out-remove__non-iid__metric-privacy__fedavg__clients-47__seed-42__nm0p188__clip5__rounds-20__epochs-5__cifar10_remove__cifar10_cnn round=16 (checkpoint deleted)
2026-08-14 01:02:40 EVALUATED cifar10-out-remove__non-iid__metric-privacy__fedavg__clients-47__seed-42__nm0p188__clip5__rounds-20__epochs-5__cifar10_remove__cifar10_cnn round=17 (checkpoint deleted)
2026-08-14 01:02:45 EVALUATED cifar10-out-remove__non-iid__metric-privacy__fedavg__clients-47__seed-42__nm0p188__clip5__rounds-20__epochs-5__cifar10_remove__cifar10_cnn round=18 (checkpoint deleted)
2026-08-14 01:02:50 EVALUATED cifar10-out-remove__non-iid__metric-privacy__fedavg__clients-47__seed-42__nm0p188__clip5__rounds-20__epochs-5__cifar10_remove__cifar10_cnn round=19 (checkpoint deleted)
2026-08-14 01:02:55 EVALUATED cifar10-out-remove__non-iid__metric-privacy__fedavg__clients-47__seed-42__nm0p188__clip5__rounds-20__epochs-5__cifar10_remove__cifar10_cnn round=20 (checkpoint deleted)
2026-08-14 01:02:55 PROGRESS 2/2 (0 failed so far)
2026-08-14 01:02:55 Sweep finished: 2/2 attempted, 0 failed
