2026-08-21 15:31:22 CIFAR-10 stage (global-dp, homogeneous, seed=42, noise_ratio=0.005): 2 trajectories
2026-08-21 15:31:22 START cifar10-in-remove__homogeneous__global-dp__fedavg__clients-100__seed-42__nm0p5__clip5__rounds-20__epochs-5__cifar10_remove__cifar10_cnn 
2026-08-21 15:38:03 DONE  cifar10-in-remove__homogeneous__global-dp__fedavg__clients-100__seed-42__nm0p5__clip5__rounds-20__epochs-5__cifar10_remove__cifar10_cnn (400.7s)
2026-08-21 15:38:06 EVALUATED cifar10-in-remove__homogeneous__global-dp__fedavg__clients-100__seed-42__nm0p5__clip5__rounds-20__epochs-5__cifar10_remove__cifar10_cnn round=1 (checkpoint deleted)
2026-08-21 15:38:09 EVALUATED cifar10-in-remove__homogeneous__global-dp__fedavg__clients-100__seed-42__nm0p5__clip5__rounds-20__epochs-5__cifar10_remove__cifar10_cnn round=2 (checkpoint deleted)
2026-08-21 15:38:12 EVALUATED cifar10-in-remove__homogeneous__global-dp__fedavg__clients-100__seed-42__nm0p5__clip5__rounds-20__epochs-5__cifar10_remove__cifar10_cnn round=3 (checkpoint deleted)
2026-08-21 15:38:15 EVALUATED cifar10-in-remove__homogeneous__global-dp__fedavg__clients-100__seed-42__nm0p5__clip5__rounds-20__epochs-5__cifar10_remove__cifar10_cnn round=4 (checkpoint deleted)
2026-08-21 15:38:18 EVALUATED cifar10-in-remove__homogeneous__global-dp__fedavg__clients-100__seed-42__nm0p5__clip5__rounds-20__epochs-5__cifar10_remove__cifar10_cnn round=5 (checkpoint deleted)
2026-08-21 15:38:21 EVALUATED cifar10-in-remove__homogeneous__global-dp__fedavg__clients-100__seed-42__nm0p5__clip5__rounds-20__epochs-5__cifar10_remove__cifar10_cnn round=6 (checkpoint deleted)
2026-08-21 15:38:24 EVALUATED cifar10-in-remove__homogeneous__global-dp__fedavg__clients-100__seed-42__nm0p5__clip5__rounds-20__epochs-5__cifar10_remove__cifar10_cnn round=7 (checkpoint deleted)
2026-08-21 15:38:27 EVALUATED cifar10-in-remove__homogeneous__global-dp__fedavg__clients-100__seed-42__nm0p5__clip5__rounds-20__epochs-5__cifar10_remove__cifar10_cnn round=8 (checkpoint deleted)
2026-08-21 15:38:30 EVALUATED cifar10-in-remove__homogeneous__global-dp__fedavg__clients-100__seed-42__nm0p5__clip5__rounds-20__epochs-5__cifar10_remove__cifar10_cnn round=9 (checkpoint deleted)
2026-08-21 15:38:33 EVALUATED cifar10-in-remove__homogeneous__global-dp__fedavg__clients-100__seed-42__nm0p5__clip5__rounds-20__epochs-5__cifar10_remove__cifar10_cnn round=10 (checkpoint deleted)
2026-08-21 15:38:36 EVALUATED cifar10-in-remove__homogeneous__global-dp__fedavg__clients-100__seed-42__nm0p5__clip5__rounds-20__epochs-5__cifar10_remove__cifar10_cnn round=11 (checkpoint deleted)
2026-08-21 15:38:39 EVALUATED cifar10-in-remove__homogeneous__global-dp__fedavg__clients-100__seed-42__nm0p5__clip5__rounds-20__epochs-5__cifar10_remove__cifar10_cnn round=12 (checkpoint deleted)
2026-08-21 15:38:42 EVALUATED cifar10-in-remove__homogeneous__global-dp__fedavg__clients-100__seed-42__nm0p5__clip5__rounds-20__epochs-5__cifar10_remove__cifar10_cnn round=13 (checkpoint deleted)
2026-08-21 15:38:45 EVALUATED cifar10-in-remove__homogeneous__global-dp__fedavg__clients-100__seed-42__nm0p5__clip5__rounds-20__epochs-5__cifar10_remove__cifar10_cnn round=14 (checkpoint deleted)
2026-08-21 15:38:48 EVALUATED cifar10-in-remove__homogeneous__global-dp__fedavg__clients-100__seed-42__nm0p5__clip5__rounds-20__epochs-5__cifar10_remove__cifar10_cnn round=15 (checkpoint deleted)
2026-08-21 15:38:51 EVALUATED cifar10-in-remove__homogeneous__global-dp__fedavg__clients-100__seed-42__nm0p5__clip5__rounds-20__epochs-5__cifar10_remove__cifar10_cnn round=16 (checkpoint deleted)
2026-08-21 15:38:55 EVALUATED cifar10-in-remove__homogeneous__global-dp__fedavg__clients-100__seed-42__nm0p5__clip5__rounds-20__epochs-5__cifar10_remove__cifar10_cnn round=17 (checkpoint deleted)
2026-08-21 15:38:57 EVALUATED cifar10-in-remove__homogeneous__global-dp__fedavg__clients-100__seed-42__nm0p5__clip5__rounds-20__epochs-5__cifar10_remove__cifar10_cnn round=18 (checkpoint deleted)
2026-08-21 15:39:01 EVALUATED cifar10-in-remove__homogeneous__global-dp__fedavg__clients-100__seed-42__nm0p5__clip5__rounds-20__epochs-5__cifar10_remove__cifar10_cnn round=19 (checkpoint deleted)
2026-08-21 15:39:04 EVALUATED cifar10-in-remove__homogeneous__global-dp__fedavg__clients-100__seed-42__nm0p5__clip5__rounds-20__epochs-5__cifar10_remove__cifar10_cnn round=20 (checkpoint deleted)
2026-08-21 15:39:04 PROGRESS 1/2 (0 failed so far)
2026-08-21 15:39:04 START cifar10-out-remove__homogeneous__global-dp__fedavg__clients-99__seed-42__nm0p495__clip5__rounds-20__epochs-5__cifar10_remove__cifar10_cnn 
2026-08-21 15:45:40 DONE  cifar10-out-remove__homogeneous__global-dp__fedavg__clients-99__seed-42__nm0p495__clip5__rounds-20__epochs-5__cifar10_remove__cifar10_cnn (396.1s)
2026-08-21 15:45:43 EVALUATED cifar10-out-remove__homogeneous__global-dp__fedavg__clients-99__seed-42__nm0p495__clip5__rounds-20__epochs-5__cifar10_remove__cifar10_cnn round=1 (checkpoint deleted)
2026-08-21 15:45:46 EVALUATED cifar10-out-remove__homogeneous__global-dp__fedavg__clients-99__seed-42__nm0p495__clip5__rounds-20__epochs-5__cifar10_remove__cifar10_cnn round=2 (checkpoint deleted)
2026-08-21 15:45:49 EVALUATED cifar10-out-remove__homogeneous__global-dp__fedavg__clients-99__seed-42__nm0p495__clip5__rounds-20__epochs-5__cifar10_remove__cifar10_cnn round=3 (checkpoint deleted)
2026-08-21 15:45:52 EVALUATED cifar10-out-remove__homogeneous__global-dp__fedavg__clients-99__seed-42__nm0p495__clip5__rounds-20__epochs-5__cifar10_remove__cifar10_cnn round=4 (checkpoint deleted)
2026-08-21 15:45:55 EVALUATED cifar10-out-remove__homogeneous__global-dp__fedavg__clients-99__seed-42__nm0p495__clip5__rounds-20__epochs-5__cifar10_remove__cifar10_cnn round=5 (checkpoint deleted)
2026-08-21 15:45:58 EVALUATED cifar10-out-remove__homogeneous__global-dp__fedavg__clients-99__seed-42__nm0p495__clip5__rounds-20__epochs-5__cifar10_remove__cifar10_cnn round=6 (checkpoint deleted)
2026-08-21 15:46:01 EVALUATED cifar10-out-remove__homogeneous__global-dp__fedavg__clients-99__seed-42__nm0p495__clip5__rounds-20__epochs-5__cifar10_remove__cifar10_cnn round=7 (checkpoint deleted)
2026-08-21 15:46:04 EVALUATED cifar10-out-remove__homogeneous__global-dp__fedavg__clients-99__seed-42__nm0p495__clip5__rounds-20__epochs-5__cifar10_remove__cifar10_cnn round=8 (checkpoint deleted)
2026-08-21 15:46:07 EVALUATED cifar10-out-remove__homogeneous__global-dp__fedavg__clients-99__seed-42__nm0p495__clip5__rounds-20__epochs-5__cifar10_remove__cifar10_cnn round=9 (checkpoint deleted)
2026-08-21 15:46:10 EVALUATED cifar10-out-remove__homogeneous__global-dp__fedavg__clients-99__seed-42__nm0p495__clip5__rounds-20__epochs-5__cifar10_remove__cifar10_cnn round=10 (checkpoint deleted)
2026-08-21 15:46:13 EVALUATED cifar10-out-remove__homogeneous__global-dp__fedavg__clients-99__seed-42__nm0p495__clip5__rounds-20__epochs-5__cifar10_remove__cifar10_cnn round=11 (checkpoint deleted)
2026-08-21 15:46:16 EVALUATED cifar10-out-remove__homogeneous__global-dp__fedavg__clients-99__seed-42__nm0p495__clip5__rounds-20__epochs-5__cifar10_remove__cifar10_cnn round=12 (checkpoint deleted)
2026-08-21 15:46:19 EVALUATED cifar10-out-remove__homogeneous__global-dp__fedavg__clients-99__seed-42__nm0p495__clip5__rounds-20__epochs-5__cifar10_remove__cifar10_cnn round=13 (checkpoint deleted)
2026-08-21 15:46:22 EVALUATED cifar10-out-remove__homogeneous__global-dp__fedavg__clients-99__seed-42__nm0p495__clip5__rounds-20__epochs-5__cifar10_remove__cifar10_cnn round=14 (checkpoint deleted)
2026-08-21 15:46:25 EVALUATED cifar10-out-remove__homogeneous__global-dp__fedavg__clients-99__seed-42__nm0p495__clip5__rounds-20__epochs-5__cifar10_remove__cifar10_cnn round=15 (checkpoint deleted)
2026-08-21 15:46:28 EVALUATED cifar10-out-remove__homogeneous__global-dp__fedavg__clients-99__seed-42__nm0p495__clip5__rounds-20__epochs-5__cifar10_remove__cifar10_cnn round=16 (checkpoint deleted)
2026-08-21 15:46:32 EVALUATED cifar10-out-remove__homogeneous__global-dp__fedavg__clients-99__seed-42__nm0p495__clip5__rounds-20__epochs-5__cifar10_remove__cifar10_cnn round=17 (checkpoint deleted)
2026-08-21 15:46:35 EVALUATED cifar10-out-remove__homogeneous__global-dp__fedavg__clients-99__seed-42__nm0p495__clip5__rounds-20__epochs-5__cifar10_remove__cifar10_cnn round=18 (checkpoint deleted)
2026-08-21 15:46:38 EVALUATED cifar10-out-remove__homogeneous__global-dp__fedavg__clients-99__seed-42__nm0p495__clip5__rounds-20__epochs-5__cifar10_remove__cifar10_cnn round=19 (checkpoint deleted)
2026-08-21 15:46:41 EVALUATED cifar10-out-remove__homogeneous__global-dp__fedavg__clients-99__seed-42__nm0p495__clip5__rounds-20__epochs-5__cifar10_remove__cifar10_cnn round=20 (checkpoint deleted)
2026-08-21 15:46:41 PROGRESS 2/2 (0 failed so far)
2026-08-21 15:46:41 Sweep finished: 2/2 attempted, 0 failed
