2026-08-21 16:32:52 CIFAR-10 stage (metric-privacy, homogeneous, seed=42, noise_ratio=0.0025): 2 trajectories
2026-08-21 16:32:52 START cifar10-in-remove__homogeneous__metric-privacy__fedavg__clients-100__seed-42__nm0p25__clip5__rounds-20__epochs-5__cifar10_remove__cifar10_cnn 
2026-08-21 16:39:52 DONE  cifar10-in-remove__homogeneous__metric-privacy__fedavg__clients-100__seed-42__nm0p25__clip5__rounds-20__epochs-5__cifar10_remove__cifar10_cnn (420.3s)
2026-08-21 16:39:58 EVALUATED cifar10-in-remove__homogeneous__metric-privacy__fedavg__clients-100__seed-42__nm0p25__clip5__rounds-20__epochs-5__cifar10_remove__cifar10_cnn round=1 (checkpoint deleted)
2026-08-21 16:40:01 EVALUATED cifar10-in-remove__homogeneous__metric-privacy__fedavg__clients-100__seed-42__nm0p25__clip5__rounds-20__epochs-5__cifar10_remove__cifar10_cnn round=2 (checkpoint deleted)
2026-08-21 16:40:04 EVALUATED cifar10-in-remove__homogeneous__metric-privacy__fedavg__clients-100__seed-42__nm0p25__clip5__rounds-20__epochs-5__cifar10_remove__cifar10_cnn round=3 (checkpoint deleted)
2026-08-21 16:40:07 EVALUATED cifar10-in-remove__homogeneous__metric-privacy__fedavg__clients-100__seed-42__nm0p25__clip5__rounds-20__epochs-5__cifar10_remove__cifar10_cnn round=4 (checkpoint deleted)
2026-08-21 16:40:10 EVALUATED cifar10-in-remove__homogeneous__metric-privacy__fedavg__clients-100__seed-42__nm0p25__clip5__rounds-20__epochs-5__cifar10_remove__cifar10_cnn round=5 (checkpoint deleted)
2026-08-21 16:40:13 EVALUATED cifar10-in-remove__homogeneous__metric-privacy__fedavg__clients-100__seed-42__nm0p25__clip5__rounds-20__epochs-5__cifar10_remove__cifar10_cnn round=6 (checkpoint deleted)
2026-08-21 16:40:16 EVALUATED cifar10-in-remove__homogeneous__metric-privacy__fedavg__clients-100__seed-42__nm0p25__clip5__rounds-20__epochs-5__cifar10_remove__cifar10_cnn round=7 (checkpoint deleted)
2026-08-21 16:40:19 EVALUATED cifar10-in-remove__homogeneous__metric-privacy__fedavg__clients-100__seed-42__nm0p25__clip5__rounds-20__epochs-5__cifar10_remove__cifar10_cnn round=8 (checkpoint deleted)
2026-08-21 16:40:22 EVALUATED cifar10-in-remove__homogeneous__metric-privacy__fedavg__clients-100__seed-42__nm0p25__clip5__rounds-20__epochs-5__cifar10_remove__cifar10_cnn round=9 (checkpoint deleted)
2026-08-21 16:40:25 EVALUATED cifar10-in-remove__homogeneous__metric-privacy__fedavg__clients-100__seed-42__nm0p25__clip5__rounds-20__epochs-5__cifar10_remove__cifar10_cnn round=10 (checkpoint deleted)
2026-08-21 16:40:28 EVALUATED cifar10-in-remove__homogeneous__metric-privacy__fedavg__clients-100__seed-42__nm0p25__clip5__rounds-20__epochs-5__cifar10_remove__cifar10_cnn round=11 (checkpoint deleted)
2026-08-21 16:40:31 EVALUATED cifar10-in-remove__homogeneous__metric-privacy__fedavg__clients-100__seed-42__nm0p25__clip5__rounds-20__epochs-5__cifar10_remove__cifar10_cnn round=12 (checkpoint deleted)
2026-08-21 16:40:34 EVALUATED cifar10-in-remove__homogeneous__metric-privacy__fedavg__clients-100__seed-42__nm0p25__clip5__rounds-20__epochs-5__cifar10_remove__cifar10_cnn round=13 (checkpoint deleted)
2026-08-21 16:40:37 EVALUATED cifar10-in-remove__homogeneous__metric-privacy__fedavg__clients-100__seed-42__nm0p25__clip5__rounds-20__epochs-5__cifar10_remove__cifar10_cnn round=14 (checkpoint deleted)
2026-08-21 16:40:40 EVALUATED cifar10-in-remove__homogeneous__metric-privacy__fedavg__clients-100__seed-42__nm0p25__clip5__rounds-20__epochs-5__cifar10_remove__cifar10_cnn round=15 (checkpoint deleted)
2026-08-21 16:40:43 EVALUATED cifar10-in-remove__homogeneous__metric-privacy__fedavg__clients-100__seed-42__nm0p25__clip5__rounds-20__epochs-5__cifar10_remove__cifar10_cnn round=16 (checkpoint deleted)
2026-08-21 16:40:46 EVALUATED cifar10-in-remove__homogeneous__metric-privacy__fedavg__clients-100__seed-42__nm0p25__clip5__rounds-20__epochs-5__cifar10_remove__cifar10_cnn round=17 (checkpoint deleted)
2026-08-21 16:40:49 EVALUATED cifar10-in-remove__homogeneous__metric-privacy__fedavg__clients-100__seed-42__nm0p25__clip5__rounds-20__epochs-5__cifar10_remove__cifar10_cnn round=18 (checkpoint deleted)
2026-08-21 16:40:52 EVALUATED cifar10-in-remove__homogeneous__metric-privacy__fedavg__clients-100__seed-42__nm0p25__clip5__rounds-20__epochs-5__cifar10_remove__cifar10_cnn round=19 (checkpoint deleted)
2026-08-21 16:40:55 EVALUATED cifar10-in-remove__homogeneous__metric-privacy__fedavg__clients-100__seed-42__nm0p25__clip5__rounds-20__epochs-5__cifar10_remove__cifar10_cnn round=20 (checkpoint deleted)
2026-08-21 16:40:55 PROGRESS 1/2 (0 failed so far)
2026-08-21 16:40:55 START cifar10-out-remove__homogeneous__metric-privacy__fedavg__clients-99__seed-42__nm0p2475__clip5__rounds-20__epochs-5__cifar10_remove__cifar10_cnn 
2026-08-21 16:47:51 DONE  cifar10-out-remove__homogeneous__metric-privacy__fedavg__clients-99__seed-42__nm0p2475__clip5__rounds-20__epochs-5__cifar10_remove__cifar10_cnn (416.7s)
2026-08-21 16:47:54 EVALUATED cifar10-out-remove__homogeneous__metric-privacy__fedavg__clients-99__seed-42__nm0p2475__clip5__rounds-20__epochs-5__cifar10_remove__cifar10_cnn round=1 (checkpoint deleted)
2026-08-21 16:47:57 EVALUATED cifar10-out-remove__homogeneous__metric-privacy__fedavg__clients-99__seed-42__nm0p2475__clip5__rounds-20__epochs-5__cifar10_remove__cifar10_cnn round=2 (checkpoint deleted)
2026-08-21 16:48:00 EVALUATED cifar10-out-remove__homogeneous__metric-privacy__fedavg__clients-99__seed-42__nm0p2475__clip5__rounds-20__epochs-5__cifar10_remove__cifar10_cnn round=3 (checkpoint deleted)
2026-08-21 16:48:04 EVALUATED cifar10-out-remove__homogeneous__metric-privacy__fedavg__clients-99__seed-42__nm0p2475__clip5__rounds-20__epochs-5__cifar10_remove__cifar10_cnn round=4 (checkpoint deleted)
2026-08-21 16:48:07 EVALUATED cifar10-out-remove__homogeneous__metric-privacy__fedavg__clients-99__seed-42__nm0p2475__clip5__rounds-20__epochs-5__cifar10_remove__cifar10_cnn round=5 (checkpoint deleted)
2026-08-21 16:48:10 EVALUATED cifar10-out-remove__homogeneous__metric-privacy__fedavg__clients-99__seed-42__nm0p2475__clip5__rounds-20__epochs-5__cifar10_remove__cifar10_cnn round=6 (checkpoint deleted)
2026-08-21 16:48:13 EVALUATED cifar10-out-remove__homogeneous__metric-privacy__fedavg__clients-99__seed-42__nm0p2475__clip5__rounds-20__epochs-5__cifar10_remove__cifar10_cnn round=7 (checkpoint deleted)
2026-08-21 16:48:16 EVALUATED cifar10-out-remove__homogeneous__metric-privacy__fedavg__clients-99__seed-42__nm0p2475__clip5__rounds-20__epochs-5__cifar10_remove__cifar10_cnn round=8 (checkpoint deleted)
2026-08-21 16:48:19 EVALUATED cifar10-out-remove__homogeneous__metric-privacy__fedavg__clients-99__seed-42__nm0p2475__clip5__rounds-20__epochs-5__cifar10_remove__cifar10_cnn round=9 (checkpoint deleted)
2026-08-21 16:48:22 EVALUATED cifar10-out-remove__homogeneous__metric-privacy__fedavg__clients-99__seed-42__nm0p2475__clip5__rounds-20__epochs-5__cifar10_remove__cifar10_cnn round=10 (checkpoint deleted)
2026-08-21 16:48:25 EVALUATED cifar10-out-remove__homogeneous__metric-privacy__fedavg__clients-99__seed-42__nm0p2475__clip5__rounds-20__epochs-5__cifar10_remove__cifar10_cnn round=11 (checkpoint deleted)
2026-08-21 16:48:28 EVALUATED cifar10-out-remove__homogeneous__metric-privacy__fedavg__clients-99__seed-42__nm0p2475__clip5__rounds-20__epochs-5__cifar10_remove__cifar10_cnn round=12 (checkpoint deleted)
2026-08-21 16:48:31 EVALUATED cifar10-out-remove__homogeneous__metric-privacy__fedavg__clients-99__seed-42__nm0p2475__clip5__rounds-20__epochs-5__cifar10_remove__cifar10_cnn round=13 (checkpoint deleted)
2026-08-21 16:48:34 EVALUATED cifar10-out-remove__homogeneous__metric-privacy__fedavg__clients-99__seed-42__nm0p2475__clip5__rounds-20__epochs-5__cifar10_remove__cifar10_cnn round=14 (checkpoint deleted)
2026-08-21 16:48:37 EVALUATED cifar10-out-remove__homogeneous__metric-privacy__fedavg__clients-99__seed-42__nm0p2475__clip5__rounds-20__epochs-5__cifar10_remove__cifar10_cnn round=15 (checkpoint deleted)
2026-08-21 16:48:40 EVALUATED cifar10-out-remove__homogeneous__metric-privacy__fedavg__clients-99__seed-42__nm0p2475__clip5__rounds-20__epochs-5__cifar10_remove__cifar10_cnn round=16 (checkpoint deleted)
2026-08-21 16:48:43 EVALUATED cifar10-out-remove__homogeneous__metric-privacy__fedavg__clients-99__seed-42__nm0p2475__clip5__rounds-20__epochs-5__cifar10_remove__cifar10_cnn round=17 (checkpoint deleted)
2026-08-21 16:48:46 EVALUATED cifar10-out-remove__homogeneous__metric-privacy__fedavg__clients-99__seed-42__nm0p2475__clip5__rounds-20__epochs-5__cifar10_remove__cifar10_cnn round=18 (checkpoint deleted)
2026-08-21 16:48:49 EVALUATED cifar10-out-remove__homogeneous__metric-privacy__fedavg__clients-99__seed-42__nm0p2475__clip5__rounds-20__epochs-5__cifar10_remove__cifar10_cnn round=19 (checkpoint deleted)
2026-08-21 16:48:52 EVALUATED cifar10-out-remove__homogeneous__metric-privacy__fedavg__clients-99__seed-42__nm0p2475__clip5__rounds-20__epochs-5__cifar10_remove__cifar10_cnn round=20 (checkpoint deleted)
2026-08-21 16:48:52 PROGRESS 2/2 (0 failed so far)
2026-08-21 16:48:52 Sweep finished: 2/2 attempted, 0 failed
2026-08-21 17:04:52 CIFAR-10 stage (metric-privacy, homogeneous, seed=42, noise_ratio=0.0025): 2 trajectories
2026-08-21 17:04:52 SKIP  2 combinations (attack results already exist)
2026-08-21 17:04:52 Sweep finished: 2/2 attempted, 0 failed
