2026-08-05 15:23:14 Starting full chunk: 2 trajectories
2026-08-05 15:23:14 START cifar-full-in-replace__non-iid__global-dp__fedavg__clients-3__seed-42__nm0p009999__clip5__rounds-20__epochs-5__cifar_chunks__cifar10_cnn 
2026-08-05 15:28:13 DONE  cifar-full-in-replace__non-iid__global-dp__fedavg__clients-3__seed-42__nm0p009999__clip5__rounds-20__epochs-5__cifar_chunks__cifar10_cnn (299.2s)
2026-08-05 15:28:24 EVALUATED cifar-full-in-replace__non-iid__global-dp__fedavg__clients-3__seed-42__nm0p009999__clip5__rounds-20__epochs-5__cifar_chunks__cifar10_cnn round=1 (checkpoint deleted)
2026-08-05 15:28:31 EVALUATED cifar-full-in-replace__non-iid__global-dp__fedavg__clients-3__seed-42__nm0p009999__clip5__rounds-20__epochs-5__cifar_chunks__cifar10_cnn round=2 (checkpoint deleted)
2026-08-05 15:28:39 EVALUATED cifar-full-in-replace__non-iid__global-dp__fedavg__clients-3__seed-42__nm0p009999__clip5__rounds-20__epochs-5__cifar_chunks__cifar10_cnn round=3 (checkpoint deleted)
2026-08-05 15:28:46 EVALUATED cifar-full-in-replace__non-iid__global-dp__fedavg__clients-3__seed-42__nm0p009999__clip5__rounds-20__epochs-5__cifar_chunks__cifar10_cnn round=4 (checkpoint deleted)
2026-08-05 15:28:54 EVALUATED cifar-full-in-replace__non-iid__global-dp__fedavg__clients-3__seed-42__nm0p009999__clip5__rounds-20__epochs-5__cifar_chunks__cifar10_cnn round=5 (checkpoint deleted)
2026-08-05 15:29:01 EVALUATED cifar-full-in-replace__non-iid__global-dp__fedavg__clients-3__seed-42__nm0p009999__clip5__rounds-20__epochs-5__cifar_chunks__cifar10_cnn round=6 (checkpoint deleted)
2026-08-05 15:29:08 EVALUATED cifar-full-in-replace__non-iid__global-dp__fedavg__clients-3__seed-42__nm0p009999__clip5__rounds-20__epochs-5__cifar_chunks__cifar10_cnn round=7 (checkpoint deleted)
2026-08-05 15:29:16 EVALUATED cifar-full-in-replace__non-iid__global-dp__fedavg__clients-3__seed-42__nm0p009999__clip5__rounds-20__epochs-5__cifar_chunks__cifar10_cnn round=8 (checkpoint deleted)
2026-08-05 15:29:23 EVALUATED cifar-full-in-replace__non-iid__global-dp__fedavg__clients-3__seed-42__nm0p009999__clip5__rounds-20__epochs-5__cifar_chunks__cifar10_cnn round=9 (checkpoint deleted)
2026-08-05 15:29:31 EVALUATED cifar-full-in-replace__non-iid__global-dp__fedavg__clients-3__seed-42__nm0p009999__clip5__rounds-20__epochs-5__cifar_chunks__cifar10_cnn round=10 (checkpoint deleted)
2026-08-05 15:29:38 EVALUATED cifar-full-in-replace__non-iid__global-dp__fedavg__clients-3__seed-42__nm0p009999__clip5__rounds-20__epochs-5__cifar_chunks__cifar10_cnn round=11 (checkpoint deleted)
2026-08-05 15:29:46 EVALUATED cifar-full-in-replace__non-iid__global-dp__fedavg__clients-3__seed-42__nm0p009999__clip5__rounds-20__epochs-5__cifar_chunks__cifar10_cnn round=12 (checkpoint deleted)
2026-08-05 15:29:53 EVALUATED cifar-full-in-replace__non-iid__global-dp__fedavg__clients-3__seed-42__nm0p009999__clip5__rounds-20__epochs-5__cifar_chunks__cifar10_cnn round=13 (checkpoint deleted)
2026-08-05 15:30:00 EVALUATED cifar-full-in-replace__non-iid__global-dp__fedavg__clients-3__seed-42__nm0p009999__clip5__rounds-20__epochs-5__cifar_chunks__cifar10_cnn round=14 (checkpoint deleted)
2026-08-05 15:30:08 EVALUATED cifar-full-in-replace__non-iid__global-dp__fedavg__clients-3__seed-42__nm0p009999__clip5__rounds-20__epochs-5__cifar_chunks__cifar10_cnn round=15 (checkpoint deleted)
2026-08-05 15:30:15 EVALUATED cifar-full-in-replace__non-iid__global-dp__fedavg__clients-3__seed-42__nm0p009999__clip5__rounds-20__epochs-5__cifar_chunks__cifar10_cnn round=16 (checkpoint deleted)
2026-08-05 15:30:23 EVALUATED cifar-full-in-replace__non-iid__global-dp__fedavg__clients-3__seed-42__nm0p009999__clip5__rounds-20__epochs-5__cifar_chunks__cifar10_cnn round=17 (checkpoint deleted)
2026-08-05 15:30:30 EVALUATED cifar-full-in-replace__non-iid__global-dp__fedavg__clients-3__seed-42__nm0p009999__clip5__rounds-20__epochs-5__cifar_chunks__cifar10_cnn round=18 (checkpoint deleted)
2026-08-05 15:30:38 EVALUATED cifar-full-in-replace__non-iid__global-dp__fedavg__clients-3__seed-42__nm0p009999__clip5__rounds-20__epochs-5__cifar_chunks__cifar10_cnn round=19 (checkpoint deleted)
2026-08-05 15:30:45 EVALUATED cifar-full-in-replace__non-iid__global-dp__fedavg__clients-3__seed-42__nm0p009999__clip5__rounds-20__epochs-5__cifar_chunks__cifar10_cnn round=20 (checkpoint deleted)
2026-08-05 15:30:45 PROGRESS 1/2 (0 failed so far)
2026-08-05 15:30:45 START cifar-full-in-replace__non-iid__metric-privacy__fedavg__clients-3__seed-42__nm0p009999__clip5__rounds-20__epochs-5__cifar_chunks__cifar10_cnn 
2026-08-05 15:35:47 DONE  cifar-full-in-replace__non-iid__metric-privacy__fedavg__clients-3__seed-42__nm0p009999__clip5__rounds-20__epochs-5__cifar_chunks__cifar10_cnn (302.4s)
2026-08-05 15:35:55 EVALUATED cifar-full-in-replace__non-iid__metric-privacy__fedavg__clients-3__seed-42__nm0p009999__clip5__rounds-20__epochs-5__cifar_chunks__cifar10_cnn round=1 (checkpoint deleted)
2026-08-05 15:36:02 EVALUATED cifar-full-in-replace__non-iid__metric-privacy__fedavg__clients-3__seed-42__nm0p009999__clip5__rounds-20__epochs-5__cifar_chunks__cifar10_cnn round=2 (checkpoint deleted)
2026-08-05 15:36:10 EVALUATED cifar-full-in-replace__non-iid__metric-privacy__fedavg__clients-3__seed-42__nm0p009999__clip5__rounds-20__epochs-5__cifar_chunks__cifar10_cnn round=3 (checkpoint deleted)
2026-08-05 15:36:17 EVALUATED cifar-full-in-replace__non-iid__metric-privacy__fedavg__clients-3__seed-42__nm0p009999__clip5__rounds-20__epochs-5__cifar_chunks__cifar10_cnn round=4 (checkpoint deleted)
2026-08-05 15:36:25 EVALUATED cifar-full-in-replace__non-iid__metric-privacy__fedavg__clients-3__seed-42__nm0p009999__clip5__rounds-20__epochs-5__cifar_chunks__cifar10_cnn round=5 (checkpoint deleted)
2026-08-05 15:36:32 EVALUATED cifar-full-in-replace__non-iid__metric-privacy__fedavg__clients-3__seed-42__nm0p009999__clip5__rounds-20__epochs-5__cifar_chunks__cifar10_cnn round=6 (checkpoint deleted)
2026-08-05 15:36:40 EVALUATED cifar-full-in-replace__non-iid__metric-privacy__fedavg__clients-3__seed-42__nm0p009999__clip5__rounds-20__epochs-5__cifar_chunks__cifar10_cnn round=7 (checkpoint deleted)
2026-08-05 15:36:47 EVALUATED cifar-full-in-replace__non-iid__metric-privacy__fedavg__clients-3__seed-42__nm0p009999__clip5__rounds-20__epochs-5__cifar_chunks__cifar10_cnn round=8 (checkpoint deleted)
2026-08-05 15:36:55 EVALUATED cifar-full-in-replace__non-iid__metric-privacy__fedavg__clients-3__seed-42__nm0p009999__clip5__rounds-20__epochs-5__cifar_chunks__cifar10_cnn round=9 (checkpoint deleted)
2026-08-05 15:37:02 EVALUATED cifar-full-in-replace__non-iid__metric-privacy__fedavg__clients-3__seed-42__nm0p009999__clip5__rounds-20__epochs-5__cifar_chunks__cifar10_cnn round=10 (checkpoint deleted)
2026-08-05 15:37:10 EVALUATED cifar-full-in-replace__non-iid__metric-privacy__fedavg__clients-3__seed-42__nm0p009999__clip5__rounds-20__epochs-5__cifar_chunks__cifar10_cnn round=11 (checkpoint deleted)
2026-08-05 15:37:17 EVALUATED cifar-full-in-replace__non-iid__metric-privacy__fedavg__clients-3__seed-42__nm0p009999__clip5__rounds-20__epochs-5__cifar_chunks__cifar10_cnn round=12 (checkpoint deleted)
2026-08-05 15:37:25 EVALUATED cifar-full-in-replace__non-iid__metric-privacy__fedavg__clients-3__seed-42__nm0p009999__clip5__rounds-20__epochs-5__cifar_chunks__cifar10_cnn round=13 (checkpoint deleted)
2026-08-05 15:37:32 EVALUATED cifar-full-in-replace__non-iid__metric-privacy__fedavg__clients-3__seed-42__nm0p009999__clip5__rounds-20__epochs-5__cifar_chunks__cifar10_cnn round=14 (checkpoint deleted)
2026-08-05 15:37:40 EVALUATED cifar-full-in-replace__non-iid__metric-privacy__fedavg__clients-3__seed-42__nm0p009999__clip5__rounds-20__epochs-5__cifar_chunks__cifar10_cnn round=15 (checkpoint deleted)
2026-08-05 15:37:47 EVALUATED cifar-full-in-replace__non-iid__metric-privacy__fedavg__clients-3__seed-42__nm0p009999__clip5__rounds-20__epochs-5__cifar_chunks__cifar10_cnn round=16 (checkpoint deleted)
2026-08-05 15:37:54 EVALUATED cifar-full-in-replace__non-iid__metric-privacy__fedavg__clients-3__seed-42__nm0p009999__clip5__rounds-20__epochs-5__cifar_chunks__cifar10_cnn round=17 (checkpoint deleted)
2026-08-05 15:38:02 EVALUATED cifar-full-in-replace__non-iid__metric-privacy__fedavg__clients-3__seed-42__nm0p009999__clip5__rounds-20__epochs-5__cifar_chunks__cifar10_cnn round=18 (checkpoint deleted)
2026-08-05 15:38:09 EVALUATED cifar-full-in-replace__non-iid__metric-privacy__fedavg__clients-3__seed-42__nm0p009999__clip5__rounds-20__epochs-5__cifar_chunks__cifar10_cnn round=19 (checkpoint deleted)
2026-08-05 15:38:17 EVALUATED cifar-full-in-replace__non-iid__metric-privacy__fedavg__clients-3__seed-42__nm0p009999__clip5__rounds-20__epochs-5__cifar_chunks__cifar10_cnn round=20 (checkpoint deleted)
2026-08-05 15:38:17 PROGRESS 2/2 (0 failed so far)
2026-08-05 15:38:17 Sweep finished: 2/2 attempted, 0 failed
