2026-08-05 20:03:12 Starting full chunk: 2 trajectories
2026-08-05 20:03:12 START cifar-full-in-replace__non-iid__global-dp__fedavg__clients-16__seed-42__nm0p04__clip5__rounds-20__epochs-5__cifar_chunks__cifar10_cnn 
2026-08-05 20:09:00 DONE  cifar-full-in-replace__non-iid__global-dp__fedavg__clients-16__seed-42__nm0p04__clip5__rounds-20__epochs-5__cifar_chunks__cifar10_cnn (347.6s)
2026-08-05 20:09:07 EVALUATED cifar-full-in-replace__non-iid__global-dp__fedavg__clients-16__seed-42__nm0p04__clip5__rounds-20__epochs-5__cifar_chunks__cifar10_cnn round=1 (checkpoint deleted)
2026-08-05 20:09:11 EVALUATED cifar-full-in-replace__non-iid__global-dp__fedavg__clients-16__seed-42__nm0p04__clip5__rounds-20__epochs-5__cifar_chunks__cifar10_cnn round=2 (checkpoint deleted)
2026-08-05 20:09:16 EVALUATED cifar-full-in-replace__non-iid__global-dp__fedavg__clients-16__seed-42__nm0p04__clip5__rounds-20__epochs-5__cifar_chunks__cifar10_cnn round=3 (checkpoint deleted)
2026-08-05 20:09:20 EVALUATED cifar-full-in-replace__non-iid__global-dp__fedavg__clients-16__seed-42__nm0p04__clip5__rounds-20__epochs-5__cifar_chunks__cifar10_cnn round=4 (checkpoint deleted)
2026-08-05 20:09:24 EVALUATED cifar-full-in-replace__non-iid__global-dp__fedavg__clients-16__seed-42__nm0p04__clip5__rounds-20__epochs-5__cifar_chunks__cifar10_cnn round=5 (checkpoint deleted)
2026-08-05 20:09:28 EVALUATED cifar-full-in-replace__non-iid__global-dp__fedavg__clients-16__seed-42__nm0p04__clip5__rounds-20__epochs-5__cifar_chunks__cifar10_cnn round=6 (checkpoint deleted)
2026-08-05 20:09:33 EVALUATED cifar-full-in-replace__non-iid__global-dp__fedavg__clients-16__seed-42__nm0p04__clip5__rounds-20__epochs-5__cifar_chunks__cifar10_cnn round=7 (checkpoint deleted)
2026-08-05 20:09:37 EVALUATED cifar-full-in-replace__non-iid__global-dp__fedavg__clients-16__seed-42__nm0p04__clip5__rounds-20__epochs-5__cifar_chunks__cifar10_cnn round=8 (checkpoint deleted)
2026-08-05 20:09:41 EVALUATED cifar-full-in-replace__non-iid__global-dp__fedavg__clients-16__seed-42__nm0p04__clip5__rounds-20__epochs-5__cifar_chunks__cifar10_cnn round=9 (checkpoint deleted)
2026-08-05 20:09:45 EVALUATED cifar-full-in-replace__non-iid__global-dp__fedavg__clients-16__seed-42__nm0p04__clip5__rounds-20__epochs-5__cifar_chunks__cifar10_cnn round=10 (checkpoint deleted)
2026-08-05 20:09:50 EVALUATED cifar-full-in-replace__non-iid__global-dp__fedavg__clients-16__seed-42__nm0p04__clip5__rounds-20__epochs-5__cifar_chunks__cifar10_cnn round=11 (checkpoint deleted)
2026-08-05 20:09:54 EVALUATED cifar-full-in-replace__non-iid__global-dp__fedavg__clients-16__seed-42__nm0p04__clip5__rounds-20__epochs-5__cifar_chunks__cifar10_cnn round=12 (checkpoint deleted)
2026-08-05 20:09:58 EVALUATED cifar-full-in-replace__non-iid__global-dp__fedavg__clients-16__seed-42__nm0p04__clip5__rounds-20__epochs-5__cifar_chunks__cifar10_cnn round=13 (checkpoint deleted)
2026-08-05 20:10:03 EVALUATED cifar-full-in-replace__non-iid__global-dp__fedavg__clients-16__seed-42__nm0p04__clip5__rounds-20__epochs-5__cifar_chunks__cifar10_cnn round=14 (checkpoint deleted)
2026-08-05 20:10:07 EVALUATED cifar-full-in-replace__non-iid__global-dp__fedavg__clients-16__seed-42__nm0p04__clip5__rounds-20__epochs-5__cifar_chunks__cifar10_cnn round=15 (checkpoint deleted)
2026-08-05 20:10:11 EVALUATED cifar-full-in-replace__non-iid__global-dp__fedavg__clients-16__seed-42__nm0p04__clip5__rounds-20__epochs-5__cifar_chunks__cifar10_cnn round=16 (checkpoint deleted)
2026-08-05 20:10:15 EVALUATED cifar-full-in-replace__non-iid__global-dp__fedavg__clients-16__seed-42__nm0p04__clip5__rounds-20__epochs-5__cifar_chunks__cifar10_cnn round=17 (checkpoint deleted)
2026-08-05 20:10:19 EVALUATED cifar-full-in-replace__non-iid__global-dp__fedavg__clients-16__seed-42__nm0p04__clip5__rounds-20__epochs-5__cifar_chunks__cifar10_cnn round=18 (checkpoint deleted)
2026-08-05 20:10:24 EVALUATED cifar-full-in-replace__non-iid__global-dp__fedavg__clients-16__seed-42__nm0p04__clip5__rounds-20__epochs-5__cifar_chunks__cifar10_cnn round=19 (checkpoint deleted)
2026-08-05 20:10:28 EVALUATED cifar-full-in-replace__non-iid__global-dp__fedavg__clients-16__seed-42__nm0p04__clip5__rounds-20__epochs-5__cifar_chunks__cifar10_cnn round=20 (checkpoint deleted)
2026-08-05 20:10:28 PROGRESS 1/2 (0 failed so far)
2026-08-05 20:10:28 START cifar-full-in-replace__non-iid__metric-privacy__fedavg__clients-16__seed-42__nm0p04__clip5__rounds-20__epochs-5__cifar_chunks__cifar10_cnn 
2026-08-05 20:16:19 DONE  cifar-full-in-replace__non-iid__metric-privacy__fedavg__clients-16__seed-42__nm0p04__clip5__rounds-20__epochs-5__cifar_chunks__cifar10_cnn (351.2s)
2026-08-05 20:16:23 EVALUATED cifar-full-in-replace__non-iid__metric-privacy__fedavg__clients-16__seed-42__nm0p04__clip5__rounds-20__epochs-5__cifar_chunks__cifar10_cnn round=1 (checkpoint deleted)
2026-08-05 20:16:28 EVALUATED cifar-full-in-replace__non-iid__metric-privacy__fedavg__clients-16__seed-42__nm0p04__clip5__rounds-20__epochs-5__cifar_chunks__cifar10_cnn round=2 (checkpoint deleted)
2026-08-05 20:16:32 EVALUATED cifar-full-in-replace__non-iid__metric-privacy__fedavg__clients-16__seed-42__nm0p04__clip5__rounds-20__epochs-5__cifar_chunks__cifar10_cnn round=3 (checkpoint deleted)
2026-08-05 20:16:36 EVALUATED cifar-full-in-replace__non-iid__metric-privacy__fedavg__clients-16__seed-42__nm0p04__clip5__rounds-20__epochs-5__cifar_chunks__cifar10_cnn round=4 (checkpoint deleted)
2026-08-05 20:16:40 EVALUATED cifar-full-in-replace__non-iid__metric-privacy__fedavg__clients-16__seed-42__nm0p04__clip5__rounds-20__epochs-5__cifar_chunks__cifar10_cnn round=5 (checkpoint deleted)
2026-08-05 20:16:45 EVALUATED cifar-full-in-replace__non-iid__metric-privacy__fedavg__clients-16__seed-42__nm0p04__clip5__rounds-20__epochs-5__cifar_chunks__cifar10_cnn round=6 (checkpoint deleted)
2026-08-05 20:16:49 EVALUATED cifar-full-in-replace__non-iid__metric-privacy__fedavg__clients-16__seed-42__nm0p04__clip5__rounds-20__epochs-5__cifar_chunks__cifar10_cnn round=7 (checkpoint deleted)
2026-08-05 20:16:53 EVALUATED cifar-full-in-replace__non-iid__metric-privacy__fedavg__clients-16__seed-42__nm0p04__clip5__rounds-20__epochs-5__cifar_chunks__cifar10_cnn round=8 (checkpoint deleted)
2026-08-05 20:16:57 EVALUATED cifar-full-in-replace__non-iid__metric-privacy__fedavg__clients-16__seed-42__nm0p04__clip5__rounds-20__epochs-5__cifar_chunks__cifar10_cnn round=9 (checkpoint deleted)
2026-08-05 20:17:02 EVALUATED cifar-full-in-replace__non-iid__metric-privacy__fedavg__clients-16__seed-42__nm0p04__clip5__rounds-20__epochs-5__cifar_chunks__cifar10_cnn round=10 (checkpoint deleted)
2026-08-05 20:17:06 EVALUATED cifar-full-in-replace__non-iid__metric-privacy__fedavg__clients-16__seed-42__nm0p04__clip5__rounds-20__epochs-5__cifar_chunks__cifar10_cnn round=11 (checkpoint deleted)
2026-08-05 20:17:10 EVALUATED cifar-full-in-replace__non-iid__metric-privacy__fedavg__clients-16__seed-42__nm0p04__clip5__rounds-20__epochs-5__cifar_chunks__cifar10_cnn round=12 (checkpoint deleted)
2026-08-05 20:17:14 EVALUATED cifar-full-in-replace__non-iid__metric-privacy__fedavg__clients-16__seed-42__nm0p04__clip5__rounds-20__epochs-5__cifar_chunks__cifar10_cnn round=13 (checkpoint deleted)
2026-08-05 20:17:19 EVALUATED cifar-full-in-replace__non-iid__metric-privacy__fedavg__clients-16__seed-42__nm0p04__clip5__rounds-20__epochs-5__cifar_chunks__cifar10_cnn round=14 (checkpoint deleted)
2026-08-05 20:17:23 EVALUATED cifar-full-in-replace__non-iid__metric-privacy__fedavg__clients-16__seed-42__nm0p04__clip5__rounds-20__epochs-5__cifar_chunks__cifar10_cnn round=15 (checkpoint deleted)
2026-08-05 20:17:27 EVALUATED cifar-full-in-replace__non-iid__metric-privacy__fedavg__clients-16__seed-42__nm0p04__clip5__rounds-20__epochs-5__cifar_chunks__cifar10_cnn round=16 (checkpoint deleted)
2026-08-05 20:17:31 EVALUATED cifar-full-in-replace__non-iid__metric-privacy__fedavg__clients-16__seed-42__nm0p04__clip5__rounds-20__epochs-5__cifar_chunks__cifar10_cnn round=17 (checkpoint deleted)
2026-08-05 20:17:36 EVALUATED cifar-full-in-replace__non-iid__metric-privacy__fedavg__clients-16__seed-42__nm0p04__clip5__rounds-20__epochs-5__cifar_chunks__cifar10_cnn round=18 (checkpoint deleted)
2026-08-05 20:17:40 EVALUATED cifar-full-in-replace__non-iid__metric-privacy__fedavg__clients-16__seed-42__nm0p04__clip5__rounds-20__epochs-5__cifar_chunks__cifar10_cnn round=19 (checkpoint deleted)
2026-08-05 20:17:44 EVALUATED cifar-full-in-replace__non-iid__metric-privacy__fedavg__clients-16__seed-42__nm0p04__clip5__rounds-20__epochs-5__cifar_chunks__cifar10_cnn round=20 (checkpoint deleted)
2026-08-05 20:17:44 PROGRESS 2/2 (0 failed so far)
2026-08-05 20:17:44 Sweep finished: 2/2 attempted, 0 failed
