2026-08-18 21:36:26 EuroSAT stage (global-dp, homogeneous, seed=44, noise_ratio=0.0007730650439020523): 2 trajectories
2026-08-18 21:36:26 START eurosat-in-remove__homogeneous__global-dp__fedavg__clients-48__seed-44__nm0p0371071__clip5__rounds-100__epochs-5__eurosat_remove__eurosat_cnn 
2026-08-18 22:02:00 DONE  eurosat-in-remove__homogeneous__global-dp__fedavg__clients-48__seed-44__nm0p0371071__clip5__rounds-100__epochs-5__eurosat_remove__eurosat_cnn (1533.8s)
2026-08-18 22:02:02 EVALUATED eurosat-in-remove__homogeneous__global-dp__fedavg__clients-48__seed-44__nm0p0371071__clip5__rounds-100__epochs-5__eurosat_remove__eurosat_cnn round=1 (checkpoint deleted)
2026-08-18 22:02:03 EVALUATED eurosat-in-remove__homogeneous__global-dp__fedavg__clients-48__seed-44__nm0p0371071__clip5__rounds-100__epochs-5__eurosat_remove__eurosat_cnn round=10 (checkpoint deleted)
2026-08-18 22:02:04 EVALUATED eurosat-in-remove__homogeneous__global-dp__fedavg__clients-48__seed-44__nm0p0371071__clip5__rounds-100__epochs-5__eurosat_remove__eurosat_cnn round=20 (checkpoint deleted)
2026-08-18 22:02:05 EVALUATED eurosat-in-remove__homogeneous__global-dp__fedavg__clients-48__seed-44__nm0p0371071__clip5__rounds-100__epochs-5__eurosat_remove__eurosat_cnn round=30 (checkpoint deleted)
2026-08-18 22:02:07 EVALUATED eurosat-in-remove__homogeneous__global-dp__fedavg__clients-48__seed-44__nm0p0371071__clip5__rounds-100__epochs-5__eurosat_remove__eurosat_cnn round=40 (checkpoint deleted)
2026-08-18 22:02:08 EVALUATED eurosat-in-remove__homogeneous__global-dp__fedavg__clients-48__seed-44__nm0p0371071__clip5__rounds-100__epochs-5__eurosat_remove__eurosat_cnn round=50 (checkpoint deleted)
2026-08-18 22:02:09 EVALUATED eurosat-in-remove__homogeneous__global-dp__fedavg__clients-48__seed-44__nm0p0371071__clip5__rounds-100__epochs-5__eurosat_remove__eurosat_cnn round=60 (checkpoint deleted)
2026-08-18 22:02:11 EVALUATED eurosat-in-remove__homogeneous__global-dp__fedavg__clients-48__seed-44__nm0p0371071__clip5__rounds-100__epochs-5__eurosat_remove__eurosat_cnn round=70 (checkpoint deleted)
2026-08-18 22:02:12 EVALUATED eurosat-in-remove__homogeneous__global-dp__fedavg__clients-48__seed-44__nm0p0371071__clip5__rounds-100__epochs-5__eurosat_remove__eurosat_cnn round=80 (checkpoint deleted)
2026-08-18 22:02:13 EVALUATED eurosat-in-remove__homogeneous__global-dp__fedavg__clients-48__seed-44__nm0p0371071__clip5__rounds-100__epochs-5__eurosat_remove__eurosat_cnn round=90 (checkpoint deleted)
2026-08-18 22:02:14 EVALUATED eurosat-in-remove__homogeneous__global-dp__fedavg__clients-48__seed-44__nm0p0371071__clip5__rounds-100__epochs-5__eurosat_remove__eurosat_cnn round=100 (checkpoint deleted)
2026-08-18 22:02:14 PROGRESS 1/2 (0 failed so far)
2026-08-18 22:02:14 START eurosat-out-remove__homogeneous__global-dp__fedavg__clients-47__seed-44__nm0p0363341__clip5__rounds-100__epochs-5__eurosat_remove__eurosat_cnn 
2026-08-18 22:27:38 DONE  eurosat-out-remove__homogeneous__global-dp__fedavg__clients-47__seed-44__nm0p0363341__clip5__rounds-100__epochs-5__eurosat_remove__eurosat_cnn (1523.3s)
2026-08-18 22:27:39 EVALUATED eurosat-out-remove__homogeneous__global-dp__fedavg__clients-47__seed-44__nm0p0363341__clip5__rounds-100__epochs-5__eurosat_remove__eurosat_cnn round=1 (checkpoint deleted)
2026-08-18 22:27:40 EVALUATED eurosat-out-remove__homogeneous__global-dp__fedavg__clients-47__seed-44__nm0p0363341__clip5__rounds-100__epochs-5__eurosat_remove__eurosat_cnn round=10 (checkpoint deleted)
2026-08-18 22:27:42 EVALUATED eurosat-out-remove__homogeneous__global-dp__fedavg__clients-47__seed-44__nm0p0363341__clip5__rounds-100__epochs-5__eurosat_remove__eurosat_cnn round=20 (checkpoint deleted)
2026-08-18 22:27:43 EVALUATED eurosat-out-remove__homogeneous__global-dp__fedavg__clients-47__seed-44__nm0p0363341__clip5__rounds-100__epochs-5__eurosat_remove__eurosat_cnn round=30 (checkpoint deleted)
2026-08-18 22:27:44 EVALUATED eurosat-out-remove__homogeneous__global-dp__fedavg__clients-47__seed-44__nm0p0363341__clip5__rounds-100__epochs-5__eurosat_remove__eurosat_cnn round=40 (checkpoint deleted)
2026-08-18 22:27:46 EVALUATED eurosat-out-remove__homogeneous__global-dp__fedavg__clients-47__seed-44__nm0p0363341__clip5__rounds-100__epochs-5__eurosat_remove__eurosat_cnn round=50 (checkpoint deleted)
2026-08-18 22:27:47 EVALUATED eurosat-out-remove__homogeneous__global-dp__fedavg__clients-47__seed-44__nm0p0363341__clip5__rounds-100__epochs-5__eurosat_remove__eurosat_cnn round=60 (checkpoint deleted)
2026-08-18 22:27:48 EVALUATED eurosat-out-remove__homogeneous__global-dp__fedavg__clients-47__seed-44__nm0p0363341__clip5__rounds-100__epochs-5__eurosat_remove__eurosat_cnn round=70 (checkpoint deleted)
2026-08-18 22:27:49 EVALUATED eurosat-out-remove__homogeneous__global-dp__fedavg__clients-47__seed-44__nm0p0363341__clip5__rounds-100__epochs-5__eurosat_remove__eurosat_cnn round=80 (checkpoint deleted)
2026-08-18 22:27:51 EVALUATED eurosat-out-remove__homogeneous__global-dp__fedavg__clients-47__seed-44__nm0p0363341__clip5__rounds-100__epochs-5__eurosat_remove__eurosat_cnn round=90 (checkpoint deleted)
2026-08-18 22:27:52 EVALUATED eurosat-out-remove__homogeneous__global-dp__fedavg__clients-47__seed-44__nm0p0363341__clip5__rounds-100__epochs-5__eurosat_remove__eurosat_cnn round=100 (checkpoint deleted)
2026-08-18 22:27:52 PROGRESS 2/2 (0 failed so far)
2026-08-18 22:27:52 Sweep finished: 2/2 attempted, 0 failed
