2026-08-21 19:08:42 CIFAR-10 stage (global-dp, non-iid, seed=43, noise_ratio=0.00125): 2 trajectories
2026-08-21 19:08:42 START cifar10-in-remove__non-iid__global-dp__fedavg__clients-100__seed-43__nm0p125__clip5__rounds-20__epochs-5__cifar10_remove__cifar10_cnn 
2026-08-21 19:15:17 DONE  cifar10-in-remove__non-iid__global-dp__fedavg__clients-100__seed-43__nm0p125__clip5__rounds-20__epochs-5__cifar10_remove__cifar10_cnn (394.8s)
2026-08-21 19:15:20 EVALUATED cifar10-in-remove__non-iid__global-dp__fedavg__clients-100__seed-43__nm0p125__clip5__rounds-20__epochs-5__cifar10_remove__cifar10_cnn round=1 (checkpoint deleted)
2026-08-21 19:15:23 EVALUATED cifar10-in-remove__non-iid__global-dp__fedavg__clients-100__seed-43__nm0p125__clip5__rounds-20__epochs-5__cifar10_remove__cifar10_cnn round=2 (checkpoint deleted)
2026-08-21 19:15:26 EVALUATED cifar10-in-remove__non-iid__global-dp__fedavg__clients-100__seed-43__nm0p125__clip5__rounds-20__epochs-5__cifar10_remove__cifar10_cnn round=3 (checkpoint deleted)
2026-08-21 19:15:29 EVALUATED cifar10-in-remove__non-iid__global-dp__fedavg__clients-100__seed-43__nm0p125__clip5__rounds-20__epochs-5__cifar10_remove__cifar10_cnn round=4 (checkpoint deleted)
2026-08-21 19:15:32 EVALUATED cifar10-in-remove__non-iid__global-dp__fedavg__clients-100__seed-43__nm0p125__clip5__rounds-20__epochs-5__cifar10_remove__cifar10_cnn round=5 (checkpoint deleted)
2026-08-21 19:15:34 EVALUATED cifar10-in-remove__non-iid__global-dp__fedavg__clients-100__seed-43__nm0p125__clip5__rounds-20__epochs-5__cifar10_remove__cifar10_cnn round=6 (checkpoint deleted)
2026-08-21 19:15:37 EVALUATED cifar10-in-remove__non-iid__global-dp__fedavg__clients-100__seed-43__nm0p125__clip5__rounds-20__epochs-5__cifar10_remove__cifar10_cnn round=7 (checkpoint deleted)
2026-08-21 19:15:40 EVALUATED cifar10-in-remove__non-iid__global-dp__fedavg__clients-100__seed-43__nm0p125__clip5__rounds-20__epochs-5__cifar10_remove__cifar10_cnn round=8 (checkpoint deleted)
2026-08-21 19:15:43 EVALUATED cifar10-in-remove__non-iid__global-dp__fedavg__clients-100__seed-43__nm0p125__clip5__rounds-20__epochs-5__cifar10_remove__cifar10_cnn round=9 (checkpoint deleted)
2026-08-21 19:15:46 EVALUATED cifar10-in-remove__non-iid__global-dp__fedavg__clients-100__seed-43__nm0p125__clip5__rounds-20__epochs-5__cifar10_remove__cifar10_cnn round=10 (checkpoint deleted)
2026-08-21 19:15:49 EVALUATED cifar10-in-remove__non-iid__global-dp__fedavg__clients-100__seed-43__nm0p125__clip5__rounds-20__epochs-5__cifar10_remove__cifar10_cnn round=11 (checkpoint deleted)
2026-08-21 19:15:52 EVALUATED cifar10-in-remove__non-iid__global-dp__fedavg__clients-100__seed-43__nm0p125__clip5__rounds-20__epochs-5__cifar10_remove__cifar10_cnn round=12 (checkpoint deleted)
2026-08-21 19:15:55 EVALUATED cifar10-in-remove__non-iid__global-dp__fedavg__clients-100__seed-43__nm0p125__clip5__rounds-20__epochs-5__cifar10_remove__cifar10_cnn round=13 (checkpoint deleted)
2026-08-21 19:15:58 EVALUATED cifar10-in-remove__non-iid__global-dp__fedavg__clients-100__seed-43__nm0p125__clip5__rounds-20__epochs-5__cifar10_remove__cifar10_cnn round=14 (checkpoint deleted)
2026-08-21 19:16:01 EVALUATED cifar10-in-remove__non-iid__global-dp__fedavg__clients-100__seed-43__nm0p125__clip5__rounds-20__epochs-5__cifar10_remove__cifar10_cnn round=15 (checkpoint deleted)
2026-08-21 19:16:04 EVALUATED cifar10-in-remove__non-iid__global-dp__fedavg__clients-100__seed-43__nm0p125__clip5__rounds-20__epochs-5__cifar10_remove__cifar10_cnn round=16 (checkpoint deleted)
2026-08-21 19:16:07 EVALUATED cifar10-in-remove__non-iid__global-dp__fedavg__clients-100__seed-43__nm0p125__clip5__rounds-20__epochs-5__cifar10_remove__cifar10_cnn round=17 (checkpoint deleted)
2026-08-21 19:16:10 EVALUATED cifar10-in-remove__non-iid__global-dp__fedavg__clients-100__seed-43__nm0p125__clip5__rounds-20__epochs-5__cifar10_remove__cifar10_cnn round=18 (checkpoint deleted)
2026-08-21 19:16:13 EVALUATED cifar10-in-remove__non-iid__global-dp__fedavg__clients-100__seed-43__nm0p125__clip5__rounds-20__epochs-5__cifar10_remove__cifar10_cnn round=19 (checkpoint deleted)
2026-08-21 19:16:16 EVALUATED cifar10-in-remove__non-iid__global-dp__fedavg__clients-100__seed-43__nm0p125__clip5__rounds-20__epochs-5__cifar10_remove__cifar10_cnn round=20 (checkpoint deleted)
2026-08-21 19:16:16 PROGRESS 1/2 (0 failed so far)
2026-08-21 19:16:16 START cifar10-out-remove__non-iid__global-dp__fedavg__clients-99__seed-43__nm0p12375__clip5__rounds-20__epochs-5__cifar10_remove__cifar10_cnn 
2026-08-21 19:22:49 DONE  cifar10-out-remove__non-iid__global-dp__fedavg__clients-99__seed-43__nm0p12375__clip5__rounds-20__epochs-5__cifar10_remove__cifar10_cnn (393.0s)
2026-08-21 19:22:51 EVALUATED cifar10-out-remove__non-iid__global-dp__fedavg__clients-99__seed-43__nm0p12375__clip5__rounds-20__epochs-5__cifar10_remove__cifar10_cnn round=1 (checkpoint deleted)
2026-08-21 19:22:54 EVALUATED cifar10-out-remove__non-iid__global-dp__fedavg__clients-99__seed-43__nm0p12375__clip5__rounds-20__epochs-5__cifar10_remove__cifar10_cnn round=2 (checkpoint deleted)
2026-08-21 19:22:57 EVALUATED cifar10-out-remove__non-iid__global-dp__fedavg__clients-99__seed-43__nm0p12375__clip5__rounds-20__epochs-5__cifar10_remove__cifar10_cnn round=3 (checkpoint deleted)
2026-08-21 19:23:00 EVALUATED cifar10-out-remove__non-iid__global-dp__fedavg__clients-99__seed-43__nm0p12375__clip5__rounds-20__epochs-5__cifar10_remove__cifar10_cnn round=4 (checkpoint deleted)
2026-08-21 19:23:03 EVALUATED cifar10-out-remove__non-iid__global-dp__fedavg__clients-99__seed-43__nm0p12375__clip5__rounds-20__epochs-5__cifar10_remove__cifar10_cnn round=5 (checkpoint deleted)
2026-08-21 19:23:06 EVALUATED cifar10-out-remove__non-iid__global-dp__fedavg__clients-99__seed-43__nm0p12375__clip5__rounds-20__epochs-5__cifar10_remove__cifar10_cnn round=6 (checkpoint deleted)
2026-08-21 19:23:09 EVALUATED cifar10-out-remove__non-iid__global-dp__fedavg__clients-99__seed-43__nm0p12375__clip5__rounds-20__epochs-5__cifar10_remove__cifar10_cnn round=7 (checkpoint deleted)
2026-08-21 19:23:12 EVALUATED cifar10-out-remove__non-iid__global-dp__fedavg__clients-99__seed-43__nm0p12375__clip5__rounds-20__epochs-5__cifar10_remove__cifar10_cnn round=8 (checkpoint deleted)
2026-08-21 19:23:15 EVALUATED cifar10-out-remove__non-iid__global-dp__fedavg__clients-99__seed-43__nm0p12375__clip5__rounds-20__epochs-5__cifar10_remove__cifar10_cnn round=9 (checkpoint deleted)
2026-08-21 19:23:18 EVALUATED cifar10-out-remove__non-iid__global-dp__fedavg__clients-99__seed-43__nm0p12375__clip5__rounds-20__epochs-5__cifar10_remove__cifar10_cnn round=10 (checkpoint deleted)
2026-08-21 19:23:21 EVALUATED cifar10-out-remove__non-iid__global-dp__fedavg__clients-99__seed-43__nm0p12375__clip5__rounds-20__epochs-5__cifar10_remove__cifar10_cnn round=11 (checkpoint deleted)
2026-08-21 19:23:24 EVALUATED cifar10-out-remove__non-iid__global-dp__fedavg__clients-99__seed-43__nm0p12375__clip5__rounds-20__epochs-5__cifar10_remove__cifar10_cnn round=12 (checkpoint deleted)
2026-08-21 19:23:27 EVALUATED cifar10-out-remove__non-iid__global-dp__fedavg__clients-99__seed-43__nm0p12375__clip5__rounds-20__epochs-5__cifar10_remove__cifar10_cnn round=13 (checkpoint deleted)
2026-08-21 19:23:30 EVALUATED cifar10-out-remove__non-iid__global-dp__fedavg__clients-99__seed-43__nm0p12375__clip5__rounds-20__epochs-5__cifar10_remove__cifar10_cnn round=14 (checkpoint deleted)
2026-08-21 19:23:32 EVALUATED cifar10-out-remove__non-iid__global-dp__fedavg__clients-99__seed-43__nm0p12375__clip5__rounds-20__epochs-5__cifar10_remove__cifar10_cnn round=15 (checkpoint deleted)
2026-08-21 19:23:35 EVALUATED cifar10-out-remove__non-iid__global-dp__fedavg__clients-99__seed-43__nm0p12375__clip5__rounds-20__epochs-5__cifar10_remove__cifar10_cnn round=16 (checkpoint deleted)
2026-08-21 19:23:38 EVALUATED cifar10-out-remove__non-iid__global-dp__fedavg__clients-99__seed-43__nm0p12375__clip5__rounds-20__epochs-5__cifar10_remove__cifar10_cnn round=17 (checkpoint deleted)
2026-08-21 19:23:41 EVALUATED cifar10-out-remove__non-iid__global-dp__fedavg__clients-99__seed-43__nm0p12375__clip5__rounds-20__epochs-5__cifar10_remove__cifar10_cnn round=18 (checkpoint deleted)
2026-08-21 19:23:44 EVALUATED cifar10-out-remove__non-iid__global-dp__fedavg__clients-99__seed-43__nm0p12375__clip5__rounds-20__epochs-5__cifar10_remove__cifar10_cnn round=19 (checkpoint deleted)
2026-08-21 19:23:47 EVALUATED cifar10-out-remove__non-iid__global-dp__fedavg__clients-99__seed-43__nm0p12375__clip5__rounds-20__epochs-5__cifar10_remove__cifar10_cnn round=20 (checkpoint deleted)
2026-08-21 19:23:47 PROGRESS 2/2 (0 failed so far)
2026-08-21 19:23:47 Sweep finished: 2/2 attempted, 0 failed
