2026-08-20 01:03:02 Alzheimer stage (global-dp, homogeneous, seed=42, noise_ratio=0.0001556693372602925): 2 trajectories
2026-08-20 01:03:02 START alzheimer-in-remove__homogeneous__global-dp__fedavg__clients-48__seed-42__nm0p00747213__clip5__rounds-100__epochs-5__alzheimer_remove__paper_cnn 
2026-08-20 01:20:31 DONE  alzheimer-in-remove__homogeneous__global-dp__fedavg__clients-48__seed-42__nm0p00747213__clip5__rounds-100__epochs-5__alzheimer_remove__paper_cnn (1049.2s)
2026-08-20 01:20:32 EVALUATED alzheimer-in-remove__homogeneous__global-dp__fedavg__clients-48__seed-42__nm0p00747213__clip5__rounds-100__epochs-5__alzheimer_remove__paper_cnn round=1 (checkpoint deleted)
2026-08-20 01:20:32 EVALUATED alzheimer-in-remove__homogeneous__global-dp__fedavg__clients-48__seed-42__nm0p00747213__clip5__rounds-100__epochs-5__alzheimer_remove__paper_cnn round=10 (checkpoint deleted)
2026-08-20 01:20:33 EVALUATED alzheimer-in-remove__homogeneous__global-dp__fedavg__clients-48__seed-42__nm0p00747213__clip5__rounds-100__epochs-5__alzheimer_remove__paper_cnn round=20 (checkpoint deleted)
2026-08-20 01:20:33 EVALUATED alzheimer-in-remove__homogeneous__global-dp__fedavg__clients-48__seed-42__nm0p00747213__clip5__rounds-100__epochs-5__alzheimer_remove__paper_cnn round=30 (checkpoint deleted)
2026-08-20 01:20:34 EVALUATED alzheimer-in-remove__homogeneous__global-dp__fedavg__clients-48__seed-42__nm0p00747213__clip5__rounds-100__epochs-5__alzheimer_remove__paper_cnn round=40 (checkpoint deleted)
2026-08-20 01:20:35 EVALUATED alzheimer-in-remove__homogeneous__global-dp__fedavg__clients-48__seed-42__nm0p00747213__clip5__rounds-100__epochs-5__alzheimer_remove__paper_cnn round=50 (checkpoint deleted)
2026-08-20 01:20:35 EVALUATED alzheimer-in-remove__homogeneous__global-dp__fedavg__clients-48__seed-42__nm0p00747213__clip5__rounds-100__epochs-5__alzheimer_remove__paper_cnn round=60 (checkpoint deleted)
2026-08-20 01:20:36 EVALUATED alzheimer-in-remove__homogeneous__global-dp__fedavg__clients-48__seed-42__nm0p00747213__clip5__rounds-100__epochs-5__alzheimer_remove__paper_cnn round=70 (checkpoint deleted)
2026-08-20 01:20:36 EVALUATED alzheimer-in-remove__homogeneous__global-dp__fedavg__clients-48__seed-42__nm0p00747213__clip5__rounds-100__epochs-5__alzheimer_remove__paper_cnn round=80 (checkpoint deleted)
2026-08-20 01:20:37 EVALUATED alzheimer-in-remove__homogeneous__global-dp__fedavg__clients-48__seed-42__nm0p00747213__clip5__rounds-100__epochs-5__alzheimer_remove__paper_cnn round=90 (checkpoint deleted)
2026-08-20 01:20:37 EVALUATED alzheimer-in-remove__homogeneous__global-dp__fedavg__clients-48__seed-42__nm0p00747213__clip5__rounds-100__epochs-5__alzheimer_remove__paper_cnn round=100 (checkpoint deleted)
2026-08-20 01:20:37 PROGRESS 1/2 (0 failed so far)
2026-08-20 01:20:37 START alzheimer-out-remove__homogeneous__global-dp__fedavg__clients-47__seed-42__nm0p00731646__clip5__rounds-100__epochs-5__alzheimer_remove__paper_cnn 
2026-08-20 01:37:48 DONE  alzheimer-out-remove__homogeneous__global-dp__fedavg__clients-47__seed-42__nm0p00731646__clip5__rounds-100__epochs-5__alzheimer_remove__paper_cnn (1031.4s)
2026-08-20 01:37:49 EVALUATED alzheimer-out-remove__homogeneous__global-dp__fedavg__clients-47__seed-42__nm0p00731646__clip5__rounds-100__epochs-5__alzheimer_remove__paper_cnn round=1 (checkpoint deleted)
2026-08-20 01:37:49 EVALUATED alzheimer-out-remove__homogeneous__global-dp__fedavg__clients-47__seed-42__nm0p00731646__clip5__rounds-100__epochs-5__alzheimer_remove__paper_cnn round=10 (checkpoint deleted)
2026-08-20 01:37:50 EVALUATED alzheimer-out-remove__homogeneous__global-dp__fedavg__clients-47__seed-42__nm0p00731646__clip5__rounds-100__epochs-5__alzheimer_remove__paper_cnn round=20 (checkpoint deleted)
2026-08-20 01:37:50 EVALUATED alzheimer-out-remove__homogeneous__global-dp__fedavg__clients-47__seed-42__nm0p00731646__clip5__rounds-100__epochs-5__alzheimer_remove__paper_cnn round=30 (checkpoint deleted)
2026-08-20 01:37:51 EVALUATED alzheimer-out-remove__homogeneous__global-dp__fedavg__clients-47__seed-42__nm0p00731646__clip5__rounds-100__epochs-5__alzheimer_remove__paper_cnn round=40 (checkpoint deleted)
2026-08-20 01:37:51 EVALUATED alzheimer-out-remove__homogeneous__global-dp__fedavg__clients-47__seed-42__nm0p00731646__clip5__rounds-100__epochs-5__alzheimer_remove__paper_cnn round=50 (checkpoint deleted)
2026-08-20 01:37:52 EVALUATED alzheimer-out-remove__homogeneous__global-dp__fedavg__clients-47__seed-42__nm0p00731646__clip5__rounds-100__epochs-5__alzheimer_remove__paper_cnn round=60 (checkpoint deleted)
2026-08-20 01:37:52 EVALUATED alzheimer-out-remove__homogeneous__global-dp__fedavg__clients-47__seed-42__nm0p00731646__clip5__rounds-100__epochs-5__alzheimer_remove__paper_cnn round=70 (checkpoint deleted)
2026-08-20 01:37:53 EVALUATED alzheimer-out-remove__homogeneous__global-dp__fedavg__clients-47__seed-42__nm0p00731646__clip5__rounds-100__epochs-5__alzheimer_remove__paper_cnn round=80 (checkpoint deleted)
2026-08-20 01:37:53 EVALUATED alzheimer-out-remove__homogeneous__global-dp__fedavg__clients-47__seed-42__nm0p00731646__clip5__rounds-100__epochs-5__alzheimer_remove__paper_cnn round=90 (checkpoint deleted)
2026-08-20 01:37:54 EVALUATED alzheimer-out-remove__homogeneous__global-dp__fedavg__clients-47__seed-42__nm0p00731646__clip5__rounds-100__epochs-5__alzheimer_remove__paper_cnn round=100 (checkpoint deleted)
2026-08-20 01:37:54 PROGRESS 2/2 (0 failed so far)
2026-08-20 01:37:54 Sweep finished: 2/2 attempted, 0 failed
