2026-08-20 00:08:39 Alzheimer stage (vanilla, homogeneous, seed=44, noise_ratio=None): 2 trajectories
2026-08-20 00:08:39 START alzheimer-in-remove__homogeneous__vanilla__fedavg__clients-48__seed-44__nm0p00373606__clip5__rounds-100__epochs-5__alzheimer_remove__paper_cnn 
2026-08-20 00:18:30 DONE  alzheimer-in-remove__homogeneous__vanilla__fedavg__clients-48__seed-44__nm0p00373606__clip5__rounds-100__epochs-5__alzheimer_remove__paper_cnn (591.3s)
2026-08-20 00:18:31 EVALUATED alzheimer-in-remove__homogeneous__vanilla__fedavg__clients-48__seed-44__nm0p00373606__clip5__rounds-100__epochs-5__alzheimer_remove__paper_cnn round=1 (checkpoint deleted)
2026-08-20 00:18:31 EVALUATED alzheimer-in-remove__homogeneous__vanilla__fedavg__clients-48__seed-44__nm0p00373606__clip5__rounds-100__epochs-5__alzheimer_remove__paper_cnn round=10 (checkpoint deleted)
2026-08-20 00:18:32 EVALUATED alzheimer-in-remove__homogeneous__vanilla__fedavg__clients-48__seed-44__nm0p00373606__clip5__rounds-100__epochs-5__alzheimer_remove__paper_cnn round=20 (checkpoint deleted)
2026-08-20 00:18:32 EVALUATED alzheimer-in-remove__homogeneous__vanilla__fedavg__clients-48__seed-44__nm0p00373606__clip5__rounds-100__epochs-5__alzheimer_remove__paper_cnn round=30 (checkpoint deleted)
2026-08-20 00:18:33 EVALUATED alzheimer-in-remove__homogeneous__vanilla__fedavg__clients-48__seed-44__nm0p00373606__clip5__rounds-100__epochs-5__alzheimer_remove__paper_cnn round=40 (checkpoint deleted)
2026-08-20 00:18:33 EVALUATED alzheimer-in-remove__homogeneous__vanilla__fedavg__clients-48__seed-44__nm0p00373606__clip5__rounds-100__epochs-5__alzheimer_remove__paper_cnn round=50 (checkpoint deleted)
2026-08-20 00:18:34 EVALUATED alzheimer-in-remove__homogeneous__vanilla__fedavg__clients-48__seed-44__nm0p00373606__clip5__rounds-100__epochs-5__alzheimer_remove__paper_cnn round=60 (checkpoint deleted)
2026-08-20 00:18:34 EVALUATED alzheimer-in-remove__homogeneous__vanilla__fedavg__clients-48__seed-44__nm0p00373606__clip5__rounds-100__epochs-5__alzheimer_remove__paper_cnn round=70 (checkpoint deleted)
2026-08-20 00:18:34 EVALUATED alzheimer-in-remove__homogeneous__vanilla__fedavg__clients-48__seed-44__nm0p00373606__clip5__rounds-100__epochs-5__alzheimer_remove__paper_cnn round=80 (checkpoint deleted)
2026-08-20 00:18:35 EVALUATED alzheimer-in-remove__homogeneous__vanilla__fedavg__clients-48__seed-44__nm0p00373606__clip5__rounds-100__epochs-5__alzheimer_remove__paper_cnn round=90 (checkpoint deleted)
2026-08-20 00:18:35 EVALUATED alzheimer-in-remove__homogeneous__vanilla__fedavg__clients-48__seed-44__nm0p00373606__clip5__rounds-100__epochs-5__alzheimer_remove__paper_cnn round=100 (checkpoint deleted)
2026-08-20 00:18:35 PROGRESS 1/2 (0 failed so far)
2026-08-20 00:18:35 START alzheimer-out-remove__homogeneous__vanilla__fedavg__clients-47__seed-44__nm0p00373606__clip5__rounds-100__epochs-5__alzheimer_remove__paper_cnn 
2026-08-20 00:28:30 DONE  alzheimer-out-remove__homogeneous__vanilla__fedavg__clients-47__seed-44__nm0p00373606__clip5__rounds-100__epochs-5__alzheimer_remove__paper_cnn (594.5s)
2026-08-20 00:28:31 EVALUATED alzheimer-out-remove__homogeneous__vanilla__fedavg__clients-47__seed-44__nm0p00373606__clip5__rounds-100__epochs-5__alzheimer_remove__paper_cnn round=1 (checkpoint deleted)
2026-08-20 00:28:31 EVALUATED alzheimer-out-remove__homogeneous__vanilla__fedavg__clients-47__seed-44__nm0p00373606__clip5__rounds-100__epochs-5__alzheimer_remove__paper_cnn round=10 (checkpoint deleted)
2026-08-20 00:28:32 EVALUATED alzheimer-out-remove__homogeneous__vanilla__fedavg__clients-47__seed-44__nm0p00373606__clip5__rounds-100__epochs-5__alzheimer_remove__paper_cnn round=20 (checkpoint deleted)
2026-08-20 00:28:32 EVALUATED alzheimer-out-remove__homogeneous__vanilla__fedavg__clients-47__seed-44__nm0p00373606__clip5__rounds-100__epochs-5__alzheimer_remove__paper_cnn round=30 (checkpoint deleted)
2026-08-20 00:28:33 EVALUATED alzheimer-out-remove__homogeneous__vanilla__fedavg__clients-47__seed-44__nm0p00373606__clip5__rounds-100__epochs-5__alzheimer_remove__paper_cnn round=40 (checkpoint deleted)
2026-08-20 00:28:33 EVALUATED alzheimer-out-remove__homogeneous__vanilla__fedavg__clients-47__seed-44__nm0p00373606__clip5__rounds-100__epochs-5__alzheimer_remove__paper_cnn round=50 (checkpoint deleted)
2026-08-20 00:28:33 EVALUATED alzheimer-out-remove__homogeneous__vanilla__fedavg__clients-47__seed-44__nm0p00373606__clip5__rounds-100__epochs-5__alzheimer_remove__paper_cnn round=60 (checkpoint deleted)
2026-08-20 00:28:34 EVALUATED alzheimer-out-remove__homogeneous__vanilla__fedavg__clients-47__seed-44__nm0p00373606__clip5__rounds-100__epochs-5__alzheimer_remove__paper_cnn round=70 (checkpoint deleted)
2026-08-20 00:28:34 EVALUATED alzheimer-out-remove__homogeneous__vanilla__fedavg__clients-47__seed-44__nm0p00373606__clip5__rounds-100__epochs-5__alzheimer_remove__paper_cnn round=80 (checkpoint deleted)
2026-08-20 00:28:35 EVALUATED alzheimer-out-remove__homogeneous__vanilla__fedavg__clients-47__seed-44__nm0p00373606__clip5__rounds-100__epochs-5__alzheimer_remove__paper_cnn round=90 (checkpoint deleted)
2026-08-20 00:28:35 EVALUATED alzheimer-out-remove__homogeneous__vanilla__fedavg__clients-47__seed-44__nm0p00373606__clip5__rounds-100__epochs-5__alzheimer_remove__paper_cnn round=100 (checkpoint deleted)
2026-08-20 00:28:35 PROGRESS 2/2 (0 failed so far)
2026-08-20 00:28:35 Sweep finished: 2/2 attempted, 0 failed
