2026-08-21 04:33:21 Fashion-MNIST stage (metric-privacy, homogeneous, seed=42, noise_ratio=0.00016727714334447167): 2 trajectories
2026-08-21 04:33:21 START fashion-mnist-in-remove__homogeneous__metric-privacy__fedavg__clients-48__seed-42__nm0p0080293__clip5__rounds-100__epochs-5__fashion_mnist_remove__fashion_mnist_cnn 
2026-08-21 04:49:28 DONE  fashion-mnist-in-remove__homogeneous__metric-privacy__fedavg__clients-48__seed-42__nm0p0080293__clip5__rounds-100__epochs-5__fashion_mnist_remove__fashion_mnist_cnn (967.2s)
2026-08-21 04:49:31 EVALUATED fashion-mnist-in-remove__homogeneous__metric-privacy__fedavg__clients-48__seed-42__nm0p0080293__clip5__rounds-100__epochs-5__fashion_mnist_remove__fashion_mnist_cnn round=1 (checkpoint deleted)
2026-08-21 04:49:34 EVALUATED fashion-mnist-in-remove__homogeneous__metric-privacy__fedavg__clients-48__seed-42__nm0p0080293__clip5__rounds-100__epochs-5__fashion_mnist_remove__fashion_mnist_cnn round=10 (checkpoint deleted)
2026-08-21 04:49:36 EVALUATED fashion-mnist-in-remove__homogeneous__metric-privacy__fedavg__clients-48__seed-42__nm0p0080293__clip5__rounds-100__epochs-5__fashion_mnist_remove__fashion_mnist_cnn round=20 (checkpoint deleted)
2026-08-21 04:49:39 EVALUATED fashion-mnist-in-remove__homogeneous__metric-privacy__fedavg__clients-48__seed-42__nm0p0080293__clip5__rounds-100__epochs-5__fashion_mnist_remove__fashion_mnist_cnn round=30 (checkpoint deleted)
2026-08-21 04:49:42 EVALUATED fashion-mnist-in-remove__homogeneous__metric-privacy__fedavg__clients-48__seed-42__nm0p0080293__clip5__rounds-100__epochs-5__fashion_mnist_remove__fashion_mnist_cnn round=40 (checkpoint deleted)
2026-08-21 04:49:44 EVALUATED fashion-mnist-in-remove__homogeneous__metric-privacy__fedavg__clients-48__seed-42__nm0p0080293__clip5__rounds-100__epochs-5__fashion_mnist_remove__fashion_mnist_cnn round=50 (checkpoint deleted)
2026-08-21 04:49:47 EVALUATED fashion-mnist-in-remove__homogeneous__metric-privacy__fedavg__clients-48__seed-42__nm0p0080293__clip5__rounds-100__epochs-5__fashion_mnist_remove__fashion_mnist_cnn round=60 (checkpoint deleted)
2026-08-21 04:49:50 EVALUATED fashion-mnist-in-remove__homogeneous__metric-privacy__fedavg__clients-48__seed-42__nm0p0080293__clip5__rounds-100__epochs-5__fashion_mnist_remove__fashion_mnist_cnn round=70 (checkpoint deleted)
2026-08-21 04:49:52 EVALUATED fashion-mnist-in-remove__homogeneous__metric-privacy__fedavg__clients-48__seed-42__nm0p0080293__clip5__rounds-100__epochs-5__fashion_mnist_remove__fashion_mnist_cnn round=80 (checkpoint deleted)
2026-08-21 04:49:55 EVALUATED fashion-mnist-in-remove__homogeneous__metric-privacy__fedavg__clients-48__seed-42__nm0p0080293__clip5__rounds-100__epochs-5__fashion_mnist_remove__fashion_mnist_cnn round=90 (checkpoint deleted)
2026-08-21 04:49:57 EVALUATED fashion-mnist-in-remove__homogeneous__metric-privacy__fedavg__clients-48__seed-42__nm0p0080293__clip5__rounds-100__epochs-5__fashion_mnist_remove__fashion_mnist_cnn round=100 (checkpoint deleted)
2026-08-21 04:49:57 PROGRESS 1/2 (0 failed so far)
2026-08-21 04:49:57 START fashion-mnist-out-remove__homogeneous__metric-privacy__fedavg__clients-47__seed-42__nm0p00786203__clip5__rounds-100__epochs-5__fashion_mnist_remove__fashion_mnist_cnn 
2026-08-21 05:05:45 DONE  fashion-mnist-out-remove__homogeneous__metric-privacy__fedavg__clients-47__seed-42__nm0p00786203__clip5__rounds-100__epochs-5__fashion_mnist_remove__fashion_mnist_cnn (947.3s)
2026-08-21 05:05:47 EVALUATED fashion-mnist-out-remove__homogeneous__metric-privacy__fedavg__clients-47__seed-42__nm0p00786203__clip5__rounds-100__epochs-5__fashion_mnist_remove__fashion_mnist_cnn round=1 (checkpoint deleted)
2026-08-21 05:05:50 EVALUATED fashion-mnist-out-remove__homogeneous__metric-privacy__fedavg__clients-47__seed-42__nm0p00786203__clip5__rounds-100__epochs-5__fashion_mnist_remove__fashion_mnist_cnn round=10 (checkpoint deleted)
2026-08-21 05:05:53 EVALUATED fashion-mnist-out-remove__homogeneous__metric-privacy__fedavg__clients-47__seed-42__nm0p00786203__clip5__rounds-100__epochs-5__fashion_mnist_remove__fashion_mnist_cnn round=20 (checkpoint deleted)
2026-08-21 05:05:55 EVALUATED fashion-mnist-out-remove__homogeneous__metric-privacy__fedavg__clients-47__seed-42__nm0p00786203__clip5__rounds-100__epochs-5__fashion_mnist_remove__fashion_mnist_cnn round=30 (checkpoint deleted)
2026-08-21 05:05:58 EVALUATED fashion-mnist-out-remove__homogeneous__metric-privacy__fedavg__clients-47__seed-42__nm0p00786203__clip5__rounds-100__epochs-5__fashion_mnist_remove__fashion_mnist_cnn round=40 (checkpoint deleted)
2026-08-21 05:06:01 EVALUATED fashion-mnist-out-remove__homogeneous__metric-privacy__fedavg__clients-47__seed-42__nm0p00786203__clip5__rounds-100__epochs-5__fashion_mnist_remove__fashion_mnist_cnn round=50 (checkpoint deleted)
2026-08-21 05:06:03 EVALUATED fashion-mnist-out-remove__homogeneous__metric-privacy__fedavg__clients-47__seed-42__nm0p00786203__clip5__rounds-100__epochs-5__fashion_mnist_remove__fashion_mnist_cnn round=60 (checkpoint deleted)
2026-08-21 05:06:06 EVALUATED fashion-mnist-out-remove__homogeneous__metric-privacy__fedavg__clients-47__seed-42__nm0p00786203__clip5__rounds-100__epochs-5__fashion_mnist_remove__fashion_mnist_cnn round=70 (checkpoint deleted)
2026-08-21 05:06:08 EVALUATED fashion-mnist-out-remove__homogeneous__metric-privacy__fedavg__clients-47__seed-42__nm0p00786203__clip5__rounds-100__epochs-5__fashion_mnist_remove__fashion_mnist_cnn round=80 (checkpoint deleted)
2026-08-21 05:06:11 EVALUATED fashion-mnist-out-remove__homogeneous__metric-privacy__fedavg__clients-47__seed-42__nm0p00786203__clip5__rounds-100__epochs-5__fashion_mnist_remove__fashion_mnist_cnn round=90 (checkpoint deleted)
2026-08-21 05:06:14 EVALUATED fashion-mnist-out-remove__homogeneous__metric-privacy__fedavg__clients-47__seed-42__nm0p00786203__clip5__rounds-100__epochs-5__fashion_mnist_remove__fashion_mnist_cnn round=100 (checkpoint deleted)
2026-08-21 05:06:14 PROGRESS 2/2 (0 failed so far)
2026-08-21 05:06:14 Sweep finished: 2/2 attempted, 0 failed
