2026-08-20 14:11:31 CIFAR-10 removal CIA chunk (global-dp, clients=8, alpha=3.0, noise_ratio=0.00625): 2 trajectories
2026-08-20 14:11:31 START cifar10-in-remove__dirichlet__alpha-3__global-dp__fedavg__clients-8__seed-42__nm0p05__clip5__rounds-20__epochs-5__cifar10_dirichlet__cifar10_cnn 
2026-08-20 14:21:27 DONE  cifar10-in-remove__dirichlet__alpha-3__global-dp__fedavg__clients-8__seed-42__nm0p05__clip5__rounds-20__epochs-5__cifar10_dirichlet__cifar10_cnn (595.8s)
2026-08-20 14:21:38 EVALUATED cifar10-in-remove__dirichlet__alpha-3__global-dp__fedavg__clients-8__seed-42__nm0p05__clip5__rounds-20__epochs-5__cifar10_dirichlet__cifar10_cnn round=1 (checkpoint deleted)
2026-08-20 14:21:46 EVALUATED cifar10-in-remove__dirichlet__alpha-3__global-dp__fedavg__clients-8__seed-42__nm0p05__clip5__rounds-20__epochs-5__cifar10_dirichlet__cifar10_cnn round=2 (checkpoint deleted)
2026-08-20 14:21:54 EVALUATED cifar10-in-remove__dirichlet__alpha-3__global-dp__fedavg__clients-8__seed-42__nm0p05__clip5__rounds-20__epochs-5__cifar10_dirichlet__cifar10_cnn round=3 (checkpoint deleted)
2026-08-20 14:22:02 EVALUATED cifar10-in-remove__dirichlet__alpha-3__global-dp__fedavg__clients-8__seed-42__nm0p05__clip5__rounds-20__epochs-5__cifar10_dirichlet__cifar10_cnn round=4 (checkpoint deleted)
2026-08-20 14:22:10 EVALUATED cifar10-in-remove__dirichlet__alpha-3__global-dp__fedavg__clients-8__seed-42__nm0p05__clip5__rounds-20__epochs-5__cifar10_dirichlet__cifar10_cnn round=5 (checkpoint deleted)
2026-08-20 14:22:18 EVALUATED cifar10-in-remove__dirichlet__alpha-3__global-dp__fedavg__clients-8__seed-42__nm0p05__clip5__rounds-20__epochs-5__cifar10_dirichlet__cifar10_cnn round=6 (checkpoint deleted)
2026-08-20 14:22:26 EVALUATED cifar10-in-remove__dirichlet__alpha-3__global-dp__fedavg__clients-8__seed-42__nm0p05__clip5__rounds-20__epochs-5__cifar10_dirichlet__cifar10_cnn round=7 (checkpoint deleted)
2026-08-20 14:22:33 EVALUATED cifar10-in-remove__dirichlet__alpha-3__global-dp__fedavg__clients-8__seed-42__nm0p05__clip5__rounds-20__epochs-5__cifar10_dirichlet__cifar10_cnn round=8 (checkpoint deleted)
2026-08-20 14:22:41 EVALUATED cifar10-in-remove__dirichlet__alpha-3__global-dp__fedavg__clients-8__seed-42__nm0p05__clip5__rounds-20__epochs-5__cifar10_dirichlet__cifar10_cnn round=9 (checkpoint deleted)
2026-08-20 14:22:49 EVALUATED cifar10-in-remove__dirichlet__alpha-3__global-dp__fedavg__clients-8__seed-42__nm0p05__clip5__rounds-20__epochs-5__cifar10_dirichlet__cifar10_cnn round=10 (checkpoint deleted)
2026-08-20 14:22:57 EVALUATED cifar10-in-remove__dirichlet__alpha-3__global-dp__fedavg__clients-8__seed-42__nm0p05__clip5__rounds-20__epochs-5__cifar10_dirichlet__cifar10_cnn round=11 (checkpoint deleted)
2026-08-20 14:23:05 EVALUATED cifar10-in-remove__dirichlet__alpha-3__global-dp__fedavg__clients-8__seed-42__nm0p05__clip5__rounds-20__epochs-5__cifar10_dirichlet__cifar10_cnn round=12 (checkpoint deleted)
2026-08-20 14:23:13 EVALUATED cifar10-in-remove__dirichlet__alpha-3__global-dp__fedavg__clients-8__seed-42__nm0p05__clip5__rounds-20__epochs-5__cifar10_dirichlet__cifar10_cnn round=13 (checkpoint deleted)
2026-08-20 14:23:21 EVALUATED cifar10-in-remove__dirichlet__alpha-3__global-dp__fedavg__clients-8__seed-42__nm0p05__clip5__rounds-20__epochs-5__cifar10_dirichlet__cifar10_cnn round=14 (checkpoint deleted)
2026-08-20 14:23:29 EVALUATED cifar10-in-remove__dirichlet__alpha-3__global-dp__fedavg__clients-8__seed-42__nm0p05__clip5__rounds-20__epochs-5__cifar10_dirichlet__cifar10_cnn round=15 (checkpoint deleted)
2026-08-20 14:23:37 EVALUATED cifar10-in-remove__dirichlet__alpha-3__global-dp__fedavg__clients-8__seed-42__nm0p05__clip5__rounds-20__epochs-5__cifar10_dirichlet__cifar10_cnn round=16 (checkpoint deleted)
2026-08-20 14:23:45 EVALUATED cifar10-in-remove__dirichlet__alpha-3__global-dp__fedavg__clients-8__seed-42__nm0p05__clip5__rounds-20__epochs-5__cifar10_dirichlet__cifar10_cnn round=17 (checkpoint deleted)
2026-08-20 14:23:53 EVALUATED cifar10-in-remove__dirichlet__alpha-3__global-dp__fedavg__clients-8__seed-42__nm0p05__clip5__rounds-20__epochs-5__cifar10_dirichlet__cifar10_cnn round=18 (checkpoint deleted)
2026-08-20 14:24:00 EVALUATED cifar10-in-remove__dirichlet__alpha-3__global-dp__fedavg__clients-8__seed-42__nm0p05__clip5__rounds-20__epochs-5__cifar10_dirichlet__cifar10_cnn round=19 (checkpoint deleted)
2026-08-20 14:24:08 EVALUATED cifar10-in-remove__dirichlet__alpha-3__global-dp__fedavg__clients-8__seed-42__nm0p05__clip5__rounds-20__epochs-5__cifar10_dirichlet__cifar10_cnn round=20 (checkpoint deleted)
2026-08-20 14:24:08 PROGRESS 1/2 (0 failed so far)
2026-08-20 14:24:08 START cifar10-out-remove__dirichlet__alpha-3__global-dp__fedavg__clients-7__seed-42__nm0p04375__clip5__rounds-20__epochs-5__cifar10_dirichlet__cifar10_cnn 
2026-08-20 14:33:36 DONE  cifar10-out-remove__dirichlet__alpha-3__global-dp__fedavg__clients-7__seed-42__nm0p04375__clip5__rounds-20__epochs-5__cifar10_dirichlet__cifar10_cnn (567.6s)
2026-08-20 14:33:44 EVALUATED cifar10-out-remove__dirichlet__alpha-3__global-dp__fedavg__clients-7__seed-42__nm0p04375__clip5__rounds-20__epochs-5__cifar10_dirichlet__cifar10_cnn round=1 (checkpoint deleted)
2026-08-20 14:33:52 EVALUATED cifar10-out-remove__dirichlet__alpha-3__global-dp__fedavg__clients-7__seed-42__nm0p04375__clip5__rounds-20__epochs-5__cifar10_dirichlet__cifar10_cnn round=2 (checkpoint deleted)
2026-08-20 14:34:00 EVALUATED cifar10-out-remove__dirichlet__alpha-3__global-dp__fedavg__clients-7__seed-42__nm0p04375__clip5__rounds-20__epochs-5__cifar10_dirichlet__cifar10_cnn round=3 (checkpoint deleted)
2026-08-20 14:34:08 EVALUATED cifar10-out-remove__dirichlet__alpha-3__global-dp__fedavg__clients-7__seed-42__nm0p04375__clip5__rounds-20__epochs-5__cifar10_dirichlet__cifar10_cnn round=4 (checkpoint deleted)
2026-08-20 14:34:16 EVALUATED cifar10-out-remove__dirichlet__alpha-3__global-dp__fedavg__clients-7__seed-42__nm0p04375__clip5__rounds-20__epochs-5__cifar10_dirichlet__cifar10_cnn round=5 (checkpoint deleted)
2026-08-20 14:34:24 EVALUATED cifar10-out-remove__dirichlet__alpha-3__global-dp__fedavg__clients-7__seed-42__nm0p04375__clip5__rounds-20__epochs-5__cifar10_dirichlet__cifar10_cnn round=6 (checkpoint deleted)
2026-08-20 14:34:31 EVALUATED cifar10-out-remove__dirichlet__alpha-3__global-dp__fedavg__clients-7__seed-42__nm0p04375__clip5__rounds-20__epochs-5__cifar10_dirichlet__cifar10_cnn round=7 (checkpoint deleted)
2026-08-20 14:34:39 EVALUATED cifar10-out-remove__dirichlet__alpha-3__global-dp__fedavg__clients-7__seed-42__nm0p04375__clip5__rounds-20__epochs-5__cifar10_dirichlet__cifar10_cnn round=8 (checkpoint deleted)
2026-08-20 14:34:47 EVALUATED cifar10-out-remove__dirichlet__alpha-3__global-dp__fedavg__clients-7__seed-42__nm0p04375__clip5__rounds-20__epochs-5__cifar10_dirichlet__cifar10_cnn round=9 (checkpoint deleted)
2026-08-20 14:34:55 EVALUATED cifar10-out-remove__dirichlet__alpha-3__global-dp__fedavg__clients-7__seed-42__nm0p04375__clip5__rounds-20__epochs-5__cifar10_dirichlet__cifar10_cnn round=10 (checkpoint deleted)
2026-08-20 14:35:03 EVALUATED cifar10-out-remove__dirichlet__alpha-3__global-dp__fedavg__clients-7__seed-42__nm0p04375__clip5__rounds-20__epochs-5__cifar10_dirichlet__cifar10_cnn round=11 (checkpoint deleted)
2026-08-20 14:35:11 EVALUATED cifar10-out-remove__dirichlet__alpha-3__global-dp__fedavg__clients-7__seed-42__nm0p04375__clip5__rounds-20__epochs-5__cifar10_dirichlet__cifar10_cnn round=12 (checkpoint deleted)
2026-08-20 14:35:19 EVALUATED cifar10-out-remove__dirichlet__alpha-3__global-dp__fedavg__clients-7__seed-42__nm0p04375__clip5__rounds-20__epochs-5__cifar10_dirichlet__cifar10_cnn round=13 (checkpoint deleted)
2026-08-20 14:35:27 EVALUATED cifar10-out-remove__dirichlet__alpha-3__global-dp__fedavg__clients-7__seed-42__nm0p04375__clip5__rounds-20__epochs-5__cifar10_dirichlet__cifar10_cnn round=14 (checkpoint deleted)
2026-08-20 14:35:35 EVALUATED cifar10-out-remove__dirichlet__alpha-3__global-dp__fedavg__clients-7__seed-42__nm0p04375__clip5__rounds-20__epochs-5__cifar10_dirichlet__cifar10_cnn round=15 (checkpoint deleted)
2026-08-20 14:35:43 EVALUATED cifar10-out-remove__dirichlet__alpha-3__global-dp__fedavg__clients-7__seed-42__nm0p04375__clip5__rounds-20__epochs-5__cifar10_dirichlet__cifar10_cnn round=16 (checkpoint deleted)
2026-08-20 14:35:50 EVALUATED cifar10-out-remove__dirichlet__alpha-3__global-dp__fedavg__clients-7__seed-42__nm0p04375__clip5__rounds-20__epochs-5__cifar10_dirichlet__cifar10_cnn round=17 (checkpoint deleted)
2026-08-20 14:35:58 EVALUATED cifar10-out-remove__dirichlet__alpha-3__global-dp__fedavg__clients-7__seed-42__nm0p04375__clip5__rounds-20__epochs-5__cifar10_dirichlet__cifar10_cnn round=18 (checkpoint deleted)
2026-08-20 14:36:06 EVALUATED cifar10-out-remove__dirichlet__alpha-3__global-dp__fedavg__clients-7__seed-42__nm0p04375__clip5__rounds-20__epochs-5__cifar10_dirichlet__cifar10_cnn round=19 (checkpoint deleted)
2026-08-20 14:36:14 EVALUATED cifar10-out-remove__dirichlet__alpha-3__global-dp__fedavg__clients-7__seed-42__nm0p04375__clip5__rounds-20__epochs-5__cifar10_dirichlet__cifar10_cnn round=20 (checkpoint deleted)
2026-08-20 14:36:14 PROGRESS 2/2 (0 failed so far)
2026-08-20 14:36:14 Sweep finished: 2/2 attempted, 0 failed
