2026-08-11 20:04:05 CIFAR-10 removal CIA chunk (metric-privacy, clients=48): 1 trajectories
2026-08-11 20:04:05 START cifar10-in-remove__non-iid__metric-privacy__fedavg__clients-48__seed-42__nm0p0182__clip5__rounds-20__epochs-5__cifar10_remove__cifar10_cnn 
2026-08-11 20:17:18 DONE  cifar10-in-remove__non-iid__metric-privacy__fedavg__clients-48__seed-42__nm0p0182__clip5__rounds-20__epochs-5__cifar10_remove__cifar10_cnn (793.1s)
2026-08-11 20:17:25 EVALUATED cifar10-in-remove__non-iid__metric-privacy__fedavg__clients-48__seed-42__nm0p0182__clip5__rounds-20__epochs-5__cifar10_remove__cifar10_cnn round=1 (checkpoint deleted)
2026-08-11 20:17:30 EVALUATED cifar10-in-remove__non-iid__metric-privacy__fedavg__clients-48__seed-42__nm0p0182__clip5__rounds-20__epochs-5__cifar10_remove__cifar10_cnn round=2 (checkpoint deleted)
2026-08-11 20:17:35 EVALUATED cifar10-in-remove__non-iid__metric-privacy__fedavg__clients-48__seed-42__nm0p0182__clip5__rounds-20__epochs-5__cifar10_remove__cifar10_cnn round=3 (checkpoint deleted)
2026-08-11 20:17:40 EVALUATED cifar10-in-remove__non-iid__metric-privacy__fedavg__clients-48__seed-42__nm0p0182__clip5__rounds-20__epochs-5__cifar10_remove__cifar10_cnn round=4 (checkpoint deleted)
2026-08-11 20:17:45 EVALUATED cifar10-in-remove__non-iid__metric-privacy__fedavg__clients-48__seed-42__nm0p0182__clip5__rounds-20__epochs-5__cifar10_remove__cifar10_cnn round=5 (checkpoint deleted)
2026-08-11 20:17:50 EVALUATED cifar10-in-remove__non-iid__metric-privacy__fedavg__clients-48__seed-42__nm0p0182__clip5__rounds-20__epochs-5__cifar10_remove__cifar10_cnn round=6 (checkpoint deleted)
2026-08-11 20:17:55 EVALUATED cifar10-in-remove__non-iid__metric-privacy__fedavg__clients-48__seed-42__nm0p0182__clip5__rounds-20__epochs-5__cifar10_remove__cifar10_cnn round=7 (checkpoint deleted)
2026-08-11 20:18:00 EVALUATED cifar10-in-remove__non-iid__metric-privacy__fedavg__clients-48__seed-42__nm0p0182__clip5__rounds-20__epochs-5__cifar10_remove__cifar10_cnn round=8 (checkpoint deleted)
2026-08-11 20:18:05 EVALUATED cifar10-in-remove__non-iid__metric-privacy__fedavg__clients-48__seed-42__nm0p0182__clip5__rounds-20__epochs-5__cifar10_remove__cifar10_cnn round=9 (checkpoint deleted)
2026-08-11 20:18:10 EVALUATED cifar10-in-remove__non-iid__metric-privacy__fedavg__clients-48__seed-42__nm0p0182__clip5__rounds-20__epochs-5__cifar10_remove__cifar10_cnn round=10 (checkpoint deleted)
2026-08-11 20:18:15 EVALUATED cifar10-in-remove__non-iid__metric-privacy__fedavg__clients-48__seed-42__nm0p0182__clip5__rounds-20__epochs-5__cifar10_remove__cifar10_cnn round=11 (checkpoint deleted)
2026-08-11 20:18:20 EVALUATED cifar10-in-remove__non-iid__metric-privacy__fedavg__clients-48__seed-42__nm0p0182__clip5__rounds-20__epochs-5__cifar10_remove__cifar10_cnn round=12 (checkpoint deleted)
2026-08-11 20:18:25 EVALUATED cifar10-in-remove__non-iid__metric-privacy__fedavg__clients-48__seed-42__nm0p0182__clip5__rounds-20__epochs-5__cifar10_remove__cifar10_cnn round=13 (checkpoint deleted)
2026-08-11 20:18:30 EVALUATED cifar10-in-remove__non-iid__metric-privacy__fedavg__clients-48__seed-42__nm0p0182__clip5__rounds-20__epochs-5__cifar10_remove__cifar10_cnn round=14 (checkpoint deleted)
2026-08-11 20:18:35 EVALUATED cifar10-in-remove__non-iid__metric-privacy__fedavg__clients-48__seed-42__nm0p0182__clip5__rounds-20__epochs-5__cifar10_remove__cifar10_cnn round=15 (checkpoint deleted)
2026-08-11 20:18:40 EVALUATED cifar10-in-remove__non-iid__metric-privacy__fedavg__clients-48__seed-42__nm0p0182__clip5__rounds-20__epochs-5__cifar10_remove__cifar10_cnn round=16 (checkpoint deleted)
2026-08-11 20:18:45 EVALUATED cifar10-in-remove__non-iid__metric-privacy__fedavg__clients-48__seed-42__nm0p0182__clip5__rounds-20__epochs-5__cifar10_remove__cifar10_cnn round=17 (checkpoint deleted)
2026-08-11 20:18:50 EVALUATED cifar10-in-remove__non-iid__metric-privacy__fedavg__clients-48__seed-42__nm0p0182__clip5__rounds-20__epochs-5__cifar10_remove__cifar10_cnn round=18 (checkpoint deleted)
2026-08-11 20:18:55 EVALUATED cifar10-in-remove__non-iid__metric-privacy__fedavg__clients-48__seed-42__nm0p0182__clip5__rounds-20__epochs-5__cifar10_remove__cifar10_cnn round=19 (checkpoint deleted)
2026-08-11 20:19:00 EVALUATED cifar10-in-remove__non-iid__metric-privacy__fedavg__clients-48__seed-42__nm0p0182__clip5__rounds-20__epochs-5__cifar10_remove__cifar10_cnn round=20 (checkpoint deleted)
2026-08-11 20:19:00 PROGRESS 1/1 (0 failed so far)
2026-08-11 20:19:00 Sweep finished: 1/1 attempted, 0 failed
