2026-08-20 13:13:06 CIFAR-10 removal CIA chunk (global-dp, clients=8, alpha=3.0, noise_ratio=0.004): 2 trajectories
2026-08-20 13:13:06 START cifar10-in-remove__dirichlet__alpha-3__global-dp__fedavg__clients-8__seed-42__nm0p032__clip5__rounds-20__epochs-5__cifar10_dirichlet__cifar10_cnn 
2026-08-20 13:23:05 DONE  cifar10-in-remove__dirichlet__alpha-3__global-dp__fedavg__clients-8__seed-42__nm0p032__clip5__rounds-20__epochs-5__cifar10_dirichlet__cifar10_cnn (599.1s)
2026-08-20 13:23:16 EVALUATED cifar10-in-remove__dirichlet__alpha-3__global-dp__fedavg__clients-8__seed-42__nm0p032__clip5__rounds-20__epochs-5__cifar10_dirichlet__cifar10_cnn round=1 (checkpoint deleted)
2026-08-20 13:23:24 EVALUATED cifar10-in-remove__dirichlet__alpha-3__global-dp__fedavg__clients-8__seed-42__nm0p032__clip5__rounds-20__epochs-5__cifar10_dirichlet__cifar10_cnn round=2 (checkpoint deleted)
2026-08-20 13:23:32 EVALUATED cifar10-in-remove__dirichlet__alpha-3__global-dp__fedavg__clients-8__seed-42__nm0p032__clip5__rounds-20__epochs-5__cifar10_dirichlet__cifar10_cnn round=3 (checkpoint deleted)
2026-08-20 13:23:40 EVALUATED cifar10-in-remove__dirichlet__alpha-3__global-dp__fedavg__clients-8__seed-42__nm0p032__clip5__rounds-20__epochs-5__cifar10_dirichlet__cifar10_cnn round=4 (checkpoint deleted)
2026-08-20 13:23:48 EVALUATED cifar10-in-remove__dirichlet__alpha-3__global-dp__fedavg__clients-8__seed-42__nm0p032__clip5__rounds-20__epochs-5__cifar10_dirichlet__cifar10_cnn round=5 (checkpoint deleted)
2026-08-20 13:23:57 EVALUATED cifar10-in-remove__dirichlet__alpha-3__global-dp__fedavg__clients-8__seed-42__nm0p032__clip5__rounds-20__epochs-5__cifar10_dirichlet__cifar10_cnn round=6 (checkpoint deleted)
2026-08-20 13:24:05 EVALUATED cifar10-in-remove__dirichlet__alpha-3__global-dp__fedavg__clients-8__seed-42__nm0p032__clip5__rounds-20__epochs-5__cifar10_dirichlet__cifar10_cnn round=7 (checkpoint deleted)
2026-08-20 13:24:13 EVALUATED cifar10-in-remove__dirichlet__alpha-3__global-dp__fedavg__clients-8__seed-42__nm0p032__clip5__rounds-20__epochs-5__cifar10_dirichlet__cifar10_cnn round=8 (checkpoint deleted)
2026-08-20 13:24:20 EVALUATED cifar10-in-remove__dirichlet__alpha-3__global-dp__fedavg__clients-8__seed-42__nm0p032__clip5__rounds-20__epochs-5__cifar10_dirichlet__cifar10_cnn round=9 (checkpoint deleted)
2026-08-20 13:24:28 EVALUATED cifar10-in-remove__dirichlet__alpha-3__global-dp__fedavg__clients-8__seed-42__nm0p032__clip5__rounds-20__epochs-5__cifar10_dirichlet__cifar10_cnn round=10 (checkpoint deleted)
2026-08-20 13:24:36 EVALUATED cifar10-in-remove__dirichlet__alpha-3__global-dp__fedavg__clients-8__seed-42__nm0p032__clip5__rounds-20__epochs-5__cifar10_dirichlet__cifar10_cnn round=11 (checkpoint deleted)
2026-08-20 13:24:45 EVALUATED cifar10-in-remove__dirichlet__alpha-3__global-dp__fedavg__clients-8__seed-42__nm0p032__clip5__rounds-20__epochs-5__cifar10_dirichlet__cifar10_cnn round=12 (checkpoint deleted)
2026-08-20 13:24:53 EVALUATED cifar10-in-remove__dirichlet__alpha-3__global-dp__fedavg__clients-8__seed-42__nm0p032__clip5__rounds-20__epochs-5__cifar10_dirichlet__cifar10_cnn round=13 (checkpoint deleted)
2026-08-20 13:25:01 EVALUATED cifar10-in-remove__dirichlet__alpha-3__global-dp__fedavg__clients-8__seed-42__nm0p032__clip5__rounds-20__epochs-5__cifar10_dirichlet__cifar10_cnn round=14 (checkpoint deleted)
2026-08-20 13:25:09 EVALUATED cifar10-in-remove__dirichlet__alpha-3__global-dp__fedavg__clients-8__seed-42__nm0p032__clip5__rounds-20__epochs-5__cifar10_dirichlet__cifar10_cnn round=15 (checkpoint deleted)
2026-08-20 13:25:17 EVALUATED cifar10-in-remove__dirichlet__alpha-3__global-dp__fedavg__clients-8__seed-42__nm0p032__clip5__rounds-20__epochs-5__cifar10_dirichlet__cifar10_cnn round=16 (checkpoint deleted)
2026-08-20 13:25:25 EVALUATED cifar10-in-remove__dirichlet__alpha-3__global-dp__fedavg__clients-8__seed-42__nm0p032__clip5__rounds-20__epochs-5__cifar10_dirichlet__cifar10_cnn round=17 (checkpoint deleted)
2026-08-20 13:25:33 EVALUATED cifar10-in-remove__dirichlet__alpha-3__global-dp__fedavg__clients-8__seed-42__nm0p032__clip5__rounds-20__epochs-5__cifar10_dirichlet__cifar10_cnn round=18 (checkpoint deleted)
2026-08-20 13:25:41 EVALUATED cifar10-in-remove__dirichlet__alpha-3__global-dp__fedavg__clients-8__seed-42__nm0p032__clip5__rounds-20__epochs-5__cifar10_dirichlet__cifar10_cnn round=19 (checkpoint deleted)
2026-08-20 13:25:49 EVALUATED cifar10-in-remove__dirichlet__alpha-3__global-dp__fedavg__clients-8__seed-42__nm0p032__clip5__rounds-20__epochs-5__cifar10_dirichlet__cifar10_cnn round=20 (checkpoint deleted)
2026-08-20 13:25:49 PROGRESS 1/2 (0 failed so far)
2026-08-20 13:25:49 START cifar10-out-remove__dirichlet__alpha-3__global-dp__fedavg__clients-7__seed-42__nm0p028__clip5__rounds-20__epochs-5__cifar10_dirichlet__cifar10_cnn 
2026-08-20 13:35:28 DONE  cifar10-out-remove__dirichlet__alpha-3__global-dp__fedavg__clients-7__seed-42__nm0p028__clip5__rounds-20__epochs-5__cifar10_dirichlet__cifar10_cnn (579.6s)
2026-08-20 13:35:37 EVALUATED cifar10-out-remove__dirichlet__alpha-3__global-dp__fedavg__clients-7__seed-42__nm0p028__clip5__rounds-20__epochs-5__cifar10_dirichlet__cifar10_cnn round=1 (checkpoint deleted)
2026-08-20 13:35:45 EVALUATED cifar10-out-remove__dirichlet__alpha-3__global-dp__fedavg__clients-7__seed-42__nm0p028__clip5__rounds-20__epochs-5__cifar10_dirichlet__cifar10_cnn round=2 (checkpoint deleted)
2026-08-20 13:35:53 EVALUATED cifar10-out-remove__dirichlet__alpha-3__global-dp__fedavg__clients-7__seed-42__nm0p028__clip5__rounds-20__epochs-5__cifar10_dirichlet__cifar10_cnn round=3 (checkpoint deleted)
2026-08-20 13:36:01 EVALUATED cifar10-out-remove__dirichlet__alpha-3__global-dp__fedavg__clients-7__seed-42__nm0p028__clip5__rounds-20__epochs-5__cifar10_dirichlet__cifar10_cnn round=4 (checkpoint deleted)
2026-08-20 13:36:09 EVALUATED cifar10-out-remove__dirichlet__alpha-3__global-dp__fedavg__clients-7__seed-42__nm0p028__clip5__rounds-20__epochs-5__cifar10_dirichlet__cifar10_cnn round=5 (checkpoint deleted)
2026-08-20 13:36:17 EVALUATED cifar10-out-remove__dirichlet__alpha-3__global-dp__fedavg__clients-7__seed-42__nm0p028__clip5__rounds-20__epochs-5__cifar10_dirichlet__cifar10_cnn round=6 (checkpoint deleted)
2026-08-20 13:36:25 EVALUATED cifar10-out-remove__dirichlet__alpha-3__global-dp__fedavg__clients-7__seed-42__nm0p028__clip5__rounds-20__epochs-5__cifar10_dirichlet__cifar10_cnn round=7 (checkpoint deleted)
2026-08-20 13:36:33 EVALUATED cifar10-out-remove__dirichlet__alpha-3__global-dp__fedavg__clients-7__seed-42__nm0p028__clip5__rounds-20__epochs-5__cifar10_dirichlet__cifar10_cnn round=8 (checkpoint deleted)
2026-08-20 13:36:41 EVALUATED cifar10-out-remove__dirichlet__alpha-3__global-dp__fedavg__clients-7__seed-42__nm0p028__clip5__rounds-20__epochs-5__cifar10_dirichlet__cifar10_cnn round=9 (checkpoint deleted)
2026-08-20 13:36:49 EVALUATED cifar10-out-remove__dirichlet__alpha-3__global-dp__fedavg__clients-7__seed-42__nm0p028__clip5__rounds-20__epochs-5__cifar10_dirichlet__cifar10_cnn round=10 (checkpoint deleted)
2026-08-20 13:36:57 EVALUATED cifar10-out-remove__dirichlet__alpha-3__global-dp__fedavg__clients-7__seed-42__nm0p028__clip5__rounds-20__epochs-5__cifar10_dirichlet__cifar10_cnn round=11 (checkpoint deleted)
2026-08-20 13:37:05 EVALUATED cifar10-out-remove__dirichlet__alpha-3__global-dp__fedavg__clients-7__seed-42__nm0p028__clip5__rounds-20__epochs-5__cifar10_dirichlet__cifar10_cnn round=12 (checkpoint deleted)
2026-08-20 13:37:13 EVALUATED cifar10-out-remove__dirichlet__alpha-3__global-dp__fedavg__clients-7__seed-42__nm0p028__clip5__rounds-20__epochs-5__cifar10_dirichlet__cifar10_cnn round=13 (checkpoint deleted)
2026-08-20 13:37:21 EVALUATED cifar10-out-remove__dirichlet__alpha-3__global-dp__fedavg__clients-7__seed-42__nm0p028__clip5__rounds-20__epochs-5__cifar10_dirichlet__cifar10_cnn round=14 (checkpoint deleted)
2026-08-20 13:37:29 EVALUATED cifar10-out-remove__dirichlet__alpha-3__global-dp__fedavg__clients-7__seed-42__nm0p028__clip5__rounds-20__epochs-5__cifar10_dirichlet__cifar10_cnn round=15 (checkpoint deleted)
2026-08-20 13:37:37 EVALUATED cifar10-out-remove__dirichlet__alpha-3__global-dp__fedavg__clients-7__seed-42__nm0p028__clip5__rounds-20__epochs-5__cifar10_dirichlet__cifar10_cnn round=16 (checkpoint deleted)
2026-08-20 13:37:45 EVALUATED cifar10-out-remove__dirichlet__alpha-3__global-dp__fedavg__clients-7__seed-42__nm0p028__clip5__rounds-20__epochs-5__cifar10_dirichlet__cifar10_cnn round=17 (checkpoint deleted)
2026-08-20 13:37:54 EVALUATED cifar10-out-remove__dirichlet__alpha-3__global-dp__fedavg__clients-7__seed-42__nm0p028__clip5__rounds-20__epochs-5__cifar10_dirichlet__cifar10_cnn round=18 (checkpoint deleted)
2026-08-20 13:38:01 EVALUATED cifar10-out-remove__dirichlet__alpha-3__global-dp__fedavg__clients-7__seed-42__nm0p028__clip5__rounds-20__epochs-5__cifar10_dirichlet__cifar10_cnn round=19 (checkpoint deleted)
2026-08-20 13:38:10 EVALUATED cifar10-out-remove__dirichlet__alpha-3__global-dp__fedavg__clients-7__seed-42__nm0p028__clip5__rounds-20__epochs-5__cifar10_dirichlet__cifar10_cnn round=20 (checkpoint deleted)
2026-08-20 13:38:10 PROGRESS 2/2 (0 failed so far)
2026-08-20 13:38:10 Sweep finished: 2/2 attempted, 0 failed
