2026-08-20 16:33:13 Alzheimer stage (global-dp, non-iid, seed=42, noise_ratio=0.01992567516931744): 2 trajectories
2026-08-20 16:33:13 START alzheimer-in-remove__non-iid__global-dp__fedavg__clients-48__seed-42__nm0p956432__clip5__rounds-100__epochs-5__alzheimer_remove__paper_cnn 
2026-08-20 16:50:51 DONE  alzheimer-in-remove__non-iid__global-dp__fedavg__clients-48__seed-42__nm0p956432__clip5__rounds-100__epochs-5__alzheimer_remove__paper_cnn (1057.6s)
2026-08-20 16:50:52 EVALUATED alzheimer-in-remove__non-iid__global-dp__fedavg__clients-48__seed-42__nm0p956432__clip5__rounds-100__epochs-5__alzheimer_remove__paper_cnn round=1 (checkpoint deleted)
2026-08-20 16:50:53 EVALUATED alzheimer-in-remove__non-iid__global-dp__fedavg__clients-48__seed-42__nm0p956432__clip5__rounds-100__epochs-5__alzheimer_remove__paper_cnn round=10 (checkpoint deleted)
2026-08-20 16:50:53 EVALUATED alzheimer-in-remove__non-iid__global-dp__fedavg__clients-48__seed-42__nm0p956432__clip5__rounds-100__epochs-5__alzheimer_remove__paper_cnn round=20 (checkpoint deleted)
2026-08-20 16:50:54 EVALUATED alzheimer-in-remove__non-iid__global-dp__fedavg__clients-48__seed-42__nm0p956432__clip5__rounds-100__epochs-5__alzheimer_remove__paper_cnn round=30 (checkpoint deleted)
2026-08-20 16:50:55 EVALUATED alzheimer-in-remove__non-iid__global-dp__fedavg__clients-48__seed-42__nm0p956432__clip5__rounds-100__epochs-5__alzheimer_remove__paper_cnn round=40 (checkpoint deleted)
2026-08-20 16:50:56 EVALUATED alzheimer-in-remove__non-iid__global-dp__fedavg__clients-48__seed-42__nm0p956432__clip5__rounds-100__epochs-5__alzheimer_remove__paper_cnn round=50 (checkpoint deleted)
2026-08-20 16:50:56 EVALUATED alzheimer-in-remove__non-iid__global-dp__fedavg__clients-48__seed-42__nm0p956432__clip5__rounds-100__epochs-5__alzheimer_remove__paper_cnn round=60 (checkpoint deleted)
2026-08-20 16:50:57 EVALUATED alzheimer-in-remove__non-iid__global-dp__fedavg__clients-48__seed-42__nm0p956432__clip5__rounds-100__epochs-5__alzheimer_remove__paper_cnn round=70 (checkpoint deleted)
2026-08-20 16:50:57 EVALUATED alzheimer-in-remove__non-iid__global-dp__fedavg__clients-48__seed-42__nm0p956432__clip5__rounds-100__epochs-5__alzheimer_remove__paper_cnn round=80 (checkpoint deleted)
2026-08-20 16:50:58 EVALUATED alzheimer-in-remove__non-iid__global-dp__fedavg__clients-48__seed-42__nm0p956432__clip5__rounds-100__epochs-5__alzheimer_remove__paper_cnn round=90 (checkpoint deleted)
2026-08-20 16:50:58 EVALUATED alzheimer-in-remove__non-iid__global-dp__fedavg__clients-48__seed-42__nm0p956432__clip5__rounds-100__epochs-5__alzheimer_remove__paper_cnn round=100 (checkpoint deleted)
2026-08-20 16:50:58 PROGRESS 1/2 (0 failed so far)
2026-08-20 16:50:58 START alzheimer-out-remove__non-iid__global-dp__fedavg__clients-47__seed-42__nm0p936507__clip5__rounds-100__epochs-5__alzheimer_remove__paper_cnn 
2026-08-20 17:08:00 DONE  alzheimer-out-remove__non-iid__global-dp__fedavg__clients-47__seed-42__nm0p936507__clip5__rounds-100__epochs-5__alzheimer_remove__paper_cnn (1021.4s)
2026-08-20 17:08:00 EVALUATED alzheimer-out-remove__non-iid__global-dp__fedavg__clients-47__seed-42__nm0p936507__clip5__rounds-100__epochs-5__alzheimer_remove__paper_cnn round=1 (checkpoint deleted)
2026-08-20 17:08:01 EVALUATED alzheimer-out-remove__non-iid__global-dp__fedavg__clients-47__seed-42__nm0p936507__clip5__rounds-100__epochs-5__alzheimer_remove__paper_cnn round=10 (checkpoint deleted)
2026-08-20 17:08:01 EVALUATED alzheimer-out-remove__non-iid__global-dp__fedavg__clients-47__seed-42__nm0p936507__clip5__rounds-100__epochs-5__alzheimer_remove__paper_cnn round=20 (checkpoint deleted)
2026-08-20 17:08:02 EVALUATED alzheimer-out-remove__non-iid__global-dp__fedavg__clients-47__seed-42__nm0p936507__clip5__rounds-100__epochs-5__alzheimer_remove__paper_cnn round=30 (checkpoint deleted)
2026-08-20 17:08:02 EVALUATED alzheimer-out-remove__non-iid__global-dp__fedavg__clients-47__seed-42__nm0p936507__clip5__rounds-100__epochs-5__alzheimer_remove__paper_cnn round=40 (checkpoint deleted)
2026-08-20 17:08:03 EVALUATED alzheimer-out-remove__non-iid__global-dp__fedavg__clients-47__seed-42__nm0p936507__clip5__rounds-100__epochs-5__alzheimer_remove__paper_cnn round=50 (checkpoint deleted)
2026-08-20 17:08:04 EVALUATED alzheimer-out-remove__non-iid__global-dp__fedavg__clients-47__seed-42__nm0p936507__clip5__rounds-100__epochs-5__alzheimer_remove__paper_cnn round=60 (checkpoint deleted)
2026-08-20 17:08:04 EVALUATED alzheimer-out-remove__non-iid__global-dp__fedavg__clients-47__seed-42__nm0p936507__clip5__rounds-100__epochs-5__alzheimer_remove__paper_cnn round=70 (checkpoint deleted)
2026-08-20 17:08:05 EVALUATED alzheimer-out-remove__non-iid__global-dp__fedavg__clients-47__seed-42__nm0p936507__clip5__rounds-100__epochs-5__alzheimer_remove__paper_cnn round=80 (checkpoint deleted)
2026-08-20 17:08:05 EVALUATED alzheimer-out-remove__non-iid__global-dp__fedavg__clients-47__seed-42__nm0p936507__clip5__rounds-100__epochs-5__alzheimer_remove__paper_cnn round=90 (checkpoint deleted)
2026-08-20 17:08:06 EVALUATED alzheimer-out-remove__non-iid__global-dp__fedavg__clients-47__seed-42__nm0p936507__clip5__rounds-100__epochs-5__alzheimer_remove__paper_cnn round=100 (checkpoint deleted)
2026-08-20 17:08:06 PROGRESS 2/2 (0 failed so far)
2026-08-20 17:08:06 Sweep finished: 2/2 attempted, 0 failed
