2026-08-18 04:44:24 EuroSAT stage (global-dp, homogeneous, seed=42, noise_ratio=4.831656524387827e-05): 2 trajectories
2026-08-18 04:44:24 START eurosat-in-remove__homogeneous__global-dp__fedavg__clients-48__seed-42__nm0p0023192__clip5__rounds-100__epochs-5__eurosat_remove__eurosat_cnn 
2026-08-18 05:15:50 DONE  eurosat-in-remove__homogeneous__global-dp__fedavg__clients-48__seed-42__nm0p0023192__clip5__rounds-100__epochs-5__eurosat_remove__eurosat_cnn (1886.2s)
2026-08-18 05:15:51 EVALUATED eurosat-in-remove__homogeneous__global-dp__fedavg__clients-48__seed-42__nm0p0023192__clip5__rounds-100__epochs-5__eurosat_remove__eurosat_cnn round=1 (checkpoint deleted)
2026-08-18 05:15:53 EVALUATED eurosat-in-remove__homogeneous__global-dp__fedavg__clients-48__seed-42__nm0p0023192__clip5__rounds-100__epochs-5__eurosat_remove__eurosat_cnn round=10 (checkpoint deleted)
2026-08-18 05:15:54 EVALUATED eurosat-in-remove__homogeneous__global-dp__fedavg__clients-48__seed-42__nm0p0023192__clip5__rounds-100__epochs-5__eurosat_remove__eurosat_cnn round=20 (checkpoint deleted)
2026-08-18 05:15:55 EVALUATED eurosat-in-remove__homogeneous__global-dp__fedavg__clients-48__seed-42__nm0p0023192__clip5__rounds-100__epochs-5__eurosat_remove__eurosat_cnn round=30 (checkpoint deleted)
2026-08-18 05:15:57 EVALUATED eurosat-in-remove__homogeneous__global-dp__fedavg__clients-48__seed-42__nm0p0023192__clip5__rounds-100__epochs-5__eurosat_remove__eurosat_cnn round=40 (checkpoint deleted)
2026-08-18 05:15:58 EVALUATED eurosat-in-remove__homogeneous__global-dp__fedavg__clients-48__seed-42__nm0p0023192__clip5__rounds-100__epochs-5__eurosat_remove__eurosat_cnn round=50 (checkpoint deleted)
2026-08-18 05:15:59 EVALUATED eurosat-in-remove__homogeneous__global-dp__fedavg__clients-48__seed-42__nm0p0023192__clip5__rounds-100__epochs-5__eurosat_remove__eurosat_cnn round=60 (checkpoint deleted)
2026-08-18 05:16:01 EVALUATED eurosat-in-remove__homogeneous__global-dp__fedavg__clients-48__seed-42__nm0p0023192__clip5__rounds-100__epochs-5__eurosat_remove__eurosat_cnn round=70 (checkpoint deleted)
2026-08-18 05:16:02 EVALUATED eurosat-in-remove__homogeneous__global-dp__fedavg__clients-48__seed-42__nm0p0023192__clip5__rounds-100__epochs-5__eurosat_remove__eurosat_cnn round=80 (checkpoint deleted)
2026-08-18 05:16:03 EVALUATED eurosat-in-remove__homogeneous__global-dp__fedavg__clients-48__seed-42__nm0p0023192__clip5__rounds-100__epochs-5__eurosat_remove__eurosat_cnn round=90 (checkpoint deleted)
2026-08-18 05:16:05 EVALUATED eurosat-in-remove__homogeneous__global-dp__fedavg__clients-48__seed-42__nm0p0023192__clip5__rounds-100__epochs-5__eurosat_remove__eurosat_cnn round=100 (checkpoint deleted)
2026-08-18 05:16:05 PROGRESS 1/2 (0 failed so far)
2026-08-18 05:16:05 START eurosat-out-remove__homogeneous__global-dp__fedavg__clients-47__seed-42__nm0p00227088__clip5__rounds-100__epochs-5__eurosat_remove__eurosat_cnn 
2026-08-18 05:46:35 DONE  eurosat-out-remove__homogeneous__global-dp__fedavg__clients-47__seed-42__nm0p00227088__clip5__rounds-100__epochs-5__eurosat_remove__eurosat_cnn (1830.3s)
2026-08-18 05:46:36 EVALUATED eurosat-out-remove__homogeneous__global-dp__fedavg__clients-47__seed-42__nm0p00227088__clip5__rounds-100__epochs-5__eurosat_remove__eurosat_cnn round=1 (checkpoint deleted)
2026-08-18 05:46:38 EVALUATED eurosat-out-remove__homogeneous__global-dp__fedavg__clients-47__seed-42__nm0p00227088__clip5__rounds-100__epochs-5__eurosat_remove__eurosat_cnn round=10 (checkpoint deleted)
2026-08-18 05:46:39 EVALUATED eurosat-out-remove__homogeneous__global-dp__fedavg__clients-47__seed-42__nm0p00227088__clip5__rounds-100__epochs-5__eurosat_remove__eurosat_cnn round=20 (checkpoint deleted)
2026-08-18 05:46:40 EVALUATED eurosat-out-remove__homogeneous__global-dp__fedavg__clients-47__seed-42__nm0p00227088__clip5__rounds-100__epochs-5__eurosat_remove__eurosat_cnn round=30 (checkpoint deleted)
2026-08-18 05:46:41 EVALUATED eurosat-out-remove__homogeneous__global-dp__fedavg__clients-47__seed-42__nm0p00227088__clip5__rounds-100__epochs-5__eurosat_remove__eurosat_cnn round=40 (checkpoint deleted)
2026-08-18 05:46:43 EVALUATED eurosat-out-remove__homogeneous__global-dp__fedavg__clients-47__seed-42__nm0p00227088__clip5__rounds-100__epochs-5__eurosat_remove__eurosat_cnn round=50 (checkpoint deleted)
2026-08-18 05:46:44 EVALUATED eurosat-out-remove__homogeneous__global-dp__fedavg__clients-47__seed-42__nm0p00227088__clip5__rounds-100__epochs-5__eurosat_remove__eurosat_cnn round=60 (checkpoint deleted)
2026-08-18 05:46:46 EVALUATED eurosat-out-remove__homogeneous__global-dp__fedavg__clients-47__seed-42__nm0p00227088__clip5__rounds-100__epochs-5__eurosat_remove__eurosat_cnn round=70 (checkpoint deleted)
2026-08-18 05:46:47 EVALUATED eurosat-out-remove__homogeneous__global-dp__fedavg__clients-47__seed-42__nm0p00227088__clip5__rounds-100__epochs-5__eurosat_remove__eurosat_cnn round=80 (checkpoint deleted)
2026-08-18 05:46:48 EVALUATED eurosat-out-remove__homogeneous__global-dp__fedavg__clients-47__seed-42__nm0p00227088__clip5__rounds-100__epochs-5__eurosat_remove__eurosat_cnn round=90 (checkpoint deleted)
2026-08-18 05:46:49 EVALUATED eurosat-out-remove__homogeneous__global-dp__fedavg__clients-47__seed-42__nm0p00227088__clip5__rounds-100__epochs-5__eurosat_remove__eurosat_cnn round=100 (checkpoint deleted)
2026-08-18 05:46:49 PROGRESS 2/2 (0 failed so far)
2026-08-18 05:46:49 Sweep finished: 2/2 attempted, 0 failed
