2026-08-21 20:11:02 CIFAR-10 stage (metric-privacy, non-iid, seed=42, noise_ratio=0.000625): 2 trajectories
2026-08-21 20:11:02 START cifar10-in-remove__non-iid__metric-privacy__fedavg__clients-100__seed-42__nm0p0625__clip5__rounds-20__epochs-5__cifar10_remove__cifar10_cnn 
2026-08-21 20:18:00 DONE  cifar10-in-remove__non-iid__metric-privacy__fedavg__clients-100__seed-42__nm0p0625__clip5__rounds-20__epochs-5__cifar10_remove__cifar10_cnn (417.9s)
2026-08-21 20:18:03 EVALUATED cifar10-in-remove__non-iid__metric-privacy__fedavg__clients-100__seed-42__nm0p0625__clip5__rounds-20__epochs-5__cifar10_remove__cifar10_cnn round=1 (checkpoint deleted)
2026-08-21 20:18:06 EVALUATED cifar10-in-remove__non-iid__metric-privacy__fedavg__clients-100__seed-42__nm0p0625__clip5__rounds-20__epochs-5__cifar10_remove__cifar10_cnn round=2 (checkpoint deleted)
2026-08-21 20:18:09 EVALUATED cifar10-in-remove__non-iid__metric-privacy__fedavg__clients-100__seed-42__nm0p0625__clip5__rounds-20__epochs-5__cifar10_remove__cifar10_cnn round=3 (checkpoint deleted)
2026-08-21 20:18:12 EVALUATED cifar10-in-remove__non-iid__metric-privacy__fedavg__clients-100__seed-42__nm0p0625__clip5__rounds-20__epochs-5__cifar10_remove__cifar10_cnn round=4 (checkpoint deleted)
2026-08-21 20:18:15 EVALUATED cifar10-in-remove__non-iid__metric-privacy__fedavg__clients-100__seed-42__nm0p0625__clip5__rounds-20__epochs-5__cifar10_remove__cifar10_cnn round=5 (checkpoint deleted)
2026-08-21 20:18:18 EVALUATED cifar10-in-remove__non-iid__metric-privacy__fedavg__clients-100__seed-42__nm0p0625__clip5__rounds-20__epochs-5__cifar10_remove__cifar10_cnn round=6 (checkpoint deleted)
2026-08-21 20:18:21 EVALUATED cifar10-in-remove__non-iid__metric-privacy__fedavg__clients-100__seed-42__nm0p0625__clip5__rounds-20__epochs-5__cifar10_remove__cifar10_cnn round=7 (checkpoint deleted)
2026-08-21 20:18:24 EVALUATED cifar10-in-remove__non-iid__metric-privacy__fedavg__clients-100__seed-42__nm0p0625__clip5__rounds-20__epochs-5__cifar10_remove__cifar10_cnn round=8 (checkpoint deleted)
2026-08-21 20:18:27 EVALUATED cifar10-in-remove__non-iid__metric-privacy__fedavg__clients-100__seed-42__nm0p0625__clip5__rounds-20__epochs-5__cifar10_remove__cifar10_cnn round=9 (checkpoint deleted)
2026-08-21 20:18:30 EVALUATED cifar10-in-remove__non-iid__metric-privacy__fedavg__clients-100__seed-42__nm0p0625__clip5__rounds-20__epochs-5__cifar10_remove__cifar10_cnn round=10 (checkpoint deleted)
2026-08-21 20:18:33 EVALUATED cifar10-in-remove__non-iid__metric-privacy__fedavg__clients-100__seed-42__nm0p0625__clip5__rounds-20__epochs-5__cifar10_remove__cifar10_cnn round=11 (checkpoint deleted)
2026-08-21 20:18:36 EVALUATED cifar10-in-remove__non-iid__metric-privacy__fedavg__clients-100__seed-42__nm0p0625__clip5__rounds-20__epochs-5__cifar10_remove__cifar10_cnn round=12 (checkpoint deleted)
2026-08-21 20:18:39 EVALUATED cifar10-in-remove__non-iid__metric-privacy__fedavg__clients-100__seed-42__nm0p0625__clip5__rounds-20__epochs-5__cifar10_remove__cifar10_cnn round=13 (checkpoint deleted)
2026-08-21 20:18:42 EVALUATED cifar10-in-remove__non-iid__metric-privacy__fedavg__clients-100__seed-42__nm0p0625__clip5__rounds-20__epochs-5__cifar10_remove__cifar10_cnn round=14 (checkpoint deleted)
2026-08-21 20:18:45 EVALUATED cifar10-in-remove__non-iid__metric-privacy__fedavg__clients-100__seed-42__nm0p0625__clip5__rounds-20__epochs-5__cifar10_remove__cifar10_cnn round=15 (checkpoint deleted)
2026-08-21 20:18:48 EVALUATED cifar10-in-remove__non-iid__metric-privacy__fedavg__clients-100__seed-42__nm0p0625__clip5__rounds-20__epochs-5__cifar10_remove__cifar10_cnn round=16 (checkpoint deleted)
2026-08-21 20:18:51 EVALUATED cifar10-in-remove__non-iid__metric-privacy__fedavg__clients-100__seed-42__nm0p0625__clip5__rounds-20__epochs-5__cifar10_remove__cifar10_cnn round=17 (checkpoint deleted)
2026-08-21 20:18:54 EVALUATED cifar10-in-remove__non-iid__metric-privacy__fedavg__clients-100__seed-42__nm0p0625__clip5__rounds-20__epochs-5__cifar10_remove__cifar10_cnn round=18 (checkpoint deleted)
2026-08-21 20:18:57 EVALUATED cifar10-in-remove__non-iid__metric-privacy__fedavg__clients-100__seed-42__nm0p0625__clip5__rounds-20__epochs-5__cifar10_remove__cifar10_cnn round=19 (checkpoint deleted)
2026-08-21 20:19:00 EVALUATED cifar10-in-remove__non-iid__metric-privacy__fedavg__clients-100__seed-42__nm0p0625__clip5__rounds-20__epochs-5__cifar10_remove__cifar10_cnn round=20 (checkpoint deleted)
2026-08-21 20:19:00 PROGRESS 1/2 (0 failed so far)
2026-08-21 20:19:00 START cifar10-out-remove__non-iid__metric-privacy__fedavg__clients-99__seed-42__nm0p061875__clip5__rounds-20__epochs-5__cifar10_remove__cifar10_cnn 
2026-08-21 20:25:57 DONE  cifar10-out-remove__non-iid__metric-privacy__fedavg__clients-99__seed-42__nm0p061875__clip5__rounds-20__epochs-5__cifar10_remove__cifar10_cnn (416.4s)
2026-08-21 20:26:00 EVALUATED cifar10-out-remove__non-iid__metric-privacy__fedavg__clients-99__seed-42__nm0p061875__clip5__rounds-20__epochs-5__cifar10_remove__cifar10_cnn round=1 (checkpoint deleted)
2026-08-21 20:26:03 EVALUATED cifar10-out-remove__non-iid__metric-privacy__fedavg__clients-99__seed-42__nm0p061875__clip5__rounds-20__epochs-5__cifar10_remove__cifar10_cnn round=2 (checkpoint deleted)
2026-08-21 20:26:06 EVALUATED cifar10-out-remove__non-iid__metric-privacy__fedavg__clients-99__seed-42__nm0p061875__clip5__rounds-20__epochs-5__cifar10_remove__cifar10_cnn round=3 (checkpoint deleted)
2026-08-21 20:26:09 EVALUATED cifar10-out-remove__non-iid__metric-privacy__fedavg__clients-99__seed-42__nm0p061875__clip5__rounds-20__epochs-5__cifar10_remove__cifar10_cnn round=4 (checkpoint deleted)
2026-08-21 20:26:12 EVALUATED cifar10-out-remove__non-iid__metric-privacy__fedavg__clients-99__seed-42__nm0p061875__clip5__rounds-20__epochs-5__cifar10_remove__cifar10_cnn round=5 (checkpoint deleted)
2026-08-21 20:26:15 EVALUATED cifar10-out-remove__non-iid__metric-privacy__fedavg__clients-99__seed-42__nm0p061875__clip5__rounds-20__epochs-5__cifar10_remove__cifar10_cnn round=6 (checkpoint deleted)
2026-08-21 20:26:18 EVALUATED cifar10-out-remove__non-iid__metric-privacy__fedavg__clients-99__seed-42__nm0p061875__clip5__rounds-20__epochs-5__cifar10_remove__cifar10_cnn round=7 (checkpoint deleted)
2026-08-21 20:26:22 EVALUATED cifar10-out-remove__non-iid__metric-privacy__fedavg__clients-99__seed-42__nm0p061875__clip5__rounds-20__epochs-5__cifar10_remove__cifar10_cnn round=8 (checkpoint deleted)
2026-08-21 20:26:25 EVALUATED cifar10-out-remove__non-iid__metric-privacy__fedavg__clients-99__seed-42__nm0p061875__clip5__rounds-20__epochs-5__cifar10_remove__cifar10_cnn round=9 (checkpoint deleted)
2026-08-21 20:26:28 EVALUATED cifar10-out-remove__non-iid__metric-privacy__fedavg__clients-99__seed-42__nm0p061875__clip5__rounds-20__epochs-5__cifar10_remove__cifar10_cnn round=10 (checkpoint deleted)
2026-08-21 20:26:31 EVALUATED cifar10-out-remove__non-iid__metric-privacy__fedavg__clients-99__seed-42__nm0p061875__clip5__rounds-20__epochs-5__cifar10_remove__cifar10_cnn round=11 (checkpoint deleted)
2026-08-21 20:26:34 EVALUATED cifar10-out-remove__non-iid__metric-privacy__fedavg__clients-99__seed-42__nm0p061875__clip5__rounds-20__epochs-5__cifar10_remove__cifar10_cnn round=12 (checkpoint deleted)
2026-08-21 20:26:37 EVALUATED cifar10-out-remove__non-iid__metric-privacy__fedavg__clients-99__seed-42__nm0p061875__clip5__rounds-20__epochs-5__cifar10_remove__cifar10_cnn round=13 (checkpoint deleted)
2026-08-21 20:26:40 EVALUATED cifar10-out-remove__non-iid__metric-privacy__fedavg__clients-99__seed-42__nm0p061875__clip5__rounds-20__epochs-5__cifar10_remove__cifar10_cnn round=14 (checkpoint deleted)
2026-08-21 20:26:43 EVALUATED cifar10-out-remove__non-iid__metric-privacy__fedavg__clients-99__seed-42__nm0p061875__clip5__rounds-20__epochs-5__cifar10_remove__cifar10_cnn round=15 (checkpoint deleted)
2026-08-21 20:26:46 EVALUATED cifar10-out-remove__non-iid__metric-privacy__fedavg__clients-99__seed-42__nm0p061875__clip5__rounds-20__epochs-5__cifar10_remove__cifar10_cnn round=16 (checkpoint deleted)
2026-08-21 20:26:49 EVALUATED cifar10-out-remove__non-iid__metric-privacy__fedavg__clients-99__seed-42__nm0p061875__clip5__rounds-20__epochs-5__cifar10_remove__cifar10_cnn round=17 (checkpoint deleted)
2026-08-21 20:26:52 EVALUATED cifar10-out-remove__non-iid__metric-privacy__fedavg__clients-99__seed-42__nm0p061875__clip5__rounds-20__epochs-5__cifar10_remove__cifar10_cnn round=18 (checkpoint deleted)
2026-08-21 20:26:55 EVALUATED cifar10-out-remove__non-iid__metric-privacy__fedavg__clients-99__seed-42__nm0p061875__clip5__rounds-20__epochs-5__cifar10_remove__cifar10_cnn round=19 (checkpoint deleted)
2026-08-21 20:26:58 EVALUATED cifar10-out-remove__non-iid__metric-privacy__fedavg__clients-99__seed-42__nm0p061875__clip5__rounds-20__epochs-5__cifar10_remove__cifar10_cnn round=20 (checkpoint deleted)
2026-08-21 20:26:58 PROGRESS 2/2 (0 failed so far)
2026-08-21 20:26:58 Sweep finished: 2/2 attempted, 0 failed
2026-08-21 20:26:58 CIFAR-10 stage (metric-privacy, non-iid, seed=42, noise_ratio=0.000625): 2 trajectories
2026-08-21 20:26:58 SKIP  2 combinations (attack results already exist)
2026-08-21 20:26:58 Sweep finished: 2/2 attempted, 0 failed
