2026-08-19 23:47:54 Alzheimer stage (vanilla, homogeneous, seed=43, noise_ratio=None): 2 trajectories
2026-08-19 23:47:54 START alzheimer-in-remove__homogeneous__vanilla__fedavg__clients-48__seed-43__nm0p00373606__clip5__rounds-100__epochs-5__alzheimer_remove__paper_cnn 
2026-08-19 23:58:27 DONE  alzheimer-in-remove__homogeneous__vanilla__fedavg__clients-48__seed-43__nm0p00373606__clip5__rounds-100__epochs-5__alzheimer_remove__paper_cnn (632.9s)
2026-08-19 23:58:27 EVALUATED alzheimer-in-remove__homogeneous__vanilla__fedavg__clients-48__seed-43__nm0p00373606__clip5__rounds-100__epochs-5__alzheimer_remove__paper_cnn round=1 (checkpoint deleted)
2026-08-19 23:58:28 EVALUATED alzheimer-in-remove__homogeneous__vanilla__fedavg__clients-48__seed-43__nm0p00373606__clip5__rounds-100__epochs-5__alzheimer_remove__paper_cnn round=10 (checkpoint deleted)
2026-08-19 23:58:28 EVALUATED alzheimer-in-remove__homogeneous__vanilla__fedavg__clients-48__seed-43__nm0p00373606__clip5__rounds-100__epochs-5__alzheimer_remove__paper_cnn round=20 (checkpoint deleted)
2026-08-19 23:58:29 EVALUATED alzheimer-in-remove__homogeneous__vanilla__fedavg__clients-48__seed-43__nm0p00373606__clip5__rounds-100__epochs-5__alzheimer_remove__paper_cnn round=30 (checkpoint deleted)
2026-08-19 23:58:29 EVALUATED alzheimer-in-remove__homogeneous__vanilla__fedavg__clients-48__seed-43__nm0p00373606__clip5__rounds-100__epochs-5__alzheimer_remove__paper_cnn round=40 (checkpoint deleted)
2026-08-19 23:58:30 EVALUATED alzheimer-in-remove__homogeneous__vanilla__fedavg__clients-48__seed-43__nm0p00373606__clip5__rounds-100__epochs-5__alzheimer_remove__paper_cnn round=50 (checkpoint deleted)
2026-08-19 23:58:30 EVALUATED alzheimer-in-remove__homogeneous__vanilla__fedavg__clients-48__seed-43__nm0p00373606__clip5__rounds-100__epochs-5__alzheimer_remove__paper_cnn round=60 (checkpoint deleted)
2026-08-19 23:58:31 EVALUATED alzheimer-in-remove__homogeneous__vanilla__fedavg__clients-48__seed-43__nm0p00373606__clip5__rounds-100__epochs-5__alzheimer_remove__paper_cnn round=70 (checkpoint deleted)
2026-08-19 23:58:31 EVALUATED alzheimer-in-remove__homogeneous__vanilla__fedavg__clients-48__seed-43__nm0p00373606__clip5__rounds-100__epochs-5__alzheimer_remove__paper_cnn round=80 (checkpoint deleted)
2026-08-19 23:58:32 EVALUATED alzheimer-in-remove__homogeneous__vanilla__fedavg__clients-48__seed-43__nm0p00373606__clip5__rounds-100__epochs-5__alzheimer_remove__paper_cnn round=90 (checkpoint deleted)
2026-08-19 23:58:32 EVALUATED alzheimer-in-remove__homogeneous__vanilla__fedavg__clients-48__seed-43__nm0p00373606__clip5__rounds-100__epochs-5__alzheimer_remove__paper_cnn round=100 (checkpoint deleted)
2026-08-19 23:58:32 PROGRESS 1/2 (0 failed so far)
2026-08-19 23:58:32 START alzheimer-out-remove__homogeneous__vanilla__fedavg__clients-47__seed-43__nm0p00373606__clip5__rounds-100__epochs-5__alzheimer_remove__paper_cnn 
2026-08-20 00:08:33 DONE  alzheimer-out-remove__homogeneous__vanilla__fedavg__clients-47__seed-43__nm0p00373606__clip5__rounds-100__epochs-5__alzheimer_remove__paper_cnn (601.3s)
2026-08-20 00:08:34 EVALUATED alzheimer-out-remove__homogeneous__vanilla__fedavg__clients-47__seed-43__nm0p00373606__clip5__rounds-100__epochs-5__alzheimer_remove__paper_cnn round=1 (checkpoint deleted)
2026-08-20 00:08:34 EVALUATED alzheimer-out-remove__homogeneous__vanilla__fedavg__clients-47__seed-43__nm0p00373606__clip5__rounds-100__epochs-5__alzheimer_remove__paper_cnn round=10 (checkpoint deleted)
2026-08-20 00:08:35 EVALUATED alzheimer-out-remove__homogeneous__vanilla__fedavg__clients-47__seed-43__nm0p00373606__clip5__rounds-100__epochs-5__alzheimer_remove__paper_cnn round=20 (checkpoint deleted)
2026-08-20 00:08:35 EVALUATED alzheimer-out-remove__homogeneous__vanilla__fedavg__clients-47__seed-43__nm0p00373606__clip5__rounds-100__epochs-5__alzheimer_remove__paper_cnn round=30 (checkpoint deleted)
2026-08-20 00:08:36 EVALUATED alzheimer-out-remove__homogeneous__vanilla__fedavg__clients-47__seed-43__nm0p00373606__clip5__rounds-100__epochs-5__alzheimer_remove__paper_cnn round=40 (checkpoint deleted)
2026-08-20 00:08:36 EVALUATED alzheimer-out-remove__homogeneous__vanilla__fedavg__clients-47__seed-43__nm0p00373606__clip5__rounds-100__epochs-5__alzheimer_remove__paper_cnn round=50 (checkpoint deleted)
2026-08-20 00:08:37 EVALUATED alzheimer-out-remove__homogeneous__vanilla__fedavg__clients-47__seed-43__nm0p00373606__clip5__rounds-100__epochs-5__alzheimer_remove__paper_cnn round=60 (checkpoint deleted)
2026-08-20 00:08:37 EVALUATED alzheimer-out-remove__homogeneous__vanilla__fedavg__clients-47__seed-43__nm0p00373606__clip5__rounds-100__epochs-5__alzheimer_remove__paper_cnn round=70 (checkpoint deleted)
2026-08-20 00:08:38 EVALUATED alzheimer-out-remove__homogeneous__vanilla__fedavg__clients-47__seed-43__nm0p00373606__clip5__rounds-100__epochs-5__alzheimer_remove__paper_cnn round=80 (checkpoint deleted)
2026-08-20 00:08:38 EVALUATED alzheimer-out-remove__homogeneous__vanilla__fedavg__clients-47__seed-43__nm0p00373606__clip5__rounds-100__epochs-5__alzheimer_remove__paper_cnn round=90 (checkpoint deleted)
2026-08-20 00:08:39 EVALUATED alzheimer-out-remove__homogeneous__vanilla__fedavg__clients-47__seed-43__nm0p00373606__clip5__rounds-100__epochs-5__alzheimer_remove__paper_cnn round=100 (checkpoint deleted)
2026-08-20 00:08:39 PROGRESS 2/2 (0 failed so far)
2026-08-20 00:08:39 Sweep finished: 2/2 attempted, 0 failed
