2026-08-21 17:36:53 CIFAR-10 stage (metric-privacy, homogeneous, seed=44, noise_ratio=0.005): 2 trajectories
2026-08-21 17:36:53 START cifar10-in-remove__homogeneous__metric-privacy__fedavg__clients-100__seed-44__nm0p5__clip5__rounds-20__epochs-5__cifar10_remove__cifar10_cnn 
2026-08-21 17:43:54 DONE  cifar10-in-remove__homogeneous__metric-privacy__fedavg__clients-100__seed-44__nm0p5__clip5__rounds-20__epochs-5__cifar10_remove__cifar10_cnn (421.3s)
2026-08-21 17:43:57 EVALUATED cifar10-in-remove__homogeneous__metric-privacy__fedavg__clients-100__seed-44__nm0p5__clip5__rounds-20__epochs-5__cifar10_remove__cifar10_cnn round=1 (checkpoint deleted)
2026-08-21 17:44:00 EVALUATED cifar10-in-remove__homogeneous__metric-privacy__fedavg__clients-100__seed-44__nm0p5__clip5__rounds-20__epochs-5__cifar10_remove__cifar10_cnn round=2 (checkpoint deleted)
2026-08-21 17:44:03 EVALUATED cifar10-in-remove__homogeneous__metric-privacy__fedavg__clients-100__seed-44__nm0p5__clip5__rounds-20__epochs-5__cifar10_remove__cifar10_cnn round=3 (checkpoint deleted)
2026-08-21 17:44:06 EVALUATED cifar10-in-remove__homogeneous__metric-privacy__fedavg__clients-100__seed-44__nm0p5__clip5__rounds-20__epochs-5__cifar10_remove__cifar10_cnn round=4 (checkpoint deleted)
2026-08-21 17:44:09 EVALUATED cifar10-in-remove__homogeneous__metric-privacy__fedavg__clients-100__seed-44__nm0p5__clip5__rounds-20__epochs-5__cifar10_remove__cifar10_cnn round=5 (checkpoint deleted)
2026-08-21 17:44:12 EVALUATED cifar10-in-remove__homogeneous__metric-privacy__fedavg__clients-100__seed-44__nm0p5__clip5__rounds-20__epochs-5__cifar10_remove__cifar10_cnn round=6 (checkpoint deleted)
2026-08-21 17:44:16 EVALUATED cifar10-in-remove__homogeneous__metric-privacy__fedavg__clients-100__seed-44__nm0p5__clip5__rounds-20__epochs-5__cifar10_remove__cifar10_cnn round=7 (checkpoint deleted)
2026-08-21 17:44:19 EVALUATED cifar10-in-remove__homogeneous__metric-privacy__fedavg__clients-100__seed-44__nm0p5__clip5__rounds-20__epochs-5__cifar10_remove__cifar10_cnn round=8 (checkpoint deleted)
2026-08-21 17:44:22 EVALUATED cifar10-in-remove__homogeneous__metric-privacy__fedavg__clients-100__seed-44__nm0p5__clip5__rounds-20__epochs-5__cifar10_remove__cifar10_cnn round=9 (checkpoint deleted)
2026-08-21 17:44:25 EVALUATED cifar10-in-remove__homogeneous__metric-privacy__fedavg__clients-100__seed-44__nm0p5__clip5__rounds-20__epochs-5__cifar10_remove__cifar10_cnn round=10 (checkpoint deleted)
2026-08-21 17:44:28 EVALUATED cifar10-in-remove__homogeneous__metric-privacy__fedavg__clients-100__seed-44__nm0p5__clip5__rounds-20__epochs-5__cifar10_remove__cifar10_cnn round=11 (checkpoint deleted)
2026-08-21 17:44:31 EVALUATED cifar10-in-remove__homogeneous__metric-privacy__fedavg__clients-100__seed-44__nm0p5__clip5__rounds-20__epochs-5__cifar10_remove__cifar10_cnn round=12 (checkpoint deleted)
2026-08-21 17:44:34 EVALUATED cifar10-in-remove__homogeneous__metric-privacy__fedavg__clients-100__seed-44__nm0p5__clip5__rounds-20__epochs-5__cifar10_remove__cifar10_cnn round=13 (checkpoint deleted)
2026-08-21 17:44:37 EVALUATED cifar10-in-remove__homogeneous__metric-privacy__fedavg__clients-100__seed-44__nm0p5__clip5__rounds-20__epochs-5__cifar10_remove__cifar10_cnn round=14 (checkpoint deleted)
2026-08-21 17:44:40 EVALUATED cifar10-in-remove__homogeneous__metric-privacy__fedavg__clients-100__seed-44__nm0p5__clip5__rounds-20__epochs-5__cifar10_remove__cifar10_cnn round=15 (checkpoint deleted)
2026-08-21 17:44:43 EVALUATED cifar10-in-remove__homogeneous__metric-privacy__fedavg__clients-100__seed-44__nm0p5__clip5__rounds-20__epochs-5__cifar10_remove__cifar10_cnn round=16 (checkpoint deleted)
2026-08-21 17:44:46 EVALUATED cifar10-in-remove__homogeneous__metric-privacy__fedavg__clients-100__seed-44__nm0p5__clip5__rounds-20__epochs-5__cifar10_remove__cifar10_cnn round=17 (checkpoint deleted)
2026-08-21 17:44:49 EVALUATED cifar10-in-remove__homogeneous__metric-privacy__fedavg__clients-100__seed-44__nm0p5__clip5__rounds-20__epochs-5__cifar10_remove__cifar10_cnn round=18 (checkpoint deleted)
2026-08-21 17:44:52 EVALUATED cifar10-in-remove__homogeneous__metric-privacy__fedavg__clients-100__seed-44__nm0p5__clip5__rounds-20__epochs-5__cifar10_remove__cifar10_cnn round=19 (checkpoint deleted)
2026-08-21 17:44:55 EVALUATED cifar10-in-remove__homogeneous__metric-privacy__fedavg__clients-100__seed-44__nm0p5__clip5__rounds-20__epochs-5__cifar10_remove__cifar10_cnn round=20 (checkpoint deleted)
2026-08-21 17:44:55 PROGRESS 1/2 (0 failed so far)
2026-08-21 17:44:55 START cifar10-out-remove__homogeneous__metric-privacy__fedavg__clients-99__seed-44__nm0p495__clip5__rounds-20__epochs-5__cifar10_remove__cifar10_cnn 
2026-08-21 17:51:56 DONE  cifar10-out-remove__homogeneous__metric-privacy__fedavg__clients-99__seed-44__nm0p495__clip5__rounds-20__epochs-5__cifar10_remove__cifar10_cnn (421.3s)
2026-08-21 17:51:59 EVALUATED cifar10-out-remove__homogeneous__metric-privacy__fedavg__clients-99__seed-44__nm0p495__clip5__rounds-20__epochs-5__cifar10_remove__cifar10_cnn round=1 (checkpoint deleted)
2026-08-21 17:52:02 EVALUATED cifar10-out-remove__homogeneous__metric-privacy__fedavg__clients-99__seed-44__nm0p495__clip5__rounds-20__epochs-5__cifar10_remove__cifar10_cnn round=2 (checkpoint deleted)
2026-08-21 17:52:05 EVALUATED cifar10-out-remove__homogeneous__metric-privacy__fedavg__clients-99__seed-44__nm0p495__clip5__rounds-20__epochs-5__cifar10_remove__cifar10_cnn round=3 (checkpoint deleted)
2026-08-21 17:52:08 EVALUATED cifar10-out-remove__homogeneous__metric-privacy__fedavg__clients-99__seed-44__nm0p495__clip5__rounds-20__epochs-5__cifar10_remove__cifar10_cnn round=4 (checkpoint deleted)
2026-08-21 17:52:12 EVALUATED cifar10-out-remove__homogeneous__metric-privacy__fedavg__clients-99__seed-44__nm0p495__clip5__rounds-20__epochs-5__cifar10_remove__cifar10_cnn round=5 (checkpoint deleted)
2026-08-21 17:52:15 EVALUATED cifar10-out-remove__homogeneous__metric-privacy__fedavg__clients-99__seed-44__nm0p495__clip5__rounds-20__epochs-5__cifar10_remove__cifar10_cnn round=6 (checkpoint deleted)
2026-08-21 17:52:18 EVALUATED cifar10-out-remove__homogeneous__metric-privacy__fedavg__clients-99__seed-44__nm0p495__clip5__rounds-20__epochs-5__cifar10_remove__cifar10_cnn round=7 (checkpoint deleted)
2026-08-21 17:52:21 EVALUATED cifar10-out-remove__homogeneous__metric-privacy__fedavg__clients-99__seed-44__nm0p495__clip5__rounds-20__epochs-5__cifar10_remove__cifar10_cnn round=8 (checkpoint deleted)
2026-08-21 17:52:24 EVALUATED cifar10-out-remove__homogeneous__metric-privacy__fedavg__clients-99__seed-44__nm0p495__clip5__rounds-20__epochs-5__cifar10_remove__cifar10_cnn round=9 (checkpoint deleted)
2026-08-21 17:52:27 EVALUATED cifar10-out-remove__homogeneous__metric-privacy__fedavg__clients-99__seed-44__nm0p495__clip5__rounds-20__epochs-5__cifar10_remove__cifar10_cnn round=10 (checkpoint deleted)
2026-08-21 17:52:30 EVALUATED cifar10-out-remove__homogeneous__metric-privacy__fedavg__clients-99__seed-44__nm0p495__clip5__rounds-20__epochs-5__cifar10_remove__cifar10_cnn round=11 (checkpoint deleted)
2026-08-21 17:52:33 EVALUATED cifar10-out-remove__homogeneous__metric-privacy__fedavg__clients-99__seed-44__nm0p495__clip5__rounds-20__epochs-5__cifar10_remove__cifar10_cnn round=12 (checkpoint deleted)
2026-08-21 17:52:36 EVALUATED cifar10-out-remove__homogeneous__metric-privacy__fedavg__clients-99__seed-44__nm0p495__clip5__rounds-20__epochs-5__cifar10_remove__cifar10_cnn round=13 (checkpoint deleted)
2026-08-21 17:52:39 EVALUATED cifar10-out-remove__homogeneous__metric-privacy__fedavg__clients-99__seed-44__nm0p495__clip5__rounds-20__epochs-5__cifar10_remove__cifar10_cnn round=14 (checkpoint deleted)
2026-08-21 17:52:42 EVALUATED cifar10-out-remove__homogeneous__metric-privacy__fedavg__clients-99__seed-44__nm0p495__clip5__rounds-20__epochs-5__cifar10_remove__cifar10_cnn round=15 (checkpoint deleted)
2026-08-21 17:52:45 EVALUATED cifar10-out-remove__homogeneous__metric-privacy__fedavg__clients-99__seed-44__nm0p495__clip5__rounds-20__epochs-5__cifar10_remove__cifar10_cnn round=16 (checkpoint deleted)
2026-08-21 17:52:48 EVALUATED cifar10-out-remove__homogeneous__metric-privacy__fedavg__clients-99__seed-44__nm0p495__clip5__rounds-20__epochs-5__cifar10_remove__cifar10_cnn round=17 (checkpoint deleted)
2026-08-21 17:52:51 EVALUATED cifar10-out-remove__homogeneous__metric-privacy__fedavg__clients-99__seed-44__nm0p495__clip5__rounds-20__epochs-5__cifar10_remove__cifar10_cnn round=18 (checkpoint deleted)
2026-08-21 17:52:54 EVALUATED cifar10-out-remove__homogeneous__metric-privacy__fedavg__clients-99__seed-44__nm0p495__clip5__rounds-20__epochs-5__cifar10_remove__cifar10_cnn round=19 (checkpoint deleted)
2026-08-21 17:52:57 EVALUATED cifar10-out-remove__homogeneous__metric-privacy__fedavg__clients-99__seed-44__nm0p495__clip5__rounds-20__epochs-5__cifar10_remove__cifar10_cnn round=20 (checkpoint deleted)
2026-08-21 17:52:57 PROGRESS 2/2 (0 failed so far)
2026-08-21 17:52:57 Sweep finished: 2/2 attempted, 0 failed
