2026-08-08 17:46:04 Sweep starting: 6 combinations, client_counts=(100,), round_counts=(250,), aggregation_methods=('fedavg',), noise_multiplier=0.0182, max_parallel_clients=16, force=False
2026-08-08 17:46:04 START cifar100scale__homogeneous__vanilla__fedavg__n100__r250 (rounds=250, clients=100)
2026-08-08 20:20:51 DONE  cifar100scale__homogeneous__vanilla__fedavg__n100__r250 (9286.3s)
2026-08-08 20:20:51 PROGRESS 1/6 (0 failed so far)
2026-08-08 20:20:51 START cifar100scale__homogeneous__global-dp__fedavg__n100__r250 (rounds=250, clients=100)
2026-08-08 23:10:00 DONE  cifar100scale__homogeneous__global-dp__fedavg__n100__r250 (10149.2s)
2026-08-08 23:10:00 PROGRESS 2/6 (0 failed so far)
2026-08-08 23:10:00 START cifar100scale__homogeneous__metric-privacy__fedavg__n100__r250 (rounds=250, clients=100)
2026-08-09 03:00:46 DONE  cifar100scale__homogeneous__metric-privacy__fedavg__n100__r250 (13845.9s)
2026-08-09 03:00:46 PROGRESS 3/6 (0 failed so far)
2026-08-09 03:00:46 START cifar100scale__non-iid__vanilla__fedavg__n100__r250 (rounds=250, clients=100)
2026-08-09 05:32:19 DONE  cifar100scale__non-iid__vanilla__fedavg__n100__r250 (9092.4s)
2026-08-09 05:32:19 PROGRESS 4/6 (0 failed so far)
2026-08-09 05:32:19 START cifar100scale__non-iid__global-dp__fedavg__n100__r250 (rounds=250, clients=100)
2026-08-09 08:19:11 DONE  cifar100scale__non-iid__global-dp__fedavg__n100__r250 (10012.1s)
2026-08-09 08:19:11 PROGRESS 5/6 (0 failed so far)
2026-08-09 08:19:11 START cifar100scale__non-iid__metric-privacy__fedavg__n100__r250 (rounds=250, clients=100)
2026-08-09 12:05:07 DONE  cifar100scale__non-iid__metric-privacy__fedavg__n100__r250 (13555.9s)
2026-08-09 12:05:07 PROGRESS 6/6 (0 failed so far)
2026-08-09 12:05:07 Sweep finished: 6/6 attempted, 0 failed
