2026-08-20 12:44:58 CIFAR-10 removal CIA chunk (vanilla, clients=8, alpha=3.0, noise_ratio=0.0025): 2 trajectories
2026-08-20 12:44:58 START cifar10-in-remove__dirichlet__alpha-3__vanilla__fedavg__clients-8__seed-42__nm0p02__clip5__rounds-20__epochs-5__cifar10_dirichlet__cifar10_cnn 
2026-08-20 12:55:03 DONE  cifar10-in-remove__dirichlet__alpha-3__vanilla__fedavg__clients-8__seed-42__nm0p02__clip5__rounds-20__epochs-5__cifar10_dirichlet__cifar10_cnn (604.4s)
2026-08-20 12:55:14 EVALUATED cifar10-in-remove__dirichlet__alpha-3__vanilla__fedavg__clients-8__seed-42__nm0p02__clip5__rounds-20__epochs-5__cifar10_dirichlet__cifar10_cnn round=1 (checkpoint deleted)
2026-08-20 12:55:22 EVALUATED cifar10-in-remove__dirichlet__alpha-3__vanilla__fedavg__clients-8__seed-42__nm0p02__clip5__rounds-20__epochs-5__cifar10_dirichlet__cifar10_cnn round=2 (checkpoint deleted)
2026-08-20 12:55:30 EVALUATED cifar10-in-remove__dirichlet__alpha-3__vanilla__fedavg__clients-8__seed-42__nm0p02__clip5__rounds-20__epochs-5__cifar10_dirichlet__cifar10_cnn round=3 (checkpoint deleted)
2026-08-20 12:55:38 EVALUATED cifar10-in-remove__dirichlet__alpha-3__vanilla__fedavg__clients-8__seed-42__nm0p02__clip5__rounds-20__epochs-5__cifar10_dirichlet__cifar10_cnn round=4 (checkpoint deleted)
2026-08-20 12:55:46 EVALUATED cifar10-in-remove__dirichlet__alpha-3__vanilla__fedavg__clients-8__seed-42__nm0p02__clip5__rounds-20__epochs-5__cifar10_dirichlet__cifar10_cnn round=5 (checkpoint deleted)
2026-08-20 12:55:54 EVALUATED cifar10-in-remove__dirichlet__alpha-3__vanilla__fedavg__clients-8__seed-42__nm0p02__clip5__rounds-20__epochs-5__cifar10_dirichlet__cifar10_cnn round=6 (checkpoint deleted)
2026-08-20 12:56:02 EVALUATED cifar10-in-remove__dirichlet__alpha-3__vanilla__fedavg__clients-8__seed-42__nm0p02__clip5__rounds-20__epochs-5__cifar10_dirichlet__cifar10_cnn round=7 (checkpoint deleted)
2026-08-20 12:56:10 EVALUATED cifar10-in-remove__dirichlet__alpha-3__vanilla__fedavg__clients-8__seed-42__nm0p02__clip5__rounds-20__epochs-5__cifar10_dirichlet__cifar10_cnn round=8 (checkpoint deleted)
2026-08-20 12:56:18 EVALUATED cifar10-in-remove__dirichlet__alpha-3__vanilla__fedavg__clients-8__seed-42__nm0p02__clip5__rounds-20__epochs-5__cifar10_dirichlet__cifar10_cnn round=9 (checkpoint deleted)
2026-08-20 12:56:26 EVALUATED cifar10-in-remove__dirichlet__alpha-3__vanilla__fedavg__clients-8__seed-42__nm0p02__clip5__rounds-20__epochs-5__cifar10_dirichlet__cifar10_cnn round=10 (checkpoint deleted)
2026-08-20 12:56:34 EVALUATED cifar10-in-remove__dirichlet__alpha-3__vanilla__fedavg__clients-8__seed-42__nm0p02__clip5__rounds-20__epochs-5__cifar10_dirichlet__cifar10_cnn round=11 (checkpoint deleted)
2026-08-20 12:56:42 EVALUATED cifar10-in-remove__dirichlet__alpha-3__vanilla__fedavg__clients-8__seed-42__nm0p02__clip5__rounds-20__epochs-5__cifar10_dirichlet__cifar10_cnn round=12 (checkpoint deleted)
2026-08-20 12:56:50 EVALUATED cifar10-in-remove__dirichlet__alpha-3__vanilla__fedavg__clients-8__seed-42__nm0p02__clip5__rounds-20__epochs-5__cifar10_dirichlet__cifar10_cnn round=13 (checkpoint deleted)
2026-08-20 12:56:58 EVALUATED cifar10-in-remove__dirichlet__alpha-3__vanilla__fedavg__clients-8__seed-42__nm0p02__clip5__rounds-20__epochs-5__cifar10_dirichlet__cifar10_cnn round=14 (checkpoint deleted)
2026-08-20 12:57:06 EVALUATED cifar10-in-remove__dirichlet__alpha-3__vanilla__fedavg__clients-8__seed-42__nm0p02__clip5__rounds-20__epochs-5__cifar10_dirichlet__cifar10_cnn round=15 (checkpoint deleted)
2026-08-20 12:57:14 EVALUATED cifar10-in-remove__dirichlet__alpha-3__vanilla__fedavg__clients-8__seed-42__nm0p02__clip5__rounds-20__epochs-5__cifar10_dirichlet__cifar10_cnn round=16 (checkpoint deleted)
2026-08-20 12:57:22 EVALUATED cifar10-in-remove__dirichlet__alpha-3__vanilla__fedavg__clients-8__seed-42__nm0p02__clip5__rounds-20__epochs-5__cifar10_dirichlet__cifar10_cnn round=17 (checkpoint deleted)
2026-08-20 12:57:30 EVALUATED cifar10-in-remove__dirichlet__alpha-3__vanilla__fedavg__clients-8__seed-42__nm0p02__clip5__rounds-20__epochs-5__cifar10_dirichlet__cifar10_cnn round=18 (checkpoint deleted)
2026-08-20 12:57:38 EVALUATED cifar10-in-remove__dirichlet__alpha-3__vanilla__fedavg__clients-8__seed-42__nm0p02__clip5__rounds-20__epochs-5__cifar10_dirichlet__cifar10_cnn round=19 (checkpoint deleted)
2026-08-20 12:57:46 EVALUATED cifar10-in-remove__dirichlet__alpha-3__vanilla__fedavg__clients-8__seed-42__nm0p02__clip5__rounds-20__epochs-5__cifar10_dirichlet__cifar10_cnn round=20 (checkpoint deleted)
2026-08-20 12:57:46 PROGRESS 1/2 (0 failed so far)
2026-08-20 12:57:46 START cifar10-out-remove__dirichlet__alpha-3__vanilla__fedavg__clients-7__seed-42__nm0p0175__clip5__rounds-20__epochs-5__cifar10_dirichlet__cifar10_cnn 
2026-08-20 13:07:21 DONE  cifar10-out-remove__dirichlet__alpha-3__vanilla__fedavg__clients-7__seed-42__nm0p0175__clip5__rounds-20__epochs-5__cifar10_dirichlet__cifar10_cnn (575.4s)
2026-08-20 13:07:29 EVALUATED cifar10-out-remove__dirichlet__alpha-3__vanilla__fedavg__clients-7__seed-42__nm0p0175__clip5__rounds-20__epochs-5__cifar10_dirichlet__cifar10_cnn round=1 (checkpoint deleted)
2026-08-20 13:07:38 EVALUATED cifar10-out-remove__dirichlet__alpha-3__vanilla__fedavg__clients-7__seed-42__nm0p0175__clip5__rounds-20__epochs-5__cifar10_dirichlet__cifar10_cnn round=2 (checkpoint deleted)
2026-08-20 13:07:46 EVALUATED cifar10-out-remove__dirichlet__alpha-3__vanilla__fedavg__clients-7__seed-42__nm0p0175__clip5__rounds-20__epochs-5__cifar10_dirichlet__cifar10_cnn round=3 (checkpoint deleted)
2026-08-20 13:07:54 EVALUATED cifar10-out-remove__dirichlet__alpha-3__vanilla__fedavg__clients-7__seed-42__nm0p0175__clip5__rounds-20__epochs-5__cifar10_dirichlet__cifar10_cnn round=4 (checkpoint deleted)
2026-08-20 13:08:02 EVALUATED cifar10-out-remove__dirichlet__alpha-3__vanilla__fedavg__clients-7__seed-42__nm0p0175__clip5__rounds-20__epochs-5__cifar10_dirichlet__cifar10_cnn round=5 (checkpoint deleted)
2026-08-20 13:08:10 EVALUATED cifar10-out-remove__dirichlet__alpha-3__vanilla__fedavg__clients-7__seed-42__nm0p0175__clip5__rounds-20__epochs-5__cifar10_dirichlet__cifar10_cnn round=6 (checkpoint deleted)
2026-08-20 13:08:18 EVALUATED cifar10-out-remove__dirichlet__alpha-3__vanilla__fedavg__clients-7__seed-42__nm0p0175__clip5__rounds-20__epochs-5__cifar10_dirichlet__cifar10_cnn round=7 (checkpoint deleted)
2026-08-20 13:08:26 EVALUATED cifar10-out-remove__dirichlet__alpha-3__vanilla__fedavg__clients-7__seed-42__nm0p0175__clip5__rounds-20__epochs-5__cifar10_dirichlet__cifar10_cnn round=8 (checkpoint deleted)
2026-08-20 13:08:34 EVALUATED cifar10-out-remove__dirichlet__alpha-3__vanilla__fedavg__clients-7__seed-42__nm0p0175__clip5__rounds-20__epochs-5__cifar10_dirichlet__cifar10_cnn round=9 (checkpoint deleted)
2026-08-20 13:08:42 EVALUATED cifar10-out-remove__dirichlet__alpha-3__vanilla__fedavg__clients-7__seed-42__nm0p0175__clip5__rounds-20__epochs-5__cifar10_dirichlet__cifar10_cnn round=10 (checkpoint deleted)
2026-08-20 13:08:50 EVALUATED cifar10-out-remove__dirichlet__alpha-3__vanilla__fedavg__clients-7__seed-42__nm0p0175__clip5__rounds-20__epochs-5__cifar10_dirichlet__cifar10_cnn round=11 (checkpoint deleted)
2026-08-20 13:08:58 EVALUATED cifar10-out-remove__dirichlet__alpha-3__vanilla__fedavg__clients-7__seed-42__nm0p0175__clip5__rounds-20__epochs-5__cifar10_dirichlet__cifar10_cnn round=12 (checkpoint deleted)
2026-08-20 13:09:06 EVALUATED cifar10-out-remove__dirichlet__alpha-3__vanilla__fedavg__clients-7__seed-42__nm0p0175__clip5__rounds-20__epochs-5__cifar10_dirichlet__cifar10_cnn round=13 (checkpoint deleted)
2026-08-20 13:09:14 EVALUATED cifar10-out-remove__dirichlet__alpha-3__vanilla__fedavg__clients-7__seed-42__nm0p0175__clip5__rounds-20__epochs-5__cifar10_dirichlet__cifar10_cnn round=14 (checkpoint deleted)
2026-08-20 13:09:22 EVALUATED cifar10-out-remove__dirichlet__alpha-3__vanilla__fedavg__clients-7__seed-42__nm0p0175__clip5__rounds-20__epochs-5__cifar10_dirichlet__cifar10_cnn round=15 (checkpoint deleted)
2026-08-20 13:09:30 EVALUATED cifar10-out-remove__dirichlet__alpha-3__vanilla__fedavg__clients-7__seed-42__nm0p0175__clip5__rounds-20__epochs-5__cifar10_dirichlet__cifar10_cnn round=16 (checkpoint deleted)
2026-08-20 13:09:38 EVALUATED cifar10-out-remove__dirichlet__alpha-3__vanilla__fedavg__clients-7__seed-42__nm0p0175__clip5__rounds-20__epochs-5__cifar10_dirichlet__cifar10_cnn round=17 (checkpoint deleted)
2026-08-20 13:09:46 EVALUATED cifar10-out-remove__dirichlet__alpha-3__vanilla__fedavg__clients-7__seed-42__nm0p0175__clip5__rounds-20__epochs-5__cifar10_dirichlet__cifar10_cnn round=18 (checkpoint deleted)
2026-08-20 13:09:54 EVALUATED cifar10-out-remove__dirichlet__alpha-3__vanilla__fedavg__clients-7__seed-42__nm0p0175__clip5__rounds-20__epochs-5__cifar10_dirichlet__cifar10_cnn round=19 (checkpoint deleted)
2026-08-20 13:10:02 EVALUATED cifar10-out-remove__dirichlet__alpha-3__vanilla__fedavg__clients-7__seed-42__nm0p0175__clip5__rounds-20__epochs-5__cifar10_dirichlet__cifar10_cnn round=20 (checkpoint deleted)
2026-08-20 13:10:02 PROGRESS 2/2 (0 failed so far)
2026-08-20 13:10:02 Sweep finished: 2/2 attempted, 0 failed
