2026-08-05 22:51:05 Starting full chunk: 1 trajectories
2026-08-05 22:51:05 START cifar-full-in-replace__non-iid__vanilla__fedavg__clients-16__seed-42__nm0p01__clip5__rounds-20__epochs-5__cifar_chunks__cifar10_cnn 
2026-08-05 22:56:51 DONE  cifar-full-in-replace__non-iid__vanilla__fedavg__clients-16__seed-42__nm0p01__clip5__rounds-20__epochs-5__cifar_chunks__cifar10_cnn (345.7s)
2026-08-05 22:56:57 EVALUATED cifar-full-in-replace__non-iid__vanilla__fedavg__clients-16__seed-42__nm0p01__clip5__rounds-20__epochs-5__cifar_chunks__cifar10_cnn round=1 (checkpoint deleted)
2026-08-05 22:57:02 EVALUATED cifar-full-in-replace__non-iid__vanilla__fedavg__clients-16__seed-42__nm0p01__clip5__rounds-20__epochs-5__cifar_chunks__cifar10_cnn round=2 (checkpoint deleted)
2026-08-05 22:57:06 EVALUATED cifar-full-in-replace__non-iid__vanilla__fedavg__clients-16__seed-42__nm0p01__clip5__rounds-20__epochs-5__cifar_chunks__cifar10_cnn round=3 (checkpoint deleted)
2026-08-05 22:57:10 EVALUATED cifar-full-in-replace__non-iid__vanilla__fedavg__clients-16__seed-42__nm0p01__clip5__rounds-20__epochs-5__cifar_chunks__cifar10_cnn round=4 (checkpoint deleted)
2026-08-05 22:57:14 EVALUATED cifar-full-in-replace__non-iid__vanilla__fedavg__clients-16__seed-42__nm0p01__clip5__rounds-20__epochs-5__cifar_chunks__cifar10_cnn round=5 (checkpoint deleted)
2026-08-05 22:57:19 EVALUATED cifar-full-in-replace__non-iid__vanilla__fedavg__clients-16__seed-42__nm0p01__clip5__rounds-20__epochs-5__cifar_chunks__cifar10_cnn round=6 (checkpoint deleted)
2026-08-05 22:57:23 EVALUATED cifar-full-in-replace__non-iid__vanilla__fedavg__clients-16__seed-42__nm0p01__clip5__rounds-20__epochs-5__cifar_chunks__cifar10_cnn round=7 (checkpoint deleted)
2026-08-05 22:57:27 EVALUATED cifar-full-in-replace__non-iid__vanilla__fedavg__clients-16__seed-42__nm0p01__clip5__rounds-20__epochs-5__cifar_chunks__cifar10_cnn round=8 (checkpoint deleted)
2026-08-05 22:57:32 EVALUATED cifar-full-in-replace__non-iid__vanilla__fedavg__clients-16__seed-42__nm0p01__clip5__rounds-20__epochs-5__cifar_chunks__cifar10_cnn round=9 (checkpoint deleted)
2026-08-05 22:57:36 EVALUATED cifar-full-in-replace__non-iid__vanilla__fedavg__clients-16__seed-42__nm0p01__clip5__rounds-20__epochs-5__cifar_chunks__cifar10_cnn round=10 (checkpoint deleted)
2026-08-05 22:57:40 EVALUATED cifar-full-in-replace__non-iid__vanilla__fedavg__clients-16__seed-42__nm0p01__clip5__rounds-20__epochs-5__cifar_chunks__cifar10_cnn round=11 (checkpoint deleted)
2026-08-05 22:57:44 EVALUATED cifar-full-in-replace__non-iid__vanilla__fedavg__clients-16__seed-42__nm0p01__clip5__rounds-20__epochs-5__cifar_chunks__cifar10_cnn round=12 (checkpoint deleted)
2026-08-05 22:57:49 EVALUATED cifar-full-in-replace__non-iid__vanilla__fedavg__clients-16__seed-42__nm0p01__clip5__rounds-20__epochs-5__cifar_chunks__cifar10_cnn round=13 (checkpoint deleted)
2026-08-05 22:57:53 EVALUATED cifar-full-in-replace__non-iid__vanilla__fedavg__clients-16__seed-42__nm0p01__clip5__rounds-20__epochs-5__cifar_chunks__cifar10_cnn round=14 (checkpoint deleted)
2026-08-05 22:57:57 EVALUATED cifar-full-in-replace__non-iid__vanilla__fedavg__clients-16__seed-42__nm0p01__clip5__rounds-20__epochs-5__cifar_chunks__cifar10_cnn round=15 (checkpoint deleted)
2026-08-05 22:58:01 EVALUATED cifar-full-in-replace__non-iid__vanilla__fedavg__clients-16__seed-42__nm0p01__clip5__rounds-20__epochs-5__cifar_chunks__cifar10_cnn round=16 (checkpoint deleted)
2026-08-05 22:58:06 EVALUATED cifar-full-in-replace__non-iid__vanilla__fedavg__clients-16__seed-42__nm0p01__clip5__rounds-20__epochs-5__cifar_chunks__cifar10_cnn round=17 (checkpoint deleted)
2026-08-05 22:58:10 EVALUATED cifar-full-in-replace__non-iid__vanilla__fedavg__clients-16__seed-42__nm0p01__clip5__rounds-20__epochs-5__cifar_chunks__cifar10_cnn round=18 (checkpoint deleted)
2026-08-05 22:58:14 EVALUATED cifar-full-in-replace__non-iid__vanilla__fedavg__clients-16__seed-42__nm0p01__clip5__rounds-20__epochs-5__cifar_chunks__cifar10_cnn round=19 (checkpoint deleted)
2026-08-05 22:58:18 EVALUATED cifar-full-in-replace__non-iid__vanilla__fedavg__clients-16__seed-42__nm0p01__clip5__rounds-20__epochs-5__cifar_chunks__cifar10_cnn round=20 (checkpoint deleted)
2026-08-05 22:58:18 PROGRESS 1/1 (0 failed so far)
2026-08-05 22:58:18 Sweep finished: 1/1 attempted, 0 failed
