2026-08-20 13:39:46 Alzheimer stage (global-dp, non-iid, seed=42, noise_ratio=0.00062267734904117): 2 trajectories
2026-08-20 13:39:46 START alzheimer-in-remove__non-iid__global-dp__fedavg__clients-48__seed-42__nm0p0298885__clip5__rounds-100__epochs-5__alzheimer_remove__paper_cnn 
2026-08-20 13:56:35 DONE  alzheimer-in-remove__non-iid__global-dp__fedavg__clients-48__seed-42__nm0p0298885__clip5__rounds-100__epochs-5__alzheimer_remove__paper_cnn (1008.7s)
2026-08-20 13:56:36 EVALUATED alzheimer-in-remove__non-iid__global-dp__fedavg__clients-48__seed-42__nm0p0298885__clip5__rounds-100__epochs-5__alzheimer_remove__paper_cnn round=1 (checkpoint deleted)
2026-08-20 13:56:36 EVALUATED alzheimer-in-remove__non-iid__global-dp__fedavg__clients-48__seed-42__nm0p0298885__clip5__rounds-100__epochs-5__alzheimer_remove__paper_cnn round=10 (checkpoint deleted)
2026-08-20 13:56:37 EVALUATED alzheimer-in-remove__non-iid__global-dp__fedavg__clients-48__seed-42__nm0p0298885__clip5__rounds-100__epochs-5__alzheimer_remove__paper_cnn round=20 (checkpoint deleted)
2026-08-20 13:56:37 EVALUATED alzheimer-in-remove__non-iid__global-dp__fedavg__clients-48__seed-42__nm0p0298885__clip5__rounds-100__epochs-5__alzheimer_remove__paper_cnn round=30 (checkpoint deleted)
2026-08-20 13:56:38 EVALUATED alzheimer-in-remove__non-iid__global-dp__fedavg__clients-48__seed-42__nm0p0298885__clip5__rounds-100__epochs-5__alzheimer_remove__paper_cnn round=40 (checkpoint deleted)
2026-08-20 13:56:38 EVALUATED alzheimer-in-remove__non-iid__global-dp__fedavg__clients-48__seed-42__nm0p0298885__clip5__rounds-100__epochs-5__alzheimer_remove__paper_cnn round=50 (checkpoint deleted)
2026-08-20 13:56:39 EVALUATED alzheimer-in-remove__non-iid__global-dp__fedavg__clients-48__seed-42__nm0p0298885__clip5__rounds-100__epochs-5__alzheimer_remove__paper_cnn round=60 (checkpoint deleted)
2026-08-20 13:56:39 EVALUATED alzheimer-in-remove__non-iid__global-dp__fedavg__clients-48__seed-42__nm0p0298885__clip5__rounds-100__epochs-5__alzheimer_remove__paper_cnn round=70 (checkpoint deleted)
2026-08-20 13:56:40 EVALUATED alzheimer-in-remove__non-iid__global-dp__fedavg__clients-48__seed-42__nm0p0298885__clip5__rounds-100__epochs-5__alzheimer_remove__paper_cnn round=80 (checkpoint deleted)
2026-08-20 13:56:40 EVALUATED alzheimer-in-remove__non-iid__global-dp__fedavg__clients-48__seed-42__nm0p0298885__clip5__rounds-100__epochs-5__alzheimer_remove__paper_cnn round=90 (checkpoint deleted)
2026-08-20 13:56:41 EVALUATED alzheimer-in-remove__non-iid__global-dp__fedavg__clients-48__seed-42__nm0p0298885__clip5__rounds-100__epochs-5__alzheimer_remove__paper_cnn round=100 (checkpoint deleted)
2026-08-20 13:56:41 PROGRESS 1/2 (0 failed so far)
2026-08-20 13:56:41 START alzheimer-out-remove__non-iid__global-dp__fedavg__clients-47__seed-42__nm0p0292658__clip5__rounds-100__epochs-5__alzheimer_remove__paper_cnn 
2026-08-20 14:13:15 DONE  alzheimer-out-remove__non-iid__global-dp__fedavg__clients-47__seed-42__nm0p0292658__clip5__rounds-100__epochs-5__alzheimer_remove__paper_cnn (994.9s)
2026-08-20 14:13:16 EVALUATED alzheimer-out-remove__non-iid__global-dp__fedavg__clients-47__seed-42__nm0p0292658__clip5__rounds-100__epochs-5__alzheimer_remove__paper_cnn round=1 (checkpoint deleted)
2026-08-20 14:13:16 EVALUATED alzheimer-out-remove__non-iid__global-dp__fedavg__clients-47__seed-42__nm0p0292658__clip5__rounds-100__epochs-5__alzheimer_remove__paper_cnn round=10 (checkpoint deleted)
2026-08-20 14:13:17 EVALUATED alzheimer-out-remove__non-iid__global-dp__fedavg__clients-47__seed-42__nm0p0292658__clip5__rounds-100__epochs-5__alzheimer_remove__paper_cnn round=20 (checkpoint deleted)
2026-08-20 14:13:17 EVALUATED alzheimer-out-remove__non-iid__global-dp__fedavg__clients-47__seed-42__nm0p0292658__clip5__rounds-100__epochs-5__alzheimer_remove__paper_cnn round=30 (checkpoint deleted)
2026-08-20 14:13:18 EVALUATED alzheimer-out-remove__non-iid__global-dp__fedavg__clients-47__seed-42__nm0p0292658__clip5__rounds-100__epochs-5__alzheimer_remove__paper_cnn round=40 (checkpoint deleted)
2026-08-20 14:13:18 EVALUATED alzheimer-out-remove__non-iid__global-dp__fedavg__clients-47__seed-42__nm0p0292658__clip5__rounds-100__epochs-5__alzheimer_remove__paper_cnn round=50 (checkpoint deleted)
2026-08-20 14:13:19 EVALUATED alzheimer-out-remove__non-iid__global-dp__fedavg__clients-47__seed-42__nm0p0292658__clip5__rounds-100__epochs-5__alzheimer_remove__paper_cnn round=60 (checkpoint deleted)
2026-08-20 14:13:19 EVALUATED alzheimer-out-remove__non-iid__global-dp__fedavg__clients-47__seed-42__nm0p0292658__clip5__rounds-100__epochs-5__alzheimer_remove__paper_cnn round=70 (checkpoint deleted)
2026-08-20 14:13:20 EVALUATED alzheimer-out-remove__non-iid__global-dp__fedavg__clients-47__seed-42__nm0p0292658__clip5__rounds-100__epochs-5__alzheimer_remove__paper_cnn round=80 (checkpoint deleted)
2026-08-20 14:13:20 EVALUATED alzheimer-out-remove__non-iid__global-dp__fedavg__clients-47__seed-42__nm0p0292658__clip5__rounds-100__epochs-5__alzheimer_remove__paper_cnn round=90 (checkpoint deleted)
2026-08-20 14:13:21 EVALUATED alzheimer-out-remove__non-iid__global-dp__fedavg__clients-47__seed-42__nm0p0292658__clip5__rounds-100__epochs-5__alzheimer_remove__paper_cnn round=100 (checkpoint deleted)
2026-08-20 14:13:21 PROGRESS 2/2 (0 failed so far)
2026-08-20 14:13:21 Sweep finished: 2/2 attempted, 0 failed
