2026-08-20 11:04:04 CIFAR-10 removal CIA chunk (vanilla, clients=8, alpha=1.5, noise_ratio=0.004): 2 trajectories
2026-08-20 11:04:04 START cifar10-in-remove__dirichlet__alpha-1p5__vanilla__fedavg__clients-8__seed-42__nm0p032__clip5__rounds-20__epochs-5__cifar10_dirichlet__cifar10_cnn 
2026-08-20 11:14:16 DONE  cifar10-in-remove__dirichlet__alpha-1p5__vanilla__fedavg__clients-8__seed-42__nm0p032__clip5__rounds-20__epochs-5__cifar10_dirichlet__cifar10_cnn (611.9s)
2026-08-20 11:14:28 EVALUATED cifar10-in-remove__dirichlet__alpha-1p5__vanilla__fedavg__clients-8__seed-42__nm0p032__clip5__rounds-20__epochs-5__cifar10_dirichlet__cifar10_cnn round=1 (checkpoint deleted)
2026-08-20 11:14:37 EVALUATED cifar10-in-remove__dirichlet__alpha-1p5__vanilla__fedavg__clients-8__seed-42__nm0p032__clip5__rounds-20__epochs-5__cifar10_dirichlet__cifar10_cnn round=2 (checkpoint deleted)
2026-08-20 11:14:45 EVALUATED cifar10-in-remove__dirichlet__alpha-1p5__vanilla__fedavg__clients-8__seed-42__nm0p032__clip5__rounds-20__epochs-5__cifar10_dirichlet__cifar10_cnn round=3 (checkpoint deleted)
2026-08-20 11:14:53 EVALUATED cifar10-in-remove__dirichlet__alpha-1p5__vanilla__fedavg__clients-8__seed-42__nm0p032__clip5__rounds-20__epochs-5__cifar10_dirichlet__cifar10_cnn round=4 (checkpoint deleted)
2026-08-20 11:15:01 EVALUATED cifar10-in-remove__dirichlet__alpha-1p5__vanilla__fedavg__clients-8__seed-42__nm0p032__clip5__rounds-20__epochs-5__cifar10_dirichlet__cifar10_cnn round=5 (checkpoint deleted)
2026-08-20 11:15:10 EVALUATED cifar10-in-remove__dirichlet__alpha-1p5__vanilla__fedavg__clients-8__seed-42__nm0p032__clip5__rounds-20__epochs-5__cifar10_dirichlet__cifar10_cnn round=6 (checkpoint deleted)
2026-08-20 11:15:18 EVALUATED cifar10-in-remove__dirichlet__alpha-1p5__vanilla__fedavg__clients-8__seed-42__nm0p032__clip5__rounds-20__epochs-5__cifar10_dirichlet__cifar10_cnn round=7 (checkpoint deleted)
2026-08-20 11:15:26 EVALUATED cifar10-in-remove__dirichlet__alpha-1p5__vanilla__fedavg__clients-8__seed-42__nm0p032__clip5__rounds-20__epochs-5__cifar10_dirichlet__cifar10_cnn round=8 (checkpoint deleted)
2026-08-20 11:15:35 EVALUATED cifar10-in-remove__dirichlet__alpha-1p5__vanilla__fedavg__clients-8__seed-42__nm0p032__clip5__rounds-20__epochs-5__cifar10_dirichlet__cifar10_cnn round=9 (checkpoint deleted)
2026-08-20 11:15:43 EVALUATED cifar10-in-remove__dirichlet__alpha-1p5__vanilla__fedavg__clients-8__seed-42__nm0p032__clip5__rounds-20__epochs-5__cifar10_dirichlet__cifar10_cnn round=10 (checkpoint deleted)
2026-08-20 11:15:51 EVALUATED cifar10-in-remove__dirichlet__alpha-1p5__vanilla__fedavg__clients-8__seed-42__nm0p032__clip5__rounds-20__epochs-5__cifar10_dirichlet__cifar10_cnn round=11 (checkpoint deleted)
2026-08-20 11:15:59 EVALUATED cifar10-in-remove__dirichlet__alpha-1p5__vanilla__fedavg__clients-8__seed-42__nm0p032__clip5__rounds-20__epochs-5__cifar10_dirichlet__cifar10_cnn round=12 (checkpoint deleted)
2026-08-20 11:16:08 EVALUATED cifar10-in-remove__dirichlet__alpha-1p5__vanilla__fedavg__clients-8__seed-42__nm0p032__clip5__rounds-20__epochs-5__cifar10_dirichlet__cifar10_cnn round=13 (checkpoint deleted)
2026-08-20 11:16:16 EVALUATED cifar10-in-remove__dirichlet__alpha-1p5__vanilla__fedavg__clients-8__seed-42__nm0p032__clip5__rounds-20__epochs-5__cifar10_dirichlet__cifar10_cnn round=14 (checkpoint deleted)
2026-08-20 11:16:24 EVALUATED cifar10-in-remove__dirichlet__alpha-1p5__vanilla__fedavg__clients-8__seed-42__nm0p032__clip5__rounds-20__epochs-5__cifar10_dirichlet__cifar10_cnn round=15 (checkpoint deleted)
2026-08-20 11:16:32 EVALUATED cifar10-in-remove__dirichlet__alpha-1p5__vanilla__fedavg__clients-8__seed-42__nm0p032__clip5__rounds-20__epochs-5__cifar10_dirichlet__cifar10_cnn round=16 (checkpoint deleted)
2026-08-20 11:16:41 EVALUATED cifar10-in-remove__dirichlet__alpha-1p5__vanilla__fedavg__clients-8__seed-42__nm0p032__clip5__rounds-20__epochs-5__cifar10_dirichlet__cifar10_cnn round=17 (checkpoint deleted)
2026-08-20 11:16:49 EVALUATED cifar10-in-remove__dirichlet__alpha-1p5__vanilla__fedavg__clients-8__seed-42__nm0p032__clip5__rounds-20__epochs-5__cifar10_dirichlet__cifar10_cnn round=18 (checkpoint deleted)
2026-08-20 11:16:57 EVALUATED cifar10-in-remove__dirichlet__alpha-1p5__vanilla__fedavg__clients-8__seed-42__nm0p032__clip5__rounds-20__epochs-5__cifar10_dirichlet__cifar10_cnn round=19 (checkpoint deleted)
2026-08-20 11:17:05 EVALUATED cifar10-in-remove__dirichlet__alpha-1p5__vanilla__fedavg__clients-8__seed-42__nm0p032__clip5__rounds-20__epochs-5__cifar10_dirichlet__cifar10_cnn round=20 (checkpoint deleted)
2026-08-20 11:17:05 PROGRESS 1/2 (0 failed so far)
2026-08-20 11:17:05 START cifar10-out-remove__dirichlet__alpha-1p5__vanilla__fedavg__clients-7__seed-42__nm0p028__clip5__rounds-20__epochs-5__cifar10_dirichlet__cifar10_cnn 
2026-08-20 11:26:50 DONE  cifar10-out-remove__dirichlet__alpha-1p5__vanilla__fedavg__clients-7__seed-42__nm0p028__clip5__rounds-20__epochs-5__cifar10_dirichlet__cifar10_cnn (584.5s)
2026-08-20 11:26:58 EVALUATED cifar10-out-remove__dirichlet__alpha-1p5__vanilla__fedavg__clients-7__seed-42__nm0p028__clip5__rounds-20__epochs-5__cifar10_dirichlet__cifar10_cnn round=1 (checkpoint deleted)
2026-08-20 11:27:07 EVALUATED cifar10-out-remove__dirichlet__alpha-1p5__vanilla__fedavg__clients-7__seed-42__nm0p028__clip5__rounds-20__epochs-5__cifar10_dirichlet__cifar10_cnn round=2 (checkpoint deleted)
2026-08-20 11:27:15 EVALUATED cifar10-out-remove__dirichlet__alpha-1p5__vanilla__fedavg__clients-7__seed-42__nm0p028__clip5__rounds-20__epochs-5__cifar10_dirichlet__cifar10_cnn round=3 (checkpoint deleted)
2026-08-20 11:27:23 EVALUATED cifar10-out-remove__dirichlet__alpha-1p5__vanilla__fedavg__clients-7__seed-42__nm0p028__clip5__rounds-20__epochs-5__cifar10_dirichlet__cifar10_cnn round=4 (checkpoint deleted)
2026-08-20 11:27:31 EVALUATED cifar10-out-remove__dirichlet__alpha-1p5__vanilla__fedavg__clients-7__seed-42__nm0p028__clip5__rounds-20__epochs-5__cifar10_dirichlet__cifar10_cnn round=5 (checkpoint deleted)
2026-08-20 11:27:39 EVALUATED cifar10-out-remove__dirichlet__alpha-1p5__vanilla__fedavg__clients-7__seed-42__nm0p028__clip5__rounds-20__epochs-5__cifar10_dirichlet__cifar10_cnn round=6 (checkpoint deleted)
2026-08-20 11:27:48 EVALUATED cifar10-out-remove__dirichlet__alpha-1p5__vanilla__fedavg__clients-7__seed-42__nm0p028__clip5__rounds-20__epochs-5__cifar10_dirichlet__cifar10_cnn round=7 (checkpoint deleted)
2026-08-20 11:27:56 EVALUATED cifar10-out-remove__dirichlet__alpha-1p5__vanilla__fedavg__clients-7__seed-42__nm0p028__clip5__rounds-20__epochs-5__cifar10_dirichlet__cifar10_cnn round=8 (checkpoint deleted)
2026-08-20 11:28:04 EVALUATED cifar10-out-remove__dirichlet__alpha-1p5__vanilla__fedavg__clients-7__seed-42__nm0p028__clip5__rounds-20__epochs-5__cifar10_dirichlet__cifar10_cnn round=9 (checkpoint deleted)
2026-08-20 11:28:12 EVALUATED cifar10-out-remove__dirichlet__alpha-1p5__vanilla__fedavg__clients-7__seed-42__nm0p028__clip5__rounds-20__epochs-5__cifar10_dirichlet__cifar10_cnn round=10 (checkpoint deleted)
2026-08-20 11:28:21 EVALUATED cifar10-out-remove__dirichlet__alpha-1p5__vanilla__fedavg__clients-7__seed-42__nm0p028__clip5__rounds-20__epochs-5__cifar10_dirichlet__cifar10_cnn round=11 (checkpoint deleted)
2026-08-20 11:28:29 EVALUATED cifar10-out-remove__dirichlet__alpha-1p5__vanilla__fedavg__clients-7__seed-42__nm0p028__clip5__rounds-20__epochs-5__cifar10_dirichlet__cifar10_cnn round=12 (checkpoint deleted)
2026-08-20 11:28:37 EVALUATED cifar10-out-remove__dirichlet__alpha-1p5__vanilla__fedavg__clients-7__seed-42__nm0p028__clip5__rounds-20__epochs-5__cifar10_dirichlet__cifar10_cnn round=13 (checkpoint deleted)
2026-08-20 11:28:45 EVALUATED cifar10-out-remove__dirichlet__alpha-1p5__vanilla__fedavg__clients-7__seed-42__nm0p028__clip5__rounds-20__epochs-5__cifar10_dirichlet__cifar10_cnn round=14 (checkpoint deleted)
2026-08-20 11:28:54 EVALUATED cifar10-out-remove__dirichlet__alpha-1p5__vanilla__fedavg__clients-7__seed-42__nm0p028__clip5__rounds-20__epochs-5__cifar10_dirichlet__cifar10_cnn round=15 (checkpoint deleted)
2026-08-20 11:29:02 EVALUATED cifar10-out-remove__dirichlet__alpha-1p5__vanilla__fedavg__clients-7__seed-42__nm0p028__clip5__rounds-20__epochs-5__cifar10_dirichlet__cifar10_cnn round=16 (checkpoint deleted)
2026-08-20 11:29:10 EVALUATED cifar10-out-remove__dirichlet__alpha-1p5__vanilla__fedavg__clients-7__seed-42__nm0p028__clip5__rounds-20__epochs-5__cifar10_dirichlet__cifar10_cnn round=17 (checkpoint deleted)
2026-08-20 11:29:18 EVALUATED cifar10-out-remove__dirichlet__alpha-1p5__vanilla__fedavg__clients-7__seed-42__nm0p028__clip5__rounds-20__epochs-5__cifar10_dirichlet__cifar10_cnn round=18 (checkpoint deleted)
2026-08-20 11:29:27 EVALUATED cifar10-out-remove__dirichlet__alpha-1p5__vanilla__fedavg__clients-7__seed-42__nm0p028__clip5__rounds-20__epochs-5__cifar10_dirichlet__cifar10_cnn round=19 (checkpoint deleted)
2026-08-20 11:29:35 EVALUATED cifar10-out-remove__dirichlet__alpha-1p5__vanilla__fedavg__clients-7__seed-42__nm0p028__clip5__rounds-20__epochs-5__cifar10_dirichlet__cifar10_cnn round=20 (checkpoint deleted)
2026-08-20 11:29:35 PROGRESS 2/2 (0 failed so far)
2026-08-20 11:29:35 Sweep finished: 2/2 attempted, 0 failed
