2026-08-11 14:35:21 CIFAR-10 removal CIA chunk (global-dp, clients=8): 1 trajectories
2026-08-11 14:35:21 START cifar10-out-remove__non-iid__global-dp__fedavg__clients-7__seed-42__nm0p0182__clip5__rounds-20__epochs-5__cifar10_remove__cifar10_cnn 
2026-08-11 14:46:55 DONE  cifar10-out-remove__non-iid__global-dp__fedavg__clients-7__seed-42__nm0p0182__clip5__rounds-20__epochs-5__cifar10_remove__cifar10_cnn (693.9s)
2026-08-11 14:47:06 EVALUATED cifar10-out-remove__non-iid__global-dp__fedavg__clients-7__seed-42__nm0p0182__clip5__rounds-20__epochs-5__cifar10_remove__cifar10_cnn round=1 (checkpoint deleted)
2026-08-11 14:47:13 EVALUATED cifar10-out-remove__non-iid__global-dp__fedavg__clients-7__seed-42__nm0p0182__clip5__rounds-20__epochs-5__cifar10_remove__cifar10_cnn round=2 (checkpoint deleted)
2026-08-11 14:47:21 EVALUATED cifar10-out-remove__non-iid__global-dp__fedavg__clients-7__seed-42__nm0p0182__clip5__rounds-20__epochs-5__cifar10_remove__cifar10_cnn round=3 (checkpoint deleted)
2026-08-11 14:47:28 EVALUATED cifar10-out-remove__non-iid__global-dp__fedavg__clients-7__seed-42__nm0p0182__clip5__rounds-20__epochs-5__cifar10_remove__cifar10_cnn round=4 (checkpoint deleted)
2026-08-11 14:47:36 EVALUATED cifar10-out-remove__non-iid__global-dp__fedavg__clients-7__seed-42__nm0p0182__clip5__rounds-20__epochs-5__cifar10_remove__cifar10_cnn round=5 (checkpoint deleted)
2026-08-11 14:47:44 EVALUATED cifar10-out-remove__non-iid__global-dp__fedavg__clients-7__seed-42__nm0p0182__clip5__rounds-20__epochs-5__cifar10_remove__cifar10_cnn round=6 (checkpoint deleted)
2026-08-11 14:47:51 EVALUATED cifar10-out-remove__non-iid__global-dp__fedavg__clients-7__seed-42__nm0p0182__clip5__rounds-20__epochs-5__cifar10_remove__cifar10_cnn round=7 (checkpoint deleted)
2026-08-11 14:47:59 EVALUATED cifar10-out-remove__non-iid__global-dp__fedavg__clients-7__seed-42__nm0p0182__clip5__rounds-20__epochs-5__cifar10_remove__cifar10_cnn round=8 (checkpoint deleted)
2026-08-11 14:48:06 EVALUATED cifar10-out-remove__non-iid__global-dp__fedavg__clients-7__seed-42__nm0p0182__clip5__rounds-20__epochs-5__cifar10_remove__cifar10_cnn round=9 (checkpoint deleted)
2026-08-11 14:48:14 EVALUATED cifar10-out-remove__non-iid__global-dp__fedavg__clients-7__seed-42__nm0p0182__clip5__rounds-20__epochs-5__cifar10_remove__cifar10_cnn round=10 (checkpoint deleted)
2026-08-11 14:48:21 EVALUATED cifar10-out-remove__non-iid__global-dp__fedavg__clients-7__seed-42__nm0p0182__clip5__rounds-20__epochs-5__cifar10_remove__cifar10_cnn round=11 (checkpoint deleted)
2026-08-11 14:48:29 EVALUATED cifar10-out-remove__non-iid__global-dp__fedavg__clients-7__seed-42__nm0p0182__clip5__rounds-20__epochs-5__cifar10_remove__cifar10_cnn round=12 (checkpoint deleted)
2026-08-11 14:48:37 EVALUATED cifar10-out-remove__non-iid__global-dp__fedavg__clients-7__seed-42__nm0p0182__clip5__rounds-20__epochs-5__cifar10_remove__cifar10_cnn round=13 (checkpoint deleted)
2026-08-11 14:48:44 EVALUATED cifar10-out-remove__non-iid__global-dp__fedavg__clients-7__seed-42__nm0p0182__clip5__rounds-20__epochs-5__cifar10_remove__cifar10_cnn round=14 (checkpoint deleted)
2026-08-11 14:48:52 EVALUATED cifar10-out-remove__non-iid__global-dp__fedavg__clients-7__seed-42__nm0p0182__clip5__rounds-20__epochs-5__cifar10_remove__cifar10_cnn round=15 (checkpoint deleted)
2026-08-11 14:48:59 EVALUATED cifar10-out-remove__non-iid__global-dp__fedavg__clients-7__seed-42__nm0p0182__clip5__rounds-20__epochs-5__cifar10_remove__cifar10_cnn round=16 (checkpoint deleted)
2026-08-11 14:49:07 EVALUATED cifar10-out-remove__non-iid__global-dp__fedavg__clients-7__seed-42__nm0p0182__clip5__rounds-20__epochs-5__cifar10_remove__cifar10_cnn round=17 (checkpoint deleted)
2026-08-11 14:49:15 EVALUATED cifar10-out-remove__non-iid__global-dp__fedavg__clients-7__seed-42__nm0p0182__clip5__rounds-20__epochs-5__cifar10_remove__cifar10_cnn round=18 (checkpoint deleted)
2026-08-11 14:49:22 EVALUATED cifar10-out-remove__non-iid__global-dp__fedavg__clients-7__seed-42__nm0p0182__clip5__rounds-20__epochs-5__cifar10_remove__cifar10_cnn round=19 (checkpoint deleted)
2026-08-11 14:49:30 EVALUATED cifar10-out-remove__non-iid__global-dp__fedavg__clients-7__seed-42__nm0p0182__clip5__rounds-20__epochs-5__cifar10_remove__cifar10_cnn round=20 (checkpoint deleted)
2026-08-11 14:49:30 PROGRESS 1/1 (0 failed so far)
2026-08-11 14:49:30 Sweep finished: 1/1 attempted, 0 failed
