2026-08-18 02:39:49 EuroSAT stage (global-dp, homogeneous, seed=42, noise_ratio=0.00019326626097551308): 2 trajectories
2026-08-18 02:39:49 START eurosat-in-remove__homogeneous__global-dp__fedavg__clients-48__seed-42__nm0p00927678__clip5__rounds-100__epochs-5__eurosat_remove__eurosat_cnn 
2026-08-18 03:10:57 DONE  eurosat-in-remove__homogeneous__global-dp__fedavg__clients-48__seed-42__nm0p00927678__clip5__rounds-100__epochs-5__eurosat_remove__eurosat_cnn (1867.6s)
2026-08-18 03:10:58 EVALUATED eurosat-in-remove__homogeneous__global-dp__fedavg__clients-48__seed-42__nm0p00927678__clip5__rounds-100__epochs-5__eurosat_remove__eurosat_cnn round=1 (checkpoint deleted)
2026-08-18 03:11:00 EVALUATED eurosat-in-remove__homogeneous__global-dp__fedavg__clients-48__seed-42__nm0p00927678__clip5__rounds-100__epochs-5__eurosat_remove__eurosat_cnn round=10 (checkpoint deleted)
2026-08-18 03:11:01 EVALUATED eurosat-in-remove__homogeneous__global-dp__fedavg__clients-48__seed-42__nm0p00927678__clip5__rounds-100__epochs-5__eurosat_remove__eurosat_cnn round=20 (checkpoint deleted)
2026-08-18 03:11:02 EVALUATED eurosat-in-remove__homogeneous__global-dp__fedavg__clients-48__seed-42__nm0p00927678__clip5__rounds-100__epochs-5__eurosat_remove__eurosat_cnn round=30 (checkpoint deleted)
2026-08-18 03:11:04 EVALUATED eurosat-in-remove__homogeneous__global-dp__fedavg__clients-48__seed-42__nm0p00927678__clip5__rounds-100__epochs-5__eurosat_remove__eurosat_cnn round=40 (checkpoint deleted)
2026-08-18 03:11:05 EVALUATED eurosat-in-remove__homogeneous__global-dp__fedavg__clients-48__seed-42__nm0p00927678__clip5__rounds-100__epochs-5__eurosat_remove__eurosat_cnn round=50 (checkpoint deleted)
2026-08-18 03:11:06 EVALUATED eurosat-in-remove__homogeneous__global-dp__fedavg__clients-48__seed-42__nm0p00927678__clip5__rounds-100__epochs-5__eurosat_remove__eurosat_cnn round=60 (checkpoint deleted)
2026-08-18 03:11:08 EVALUATED eurosat-in-remove__homogeneous__global-dp__fedavg__clients-48__seed-42__nm0p00927678__clip5__rounds-100__epochs-5__eurosat_remove__eurosat_cnn round=70 (checkpoint deleted)
2026-08-18 03:11:09 EVALUATED eurosat-in-remove__homogeneous__global-dp__fedavg__clients-48__seed-42__nm0p00927678__clip5__rounds-100__epochs-5__eurosat_remove__eurosat_cnn round=80 (checkpoint deleted)
2026-08-18 03:11:10 EVALUATED eurosat-in-remove__homogeneous__global-dp__fedavg__clients-48__seed-42__nm0p00927678__clip5__rounds-100__epochs-5__eurosat_remove__eurosat_cnn round=90 (checkpoint deleted)
2026-08-18 03:11:12 EVALUATED eurosat-in-remove__homogeneous__global-dp__fedavg__clients-48__seed-42__nm0p00927678__clip5__rounds-100__epochs-5__eurosat_remove__eurosat_cnn round=100 (checkpoint deleted)
2026-08-18 03:11:12 PROGRESS 1/2 (0 failed so far)
2026-08-18 03:11:12 START eurosat-out-remove__homogeneous__global-dp__fedavg__clients-47__seed-42__nm0p00908351__clip5__rounds-100__epochs-5__eurosat_remove__eurosat_cnn 
2026-08-18 03:42:02 DONE  eurosat-out-remove__homogeneous__global-dp__fedavg__clients-47__seed-42__nm0p00908351__clip5__rounds-100__epochs-5__eurosat_remove__eurosat_cnn (1850.2s)
2026-08-18 03:42:03 EVALUATED eurosat-out-remove__homogeneous__global-dp__fedavg__clients-47__seed-42__nm0p00908351__clip5__rounds-100__epochs-5__eurosat_remove__eurosat_cnn round=1 (checkpoint deleted)
2026-08-18 03:42:05 EVALUATED eurosat-out-remove__homogeneous__global-dp__fedavg__clients-47__seed-42__nm0p00908351__clip5__rounds-100__epochs-5__eurosat_remove__eurosat_cnn round=10 (checkpoint deleted)
2026-08-18 03:42:06 EVALUATED eurosat-out-remove__homogeneous__global-dp__fedavg__clients-47__seed-42__nm0p00908351__clip5__rounds-100__epochs-5__eurosat_remove__eurosat_cnn round=20 (checkpoint deleted)
2026-08-18 03:42:07 EVALUATED eurosat-out-remove__homogeneous__global-dp__fedavg__clients-47__seed-42__nm0p00908351__clip5__rounds-100__epochs-5__eurosat_remove__eurosat_cnn round=30 (checkpoint deleted)
2026-08-18 03:42:09 EVALUATED eurosat-out-remove__homogeneous__global-dp__fedavg__clients-47__seed-42__nm0p00908351__clip5__rounds-100__epochs-5__eurosat_remove__eurosat_cnn round=40 (checkpoint deleted)
2026-08-18 03:42:10 EVALUATED eurosat-out-remove__homogeneous__global-dp__fedavg__clients-47__seed-42__nm0p00908351__clip5__rounds-100__epochs-5__eurosat_remove__eurosat_cnn round=50 (checkpoint deleted)
2026-08-18 03:42:11 EVALUATED eurosat-out-remove__homogeneous__global-dp__fedavg__clients-47__seed-42__nm0p00908351__clip5__rounds-100__epochs-5__eurosat_remove__eurosat_cnn round=60 (checkpoint deleted)
2026-08-18 03:42:13 EVALUATED eurosat-out-remove__homogeneous__global-dp__fedavg__clients-47__seed-42__nm0p00908351__clip5__rounds-100__epochs-5__eurosat_remove__eurosat_cnn round=70 (checkpoint deleted)
2026-08-18 03:42:14 EVALUATED eurosat-out-remove__homogeneous__global-dp__fedavg__clients-47__seed-42__nm0p00908351__clip5__rounds-100__epochs-5__eurosat_remove__eurosat_cnn round=80 (checkpoint deleted)
2026-08-18 03:42:15 EVALUATED eurosat-out-remove__homogeneous__global-dp__fedavg__clients-47__seed-42__nm0p00908351__clip5__rounds-100__epochs-5__eurosat_remove__eurosat_cnn round=90 (checkpoint deleted)
2026-08-18 03:42:17 EVALUATED eurosat-out-remove__homogeneous__global-dp__fedavg__clients-47__seed-42__nm0p00908351__clip5__rounds-100__epochs-5__eurosat_remove__eurosat_cnn round=100 (checkpoint deleted)
2026-08-18 03:42:17 PROGRESS 2/2 (0 failed so far)
2026-08-18 03:42:17 Sweep finished: 2/2 attempted, 0 failed
