2026-08-18 01:32:48 EuroSAT stage (global-dp, homogeneous, seed=42, noise_ratio=0.00038653252195102616): 2 trajectories
2026-08-18 01:32:48 START eurosat-in-remove__homogeneous__global-dp__fedavg__clients-48__seed-42__nm0p0185536__clip5__rounds-100__epochs-5__eurosat_remove__eurosat_cnn 
2026-08-18 02:06:07 DONE  eurosat-in-remove__homogeneous__global-dp__fedavg__clients-48__seed-42__nm0p0185536__clip5__rounds-100__epochs-5__eurosat_remove__eurosat_cnn (1999.1s)
2026-08-18 02:06:09 EVALUATED eurosat-in-remove__homogeneous__global-dp__fedavg__clients-48__seed-42__nm0p0185536__clip5__rounds-100__epochs-5__eurosat_remove__eurosat_cnn round=1 (checkpoint deleted)
2026-08-18 02:06:10 EVALUATED eurosat-in-remove__homogeneous__global-dp__fedavg__clients-48__seed-42__nm0p0185536__clip5__rounds-100__epochs-5__eurosat_remove__eurosat_cnn round=10 (checkpoint deleted)
2026-08-18 02:06:12 EVALUATED eurosat-in-remove__homogeneous__global-dp__fedavg__clients-48__seed-42__nm0p0185536__clip5__rounds-100__epochs-5__eurosat_remove__eurosat_cnn round=20 (checkpoint deleted)
2026-08-18 02:06:13 EVALUATED eurosat-in-remove__homogeneous__global-dp__fedavg__clients-48__seed-42__nm0p0185536__clip5__rounds-100__epochs-5__eurosat_remove__eurosat_cnn round=30 (checkpoint deleted)
2026-08-18 02:06:14 EVALUATED eurosat-in-remove__homogeneous__global-dp__fedavg__clients-48__seed-42__nm0p0185536__clip5__rounds-100__epochs-5__eurosat_remove__eurosat_cnn round=40 (checkpoint deleted)
2026-08-18 02:06:16 EVALUATED eurosat-in-remove__homogeneous__global-dp__fedavg__clients-48__seed-42__nm0p0185536__clip5__rounds-100__epochs-5__eurosat_remove__eurosat_cnn round=50 (checkpoint deleted)
2026-08-18 02:06:17 EVALUATED eurosat-in-remove__homogeneous__global-dp__fedavg__clients-48__seed-42__nm0p0185536__clip5__rounds-100__epochs-5__eurosat_remove__eurosat_cnn round=60 (checkpoint deleted)
2026-08-18 02:06:19 EVALUATED eurosat-in-remove__homogeneous__global-dp__fedavg__clients-48__seed-42__nm0p0185536__clip5__rounds-100__epochs-5__eurosat_remove__eurosat_cnn round=70 (checkpoint deleted)
2026-08-18 02:06:20 EVALUATED eurosat-in-remove__homogeneous__global-dp__fedavg__clients-48__seed-42__nm0p0185536__clip5__rounds-100__epochs-5__eurosat_remove__eurosat_cnn round=80 (checkpoint deleted)
2026-08-18 02:06:21 EVALUATED eurosat-in-remove__homogeneous__global-dp__fedavg__clients-48__seed-42__nm0p0185536__clip5__rounds-100__epochs-5__eurosat_remove__eurosat_cnn round=90 (checkpoint deleted)
2026-08-18 02:06:23 EVALUATED eurosat-in-remove__homogeneous__global-dp__fedavg__clients-48__seed-42__nm0p0185536__clip5__rounds-100__epochs-5__eurosat_remove__eurosat_cnn round=100 (checkpoint deleted)
2026-08-18 02:06:23 PROGRESS 1/2 (0 failed so far)
2026-08-18 02:06:23 START eurosat-out-remove__homogeneous__global-dp__fedavg__clients-47__seed-42__nm0p018167__clip5__rounds-100__epochs-5__eurosat_remove__eurosat_cnn 
2026-08-18 02:39:35 DONE  eurosat-out-remove__homogeneous__global-dp__fedavg__clients-47__seed-42__nm0p018167__clip5__rounds-100__epochs-5__eurosat_remove__eurosat_cnn (1991.9s)
2026-08-18 02:39:36 EVALUATED eurosat-out-remove__homogeneous__global-dp__fedavg__clients-47__seed-42__nm0p018167__clip5__rounds-100__epochs-5__eurosat_remove__eurosat_cnn round=1 (checkpoint deleted)
2026-08-18 02:39:37 EVALUATED eurosat-out-remove__homogeneous__global-dp__fedavg__clients-47__seed-42__nm0p018167__clip5__rounds-100__epochs-5__eurosat_remove__eurosat_cnn round=10 (checkpoint deleted)
2026-08-18 02:39:39 EVALUATED eurosat-out-remove__homogeneous__global-dp__fedavg__clients-47__seed-42__nm0p018167__clip5__rounds-100__epochs-5__eurosat_remove__eurosat_cnn round=20 (checkpoint deleted)
2026-08-18 02:39:40 EVALUATED eurosat-out-remove__homogeneous__global-dp__fedavg__clients-47__seed-42__nm0p018167__clip5__rounds-100__epochs-5__eurosat_remove__eurosat_cnn round=30 (checkpoint deleted)
2026-08-18 02:39:41 EVALUATED eurosat-out-remove__homogeneous__global-dp__fedavg__clients-47__seed-42__nm0p018167__clip5__rounds-100__epochs-5__eurosat_remove__eurosat_cnn round=40 (checkpoint deleted)
2026-08-18 02:39:43 EVALUATED eurosat-out-remove__homogeneous__global-dp__fedavg__clients-47__seed-42__nm0p018167__clip5__rounds-100__epochs-5__eurosat_remove__eurosat_cnn round=50 (checkpoint deleted)
2026-08-18 02:39:44 EVALUATED eurosat-out-remove__homogeneous__global-dp__fedavg__clients-47__seed-42__nm0p018167__clip5__rounds-100__epochs-5__eurosat_remove__eurosat_cnn round=60 (checkpoint deleted)
2026-08-18 02:39:45 EVALUATED eurosat-out-remove__homogeneous__global-dp__fedavg__clients-47__seed-42__nm0p018167__clip5__rounds-100__epochs-5__eurosat_remove__eurosat_cnn round=70 (checkpoint deleted)
2026-08-18 02:39:47 EVALUATED eurosat-out-remove__homogeneous__global-dp__fedavg__clients-47__seed-42__nm0p018167__clip5__rounds-100__epochs-5__eurosat_remove__eurosat_cnn round=80 (checkpoint deleted)
2026-08-18 02:39:48 EVALUATED eurosat-out-remove__homogeneous__global-dp__fedavg__clients-47__seed-42__nm0p018167__clip5__rounds-100__epochs-5__eurosat_remove__eurosat_cnn round=90 (checkpoint deleted)
2026-08-18 02:39:49 EVALUATED eurosat-out-remove__homogeneous__global-dp__fedavg__clients-47__seed-42__nm0p018167__clip5__rounds-100__epochs-5__eurosat_remove__eurosat_cnn round=100 (checkpoint deleted)
2026-08-18 02:39:49 PROGRESS 2/2 (0 failed so far)
2026-08-18 02:39:49 Sweep finished: 2/2 attempted, 0 failed
