2026-08-21 10:01:48 Fashion-MNIST stage (global-dp, non-iid, seed=44, noise_ratio=0.0026764342935115468): 2 trajectories
2026-08-21 10:01:48 START fashion-mnist-in-remove__non-iid__global-dp__fedavg__clients-48__seed-44__nm0p128469__clip5__rounds-100__epochs-5__fashion_mnist_remove__fashion_mnist_cnn 
2026-08-21 10:17:58 DONE  fashion-mnist-in-remove__non-iid__global-dp__fedavg__clients-48__seed-44__nm0p128469__clip5__rounds-100__epochs-5__fashion_mnist_remove__fashion_mnist_cnn (970.2s)
2026-08-21 10:18:01 EVALUATED fashion-mnist-in-remove__non-iid__global-dp__fedavg__clients-48__seed-44__nm0p128469__clip5__rounds-100__epochs-5__fashion_mnist_remove__fashion_mnist_cnn round=1 (checkpoint deleted)
2026-08-21 10:18:03 EVALUATED fashion-mnist-in-remove__non-iid__global-dp__fedavg__clients-48__seed-44__nm0p128469__clip5__rounds-100__epochs-5__fashion_mnist_remove__fashion_mnist_cnn round=10 (checkpoint deleted)
2026-08-21 10:18:06 EVALUATED fashion-mnist-in-remove__non-iid__global-dp__fedavg__clients-48__seed-44__nm0p128469__clip5__rounds-100__epochs-5__fashion_mnist_remove__fashion_mnist_cnn round=20 (checkpoint deleted)
2026-08-21 10:18:09 EVALUATED fashion-mnist-in-remove__non-iid__global-dp__fedavg__clients-48__seed-44__nm0p128469__clip5__rounds-100__epochs-5__fashion_mnist_remove__fashion_mnist_cnn round=30 (checkpoint deleted)
2026-08-21 10:18:12 EVALUATED fashion-mnist-in-remove__non-iid__global-dp__fedavg__clients-48__seed-44__nm0p128469__clip5__rounds-100__epochs-5__fashion_mnist_remove__fashion_mnist_cnn round=40 (checkpoint deleted)
2026-08-21 10:18:14 EVALUATED fashion-mnist-in-remove__non-iid__global-dp__fedavg__clients-48__seed-44__nm0p128469__clip5__rounds-100__epochs-5__fashion_mnist_remove__fashion_mnist_cnn round=50 (checkpoint deleted)
2026-08-21 10:18:17 EVALUATED fashion-mnist-in-remove__non-iid__global-dp__fedavg__clients-48__seed-44__nm0p128469__clip5__rounds-100__epochs-5__fashion_mnist_remove__fashion_mnist_cnn round=60 (checkpoint deleted)
2026-08-21 10:18:20 EVALUATED fashion-mnist-in-remove__non-iid__global-dp__fedavg__clients-48__seed-44__nm0p128469__clip5__rounds-100__epochs-5__fashion_mnist_remove__fashion_mnist_cnn round=70 (checkpoint deleted)
2026-08-21 10:18:23 EVALUATED fashion-mnist-in-remove__non-iid__global-dp__fedavg__clients-48__seed-44__nm0p128469__clip5__rounds-100__epochs-5__fashion_mnist_remove__fashion_mnist_cnn round=80 (checkpoint deleted)
2026-08-21 10:18:25 EVALUATED fashion-mnist-in-remove__non-iid__global-dp__fedavg__clients-48__seed-44__nm0p128469__clip5__rounds-100__epochs-5__fashion_mnist_remove__fashion_mnist_cnn round=90 (checkpoint deleted)
2026-08-21 10:18:28 EVALUATED fashion-mnist-in-remove__non-iid__global-dp__fedavg__clients-48__seed-44__nm0p128469__clip5__rounds-100__epochs-5__fashion_mnist_remove__fashion_mnist_cnn round=100 (checkpoint deleted)
2026-08-21 10:18:28 PROGRESS 1/2 (0 failed so far)
2026-08-21 10:18:28 START fashion-mnist-out-remove__non-iid__global-dp__fedavg__clients-47__seed-44__nm0p125792__clip5__rounds-100__epochs-5__fashion_mnist_remove__fashion_mnist_cnn 
2026-08-21 10:34:20 DONE  fashion-mnist-out-remove__non-iid__global-dp__fedavg__clients-47__seed-44__nm0p125792__clip5__rounds-100__epochs-5__fashion_mnist_remove__fashion_mnist_cnn (952.0s)
2026-08-21 10:34:23 EVALUATED fashion-mnist-out-remove__non-iid__global-dp__fedavg__clients-47__seed-44__nm0p125792__clip5__rounds-100__epochs-5__fashion_mnist_remove__fashion_mnist_cnn round=1 (checkpoint deleted)
2026-08-21 10:34:26 EVALUATED fashion-mnist-out-remove__non-iid__global-dp__fedavg__clients-47__seed-44__nm0p125792__clip5__rounds-100__epochs-5__fashion_mnist_remove__fashion_mnist_cnn round=10 (checkpoint deleted)
2026-08-21 10:34:28 EVALUATED fashion-mnist-out-remove__non-iid__global-dp__fedavg__clients-47__seed-44__nm0p125792__clip5__rounds-100__epochs-5__fashion_mnist_remove__fashion_mnist_cnn round=20 (checkpoint deleted)
2026-08-21 10:34:31 EVALUATED fashion-mnist-out-remove__non-iid__global-dp__fedavg__clients-47__seed-44__nm0p125792__clip5__rounds-100__epochs-5__fashion_mnist_remove__fashion_mnist_cnn round=30 (checkpoint deleted)
2026-08-21 10:34:34 EVALUATED fashion-mnist-out-remove__non-iid__global-dp__fedavg__clients-47__seed-44__nm0p125792__clip5__rounds-100__epochs-5__fashion_mnist_remove__fashion_mnist_cnn round=40 (checkpoint deleted)
2026-08-21 10:34:37 EVALUATED fashion-mnist-out-remove__non-iid__global-dp__fedavg__clients-47__seed-44__nm0p125792__clip5__rounds-100__epochs-5__fashion_mnist_remove__fashion_mnist_cnn round=50 (checkpoint deleted)
2026-08-21 10:34:39 EVALUATED fashion-mnist-out-remove__non-iid__global-dp__fedavg__clients-47__seed-44__nm0p125792__clip5__rounds-100__epochs-5__fashion_mnist_remove__fashion_mnist_cnn round=60 (checkpoint deleted)
2026-08-21 10:34:42 EVALUATED fashion-mnist-out-remove__non-iid__global-dp__fedavg__clients-47__seed-44__nm0p125792__clip5__rounds-100__epochs-5__fashion_mnist_remove__fashion_mnist_cnn round=70 (checkpoint deleted)
2026-08-21 10:34:45 EVALUATED fashion-mnist-out-remove__non-iid__global-dp__fedavg__clients-47__seed-44__nm0p125792__clip5__rounds-100__epochs-5__fashion_mnist_remove__fashion_mnist_cnn round=80 (checkpoint deleted)
2026-08-21 10:34:47 EVALUATED fashion-mnist-out-remove__non-iid__global-dp__fedavg__clients-47__seed-44__nm0p125792__clip5__rounds-100__epochs-5__fashion_mnist_remove__fashion_mnist_cnn round=90 (checkpoint deleted)
2026-08-21 10:34:50 EVALUATED fashion-mnist-out-remove__non-iid__global-dp__fedavg__clients-47__seed-44__nm0p125792__clip5__rounds-100__epochs-5__fashion_mnist_remove__fashion_mnist_cnn round=100 (checkpoint deleted)
2026-08-21 10:34:50 PROGRESS 2/2 (0 failed so far)
2026-08-21 10:34:50 Sweep finished: 2/2 attempted, 0 failed
