2026-08-11 13:35:07 CIFAR-10 removal CIA chunk (vanilla, clients=8): 1 trajectories
2026-08-11 13:35:07 START cifar10-in-remove__non-iid__vanilla__fedavg__clients-8__seed-42__nm0p0182__clip5__rounds-20__epochs-5__cifar10_remove__cifar10_cnn 
2026-08-11 13:46:34 DONE  cifar10-in-remove__non-iid__vanilla__fedavg__clients-8__seed-42__nm0p0182__clip5__rounds-20__epochs-5__cifar10_remove__cifar10_cnn (687.1s)
2026-08-11 13:46:43 EVALUATED cifar10-in-remove__non-iid__vanilla__fedavg__clients-8__seed-42__nm0p0182__clip5__rounds-20__epochs-5__cifar10_remove__cifar10_cnn round=1 (checkpoint deleted)
2026-08-11 13:46:51 EVALUATED cifar10-in-remove__non-iid__vanilla__fedavg__clients-8__seed-42__nm0p0182__clip5__rounds-20__epochs-5__cifar10_remove__cifar10_cnn round=2 (checkpoint deleted)
2026-08-11 13:46:58 EVALUATED cifar10-in-remove__non-iid__vanilla__fedavg__clients-8__seed-42__nm0p0182__clip5__rounds-20__epochs-5__cifar10_remove__cifar10_cnn round=3 (checkpoint deleted)
2026-08-11 13:47:05 EVALUATED cifar10-in-remove__non-iid__vanilla__fedavg__clients-8__seed-42__nm0p0182__clip5__rounds-20__epochs-5__cifar10_remove__cifar10_cnn round=4 (checkpoint deleted)
2026-08-11 13:47:12 EVALUATED cifar10-in-remove__non-iid__vanilla__fedavg__clients-8__seed-42__nm0p0182__clip5__rounds-20__epochs-5__cifar10_remove__cifar10_cnn round=5 (checkpoint deleted)
2026-08-11 13:47:20 EVALUATED cifar10-in-remove__non-iid__vanilla__fedavg__clients-8__seed-42__nm0p0182__clip5__rounds-20__epochs-5__cifar10_remove__cifar10_cnn round=6 (checkpoint deleted)
2026-08-11 13:47:27 EVALUATED cifar10-in-remove__non-iid__vanilla__fedavg__clients-8__seed-42__nm0p0182__clip5__rounds-20__epochs-5__cifar10_remove__cifar10_cnn round=7 (checkpoint deleted)
2026-08-11 13:47:34 EVALUATED cifar10-in-remove__non-iid__vanilla__fedavg__clients-8__seed-42__nm0p0182__clip5__rounds-20__epochs-5__cifar10_remove__cifar10_cnn round=8 (checkpoint deleted)
2026-08-11 13:47:41 EVALUATED cifar10-in-remove__non-iid__vanilla__fedavg__clients-8__seed-42__nm0p0182__clip5__rounds-20__epochs-5__cifar10_remove__cifar10_cnn round=9 (checkpoint deleted)
2026-08-11 13:47:48 EVALUATED cifar10-in-remove__non-iid__vanilla__fedavg__clients-8__seed-42__nm0p0182__clip5__rounds-20__epochs-5__cifar10_remove__cifar10_cnn round=10 (checkpoint deleted)
2026-08-11 13:47:56 EVALUATED cifar10-in-remove__non-iid__vanilla__fedavg__clients-8__seed-42__nm0p0182__clip5__rounds-20__epochs-5__cifar10_remove__cifar10_cnn round=11 (checkpoint deleted)
2026-08-11 13:48:03 EVALUATED cifar10-in-remove__non-iid__vanilla__fedavg__clients-8__seed-42__nm0p0182__clip5__rounds-20__epochs-5__cifar10_remove__cifar10_cnn round=12 (checkpoint deleted)
2026-08-11 13:48:10 EVALUATED cifar10-in-remove__non-iid__vanilla__fedavg__clients-8__seed-42__nm0p0182__clip5__rounds-20__epochs-5__cifar10_remove__cifar10_cnn round=13 (checkpoint deleted)
2026-08-11 13:48:17 EVALUATED cifar10-in-remove__non-iid__vanilla__fedavg__clients-8__seed-42__nm0p0182__clip5__rounds-20__epochs-5__cifar10_remove__cifar10_cnn round=14 (checkpoint deleted)
2026-08-11 13:48:24 EVALUATED cifar10-in-remove__non-iid__vanilla__fedavg__clients-8__seed-42__nm0p0182__clip5__rounds-20__epochs-5__cifar10_remove__cifar10_cnn round=15 (checkpoint deleted)
2026-08-11 13:48:32 EVALUATED cifar10-in-remove__non-iid__vanilla__fedavg__clients-8__seed-42__nm0p0182__clip5__rounds-20__epochs-5__cifar10_remove__cifar10_cnn round=16 (checkpoint deleted)
2026-08-11 13:48:39 EVALUATED cifar10-in-remove__non-iid__vanilla__fedavg__clients-8__seed-42__nm0p0182__clip5__rounds-20__epochs-5__cifar10_remove__cifar10_cnn round=17 (checkpoint deleted)
2026-08-11 13:48:46 EVALUATED cifar10-in-remove__non-iid__vanilla__fedavg__clients-8__seed-42__nm0p0182__clip5__rounds-20__epochs-5__cifar10_remove__cifar10_cnn round=18 (checkpoint deleted)
2026-08-11 13:48:53 EVALUATED cifar10-in-remove__non-iid__vanilla__fedavg__clients-8__seed-42__nm0p0182__clip5__rounds-20__epochs-5__cifar10_remove__cifar10_cnn round=19 (checkpoint deleted)
2026-08-11 13:49:00 EVALUATED cifar10-in-remove__non-iid__vanilla__fedavg__clients-8__seed-42__nm0p0182__clip5__rounds-20__epochs-5__cifar10_remove__cifar10_cnn round=20 (checkpoint deleted)
2026-08-11 13:49:00 PROGRESS 1/1 (0 failed so far)
2026-08-11 13:49:00 Sweep finished: 1/1 attempted, 0 failed
