2026-08-21 20:42:57 CIFAR-10 stage (metric-privacy, non-iid, seed=42, noise_ratio=0.01): 2 trajectories
2026-08-21 20:42:57 START cifar10-in-remove__non-iid__metric-privacy__fedavg__clients-100__seed-42__nm1__clip5__rounds-20__epochs-5__cifar10_remove__cifar10_cnn 
2026-08-21 20:49:57 DONE  cifar10-in-remove__non-iid__metric-privacy__fedavg__clients-100__seed-42__nm1__clip5__rounds-20__epochs-5__cifar10_remove__cifar10_cnn (419.8s)
2026-08-21 20:50:00 EVALUATED cifar10-in-remove__non-iid__metric-privacy__fedavg__clients-100__seed-42__nm1__clip5__rounds-20__epochs-5__cifar10_remove__cifar10_cnn round=1 (checkpoint deleted)
2026-08-21 20:50:03 EVALUATED cifar10-in-remove__non-iid__metric-privacy__fedavg__clients-100__seed-42__nm1__clip5__rounds-20__epochs-5__cifar10_remove__cifar10_cnn round=2 (checkpoint deleted)
2026-08-21 20:50:06 EVALUATED cifar10-in-remove__non-iid__metric-privacy__fedavg__clients-100__seed-42__nm1__clip5__rounds-20__epochs-5__cifar10_remove__cifar10_cnn round=3 (checkpoint deleted)
2026-08-21 20:50:09 EVALUATED cifar10-in-remove__non-iid__metric-privacy__fedavg__clients-100__seed-42__nm1__clip5__rounds-20__epochs-5__cifar10_remove__cifar10_cnn round=4 (checkpoint deleted)
2026-08-21 20:50:12 EVALUATED cifar10-in-remove__non-iid__metric-privacy__fedavg__clients-100__seed-42__nm1__clip5__rounds-20__epochs-5__cifar10_remove__cifar10_cnn round=5 (checkpoint deleted)
2026-08-21 20:50:15 EVALUATED cifar10-in-remove__non-iid__metric-privacy__fedavg__clients-100__seed-42__nm1__clip5__rounds-20__epochs-5__cifar10_remove__cifar10_cnn round=6 (checkpoint deleted)
2026-08-21 20:50:18 EVALUATED cifar10-in-remove__non-iid__metric-privacy__fedavg__clients-100__seed-42__nm1__clip5__rounds-20__epochs-5__cifar10_remove__cifar10_cnn round=7 (checkpoint deleted)
2026-08-21 20:50:21 EVALUATED cifar10-in-remove__non-iid__metric-privacy__fedavg__clients-100__seed-42__nm1__clip5__rounds-20__epochs-5__cifar10_remove__cifar10_cnn round=8 (checkpoint deleted)
2026-08-21 20:50:24 EVALUATED cifar10-in-remove__non-iid__metric-privacy__fedavg__clients-100__seed-42__nm1__clip5__rounds-20__epochs-5__cifar10_remove__cifar10_cnn round=9 (checkpoint deleted)
2026-08-21 20:50:27 EVALUATED cifar10-in-remove__non-iid__metric-privacy__fedavg__clients-100__seed-42__nm1__clip5__rounds-20__epochs-5__cifar10_remove__cifar10_cnn round=10 (checkpoint deleted)
2026-08-21 20:50:30 EVALUATED cifar10-in-remove__non-iid__metric-privacy__fedavg__clients-100__seed-42__nm1__clip5__rounds-20__epochs-5__cifar10_remove__cifar10_cnn round=11 (checkpoint deleted)
2026-08-21 20:50:33 EVALUATED cifar10-in-remove__non-iid__metric-privacy__fedavg__clients-100__seed-42__nm1__clip5__rounds-20__epochs-5__cifar10_remove__cifar10_cnn round=12 (checkpoint deleted)
2026-08-21 20:50:36 EVALUATED cifar10-in-remove__non-iid__metric-privacy__fedavg__clients-100__seed-42__nm1__clip5__rounds-20__epochs-5__cifar10_remove__cifar10_cnn round=13 (checkpoint deleted)
2026-08-21 20:50:39 EVALUATED cifar10-in-remove__non-iid__metric-privacy__fedavg__clients-100__seed-42__nm1__clip5__rounds-20__epochs-5__cifar10_remove__cifar10_cnn round=14 (checkpoint deleted)
2026-08-21 20:50:42 EVALUATED cifar10-in-remove__non-iid__metric-privacy__fedavg__clients-100__seed-42__nm1__clip5__rounds-20__epochs-5__cifar10_remove__cifar10_cnn round=15 (checkpoint deleted)
2026-08-21 20:50:45 EVALUATED cifar10-in-remove__non-iid__metric-privacy__fedavg__clients-100__seed-42__nm1__clip5__rounds-20__epochs-5__cifar10_remove__cifar10_cnn round=16 (checkpoint deleted)
2026-08-21 20:50:48 EVALUATED cifar10-in-remove__non-iid__metric-privacy__fedavg__clients-100__seed-42__nm1__clip5__rounds-20__epochs-5__cifar10_remove__cifar10_cnn round=17 (checkpoint deleted)
2026-08-21 20:50:51 EVALUATED cifar10-in-remove__non-iid__metric-privacy__fedavg__clients-100__seed-42__nm1__clip5__rounds-20__epochs-5__cifar10_remove__cifar10_cnn round=18 (checkpoint deleted)
2026-08-21 20:50:54 EVALUATED cifar10-in-remove__non-iid__metric-privacy__fedavg__clients-100__seed-42__nm1__clip5__rounds-20__epochs-5__cifar10_remove__cifar10_cnn round=19 (checkpoint deleted)
2026-08-21 20:50:57 EVALUATED cifar10-in-remove__non-iid__metric-privacy__fedavg__clients-100__seed-42__nm1__clip5__rounds-20__epochs-5__cifar10_remove__cifar10_cnn round=20 (checkpoint deleted)
2026-08-21 20:50:57 PROGRESS 1/2 (0 failed so far)
2026-08-21 20:50:57 START cifar10-out-remove__non-iid__metric-privacy__fedavg__clients-99__seed-42__nm0p99__clip5__rounds-20__epochs-5__cifar10_remove__cifar10_cnn 
2026-08-21 20:57:53 DONE  cifar10-out-remove__non-iid__metric-privacy__fedavg__clients-99__seed-42__nm0p99__clip5__rounds-20__epochs-5__cifar10_remove__cifar10_cnn (415.7s)
2026-08-21 20:57:56 EVALUATED cifar10-out-remove__non-iid__metric-privacy__fedavg__clients-99__seed-42__nm0p99__clip5__rounds-20__epochs-5__cifar10_remove__cifar10_cnn round=1 (checkpoint deleted)
2026-08-21 20:57:59 EVALUATED cifar10-out-remove__non-iid__metric-privacy__fedavg__clients-99__seed-42__nm0p99__clip5__rounds-20__epochs-5__cifar10_remove__cifar10_cnn round=2 (checkpoint deleted)
2026-08-21 20:58:02 EVALUATED cifar10-out-remove__non-iid__metric-privacy__fedavg__clients-99__seed-42__nm0p99__clip5__rounds-20__epochs-5__cifar10_remove__cifar10_cnn round=3 (checkpoint deleted)
2026-08-21 20:58:05 EVALUATED cifar10-out-remove__non-iid__metric-privacy__fedavg__clients-99__seed-42__nm0p99__clip5__rounds-20__epochs-5__cifar10_remove__cifar10_cnn round=4 (checkpoint deleted)
2026-08-21 20:58:09 EVALUATED cifar10-out-remove__non-iid__metric-privacy__fedavg__clients-99__seed-42__nm0p99__clip5__rounds-20__epochs-5__cifar10_remove__cifar10_cnn round=5 (checkpoint deleted)
2026-08-21 20:58:12 EVALUATED cifar10-out-remove__non-iid__metric-privacy__fedavg__clients-99__seed-42__nm0p99__clip5__rounds-20__epochs-5__cifar10_remove__cifar10_cnn round=6 (checkpoint deleted)
2026-08-21 20:58:15 EVALUATED cifar10-out-remove__non-iid__metric-privacy__fedavg__clients-99__seed-42__nm0p99__clip5__rounds-20__epochs-5__cifar10_remove__cifar10_cnn round=7 (checkpoint deleted)
2026-08-21 20:58:18 EVALUATED cifar10-out-remove__non-iid__metric-privacy__fedavg__clients-99__seed-42__nm0p99__clip5__rounds-20__epochs-5__cifar10_remove__cifar10_cnn round=8 (checkpoint deleted)
2026-08-21 20:58:21 EVALUATED cifar10-out-remove__non-iid__metric-privacy__fedavg__clients-99__seed-42__nm0p99__clip5__rounds-20__epochs-5__cifar10_remove__cifar10_cnn round=9 (checkpoint deleted)
2026-08-21 20:58:24 EVALUATED cifar10-out-remove__non-iid__metric-privacy__fedavg__clients-99__seed-42__nm0p99__clip5__rounds-20__epochs-5__cifar10_remove__cifar10_cnn round=10 (checkpoint deleted)
2026-08-21 20:58:27 EVALUATED cifar10-out-remove__non-iid__metric-privacy__fedavg__clients-99__seed-42__nm0p99__clip5__rounds-20__epochs-5__cifar10_remove__cifar10_cnn round=11 (checkpoint deleted)
2026-08-21 20:58:30 EVALUATED cifar10-out-remove__non-iid__metric-privacy__fedavg__clients-99__seed-42__nm0p99__clip5__rounds-20__epochs-5__cifar10_remove__cifar10_cnn round=12 (checkpoint deleted)
2026-08-21 20:58:33 EVALUATED cifar10-out-remove__non-iid__metric-privacy__fedavg__clients-99__seed-42__nm0p99__clip5__rounds-20__epochs-5__cifar10_remove__cifar10_cnn round=13 (checkpoint deleted)
2026-08-21 20:58:36 EVALUATED cifar10-out-remove__non-iid__metric-privacy__fedavg__clients-99__seed-42__nm0p99__clip5__rounds-20__epochs-5__cifar10_remove__cifar10_cnn round=14 (checkpoint deleted)
2026-08-21 20:58:39 EVALUATED cifar10-out-remove__non-iid__metric-privacy__fedavg__clients-99__seed-42__nm0p99__clip5__rounds-20__epochs-5__cifar10_remove__cifar10_cnn round=15 (checkpoint deleted)
2026-08-21 20:58:42 EVALUATED cifar10-out-remove__non-iid__metric-privacy__fedavg__clients-99__seed-42__nm0p99__clip5__rounds-20__epochs-5__cifar10_remove__cifar10_cnn round=16 (checkpoint deleted)
2026-08-21 20:58:45 EVALUATED cifar10-out-remove__non-iid__metric-privacy__fedavg__clients-99__seed-42__nm0p99__clip5__rounds-20__epochs-5__cifar10_remove__cifar10_cnn round=17 (checkpoint deleted)
2026-08-21 20:58:48 EVALUATED cifar10-out-remove__non-iid__metric-privacy__fedavg__clients-99__seed-42__nm0p99__clip5__rounds-20__epochs-5__cifar10_remove__cifar10_cnn round=18 (checkpoint deleted)
2026-08-21 20:58:51 EVALUATED cifar10-out-remove__non-iid__metric-privacy__fedavg__clients-99__seed-42__nm0p99__clip5__rounds-20__epochs-5__cifar10_remove__cifar10_cnn round=19 (checkpoint deleted)
2026-08-21 20:58:54 EVALUATED cifar10-out-remove__non-iid__metric-privacy__fedavg__clients-99__seed-42__nm0p99__clip5__rounds-20__epochs-5__cifar10_remove__cifar10_cnn round=20 (checkpoint deleted)
2026-08-21 20:58:54 PROGRESS 2/2 (0 failed so far)
2026-08-21 20:58:54 Sweep finished: 2/2 attempted, 0 failed
