2026-08-20 02:29:32 CIFAR-10 removal CIA chunk (vanilla, clients=8, alpha=0.1, noise_ratio=0.0025): 2 trajectories
2026-08-20 02:29:32 START cifar10-in-remove__dirichlet__alpha-0p1__vanilla__fedavg__clients-8__seed-42__nm0p02__clip5__rounds-20__epochs-5__cifar10_dirichlet__cifar10_cnn 
2026-08-20 02:42:06 DONE  cifar10-in-remove__dirichlet__alpha-0p1__vanilla__fedavg__clients-8__seed-42__nm0p02__clip5__rounds-20__epochs-5__cifar10_dirichlet__cifar10_cnn (754.0s)
2026-08-20 02:42:14 EVALUATED cifar10-in-remove__dirichlet__alpha-0p1__vanilla__fedavg__clients-8__seed-42__nm0p02__clip5__rounds-20__epochs-5__cifar10_dirichlet__cifar10_cnn round=1 (checkpoint deleted)
2026-08-20 02:42:20 EVALUATED cifar10-in-remove__dirichlet__alpha-0p1__vanilla__fedavg__clients-8__seed-42__nm0p02__clip5__rounds-20__epochs-5__cifar10_dirichlet__cifar10_cnn round=2 (checkpoint deleted)
2026-08-20 02:42:26 EVALUATED cifar10-in-remove__dirichlet__alpha-0p1__vanilla__fedavg__clients-8__seed-42__nm0p02__clip5__rounds-20__epochs-5__cifar10_dirichlet__cifar10_cnn round=3 (checkpoint deleted)
2026-08-20 02:42:33 EVALUATED cifar10-in-remove__dirichlet__alpha-0p1__vanilla__fedavg__clients-8__seed-42__nm0p02__clip5__rounds-20__epochs-5__cifar10_dirichlet__cifar10_cnn round=4 (checkpoint deleted)
2026-08-20 02:42:39 EVALUATED cifar10-in-remove__dirichlet__alpha-0p1__vanilla__fedavg__clients-8__seed-42__nm0p02__clip5__rounds-20__epochs-5__cifar10_dirichlet__cifar10_cnn round=5 (checkpoint deleted)
2026-08-20 02:42:45 EVALUATED cifar10-in-remove__dirichlet__alpha-0p1__vanilla__fedavg__clients-8__seed-42__nm0p02__clip5__rounds-20__epochs-5__cifar10_dirichlet__cifar10_cnn round=6 (checkpoint deleted)
2026-08-20 02:42:52 EVALUATED cifar10-in-remove__dirichlet__alpha-0p1__vanilla__fedavg__clients-8__seed-42__nm0p02__clip5__rounds-20__epochs-5__cifar10_dirichlet__cifar10_cnn round=7 (checkpoint deleted)
2026-08-20 02:42:58 EVALUATED cifar10-in-remove__dirichlet__alpha-0p1__vanilla__fedavg__clients-8__seed-42__nm0p02__clip5__rounds-20__epochs-5__cifar10_dirichlet__cifar10_cnn round=8 (checkpoint deleted)
2026-08-20 02:43:04 EVALUATED cifar10-in-remove__dirichlet__alpha-0p1__vanilla__fedavg__clients-8__seed-42__nm0p02__clip5__rounds-20__epochs-5__cifar10_dirichlet__cifar10_cnn round=9 (checkpoint deleted)
2026-08-20 02:43:11 EVALUATED cifar10-in-remove__dirichlet__alpha-0p1__vanilla__fedavg__clients-8__seed-42__nm0p02__clip5__rounds-20__epochs-5__cifar10_dirichlet__cifar10_cnn round=10 (checkpoint deleted)
2026-08-20 02:43:17 EVALUATED cifar10-in-remove__dirichlet__alpha-0p1__vanilla__fedavg__clients-8__seed-42__nm0p02__clip5__rounds-20__epochs-5__cifar10_dirichlet__cifar10_cnn round=11 (checkpoint deleted)
2026-08-20 02:43:23 EVALUATED cifar10-in-remove__dirichlet__alpha-0p1__vanilla__fedavg__clients-8__seed-42__nm0p02__clip5__rounds-20__epochs-5__cifar10_dirichlet__cifar10_cnn round=12 (checkpoint deleted)
2026-08-20 02:43:30 EVALUATED cifar10-in-remove__dirichlet__alpha-0p1__vanilla__fedavg__clients-8__seed-42__nm0p02__clip5__rounds-20__epochs-5__cifar10_dirichlet__cifar10_cnn round=13 (checkpoint deleted)
2026-08-20 02:43:36 EVALUATED cifar10-in-remove__dirichlet__alpha-0p1__vanilla__fedavg__clients-8__seed-42__nm0p02__clip5__rounds-20__epochs-5__cifar10_dirichlet__cifar10_cnn round=14 (checkpoint deleted)
2026-08-20 02:43:42 EVALUATED cifar10-in-remove__dirichlet__alpha-0p1__vanilla__fedavg__clients-8__seed-42__nm0p02__clip5__rounds-20__epochs-5__cifar10_dirichlet__cifar10_cnn round=15 (checkpoint deleted)
2026-08-20 02:43:49 EVALUATED cifar10-in-remove__dirichlet__alpha-0p1__vanilla__fedavg__clients-8__seed-42__nm0p02__clip5__rounds-20__epochs-5__cifar10_dirichlet__cifar10_cnn round=16 (checkpoint deleted)
2026-08-20 02:43:55 EVALUATED cifar10-in-remove__dirichlet__alpha-0p1__vanilla__fedavg__clients-8__seed-42__nm0p02__clip5__rounds-20__epochs-5__cifar10_dirichlet__cifar10_cnn round=17 (checkpoint deleted)
2026-08-20 02:44:01 EVALUATED cifar10-in-remove__dirichlet__alpha-0p1__vanilla__fedavg__clients-8__seed-42__nm0p02__clip5__rounds-20__epochs-5__cifar10_dirichlet__cifar10_cnn round=18 (checkpoint deleted)
2026-08-20 02:44:08 EVALUATED cifar10-in-remove__dirichlet__alpha-0p1__vanilla__fedavg__clients-8__seed-42__nm0p02__clip5__rounds-20__epochs-5__cifar10_dirichlet__cifar10_cnn round=19 (checkpoint deleted)
2026-08-20 02:44:14 EVALUATED cifar10-in-remove__dirichlet__alpha-0p1__vanilla__fedavg__clients-8__seed-42__nm0p02__clip5__rounds-20__epochs-5__cifar10_dirichlet__cifar10_cnn round=20 (checkpoint deleted)
2026-08-20 02:44:14 PROGRESS 1/2 (0 failed so far)
2026-08-20 02:44:14 START cifar10-out-remove__dirichlet__alpha-0p1__vanilla__fedavg__clients-7__seed-42__nm0p0175__clip5__rounds-20__epochs-5__cifar10_dirichlet__cifar10_cnn 
2026-08-20 02:56:25 DONE  cifar10-out-remove__dirichlet__alpha-0p1__vanilla__fedavg__clients-7__seed-42__nm0p0175__clip5__rounds-20__epochs-5__cifar10_dirichlet__cifar10_cnn (730.9s)
2026-08-20 02:56:31 EVALUATED cifar10-out-remove__dirichlet__alpha-0p1__vanilla__fedavg__clients-7__seed-42__nm0p0175__clip5__rounds-20__epochs-5__cifar10_dirichlet__cifar10_cnn round=1 (checkpoint deleted)
2026-08-20 02:56:38 EVALUATED cifar10-out-remove__dirichlet__alpha-0p1__vanilla__fedavg__clients-7__seed-42__nm0p0175__clip5__rounds-20__epochs-5__cifar10_dirichlet__cifar10_cnn round=2 (checkpoint deleted)
2026-08-20 02:56:44 EVALUATED cifar10-out-remove__dirichlet__alpha-0p1__vanilla__fedavg__clients-7__seed-42__nm0p0175__clip5__rounds-20__epochs-5__cifar10_dirichlet__cifar10_cnn round=3 (checkpoint deleted)
2026-08-20 02:56:50 EVALUATED cifar10-out-remove__dirichlet__alpha-0p1__vanilla__fedavg__clients-7__seed-42__nm0p0175__clip5__rounds-20__epochs-5__cifar10_dirichlet__cifar10_cnn round=4 (checkpoint deleted)
2026-08-20 02:56:57 EVALUATED cifar10-out-remove__dirichlet__alpha-0p1__vanilla__fedavg__clients-7__seed-42__nm0p0175__clip5__rounds-20__epochs-5__cifar10_dirichlet__cifar10_cnn round=5 (checkpoint deleted)
2026-08-20 02:57:03 EVALUATED cifar10-out-remove__dirichlet__alpha-0p1__vanilla__fedavg__clients-7__seed-42__nm0p0175__clip5__rounds-20__epochs-5__cifar10_dirichlet__cifar10_cnn round=6 (checkpoint deleted)
2026-08-20 02:57:09 EVALUATED cifar10-out-remove__dirichlet__alpha-0p1__vanilla__fedavg__clients-7__seed-42__nm0p0175__clip5__rounds-20__epochs-5__cifar10_dirichlet__cifar10_cnn round=7 (checkpoint deleted)
2026-08-20 02:57:16 EVALUATED cifar10-out-remove__dirichlet__alpha-0p1__vanilla__fedavg__clients-7__seed-42__nm0p0175__clip5__rounds-20__epochs-5__cifar10_dirichlet__cifar10_cnn round=8 (checkpoint deleted)
2026-08-20 02:57:22 EVALUATED cifar10-out-remove__dirichlet__alpha-0p1__vanilla__fedavg__clients-7__seed-42__nm0p0175__clip5__rounds-20__epochs-5__cifar10_dirichlet__cifar10_cnn round=9 (checkpoint deleted)
2026-08-20 02:57:29 EVALUATED cifar10-out-remove__dirichlet__alpha-0p1__vanilla__fedavg__clients-7__seed-42__nm0p0175__clip5__rounds-20__epochs-5__cifar10_dirichlet__cifar10_cnn round=10 (checkpoint deleted)
2026-08-20 02:57:35 EVALUATED cifar10-out-remove__dirichlet__alpha-0p1__vanilla__fedavg__clients-7__seed-42__nm0p0175__clip5__rounds-20__epochs-5__cifar10_dirichlet__cifar10_cnn round=11 (checkpoint deleted)
2026-08-20 02:57:41 EVALUATED cifar10-out-remove__dirichlet__alpha-0p1__vanilla__fedavg__clients-7__seed-42__nm0p0175__clip5__rounds-20__epochs-5__cifar10_dirichlet__cifar10_cnn round=12 (checkpoint deleted)
2026-08-20 02:57:48 EVALUATED cifar10-out-remove__dirichlet__alpha-0p1__vanilla__fedavg__clients-7__seed-42__nm0p0175__clip5__rounds-20__epochs-5__cifar10_dirichlet__cifar10_cnn round=13 (checkpoint deleted)
2026-08-20 02:57:54 EVALUATED cifar10-out-remove__dirichlet__alpha-0p1__vanilla__fedavg__clients-7__seed-42__nm0p0175__clip5__rounds-20__epochs-5__cifar10_dirichlet__cifar10_cnn round=14 (checkpoint deleted)
2026-08-20 02:58:01 EVALUATED cifar10-out-remove__dirichlet__alpha-0p1__vanilla__fedavg__clients-7__seed-42__nm0p0175__clip5__rounds-20__epochs-5__cifar10_dirichlet__cifar10_cnn round=15 (checkpoint deleted)
2026-08-20 02:58:07 EVALUATED cifar10-out-remove__dirichlet__alpha-0p1__vanilla__fedavg__clients-7__seed-42__nm0p0175__clip5__rounds-20__epochs-5__cifar10_dirichlet__cifar10_cnn round=16 (checkpoint deleted)
2026-08-20 02:58:13 EVALUATED cifar10-out-remove__dirichlet__alpha-0p1__vanilla__fedavg__clients-7__seed-42__nm0p0175__clip5__rounds-20__epochs-5__cifar10_dirichlet__cifar10_cnn round=17 (checkpoint deleted)
2026-08-20 02:58:20 EVALUATED cifar10-out-remove__dirichlet__alpha-0p1__vanilla__fedavg__clients-7__seed-42__nm0p0175__clip5__rounds-20__epochs-5__cifar10_dirichlet__cifar10_cnn round=18 (checkpoint deleted)
2026-08-20 02:58:26 EVALUATED cifar10-out-remove__dirichlet__alpha-0p1__vanilla__fedavg__clients-7__seed-42__nm0p0175__clip5__rounds-20__epochs-5__cifar10_dirichlet__cifar10_cnn round=19 (checkpoint deleted)
2026-08-20 02:58:33 EVALUATED cifar10-out-remove__dirichlet__alpha-0p1__vanilla__fedavg__clients-7__seed-42__nm0p0175__clip5__rounds-20__epochs-5__cifar10_dirichlet__cifar10_cnn round=20 (checkpoint deleted)
2026-08-20 02:58:33 PROGRESS 2/2 (0 failed so far)
2026-08-20 02:58:33 Sweep finished: 2/2 attempted, 0 failed
