2026-08-19 22:49:31 EuroSAT stage (metric-privacy, non-iid, seed=44, noise_ratio=0.0015461300878041046): 2 trajectories
2026-08-19 22:49:31 START eurosat-in-remove__non-iid__metric-privacy__fedavg__clients-48__seed-44__nm0p0742142__clip5__rounds-100__epochs-5__eurosat_remove__eurosat_cnn 
2026-08-19 23:08:00 DONE  eurosat-in-remove__non-iid__metric-privacy__fedavg__clients-48__seed-44__nm0p0742142__clip5__rounds-100__epochs-5__eurosat_remove__eurosat_cnn (1109.4s)
2026-08-19 23:08:02 EVALUATED eurosat-in-remove__non-iid__metric-privacy__fedavg__clients-48__seed-44__nm0p0742142__clip5__rounds-100__epochs-5__eurosat_remove__eurosat_cnn round=1 (checkpoint deleted)
2026-08-19 23:08:03 EVALUATED eurosat-in-remove__non-iid__metric-privacy__fedavg__clients-48__seed-44__nm0p0742142__clip5__rounds-100__epochs-5__eurosat_remove__eurosat_cnn round=10 (checkpoint deleted)
2026-08-19 23:08:05 EVALUATED eurosat-in-remove__non-iid__metric-privacy__fedavg__clients-48__seed-44__nm0p0742142__clip5__rounds-100__epochs-5__eurosat_remove__eurosat_cnn round=20 (checkpoint deleted)
2026-08-19 23:08:06 EVALUATED eurosat-in-remove__non-iid__metric-privacy__fedavg__clients-48__seed-44__nm0p0742142__clip5__rounds-100__epochs-5__eurosat_remove__eurosat_cnn round=30 (checkpoint deleted)
2026-08-19 23:08:07 EVALUATED eurosat-in-remove__non-iid__metric-privacy__fedavg__clients-48__seed-44__nm0p0742142__clip5__rounds-100__epochs-5__eurosat_remove__eurosat_cnn round=40 (checkpoint deleted)
2026-08-19 23:08:09 EVALUATED eurosat-in-remove__non-iid__metric-privacy__fedavg__clients-48__seed-44__nm0p0742142__clip5__rounds-100__epochs-5__eurosat_remove__eurosat_cnn round=50 (checkpoint deleted)
2026-08-19 23:08:10 EVALUATED eurosat-in-remove__non-iid__metric-privacy__fedavg__clients-48__seed-44__nm0p0742142__clip5__rounds-100__epochs-5__eurosat_remove__eurosat_cnn round=60 (checkpoint deleted)
2026-08-19 23:08:12 EVALUATED eurosat-in-remove__non-iid__metric-privacy__fedavg__clients-48__seed-44__nm0p0742142__clip5__rounds-100__epochs-5__eurosat_remove__eurosat_cnn round=70 (checkpoint deleted)
2026-08-19 23:08:13 EVALUATED eurosat-in-remove__non-iid__metric-privacy__fedavg__clients-48__seed-44__nm0p0742142__clip5__rounds-100__epochs-5__eurosat_remove__eurosat_cnn round=80 (checkpoint deleted)
2026-08-19 23:08:14 EVALUATED eurosat-in-remove__non-iid__metric-privacy__fedavg__clients-48__seed-44__nm0p0742142__clip5__rounds-100__epochs-5__eurosat_remove__eurosat_cnn round=90 (checkpoint deleted)
2026-08-19 23:08:16 EVALUATED eurosat-in-remove__non-iid__metric-privacy__fedavg__clients-48__seed-44__nm0p0742142__clip5__rounds-100__epochs-5__eurosat_remove__eurosat_cnn round=100 (checkpoint deleted)
2026-08-19 23:08:16 PROGRESS 1/2 (0 failed so far)
2026-08-19 23:08:16 START eurosat-out-remove__non-iid__metric-privacy__fedavg__clients-47__seed-44__nm0p0726681__clip5__rounds-100__epochs-5__eurosat_remove__eurosat_cnn 
2026-08-19 23:26:24 DONE  eurosat-out-remove__non-iid__metric-privacy__fedavg__clients-47__seed-44__nm0p0726681__clip5__rounds-100__epochs-5__eurosat_remove__eurosat_cnn (1088.1s)
2026-08-19 23:26:26 EVALUATED eurosat-out-remove__non-iid__metric-privacy__fedavg__clients-47__seed-44__nm0p0726681__clip5__rounds-100__epochs-5__eurosat_remove__eurosat_cnn round=1 (checkpoint deleted)
2026-08-19 23:26:27 EVALUATED eurosat-out-remove__non-iid__metric-privacy__fedavg__clients-47__seed-44__nm0p0726681__clip5__rounds-100__epochs-5__eurosat_remove__eurosat_cnn round=10 (checkpoint deleted)
2026-08-19 23:26:29 EVALUATED eurosat-out-remove__non-iid__metric-privacy__fedavg__clients-47__seed-44__nm0p0726681__clip5__rounds-100__epochs-5__eurosat_remove__eurosat_cnn round=20 (checkpoint deleted)
2026-08-19 23:26:30 EVALUATED eurosat-out-remove__non-iid__metric-privacy__fedavg__clients-47__seed-44__nm0p0726681__clip5__rounds-100__epochs-5__eurosat_remove__eurosat_cnn round=30 (checkpoint deleted)
2026-08-19 23:26:32 EVALUATED eurosat-out-remove__non-iid__metric-privacy__fedavg__clients-47__seed-44__nm0p0726681__clip5__rounds-100__epochs-5__eurosat_remove__eurosat_cnn round=40 (checkpoint deleted)
2026-08-19 23:26:33 EVALUATED eurosat-out-remove__non-iid__metric-privacy__fedavg__clients-47__seed-44__nm0p0726681__clip5__rounds-100__epochs-5__eurosat_remove__eurosat_cnn round=50 (checkpoint deleted)
2026-08-19 23:26:35 EVALUATED eurosat-out-remove__non-iid__metric-privacy__fedavg__clients-47__seed-44__nm0p0726681__clip5__rounds-100__epochs-5__eurosat_remove__eurosat_cnn round=60 (checkpoint deleted)
2026-08-19 23:26:36 EVALUATED eurosat-out-remove__non-iid__metric-privacy__fedavg__clients-47__seed-44__nm0p0726681__clip5__rounds-100__epochs-5__eurosat_remove__eurosat_cnn round=70 (checkpoint deleted)
2026-08-19 23:26:37 EVALUATED eurosat-out-remove__non-iid__metric-privacy__fedavg__clients-47__seed-44__nm0p0726681__clip5__rounds-100__epochs-5__eurosat_remove__eurosat_cnn round=80 (checkpoint deleted)
2026-08-19 23:26:39 EVALUATED eurosat-out-remove__non-iid__metric-privacy__fedavg__clients-47__seed-44__nm0p0726681__clip5__rounds-100__epochs-5__eurosat_remove__eurosat_cnn round=90 (checkpoint deleted)
2026-08-19 23:26:40 EVALUATED eurosat-out-remove__non-iid__metric-privacy__fedavg__clients-47__seed-44__nm0p0726681__clip5__rounds-100__epochs-5__eurosat_remove__eurosat_cnn round=100 (checkpoint deleted)
2026-08-19 23:26:40 PROGRESS 2/2 (0 failed so far)
2026-08-19 23:26:40 Sweep finished: 2/2 attempted, 0 failed
