2026-08-05 18:45:59 Starting full chunk: 2 trajectories
2026-08-05 18:45:59 START cifar-full-out-replace__non-iid__global-dp__fedavg__clients-8__seed-43__nm0p026664__clip5__rounds-20__epochs-5__cifar_chunks__cifar10_cnn 
2026-08-05 18:50:22 DONE  cifar-full-out-replace__non-iid__global-dp__fedavg__clients-8__seed-43__nm0p026664__clip5__rounds-20__epochs-5__cifar_chunks__cifar10_cnn (263.8s)
2026-08-05 18:50:29 EVALUATED cifar-full-out-replace__non-iid__global-dp__fedavg__clients-8__seed-43__nm0p026664__clip5__rounds-20__epochs-5__cifar_chunks__cifar10_cnn round=1 (checkpoint deleted)
2026-08-05 18:50:34 EVALUATED cifar-full-out-replace__non-iid__global-dp__fedavg__clients-8__seed-43__nm0p026664__clip5__rounds-20__epochs-5__cifar_chunks__cifar10_cnn round=2 (checkpoint deleted)
2026-08-05 18:50:40 EVALUATED cifar-full-out-replace__non-iid__global-dp__fedavg__clients-8__seed-43__nm0p026664__clip5__rounds-20__epochs-5__cifar_chunks__cifar10_cnn round=3 (checkpoint deleted)
2026-08-05 18:50:45 EVALUATED cifar-full-out-replace__non-iid__global-dp__fedavg__clients-8__seed-43__nm0p026664__clip5__rounds-20__epochs-5__cifar_chunks__cifar10_cnn round=4 (checkpoint deleted)
2026-08-05 18:50:50 EVALUATED cifar-full-out-replace__non-iid__global-dp__fedavg__clients-8__seed-43__nm0p026664__clip5__rounds-20__epochs-5__cifar_chunks__cifar10_cnn round=5 (checkpoint deleted)
2026-08-05 18:50:56 EVALUATED cifar-full-out-replace__non-iid__global-dp__fedavg__clients-8__seed-43__nm0p026664__clip5__rounds-20__epochs-5__cifar_chunks__cifar10_cnn round=6 (checkpoint deleted)
2026-08-05 18:51:01 EVALUATED cifar-full-out-replace__non-iid__global-dp__fedavg__clients-8__seed-43__nm0p026664__clip5__rounds-20__epochs-5__cifar_chunks__cifar10_cnn round=7 (checkpoint deleted)
2026-08-05 18:51:06 EVALUATED cifar-full-out-replace__non-iid__global-dp__fedavg__clients-8__seed-43__nm0p026664__clip5__rounds-20__epochs-5__cifar_chunks__cifar10_cnn round=8 (checkpoint deleted)
2026-08-05 18:51:12 EVALUATED cifar-full-out-replace__non-iid__global-dp__fedavg__clients-8__seed-43__nm0p026664__clip5__rounds-20__epochs-5__cifar_chunks__cifar10_cnn round=9 (checkpoint deleted)
2026-08-05 18:51:17 EVALUATED cifar-full-out-replace__non-iid__global-dp__fedavg__clients-8__seed-43__nm0p026664__clip5__rounds-20__epochs-5__cifar_chunks__cifar10_cnn round=10 (checkpoint deleted)
2026-08-05 18:51:22 EVALUATED cifar-full-out-replace__non-iid__global-dp__fedavg__clients-8__seed-43__nm0p026664__clip5__rounds-20__epochs-5__cifar_chunks__cifar10_cnn round=11 (checkpoint deleted)
2026-08-05 18:51:27 EVALUATED cifar-full-out-replace__non-iid__global-dp__fedavg__clients-8__seed-43__nm0p026664__clip5__rounds-20__epochs-5__cifar_chunks__cifar10_cnn round=12 (checkpoint deleted)
2026-08-05 18:51:33 EVALUATED cifar-full-out-replace__non-iid__global-dp__fedavg__clients-8__seed-43__nm0p026664__clip5__rounds-20__epochs-5__cifar_chunks__cifar10_cnn round=13 (checkpoint deleted)
2026-08-05 18:51:38 EVALUATED cifar-full-out-replace__non-iid__global-dp__fedavg__clients-8__seed-43__nm0p026664__clip5__rounds-20__epochs-5__cifar_chunks__cifar10_cnn round=14 (checkpoint deleted)
2026-08-05 18:51:43 EVALUATED cifar-full-out-replace__non-iid__global-dp__fedavg__clients-8__seed-43__nm0p026664__clip5__rounds-20__epochs-5__cifar_chunks__cifar10_cnn round=15 (checkpoint deleted)
2026-08-05 18:51:48 EVALUATED cifar-full-out-replace__non-iid__global-dp__fedavg__clients-8__seed-43__nm0p026664__clip5__rounds-20__epochs-5__cifar_chunks__cifar10_cnn round=16 (checkpoint deleted)
2026-08-05 18:51:54 EVALUATED cifar-full-out-replace__non-iid__global-dp__fedavg__clients-8__seed-43__nm0p026664__clip5__rounds-20__epochs-5__cifar_chunks__cifar10_cnn round=17 (checkpoint deleted)
2026-08-05 18:51:59 EVALUATED cifar-full-out-replace__non-iid__global-dp__fedavg__clients-8__seed-43__nm0p026664__clip5__rounds-20__epochs-5__cifar_chunks__cifar10_cnn round=18 (checkpoint deleted)
2026-08-05 18:52:04 EVALUATED cifar-full-out-replace__non-iid__global-dp__fedavg__clients-8__seed-43__nm0p026664__clip5__rounds-20__epochs-5__cifar_chunks__cifar10_cnn round=19 (checkpoint deleted)
2026-08-05 18:52:10 EVALUATED cifar-full-out-replace__non-iid__global-dp__fedavg__clients-8__seed-43__nm0p026664__clip5__rounds-20__epochs-5__cifar_chunks__cifar10_cnn round=20 (checkpoint deleted)
2026-08-05 18:52:10 PROGRESS 1/2 (0 failed so far)
2026-08-05 18:52:10 START cifar-full-out-replace__non-iid__metric-privacy__fedavg__clients-8__seed-43__nm0p026664__clip5__rounds-20__epochs-5__cifar_chunks__cifar10_cnn 
2026-08-05 18:56:31 DONE  cifar-full-out-replace__non-iid__metric-privacy__fedavg__clients-8__seed-43__nm0p026664__clip5__rounds-20__epochs-5__cifar_chunks__cifar10_cnn (261.7s)
2026-08-05 18:56:37 EVALUATED cifar-full-out-replace__non-iid__metric-privacy__fedavg__clients-8__seed-43__nm0p026664__clip5__rounds-20__epochs-5__cifar_chunks__cifar10_cnn round=1 (checkpoint deleted)
2026-08-05 18:56:42 EVALUATED cifar-full-out-replace__non-iid__metric-privacy__fedavg__clients-8__seed-43__nm0p026664__clip5__rounds-20__epochs-5__cifar_chunks__cifar10_cnn round=2 (checkpoint deleted)
2026-08-05 18:56:47 EVALUATED cifar-full-out-replace__non-iid__metric-privacy__fedavg__clients-8__seed-43__nm0p026664__clip5__rounds-20__epochs-5__cifar_chunks__cifar10_cnn round=3 (checkpoint deleted)
2026-08-05 18:56:52 EVALUATED cifar-full-out-replace__non-iid__metric-privacy__fedavg__clients-8__seed-43__nm0p026664__clip5__rounds-20__epochs-5__cifar_chunks__cifar10_cnn round=4 (checkpoint deleted)
2026-08-05 18:56:58 EVALUATED cifar-full-out-replace__non-iid__metric-privacy__fedavg__clients-8__seed-43__nm0p026664__clip5__rounds-20__epochs-5__cifar_chunks__cifar10_cnn round=5 (checkpoint deleted)
2026-08-05 18:57:03 EVALUATED cifar-full-out-replace__non-iid__metric-privacy__fedavg__clients-8__seed-43__nm0p026664__clip5__rounds-20__epochs-5__cifar_chunks__cifar10_cnn round=6 (checkpoint deleted)
2026-08-05 18:57:08 EVALUATED cifar-full-out-replace__non-iid__metric-privacy__fedavg__clients-8__seed-43__nm0p026664__clip5__rounds-20__epochs-5__cifar_chunks__cifar10_cnn round=7 (checkpoint deleted)
2026-08-05 18:57:14 EVALUATED cifar-full-out-replace__non-iid__metric-privacy__fedavg__clients-8__seed-43__nm0p026664__clip5__rounds-20__epochs-5__cifar_chunks__cifar10_cnn round=8 (checkpoint deleted)
2026-08-05 18:57:19 EVALUATED cifar-full-out-replace__non-iid__metric-privacy__fedavg__clients-8__seed-43__nm0p026664__clip5__rounds-20__epochs-5__cifar_chunks__cifar10_cnn round=9 (checkpoint deleted)
2026-08-05 18:57:24 EVALUATED cifar-full-out-replace__non-iid__metric-privacy__fedavg__clients-8__seed-43__nm0p026664__clip5__rounds-20__epochs-5__cifar_chunks__cifar10_cnn round=10 (checkpoint deleted)
2026-08-05 18:57:30 EVALUATED cifar-full-out-replace__non-iid__metric-privacy__fedavg__clients-8__seed-43__nm0p026664__clip5__rounds-20__epochs-5__cifar_chunks__cifar10_cnn round=11 (checkpoint deleted)
2026-08-05 18:57:35 EVALUATED cifar-full-out-replace__non-iid__metric-privacy__fedavg__clients-8__seed-43__nm0p026664__clip5__rounds-20__epochs-5__cifar_chunks__cifar10_cnn round=12 (checkpoint deleted)
2026-08-05 18:57:40 EVALUATED cifar-full-out-replace__non-iid__metric-privacy__fedavg__clients-8__seed-43__nm0p026664__clip5__rounds-20__epochs-5__cifar_chunks__cifar10_cnn round=13 (checkpoint deleted)
2026-08-05 18:57:46 EVALUATED cifar-full-out-replace__non-iid__metric-privacy__fedavg__clients-8__seed-43__nm0p026664__clip5__rounds-20__epochs-5__cifar_chunks__cifar10_cnn round=14 (checkpoint deleted)
2026-08-05 18:57:51 EVALUATED cifar-full-out-replace__non-iid__metric-privacy__fedavg__clients-8__seed-43__nm0p026664__clip5__rounds-20__epochs-5__cifar_chunks__cifar10_cnn round=15 (checkpoint deleted)
2026-08-05 18:57:56 EVALUATED cifar-full-out-replace__non-iid__metric-privacy__fedavg__clients-8__seed-43__nm0p026664__clip5__rounds-20__epochs-5__cifar_chunks__cifar10_cnn round=16 (checkpoint deleted)
2026-08-05 18:58:01 EVALUATED cifar-full-out-replace__non-iid__metric-privacy__fedavg__clients-8__seed-43__nm0p026664__clip5__rounds-20__epochs-5__cifar_chunks__cifar10_cnn round=17 (checkpoint deleted)
2026-08-05 18:58:07 EVALUATED cifar-full-out-replace__non-iid__metric-privacy__fedavg__clients-8__seed-43__nm0p026664__clip5__rounds-20__epochs-5__cifar_chunks__cifar10_cnn round=18 (checkpoint deleted)
2026-08-05 18:58:12 EVALUATED cifar-full-out-replace__non-iid__metric-privacy__fedavg__clients-8__seed-43__nm0p026664__clip5__rounds-20__epochs-5__cifar_chunks__cifar10_cnn round=19 (checkpoint deleted)
2026-08-05 18:58:17 EVALUATED cifar-full-out-replace__non-iid__metric-privacy__fedavg__clients-8__seed-43__nm0p026664__clip5__rounds-20__epochs-5__cifar_chunks__cifar10_cnn round=20 (checkpoint deleted)
2026-08-05 18:58:17 PROGRESS 2/2 (0 failed so far)
2026-08-05 18:58:17 Sweep finished: 2/2 attempted, 0 failed
