2026-08-05 14:27:01 Starting full chunk: 1 trajectories
2026-08-05 14:27:01 START cifar-full-out-replace__non-iid__vanilla__fedavg__clients-3__seed-44__nm0p01__clip5__rounds-20__epochs-5__cifar_chunks__cifar10_cnn 
2026-08-05 14:31:59 DONE  cifar-full-out-replace__non-iid__vanilla__fedavg__clients-3__seed-44__nm0p01__clip5__rounds-20__epochs-5__cifar_chunks__cifar10_cnn (298.7s)
2026-08-05 14:32:06 EVALUATED cifar-full-out-replace__non-iid__vanilla__fedavg__clients-3__seed-44__nm0p01__clip5__rounds-20__epochs-5__cifar_chunks__cifar10_cnn round=1 (checkpoint deleted)
2026-08-05 14:32:12 EVALUATED cifar-full-out-replace__non-iid__vanilla__fedavg__clients-3__seed-44__nm0p01__clip5__rounds-20__epochs-5__cifar_chunks__cifar10_cnn round=2 (checkpoint deleted)
2026-08-05 14:32:17 EVALUATED cifar-full-out-replace__non-iid__vanilla__fedavg__clients-3__seed-44__nm0p01__clip5__rounds-20__epochs-5__cifar_chunks__cifar10_cnn round=3 (checkpoint deleted)
2026-08-05 14:32:23 EVALUATED cifar-full-out-replace__non-iid__vanilla__fedavg__clients-3__seed-44__nm0p01__clip5__rounds-20__epochs-5__cifar_chunks__cifar10_cnn round=4 (checkpoint deleted)
2026-08-05 14:32:28 EVALUATED cifar-full-out-replace__non-iid__vanilla__fedavg__clients-3__seed-44__nm0p01__clip5__rounds-20__epochs-5__cifar_chunks__cifar10_cnn round=5 (checkpoint deleted)
2026-08-05 14:32:34 EVALUATED cifar-full-out-replace__non-iid__vanilla__fedavg__clients-3__seed-44__nm0p01__clip5__rounds-20__epochs-5__cifar_chunks__cifar10_cnn round=6 (checkpoint deleted)
2026-08-05 14:32:39 EVALUATED cifar-full-out-replace__non-iid__vanilla__fedavg__clients-3__seed-44__nm0p01__clip5__rounds-20__epochs-5__cifar_chunks__cifar10_cnn round=7 (checkpoint deleted)
2026-08-05 14:32:45 EVALUATED cifar-full-out-replace__non-iid__vanilla__fedavg__clients-3__seed-44__nm0p01__clip5__rounds-20__epochs-5__cifar_chunks__cifar10_cnn round=8 (checkpoint deleted)
2026-08-05 14:32:50 EVALUATED cifar-full-out-replace__non-iid__vanilla__fedavg__clients-3__seed-44__nm0p01__clip5__rounds-20__epochs-5__cifar_chunks__cifar10_cnn round=9 (checkpoint deleted)
2026-08-05 14:32:55 EVALUATED cifar-full-out-replace__non-iid__vanilla__fedavg__clients-3__seed-44__nm0p01__clip5__rounds-20__epochs-5__cifar_chunks__cifar10_cnn round=10 (checkpoint deleted)
2026-08-05 14:33:01 EVALUATED cifar-full-out-replace__non-iid__vanilla__fedavg__clients-3__seed-44__nm0p01__clip5__rounds-20__epochs-5__cifar_chunks__cifar10_cnn round=11 (checkpoint deleted)
2026-08-05 14:33:06 EVALUATED cifar-full-out-replace__non-iid__vanilla__fedavg__clients-3__seed-44__nm0p01__clip5__rounds-20__epochs-5__cifar_chunks__cifar10_cnn round=12 (checkpoint deleted)
2026-08-05 14:33:12 EVALUATED cifar-full-out-replace__non-iid__vanilla__fedavg__clients-3__seed-44__nm0p01__clip5__rounds-20__epochs-5__cifar_chunks__cifar10_cnn round=13 (checkpoint deleted)
2026-08-05 14:33:17 EVALUATED cifar-full-out-replace__non-iid__vanilla__fedavg__clients-3__seed-44__nm0p01__clip5__rounds-20__epochs-5__cifar_chunks__cifar10_cnn round=14 (checkpoint deleted)
2026-08-05 14:33:23 EVALUATED cifar-full-out-replace__non-iid__vanilla__fedavg__clients-3__seed-44__nm0p01__clip5__rounds-20__epochs-5__cifar_chunks__cifar10_cnn round=15 (checkpoint deleted)
2026-08-05 14:33:28 EVALUATED cifar-full-out-replace__non-iid__vanilla__fedavg__clients-3__seed-44__nm0p01__clip5__rounds-20__epochs-5__cifar_chunks__cifar10_cnn round=16 (checkpoint deleted)
2026-08-05 14:33:34 EVALUATED cifar-full-out-replace__non-iid__vanilla__fedavg__clients-3__seed-44__nm0p01__clip5__rounds-20__epochs-5__cifar_chunks__cifar10_cnn round=17 (checkpoint deleted)
2026-08-05 14:33:39 EVALUATED cifar-full-out-replace__non-iid__vanilla__fedavg__clients-3__seed-44__nm0p01__clip5__rounds-20__epochs-5__cifar_chunks__cifar10_cnn round=18 (checkpoint deleted)
2026-08-05 14:33:45 EVALUATED cifar-full-out-replace__non-iid__vanilla__fedavg__clients-3__seed-44__nm0p01__clip5__rounds-20__epochs-5__cifar_chunks__cifar10_cnn round=19 (checkpoint deleted)
2026-08-05 14:33:50 EVALUATED cifar-full-out-replace__non-iid__vanilla__fedavg__clients-3__seed-44__nm0p01__clip5__rounds-20__epochs-5__cifar_chunks__cifar10_cnn round=20 (checkpoint deleted)
2026-08-05 14:33:50 PROGRESS 1/1 (0 failed so far)
2026-08-05 14:33:50 Sweep finished: 1/1 attempted, 0 failed
