2026-08-20 11:03:36 CIFAR-10 removal CIA chunk (global-dp, clients=8, alpha=1.5, noise_ratio=0.004): 2 trajectories
2026-08-20 11:03:36 START cifar10-in-remove__dirichlet__alpha-1p5__global-dp__fedavg__clients-8__seed-42__nm0p032__clip5__rounds-20__epochs-5__cifar10_dirichlet__cifar10_cnn 
2026-08-20 11:14:16 DONE  cifar10-in-remove__dirichlet__alpha-1p5__global-dp__fedavg__clients-8__seed-42__nm0p032__clip5__rounds-20__epochs-5__cifar10_dirichlet__cifar10_cnn (639.6s)
2026-08-20 11:14:25 EVALUATED cifar10-in-remove__dirichlet__alpha-1p5__global-dp__fedavg__clients-8__seed-42__nm0p032__clip5__rounds-20__epochs-5__cifar10_dirichlet__cifar10_cnn round=1 (checkpoint deleted)
2026-08-20 11:14:34 EVALUATED cifar10-in-remove__dirichlet__alpha-1p5__global-dp__fedavg__clients-8__seed-42__nm0p032__clip5__rounds-20__epochs-5__cifar10_dirichlet__cifar10_cnn round=2 (checkpoint deleted)
2026-08-20 11:14:42 EVALUATED cifar10-in-remove__dirichlet__alpha-1p5__global-dp__fedavg__clients-8__seed-42__nm0p032__clip5__rounds-20__epochs-5__cifar10_dirichlet__cifar10_cnn round=3 (checkpoint deleted)
2026-08-20 11:14:51 EVALUATED cifar10-in-remove__dirichlet__alpha-1p5__global-dp__fedavg__clients-8__seed-42__nm0p032__clip5__rounds-20__epochs-5__cifar10_dirichlet__cifar10_cnn round=4 (checkpoint deleted)
2026-08-20 11:14:59 EVALUATED cifar10-in-remove__dirichlet__alpha-1p5__global-dp__fedavg__clients-8__seed-42__nm0p032__clip5__rounds-20__epochs-5__cifar10_dirichlet__cifar10_cnn round=5 (checkpoint deleted)
2026-08-20 11:15:08 EVALUATED cifar10-in-remove__dirichlet__alpha-1p5__global-dp__fedavg__clients-8__seed-42__nm0p032__clip5__rounds-20__epochs-5__cifar10_dirichlet__cifar10_cnn round=6 (checkpoint deleted)
2026-08-20 11:15:16 EVALUATED cifar10-in-remove__dirichlet__alpha-1p5__global-dp__fedavg__clients-8__seed-42__nm0p032__clip5__rounds-20__epochs-5__cifar10_dirichlet__cifar10_cnn round=7 (checkpoint deleted)
2026-08-20 11:15:24 EVALUATED cifar10-in-remove__dirichlet__alpha-1p5__global-dp__fedavg__clients-8__seed-42__nm0p032__clip5__rounds-20__epochs-5__cifar10_dirichlet__cifar10_cnn round=8 (checkpoint deleted)
2026-08-20 11:15:33 EVALUATED cifar10-in-remove__dirichlet__alpha-1p5__global-dp__fedavg__clients-8__seed-42__nm0p032__clip5__rounds-20__epochs-5__cifar10_dirichlet__cifar10_cnn round=9 (checkpoint deleted)
2026-08-20 11:15:41 EVALUATED cifar10-in-remove__dirichlet__alpha-1p5__global-dp__fedavg__clients-8__seed-42__nm0p032__clip5__rounds-20__epochs-5__cifar10_dirichlet__cifar10_cnn round=10 (checkpoint deleted)
2026-08-20 11:15:50 EVALUATED cifar10-in-remove__dirichlet__alpha-1p5__global-dp__fedavg__clients-8__seed-42__nm0p032__clip5__rounds-20__epochs-5__cifar10_dirichlet__cifar10_cnn round=11 (checkpoint deleted)
2026-08-20 11:15:58 EVALUATED cifar10-in-remove__dirichlet__alpha-1p5__global-dp__fedavg__clients-8__seed-42__nm0p032__clip5__rounds-20__epochs-5__cifar10_dirichlet__cifar10_cnn round=12 (checkpoint deleted)
2026-08-20 11:16:07 EVALUATED cifar10-in-remove__dirichlet__alpha-1p5__global-dp__fedavg__clients-8__seed-42__nm0p032__clip5__rounds-20__epochs-5__cifar10_dirichlet__cifar10_cnn round=13 (checkpoint deleted)
2026-08-20 11:16:15 EVALUATED cifar10-in-remove__dirichlet__alpha-1p5__global-dp__fedavg__clients-8__seed-42__nm0p032__clip5__rounds-20__epochs-5__cifar10_dirichlet__cifar10_cnn round=14 (checkpoint deleted)
2026-08-20 11:16:24 EVALUATED cifar10-in-remove__dirichlet__alpha-1p5__global-dp__fedavg__clients-8__seed-42__nm0p032__clip5__rounds-20__epochs-5__cifar10_dirichlet__cifar10_cnn round=15 (checkpoint deleted)
2026-08-20 11:16:32 EVALUATED cifar10-in-remove__dirichlet__alpha-1p5__global-dp__fedavg__clients-8__seed-42__nm0p032__clip5__rounds-20__epochs-5__cifar10_dirichlet__cifar10_cnn round=16 (checkpoint deleted)
2026-08-20 11:16:40 EVALUATED cifar10-in-remove__dirichlet__alpha-1p5__global-dp__fedavg__clients-8__seed-42__nm0p032__clip5__rounds-20__epochs-5__cifar10_dirichlet__cifar10_cnn round=17 (checkpoint deleted)
2026-08-20 11:16:49 EVALUATED cifar10-in-remove__dirichlet__alpha-1p5__global-dp__fedavg__clients-8__seed-42__nm0p032__clip5__rounds-20__epochs-5__cifar10_dirichlet__cifar10_cnn round=18 (checkpoint deleted)
2026-08-20 11:16:57 EVALUATED cifar10-in-remove__dirichlet__alpha-1p5__global-dp__fedavg__clients-8__seed-42__nm0p032__clip5__rounds-20__epochs-5__cifar10_dirichlet__cifar10_cnn round=19 (checkpoint deleted)
2026-08-20 11:17:06 EVALUATED cifar10-in-remove__dirichlet__alpha-1p5__global-dp__fedavg__clients-8__seed-42__nm0p032__clip5__rounds-20__epochs-5__cifar10_dirichlet__cifar10_cnn round=20 (checkpoint deleted)
2026-08-20 11:17:06 PROGRESS 1/2 (0 failed so far)
2026-08-20 11:17:06 START cifar10-out-remove__dirichlet__alpha-1p5__global-dp__fedavg__clients-7__seed-42__nm0p028__clip5__rounds-20__epochs-5__cifar10_dirichlet__cifar10_cnn 
2026-08-20 11:27:14 DONE  cifar10-out-remove__dirichlet__alpha-1p5__global-dp__fedavg__clients-7__seed-42__nm0p028__clip5__rounds-20__epochs-5__cifar10_dirichlet__cifar10_cnn (608.1s)
2026-08-20 11:27:23 EVALUATED cifar10-out-remove__dirichlet__alpha-1p5__global-dp__fedavg__clients-7__seed-42__nm0p028__clip5__rounds-20__epochs-5__cifar10_dirichlet__cifar10_cnn round=1 (checkpoint deleted)
2026-08-20 11:27:31 EVALUATED cifar10-out-remove__dirichlet__alpha-1p5__global-dp__fedavg__clients-7__seed-42__nm0p028__clip5__rounds-20__epochs-5__cifar10_dirichlet__cifar10_cnn round=2 (checkpoint deleted)
2026-08-20 11:27:40 EVALUATED cifar10-out-remove__dirichlet__alpha-1p5__global-dp__fedavg__clients-7__seed-42__nm0p028__clip5__rounds-20__epochs-5__cifar10_dirichlet__cifar10_cnn round=3 (checkpoint deleted)
2026-08-20 11:27:48 EVALUATED cifar10-out-remove__dirichlet__alpha-1p5__global-dp__fedavg__clients-7__seed-42__nm0p028__clip5__rounds-20__epochs-5__cifar10_dirichlet__cifar10_cnn round=4 (checkpoint deleted)
2026-08-20 11:27:57 EVALUATED cifar10-out-remove__dirichlet__alpha-1p5__global-dp__fedavg__clients-7__seed-42__nm0p028__clip5__rounds-20__epochs-5__cifar10_dirichlet__cifar10_cnn round=5 (checkpoint deleted)
2026-08-20 11:28:05 EVALUATED cifar10-out-remove__dirichlet__alpha-1p5__global-dp__fedavg__clients-7__seed-42__nm0p028__clip5__rounds-20__epochs-5__cifar10_dirichlet__cifar10_cnn round=6 (checkpoint deleted)
2026-08-20 11:28:14 EVALUATED cifar10-out-remove__dirichlet__alpha-1p5__global-dp__fedavg__clients-7__seed-42__nm0p028__clip5__rounds-20__epochs-5__cifar10_dirichlet__cifar10_cnn round=7 (checkpoint deleted)
2026-08-20 11:28:22 EVALUATED cifar10-out-remove__dirichlet__alpha-1p5__global-dp__fedavg__clients-7__seed-42__nm0p028__clip5__rounds-20__epochs-5__cifar10_dirichlet__cifar10_cnn round=8 (checkpoint deleted)
2026-08-20 11:28:31 EVALUATED cifar10-out-remove__dirichlet__alpha-1p5__global-dp__fedavg__clients-7__seed-42__nm0p028__clip5__rounds-20__epochs-5__cifar10_dirichlet__cifar10_cnn round=9 (checkpoint deleted)
2026-08-20 11:28:39 EVALUATED cifar10-out-remove__dirichlet__alpha-1p5__global-dp__fedavg__clients-7__seed-42__nm0p028__clip5__rounds-20__epochs-5__cifar10_dirichlet__cifar10_cnn round=10 (checkpoint deleted)
2026-08-20 11:28:47 EVALUATED cifar10-out-remove__dirichlet__alpha-1p5__global-dp__fedavg__clients-7__seed-42__nm0p028__clip5__rounds-20__epochs-5__cifar10_dirichlet__cifar10_cnn round=11 (checkpoint deleted)
2026-08-20 11:28:56 EVALUATED cifar10-out-remove__dirichlet__alpha-1p5__global-dp__fedavg__clients-7__seed-42__nm0p028__clip5__rounds-20__epochs-5__cifar10_dirichlet__cifar10_cnn round=12 (checkpoint deleted)
2026-08-20 11:29:04 EVALUATED cifar10-out-remove__dirichlet__alpha-1p5__global-dp__fedavg__clients-7__seed-42__nm0p028__clip5__rounds-20__epochs-5__cifar10_dirichlet__cifar10_cnn round=13 (checkpoint deleted)
2026-08-20 11:29:13 EVALUATED cifar10-out-remove__dirichlet__alpha-1p5__global-dp__fedavg__clients-7__seed-42__nm0p028__clip5__rounds-20__epochs-5__cifar10_dirichlet__cifar10_cnn round=14 (checkpoint deleted)
2026-08-20 11:29:21 EVALUATED cifar10-out-remove__dirichlet__alpha-1p5__global-dp__fedavg__clients-7__seed-42__nm0p028__clip5__rounds-20__epochs-5__cifar10_dirichlet__cifar10_cnn round=15 (checkpoint deleted)
2026-08-20 11:29:30 EVALUATED cifar10-out-remove__dirichlet__alpha-1p5__global-dp__fedavg__clients-7__seed-42__nm0p028__clip5__rounds-20__epochs-5__cifar10_dirichlet__cifar10_cnn round=16 (checkpoint deleted)
2026-08-20 11:29:38 EVALUATED cifar10-out-remove__dirichlet__alpha-1p5__global-dp__fedavg__clients-7__seed-42__nm0p028__clip5__rounds-20__epochs-5__cifar10_dirichlet__cifar10_cnn round=17 (checkpoint deleted)
2026-08-20 11:29:47 EVALUATED cifar10-out-remove__dirichlet__alpha-1p5__global-dp__fedavg__clients-7__seed-42__nm0p028__clip5__rounds-20__epochs-5__cifar10_dirichlet__cifar10_cnn round=18 (checkpoint deleted)
2026-08-20 11:29:55 EVALUATED cifar10-out-remove__dirichlet__alpha-1p5__global-dp__fedavg__clients-7__seed-42__nm0p028__clip5__rounds-20__epochs-5__cifar10_dirichlet__cifar10_cnn round=19 (checkpoint deleted)
2026-08-20 11:30:04 EVALUATED cifar10-out-remove__dirichlet__alpha-1p5__global-dp__fedavg__clients-7__seed-42__nm0p028__clip5__rounds-20__epochs-5__cifar10_dirichlet__cifar10_cnn round=20 (checkpoint deleted)
2026-08-20 11:30:04 PROGRESS 2/2 (0 failed so far)
2026-08-20 11:30:04 Sweep finished: 2/2 attempted, 0 failed
