2026-08-20 09:45:23 CIFAR-10 removal CIA chunk (metric-privacy, clients=8, alpha=1.5, noise_ratio=0.0025): 2 trajectories
2026-08-20 09:45:23 START cifar10-in-remove__dirichlet__alpha-1p5__metric-privacy__fedavg__clients-8__seed-42__nm0p02__clip5__rounds-20__epochs-5__cifar10_dirichlet__cifar10_cnn 
2026-08-20 09:55:32 DONE  cifar10-in-remove__dirichlet__alpha-1p5__metric-privacy__fedavg__clients-8__seed-42__nm0p02__clip5__rounds-20__epochs-5__cifar10_dirichlet__cifar10_cnn (609.8s)
2026-08-20 09:55:44 EVALUATED cifar10-in-remove__dirichlet__alpha-1p5__metric-privacy__fedavg__clients-8__seed-42__nm0p02__clip5__rounds-20__epochs-5__cifar10_dirichlet__cifar10_cnn round=1 (checkpoint deleted)
2026-08-20 09:55:52 EVALUATED cifar10-in-remove__dirichlet__alpha-1p5__metric-privacy__fedavg__clients-8__seed-42__nm0p02__clip5__rounds-20__epochs-5__cifar10_dirichlet__cifar10_cnn round=2 (checkpoint deleted)
2026-08-20 09:56:00 EVALUATED cifar10-in-remove__dirichlet__alpha-1p5__metric-privacy__fedavg__clients-8__seed-42__nm0p02__clip5__rounds-20__epochs-5__cifar10_dirichlet__cifar10_cnn round=3 (checkpoint deleted)
2026-08-20 09:56:08 EVALUATED cifar10-in-remove__dirichlet__alpha-1p5__metric-privacy__fedavg__clients-8__seed-42__nm0p02__clip5__rounds-20__epochs-5__cifar10_dirichlet__cifar10_cnn round=4 (checkpoint deleted)
2026-08-20 09:56:16 EVALUATED cifar10-in-remove__dirichlet__alpha-1p5__metric-privacy__fedavg__clients-8__seed-42__nm0p02__clip5__rounds-20__epochs-5__cifar10_dirichlet__cifar10_cnn round=5 (checkpoint deleted)
2026-08-20 09:56:24 EVALUATED cifar10-in-remove__dirichlet__alpha-1p5__metric-privacy__fedavg__clients-8__seed-42__nm0p02__clip5__rounds-20__epochs-5__cifar10_dirichlet__cifar10_cnn round=6 (checkpoint deleted)
2026-08-20 09:56:33 EVALUATED cifar10-in-remove__dirichlet__alpha-1p5__metric-privacy__fedavg__clients-8__seed-42__nm0p02__clip5__rounds-20__epochs-5__cifar10_dirichlet__cifar10_cnn round=7 (checkpoint deleted)
2026-08-20 09:56:41 EVALUATED cifar10-in-remove__dirichlet__alpha-1p5__metric-privacy__fedavg__clients-8__seed-42__nm0p02__clip5__rounds-20__epochs-5__cifar10_dirichlet__cifar10_cnn round=8 (checkpoint deleted)
2026-08-20 09:56:49 EVALUATED cifar10-in-remove__dirichlet__alpha-1p5__metric-privacy__fedavg__clients-8__seed-42__nm0p02__clip5__rounds-20__epochs-5__cifar10_dirichlet__cifar10_cnn round=9 (checkpoint deleted)
2026-08-20 09:56:57 EVALUATED cifar10-in-remove__dirichlet__alpha-1p5__metric-privacy__fedavg__clients-8__seed-42__nm0p02__clip5__rounds-20__epochs-5__cifar10_dirichlet__cifar10_cnn round=10 (checkpoint deleted)
2026-08-20 09:57:05 EVALUATED cifar10-in-remove__dirichlet__alpha-1p5__metric-privacy__fedavg__clients-8__seed-42__nm0p02__clip5__rounds-20__epochs-5__cifar10_dirichlet__cifar10_cnn round=11 (checkpoint deleted)
2026-08-20 09:57:13 EVALUATED cifar10-in-remove__dirichlet__alpha-1p5__metric-privacy__fedavg__clients-8__seed-42__nm0p02__clip5__rounds-20__epochs-5__cifar10_dirichlet__cifar10_cnn round=12 (checkpoint deleted)
2026-08-20 09:57:21 EVALUATED cifar10-in-remove__dirichlet__alpha-1p5__metric-privacy__fedavg__clients-8__seed-42__nm0p02__clip5__rounds-20__epochs-5__cifar10_dirichlet__cifar10_cnn round=13 (checkpoint deleted)
2026-08-20 09:57:29 EVALUATED cifar10-in-remove__dirichlet__alpha-1p5__metric-privacy__fedavg__clients-8__seed-42__nm0p02__clip5__rounds-20__epochs-5__cifar10_dirichlet__cifar10_cnn round=14 (checkpoint deleted)
2026-08-20 09:57:37 EVALUATED cifar10-in-remove__dirichlet__alpha-1p5__metric-privacy__fedavg__clients-8__seed-42__nm0p02__clip5__rounds-20__epochs-5__cifar10_dirichlet__cifar10_cnn round=15 (checkpoint deleted)
2026-08-20 09:57:45 EVALUATED cifar10-in-remove__dirichlet__alpha-1p5__metric-privacy__fedavg__clients-8__seed-42__nm0p02__clip5__rounds-20__epochs-5__cifar10_dirichlet__cifar10_cnn round=16 (checkpoint deleted)
2026-08-20 09:57:53 EVALUATED cifar10-in-remove__dirichlet__alpha-1p5__metric-privacy__fedavg__clients-8__seed-42__nm0p02__clip5__rounds-20__epochs-5__cifar10_dirichlet__cifar10_cnn round=17 (checkpoint deleted)
2026-08-20 09:58:02 EVALUATED cifar10-in-remove__dirichlet__alpha-1p5__metric-privacy__fedavg__clients-8__seed-42__nm0p02__clip5__rounds-20__epochs-5__cifar10_dirichlet__cifar10_cnn round=18 (checkpoint deleted)
2026-08-20 09:58:10 EVALUATED cifar10-in-remove__dirichlet__alpha-1p5__metric-privacy__fedavg__clients-8__seed-42__nm0p02__clip5__rounds-20__epochs-5__cifar10_dirichlet__cifar10_cnn round=19 (checkpoint deleted)
2026-08-20 09:58:18 EVALUATED cifar10-in-remove__dirichlet__alpha-1p5__metric-privacy__fedavg__clients-8__seed-42__nm0p02__clip5__rounds-20__epochs-5__cifar10_dirichlet__cifar10_cnn round=20 (checkpoint deleted)
2026-08-20 09:58:18 PROGRESS 1/2 (0 failed so far)
2026-08-20 09:58:18 START cifar10-out-remove__dirichlet__alpha-1p5__metric-privacy__fedavg__clients-7__seed-42__nm0p0175__clip5__rounds-20__epochs-5__cifar10_dirichlet__cifar10_cnn 
2026-08-20 10:08:05 DONE  cifar10-out-remove__dirichlet__alpha-1p5__metric-privacy__fedavg__clients-7__seed-42__nm0p0175__clip5__rounds-20__epochs-5__cifar10_dirichlet__cifar10_cnn (586.8s)
2026-08-20 10:08:13 EVALUATED cifar10-out-remove__dirichlet__alpha-1p5__metric-privacy__fedavg__clients-7__seed-42__nm0p0175__clip5__rounds-20__epochs-5__cifar10_dirichlet__cifar10_cnn round=1 (checkpoint deleted)
2026-08-20 10:08:21 EVALUATED cifar10-out-remove__dirichlet__alpha-1p5__metric-privacy__fedavg__clients-7__seed-42__nm0p0175__clip5__rounds-20__epochs-5__cifar10_dirichlet__cifar10_cnn round=2 (checkpoint deleted)
2026-08-20 10:08:29 EVALUATED cifar10-out-remove__dirichlet__alpha-1p5__metric-privacy__fedavg__clients-7__seed-42__nm0p0175__clip5__rounds-20__epochs-5__cifar10_dirichlet__cifar10_cnn round=3 (checkpoint deleted)
2026-08-20 10:08:37 EVALUATED cifar10-out-remove__dirichlet__alpha-1p5__metric-privacy__fedavg__clients-7__seed-42__nm0p0175__clip5__rounds-20__epochs-5__cifar10_dirichlet__cifar10_cnn round=4 (checkpoint deleted)
2026-08-20 10:08:46 EVALUATED cifar10-out-remove__dirichlet__alpha-1p5__metric-privacy__fedavg__clients-7__seed-42__nm0p0175__clip5__rounds-20__epochs-5__cifar10_dirichlet__cifar10_cnn round=5 (checkpoint deleted)
2026-08-20 10:08:54 EVALUATED cifar10-out-remove__dirichlet__alpha-1p5__metric-privacy__fedavg__clients-7__seed-42__nm0p0175__clip5__rounds-20__epochs-5__cifar10_dirichlet__cifar10_cnn round=6 (checkpoint deleted)
2026-08-20 10:09:02 EVALUATED cifar10-out-remove__dirichlet__alpha-1p5__metric-privacy__fedavg__clients-7__seed-42__nm0p0175__clip5__rounds-20__epochs-5__cifar10_dirichlet__cifar10_cnn round=7 (checkpoint deleted)
2026-08-20 10:09:10 EVALUATED cifar10-out-remove__dirichlet__alpha-1p5__metric-privacy__fedavg__clients-7__seed-42__nm0p0175__clip5__rounds-20__epochs-5__cifar10_dirichlet__cifar10_cnn round=8 (checkpoint deleted)
2026-08-20 10:09:18 EVALUATED cifar10-out-remove__dirichlet__alpha-1p5__metric-privacy__fedavg__clients-7__seed-42__nm0p0175__clip5__rounds-20__epochs-5__cifar10_dirichlet__cifar10_cnn round=9 (checkpoint deleted)
2026-08-20 10:09:26 EVALUATED cifar10-out-remove__dirichlet__alpha-1p5__metric-privacy__fedavg__clients-7__seed-42__nm0p0175__clip5__rounds-20__epochs-5__cifar10_dirichlet__cifar10_cnn round=10 (checkpoint deleted)
2026-08-20 10:09:34 EVALUATED cifar10-out-remove__dirichlet__alpha-1p5__metric-privacy__fedavg__clients-7__seed-42__nm0p0175__clip5__rounds-20__epochs-5__cifar10_dirichlet__cifar10_cnn round=11 (checkpoint deleted)
2026-08-20 10:09:42 EVALUATED cifar10-out-remove__dirichlet__alpha-1p5__metric-privacy__fedavg__clients-7__seed-42__nm0p0175__clip5__rounds-20__epochs-5__cifar10_dirichlet__cifar10_cnn round=12 (checkpoint deleted)
2026-08-20 10:09:50 EVALUATED cifar10-out-remove__dirichlet__alpha-1p5__metric-privacy__fedavg__clients-7__seed-42__nm0p0175__clip5__rounds-20__epochs-5__cifar10_dirichlet__cifar10_cnn round=13 (checkpoint deleted)
2026-08-20 10:09:58 EVALUATED cifar10-out-remove__dirichlet__alpha-1p5__metric-privacy__fedavg__clients-7__seed-42__nm0p0175__clip5__rounds-20__epochs-5__cifar10_dirichlet__cifar10_cnn round=14 (checkpoint deleted)
2026-08-20 10:10:07 EVALUATED cifar10-out-remove__dirichlet__alpha-1p5__metric-privacy__fedavg__clients-7__seed-42__nm0p0175__clip5__rounds-20__epochs-5__cifar10_dirichlet__cifar10_cnn round=15 (checkpoint deleted)
2026-08-20 10:10:15 EVALUATED cifar10-out-remove__dirichlet__alpha-1p5__metric-privacy__fedavg__clients-7__seed-42__nm0p0175__clip5__rounds-20__epochs-5__cifar10_dirichlet__cifar10_cnn round=16 (checkpoint deleted)
2026-08-20 10:10:23 EVALUATED cifar10-out-remove__dirichlet__alpha-1p5__metric-privacy__fedavg__clients-7__seed-42__nm0p0175__clip5__rounds-20__epochs-5__cifar10_dirichlet__cifar10_cnn round=17 (checkpoint deleted)
2026-08-20 10:10:31 EVALUATED cifar10-out-remove__dirichlet__alpha-1p5__metric-privacy__fedavg__clients-7__seed-42__nm0p0175__clip5__rounds-20__epochs-5__cifar10_dirichlet__cifar10_cnn round=18 (checkpoint deleted)
2026-08-20 10:10:39 EVALUATED cifar10-out-remove__dirichlet__alpha-1p5__metric-privacy__fedavg__clients-7__seed-42__nm0p0175__clip5__rounds-20__epochs-5__cifar10_dirichlet__cifar10_cnn round=19 (checkpoint deleted)
2026-08-20 10:10:48 EVALUATED cifar10-out-remove__dirichlet__alpha-1p5__metric-privacy__fedavg__clients-7__seed-42__nm0p0175__clip5__rounds-20__epochs-5__cifar10_dirichlet__cifar10_cnn round=20 (checkpoint deleted)
2026-08-20 10:10:48 PROGRESS 2/2 (0 failed so far)
2026-08-20 10:10:48 Sweep finished: 2/2 attempted, 0 failed
