2026-08-20 17:08:20 Alzheimer stage (metric-privacy, non-iid, seed=42, noise_ratio=7.783466863014625e-05): 2 trajectories
2026-08-20 17:08:20 START alzheimer-in-remove__non-iid__metric-privacy__fedavg__clients-48__seed-42__nm0p00373606__clip5__rounds-100__epochs-5__alzheimer_remove__paper_cnn 
2026-08-20 17:35:14 DONE  alzheimer-in-remove__non-iid__metric-privacy__fedavg__clients-48__seed-42__nm0p00373606__clip5__rounds-100__epochs-5__alzheimer_remove__paper_cnn (1614.3s)
2026-08-20 17:35:17 EVALUATED alzheimer-in-remove__non-iid__metric-privacy__fedavg__clients-48__seed-42__nm0p00373606__clip5__rounds-100__epochs-5__alzheimer_remove__paper_cnn round=1 (checkpoint deleted)
2026-08-20 17:35:18 EVALUATED alzheimer-in-remove__non-iid__metric-privacy__fedavg__clients-48__seed-42__nm0p00373606__clip5__rounds-100__epochs-5__alzheimer_remove__paper_cnn round=10 (checkpoint deleted)
2026-08-20 17:35:18 EVALUATED alzheimer-in-remove__non-iid__metric-privacy__fedavg__clients-48__seed-42__nm0p00373606__clip5__rounds-100__epochs-5__alzheimer_remove__paper_cnn round=20 (checkpoint deleted)
2026-08-20 17:35:19 EVALUATED alzheimer-in-remove__non-iid__metric-privacy__fedavg__clients-48__seed-42__nm0p00373606__clip5__rounds-100__epochs-5__alzheimer_remove__paper_cnn round=30 (checkpoint deleted)
2026-08-20 17:35:19 EVALUATED alzheimer-in-remove__non-iid__metric-privacy__fedavg__clients-48__seed-42__nm0p00373606__clip5__rounds-100__epochs-5__alzheimer_remove__paper_cnn round=40 (checkpoint deleted)
2026-08-20 17:35:20 EVALUATED alzheimer-in-remove__non-iid__metric-privacy__fedavg__clients-48__seed-42__nm0p00373606__clip5__rounds-100__epochs-5__alzheimer_remove__paper_cnn round=50 (checkpoint deleted)
2026-08-20 17:35:21 EVALUATED alzheimer-in-remove__non-iid__metric-privacy__fedavg__clients-48__seed-42__nm0p00373606__clip5__rounds-100__epochs-5__alzheimer_remove__paper_cnn round=60 (checkpoint deleted)
2026-08-20 17:35:21 EVALUATED alzheimer-in-remove__non-iid__metric-privacy__fedavg__clients-48__seed-42__nm0p00373606__clip5__rounds-100__epochs-5__alzheimer_remove__paper_cnn round=70 (checkpoint deleted)
2026-08-20 17:35:22 EVALUATED alzheimer-in-remove__non-iid__metric-privacy__fedavg__clients-48__seed-42__nm0p00373606__clip5__rounds-100__epochs-5__alzheimer_remove__paper_cnn round=80 (checkpoint deleted)
2026-08-20 17:35:22 EVALUATED alzheimer-in-remove__non-iid__metric-privacy__fedavg__clients-48__seed-42__nm0p00373606__clip5__rounds-100__epochs-5__alzheimer_remove__paper_cnn round=90 (checkpoint deleted)
2026-08-20 17:35:23 EVALUATED alzheimer-in-remove__non-iid__metric-privacy__fedavg__clients-48__seed-42__nm0p00373606__clip5__rounds-100__epochs-5__alzheimer_remove__paper_cnn round=100 (checkpoint deleted)
2026-08-20 17:35:23 PROGRESS 1/2 (0 failed so far)
2026-08-20 17:35:23 START alzheimer-out-remove__non-iid__metric-privacy__fedavg__clients-47__seed-42__nm0p00365823__clip5__rounds-100__epochs-5__alzheimer_remove__paper_cnn 
2026-08-20 18:01:11 DONE  alzheimer-out-remove__non-iid__metric-privacy__fedavg__clients-47__seed-42__nm0p00365823__clip5__rounds-100__epochs-5__alzheimer_remove__paper_cnn (1548.3s)
2026-08-20 18:01:11 EVALUATED alzheimer-out-remove__non-iid__metric-privacy__fedavg__clients-47__seed-42__nm0p00365823__clip5__rounds-100__epochs-5__alzheimer_remove__paper_cnn round=1 (checkpoint deleted)
2026-08-20 18:01:12 EVALUATED alzheimer-out-remove__non-iid__metric-privacy__fedavg__clients-47__seed-42__nm0p00365823__clip5__rounds-100__epochs-5__alzheimer_remove__paper_cnn round=10 (checkpoint deleted)
2026-08-20 18:01:12 EVALUATED alzheimer-out-remove__non-iid__metric-privacy__fedavg__clients-47__seed-42__nm0p00365823__clip5__rounds-100__epochs-5__alzheimer_remove__paper_cnn round=20 (checkpoint deleted)
2026-08-20 18:01:13 EVALUATED alzheimer-out-remove__non-iid__metric-privacy__fedavg__clients-47__seed-42__nm0p00365823__clip5__rounds-100__epochs-5__alzheimer_remove__paper_cnn round=30 (checkpoint deleted)
2026-08-20 18:01:13 EVALUATED alzheimer-out-remove__non-iid__metric-privacy__fedavg__clients-47__seed-42__nm0p00365823__clip5__rounds-100__epochs-5__alzheimer_remove__paper_cnn round=40 (checkpoint deleted)
2026-08-20 18:01:14 EVALUATED alzheimer-out-remove__non-iid__metric-privacy__fedavg__clients-47__seed-42__nm0p00365823__clip5__rounds-100__epochs-5__alzheimer_remove__paper_cnn round=50 (checkpoint deleted)
2026-08-20 18:01:14 EVALUATED alzheimer-out-remove__non-iid__metric-privacy__fedavg__clients-47__seed-42__nm0p00365823__clip5__rounds-100__epochs-5__alzheimer_remove__paper_cnn round=60 (checkpoint deleted)
2026-08-20 18:01:15 EVALUATED alzheimer-out-remove__non-iid__metric-privacy__fedavg__clients-47__seed-42__nm0p00365823__clip5__rounds-100__epochs-5__alzheimer_remove__paper_cnn round=70 (checkpoint deleted)
2026-08-20 18:01:15 EVALUATED alzheimer-out-remove__non-iid__metric-privacy__fedavg__clients-47__seed-42__nm0p00365823__clip5__rounds-100__epochs-5__alzheimer_remove__paper_cnn round=80 (checkpoint deleted)
2026-08-20 18:01:16 EVALUATED alzheimer-out-remove__non-iid__metric-privacy__fedavg__clients-47__seed-42__nm0p00365823__clip5__rounds-100__epochs-5__alzheimer_remove__paper_cnn round=90 (checkpoint deleted)
2026-08-20 18:01:16 EVALUATED alzheimer-out-remove__non-iid__metric-privacy__fedavg__clients-47__seed-42__nm0p00365823__clip5__rounds-100__epochs-5__alzheimer_remove__paper_cnn round=100 (checkpoint deleted)
2026-08-20 18:01:16 PROGRESS 2/2 (0 failed so far)
2026-08-20 18:01:16 Sweep finished: 2/2 attempted, 0 failed
2026-08-20 18:01:17 Alzheimer stage (metric-privacy, non-iid, seed=42, noise_ratio=7.783466863014625e-05): 2 trajectories
2026-08-20 18:01:17 SKIP  2 combinations (attack results already exist)
2026-08-20 18:01:17 Sweep finished: 2/2 attempted, 0 failed
