2026-08-20 10:57:48 Alzheimer stage (vanilla, non-iid, seed=42, noise_ratio=None): 2 trajectories
2026-08-20 10:57:48 START alzheimer-in-remove__non-iid__vanilla__fedavg__clients-48__seed-42__nm0p00373606__clip5__rounds-100__epochs-5__alzheimer_remove__paper_cnn 
2026-08-20 11:07:41 DONE  alzheimer-in-remove__non-iid__vanilla__fedavg__clients-48__seed-42__nm0p00373606__clip5__rounds-100__epochs-5__alzheimer_remove__paper_cnn (592.9s)
2026-08-20 11:07:44 EVALUATED alzheimer-in-remove__non-iid__vanilla__fedavg__clients-48__seed-42__nm0p00373606__clip5__rounds-100__epochs-5__alzheimer_remove__paper_cnn round=1 (checkpoint deleted)
2026-08-20 11:07:44 EVALUATED alzheimer-in-remove__non-iid__vanilla__fedavg__clients-48__seed-42__nm0p00373606__clip5__rounds-100__epochs-5__alzheimer_remove__paper_cnn round=10 (checkpoint deleted)
2026-08-20 11:07:45 EVALUATED alzheimer-in-remove__non-iid__vanilla__fedavg__clients-48__seed-42__nm0p00373606__clip5__rounds-100__epochs-5__alzheimer_remove__paper_cnn round=20 (checkpoint deleted)
2026-08-20 11:07:45 EVALUATED alzheimer-in-remove__non-iid__vanilla__fedavg__clients-48__seed-42__nm0p00373606__clip5__rounds-100__epochs-5__alzheimer_remove__paper_cnn round=30 (checkpoint deleted)
2026-08-20 11:07:46 EVALUATED alzheimer-in-remove__non-iid__vanilla__fedavg__clients-48__seed-42__nm0p00373606__clip5__rounds-100__epochs-5__alzheimer_remove__paper_cnn round=40 (checkpoint deleted)
2026-08-20 11:07:46 EVALUATED alzheimer-in-remove__non-iid__vanilla__fedavg__clients-48__seed-42__nm0p00373606__clip5__rounds-100__epochs-5__alzheimer_remove__paper_cnn round=50 (checkpoint deleted)
2026-08-20 11:07:47 EVALUATED alzheimer-in-remove__non-iid__vanilla__fedavg__clients-48__seed-42__nm0p00373606__clip5__rounds-100__epochs-5__alzheimer_remove__paper_cnn round=60 (checkpoint deleted)
2026-08-20 11:07:47 EVALUATED alzheimer-in-remove__non-iid__vanilla__fedavg__clients-48__seed-42__nm0p00373606__clip5__rounds-100__epochs-5__alzheimer_remove__paper_cnn round=70 (checkpoint deleted)
2026-08-20 11:07:48 EVALUATED alzheimer-in-remove__non-iid__vanilla__fedavg__clients-48__seed-42__nm0p00373606__clip5__rounds-100__epochs-5__alzheimer_remove__paper_cnn round=80 (checkpoint deleted)
2026-08-20 11:07:48 EVALUATED alzheimer-in-remove__non-iid__vanilla__fedavg__clients-48__seed-42__nm0p00373606__clip5__rounds-100__epochs-5__alzheimer_remove__paper_cnn round=90 (checkpoint deleted)
2026-08-20 11:07:49 EVALUATED alzheimer-in-remove__non-iid__vanilla__fedavg__clients-48__seed-42__nm0p00373606__clip5__rounds-100__epochs-5__alzheimer_remove__paper_cnn round=100 (checkpoint deleted)
2026-08-20 11:07:49 PROGRESS 1/2 (0 failed so far)
2026-08-20 11:07:49 START alzheimer-out-remove__non-iid__vanilla__fedavg__clients-47__seed-42__nm0p00373606__clip5__rounds-100__epochs-5__alzheimer_remove__paper_cnn 
2026-08-20 11:17:30 DONE  alzheimer-out-remove__non-iid__vanilla__fedavg__clients-47__seed-42__nm0p00373606__clip5__rounds-100__epochs-5__alzheimer_remove__paper_cnn (581.0s)
2026-08-20 11:17:30 EVALUATED alzheimer-out-remove__non-iid__vanilla__fedavg__clients-47__seed-42__nm0p00373606__clip5__rounds-100__epochs-5__alzheimer_remove__paper_cnn round=1 (checkpoint deleted)
2026-08-20 11:17:31 EVALUATED alzheimer-out-remove__non-iid__vanilla__fedavg__clients-47__seed-42__nm0p00373606__clip5__rounds-100__epochs-5__alzheimer_remove__paper_cnn round=10 (checkpoint deleted)
2026-08-20 11:17:31 EVALUATED alzheimer-out-remove__non-iid__vanilla__fedavg__clients-47__seed-42__nm0p00373606__clip5__rounds-100__epochs-5__alzheimer_remove__paper_cnn round=20 (checkpoint deleted)
2026-08-20 11:17:32 EVALUATED alzheimer-out-remove__non-iid__vanilla__fedavg__clients-47__seed-42__nm0p00373606__clip5__rounds-100__epochs-5__alzheimer_remove__paper_cnn round=30 (checkpoint deleted)
2026-08-20 11:17:32 EVALUATED alzheimer-out-remove__non-iid__vanilla__fedavg__clients-47__seed-42__nm0p00373606__clip5__rounds-100__epochs-5__alzheimer_remove__paper_cnn round=40 (checkpoint deleted)
2026-08-20 11:17:33 EVALUATED alzheimer-out-remove__non-iid__vanilla__fedavg__clients-47__seed-42__nm0p00373606__clip5__rounds-100__epochs-5__alzheimer_remove__paper_cnn round=50 (checkpoint deleted)
2026-08-20 11:17:33 EVALUATED alzheimer-out-remove__non-iid__vanilla__fedavg__clients-47__seed-42__nm0p00373606__clip5__rounds-100__epochs-5__alzheimer_remove__paper_cnn round=60 (checkpoint deleted)
2026-08-20 11:17:34 EVALUATED alzheimer-out-remove__non-iid__vanilla__fedavg__clients-47__seed-42__nm0p00373606__clip5__rounds-100__epochs-5__alzheimer_remove__paper_cnn round=70 (checkpoint deleted)
2026-08-20 11:17:34 EVALUATED alzheimer-out-remove__non-iid__vanilla__fedavg__clients-47__seed-42__nm0p00373606__clip5__rounds-100__epochs-5__alzheimer_remove__paper_cnn round=80 (checkpoint deleted)
2026-08-20 11:17:35 EVALUATED alzheimer-out-remove__non-iid__vanilla__fedavg__clients-47__seed-42__nm0p00373606__clip5__rounds-100__epochs-5__alzheimer_remove__paper_cnn round=90 (checkpoint deleted)
2026-08-20 11:17:35 EVALUATED alzheimer-out-remove__non-iid__vanilla__fedavg__clients-47__seed-42__nm0p00373606__clip5__rounds-100__epochs-5__alzheimer_remove__paper_cnn round=100 (checkpoint deleted)
2026-08-20 11:17:35 PROGRESS 2/2 (0 failed so far)
2026-08-20 11:17:35 Sweep finished: 2/2 attempted, 0 failed
