2026-08-05 21:22:15 Starting full chunk: 2 trajectories
2026-08-05 21:22:15 START cifar-full-in-replace__non-iid__global-dp__fedavg__clients-16__seed-43__nm0p053328__clip5__rounds-20__epochs-5__cifar_chunks__cifar10_cnn 
2026-08-05 21:27:57 DONE  cifar-full-in-replace__non-iid__global-dp__fedavg__clients-16__seed-43__nm0p053328__clip5__rounds-20__epochs-5__cifar_chunks__cifar10_cnn (342.1s)
2026-08-05 21:28:05 EVALUATED cifar-full-in-replace__non-iid__global-dp__fedavg__clients-16__seed-43__nm0p053328__clip5__rounds-20__epochs-5__cifar_chunks__cifar10_cnn round=1 (checkpoint deleted)
2026-08-05 21:28:09 EVALUATED cifar-full-in-replace__non-iid__global-dp__fedavg__clients-16__seed-43__nm0p053328__clip5__rounds-20__epochs-5__cifar_chunks__cifar10_cnn round=2 (checkpoint deleted)
2026-08-05 21:28:13 EVALUATED cifar-full-in-replace__non-iid__global-dp__fedavg__clients-16__seed-43__nm0p053328__clip5__rounds-20__epochs-5__cifar_chunks__cifar10_cnn round=3 (checkpoint deleted)
2026-08-05 21:28:18 EVALUATED cifar-full-in-replace__non-iid__global-dp__fedavg__clients-16__seed-43__nm0p053328__clip5__rounds-20__epochs-5__cifar_chunks__cifar10_cnn round=4 (checkpoint deleted)
2026-08-05 21:28:22 EVALUATED cifar-full-in-replace__non-iid__global-dp__fedavg__clients-16__seed-43__nm0p053328__clip5__rounds-20__epochs-5__cifar_chunks__cifar10_cnn round=5 (checkpoint deleted)
2026-08-05 21:28:26 EVALUATED cifar-full-in-replace__non-iid__global-dp__fedavg__clients-16__seed-43__nm0p053328__clip5__rounds-20__epochs-5__cifar_chunks__cifar10_cnn round=6 (checkpoint deleted)
2026-08-05 21:28:30 EVALUATED cifar-full-in-replace__non-iid__global-dp__fedavg__clients-16__seed-43__nm0p053328__clip5__rounds-20__epochs-5__cifar_chunks__cifar10_cnn round=7 (checkpoint deleted)
2026-08-05 21:28:34 EVALUATED cifar-full-in-replace__non-iid__global-dp__fedavg__clients-16__seed-43__nm0p053328__clip5__rounds-20__epochs-5__cifar_chunks__cifar10_cnn round=8 (checkpoint deleted)
2026-08-05 21:28:39 EVALUATED cifar-full-in-replace__non-iid__global-dp__fedavg__clients-16__seed-43__nm0p053328__clip5__rounds-20__epochs-5__cifar_chunks__cifar10_cnn round=9 (checkpoint deleted)
2026-08-05 21:28:43 EVALUATED cifar-full-in-replace__non-iid__global-dp__fedavg__clients-16__seed-43__nm0p053328__clip5__rounds-20__epochs-5__cifar_chunks__cifar10_cnn round=10 (checkpoint deleted)
2026-08-05 21:28:47 EVALUATED cifar-full-in-replace__non-iid__global-dp__fedavg__clients-16__seed-43__nm0p053328__clip5__rounds-20__epochs-5__cifar_chunks__cifar10_cnn round=11 (checkpoint deleted)
2026-08-05 21:28:51 EVALUATED cifar-full-in-replace__non-iid__global-dp__fedavg__clients-16__seed-43__nm0p053328__clip5__rounds-20__epochs-5__cifar_chunks__cifar10_cnn round=12 (checkpoint deleted)
2026-08-05 21:28:56 EVALUATED cifar-full-in-replace__non-iid__global-dp__fedavg__clients-16__seed-43__nm0p053328__clip5__rounds-20__epochs-5__cifar_chunks__cifar10_cnn round=13 (checkpoint deleted)
2026-08-05 21:29:00 EVALUATED cifar-full-in-replace__non-iid__global-dp__fedavg__clients-16__seed-43__nm0p053328__clip5__rounds-20__epochs-5__cifar_chunks__cifar10_cnn round=14 (checkpoint deleted)
2026-08-05 21:29:04 EVALUATED cifar-full-in-replace__non-iid__global-dp__fedavg__clients-16__seed-43__nm0p053328__clip5__rounds-20__epochs-5__cifar_chunks__cifar10_cnn round=15 (checkpoint deleted)
2026-08-05 21:29:08 EVALUATED cifar-full-in-replace__non-iid__global-dp__fedavg__clients-16__seed-43__nm0p053328__clip5__rounds-20__epochs-5__cifar_chunks__cifar10_cnn round=16 (checkpoint deleted)
2026-08-05 21:29:13 EVALUATED cifar-full-in-replace__non-iid__global-dp__fedavg__clients-16__seed-43__nm0p053328__clip5__rounds-20__epochs-5__cifar_chunks__cifar10_cnn round=17 (checkpoint deleted)
2026-08-05 21:29:17 EVALUATED cifar-full-in-replace__non-iid__global-dp__fedavg__clients-16__seed-43__nm0p053328__clip5__rounds-20__epochs-5__cifar_chunks__cifar10_cnn round=18 (checkpoint deleted)
2026-08-05 21:29:21 EVALUATED cifar-full-in-replace__non-iid__global-dp__fedavg__clients-16__seed-43__nm0p053328__clip5__rounds-20__epochs-5__cifar_chunks__cifar10_cnn round=19 (checkpoint deleted)
2026-08-05 21:29:25 EVALUATED cifar-full-in-replace__non-iid__global-dp__fedavg__clients-16__seed-43__nm0p053328__clip5__rounds-20__epochs-5__cifar_chunks__cifar10_cnn round=20 (checkpoint deleted)
2026-08-05 21:29:25 PROGRESS 1/2 (0 failed so far)
2026-08-05 21:29:25 START cifar-full-in-replace__non-iid__metric-privacy__fedavg__clients-16__seed-43__nm0p053328__clip5__rounds-20__epochs-5__cifar_chunks__cifar10_cnn 
2026-08-05 21:35:11 DONE  cifar-full-in-replace__non-iid__metric-privacy__fedavg__clients-16__seed-43__nm0p053328__clip5__rounds-20__epochs-5__cifar_chunks__cifar10_cnn (345.4s)
2026-08-05 21:35:15 EVALUATED cifar-full-in-replace__non-iid__metric-privacy__fedavg__clients-16__seed-43__nm0p053328__clip5__rounds-20__epochs-5__cifar_chunks__cifar10_cnn round=1 (checkpoint deleted)
2026-08-05 21:35:19 EVALUATED cifar-full-in-replace__non-iid__metric-privacy__fedavg__clients-16__seed-43__nm0p053328__clip5__rounds-20__epochs-5__cifar_chunks__cifar10_cnn round=2 (checkpoint deleted)
2026-08-05 21:35:23 EVALUATED cifar-full-in-replace__non-iid__metric-privacy__fedavg__clients-16__seed-43__nm0p053328__clip5__rounds-20__epochs-5__cifar_chunks__cifar10_cnn round=3 (checkpoint deleted)
2026-08-05 21:35:28 EVALUATED cifar-full-in-replace__non-iid__metric-privacy__fedavg__clients-16__seed-43__nm0p053328__clip5__rounds-20__epochs-5__cifar_chunks__cifar10_cnn round=4 (checkpoint deleted)
2026-08-05 21:35:32 EVALUATED cifar-full-in-replace__non-iid__metric-privacy__fedavg__clients-16__seed-43__nm0p053328__clip5__rounds-20__epochs-5__cifar_chunks__cifar10_cnn round=5 (checkpoint deleted)
2026-08-05 21:35:36 EVALUATED cifar-full-in-replace__non-iid__metric-privacy__fedavg__clients-16__seed-43__nm0p053328__clip5__rounds-20__epochs-5__cifar_chunks__cifar10_cnn round=6 (checkpoint deleted)
2026-08-05 21:35:40 EVALUATED cifar-full-in-replace__non-iid__metric-privacy__fedavg__clients-16__seed-43__nm0p053328__clip5__rounds-20__epochs-5__cifar_chunks__cifar10_cnn round=7 (checkpoint deleted)
2026-08-05 21:35:45 EVALUATED cifar-full-in-replace__non-iid__metric-privacy__fedavg__clients-16__seed-43__nm0p053328__clip5__rounds-20__epochs-5__cifar_chunks__cifar10_cnn round=8 (checkpoint deleted)
2026-08-05 21:35:49 EVALUATED cifar-full-in-replace__non-iid__metric-privacy__fedavg__clients-16__seed-43__nm0p053328__clip5__rounds-20__epochs-5__cifar_chunks__cifar10_cnn round=9 (checkpoint deleted)
2026-08-05 21:35:53 EVALUATED cifar-full-in-replace__non-iid__metric-privacy__fedavg__clients-16__seed-43__nm0p053328__clip5__rounds-20__epochs-5__cifar_chunks__cifar10_cnn round=10 (checkpoint deleted)
2026-08-05 21:35:57 EVALUATED cifar-full-in-replace__non-iid__metric-privacy__fedavg__clients-16__seed-43__nm0p053328__clip5__rounds-20__epochs-5__cifar_chunks__cifar10_cnn round=11 (checkpoint deleted)
2026-08-05 21:36:02 EVALUATED cifar-full-in-replace__non-iid__metric-privacy__fedavg__clients-16__seed-43__nm0p053328__clip5__rounds-20__epochs-5__cifar_chunks__cifar10_cnn round=12 (checkpoint deleted)
2026-08-05 21:36:06 EVALUATED cifar-full-in-replace__non-iid__metric-privacy__fedavg__clients-16__seed-43__nm0p053328__clip5__rounds-20__epochs-5__cifar_chunks__cifar10_cnn round=13 (checkpoint deleted)
2026-08-05 21:36:10 EVALUATED cifar-full-in-replace__non-iid__metric-privacy__fedavg__clients-16__seed-43__nm0p053328__clip5__rounds-20__epochs-5__cifar_chunks__cifar10_cnn round=14 (checkpoint deleted)
2026-08-05 21:36:14 EVALUATED cifar-full-in-replace__non-iid__metric-privacy__fedavg__clients-16__seed-43__nm0p053328__clip5__rounds-20__epochs-5__cifar_chunks__cifar10_cnn round=15 (checkpoint deleted)
2026-08-05 21:36:19 EVALUATED cifar-full-in-replace__non-iid__metric-privacy__fedavg__clients-16__seed-43__nm0p053328__clip5__rounds-20__epochs-5__cifar_chunks__cifar10_cnn round=16 (checkpoint deleted)
2026-08-05 21:36:23 EVALUATED cifar-full-in-replace__non-iid__metric-privacy__fedavg__clients-16__seed-43__nm0p053328__clip5__rounds-20__epochs-5__cifar_chunks__cifar10_cnn round=17 (checkpoint deleted)
2026-08-05 21:36:27 EVALUATED cifar-full-in-replace__non-iid__metric-privacy__fedavg__clients-16__seed-43__nm0p053328__clip5__rounds-20__epochs-5__cifar_chunks__cifar10_cnn round=18 (checkpoint deleted)
2026-08-05 21:36:31 EVALUATED cifar-full-in-replace__non-iid__metric-privacy__fedavg__clients-16__seed-43__nm0p053328__clip5__rounds-20__epochs-5__cifar_chunks__cifar10_cnn round=19 (checkpoint deleted)
2026-08-05 21:36:36 EVALUATED cifar-full-in-replace__non-iid__metric-privacy__fedavg__clients-16__seed-43__nm0p053328__clip5__rounds-20__epochs-5__cifar_chunks__cifar10_cnn round=20 (checkpoint deleted)
2026-08-05 21:36:36 PROGRESS 2/2 (0 failed so far)
2026-08-05 21:36:36 Sweep finished: 2/2 attempted, 0 failed
