2026-08-05 14:37:22 Starting full chunk: 2 trajectories
2026-08-05 14:37:22 START cifar-full-out-replace__non-iid__global-dp__fedavg__clients-3__seed-42__nm0p0075__clip5__rounds-20__epochs-5__cifar_chunks__cifar10_cnn 
2026-08-05 14:41:30 DONE  cifar-full-out-replace__non-iid__global-dp__fedavg__clients-3__seed-42__nm0p0075__clip5__rounds-20__epochs-5__cifar_chunks__cifar10_cnn (247.2s)
2026-08-05 14:41:40 EVALUATED cifar-full-out-replace__non-iid__global-dp__fedavg__clients-3__seed-42__nm0p0075__clip5__rounds-20__epochs-5__cifar_chunks__cifar10_cnn round=1 (checkpoint deleted)
2026-08-05 14:41:48 EVALUATED cifar-full-out-replace__non-iid__global-dp__fedavg__clients-3__seed-42__nm0p0075__clip5__rounds-20__epochs-5__cifar_chunks__cifar10_cnn round=2 (checkpoint deleted)
2026-08-05 14:41:55 EVALUATED cifar-full-out-replace__non-iid__global-dp__fedavg__clients-3__seed-42__nm0p0075__clip5__rounds-20__epochs-5__cifar_chunks__cifar10_cnn round=3 (checkpoint deleted)
2026-08-05 14:42:03 EVALUATED cifar-full-out-replace__non-iid__global-dp__fedavg__clients-3__seed-42__nm0p0075__clip5__rounds-20__epochs-5__cifar_chunks__cifar10_cnn round=4 (checkpoint deleted)
2026-08-05 14:42:10 EVALUATED cifar-full-out-replace__non-iid__global-dp__fedavg__clients-3__seed-42__nm0p0075__clip5__rounds-20__epochs-5__cifar_chunks__cifar10_cnn round=5 (checkpoint deleted)
2026-08-05 14:42:18 EVALUATED cifar-full-out-replace__non-iid__global-dp__fedavg__clients-3__seed-42__nm0p0075__clip5__rounds-20__epochs-5__cifar_chunks__cifar10_cnn round=6 (checkpoint deleted)
2026-08-05 14:42:25 EVALUATED cifar-full-out-replace__non-iid__global-dp__fedavg__clients-3__seed-42__nm0p0075__clip5__rounds-20__epochs-5__cifar_chunks__cifar10_cnn round=7 (checkpoint deleted)
2026-08-05 14:42:33 EVALUATED cifar-full-out-replace__non-iid__global-dp__fedavg__clients-3__seed-42__nm0p0075__clip5__rounds-20__epochs-5__cifar_chunks__cifar10_cnn round=8 (checkpoint deleted)
2026-08-05 14:42:40 EVALUATED cifar-full-out-replace__non-iid__global-dp__fedavg__clients-3__seed-42__nm0p0075__clip5__rounds-20__epochs-5__cifar_chunks__cifar10_cnn round=9 (checkpoint deleted)
2026-08-05 14:42:48 EVALUATED cifar-full-out-replace__non-iid__global-dp__fedavg__clients-3__seed-42__nm0p0075__clip5__rounds-20__epochs-5__cifar_chunks__cifar10_cnn round=10 (checkpoint deleted)
2026-08-05 14:42:55 EVALUATED cifar-full-out-replace__non-iid__global-dp__fedavg__clients-3__seed-42__nm0p0075__clip5__rounds-20__epochs-5__cifar_chunks__cifar10_cnn round=11 (checkpoint deleted)
2026-08-05 14:43:02 EVALUATED cifar-full-out-replace__non-iid__global-dp__fedavg__clients-3__seed-42__nm0p0075__clip5__rounds-20__epochs-5__cifar_chunks__cifar10_cnn round=12 (checkpoint deleted)
2026-08-05 14:43:10 EVALUATED cifar-full-out-replace__non-iid__global-dp__fedavg__clients-3__seed-42__nm0p0075__clip5__rounds-20__epochs-5__cifar_chunks__cifar10_cnn round=13 (checkpoint deleted)
2026-08-05 14:43:17 EVALUATED cifar-full-out-replace__non-iid__global-dp__fedavg__clients-3__seed-42__nm0p0075__clip5__rounds-20__epochs-5__cifar_chunks__cifar10_cnn round=14 (checkpoint deleted)
2026-08-05 14:43:25 EVALUATED cifar-full-out-replace__non-iid__global-dp__fedavg__clients-3__seed-42__nm0p0075__clip5__rounds-20__epochs-5__cifar_chunks__cifar10_cnn round=15 (checkpoint deleted)
2026-08-05 14:43:32 EVALUATED cifar-full-out-replace__non-iid__global-dp__fedavg__clients-3__seed-42__nm0p0075__clip5__rounds-20__epochs-5__cifar_chunks__cifar10_cnn round=16 (checkpoint deleted)
2026-08-05 14:43:40 EVALUATED cifar-full-out-replace__non-iid__global-dp__fedavg__clients-3__seed-42__nm0p0075__clip5__rounds-20__epochs-5__cifar_chunks__cifar10_cnn round=17 (checkpoint deleted)
2026-08-05 14:43:47 EVALUATED cifar-full-out-replace__non-iid__global-dp__fedavg__clients-3__seed-42__nm0p0075__clip5__rounds-20__epochs-5__cifar_chunks__cifar10_cnn round=18 (checkpoint deleted)
2026-08-05 14:43:55 EVALUATED cifar-full-out-replace__non-iid__global-dp__fedavg__clients-3__seed-42__nm0p0075__clip5__rounds-20__epochs-5__cifar_chunks__cifar10_cnn round=19 (checkpoint deleted)
2026-08-05 14:44:02 EVALUATED cifar-full-out-replace__non-iid__global-dp__fedavg__clients-3__seed-42__nm0p0075__clip5__rounds-20__epochs-5__cifar_chunks__cifar10_cnn round=20 (checkpoint deleted)
2026-08-05 14:44:02 PROGRESS 1/2 (0 failed so far)
2026-08-05 14:44:02 START cifar-full-out-replace__non-iid__metric-privacy__fedavg__clients-3__seed-42__nm0p0075__clip5__rounds-20__epochs-5__cifar_chunks__cifar10_cnn 
2026-08-05 14:48:10 DONE  cifar-full-out-replace__non-iid__metric-privacy__fedavg__clients-3__seed-42__nm0p0075__clip5__rounds-20__epochs-5__cifar_chunks__cifar10_cnn (248.1s)
2026-08-05 14:48:18 EVALUATED cifar-full-out-replace__non-iid__metric-privacy__fedavg__clients-3__seed-42__nm0p0075__clip5__rounds-20__epochs-5__cifar_chunks__cifar10_cnn round=1 (checkpoint deleted)
2026-08-05 14:48:25 EVALUATED cifar-full-out-replace__non-iid__metric-privacy__fedavg__clients-3__seed-42__nm0p0075__clip5__rounds-20__epochs-5__cifar_chunks__cifar10_cnn round=2 (checkpoint deleted)
2026-08-05 14:48:33 EVALUATED cifar-full-out-replace__non-iid__metric-privacy__fedavg__clients-3__seed-42__nm0p0075__clip5__rounds-20__epochs-5__cifar_chunks__cifar10_cnn round=3 (checkpoint deleted)
2026-08-05 14:48:40 EVALUATED cifar-full-out-replace__non-iid__metric-privacy__fedavg__clients-3__seed-42__nm0p0075__clip5__rounds-20__epochs-5__cifar_chunks__cifar10_cnn round=4 (checkpoint deleted)
2026-08-05 14:48:48 EVALUATED cifar-full-out-replace__non-iid__metric-privacy__fedavg__clients-3__seed-42__nm0p0075__clip5__rounds-20__epochs-5__cifar_chunks__cifar10_cnn round=5 (checkpoint deleted)
2026-08-05 14:48:55 EVALUATED cifar-full-out-replace__non-iid__metric-privacy__fedavg__clients-3__seed-42__nm0p0075__clip5__rounds-20__epochs-5__cifar_chunks__cifar10_cnn round=6 (checkpoint deleted)
2026-08-05 14:49:03 EVALUATED cifar-full-out-replace__non-iid__metric-privacy__fedavg__clients-3__seed-42__nm0p0075__clip5__rounds-20__epochs-5__cifar_chunks__cifar10_cnn round=7 (checkpoint deleted)
2026-08-05 14:49:10 EVALUATED cifar-full-out-replace__non-iid__metric-privacy__fedavg__clients-3__seed-42__nm0p0075__clip5__rounds-20__epochs-5__cifar_chunks__cifar10_cnn round=8 (checkpoint deleted)
2026-08-05 14:49:18 EVALUATED cifar-full-out-replace__non-iid__metric-privacy__fedavg__clients-3__seed-42__nm0p0075__clip5__rounds-20__epochs-5__cifar_chunks__cifar10_cnn round=9 (checkpoint deleted)
2026-08-05 14:49:25 EVALUATED cifar-full-out-replace__non-iid__metric-privacy__fedavg__clients-3__seed-42__nm0p0075__clip5__rounds-20__epochs-5__cifar_chunks__cifar10_cnn round=10 (checkpoint deleted)
2026-08-05 14:49:33 EVALUATED cifar-full-out-replace__non-iid__metric-privacy__fedavg__clients-3__seed-42__nm0p0075__clip5__rounds-20__epochs-5__cifar_chunks__cifar10_cnn round=11 (checkpoint deleted)
2026-08-05 14:49:40 EVALUATED cifar-full-out-replace__non-iid__metric-privacy__fedavg__clients-3__seed-42__nm0p0075__clip5__rounds-20__epochs-5__cifar_chunks__cifar10_cnn round=12 (checkpoint deleted)
2026-08-05 14:49:48 EVALUATED cifar-full-out-replace__non-iid__metric-privacy__fedavg__clients-3__seed-42__nm0p0075__clip5__rounds-20__epochs-5__cifar_chunks__cifar10_cnn round=13 (checkpoint deleted)
2026-08-05 14:49:55 EVALUATED cifar-full-out-replace__non-iid__metric-privacy__fedavg__clients-3__seed-42__nm0p0075__clip5__rounds-20__epochs-5__cifar_chunks__cifar10_cnn round=14 (checkpoint deleted)
2026-08-05 14:50:03 EVALUATED cifar-full-out-replace__non-iid__metric-privacy__fedavg__clients-3__seed-42__nm0p0075__clip5__rounds-20__epochs-5__cifar_chunks__cifar10_cnn round=15 (checkpoint deleted)
2026-08-05 14:50:10 EVALUATED cifar-full-out-replace__non-iid__metric-privacy__fedavg__clients-3__seed-42__nm0p0075__clip5__rounds-20__epochs-5__cifar_chunks__cifar10_cnn round=16 (checkpoint deleted)
2026-08-05 14:50:18 EVALUATED cifar-full-out-replace__non-iid__metric-privacy__fedavg__clients-3__seed-42__nm0p0075__clip5__rounds-20__epochs-5__cifar_chunks__cifar10_cnn round=17 (checkpoint deleted)
2026-08-05 14:50:25 EVALUATED cifar-full-out-replace__non-iid__metric-privacy__fedavg__clients-3__seed-42__nm0p0075__clip5__rounds-20__epochs-5__cifar_chunks__cifar10_cnn round=18 (checkpoint deleted)
2026-08-05 14:50:33 EVALUATED cifar-full-out-replace__non-iid__metric-privacy__fedavg__clients-3__seed-42__nm0p0075__clip5__rounds-20__epochs-5__cifar_chunks__cifar10_cnn round=19 (checkpoint deleted)
2026-08-05 14:50:40 EVALUATED cifar-full-out-replace__non-iid__metric-privacy__fedavg__clients-3__seed-42__nm0p0075__clip5__rounds-20__epochs-5__cifar_chunks__cifar10_cnn round=20 (checkpoint deleted)
2026-08-05 14:50:40 PROGRESS 2/2 (0 failed so far)
2026-08-05 14:50:40 Sweep finished: 2/2 attempted, 0 failed
