2026-08-21 09:28:39 Fashion-MNIST stage (global-dp, non-iid, seed=43, noise_ratio=0.0026764342935115468): 2 trajectories
2026-08-21 09:28:39 START fashion-mnist-in-remove__non-iid__global-dp__fedavg__clients-48__seed-43__nm0p128469__clip5__rounds-100__epochs-5__fashion_mnist_remove__fashion_mnist_cnn 
2026-08-21 09:44:53 DONE  fashion-mnist-in-remove__non-iid__global-dp__fedavg__clients-48__seed-43__nm0p128469__clip5__rounds-100__epochs-5__fashion_mnist_remove__fashion_mnist_cnn (974.0s)
2026-08-21 09:44:56 EVALUATED fashion-mnist-in-remove__non-iid__global-dp__fedavg__clients-48__seed-43__nm0p128469__clip5__rounds-100__epochs-5__fashion_mnist_remove__fashion_mnist_cnn round=1 (checkpoint deleted)
2026-08-21 09:44:58 EVALUATED fashion-mnist-in-remove__non-iid__global-dp__fedavg__clients-48__seed-43__nm0p128469__clip5__rounds-100__epochs-5__fashion_mnist_remove__fashion_mnist_cnn round=10 (checkpoint deleted)
2026-08-21 09:45:01 EVALUATED fashion-mnist-in-remove__non-iid__global-dp__fedavg__clients-48__seed-43__nm0p128469__clip5__rounds-100__epochs-5__fashion_mnist_remove__fashion_mnist_cnn round=20 (checkpoint deleted)
2026-08-21 09:45:04 EVALUATED fashion-mnist-in-remove__non-iid__global-dp__fedavg__clients-48__seed-43__nm0p128469__clip5__rounds-100__epochs-5__fashion_mnist_remove__fashion_mnist_cnn round=30 (checkpoint deleted)
2026-08-21 09:45:06 EVALUATED fashion-mnist-in-remove__non-iid__global-dp__fedavg__clients-48__seed-43__nm0p128469__clip5__rounds-100__epochs-5__fashion_mnist_remove__fashion_mnist_cnn round=40 (checkpoint deleted)
2026-08-21 09:45:09 EVALUATED fashion-mnist-in-remove__non-iid__global-dp__fedavg__clients-48__seed-43__nm0p128469__clip5__rounds-100__epochs-5__fashion_mnist_remove__fashion_mnist_cnn round=50 (checkpoint deleted)
2026-08-21 09:45:12 EVALUATED fashion-mnist-in-remove__non-iid__global-dp__fedavg__clients-48__seed-43__nm0p128469__clip5__rounds-100__epochs-5__fashion_mnist_remove__fashion_mnist_cnn round=60 (checkpoint deleted)
2026-08-21 09:45:15 EVALUATED fashion-mnist-in-remove__non-iid__global-dp__fedavg__clients-48__seed-43__nm0p128469__clip5__rounds-100__epochs-5__fashion_mnist_remove__fashion_mnist_cnn round=70 (checkpoint deleted)
2026-08-21 09:45:17 EVALUATED fashion-mnist-in-remove__non-iid__global-dp__fedavg__clients-48__seed-43__nm0p128469__clip5__rounds-100__epochs-5__fashion_mnist_remove__fashion_mnist_cnn round=80 (checkpoint deleted)
2026-08-21 09:45:20 EVALUATED fashion-mnist-in-remove__non-iid__global-dp__fedavg__clients-48__seed-43__nm0p128469__clip5__rounds-100__epochs-5__fashion_mnist_remove__fashion_mnist_cnn round=90 (checkpoint deleted)
2026-08-21 09:45:23 EVALUATED fashion-mnist-in-remove__non-iid__global-dp__fedavg__clients-48__seed-43__nm0p128469__clip5__rounds-100__epochs-5__fashion_mnist_remove__fashion_mnist_cnn round=100 (checkpoint deleted)
2026-08-21 09:45:23 PROGRESS 1/2 (0 failed so far)
2026-08-21 09:45:23 START fashion-mnist-out-remove__non-iid__global-dp__fedavg__clients-47__seed-43__nm0p125792__clip5__rounds-100__epochs-5__fashion_mnist_remove__fashion_mnist_cnn 
2026-08-21 10:01:17 DONE  fashion-mnist-out-remove__non-iid__global-dp__fedavg__clients-47__seed-43__nm0p125792__clip5__rounds-100__epochs-5__fashion_mnist_remove__fashion_mnist_cnn (954.6s)
2026-08-21 10:01:20 EVALUATED fashion-mnist-out-remove__non-iid__global-dp__fedavg__clients-47__seed-43__nm0p125792__clip5__rounds-100__epochs-5__fashion_mnist_remove__fashion_mnist_cnn round=1 (checkpoint deleted)
2026-08-21 10:01:23 EVALUATED fashion-mnist-out-remove__non-iid__global-dp__fedavg__clients-47__seed-43__nm0p125792__clip5__rounds-100__epochs-5__fashion_mnist_remove__fashion_mnist_cnn round=10 (checkpoint deleted)
2026-08-21 10:01:26 EVALUATED fashion-mnist-out-remove__non-iid__global-dp__fedavg__clients-47__seed-43__nm0p125792__clip5__rounds-100__epochs-5__fashion_mnist_remove__fashion_mnist_cnn round=20 (checkpoint deleted)
2026-08-21 10:01:28 EVALUATED fashion-mnist-out-remove__non-iid__global-dp__fedavg__clients-47__seed-43__nm0p125792__clip5__rounds-100__epochs-5__fashion_mnist_remove__fashion_mnist_cnn round=30 (checkpoint deleted)
2026-08-21 10:01:31 EVALUATED fashion-mnist-out-remove__non-iid__global-dp__fedavg__clients-47__seed-43__nm0p125792__clip5__rounds-100__epochs-5__fashion_mnist_remove__fashion_mnist_cnn round=40 (checkpoint deleted)
2026-08-21 10:01:34 EVALUATED fashion-mnist-out-remove__non-iid__global-dp__fedavg__clients-47__seed-43__nm0p125792__clip5__rounds-100__epochs-5__fashion_mnist_remove__fashion_mnist_cnn round=50 (checkpoint deleted)
2026-08-21 10:01:37 EVALUATED fashion-mnist-out-remove__non-iid__global-dp__fedavg__clients-47__seed-43__nm0p125792__clip5__rounds-100__epochs-5__fashion_mnist_remove__fashion_mnist_cnn round=60 (checkpoint deleted)
2026-08-21 10:01:39 EVALUATED fashion-mnist-out-remove__non-iid__global-dp__fedavg__clients-47__seed-43__nm0p125792__clip5__rounds-100__epochs-5__fashion_mnist_remove__fashion_mnist_cnn round=70 (checkpoint deleted)
2026-08-21 10:01:42 EVALUATED fashion-mnist-out-remove__non-iid__global-dp__fedavg__clients-47__seed-43__nm0p125792__clip5__rounds-100__epochs-5__fashion_mnist_remove__fashion_mnist_cnn round=80 (checkpoint deleted)
2026-08-21 10:01:45 EVALUATED fashion-mnist-out-remove__non-iid__global-dp__fedavg__clients-47__seed-43__nm0p125792__clip5__rounds-100__epochs-5__fashion_mnist_remove__fashion_mnist_cnn round=90 (checkpoint deleted)
2026-08-21 10:01:48 EVALUATED fashion-mnist-out-remove__non-iid__global-dp__fedavg__clients-47__seed-43__nm0p125792__clip5__rounds-100__epochs-5__fashion_mnist_remove__fashion_mnist_cnn round=100 (checkpoint deleted)
2026-08-21 10:01:48 PROGRESS 2/2 (0 failed so far)
2026-08-21 10:01:48 Sweep finished: 2/2 attempted, 0 failed
