2026-08-11 20:43:05 CIFAR-10 removal CIA chunk (metric-privacy, clients=48): 1 trajectories
2026-08-11 20:43:05 START cifar10-out-remove__non-iid__metric-privacy__fedavg__clients-47__seed-42__nm0p0182__clip5__rounds-20__epochs-5__cifar10_remove__cifar10_cnn 
2026-08-11 20:56:11 DONE  cifar10-out-remove__non-iid__metric-privacy__fedavg__clients-47__seed-42__nm0p0182__clip5__rounds-20__epochs-5__cifar10_remove__cifar10_cnn (785.5s)
2026-08-11 20:56:17 EVALUATED cifar10-out-remove__non-iid__metric-privacy__fedavg__clients-47__seed-42__nm0p0182__clip5__rounds-20__epochs-5__cifar10_remove__cifar10_cnn round=1 (checkpoint deleted)
2026-08-11 20:56:22 EVALUATED cifar10-out-remove__non-iid__metric-privacy__fedavg__clients-47__seed-42__nm0p0182__clip5__rounds-20__epochs-5__cifar10_remove__cifar10_cnn round=2 (checkpoint deleted)
2026-08-11 20:56:27 EVALUATED cifar10-out-remove__non-iid__metric-privacy__fedavg__clients-47__seed-42__nm0p0182__clip5__rounds-20__epochs-5__cifar10_remove__cifar10_cnn round=3 (checkpoint deleted)
2026-08-11 20:56:32 EVALUATED cifar10-out-remove__non-iid__metric-privacy__fedavg__clients-47__seed-42__nm0p0182__clip5__rounds-20__epochs-5__cifar10_remove__cifar10_cnn round=4 (checkpoint deleted)
2026-08-11 20:56:38 EVALUATED cifar10-out-remove__non-iid__metric-privacy__fedavg__clients-47__seed-42__nm0p0182__clip5__rounds-20__epochs-5__cifar10_remove__cifar10_cnn round=5 (checkpoint deleted)
2026-08-11 20:56:43 EVALUATED cifar10-out-remove__non-iid__metric-privacy__fedavg__clients-47__seed-42__nm0p0182__clip5__rounds-20__epochs-5__cifar10_remove__cifar10_cnn round=6 (checkpoint deleted)
2026-08-11 20:56:48 EVALUATED cifar10-out-remove__non-iid__metric-privacy__fedavg__clients-47__seed-42__nm0p0182__clip5__rounds-20__epochs-5__cifar10_remove__cifar10_cnn round=7 (checkpoint deleted)
2026-08-11 20:56:53 EVALUATED cifar10-out-remove__non-iid__metric-privacy__fedavg__clients-47__seed-42__nm0p0182__clip5__rounds-20__epochs-5__cifar10_remove__cifar10_cnn round=8 (checkpoint deleted)
2026-08-11 20:56:58 EVALUATED cifar10-out-remove__non-iid__metric-privacy__fedavg__clients-47__seed-42__nm0p0182__clip5__rounds-20__epochs-5__cifar10_remove__cifar10_cnn round=9 (checkpoint deleted)
2026-08-11 20:57:02 EVALUATED cifar10-out-remove__non-iid__metric-privacy__fedavg__clients-47__seed-42__nm0p0182__clip5__rounds-20__epochs-5__cifar10_remove__cifar10_cnn round=10 (checkpoint deleted)
2026-08-11 20:57:07 EVALUATED cifar10-out-remove__non-iid__metric-privacy__fedavg__clients-47__seed-42__nm0p0182__clip5__rounds-20__epochs-5__cifar10_remove__cifar10_cnn round=11 (checkpoint deleted)
2026-08-11 20:57:13 EVALUATED cifar10-out-remove__non-iid__metric-privacy__fedavg__clients-47__seed-42__nm0p0182__clip5__rounds-20__epochs-5__cifar10_remove__cifar10_cnn round=12 (checkpoint deleted)
2026-08-11 20:57:17 EVALUATED cifar10-out-remove__non-iid__metric-privacy__fedavg__clients-47__seed-42__nm0p0182__clip5__rounds-20__epochs-5__cifar10_remove__cifar10_cnn round=13 (checkpoint deleted)
2026-08-11 20:57:22 EVALUATED cifar10-out-remove__non-iid__metric-privacy__fedavg__clients-47__seed-42__nm0p0182__clip5__rounds-20__epochs-5__cifar10_remove__cifar10_cnn round=14 (checkpoint deleted)
2026-08-11 20:57:27 EVALUATED cifar10-out-remove__non-iid__metric-privacy__fedavg__clients-47__seed-42__nm0p0182__clip5__rounds-20__epochs-5__cifar10_remove__cifar10_cnn round=15 (checkpoint deleted)
2026-08-11 20:57:32 EVALUATED cifar10-out-remove__non-iid__metric-privacy__fedavg__clients-47__seed-42__nm0p0182__clip5__rounds-20__epochs-5__cifar10_remove__cifar10_cnn round=16 (checkpoint deleted)
2026-08-11 20:57:37 EVALUATED cifar10-out-remove__non-iid__metric-privacy__fedavg__clients-47__seed-42__nm0p0182__clip5__rounds-20__epochs-5__cifar10_remove__cifar10_cnn round=17 (checkpoint deleted)
2026-08-11 20:57:42 EVALUATED cifar10-out-remove__non-iid__metric-privacy__fedavg__clients-47__seed-42__nm0p0182__clip5__rounds-20__epochs-5__cifar10_remove__cifar10_cnn round=18 (checkpoint deleted)
2026-08-11 20:57:48 EVALUATED cifar10-out-remove__non-iid__metric-privacy__fedavg__clients-47__seed-42__nm0p0182__clip5__rounds-20__epochs-5__cifar10_remove__cifar10_cnn round=19 (checkpoint deleted)
2026-08-11 20:57:53 EVALUATED cifar10-out-remove__non-iid__metric-privacy__fedavg__clients-47__seed-42__nm0p0182__clip5__rounds-20__epochs-5__cifar10_remove__cifar10_cnn round=20 (checkpoint deleted)
2026-08-11 20:57:53 PROGRESS 1/1 (0 failed so far)
2026-08-11 20:57:53 Sweep finished: 1/1 attempted, 0 failed
