2026-08-19 02:19:17 EuroSAT stage (metric-privacy, homogeneous, seed=42, noise_ratio=0.0015461300878041046): 2 trajectories
2026-08-19 02:19:17 START eurosat-in-remove__homogeneous__metric-privacy__fedavg__clients-48__seed-42__nm0p0742142__clip5__rounds-100__epochs-5__eurosat_remove__eurosat_cnn 
2026-08-19 02:37:30 DONE  eurosat-in-remove__homogeneous__metric-privacy__fedavg__clients-48__seed-42__nm0p0742142__clip5__rounds-100__epochs-5__eurosat_remove__eurosat_cnn (1093.1s)
2026-08-19 02:37:31 EVALUATED eurosat-in-remove__homogeneous__metric-privacy__fedavg__clients-48__seed-42__nm0p0742142__clip5__rounds-100__epochs-5__eurosat_remove__eurosat_cnn round=1 (checkpoint deleted)
2026-08-19 02:37:33 EVALUATED eurosat-in-remove__homogeneous__metric-privacy__fedavg__clients-48__seed-42__nm0p0742142__clip5__rounds-100__epochs-5__eurosat_remove__eurosat_cnn round=10 (checkpoint deleted)
2026-08-19 02:37:34 EVALUATED eurosat-in-remove__homogeneous__metric-privacy__fedavg__clients-48__seed-42__nm0p0742142__clip5__rounds-100__epochs-5__eurosat_remove__eurosat_cnn round=20 (checkpoint deleted)
2026-08-19 02:37:35 EVALUATED eurosat-in-remove__homogeneous__metric-privacy__fedavg__clients-48__seed-42__nm0p0742142__clip5__rounds-100__epochs-5__eurosat_remove__eurosat_cnn round=30 (checkpoint deleted)
2026-08-19 02:37:36 EVALUATED eurosat-in-remove__homogeneous__metric-privacy__fedavg__clients-48__seed-42__nm0p0742142__clip5__rounds-100__epochs-5__eurosat_remove__eurosat_cnn round=40 (checkpoint deleted)
2026-08-19 02:37:38 EVALUATED eurosat-in-remove__homogeneous__metric-privacy__fedavg__clients-48__seed-42__nm0p0742142__clip5__rounds-100__epochs-5__eurosat_remove__eurosat_cnn round=50 (checkpoint deleted)
2026-08-19 02:37:39 EVALUATED eurosat-in-remove__homogeneous__metric-privacy__fedavg__clients-48__seed-42__nm0p0742142__clip5__rounds-100__epochs-5__eurosat_remove__eurosat_cnn round=60 (checkpoint deleted)
2026-08-19 02:37:40 EVALUATED eurosat-in-remove__homogeneous__metric-privacy__fedavg__clients-48__seed-42__nm0p0742142__clip5__rounds-100__epochs-5__eurosat_remove__eurosat_cnn round=70 (checkpoint deleted)
2026-08-19 02:37:41 EVALUATED eurosat-in-remove__homogeneous__metric-privacy__fedavg__clients-48__seed-42__nm0p0742142__clip5__rounds-100__epochs-5__eurosat_remove__eurosat_cnn round=80 (checkpoint deleted)
2026-08-19 02:37:43 EVALUATED eurosat-in-remove__homogeneous__metric-privacy__fedavg__clients-48__seed-42__nm0p0742142__clip5__rounds-100__epochs-5__eurosat_remove__eurosat_cnn round=90 (checkpoint deleted)
2026-08-19 02:37:44 EVALUATED eurosat-in-remove__homogeneous__metric-privacy__fedavg__clients-48__seed-42__nm0p0742142__clip5__rounds-100__epochs-5__eurosat_remove__eurosat_cnn round=100 (checkpoint deleted)
2026-08-19 02:37:44 PROGRESS 1/2 (0 failed so far)
2026-08-19 02:37:44 START eurosat-out-remove__homogeneous__metric-privacy__fedavg__clients-47__seed-42__nm0p0726681__clip5__rounds-100__epochs-5__eurosat_remove__eurosat_cnn 
2026-08-19 02:55:36 DONE  eurosat-out-remove__homogeneous__metric-privacy__fedavg__clients-47__seed-42__nm0p0726681__clip5__rounds-100__epochs-5__eurosat_remove__eurosat_cnn (1072.0s)
2026-08-19 02:55:37 EVALUATED eurosat-out-remove__homogeneous__metric-privacy__fedavg__clients-47__seed-42__nm0p0726681__clip5__rounds-100__epochs-5__eurosat_remove__eurosat_cnn round=1 (checkpoint deleted)
2026-08-19 02:55:38 EVALUATED eurosat-out-remove__homogeneous__metric-privacy__fedavg__clients-47__seed-42__nm0p0726681__clip5__rounds-100__epochs-5__eurosat_remove__eurosat_cnn round=10 (checkpoint deleted)
2026-08-19 02:55:40 EVALUATED eurosat-out-remove__homogeneous__metric-privacy__fedavg__clients-47__seed-42__nm0p0726681__clip5__rounds-100__epochs-5__eurosat_remove__eurosat_cnn round=20 (checkpoint deleted)
2026-08-19 02:55:41 EVALUATED eurosat-out-remove__homogeneous__metric-privacy__fedavg__clients-47__seed-42__nm0p0726681__clip5__rounds-100__epochs-5__eurosat_remove__eurosat_cnn round=30 (checkpoint deleted)
2026-08-19 02:55:42 EVALUATED eurosat-out-remove__homogeneous__metric-privacy__fedavg__clients-47__seed-42__nm0p0726681__clip5__rounds-100__epochs-5__eurosat_remove__eurosat_cnn round=40 (checkpoint deleted)
2026-08-19 02:55:44 EVALUATED eurosat-out-remove__homogeneous__metric-privacy__fedavg__clients-47__seed-42__nm0p0726681__clip5__rounds-100__epochs-5__eurosat_remove__eurosat_cnn round=50 (checkpoint deleted)
2026-08-19 02:55:45 EVALUATED eurosat-out-remove__homogeneous__metric-privacy__fedavg__clients-47__seed-42__nm0p0726681__clip5__rounds-100__epochs-5__eurosat_remove__eurosat_cnn round=60 (checkpoint deleted)
2026-08-19 02:55:46 EVALUATED eurosat-out-remove__homogeneous__metric-privacy__fedavg__clients-47__seed-42__nm0p0726681__clip5__rounds-100__epochs-5__eurosat_remove__eurosat_cnn round=70 (checkpoint deleted)
2026-08-19 02:55:47 EVALUATED eurosat-out-remove__homogeneous__metric-privacy__fedavg__clients-47__seed-42__nm0p0726681__clip5__rounds-100__epochs-5__eurosat_remove__eurosat_cnn round=80 (checkpoint deleted)
2026-08-19 02:55:49 EVALUATED eurosat-out-remove__homogeneous__metric-privacy__fedavg__clients-47__seed-42__nm0p0726681__clip5__rounds-100__epochs-5__eurosat_remove__eurosat_cnn round=90 (checkpoint deleted)
2026-08-19 02:55:50 EVALUATED eurosat-out-remove__homogeneous__metric-privacy__fedavg__clients-47__seed-42__nm0p0726681__clip5__rounds-100__epochs-5__eurosat_remove__eurosat_cnn round=100 (checkpoint deleted)
2026-08-19 02:55:50 PROGRESS 2/2 (0 failed so far)
2026-08-19 02:55:50 Sweep finished: 2/2 attempted, 0 failed
