2026-08-05 11:28:06 Starting max-records chunk: 1 trajectories
2026-08-05 11:28:06 START cifar-max-records-out-remove__non-iid__vanilla__fedavg__clients-2__seed-42__nm0p01__clip5__rounds-20__epochs-5__cifar_chunks__cifar10_cnn 
{
  "partition-mode": "non-iid",
  "partition-profile": "auto",
  "client-weights": "",
  "data-module": "experiments.cia.scripts.cifar_chunks:create_cifar_out_remove_all",
  "model-module": "experiments.reproduce.cifar10_cnn:create_model",
  "data-cache-dir": "",
  "privacy": "vanilla",
  "aggregation": "fedavg",
  "seed": 42,
  "num-server-rounds": 20,
  "num-clients": 2,
  "fraction-evaluate": 1.0,
  "local-epochs": 5,
  "learning-rate": 0.001,
  "batch-size": 32,
  "initialization-batch-size": 32,
  "initialization-epochs": 20,
  "initialization-learning-rate": 0.001,
  "max-client-samples": 0,
  "max-test-samples": 0,
  "noise-multiplier": 0.01,
  "clipping-norm": 5.0,
  "output-dir": "/content/metricdp-pytorch/results/planned_runs/cifar/max_records/seed-42-vanilla/runs",
  "run-name": "cifar-max-records-out-remove__non-iid__vanilla__fedavg__clients-2__seed-42__nm0p01__clip5__rounds-20__epochs-5__cifar_chunks__cifar10_cnn",
  "checkpoint-rounds": [
    1,
    2,
    3,
    4,
    5,
    6,
    7,
    8,
    9,
    10,
    11,
    12,
    13,
    14,
    15,
    16,
    17,
    18,
    19,
    20
  ]
}
2026-08-05 11:28:10.890987: I tensorflow/core/util/port.cc:153] oneDNN custom operations are on. You may see slightly different numerical results due to floating-point round-off errors from different computation orders. To turn them off, set the environment variable `TF_ENABLE_ONEDNN_OPTS=0`.
2026-08-05 11:28:10.959212: I tensorflow/core/platform/cpu_feature_guard.cc:210] This TensorFlow binary is optimized to use available CPU instructions in performance-critical operations.
To enable the following instructions: AVX2 AVX512F AVX512_VNNI FMA, in other operations, rebuild TensorFlow with the appropriate compiler flags.
[93mWARNING [0m:   DEPRECATED FEATURE: The `run_simulation` function is deprecated and will be removed in a future version of Flower. Please use `flwr run` in the CLI instead to run your simulation. Refer to the Flower Tutorials for more details: https://flower.ai/docs/framework/tutorial-quickstart-pytorch.html

            This is a deprecated feature. It will be removed
            entirely in future versions of Flower.
        
Warning: You are sending unauthenticated requests to the HF Hub. Please set a HF_TOKEN to enable higher rate limits and faster downloads.
/usr/local/lib/python3.12/dist-packages/ray/_private/worker.py:2051: FutureWarning: Tip: In future versions of Ray, Ray will no longer override accelerator visible devices env var if num_gpus=0 or num_gpus=None (default). To enable this behavior and turn off this error message, set RAY_ACCEL_ENV_VAR_OVERRIDE_ON_ZERO=0
  warnings.warn(
Generating train split:   0%|          | 0/50000 [00:00<?, ? examples/s]Generating train split:  27%|██▋       | 13400/50000 [00:00<00:00, 106481.24 examples/s]Generating train split:  66%|██████▌   | 33100/50000 [00:00<00:00, 154190.68 examples/s]Generating train split: 100%|██████████| 50000/50000 [00:00<00:00, 166037.40 examples/s]
Generating test split:   0%|          | 0/10000 [00:00<?, ? examples/s]Generating test split: 100%|██████████| 10000/10000 [00:00<00:00, 183414.48 examples/s]
Filtering CIFAR-10 to four classes:   0%|          | 0/50000 [00:00<?, ? examples/s]Filtering CIFAR-10 to four classes: 100%|██████████| 50000/50000 [00:00<00:00, 744605.64 examples/s]
Filtering CIFAR-10 to four classes:   0%|          | 0/10000 [00:00<?, ? examples/s]Filtering CIFAR-10 to four classes: 100%|██████████| 10000/10000 [00:00<00:00, 630760.35 examples/s]
[92mINFO [0m:      Starting DeterministicFedAvg strategy:
[92mINFO [0m:      	├── Number of rounds: 20
[92mINFO [0m:      	├── ArrayRecord (0.87 MB)
[92mINFO [0m:      	├── ConfigRecord (train): {'lr': 0.001}
[92mINFO [0m:      	├── ConfigRecord (evaluate): (empty!)
[92mINFO [0m:      	├──> Sampling:
[92mINFO [0m:      	│	├──Fraction: train (1.00) | evaluate ( 1.00)
[92mINFO [0m:      	│	├──Minimum nodes: train (2) | evaluate (2)
[92mINFO [0m:      	│	└──Minimum available nodes: 2
[92mINFO [0m:      	└──> Keys in records:
[92mINFO [0m:      		├── Weighted by: 'num-examples'
[92mINFO [0m:      		├── ArrayRecord key: 'arrays'
[92mINFO [0m:      		└── ConfigRecord key: 'config'
[92mINFO [0m:      
/usr/lib/python3.12/multiprocessing/popen_fork.py:66: DeprecationWarning: This process (pid=3355) is multi-threaded, use of fork() may lead to deadlocks in the child.
  self.pid = os.fork()
[92mINFO [0m:      Initial global evaluation results: {'loss': 1.389454957962036, 'accuracy': 0.25, 'f1': 0.1, 'precision': 0.0625, 'auc': 0.5196541250000001}
[92mINFO [0m:      
[92mINFO [0m:      [ROUND 1/20]
[92mINFO [0m:      configure_train: Sampled 2 nodes (out of 2)
[36m(ClientAppActor pid=3888)[0m Using the latest cached version of the dataset since uoft-cs/cifar10 couldn't be found on the Hugging Face Hub (offline mode is enabled).
[36m(ClientAppActor pid=3888)[0m Found the latest cached dataset configuration 'plain_text' at /root/.cache/huggingface/datasets/uoft-cs___cifar10/plain_text/0.0.0/0b2714987fa478483af9968de7c934580d0bb9a2 (last modified on Wed Aug  5 11:28:28 2026).
[36m(ClientAppActor pid=3888)[0m /usr/lib/python3.12/multiprocessing/popen_fork.py:66: DeprecationWarning: This process (pid=3888) is multi-threaded, use of fork() may lead to deadlocks in the child.
[36m(ClientAppActor pid=3888)[0m   self.pid = os.fork()
[92mINFO [0m:      aggregate_train: Received 2 results and 0 failures
[92mINFO [0m:      	└──> Aggregated MetricRecord: {'train_loss': 0.7607518556671746, 'train_loss_mean': 0.8981312183474142, 'client-ids': [0, 1], 'per-client-num-examples': [5333, 2133], 'per-client-train_loss': [0.7003135192400962, 0.9118618641836342], 'per-client-train_loss_mean': [0.8541838793264598, 1.0080098676670342]}
[92mINFO [0m:      configure_evaluate: Sampled 2 nodes (out of 2)
[92mINFO [0m:      aggregate_evaluate: Received 2 results and 0 failures
[92mINFO [0m:      	└──> Aggregated MetricRecord: {'eval_loss': 0.8658626043822065, 'eval_acc': 0.6622055674518201, 'client-ids': [0, 1], 'per-client-eval_acc': [0.6611694152923538, 0.6647940074906367], 'per-client-eval_loss': [0.8652178136662565, 0.867473373698831], 'per-client-num-examples': [1334, 534]}
[92mINFO [0m:      Global evaluation
[92mINFO [0m:      	└──> MetricRecord: {'loss': 0.8317995791435242, 'accuracy': 0.688, 'f1': 0.6854066188135582, 'precision': 0.7065010520521252, 'auc': 0.8994706666666666}
[92mINFO [0m:      
[92mINFO [0m:      [ROUND 2/20]
[92mINFO [0m:      configure_train: Sampled 2 nodes (out of 2)
[36m(ClientAppActor pid=3887)[0m Using the latest cached version of the dataset since uoft-cs/cifar10 couldn't be found on the Hugging Face Hub (offline mode is enabled).
[36m(ClientAppActor pid=3887)[0m Found the latest cached dataset configuration 'plain_text' at /root/.cache/huggingface/datasets/uoft-cs___cifar10/plain_text/0.0.0/0b2714987fa478483af9968de7c934580d0bb9a2 (last modified on Wed Aug  5 11:28:28 2026).
[36m(ClientAppActor pid=3888)[0m /usr/lib/python3.12/multiprocessing/popen_fork.py:66: DeprecationWarning: This process (pid=3888) is multi-threaded, use of fork() may lead to deadlocks in the child.[32m [repeated 2x across cluster] (Ray deduplicates logs by default. Set RAY_DEDUP_LOGS=0 to disable log deduplication, or see https://docs.ray.io/en/master/ray-observability/user-guides/configure-logging.html#log-deduplication for more options.)[0m
[36m(ClientAppActor pid=3888)[0m   self.pid = os.fork()[32m [repeated 2x across cluster][0m
[92mINFO [0m:      aggregate_train: Received 2 results and 0 failures
[92mINFO [0m:      	└──> Aggregated MetricRecord: {'train_loss': 0.5793369160902715, 'train_loss_mean': 0.6454955994316443, 'client-ids': [0, 1], 'per-client-num-examples': [5333, 2133], 'per-client-train_loss': [0.5462594923674893, 0.6620382291299326], 'per-client-train_loss_mean': [0.6219988926521458, 0.7042428742816511]}
[92mINFO [0m:      configure_evaluate: Sampled 2 nodes (out of 2)
[92mINFO [0m:      aggregate_evaluate: Received 2 results and 0 failures
[92mINFO [0m:      	└──> Aggregated MetricRecord: {'eval_loss': 0.6430279698055357, 'eval_acc': 0.7414346895074946, 'client-ids': [0, 1], 'per-client-eval_acc': [0.7406296851574213, 0.7434456928838952], 'per-client-eval_loss': [0.6464022524889441, 0.6345985819784443], 'per-client-num-examples': [1334, 534]}
[92mINFO [0m:      Global evaluation
[92mINFO [0m:      	└──> MetricRecord: {'loss': 0.5957262516021729, 'accuracy': 0.761, 'f1': 0.7532353081406739, 'precision': 0.7645909562718209, 'auc': 0.9383898333333334}
[92mINFO [0m:      
[92mINFO [0m:      [ROUND 3/20]
[92mINFO [0m:      configure_train: Sampled 2 nodes (out of 2)
[36m(ClientAppActor pid=3888)[0m /usr/lib/python3.12/multiprocessing/popen_fork.py:66: DeprecationWarning: This process (pid=3888) is multi-threaded, use of fork() may lead to deadlocks in the child.[32m [repeated 2x across cluster][0m
[36m(ClientAppActor pid=3888)[0m   self.pid = os.fork()[32m [repeated 2x across cluster][0m
[92mINFO [0m:      aggregate_train: Received 2 results and 0 failures
[92mINFO [0m:      	└──> Aggregated MetricRecord: {'train_loss': 0.41715013373322823, 'train_loss_mean': 0.48345190983753633, 'client-ids': [0, 1], 'per-client-num-examples': [5333, 2133], 'per-client-train_loss': [0.3992130833384737, 0.4619969643732778], 'per-client-train_loss_mean': [0.4636269029747494, 0.5330190742066139]}
[92mINFO [0m:      configure_evaluate: Sampled 2 nodes (out of 2)
[92mINFO [0m:      aggregate_evaluate: Received 2 results and 0 failures
[92mINFO [0m:      	└──> Aggregated MetricRecord: {'eval_loss': 0.5796409209739473, 'eval_acc': 0.788543897216274, 'client-ids': [0, 1], 'per-client-eval_acc': [0.7833583208395802, 0.8014981273408239], 'per-client-eval_loss': [0.5871792540199932, 0.5608092050873832], 'per-client-num-examples': [1334, 534]}
[92mINFO [0m:      Global evaluation
[92mINFO [0m:      	└──> MetricRecord: {'loss': 0.5414003565311432, 'accuracy': 0.7955, 'f1': 0.7942678630291555, 'precision': 0.7938396450322547, 'auc': 0.9508836666666668}
[92mINFO [0m:      
[92mINFO [0m:      [ROUND 4/20]
[92mINFO [0m:      configure_train: Sampled 2 nodes (out of 2)
[36m(ClientAppActor pid=3888)[0m /usr/lib/python3.12/multiprocessing/popen_fork.py:66: DeprecationWarning: This process (pid=3888) is multi-threaded, use of fork() may lead to deadlocks in the child.[32m [repeated 2x across cluster][0m
[36m(ClientAppActor pid=3888)[0m   self.pid = os.fork()[32m [repeated 2x across cluster][0m
[92mINFO [0m:      aggregate_train: Received 2 results and 0 failures
[92mINFO [0m:      	└──> Aggregated MetricRecord: {'train_loss': 0.2751711838340555, 'train_loss_mean': 0.35538147696214806, 'client-ids': [0, 1], 'per-client-num-examples': [5333, 2133], 'per-client-train_loss': [0.25776151078582904, 0.31869944748440315], 'per-client-train_loss_mean': [0.32390069400595833, 0.43409081381416853]}
[92mINFO [0m:      configure_evaluate: Sampled 2 nodes (out of 2)
[92mINFO [0m:      aggregate_evaluate: Received 2 results and 0 failures
[92mINFO [0m:      	└──> Aggregated MetricRecord: {'eval_loss': 0.6262941498317351, 'eval_acc': 0.7880085653104925, 'client-ids': [0, 1], 'per-client-eval_acc': [0.787856071964018, 0.7883895131086143], 'per-client-eval_loss': [0.6245695768982574, 0.6306023526281007], 'per-client-num-examples': [1334, 534]}
[92mINFO [0m:      Global evaluation
[92mINFO [0m:      	└──> MetricRecord: {'loss': 0.54868501663208, 'accuracy': 0.8085, 'f1': 0.8068460069775768, 'precision': 0.8098563935539544, 'auc': 0.9567260833333334}
[92mINFO [0m:      
[92mINFO [0m:      [ROUND 5/20]
[92mINFO [0m:      configure_train: Sampled 2 nodes (out of 2)
[36m(ClientAppActor pid=3888)[0m /usr/lib/python3.12/multiprocessing/popen_fork.py:66: DeprecationWarning: This process (pid=3888) is multi-threaded, use of fork() may lead to deadlocks in the child.[32m [repeated 2x across cluster][0m
[36m(ClientAppActor pid=3888)[0m   self.pid = os.fork()[32m [repeated 2x across cluster][0m
[92mINFO [0m:      aggregate_train: Received 2 results and 0 failures
[92mINFO [0m:      	└──> Aggregated MetricRecord: {'train_loss': 0.17268905776185867, 'train_loss_mean': 0.24133132046196853, 'client-ids': [0, 1], 'per-client-num-examples': [5333, 2133], 'per-client-train_loss': [0.15499293678572001, 0.2169335083787116], 'per-client-train_loss_mean': [0.20227620765921683, 0.3389782574413754]}
[92mINFO [0m:      configure_evaluate: Sampled 2 nodes (out of 2)
[92mINFO [0m:      aggregate_evaluate: Received 2 results and 0 failures
[92mINFO [0m:      	└──> Aggregated MetricRecord: {'eval_loss': 0.7233884967624248, 'eval_acc': 0.7992505353319058, 'client-ids': [0, 1], 'per-client-eval_acc': [0.8020989505247377, 0.7921348314606742], 'per-client-eval_loss': [0.7133904540020487, 0.7483648807368475], 'per-client-num-examples': [1334, 534]}
[92mINFO [0m:      Global evaluation
[92mINFO [0m:      	└──> MetricRecord: {'loss': 0.6230502760410309, 'accuracy': 0.8165, 'f1': 0.8164427389060842, 'precision': 0.8171914132606976, 'auc': 0.9575253333333332}
[92mINFO [0m:      
[92mINFO [0m:      [ROUND 6/20]
[92mINFO [0m:      configure_train: Sampled 2 nodes (out of 2)
[36m(ClientAppActor pid=3888)[0m /usr/lib/python3.12/multiprocessing/popen_fork.py:66: DeprecationWarning: This process (pid=3888) is multi-threaded, use of fork() may lead to deadlocks in the child.[32m [repeated 2x across cluster][0m
[36m(ClientAppActor pid=3888)[0m   self.pid = os.fork()[32m [repeated 2x across cluster][0m
[92mINFO [0m:      aggregate_train: Received 2 results and 0 failures
[92mINFO [0m:      	└──> Aggregated MetricRecord: {'train_loss': 0.10730653741972523, 'train_loss_mean': 0.16590378230535932, 'client-ids': [0, 1], 'per-client-num-examples': [5333, 2133], 'per-client-train_loss': [0.08503222537045181, 0.16299753890063245], 'per-client-train_loss_mean': [0.12286306096929982, 0.2735156748910158]}
[92mINFO [0m:      configure_evaluate: Sampled 2 nodes (out of 2)
[92mINFO [0m:      aggregate_evaluate: Received 2 results and 0 failures
[92mINFO [0m:      	└──> Aggregated MetricRecord: {'eval_loss': 0.7950318941978111, 'eval_acc': 0.800321199143469, 'client-ids': [0, 1], 'per-client-eval_acc': [0.8035982008995503, 0.7921348314606742], 'per-client-eval_loss': [0.7922503794508537, 0.8019804722360904], 'per-client-num-examples': [1334, 534]}
[92mINFO [0m:      Global evaluation
[92mINFO [0m:      	└──> MetricRecord: {'loss': 0.7558752336502075, 'accuracy': 0.813, 'f1': 0.812809820268198, 'precision': 0.8150620897624415, 'auc': 0.9528267083333333}
[92mINFO [0m:      
[92mINFO [0m:      [ROUND 7/20]
[92mINFO [0m:      configure_train: Sampled 2 nodes (out of 2)
[36m(ClientAppActor pid=3888)[0m /usr/lib/python3.12/multiprocessing/popen_fork.py:66: DeprecationWarning: This process (pid=3888) is multi-threaded, use of fork() may lead to deadlocks in the child.[32m [repeated 2x across cluster][0m
[36m(ClientAppActor pid=3888)[0m   self.pid = os.fork()[32m [repeated 2x across cluster][0m
[92mINFO [0m:      aggregate_train: Received 2 results and 0 failures
[92mINFO [0m:      	└──> Aggregated MetricRecord: {'train_loss': 0.08414218385528975, 'train_loss_mean': 0.12336902544865405, 'client-ids': [0, 1], 'per-client-num-examples': [5333, 2133], 'per-client-train_loss': [0.06315410646513739, 0.1366172971800354], 'per-client-train_loss_mean': [0.08585253613474456, 0.21716904303472032]}
[92mINFO [0m:      configure_evaluate: Sampled 2 nodes (out of 2)
[92mINFO [0m:      aggregate_evaluate: Received 2 results and 0 failures
[92mINFO [0m:      	└──> Aggregated MetricRecord: {'eval_loss': 0.8994319038166478, 'eval_acc': 0.778372591006424, 'client-ids': [0, 1], 'per-client-eval_acc': [0.7818590704647677, 0.7696629213483146], 'per-client-eval_loss': [0.8761689720125213, 0.9575456697842601], 'per-client-num-examples': [1334, 534]}
[92mINFO [0m:      Global evaluation
[92mINFO [0m:      	└──> MetricRecord: {'loss': 0.8520733110904694, 'accuracy': 0.799, 'f1': 0.7978370644186972, 'precision': 0.7976530317291688, 'auc': 0.9492696666666667}
[92mINFO [0m:      
[92mINFO [0m:      [ROUND 8/20]
[92mINFO [0m:      configure_train: Sampled 2 nodes (out of 2)
[36m(ClientAppActor pid=3888)[0m /usr/lib/python3.12/multiprocessing/popen_fork.py:66: DeprecationWarning: This process (pid=3888) is multi-threaded, use of fork() may lead to deadlocks in the child.[32m [repeated 2x across cluster][0m
[36m(ClientAppActor pid=3888)[0m   self.pid = os.fork()[32m [repeated 2x across cluster][0m
[92mINFO [0m:      aggregate_train: Received 2 results and 0 failures
[92mINFO [0m:      	└──> Aggregated MetricRecord: {'train_loss': 0.040122712425689995, 'train_loss_mean': 0.0934496195255381, 'client-ids': [0, 1], 'per-client-num-examples': [5333, 2133], 'per-client-train_loss': [0.032954179665596606, 0.05804572471334964], 'per-client-train_loss_mean': [0.06280312723105226, 0.1700730341558676]}
[92mINFO [0m:      configure_evaluate: Sampled 2 nodes (out of 2)
[92mINFO [0m:      aggregate_evaluate: Received 2 results and 0 failures
[92mINFO [0m:      	└──> Aggregated MetricRecord: {'eval_loss': 1.0174929871038398, 'eval_acc': 0.7896145610278372, 'client-ids': [0, 1], 'per-client-eval_acc': [0.795352323838081, 0.7752808988764045], 'per-client-eval_loss': [0.988294173216355, 1.0904353423957966], 'per-client-num-examples': [1334, 534]}
[92mINFO [0m:      Global evaluation
[92mINFO [0m:      	└──> MetricRecord: {'loss': 0.9286465759277344, 'accuracy': 0.8115, 'f1': 0.8122843744322435, 'precision': 0.8141506528599997, 'auc': 0.9533920416666667}
[92mINFO [0m:      
[92mINFO [0m:      [ROUND 9/20]
[92mINFO [0m:      configure_train: Sampled 2 nodes (out of 2)
[36m(ClientAppActor pid=3888)[0m /usr/lib/python3.12/multiprocessing/popen_fork.py:66: DeprecationWarning: This process (pid=3888) is multi-threaded, use of fork() may lead to deadlocks in the child.[32m [repeated 2x across cluster][0m
[36m(ClientAppActor pid=3888)[0m   self.pid = os.fork()[32m [repeated 2x across cluster][0m
[92mINFO [0m:      aggregate_train: Received 2 results and 0 failures
[92mINFO [0m:      	└──> Aggregated MetricRecord: {'train_loss': 0.06118723599850421, 'train_loss_mean': 0.08612888824664199, 'client-ids': [0, 1], 'per-client-num-examples': [5333, 2133], 'per-client-train_loss': [0.06401070830189201, 0.05412789338529878], 'per-client-train_loss_mean': [0.05977145987176021, 0.15202863767151048]}
[92mINFO [0m:      configure_evaluate: Sampled 2 nodes (out of 2)
[92mINFO [0m:      aggregate_evaluate: Received 2 results and 0 failures
[92mINFO [0m:      	└──> Aggregated MetricRecord: {'eval_loss': 1.1237460410569413, 'eval_acc': 0.791220556745182, 'client-ids': [0, 1], 'per-client-eval_acc': [0.7931034482758621, 0.7865168539325843], 'per-client-eval_loss': [1.1281334295801853, 1.1127857858322086], 'per-client-num-examples': [1334, 534]}
[92mINFO [0m:      Global evaluation
[92mINFO [0m:      	└──> MetricRecord: {'loss': 1.0523869619369506, 'accuracy': 0.8015, 'f1': 0.8025928323194509, 'precision': 0.804779778490078, 'auc': 0.9499894583333334}
[92mINFO [0m:      
[92mINFO [0m:      [ROUND 10/20]
[92mINFO [0m:      configure_train: Sampled 2 nodes (out of 2)
[36m(ClientAppActor pid=3888)[0m /usr/lib/python3.12/multiprocessing/popen_fork.py:66: DeprecationWarning: This process (pid=3888) is multi-threaded, use of fork() may lead to deadlocks in the child.[32m [repeated 2x across cluster][0m
[36m(ClientAppActor pid=3888)[0m   self.pid = os.fork()[32m [repeated 2x across cluster][0m
[92mINFO [0m:      aggregate_train: Received 2 results and 0 failures
[92mINFO [0m:      	└──> Aggregated MetricRecord: {'train_loss': 0.02928160187136407, 'train_loss_mean': 0.06544444172936208, 'client-ids': [0, 1], 'per-client-num-examples': [5333, 2133], 'per-client-train_loss': [0.027172665945597422, 0.0345544360448819], 'per-client-train_loss_mean': [0.04261399611031587, 0.12252590749887607]}
[92mINFO [0m:      configure_evaluate: Sampled 2 nodes (out of 2)
[92mINFO [0m:      aggregate_evaluate: Received 2 results and 0 failures
[92mINFO [0m:      	└──> Aggregated MetricRecord: {'eval_loss': 1.206223441906098, 'eval_acc': 0.7922912205567452, 'client-ids': [0, 1], 'per-client-eval_acc': [0.7938530734632684, 0.7883895131086143], 'per-client-eval_loss': [1.178252610488274, 1.276098140616542], 'per-client-num-examples': [1334, 534]}
[92mINFO [0m:      Global evaluation
[92mINFO [0m:      	└──> MetricRecord: {'loss': 1.119129084944725, 'accuracy': 0.807, 'f1': 0.8068005745707183, 'precision': 0.8084130582771923, 'auc': 0.9503112499999999}
[92mINFO [0m:      
[92mINFO [0m:      [ROUND 11/20]
[92mINFO [0m:      configure_train: Sampled 2 nodes (out of 2)
[36m(ClientAppActor pid=3888)[0m /usr/lib/python3.12/multiprocessing/popen_fork.py:66: DeprecationWarning: This process (pid=3888) is multi-threaded, use of fork() may lead to deadlocks in the child.[32m [repeated 2x across cluster][0m
[36m(ClientAppActor pid=3888)[0m   self.pid = os.fork()[32m [repeated 2x across cluster][0m
[92mINFO [0m:      aggregate_train: Received 2 results and 0 failures
[92mINFO [0m:      	└──> Aggregated MetricRecord: {'train_loss': 0.041017281024574845, 'train_loss_mean': 0.05615734362821269, 'client-ids': [0, 1], 'per-client-num-examples': [5333, 2133], 'per-client-train_loss': [0.036901295756229274, 0.051308209030241456], 'per-client-train_loss_mean': [0.037332658342888396, 0.10322346956662545]}
[92mINFO [0m:      configure_evaluate: Sampled 2 nodes (out of 2)
[92mINFO [0m:      aggregate_evaluate: Received 2 results and 0 failures
[92mINFO [0m:      	└──> Aggregated MetricRecord: {'eval_loss': 1.435827125573822, 'eval_acc': 0.7532119914346895, 'client-ids': [0, 1], 'per-client-eval_acc': [0.7706146926536732, 0.7097378277153558], 'per-client-eval_loss': [1.3369187379348046, 1.682912872971667], 'per-client-num-examples': [1334, 534]}
[92mINFO [0m:      Global evaluation
[92mINFO [0m:      	└──> MetricRecord: {'loss': 1.2863060908317565, 'accuracy': 0.772, 'f1': 0.7719631252348069, 'precision': 0.784817645153267, 'auc': 0.93799325}
[92mINFO [0m:      
[92mINFO [0m:      [ROUND 12/20]
[92mINFO [0m:      configure_train: Sampled 2 nodes (out of 2)
[36m(ClientAppActor pid=3888)[0m /usr/lib/python3.12/multiprocessing/popen_fork.py:66: DeprecationWarning: This process (pid=3888) is multi-threaded, use of fork() may lead to deadlocks in the child.[32m [repeated 2x across cluster][0m
[36m(ClientAppActor pid=3888)[0m   self.pid = os.fork()[32m [repeated 2x across cluster][0m
[92mINFO [0m:      aggregate_train: Received 2 results and 0 failures
[92mINFO [0m:      	└──> Aggregated MetricRecord: {'train_loss': 0.05518847558260196, 'train_loss_mean': 0.05763662828555635, 'client-ids': [0, 1], 'per-client-num-examples': [5333, 2133], 'per-client-train_loss': [0.04290557135690752, 0.08589861540239963], 'per-client-train_loss_mean': [0.040574921720350196, 0.10029489416096393]}
[92mINFO [0m:      configure_evaluate: Sampled 2 nodes (out of 2)
[92mINFO [0m:      aggregate_evaluate: Received 2 results and 0 failures
[92mINFO [0m:      	└──> Aggregated MetricRecord: {'eval_loss': 1.1823872988943878, 'eval_acc': 0.7831905781584582, 'client-ids': [0, 1], 'per-client-eval_acc': [0.787856071964018, 0.7715355805243446], 'per-client-eval_loss': [1.1409754767410758, 1.2858393040489169], 'per-client-num-examples': [1334, 534]}
[92mINFO [0m:      Global evaluation
[92mINFO [0m:      	└──> MetricRecord: {'loss': 1.078425802230835, 'accuracy': 0.7885, 'f1': 0.7873132304708305, 'precision': 0.7883240718308425, 'auc': 0.9484108750000001}
[92mINFO [0m:      
[92mINFO [0m:      [ROUND 13/20]
[92mINFO [0m:      configure_train: Sampled 2 nodes (out of 2)
[36m(ClientAppActor pid=3888)[0m /usr/lib/python3.12/multiprocessing/popen_fork.py:66: DeprecationWarning: This process (pid=3888) is multi-threaded, use of fork() may lead to deadlocks in the child.[32m [repeated 2x across cluster][0m
[36m(ClientAppActor pid=3888)[0m   self.pid = os.fork()[32m [repeated 2x across cluster][0m
[92mINFO [0m:      aggregate_train: Received 2 results and 0 failures
[92mINFO [0m:      	└──> Aggregated MetricRecord: {'train_loss': 0.028053520620100005, 'train_loss_mean': 0.048917921834516535, 'client-ids': [0, 1], 'per-client-num-examples': [5333, 2133], 'per-client-train_loss': [0.016363191819527462, 0.05728208297052352], 'per-client-train_loss_mean': [0.030643113491796176, 0.0946092265188708]}
[92mINFO [0m:      configure_evaluate: Sampled 2 nodes (out of 2)
[92mINFO [0m:      aggregate_evaluate: Received 2 results and 0 failures
[92mINFO [0m:      	└──> Aggregated MetricRecord: {'eval_loss': 1.3861949254920192, 'eval_acc': 0.7778372591006423, 'client-ids': [0, 1], 'per-client-eval_acc': [0.780359820089955, 0.7715355805243446], 'per-client-eval_loss': [1.3238819957315653, 1.5418605590134524], 'per-client-num-examples': [1334, 534]}
[92mINFO [0m:      Global evaluation
[92mINFO [0m:      	└──> MetricRecord: {'loss': 1.321645583152771, 'accuracy': 0.7875, 'f1': 0.7870019425574811, 'precision': 0.7870842529261126, 'auc': 0.9456370000000001}
[92mINFO [0m:      
[92mINFO [0m:      [ROUND 14/20]
[92mINFO [0m:      configure_train: Sampled 2 nodes (out of 2)
[36m(ClientAppActor pid=3888)[0m /usr/lib/python3.12/multiprocessing/popen_fork.py:66: DeprecationWarning: This process (pid=3888) is multi-threaded, use of fork() may lead to deadlocks in the child.[32m [repeated 2x across cluster][0m
[36m(ClientAppActor pid=3888)[0m   self.pid = os.fork()[32m [repeated 2x across cluster][0m
[92mINFO [0m:      aggregate_train: Received 2 results and 0 failures
[92mINFO [0m:      	└──> Aggregated MetricRecord: {'train_loss': 0.034995693208128585, 'train_loss_mean': 0.047802603341699675, 'client-ids': [0, 1], 'per-client-num-examples': [5333, 2133], 'per-client-train_loss': [0.03440844339018902, 0.03646395541116267], 'per-client-train_loss_mean': [0.03460187024051649, 0.08080753049997905]}
[92mINFO [0m:      configure_evaluate: Sampled 2 nodes (out of 2)
[92mINFO [0m:      aggregate_evaluate: Received 2 results and 0 failures
[92mINFO [0m:      	└──> Aggregated MetricRecord: {'eval_loss': 1.294826080252833, 'eval_acc': 0.7724839400428265, 'client-ids': [0, 1], 'per-client-eval_acc': [0.7773613193403298, 0.7602996254681648], 'per-client-eval_loss': [1.2742703529312156, 1.3461769046854883], 'per-client-num-examples': [1334, 534]}
[92mINFO [0m:      Global evaluation
[92mINFO [0m:      	└──> MetricRecord: {'loss': 1.1868448786735535, 'accuracy': 0.7915, 'f1': 0.7926464787219202, 'precision': 0.7946874952252766, 'auc': 0.945966875}
[92mINFO [0m:      
[92mINFO [0m:      [ROUND 15/20]
[92mINFO [0m:      configure_train: Sampled 2 nodes (out of 2)
[36m(ClientAppActor pid=3888)[0m /usr/lib/python3.12/multiprocessing/popen_fork.py:66: DeprecationWarning: This process (pid=3888) is multi-threaded, use of fork() may lead to deadlocks in the child.[32m [repeated 2x across cluster][0m
[36m(ClientAppActor pid=3888)[0m   self.pid = os.fork()[32m [repeated 2x across cluster][0m
[92mINFO [0m:      aggregate_train: Received 2 results and 0 failures
[92mINFO [0m:      	└──> Aggregated MetricRecord: {'train_loss': 0.02948867898171071, 'train_loss_mean': 0.04283973207956416, 'client-ids': [0, 1], 'per-client-num-examples': [5333, 2133], 'per-client-train_loss': [0.02929673431982204, 0.02996858563049283], 'per-client-train_loss_mean': [0.031512122202185834, 0.07116141209646927]}
[92mINFO [0m:      configure_evaluate: Sampled 2 nodes (out of 2)
[92mINFO [0m:      aggregate_evaluate: Received 2 results and 0 failures
[92mINFO [0m:      	└──> Aggregated MetricRecord: {'eval_loss': 1.4366147227154553, 'eval_acc': 0.7831905781584582, 'client-ids': [0, 1], 'per-client-eval_acc': [0.7863568215892054, 0.7752808988764045], 'per-client-eval_loss': [1.431399275337917, 1.449643574403913], 'per-client-num-examples': [1334, 534]}
[92mINFO [0m:      Global evaluation
[92mINFO [0m:      	└──> MetricRecord: {'loss': 1.3148735632896424, 'accuracy': 0.793, 'f1': 0.7937753555685065, 'precision': 0.7970026121118761, 'auc': 0.9472960833333334}
[92mINFO [0m:      
[92mINFO [0m:      [ROUND 16/20]
[92mINFO [0m:      configure_train: Sampled 2 nodes (out of 2)
[36m(ClientAppActor pid=3888)[0m /usr/lib/python3.12/multiprocessing/popen_fork.py:66: DeprecationWarning: This process (pid=3888) is multi-threaded, use of fork() may lead to deadlocks in the child.[32m [repeated 2x across cluster][0m
[36m(ClientAppActor pid=3888)[0m   self.pid = os.fork()[32m [repeated 2x across cluster][0m
[92mINFO [0m:      aggregate_train: Received 2 results and 0 failures
[92mINFO [0m:      	└──> Aggregated MetricRecord: {'train_loss': 0.01959288248404593, 'train_loss_mean': 0.04157192072825762, 'client-ids': [0, 1], 'per-client-num-examples': [5333, 2133], 'per-client-train_loss': [0.016970827648499637, 0.026148634213051268], 'per-client-train_loss_mean': [0.028072831046555093, 0.07532280927608677]}
[92mINFO [0m:      configure_evaluate: Sampled 2 nodes (out of 2)
[92mINFO [0m:      aggregate_evaluate: Received 2 results and 0 failures
[92mINFO [0m:      	└──> Aggregated MetricRecord: {'eval_loss': 1.4499602450548454, 'eval_acc': 0.7789079229122056, 'client-ids': [0, 1], 'per-client-eval_acc': [0.7841079460269865, 0.7659176029962547], 'per-client-eval_loss': [1.3855036059240888, 1.6109811375650127], 'per-client-num-examples': [1334, 534]}
[92mINFO [0m:      Global evaluation
[92mINFO [0m:      	└──> MetricRecord: {'loss': 1.311627576828003, 'accuracy': 0.7955, 'f1': 0.7950622249963173, 'precision': 0.7948264891708025, 'auc': 0.9492570000000001}
[92mINFO [0m:      
[92mINFO [0m:      [ROUND 17/20]
[92mINFO [0m:      configure_train: Sampled 2 nodes (out of 2)
[36m(ClientAppActor pid=3888)[0m /usr/lib/python3.12/multiprocessing/popen_fork.py:66: DeprecationWarning: This process (pid=3888) is multi-threaded, use of fork() may lead to deadlocks in the child.[32m [repeated 2x across cluster][0m
[36m(ClientAppActor pid=3888)[0m   self.pid = os.fork()[32m [repeated 2x across cluster][0m
[92mINFO [0m:      aggregate_train: Received 2 results and 0 failures
[92mINFO [0m:      	└──> Aggregated MetricRecord: {'train_loss': 0.04231907846078655, 'train_loss_mean': 0.040969143944106126, 'client-ids': [0, 1], 'per-client-num-examples': [5333, 2133], 'per-client-train_loss': [0.026379436956311317, 0.08217191865927057], 'per-client-train_loss_mean': [0.027865622466957986, 0.07373101925476294]}
[92mINFO [0m:      configure_evaluate: Sampled 2 nodes (out of 2)
[92mINFO [0m:      aggregate_evaluate: Received 2 results and 0 failures
[92mINFO [0m:      	└──> Aggregated MetricRecord: {'eval_loss': 1.4099314598250952, 'eval_acc': 0.771948608137045, 'client-ids': [0, 1], 'per-client-eval_acc': [0.7811094452773614, 0.7490636704119851], 'per-client-eval_loss': [1.351618518357513, 1.5556046132291301], 'per-client-num-examples': [1334, 534]}
[92mINFO [0m:      Global evaluation
[92mINFO [0m:      	└──> MetricRecord: {'loss': 1.2531000542640687, 'accuracy': 0.793, 'f1': 0.7928067723200282, 'precision': 0.7937173116665917, 'auc': 0.9485516249999999}
[92mINFO [0m:      
[92mINFO [0m:      [ROUND 18/20]
[92mINFO [0m:      configure_train: Sampled 2 nodes (out of 2)
[36m(ClientAppActor pid=3888)[0m /usr/lib/python3.12/multiprocessing/popen_fork.py:66: DeprecationWarning: This process (pid=3888) is multi-threaded, use of fork() may lead to deadlocks in the child.[32m [repeated 2x across cluster][0m
[36m(ClientAppActor pid=3888)[0m   self.pid = os.fork()[32m [repeated 2x across cluster][0m
[92mINFO [0m:      aggregate_train: Received 2 results and 0 failures
[92mINFO [0m:      	└──> Aggregated MetricRecord: {'train_loss': 0.020326005944325036, 'train_loss_mean': 0.040654133783970134, 'client-ids': [0, 1], 'per-client-num-examples': [5333, 2133], 'per-client-train_loss': [0.010591035060893298, 0.044665715143266164], 'per-client-train_loss_mean': [0.031562926337954746, 0.06338428348373575]}
[92mINFO [0m:      configure_evaluate: Sampled 2 nodes (out of 2)
[92mINFO [0m:      aggregate_evaluate: Received 2 results and 0 failures
[92mINFO [0m:      	└──> Aggregated MetricRecord: {'eval_loss': 1.4999642106654556, 'eval_acc': 0.7719486081370449, 'client-ids': [0, 1], 'per-client-eval_acc': [0.7781109445277361, 0.7565543071161048], 'per-client-eval_loss': [1.4931246687447293, 1.5170502573363343], 'per-client-num-examples': [1334, 534]}
[92mINFO [0m:      Global evaluation
[92mINFO [0m:      	└──> MetricRecord: {'loss': 1.4109524655342103, 'accuracy': 0.792, 'f1': 0.7937579203110329, 'precision': 0.7987830343525518, 'auc': 0.9471074166666665}
[92mINFO [0m:      
[92mINFO [0m:      [ROUND 19/20]
[92mINFO [0m:      configure_train: Sampled 2 nodes (out of 2)
[36m(ClientAppActor pid=3888)[0m /usr/lib/python3.12/multiprocessing/popen_fork.py:66: DeprecationWarning: This process (pid=3888) is multi-threaded, use of fork() may lead to deadlocks in the child.[32m [repeated 2x across cluster][0m
[36m(ClientAppActor pid=3888)[0m   self.pid = os.fork()[32m [repeated 2x across cluster][0m
[92mINFO [0m:      aggregate_train: Received 2 results and 0 failures
[92mINFO [0m:      	└──> Aggregated MetricRecord: {'train_loss': 0.015395788604557887, 'train_loss_mean': 0.03275935105770375, 'client-ids': [0, 1], 'per-client-num-examples': [5333, 2133], 'per-client-train_loss': [0.0050454759854743365, 0.04127399638588586], 'per-client-train_loss_mean': [0.02096644683465155, 0.06224437600919808]}
[92mINFO [0m:      configure_evaluate: Sampled 2 nodes (out of 2)
[92mINFO [0m:      aggregate_evaluate: Received 2 results and 0 failures
[92mINFO [0m:      	└──> Aggregated MetricRecord: {'eval_loss': 1.579357389719634, 'eval_acc': 0.7789079229122055, 'client-ids': [0, 1], 'per-client-eval_acc': [0.7863568215892054, 0.7602996254681648], 'per-client-eval_loss': [1.5946616933442306, 1.5411252904027588], 'per-client-num-examples': [1334, 534]}
[92mINFO [0m:      Global evaluation
[92mINFO [0m:      	└──> MetricRecord: {'loss': 1.4595145072937012, 'accuracy': 0.79, 'f1': 0.790922159143857, 'precision': 0.7925331169658976, 'auc': 0.9459580000000001}
[92mINFO [0m:      
[92mINFO [0m:      [ROUND 20/20]
[92mINFO [0m:      configure_train: Sampled 2 nodes (out of 2)
[36m(ClientAppActor pid=3888)[0m /usr/lib/python3.12/multiprocessing/popen_fork.py:66: DeprecationWarning: This process (pid=3888) is multi-threaded, use of fork() may lead to deadlocks in the child.[32m [repeated 2x across cluster][0m
[36m(ClientAppActor pid=3888)[0m   self.pid = os.fork()[32m [repeated 2x across cluster][0m
[92mINFO [0m:      aggregate_train: Received 2 results and 0 failures
[92mINFO [0m:      	└──> Aggregated MetricRecord: {'train_loss': 0.04999536198080874, 'train_loss_mean': 0.034779656884241957, 'client-ids': [0, 1], 'per-client-num-examples': [5333, 2133], 'per-client-train_loss': [0.04390120761889525, 0.0652321764262305], 'per-client-train_loss_mean': [0.02645747704449882, 0.05558705729931468]}
[92mINFO [0m:      configure_evaluate: Sampled 2 nodes (out of 2)
[92mINFO [0m:      aggregate_evaluate: Received 2 results and 0 failures
[92mINFO [0m:      	└──> Aggregated MetricRecord: {'eval_loss': 1.3105816922810654, 'eval_acc': 0.778372591006424, 'client-ids': [0, 1], 'per-client-eval_acc': [0.7781109445277361, 0.7790262172284644], 'per-client-eval_loss': [1.3271257051642331, 1.2692526413706804], 'per-client-num-examples': [1334, 534]}
[92mINFO [0m:      Global evaluation
[92mINFO [0m:      	└──> MetricRecord: {'loss': 1.2612608876228333, 'accuracy': 0.793, 'f1': 0.793224862535233, 'precision': 0.7952903463844438, 'auc': 0.943082}
[92mINFO [0m:      
[92mINFO [0m:      Strategy execution finished in 216.82s
[92mINFO [0m:      
[92mINFO [0m:      Final results:
[92mINFO [0m:      
[92mINFO [0m:      	Global Arrays:
[92mINFO [0m:      		ArrayRecord (0.866 MB)
[92mINFO [0m:      	
[92mINFO [0m:      	Aggregated ClientApp-side Train Metrics:
[92mINFO [0m:      	{ 1: { 'client-ids': "['0', '1']",
[92mINFO [0m:      	       'per-client-num-examples': "['5333', '2133']",
[92mINFO [0m:      	       'per-client-train_loss': "['7.0031e-01', '9.1186e-01']",
[92mINFO [0m:      	       'per-client-train_loss_mean': "['8.5418e-01', '1.0080e+00']",
[92mINFO [0m:      	       'train_loss': '7.6075e-01',
[92mINFO [0m:      	       'train_loss_mean': '8.9813e-01'},
[92mINFO [0m:      	  2: { 'client-ids': "['0', '1']",
[92mINFO [0m:      	       'per-client-num-examples': "['5333', '2133']",
[92mINFO [0m:      	       'per-client-train_loss': "['5.4626e-01', '6.6204e-01']",
[92mINFO [0m:      	       'per-client-train_loss_mean': "['6.2200e-01', '7.0424e-01']",
[92mINFO [0m:      	       'train_loss': '5.7934e-01',
[92mINFO [0m:      	       'train_loss_mean': '6.4550e-01'},
[92mINFO [0m:      	  3: { 'client-ids': "['0', '1']",
[92mINFO [0m:      	       'per-client-num-examples': "['5333', '2133']",
[92mINFO [0m:      	       'per-client-train_loss': "['3.9921e-01', '4.6200e-01']",
[92mINFO [0m:      	       'per-client-train_loss_mean': "['4.6363e-01', '5.3302e-01']",
[92mINFO [0m:      	       'train_loss': '4.1715e-01',
[92mINFO [0m:      	       'train_loss_mean': '4.8345e-01'},
[92mINFO [0m:      	  4: { 'client-ids': "['0', '1']",
[92mINFO [0m:      	       'per-client-num-examples': "['5333', '2133']",
[92mINFO [0m:      	       'per-client-train_loss': "['2.5776e-01', '3.1870e-01']",
[92mINFO [0m:      	       'per-client-train_loss_mean': "['3.2390e-01', '4.3409e-01']",
[92mINFO [0m:      	       'train_loss': '2.7517e-01',
[92mINFO [0m:      	       'train_loss_mean': '3.5538e-01'},
[92mINFO [0m:      	  5: { 'client-ids': "['0', '1']",
[92mINFO [0m:      	       'per-client-num-examples': "['5333', '2133']",
[92mINFO [0m:      	       'per-client-train_loss': "['1.5499e-01', '2.1693e-01']",
[92mINFO [0m:      	       'per-client-train_loss_mean': "['2.0228e-01', '3.3898e-01']",
[92mINFO [0m:      	       'train_loss': '1.7269e-01',
[92mINFO [0m:      	       'train_loss_mean': '2.4133e-01'},
[92mINFO [0m:      	  6: { 'client-ids': "['0', '1']",
[92mINFO [0m:      	       'per-client-num-examples': "['5333', '2133']",
[92mINFO [0m:      	       'per-client-train_loss': "['8.5032e-02', '1.6300e-01']",
[92mINFO [0m:      	       'per-client-train_loss_mean': "['1.2286e-01', '2.7352e-01']",
[92mINFO [0m:      	       'train_loss': '1.0731e-01',
[92mINFO [0m:      	       'train_loss_mean': '1.6590e-01'},
[92mINFO [0m:      	  7: { 'client-ids': "['0', '1']",
[92mINFO [0m:      	       'per-client-num-examples': "['5333', '2133']",
[92mINFO [0m:      	       'per-client-train_loss': "['6.3154e-02', '1.3662e-01']",
[92mINFO [0m:      	       'per-client-train_loss_mean': "['8.5853e-02', '2.1717e-01']",
[92mINFO [0m:      	       'train_loss': '8.4142e-02',
[92mINFO [0m:      	       'train_loss_mean': '1.2337e-01'},
[92mINFO [0m:      	  8: { 'client-ids': "['0', '1']",
[92mINFO [0m:      	       'per-client-num-examples': "['5333', '2133']",
[92mINFO [0m:      	       'per-client-train_loss': "['3.2954e-02', '5.8046e-02']",
[92mINFO [0m:      	       'per-client-train_loss_mean': "['6.2803e-02', '1.7007e-01']",
[92mINFO [0m:      	       'train_loss': '4.0123e-02',
[92mINFO [0m:      	       'train_loss_mean': '9.3450e-02'},
[92mINFO [0m:      	  9: { 'client-ids': "['0', '1']",
[92mINFO [0m:      	       'per-client-num-examples': "['5333', '2133']",
[92mINFO [0m:      	       'per-client-train_loss': "['6.4011e-02', '5.4128e-02']",
[92mINFO [0m:      	       'per-client-train_loss_mean': "['5.9771e-02', '1.5203e-01']",
[92mINFO [0m:      	       'train_loss': '6.1187e-02',
[92mINFO [0m:      	       'train_loss_mean': '8.6129e-02'},
[92mINFO [0m:      	  10: { 'client-ids': "['0', '1']",
[92mINFO [0m:      	        'per-client-num-examples': "['5333', '2133']",
[92mINFO [0m:      	        'per-client-train_loss': "['2.7173e-02', '3.4554e-02']",
[92mINFO [0m:      	        'per-client-train_loss_mean': "['4.2614e-02', '1.2253e-01']",
[92mINFO [0m:      	        'train_loss': '2.9282e-02',
[92mINFO [0m:      	        'train_loss_mean': '6.5444e-02'},
[92mINFO [0m:      	  11: { 'client-ids': "['0', '1']",
[92mINFO [0m:      	        'per-client-num-examples': "['5333', '2133']",
[92mINFO [0m:      	        'per-client-train_loss': "['3.6901e-02', '5.1308e-02']",
[92mINFO [0m:      	        'per-client-train_loss_mean': "['3.7333e-02', '1.0322e-01']",
[92mINFO [0m:      	        'train_loss': '4.1017e-02',
[92mINFO [0m:      	        'train_loss_mean': '5.6157e-02'},
[92mINFO [0m:      	  12: { 'client-ids': "['0', '1']",
[92mINFO [0m:      	        'per-client-num-examples': "['5333', '2133']",
[92mINFO [0m:      	        'per-client-train_loss': "['4.2906e-02', '8.5899e-02']",
[92mINFO [0m:      	        'per-client-train_loss_mean': "['4.0575e-02', '1.0029e-01']",
[92mINFO [0m:      	        'train_loss': '5.5188e-02',
[92mINFO [0m:      	        'train_loss_mean': '5.7637e-02'},
[92mINFO [0m:      	  13: { 'client-ids': "['0', '1']",
[92mINFO [0m:      	        'per-client-num-examples': "['5333', '2133']",
[92mINFO [0m:      	        'per-client-train_loss': "['1.6363e-02', '5.7282e-02']",
[92mINFO [0m:      	        'per-client-train_loss_mean': "['3.0643e-02', '9.4609e-02']",
[92mINFO [0m:      	        'train_loss': '2.8054e-02',
[92mINFO [0m:      	        'train_loss_mean': '4.8918e-02'},
[92mINFO [0m:      	  14: { 'client-ids': "['0', '1']",
[92mINFO [0m:      	        'per-client-num-examples': "['5333', '2133']",
[92mINFO [0m:      	        'per-client-train_loss': "['3.4408e-02', '3.6464e-02']",
[92mINFO [0m:      	        'per-client-train_loss_mean': "['3.4602e-02', '8.0808e-02']",
[92mINFO [0m:      	        'train_loss': '3.4996e-02',
[92mINFO [0m:      	        'train_loss_mean': '4.7803e-02'},
[92mINFO [0m:      	  15: { 'client-ids': "['0', '1']",
[92mINFO [0m:      	        'per-client-num-examples': "['5333', '2133']",
[92mINFO [0m:      	        'per-client-train_loss': "['2.9297e-02', '2.9969e-02']",
[92mINFO [0m:      	        'per-client-train_loss_mean': "['3.1512e-02', '7.1161e-02']",
[92mINFO [0m:      	        'train_loss': '2.9489e-02',
[92mINFO [0m:      	        'train_loss_mean': '4.2840e-02'},
[92mINFO [0m:      	  16: { 'client-ids': "['0', '1']",
[92mINFO [0m:      	        'per-client-num-examples': "['5333', '2133']",
[92mINFO [0m:      	        'per-client-train_loss': "['1.6971e-02', '2.6149e-02']",
[92mINFO [0m:      	        'per-client-train_loss_mean': "['2.8073e-02', '7.5323e-02']",
[92mINFO [0m:      	        'train_loss': '1.9593e-02',
[92mINFO [0m:      	        'train_loss_mean': '4.1572e-02'},
[92mINFO [0m:      	  17: { 'client-ids': "['0', '1']",
[92mINFO [0m:      	        'per-client-num-examples': "['5333', '2133']",
[92mINFO [0m:      	        'per-client-train_loss': "['2.6379e-02', '8.2172e-02']",
[92mINFO [0m:      	        'per-client-train_loss_mean': "['2.7866e-02', '7.3731e-02']",
[92mINFO [0m:      	        'train_loss': '4.2319e-02',
[92mINFO [0m:      	        'train_loss_mean': '4.0969e-02'},
[92mINFO [0m:      	  18: { 'client-ids': "['0', '1']",
[92mINFO [0m:      	        'per-client-num-examples': "['5333', '2133']",
[92mINFO [0m:      	        'per-client-train_loss': "['1.0591e-02', '4.4666e-02']",
[92mINFO [0m:      	        'per-client-train_loss_mean': "['3.1563e-02', '6.3384e-02']",
[92mINFO [0m:      	        'train_loss': '2.0326e-02',
[92mINFO [0m:      	        'train_loss_mean': '4.0654e-02'},
[92mINFO [0m:      	  19: { 'client-ids': "['0', '1']",
[92mINFO [0m:      	        'per-client-num-examples': "['5333', '2133']",
[92mINFO [0m:      	        'per-client-train_loss': "['5.0455e-03', '4.1274e-02']",
[92mINFO [0m:      	        'per-client-train_loss_mean': "['2.0966e-02', '6.2244e-02']",
[92mINFO [0m:      	        'train_loss': '1.5396e-02',
[92mINFO [0m:      	        'train_loss_mean': '3.2759e-02'},
[92mINFO [0m:      	  20: { 'client-ids': "['0', '1']",
[92mINFO [0m:      	        'per-client-num-examples': "['5333', '2133']",
[92mINFO [0m:      	        'per-client-train_loss': "['4.3901e-02', '6.5232e-02']",
[92mINFO [0m:      	        'per-client-train_loss_mean': "['2.6457e-02', '5.5587e-02']",
[92mINFO [0m:      	        'train_loss': '4.9995e-02',
[92mINFO [0m:      	        'train_loss_mean': '3.4780e-02'}}
[92mINFO [0m:      	
[92mINFO [0m:      	Aggregated ClientApp-side Evaluate Metrics:
[92mINFO [0m:      	{ 1: { 'client-ids': "['0', '1']",
[92mINFO [0m:      	       'eval_acc': '6.6221e-01',
[92mINFO [0m:      	       'eval_loss': '8.6586e-01',
[92mINFO [0m:      	       'per-client-eval_acc': "['6.6117e-01', '6.6479e-01']",
[92mINFO [0m:      	       'per-client-eval_loss': "['8.6522e-01', '8.6747e-01']",
[92mINFO [0m:      	       'per-client-num-examples': "['1334', '534']"},
[92mINFO [0m:      	  2: { 'client-ids': "['0', '1']",
[92mINFO [0m:      	       'eval_acc': '7.4143e-01',
[92mINFO [0m:      	       'eval_loss': '6.4303e-01',
[92mINFO [0m:      	       'per-client-eval_acc': "['7.4063e-01', '7.4345e-01']",
[92mINFO [0m:      	       'per-client-eval_loss': "['6.4640e-01', '6.3460e-01']",
[92mINFO [0m:      	       'per-client-num-examples': "['1334', '534']"},
[92mINFO [0m:      	  3: { 'client-ids': "['0', '1']",
[92mINFO [0m:      	       'eval_acc': '7.8854e-01',
[92mINFO [0m:      	       'eval_loss': '5.7964e-01',
[92mINFO [0m:      	       'per-client-eval_acc': "['7.8336e-01', '8.0150e-01']",
[92mINFO [0m:      	       'per-client-eval_loss': "['5.8718e-01', '5.6081e-01']",
[92mINFO [0m:      	       'per-client-num-examples': "['1334', '534']"},
[92mINFO [0m:      	  4: { 'client-ids': "['0', '1']",
[92mINFO [0m:      	       'eval_acc': '7.8801e-01',
[92mINFO [0m:      	       'eval_loss': '6.2629e-01',
[92mINFO [0m:      	       'per-client-eval_acc': "['7.8786e-01', '7.8839e-01']",
[92mINFO [0m:      	       'per-client-eval_loss': "['6.2457e-01', '6.3060e-01']",
[92mINFO [0m:      	       'per-client-num-examples': "['1334', '534']"},
[92mINFO [0m:      	  5: { 'client-ids': "['0', '1']",
[92mINFO [0m:      	       'eval_acc': '7.9925e-01',
[92mINFO [0m:      	       'eval_loss': '7.2339e-01',
[92mINFO [0m:      	       'per-client-eval_acc': "['8.0210e-01', '7.9213e-01']",
[92mINFO [0m:      	       'per-client-eval_loss': "['7.1339e-01', '7.4836e-01']",
[92mINFO [0m:      	       'per-client-num-examples': "['1334', '534']"},
[92mINFO [0m:      	  6: { 'client-ids': "['0', '1']",
[92mINFO [0m:      	       'eval_acc': '8.0032e-01',
[92mINFO [0m:      	       'eval_loss': '7.9503e-01',
[92mINFO [0m:      	       'per-client-eval_acc': "['8.0360e-01', '7.9213e-01']",
[92mINFO [0m:      	       'per-client-eval_loss': "['7.9225e-01', '8.0198e-01']",
[92mINFO [0m:      	       'per-client-num-examples': "['1334', '534']"},
[92mINFO [0m:      	  7: { 'client-ids': "['0', '1']",
[92mINFO [0m:      	       'eval_acc': '7.7837e-01',
[92mINFO [0m:      	       'eval_loss': '8.9943e-01',
[92mINFO [0m:      	       'per-client-eval_acc': "['7.8186e-01', '7.6966e-01']",
[92mINFO [0m:      	       'per-client-eval_loss': "['8.7617e-01', '9.5755e-01']",
[92mINFO [0m:      	       'per-client-num-examples': "['1334', '534']"},
[92mINFO [0m:      	  8: { 'client-ids': "['0', '1']",
[92mINFO [0m:      	       'eval_acc': '7.8961e-01',
[92mINFO [0m:      	       'eval_loss': '1.0175e+00',
[92mINFO [0m:      	       'per-client-eval_acc': "['7.9535e-01', '7.7528e-01']",
[92mINFO [0m:      	       'per-client-eval_loss': "['9.8829e-01', '1.0904e+00']",
[92mINFO [0m:      	       'per-client-num-examples': "['1334', '534']"},
[92mINFO [0m:      	  9: { 'client-ids': "['0', '1']",
[92mINFO [0m:      	       'eval_acc': '7.9122e-01',
[92mINFO [0m:      	       'eval_loss': '1.1237e+00',
[92mINFO [0m:      	       'per-client-eval_acc': "['7.9310e-01', '7.8652e-01']",
[92mINFO [0m:      	       'per-client-eval_loss': "['1.1281e+00', '1.1128e+00']",
[92mINFO [0m:      	       'per-client-num-examples': "['1334', '534']"},
[92mINFO [0m:      	  10: { 'client-ids': "['0', '1']",
[92mINFO [0m:      	        'eval_acc': '7.9229e-01',
[92mINFO [0m:      	        'eval_loss': '1.2062e+00',
[92mINFO [0m:      	        'per-client-eval_acc': "['7.9385e-01', '7.8839e-01']",
[92mINFO [0m:      	        'per-client-eval_loss': "['1.1783e+00', '1.2761e+00']",
[92mINFO [0m:      	        'per-client-num-examples': "['1334', '534']"},
[92mINFO [0m:      	  11: { 'client-ids': "['0', '1']",
[92mINFO [0m:      	        'eval_acc': '7.5321e-01',
[92mINFO [0m:      	        'eval_loss': '1.4358e+00',
[92mINFO [0m:      	        'per-client-eval_acc': "['7.7061e-01', '7.0974e-01']",
[92mINFO [0m:      	        'per-client-eval_loss': "['1.3369e+00', '1.6829e+00']",
[92mINFO [0m:      	        'per-client-num-examples': "['1334', '534']"},
[92mINFO [0m:      	  12: { 'client-ids': "['0', '1']",
[92mINFO [0m:      	        'eval_acc': '7.8319e-01',
[92mINFO [0m:      	        'eval_loss': '1.1824e+00',
[92mINFO [0m:      	        'per-client-eval_acc': "['7.8786e-01', '7.7154e-01']",
[92mINFO [0m:      	        'per-client-eval_loss': "['1.1410e+00', '1.2858e+00']",
[92mINFO [0m:      	        'per-client-num-examples': "['1334', '534']"},
[92mINFO [0m:      	  13: { 'client-ids': "['0', '1']",
[92mINFO [0m:      	        'eval_acc': '7.7784e-01',
[92mINFO [0m:      	        'eval_loss': '1.3862e+00',
[92mINFO [0m:      	        'per-client-eval_acc': "['7.8036e-01', '7.7154e-01']",
[92mINFO [0m:      	        'per-client-eval_loss': "['1.3239e+00', '1.5419e+00']",
[92mINFO [0m:      	        'per-client-num-examples': "['1334', '534']"},
[92mINFO [0m:      	  14: { 'client-ids': "['0', '1']",
[92mINFO [0m:      	        'eval_acc': '7.7248e-01',
[92mINFO [0m:      	        'eval_loss': '1.2948e+00',
[92mINFO [0m:      	        'per-client-eval_acc': "['7.7736e-01', '7.6030e-01']",
[92mINFO [0m:      	        'per-client-eval_loss': "['1.2743e+00', '1.3462e+00']",
[92mINFO [0m:      	        'per-client-num-examples': "['1334', '534']"},
[92mINFO [0m:      	  15: { 'client-ids': "['0', '1']",
[92mINFO [0m:      	        'eval_acc': '7.8319e-01',
[92mINFO [0m:      	        'eval_loss': '1.4366e+00',
[92mINFO [0m:      	        'per-client-eval_acc': "['7.8636e-01', '7.7528e-01']",
[92mINFO [0m:      	        'per-client-eval_loss': "['1.4314e+00', '1.4496e+00']",
[92mINFO [0m:      	        'per-client-num-examples': "['1334', '534']"},
[92mINFO [0m:      	  16: { 'client-ids': "['0', '1']",
[92mINFO [0m:      	        'eval_acc': '7.7891e-01',
[92mINFO [0m:      	        'eval_loss': '1.4500e+00',
[92mINFO [0m:      	        'per-client-eval_acc': "['7.8411e-01', '7.6592e-01']",
[92mINFO [0m:      	        'per-client-eval_loss': "['1.3855e+00', '1.6110e+00']",
[92mINFO [0m:      	        'per-client-num-examples': "['1334', '534']"},
[92mINFO [0m:      	  17: { 'client-ids': "['0', '1']",
[92mINFO [0m:      	        'eval_acc': '7.7195e-01',
[92mINFO [0m:      	        'eval_loss': '1.4099e+00',
[92mINFO [0m:      	        'per-client-eval_acc': "['7.8111e-01', '7.4906e-01']",
[92mINFO [0m:      	        'per-client-eval_loss': "['1.3516e+00', '1.5556e+00']",
[92mINFO [0m:      	        'per-client-num-examples': "['1334', '534']"},
[92mINFO [0m:      	  18: { 'client-ids': "['0', '1']",
[92mINFO [0m:      	        'eval_acc': '7.7195e-01',
[92mINFO [0m:      	        'eval_loss': '1.5000e+00',
[92mINFO [0m:      	        'per-client-eval_acc': "['7.7811e-01', '7.5655e-01']",
[92mINFO [0m:      	        'per-client-eval_loss': "['1.4931e+00', '1.5171e+00']",
[92mINFO [0m:      	        'per-client-num-examples': "['1334', '534']"},
[92mINFO [0m:      	  19: { 'client-ids': "['0', '1']",
[92mINFO [0m:      	        'eval_acc': '7.7891e-01',
[92mINFO [0m:      	        'eval_loss': '1.5794e+00',
[92mINFO [0m:      	        'per-client-eval_acc': "['7.8636e-01', '7.6030e-01']",
[92mINFO [0m:      	        'per-client-eval_loss': "['1.5947e+00', '1.5411e+00']",
[92mINFO [0m:      	        'per-client-num-examples': "['1334', '534']"},
[92mINFO [0m:      	  20: { 'client-ids': "['0', '1']",
[92mINFO [0m:      	        'eval_acc': '7.7837e-01',
[92mINFO [0m:      	        'eval_loss': '1.3106e+00',
[92mINFO [0m:      	        'per-client-eval_acc': "['7.7811e-01', '7.7903e-01']",
[92mINFO [0m:      	        'per-client-eval_loss': "['1.3271e+00', '1.2693e+00']",
[92mINFO [0m:      	        'per-client-num-examples': "['1334', '534']"}}
[92mINFO [0m:      	
[92mINFO [0m:      	ServerApp-side Evaluate Metrics:
[92mINFO [0m:      	{ 0: { 'accuracy': '2.5000e-01',
[92mINFO [0m:      	       'auc': '5.1965e-01',
[92mINFO [0m:      	       'f1': '1.0000e-01',
[92mINFO [0m:      	       'loss': '1.3895e+00',
[92mINFO [0m:      	       'precision': '6.2500e-02'},
[92mINFO [0m:      	  1: { 'accuracy': '6.8800e-01',
[92mINFO [0m:      	       'auc': '8.9947e-01',
[92mINFO [0m:      	       'f1': '6.8541e-01',
[92mINFO [0m:      	       'loss': '8.3180e-01',
[92mINFO [0m:      	       'precision': '7.0650e-01'},
[92mINFO [0m:      	  2: { 'accuracy': '7.6100e-01',
[92mINFO [0m:      	       'auc': '9.3839e-01',
[92mINFO [0m:      	       'f1': '7.5324e-01',
[92mINFO [0m:      	       'loss': '5.9573e-01',
[92mINFO [0m:      	       'precision': '7.6459e-01'},
[92mINFO [0m:      	  3: { 'accuracy': '7.9550e-01',
[92mINFO [0m:      	       'auc': '9.5088e-01',
[92mINFO [0m:      	       'f1': '7.9427e-01',
[92mINFO [0m:      	       'loss': '5.4140e-01',
[92mINFO [0m:      	       'precision': '7.9384e-01'},
[92mINFO [0m:      	  4: { 'accuracy': '8.0850e-01',
[92mINFO [0m:      	       'auc': '9.5673e-01',
[92mINFO [0m:      	       'f1': '8.0685e-01',
[92mINFO [0m:      	       'loss': '5.4869e-01',
[92mINFO [0m:      	       'precision': '8.0986e-01'},
[92mINFO [0m:      	  5: { 'accuracy': '8.1650e-01',
[92mINFO [0m:      	       'auc': '9.5753e-01',
[92mINFO [0m:      	       'f1': '8.1644e-01',
[92mINFO [0m:      	       'loss': '6.2305e-01',
[92mINFO [0m:      	       'precision': '8.1719e-01'},
[92mINFO [0m:      	  6: { 'accuracy': '8.1300e-01',
[92mINFO [0m:      	       'auc': '9.5283e-01',
[92mINFO [0m:      	       'f1': '8.1281e-01',
[92mINFO [0m:      	       'loss': '7.5588e-01',
[92mINFO [0m:      	       'precision': '8.1506e-01'},
[92mINFO [0m:      	  7: { 'accuracy': '7.9900e-01',
[92mINFO [0m:      	       'auc': '9.4927e-01',
[92mINFO [0m:      	       'f1': '7.9784e-01',
[92mINFO [0m:      	       'loss': '8.5207e-01',
[92mINFO [0m:      	       'precision': '7.9765e-01'},
[92mINFO [0m:      	  8: { 'accuracy': '8.1150e-01',
[92mINFO [0m:      	       'auc': '9.5339e-01',
[92mINFO [0m:      	       'f1': '8.1228e-01',
[92mINFO [0m:      	       'loss': '9.2865e-01',
[92mINFO [0m:      	       'precision': '8.1415e-01'},
[92mINFO [0m:      	  9: { 'accuracy': '8.0150e-01',
[92mINFO [0m:      	       'auc': '9.4999e-01',
[92mINFO [0m:      	       'f1': '8.0259e-01',
[92mINFO [0m:      	       'loss': '1.0524e+00',
[92mINFO [0m:      	       'precision': '8.0478e-01'},
[92mINFO [0m:      	  10: { 'accuracy': '8.0700e-01',
[92mINFO [0m:      	        'auc': '9.5031e-01',
[92mINFO [0m:      	        'f1': '8.0680e-01',
[92mINFO [0m:      	        'loss': '1.1191e+00',
[92mINFO [0m:      	        'precision': '8.0841e-01'},
[92mINFO [0m:      	  11: { 'accuracy': '7.7200e-01',
[92mINFO [0m:      	        'auc': '9.3799e-01',
[92mINFO [0m:      	        'f1': '7.7196e-01',
[92mINFO [0m:      	        'loss': '1.2863e+00',
[92mINFO [0m:      	        'precision': '7.8482e-01'},
[92mINFO [0m:      	  12: { 'accuracy': '7.8850e-01',
[92mINFO [0m:      	        'auc': '9.4841e-01',
[92mINFO [0m:      	        'f1': '7.8731e-01',
[92mINFO [0m:      	        'loss': '1.0784e+00',
[92mINFO [0m:      	        'precision': '7.8832e-01'},
[92mINFO [0m:      	  13: { 'accuracy': '7.8750e-01',
[92mINFO [0m:      	        'auc': '9.4564e-01',
[92mINFO [0m:      	        'f1': '7.8700e-01',
[92mINFO [0m:      	        'loss': '1.3216e+00',
[92mINFO [0m:      	        'precision': '7.8708e-01'},
[92mINFO [0m:      	  14: { 'accuracy': '7.9150e-01',
[92mINFO [0m:      	        'auc': '9.4597e-01',
[92mINFO [0m:      	        'f1': '7.9265e-01',
[92mINFO [0m:      	        'loss': '1.1868e+00',
[92mINFO [0m:      	        'precision': '7.9469e-01'},
[92mINFO [0m:      	  15: { 'accuracy': '7.9300e-01',
[92mINFO [0m:      	        'auc': '9.4730e-01',
[92mINFO [0m:      	        'f1': '7.9378e-01',
[92mINFO [0m:      	        'loss': '1.3149e+00',
[92mINFO [0m:      	        'precision': '7.9700e-01'},
[92mINFO [0m:      	  16: { 'accuracy': '7.9550e-01',
[92mINFO [0m:      	        'auc': '9.4926e-01',
[92mINFO [0m:      	        'f1': '7.9506e-01',
[92mINFO [0m:      	        'loss': '1.3116e+00',
[92mINFO [0m:      	        'precision': '7.9483e-01'},
[92mINFO [0m:      	  17: { 'accuracy': '7.9300e-01',
[92mINFO [0m:      	        'auc': '9.4855e-01',
[92mINFO [0m:      	        'f1': '7.9281e-01',
[92mINFO [0m:      	        'loss': '1.2531e+00',
[92mINFO [0m:      	        'precision': '7.9372e-01'},
[92mINFO [0m:      	  18: { 'accuracy': '7.9200e-01',
[92mINFO [0m:      	        'auc': '9.4711e-01',
[92mINFO [0m:      	        'f1': '7.9376e-01',
[92mINFO [0m:      	        'loss': '1.4110e+00',
[92mINFO [0m:      	        'precision': '7.9878e-01'},
[92mINFO [0m:      	  19: { 'accuracy': '7.9000e-01',
[92mINFO [0m:      	        'auc': '9.4596e-01',
[92mINFO [0m:      	        'f1': '7.9092e-01',
[92mINFO [0m:      	        'loss': '1.4595e+00',
[92mINFO [0m:      	        'precision': '7.9253e-01'},
[92mINFO [0m:      	  20: { 'accuracy': '7.9300e-01',
[92mINFO [0m:      	        'auc': '9.4308e-01',
[92mINFO [0m:      	        'f1': '7.9322e-01',
[92mINFO [0m:      	        'loss': '1.2613e+00',
[92mINFO [0m:      	        'precision': '7.9529e-01'}}
[92mINFO [0m:      
Round 1 checkpoint written to /content/metricdp-pytorch/results/planned_runs/cifar/max_records/seed-42-vanilla/runs/cifar-max-records-out-remove__non-iid__vanilla__fedavg__clients-2__seed-42__nm0p01__clip5__rounds-20__epochs-5__cifar_chunks__cifar10_cnn.round-1.pt
Round 2 checkpoint written to /content/metricdp-pytorch/results/planned_runs/cifar/max_records/seed-42-vanilla/runs/cifar-max-records-out-remove__non-iid__vanilla__fedavg__clients-2__seed-42__nm0p01__clip5__rounds-20__epochs-5__cifar_chunks__cifar10_cnn.round-2.pt
Round 3 checkpoint written to /content/metricdp-pytorch/results/planned_runs/cifar/max_records/seed-42-vanilla/runs/cifar-max-records-out-remove__non-iid__vanilla__fedavg__clients-2__seed-42__nm0p01__clip5__rounds-20__epochs-5__cifar_chunks__cifar10_cnn.round-3.pt
Round 4 checkpoint written to /content/metricdp-pytorch/results/planned_runs/cifar/max_records/seed-42-vanilla/runs/cifar-max-records-out-remove__non-iid__vanilla__fedavg__clients-2__seed-42__nm0p01__clip5__rounds-20__epochs-5__cifar_chunks__cifar10_cnn.round-4.pt
Round 5 checkpoint written to /content/metricdp-pytorch/results/planned_runs/cifar/max_records/seed-42-vanilla/runs/cifar-max-records-out-remove__non-iid__vanilla__fedavg__clients-2__seed-42__nm0p01__clip5__rounds-20__epochs-5__cifar_chunks__cifar10_cnn.round-5.pt
Round 6 checkpoint written to /content/metricdp-pytorch/results/planned_runs/cifar/max_records/seed-42-vanilla/runs/cifar-max-records-out-remove__non-iid__vanilla__fedavg__clients-2__seed-42__nm0p01__clip5__rounds-20__epochs-5__cifar_chunks__cifar10_cnn.round-6.pt
Round 7 checkpoint written to /content/metricdp-pytorch/results/planned_runs/cifar/max_records/seed-42-vanilla/runs/cifar-max-records-out-remove__non-iid__vanilla__fedavg__clients-2__seed-42__nm0p01__clip5__rounds-20__epochs-5__cifar_chunks__cifar10_cnn.round-7.pt
Round 8 checkpoint written to /content/metricdp-pytorch/results/planned_runs/cifar/max_records/seed-42-vanilla/runs/cifar-max-records-out-remove__non-iid__vanilla__fedavg__clients-2__seed-42__nm0p01__clip5__rounds-20__epochs-5__cifar_chunks__cifar10_cnn.round-8.pt
Round 9 checkpoint written to /content/metricdp-pytorch/results/planned_runs/cifar/max_records/seed-42-vanilla/runs/cifar-max-records-out-remove__non-iid__vanilla__fedavg__clients-2__seed-42__nm0p01__clip5__rounds-20__epochs-5__cifar_chunks__cifar10_cnn.round-9.pt
Round 10 checkpoint written to /content/metricdp-pytorch/results/planned_runs/cifar/max_records/seed-42-vanilla/runs/cifar-max-records-out-remove__non-iid__vanilla__fedavg__clients-2__seed-42__nm0p01__clip5__rounds-20__epochs-5__cifar_chunks__cifar10_cnn.round-10.pt
Round 11 checkpoint written to /content/metricdp-pytorch/results/planned_runs/cifar/max_records/seed-42-vanilla/runs/cifar-max-records-out-remove__non-iid__vanilla__fedavg__clients-2__seed-42__nm0p01__clip5__rounds-20__epochs-5__cifar_chunks__cifar10_cnn.round-11.pt
Round 12 checkpoint written to /content/metricdp-pytorch/results/planned_runs/cifar/max_records/seed-42-vanilla/runs/cifar-max-records-out-remove__non-iid__vanilla__fedavg__clients-2__seed-42__nm0p01__clip5__rounds-20__epochs-5__cifar_chunks__cifar10_cnn.round-12.pt
Round 13 checkpoint written to /content/metricdp-pytorch/results/planned_runs/cifar/max_records/seed-42-vanilla/runs/cifar-max-records-out-remove__non-iid__vanilla__fedavg__clients-2__seed-42__nm0p01__clip5__rounds-20__epochs-5__cifar_chunks__cifar10_cnn.round-13.pt
Round 14 checkpoint written to /content/metricdp-pytorch/results/planned_runs/cifar/max_records/seed-42-vanilla/runs/cifar-max-records-out-remove__non-iid__vanilla__fedavg__clients-2__seed-42__nm0p01__clip5__rounds-20__epochs-5__cifar_chunks__cifar10_cnn.round-14.pt
Round 15 checkpoint written to /content/metricdp-pytorch/results/planned_runs/cifar/max_records/seed-42-vanilla/runs/cifar-max-records-out-remove__non-iid__vanilla__fedavg__clients-2__seed-42__nm0p01__clip5__rounds-20__epochs-5__cifar_chunks__cifar10_cnn.round-15.pt
Round 16 checkpoint written to /content/metricdp-pytorch/results/planned_runs/cifar/max_records/seed-42-vanilla/runs/cifar-max-records-out-remove__non-iid__vanilla__fedavg__clients-2__seed-42__nm0p01__clip5__rounds-20__epochs-5__cifar_chunks__cifar10_cnn.round-16.pt
Round 17 checkpoint written to /content/metricdp-pytorch/results/planned_runs/cifar/max_records/seed-42-vanilla/runs/cifar-max-records-out-remove__non-iid__vanilla__fedavg__clients-2__seed-42__nm0p01__clip5__rounds-20__epochs-5__cifar_chunks__cifar10_cnn.round-17.pt
Round 18 checkpoint written to /content/metricdp-pytorch/results/planned_runs/cifar/max_records/seed-42-vanilla/runs/cifar-max-records-out-remove__non-iid__vanilla__fedavg__clients-2__seed-42__nm0p01__clip5__rounds-20__epochs-5__cifar_chunks__cifar10_cnn.round-18.pt
Round 19 checkpoint written to /content/metricdp-pytorch/results/planned_runs/cifar/max_records/seed-42-vanilla/runs/cifar-max-records-out-remove__non-iid__vanilla__fedavg__clients-2__seed-42__nm0p01__clip5__rounds-20__epochs-5__cifar_chunks__cifar10_cnn.round-19.pt
Round 20 checkpoint written to /content/metricdp-pytorch/results/planned_runs/cifar/max_records/seed-42-vanilla/runs/cifar-max-records-out-remove__non-iid__vanilla__fedavg__clients-2__seed-42__nm0p01__clip5__rounds-20__epochs-5__cifar_chunks__cifar10_cnn.round-20.pt
Experiment result written to /content/metricdp-pytorch/results/planned_runs/cifar/max_records/seed-42-vanilla/runs/cifar-max-records-out-remove__non-iid__vanilla__fedavg__clients-2__seed-42__nm0p01__clip5__rounds-20__epochs-5__cifar_chunks__cifar10_cnn.json
/usr/lib/python3.12/multiprocessing/popen_fork.py:66: DeprecationWarning: This process (pid=3355) is multi-threaded, use of fork() may lead to deadlocks in the child.
  self.pid = os.fork()
[36m(ClientAppActor pid=3887)[0m /usr/lib/python3.12/multiprocessing/popen_fork.py:66: DeprecationWarning: This process (pid=3887) is multi-threaded, use of fork() may lead to deadlocks in the child.
[36m(ClientAppActor pid=3887)[0m   self.pid = os.fork()
Detailed evaluation written to /content/metricdp-pytorch/results/planned_runs/cifar/max_records/seed-42-vanilla/runs/cifar-max-records-out-remove__non-iid__vanilla__fedavg__clients-2__seed-42__nm0p01__clip5__rounds-20__epochs-5__cifar_chunks__cifar10_cnn.evaluation.json and /content/metricdp-pytorch/results/planned_runs/cifar/max_records/seed-42-vanilla/runs/cifar-max-records-out-remove__non-iid__vanilla__fedavg__clients-2__seed-42__nm0p01__clip5__rounds-20__epochs-5__cifar_chunks__cifar10_cnn.predictions.npz
Result: /content/metricdp-pytorch/results/planned_runs/cifar/max_records/seed-42-vanilla/runs/cifar-max-records-out-remove__non-iid__vanilla__fedavg__clients-2__seed-42__nm0p01__clip5__rounds-20__epochs-5__cifar_chunks__cifar10_cnn.json
Final server metrics: {'loss': 1.2612608876228333, 'accuracy': 0.793, 'f1': 0.793224862535233, 'precision': 0.7952903463844438, 'auc': 0.943082}
2026-08-05 11:32:13 DONE  cifar-max-records-out-remove__non-iid__vanilla__fedavg__clients-2__seed-42__nm0p01__clip5__rounds-20__epochs-5__cifar_chunks__cifar10_cnn (247.5s)
Warning: You are sending unauthenticated requests to the HF Hub. Please set a HF_TOKEN to enable higher rate limits and faster downloads.
2026-08-05 11:32:25 EVALUATED cifar-max-records-out-remove__non-iid__vanilla__fedavg__clients-2__seed-42__nm0p01__clip5__rounds-20__epochs-5__cifar_chunks__cifar10_cnn round=1 (checkpoint deleted)
2026-08-05 11:32:34 EVALUATED cifar-max-records-out-remove__non-iid__vanilla__fedavg__clients-2__seed-42__nm0p01__clip5__rounds-20__epochs-5__cifar_chunks__cifar10_cnn round=2 (checkpoint deleted)
2026-08-05 11:32:43 EVALUATED cifar-max-records-out-remove__non-iid__vanilla__fedavg__clients-2__seed-42__nm0p01__clip5__rounds-20__epochs-5__cifar_chunks__cifar10_cnn round=3 (checkpoint deleted)
2026-08-05 11:32:52 EVALUATED cifar-max-records-out-remove__non-iid__vanilla__fedavg__clients-2__seed-42__nm0p01__clip5__rounds-20__epochs-5__cifar_chunks__cifar10_cnn round=4 (checkpoint deleted)
2026-08-05 11:33:01 EVALUATED cifar-max-records-out-remove__non-iid__vanilla__fedavg__clients-2__seed-42__nm0p01__clip5__rounds-20__epochs-5__cifar_chunks__cifar10_cnn round=5 (checkpoint deleted)
2026-08-05 11:33:09 EVALUATED cifar-max-records-out-remove__non-iid__vanilla__fedavg__clients-2__seed-42__nm0p01__clip5__rounds-20__epochs-5__cifar_chunks__cifar10_cnn round=6 (checkpoint deleted)
2026-08-05 11:33:18 EVALUATED cifar-max-records-out-remove__non-iid__vanilla__fedavg__clients-2__seed-42__nm0p01__clip5__rounds-20__epochs-5__cifar_chunks__cifar10_cnn round=7 (checkpoint deleted)
2026-08-05 11:33:27 EVALUATED cifar-max-records-out-remove__non-iid__vanilla__fedavg__clients-2__seed-42__nm0p01__clip5__rounds-20__epochs-5__cifar_chunks__cifar10_cnn round=8 (checkpoint deleted)
2026-08-05 11:33:36 EVALUATED cifar-max-records-out-remove__non-iid__vanilla__fedavg__clients-2__seed-42__nm0p01__clip5__rounds-20__epochs-5__cifar_chunks__cifar10_cnn round=9 (checkpoint deleted)
2026-08-05 11:33:45 EVALUATED cifar-max-records-out-remove__non-iid__vanilla__fedavg__clients-2__seed-42__nm0p01__clip5__rounds-20__epochs-5__cifar_chunks__cifar10_cnn round=10 (checkpoint deleted)
2026-08-05 11:33:53 EVALUATED cifar-max-records-out-remove__non-iid__vanilla__fedavg__clients-2__seed-42__nm0p01__clip5__rounds-20__epochs-5__cifar_chunks__cifar10_cnn round=11 (checkpoint deleted)
2026-08-05 11:34:02 EVALUATED cifar-max-records-out-remove__non-iid__vanilla__fedavg__clients-2__seed-42__nm0p01__clip5__rounds-20__epochs-5__cifar_chunks__cifar10_cnn round=12 (checkpoint deleted)
2026-08-05 11:34:11 EVALUATED cifar-max-records-out-remove__non-iid__vanilla__fedavg__clients-2__seed-42__nm0p01__clip5__rounds-20__epochs-5__cifar_chunks__cifar10_cnn round=13 (checkpoint deleted)
2026-08-05 11:34:20 EVALUATED cifar-max-records-out-remove__non-iid__vanilla__fedavg__clients-2__seed-42__nm0p01__clip5__rounds-20__epochs-5__cifar_chunks__cifar10_cnn round=14 (checkpoint deleted)
2026-08-05 11:34:29 EVALUATED cifar-max-records-out-remove__non-iid__vanilla__fedavg__clients-2__seed-42__nm0p01__clip5__rounds-20__epochs-5__cifar_chunks__cifar10_cnn round=15 (checkpoint deleted)
2026-08-05 11:34:37 EVALUATED cifar-max-records-out-remove__non-iid__vanilla__fedavg__clients-2__seed-42__nm0p01__clip5__rounds-20__epochs-5__cifar_chunks__cifar10_cnn round=16 (checkpoint deleted)
2026-08-05 11:34:46 EVALUATED cifar-max-records-out-remove__non-iid__vanilla__fedavg__clients-2__seed-42__nm0p01__clip5__rounds-20__epochs-5__cifar_chunks__cifar10_cnn round=17 (checkpoint deleted)
2026-08-05 11:34:55 EVALUATED cifar-max-records-out-remove__non-iid__vanilla__fedavg__clients-2__seed-42__nm0p01__clip5__rounds-20__epochs-5__cifar_chunks__cifar10_cnn round=18 (checkpoint deleted)
2026-08-05 11:35:04 EVALUATED cifar-max-records-out-remove__non-iid__vanilla__fedavg__clients-2__seed-42__nm0p01__clip5__rounds-20__epochs-5__cifar_chunks__cifar10_cnn round=19 (checkpoint deleted)
2026-08-05 11:35:13 EVALUATED cifar-max-records-out-remove__non-iid__vanilla__fedavg__clients-2__seed-42__nm0p01__clip5__rounds-20__epochs-5__cifar_chunks__cifar10_cnn round=20 (checkpoint deleted)
2026-08-05 11:35:13 PROGRESS 1/1 (0 failed so far)
2026-08-05 11:35:13 Sweep finished: 1/1 attempted, 0 failed
