2026-08-05 16:04:54 Starting full chunk: 2 trajectories
2026-08-05 16:04:54 START cifar-full-out-replace__non-iid__global-dp__fedavg__clients-3__seed-44__nm0p009999__clip5__rounds-20__epochs-5__cifar_chunks__cifar10_cnn 
2026-08-05 16:09:56 DONE  cifar-full-out-replace__non-iid__global-dp__fedavg__clients-3__seed-44__nm0p009999__clip5__rounds-20__epochs-5__cifar_chunks__cifar10_cnn (301.5s)
2026-08-05 16:10:05 EVALUATED cifar-full-out-replace__non-iid__global-dp__fedavg__clients-3__seed-44__nm0p009999__clip5__rounds-20__epochs-5__cifar_chunks__cifar10_cnn round=1 (checkpoint deleted)
2026-08-05 16:10:10 EVALUATED cifar-full-out-replace__non-iid__global-dp__fedavg__clients-3__seed-44__nm0p009999__clip5__rounds-20__epochs-5__cifar_chunks__cifar10_cnn round=2 (checkpoint deleted)
2026-08-05 16:10:16 EVALUATED cifar-full-out-replace__non-iid__global-dp__fedavg__clients-3__seed-44__nm0p009999__clip5__rounds-20__epochs-5__cifar_chunks__cifar10_cnn round=3 (checkpoint deleted)
2026-08-05 16:10:21 EVALUATED cifar-full-out-replace__non-iid__global-dp__fedavg__clients-3__seed-44__nm0p009999__clip5__rounds-20__epochs-5__cifar_chunks__cifar10_cnn round=4 (checkpoint deleted)
2026-08-05 16:10:27 EVALUATED cifar-full-out-replace__non-iid__global-dp__fedavg__clients-3__seed-44__nm0p009999__clip5__rounds-20__epochs-5__cifar_chunks__cifar10_cnn round=5 (checkpoint deleted)
2026-08-05 16:10:32 EVALUATED cifar-full-out-replace__non-iid__global-dp__fedavg__clients-3__seed-44__nm0p009999__clip5__rounds-20__epochs-5__cifar_chunks__cifar10_cnn round=6 (checkpoint deleted)
2026-08-05 16:10:38 EVALUATED cifar-full-out-replace__non-iid__global-dp__fedavg__clients-3__seed-44__nm0p009999__clip5__rounds-20__epochs-5__cifar_chunks__cifar10_cnn round=7 (checkpoint deleted)
2026-08-05 16:10:43 EVALUATED cifar-full-out-replace__non-iid__global-dp__fedavg__clients-3__seed-44__nm0p009999__clip5__rounds-20__epochs-5__cifar_chunks__cifar10_cnn round=8 (checkpoint deleted)
2026-08-05 16:10:49 EVALUATED cifar-full-out-replace__non-iid__global-dp__fedavg__clients-3__seed-44__nm0p009999__clip5__rounds-20__epochs-5__cifar_chunks__cifar10_cnn round=9 (checkpoint deleted)
2026-08-05 16:10:54 EVALUATED cifar-full-out-replace__non-iid__global-dp__fedavg__clients-3__seed-44__nm0p009999__clip5__rounds-20__epochs-5__cifar_chunks__cifar10_cnn round=10 (checkpoint deleted)
2026-08-05 16:11:00 EVALUATED cifar-full-out-replace__non-iid__global-dp__fedavg__clients-3__seed-44__nm0p009999__clip5__rounds-20__epochs-5__cifar_chunks__cifar10_cnn round=11 (checkpoint deleted)
2026-08-05 16:11:05 EVALUATED cifar-full-out-replace__non-iid__global-dp__fedavg__clients-3__seed-44__nm0p009999__clip5__rounds-20__epochs-5__cifar_chunks__cifar10_cnn round=12 (checkpoint deleted)
2026-08-05 16:11:11 EVALUATED cifar-full-out-replace__non-iid__global-dp__fedavg__clients-3__seed-44__nm0p009999__clip5__rounds-20__epochs-5__cifar_chunks__cifar10_cnn round=13 (checkpoint deleted)
2026-08-05 16:11:16 EVALUATED cifar-full-out-replace__non-iid__global-dp__fedavg__clients-3__seed-44__nm0p009999__clip5__rounds-20__epochs-5__cifar_chunks__cifar10_cnn round=14 (checkpoint deleted)
2026-08-05 16:11:22 EVALUATED cifar-full-out-replace__non-iid__global-dp__fedavg__clients-3__seed-44__nm0p009999__clip5__rounds-20__epochs-5__cifar_chunks__cifar10_cnn round=15 (checkpoint deleted)
2026-08-05 16:11:27 EVALUATED cifar-full-out-replace__non-iid__global-dp__fedavg__clients-3__seed-44__nm0p009999__clip5__rounds-20__epochs-5__cifar_chunks__cifar10_cnn round=16 (checkpoint deleted)
2026-08-05 16:11:33 EVALUATED cifar-full-out-replace__non-iid__global-dp__fedavg__clients-3__seed-44__nm0p009999__clip5__rounds-20__epochs-5__cifar_chunks__cifar10_cnn round=17 (checkpoint deleted)
2026-08-05 16:11:38 EVALUATED cifar-full-out-replace__non-iid__global-dp__fedavg__clients-3__seed-44__nm0p009999__clip5__rounds-20__epochs-5__cifar_chunks__cifar10_cnn round=18 (checkpoint deleted)
2026-08-05 16:11:44 EVALUATED cifar-full-out-replace__non-iid__global-dp__fedavg__clients-3__seed-44__nm0p009999__clip5__rounds-20__epochs-5__cifar_chunks__cifar10_cnn round=19 (checkpoint deleted)
2026-08-05 16:11:49 EVALUATED cifar-full-out-replace__non-iid__global-dp__fedavg__clients-3__seed-44__nm0p009999__clip5__rounds-20__epochs-5__cifar_chunks__cifar10_cnn round=20 (checkpoint deleted)
2026-08-05 16:11:49 PROGRESS 1/2 (0 failed so far)
2026-08-05 16:11:49 START cifar-full-out-replace__non-iid__metric-privacy__fedavg__clients-3__seed-44__nm0p009999__clip5__rounds-20__epochs-5__cifar_chunks__cifar10_cnn 
2026-08-05 16:16:52 DONE  cifar-full-out-replace__non-iid__metric-privacy__fedavg__clients-3__seed-44__nm0p009999__clip5__rounds-20__epochs-5__cifar_chunks__cifar10_cnn (302.8s)
2026-08-05 16:16:58 EVALUATED cifar-full-out-replace__non-iid__metric-privacy__fedavg__clients-3__seed-44__nm0p009999__clip5__rounds-20__epochs-5__cifar_chunks__cifar10_cnn round=1 (checkpoint deleted)
2026-08-05 16:17:03 EVALUATED cifar-full-out-replace__non-iid__metric-privacy__fedavg__clients-3__seed-44__nm0p009999__clip5__rounds-20__epochs-5__cifar_chunks__cifar10_cnn round=2 (checkpoint deleted)
2026-08-05 16:17:09 EVALUATED cifar-full-out-replace__non-iid__metric-privacy__fedavg__clients-3__seed-44__nm0p009999__clip5__rounds-20__epochs-5__cifar_chunks__cifar10_cnn round=3 (checkpoint deleted)
2026-08-05 16:17:14 EVALUATED cifar-full-out-replace__non-iid__metric-privacy__fedavg__clients-3__seed-44__nm0p009999__clip5__rounds-20__epochs-5__cifar_chunks__cifar10_cnn round=4 (checkpoint deleted)
2026-08-05 16:17:20 EVALUATED cifar-full-out-replace__non-iid__metric-privacy__fedavg__clients-3__seed-44__nm0p009999__clip5__rounds-20__epochs-5__cifar_chunks__cifar10_cnn round=5 (checkpoint deleted)
2026-08-05 16:17:25 EVALUATED cifar-full-out-replace__non-iid__metric-privacy__fedavg__clients-3__seed-44__nm0p009999__clip5__rounds-20__epochs-5__cifar_chunks__cifar10_cnn round=6 (checkpoint deleted)
2026-08-05 16:17:31 EVALUATED cifar-full-out-replace__non-iid__metric-privacy__fedavg__clients-3__seed-44__nm0p009999__clip5__rounds-20__epochs-5__cifar_chunks__cifar10_cnn round=7 (checkpoint deleted)
2026-08-05 16:17:36 EVALUATED cifar-full-out-replace__non-iid__metric-privacy__fedavg__clients-3__seed-44__nm0p009999__clip5__rounds-20__epochs-5__cifar_chunks__cifar10_cnn round=8 (checkpoint deleted)
2026-08-05 16:17:42 EVALUATED cifar-full-out-replace__non-iid__metric-privacy__fedavg__clients-3__seed-44__nm0p009999__clip5__rounds-20__epochs-5__cifar_chunks__cifar10_cnn round=9 (checkpoint deleted)
2026-08-05 16:17:47 EVALUATED cifar-full-out-replace__non-iid__metric-privacy__fedavg__clients-3__seed-44__nm0p009999__clip5__rounds-20__epochs-5__cifar_chunks__cifar10_cnn round=10 (checkpoint deleted)
2026-08-05 16:17:53 EVALUATED cifar-full-out-replace__non-iid__metric-privacy__fedavg__clients-3__seed-44__nm0p009999__clip5__rounds-20__epochs-5__cifar_chunks__cifar10_cnn round=11 (checkpoint deleted)
2026-08-05 16:17:59 EVALUATED cifar-full-out-replace__non-iid__metric-privacy__fedavg__clients-3__seed-44__nm0p009999__clip5__rounds-20__epochs-5__cifar_chunks__cifar10_cnn round=12 (checkpoint deleted)
2026-08-05 16:18:04 EVALUATED cifar-full-out-replace__non-iid__metric-privacy__fedavg__clients-3__seed-44__nm0p009999__clip5__rounds-20__epochs-5__cifar_chunks__cifar10_cnn round=13 (checkpoint deleted)
2026-08-05 16:18:10 EVALUATED cifar-full-out-replace__non-iid__metric-privacy__fedavg__clients-3__seed-44__nm0p009999__clip5__rounds-20__epochs-5__cifar_chunks__cifar10_cnn round=14 (checkpoint deleted)
2026-08-05 16:18:15 EVALUATED cifar-full-out-replace__non-iid__metric-privacy__fedavg__clients-3__seed-44__nm0p009999__clip5__rounds-20__epochs-5__cifar_chunks__cifar10_cnn round=15 (checkpoint deleted)
2026-08-05 16:18:21 EVALUATED cifar-full-out-replace__non-iid__metric-privacy__fedavg__clients-3__seed-44__nm0p009999__clip5__rounds-20__epochs-5__cifar_chunks__cifar10_cnn round=16 (checkpoint deleted)
2026-08-05 16:18:26 EVALUATED cifar-full-out-replace__non-iid__metric-privacy__fedavg__clients-3__seed-44__nm0p009999__clip5__rounds-20__epochs-5__cifar_chunks__cifar10_cnn round=17 (checkpoint deleted)
2026-08-05 16:18:32 EVALUATED cifar-full-out-replace__non-iid__metric-privacy__fedavg__clients-3__seed-44__nm0p009999__clip5__rounds-20__epochs-5__cifar_chunks__cifar10_cnn round=18 (checkpoint deleted)
2026-08-05 16:18:37 EVALUATED cifar-full-out-replace__non-iid__metric-privacy__fedavg__clients-3__seed-44__nm0p009999__clip5__rounds-20__epochs-5__cifar_chunks__cifar10_cnn round=19 (checkpoint deleted)
2026-08-05 16:18:43 EVALUATED cifar-full-out-replace__non-iid__metric-privacy__fedavg__clients-3__seed-44__nm0p009999__clip5__rounds-20__epochs-5__cifar_chunks__cifar10_cnn round=20 (checkpoint deleted)
2026-08-05 16:18:43 PROGRESS 2/2 (0 failed so far)
2026-08-05 16:18:43 Sweep finished: 2/2 attempted, 0 failed
