2026-08-13 23:52:07 CIFAR-10 removal CIA chunk (global-dp, clients=48, noise_ratio=0.0025): 2 trajectories
2026-08-13 23:52:07 START cifar10-in-remove__non-iid__global-dp__fedavg__clients-48__seed-42__nm0p12__clip5__rounds-20__epochs-5__cifar10_remove__cifar10_cnn 
2026-08-14 00:05:29 DONE  cifar10-in-remove__non-iid__global-dp__fedavg__clients-48__seed-42__nm0p12__clip5__rounds-20__epochs-5__cifar10_remove__cifar10_cnn (801.9s)
2026-08-14 00:05:35 EVALUATED cifar10-in-remove__non-iid__global-dp__fedavg__clients-48__seed-42__nm0p12__clip5__rounds-20__epochs-5__cifar10_remove__cifar10_cnn round=1 (checkpoint deleted)
2026-08-14 00:05:40 EVALUATED cifar10-in-remove__non-iid__global-dp__fedavg__clients-48__seed-42__nm0p12__clip5__rounds-20__epochs-5__cifar10_remove__cifar10_cnn round=2 (checkpoint deleted)
2026-08-14 00:05:46 EVALUATED cifar10-in-remove__non-iid__global-dp__fedavg__clients-48__seed-42__nm0p12__clip5__rounds-20__epochs-5__cifar10_remove__cifar10_cnn round=3 (checkpoint deleted)
2026-08-14 00:05:51 EVALUATED cifar10-in-remove__non-iid__global-dp__fedavg__clients-48__seed-42__nm0p12__clip5__rounds-20__epochs-5__cifar10_remove__cifar10_cnn round=4 (checkpoint deleted)
2026-08-14 00:05:56 EVALUATED cifar10-in-remove__non-iid__global-dp__fedavg__clients-48__seed-42__nm0p12__clip5__rounds-20__epochs-5__cifar10_remove__cifar10_cnn round=5 (checkpoint deleted)
2026-08-14 00:06:01 EVALUATED cifar10-in-remove__non-iid__global-dp__fedavg__clients-48__seed-42__nm0p12__clip5__rounds-20__epochs-5__cifar10_remove__cifar10_cnn round=6 (checkpoint deleted)
2026-08-14 00:06:06 EVALUATED cifar10-in-remove__non-iid__global-dp__fedavg__clients-48__seed-42__nm0p12__clip5__rounds-20__epochs-5__cifar10_remove__cifar10_cnn round=7 (checkpoint deleted)
2026-08-14 00:06:11 EVALUATED cifar10-in-remove__non-iid__global-dp__fedavg__clients-48__seed-42__nm0p12__clip5__rounds-20__epochs-5__cifar10_remove__cifar10_cnn round=8 (checkpoint deleted)
2026-08-14 00:06:16 EVALUATED cifar10-in-remove__non-iid__global-dp__fedavg__clients-48__seed-42__nm0p12__clip5__rounds-20__epochs-5__cifar10_remove__cifar10_cnn round=9 (checkpoint deleted)
2026-08-14 00:06:21 EVALUATED cifar10-in-remove__non-iid__global-dp__fedavg__clients-48__seed-42__nm0p12__clip5__rounds-20__epochs-5__cifar10_remove__cifar10_cnn round=10 (checkpoint deleted)
2026-08-14 00:06:26 EVALUATED cifar10-in-remove__non-iid__global-dp__fedavg__clients-48__seed-42__nm0p12__clip5__rounds-20__epochs-5__cifar10_remove__cifar10_cnn round=11 (checkpoint deleted)
2026-08-14 00:06:31 EVALUATED cifar10-in-remove__non-iid__global-dp__fedavg__clients-48__seed-42__nm0p12__clip5__rounds-20__epochs-5__cifar10_remove__cifar10_cnn round=12 (checkpoint deleted)
2026-08-14 00:06:36 EVALUATED cifar10-in-remove__non-iid__global-dp__fedavg__clients-48__seed-42__nm0p12__clip5__rounds-20__epochs-5__cifar10_remove__cifar10_cnn round=13 (checkpoint deleted)
2026-08-14 00:06:41 EVALUATED cifar10-in-remove__non-iid__global-dp__fedavg__clients-48__seed-42__nm0p12__clip5__rounds-20__epochs-5__cifar10_remove__cifar10_cnn round=14 (checkpoint deleted)
2026-08-14 00:06:46 EVALUATED cifar10-in-remove__non-iid__global-dp__fedavg__clients-48__seed-42__nm0p12__clip5__rounds-20__epochs-5__cifar10_remove__cifar10_cnn round=15 (checkpoint deleted)
2026-08-14 00:06:51 EVALUATED cifar10-in-remove__non-iid__global-dp__fedavg__clients-48__seed-42__nm0p12__clip5__rounds-20__epochs-5__cifar10_remove__cifar10_cnn round=16 (checkpoint deleted)
2026-08-14 00:06:56 EVALUATED cifar10-in-remove__non-iid__global-dp__fedavg__clients-48__seed-42__nm0p12__clip5__rounds-20__epochs-5__cifar10_remove__cifar10_cnn round=17 (checkpoint deleted)
2026-08-14 00:07:01 EVALUATED cifar10-in-remove__non-iid__global-dp__fedavg__clients-48__seed-42__nm0p12__clip5__rounds-20__epochs-5__cifar10_remove__cifar10_cnn round=18 (checkpoint deleted)
2026-08-14 00:07:06 EVALUATED cifar10-in-remove__non-iid__global-dp__fedavg__clients-48__seed-42__nm0p12__clip5__rounds-20__epochs-5__cifar10_remove__cifar10_cnn round=19 (checkpoint deleted)
2026-08-14 00:07:12 EVALUATED cifar10-in-remove__non-iid__global-dp__fedavg__clients-48__seed-42__nm0p12__clip5__rounds-20__epochs-5__cifar10_remove__cifar10_cnn round=20 (checkpoint deleted)
2026-08-14 00:07:12 PROGRESS 1/2 (0 failed so far)
2026-08-14 00:07:12 START cifar10-out-remove__non-iid__global-dp__fedavg__clients-47__seed-42__nm0p1175__clip5__rounds-20__epochs-5__cifar10_remove__cifar10_cnn 
2026-08-14 00:20:20 DONE  cifar10-out-remove__non-iid__global-dp__fedavg__clients-47__seed-42__nm0p1175__clip5__rounds-20__epochs-5__cifar10_remove__cifar10_cnn (788.2s)
2026-08-14 00:20:25 EVALUATED cifar10-out-remove__non-iid__global-dp__fedavg__clients-47__seed-42__nm0p1175__clip5__rounds-20__epochs-5__cifar10_remove__cifar10_cnn round=1 (checkpoint deleted)
2026-08-14 00:20:30 EVALUATED cifar10-out-remove__non-iid__global-dp__fedavg__clients-47__seed-42__nm0p1175__clip5__rounds-20__epochs-5__cifar10_remove__cifar10_cnn round=2 (checkpoint deleted)
2026-08-14 00:20:35 EVALUATED cifar10-out-remove__non-iid__global-dp__fedavg__clients-47__seed-42__nm0p1175__clip5__rounds-20__epochs-5__cifar10_remove__cifar10_cnn round=3 (checkpoint deleted)
2026-08-14 00:20:40 EVALUATED cifar10-out-remove__non-iid__global-dp__fedavg__clients-47__seed-42__nm0p1175__clip5__rounds-20__epochs-5__cifar10_remove__cifar10_cnn round=4 (checkpoint deleted)
2026-08-14 00:20:45 EVALUATED cifar10-out-remove__non-iid__global-dp__fedavg__clients-47__seed-42__nm0p1175__clip5__rounds-20__epochs-5__cifar10_remove__cifar10_cnn round=5 (checkpoint deleted)
2026-08-14 00:20:50 EVALUATED cifar10-out-remove__non-iid__global-dp__fedavg__clients-47__seed-42__nm0p1175__clip5__rounds-20__epochs-5__cifar10_remove__cifar10_cnn round=6 (checkpoint deleted)
2026-08-14 00:20:55 EVALUATED cifar10-out-remove__non-iid__global-dp__fedavg__clients-47__seed-42__nm0p1175__clip5__rounds-20__epochs-5__cifar10_remove__cifar10_cnn round=7 (checkpoint deleted)
2026-08-14 00:21:00 EVALUATED cifar10-out-remove__non-iid__global-dp__fedavg__clients-47__seed-42__nm0p1175__clip5__rounds-20__epochs-5__cifar10_remove__cifar10_cnn round=8 (checkpoint deleted)
2026-08-14 00:21:05 EVALUATED cifar10-out-remove__non-iid__global-dp__fedavg__clients-47__seed-42__nm0p1175__clip5__rounds-20__epochs-5__cifar10_remove__cifar10_cnn round=9 (checkpoint deleted)
2026-08-14 00:21:10 EVALUATED cifar10-out-remove__non-iid__global-dp__fedavg__clients-47__seed-42__nm0p1175__clip5__rounds-20__epochs-5__cifar10_remove__cifar10_cnn round=10 (checkpoint deleted)
2026-08-14 00:21:15 EVALUATED cifar10-out-remove__non-iid__global-dp__fedavg__clients-47__seed-42__nm0p1175__clip5__rounds-20__epochs-5__cifar10_remove__cifar10_cnn round=11 (checkpoint deleted)
2026-08-14 00:21:20 EVALUATED cifar10-out-remove__non-iid__global-dp__fedavg__clients-47__seed-42__nm0p1175__clip5__rounds-20__epochs-5__cifar10_remove__cifar10_cnn round=12 (checkpoint deleted)
2026-08-14 00:21:25 EVALUATED cifar10-out-remove__non-iid__global-dp__fedavg__clients-47__seed-42__nm0p1175__clip5__rounds-20__epochs-5__cifar10_remove__cifar10_cnn round=13 (checkpoint deleted)
2026-08-14 00:21:30 EVALUATED cifar10-out-remove__non-iid__global-dp__fedavg__clients-47__seed-42__nm0p1175__clip5__rounds-20__epochs-5__cifar10_remove__cifar10_cnn round=14 (checkpoint deleted)
2026-08-14 00:21:35 EVALUATED cifar10-out-remove__non-iid__global-dp__fedavg__clients-47__seed-42__nm0p1175__clip5__rounds-20__epochs-5__cifar10_remove__cifar10_cnn round=15 (checkpoint deleted)
2026-08-14 00:21:40 EVALUATED cifar10-out-remove__non-iid__global-dp__fedavg__clients-47__seed-42__nm0p1175__clip5__rounds-20__epochs-5__cifar10_remove__cifar10_cnn round=16 (checkpoint deleted)
2026-08-14 00:21:45 EVALUATED cifar10-out-remove__non-iid__global-dp__fedavg__clients-47__seed-42__nm0p1175__clip5__rounds-20__epochs-5__cifar10_remove__cifar10_cnn round=17 (checkpoint deleted)
2026-08-14 00:21:50 EVALUATED cifar10-out-remove__non-iid__global-dp__fedavg__clients-47__seed-42__nm0p1175__clip5__rounds-20__epochs-5__cifar10_remove__cifar10_cnn round=18 (checkpoint deleted)
2026-08-14 00:21:56 EVALUATED cifar10-out-remove__non-iid__global-dp__fedavg__clients-47__seed-42__nm0p1175__clip5__rounds-20__epochs-5__cifar10_remove__cifar10_cnn round=19 (checkpoint deleted)
2026-08-14 00:22:01 EVALUATED cifar10-out-remove__non-iid__global-dp__fedavg__clients-47__seed-42__nm0p1175__clip5__rounds-20__epochs-5__cifar10_remove__cifar10_cnn round=20 (checkpoint deleted)
2026-08-14 00:22:01 PROGRESS 2/2 (0 failed so far)
2026-08-14 00:22:01 Sweep finished: 2/2 attempted, 0 failed
