2026-08-21 20:26:58 CIFAR-10 stage (metric-privacy, non-iid, seed=42, noise_ratio=0.005): 2 trajectories
2026-08-21 20:26:58 START cifar10-in-remove__non-iid__metric-privacy__fedavg__clients-100__seed-42__nm0p5__clip5__rounds-20__epochs-5__cifar10_remove__cifar10_cnn 
2026-08-21 20:33:58 DONE  cifar10-in-remove__non-iid__metric-privacy__fedavg__clients-100__seed-42__nm0p5__clip5__rounds-20__epochs-5__cifar10_remove__cifar10_cnn (419.7s)
2026-08-21 20:34:01 EVALUATED cifar10-in-remove__non-iid__metric-privacy__fedavg__clients-100__seed-42__nm0p5__clip5__rounds-20__epochs-5__cifar10_remove__cifar10_cnn round=1 (checkpoint deleted)
2026-08-21 20:34:04 EVALUATED cifar10-in-remove__non-iid__metric-privacy__fedavg__clients-100__seed-42__nm0p5__clip5__rounds-20__epochs-5__cifar10_remove__cifar10_cnn round=2 (checkpoint deleted)
2026-08-21 20:34:07 EVALUATED cifar10-in-remove__non-iid__metric-privacy__fedavg__clients-100__seed-42__nm0p5__clip5__rounds-20__epochs-5__cifar10_remove__cifar10_cnn round=3 (checkpoint deleted)
2026-08-21 20:34:10 EVALUATED cifar10-in-remove__non-iid__metric-privacy__fedavg__clients-100__seed-42__nm0p5__clip5__rounds-20__epochs-5__cifar10_remove__cifar10_cnn round=4 (checkpoint deleted)
2026-08-21 20:34:13 EVALUATED cifar10-in-remove__non-iid__metric-privacy__fedavg__clients-100__seed-42__nm0p5__clip5__rounds-20__epochs-5__cifar10_remove__cifar10_cnn round=5 (checkpoint deleted)
2026-08-21 20:34:16 EVALUATED cifar10-in-remove__non-iid__metric-privacy__fedavg__clients-100__seed-42__nm0p5__clip5__rounds-20__epochs-5__cifar10_remove__cifar10_cnn round=6 (checkpoint deleted)
2026-08-21 20:34:19 EVALUATED cifar10-in-remove__non-iid__metric-privacy__fedavg__clients-100__seed-42__nm0p5__clip5__rounds-20__epochs-5__cifar10_remove__cifar10_cnn round=7 (checkpoint deleted)
2026-08-21 20:34:22 EVALUATED cifar10-in-remove__non-iid__metric-privacy__fedavg__clients-100__seed-42__nm0p5__clip5__rounds-20__epochs-5__cifar10_remove__cifar10_cnn round=8 (checkpoint deleted)
2026-08-21 20:34:26 EVALUATED cifar10-in-remove__non-iid__metric-privacy__fedavg__clients-100__seed-42__nm0p5__clip5__rounds-20__epochs-5__cifar10_remove__cifar10_cnn round=9 (checkpoint deleted)
2026-08-21 20:34:29 EVALUATED cifar10-in-remove__non-iid__metric-privacy__fedavg__clients-100__seed-42__nm0p5__clip5__rounds-20__epochs-5__cifar10_remove__cifar10_cnn round=10 (checkpoint deleted)
2026-08-21 20:34:32 EVALUATED cifar10-in-remove__non-iid__metric-privacy__fedavg__clients-100__seed-42__nm0p5__clip5__rounds-20__epochs-5__cifar10_remove__cifar10_cnn round=11 (checkpoint deleted)
2026-08-21 20:34:35 EVALUATED cifar10-in-remove__non-iid__metric-privacy__fedavg__clients-100__seed-42__nm0p5__clip5__rounds-20__epochs-5__cifar10_remove__cifar10_cnn round=12 (checkpoint deleted)
2026-08-21 20:34:38 EVALUATED cifar10-in-remove__non-iid__metric-privacy__fedavg__clients-100__seed-42__nm0p5__clip5__rounds-20__epochs-5__cifar10_remove__cifar10_cnn round=13 (checkpoint deleted)
2026-08-21 20:34:41 EVALUATED cifar10-in-remove__non-iid__metric-privacy__fedavg__clients-100__seed-42__nm0p5__clip5__rounds-20__epochs-5__cifar10_remove__cifar10_cnn round=14 (checkpoint deleted)
2026-08-21 20:34:44 EVALUATED cifar10-in-remove__non-iid__metric-privacy__fedavg__clients-100__seed-42__nm0p5__clip5__rounds-20__epochs-5__cifar10_remove__cifar10_cnn round=15 (checkpoint deleted)
2026-08-21 20:34:47 EVALUATED cifar10-in-remove__non-iid__metric-privacy__fedavg__clients-100__seed-42__nm0p5__clip5__rounds-20__epochs-5__cifar10_remove__cifar10_cnn round=16 (checkpoint deleted)
2026-08-21 20:34:50 EVALUATED cifar10-in-remove__non-iid__metric-privacy__fedavg__clients-100__seed-42__nm0p5__clip5__rounds-20__epochs-5__cifar10_remove__cifar10_cnn round=17 (checkpoint deleted)
2026-08-21 20:34:53 EVALUATED cifar10-in-remove__non-iid__metric-privacy__fedavg__clients-100__seed-42__nm0p5__clip5__rounds-20__epochs-5__cifar10_remove__cifar10_cnn round=18 (checkpoint deleted)
2026-08-21 20:34:56 EVALUATED cifar10-in-remove__non-iid__metric-privacy__fedavg__clients-100__seed-42__nm0p5__clip5__rounds-20__epochs-5__cifar10_remove__cifar10_cnn round=19 (checkpoint deleted)
2026-08-21 20:34:59 EVALUATED cifar10-in-remove__non-iid__metric-privacy__fedavg__clients-100__seed-42__nm0p5__clip5__rounds-20__epochs-5__cifar10_remove__cifar10_cnn round=20 (checkpoint deleted)
2026-08-21 20:34:59 PROGRESS 1/2 (0 failed so far)
2026-08-21 20:34:59 START cifar10-out-remove__non-iid__metric-privacy__fedavg__clients-99__seed-42__nm0p495__clip5__rounds-20__epochs-5__cifar10_remove__cifar10_cnn 
2026-08-21 20:41:55 DONE  cifar10-out-remove__non-iid__metric-privacy__fedavg__clients-99__seed-42__nm0p495__clip5__rounds-20__epochs-5__cifar10_remove__cifar10_cnn (416.2s)
2026-08-21 20:41:59 EVALUATED cifar10-out-remove__non-iid__metric-privacy__fedavg__clients-99__seed-42__nm0p495__clip5__rounds-20__epochs-5__cifar10_remove__cifar10_cnn round=1 (checkpoint deleted)
2026-08-21 20:42:02 EVALUATED cifar10-out-remove__non-iid__metric-privacy__fedavg__clients-99__seed-42__nm0p495__clip5__rounds-20__epochs-5__cifar10_remove__cifar10_cnn round=2 (checkpoint deleted)
2026-08-21 20:42:05 EVALUATED cifar10-out-remove__non-iid__metric-privacy__fedavg__clients-99__seed-42__nm0p495__clip5__rounds-20__epochs-5__cifar10_remove__cifar10_cnn round=3 (checkpoint deleted)
2026-08-21 20:42:08 EVALUATED cifar10-out-remove__non-iid__metric-privacy__fedavg__clients-99__seed-42__nm0p495__clip5__rounds-20__epochs-5__cifar10_remove__cifar10_cnn round=4 (checkpoint deleted)
2026-08-21 20:42:11 EVALUATED cifar10-out-remove__non-iid__metric-privacy__fedavg__clients-99__seed-42__nm0p495__clip5__rounds-20__epochs-5__cifar10_remove__cifar10_cnn round=5 (checkpoint deleted)
2026-08-21 20:42:14 EVALUATED cifar10-out-remove__non-iid__metric-privacy__fedavg__clients-99__seed-42__nm0p495__clip5__rounds-20__epochs-5__cifar10_remove__cifar10_cnn round=6 (checkpoint deleted)
2026-08-21 20:42:17 EVALUATED cifar10-out-remove__non-iid__metric-privacy__fedavg__clients-99__seed-42__nm0p495__clip5__rounds-20__epochs-5__cifar10_remove__cifar10_cnn round=7 (checkpoint deleted)
2026-08-21 20:42:20 EVALUATED cifar10-out-remove__non-iid__metric-privacy__fedavg__clients-99__seed-42__nm0p495__clip5__rounds-20__epochs-5__cifar10_remove__cifar10_cnn round=8 (checkpoint deleted)
2026-08-21 20:42:23 EVALUATED cifar10-out-remove__non-iid__metric-privacy__fedavg__clients-99__seed-42__nm0p495__clip5__rounds-20__epochs-5__cifar10_remove__cifar10_cnn round=9 (checkpoint deleted)
2026-08-21 20:42:26 EVALUATED cifar10-out-remove__non-iid__metric-privacy__fedavg__clients-99__seed-42__nm0p495__clip5__rounds-20__epochs-5__cifar10_remove__cifar10_cnn round=10 (checkpoint deleted)
2026-08-21 20:42:29 EVALUATED cifar10-out-remove__non-iid__metric-privacy__fedavg__clients-99__seed-42__nm0p495__clip5__rounds-20__epochs-5__cifar10_remove__cifar10_cnn round=11 (checkpoint deleted)
2026-08-21 20:42:32 EVALUATED cifar10-out-remove__non-iid__metric-privacy__fedavg__clients-99__seed-42__nm0p495__clip5__rounds-20__epochs-5__cifar10_remove__cifar10_cnn round=12 (checkpoint deleted)
2026-08-21 20:42:35 EVALUATED cifar10-out-remove__non-iid__metric-privacy__fedavg__clients-99__seed-42__nm0p495__clip5__rounds-20__epochs-5__cifar10_remove__cifar10_cnn round=13 (checkpoint deleted)
2026-08-21 20:42:38 EVALUATED cifar10-out-remove__non-iid__metric-privacy__fedavg__clients-99__seed-42__nm0p495__clip5__rounds-20__epochs-5__cifar10_remove__cifar10_cnn round=14 (checkpoint deleted)
2026-08-21 20:42:41 EVALUATED cifar10-out-remove__non-iid__metric-privacy__fedavg__clients-99__seed-42__nm0p495__clip5__rounds-20__epochs-5__cifar10_remove__cifar10_cnn round=15 (checkpoint deleted)
2026-08-21 20:42:44 EVALUATED cifar10-out-remove__non-iid__metric-privacy__fedavg__clients-99__seed-42__nm0p495__clip5__rounds-20__epochs-5__cifar10_remove__cifar10_cnn round=16 (checkpoint deleted)
2026-08-21 20:42:48 EVALUATED cifar10-out-remove__non-iid__metric-privacy__fedavg__clients-99__seed-42__nm0p495__clip5__rounds-20__epochs-5__cifar10_remove__cifar10_cnn round=17 (checkpoint deleted)
2026-08-21 20:42:51 EVALUATED cifar10-out-remove__non-iid__metric-privacy__fedavg__clients-99__seed-42__nm0p495__clip5__rounds-20__epochs-5__cifar10_remove__cifar10_cnn round=18 (checkpoint deleted)
2026-08-21 20:42:54 EVALUATED cifar10-out-remove__non-iid__metric-privacy__fedavg__clients-99__seed-42__nm0p495__clip5__rounds-20__epochs-5__cifar10_remove__cifar10_cnn round=19 (checkpoint deleted)
2026-08-21 20:42:57 EVALUATED cifar10-out-remove__non-iid__metric-privacy__fedavg__clients-99__seed-42__nm0p495__clip5__rounds-20__epochs-5__cifar10_remove__cifar10_cnn round=20 (checkpoint deleted)
2026-08-21 20:42:57 PROGRESS 2/2 (0 failed so far)
2026-08-21 20:42:57 Sweep finished: 2/2 attempted, 0 failed
