2026-08-21 02:19:50 Fashion-MNIST stage (global-dp, homogeneous, seed=42, noise_ratio=8.363857167223584e-05): 2 trajectories
2026-08-21 02:19:50 START fashion-mnist-in-remove__homogeneous__global-dp__fedavg__clients-48__seed-42__nm0p00401465__clip5__rounds-100__epochs-5__fashion_mnist_remove__fashion_mnist_cnn 
2026-08-21 02:36:45 DONE  fashion-mnist-in-remove__homogeneous__global-dp__fedavg__clients-48__seed-42__nm0p00401465__clip5__rounds-100__epochs-5__fashion_mnist_remove__fashion_mnist_cnn (1014.9s)
2026-08-21 02:36:48 EVALUATED fashion-mnist-in-remove__homogeneous__global-dp__fedavg__clients-48__seed-42__nm0p00401465__clip5__rounds-100__epochs-5__fashion_mnist_remove__fashion_mnist_cnn round=1 (checkpoint deleted)
2026-08-21 02:36:51 EVALUATED fashion-mnist-in-remove__homogeneous__global-dp__fedavg__clients-48__seed-42__nm0p00401465__clip5__rounds-100__epochs-5__fashion_mnist_remove__fashion_mnist_cnn round=10 (checkpoint deleted)
2026-08-21 02:36:53 EVALUATED fashion-mnist-in-remove__homogeneous__global-dp__fedavg__clients-48__seed-42__nm0p00401465__clip5__rounds-100__epochs-5__fashion_mnist_remove__fashion_mnist_cnn round=20 (checkpoint deleted)
2026-08-21 02:36:56 EVALUATED fashion-mnist-in-remove__homogeneous__global-dp__fedavg__clients-48__seed-42__nm0p00401465__clip5__rounds-100__epochs-5__fashion_mnist_remove__fashion_mnist_cnn round=30 (checkpoint deleted)
2026-08-21 02:36:59 EVALUATED fashion-mnist-in-remove__homogeneous__global-dp__fedavg__clients-48__seed-42__nm0p00401465__clip5__rounds-100__epochs-5__fashion_mnist_remove__fashion_mnist_cnn round=40 (checkpoint deleted)
2026-08-21 02:37:02 EVALUATED fashion-mnist-in-remove__homogeneous__global-dp__fedavg__clients-48__seed-42__nm0p00401465__clip5__rounds-100__epochs-5__fashion_mnist_remove__fashion_mnist_cnn round=50 (checkpoint deleted)
2026-08-21 02:37:05 EVALUATED fashion-mnist-in-remove__homogeneous__global-dp__fedavg__clients-48__seed-42__nm0p00401465__clip5__rounds-100__epochs-5__fashion_mnist_remove__fashion_mnist_cnn round=60 (checkpoint deleted)
2026-08-21 02:37:07 EVALUATED fashion-mnist-in-remove__homogeneous__global-dp__fedavg__clients-48__seed-42__nm0p00401465__clip5__rounds-100__epochs-5__fashion_mnist_remove__fashion_mnist_cnn round=70 (checkpoint deleted)
2026-08-21 02:37:10 EVALUATED fashion-mnist-in-remove__homogeneous__global-dp__fedavg__clients-48__seed-42__nm0p00401465__clip5__rounds-100__epochs-5__fashion_mnist_remove__fashion_mnist_cnn round=80 (checkpoint deleted)
2026-08-21 02:37:13 EVALUATED fashion-mnist-in-remove__homogeneous__global-dp__fedavg__clients-48__seed-42__nm0p00401465__clip5__rounds-100__epochs-5__fashion_mnist_remove__fashion_mnist_cnn round=90 (checkpoint deleted)
2026-08-21 02:37:16 EVALUATED fashion-mnist-in-remove__homogeneous__global-dp__fedavg__clients-48__seed-42__nm0p00401465__clip5__rounds-100__epochs-5__fashion_mnist_remove__fashion_mnist_cnn round=100 (checkpoint deleted)
2026-08-21 02:37:16 PROGRESS 1/2 (0 failed so far)
2026-08-21 02:37:16 START fashion-mnist-out-remove__homogeneous__global-dp__fedavg__clients-47__seed-42__nm0p00393101__clip5__rounds-100__epochs-5__fashion_mnist_remove__fashion_mnist_cnn 
2026-08-21 02:54:21 DONE  fashion-mnist-out-remove__homogeneous__global-dp__fedavg__clients-47__seed-42__nm0p00393101__clip5__rounds-100__epochs-5__fashion_mnist_remove__fashion_mnist_cnn (1024.9s)
2026-08-21 02:54:23 EVALUATED fashion-mnist-out-remove__homogeneous__global-dp__fedavg__clients-47__seed-42__nm0p00393101__clip5__rounds-100__epochs-5__fashion_mnist_remove__fashion_mnist_cnn round=1 (checkpoint deleted)
2026-08-21 02:54:26 EVALUATED fashion-mnist-out-remove__homogeneous__global-dp__fedavg__clients-47__seed-42__nm0p00393101__clip5__rounds-100__epochs-5__fashion_mnist_remove__fashion_mnist_cnn round=10 (checkpoint deleted)
2026-08-21 02:54:29 EVALUATED fashion-mnist-out-remove__homogeneous__global-dp__fedavg__clients-47__seed-42__nm0p00393101__clip5__rounds-100__epochs-5__fashion_mnist_remove__fashion_mnist_cnn round=20 (checkpoint deleted)
2026-08-21 02:54:32 EVALUATED fashion-mnist-out-remove__homogeneous__global-dp__fedavg__clients-47__seed-42__nm0p00393101__clip5__rounds-100__epochs-5__fashion_mnist_remove__fashion_mnist_cnn round=30 (checkpoint deleted)
2026-08-21 02:54:35 EVALUATED fashion-mnist-out-remove__homogeneous__global-dp__fedavg__clients-47__seed-42__nm0p00393101__clip5__rounds-100__epochs-5__fashion_mnist_remove__fashion_mnist_cnn round=40 (checkpoint deleted)
2026-08-21 02:54:38 EVALUATED fashion-mnist-out-remove__homogeneous__global-dp__fedavg__clients-47__seed-42__nm0p00393101__clip5__rounds-100__epochs-5__fashion_mnist_remove__fashion_mnist_cnn round=50 (checkpoint deleted)
2026-08-21 02:54:40 EVALUATED fashion-mnist-out-remove__homogeneous__global-dp__fedavg__clients-47__seed-42__nm0p00393101__clip5__rounds-100__epochs-5__fashion_mnist_remove__fashion_mnist_cnn round=60 (checkpoint deleted)
2026-08-21 02:54:43 EVALUATED fashion-mnist-out-remove__homogeneous__global-dp__fedavg__clients-47__seed-42__nm0p00393101__clip5__rounds-100__epochs-5__fashion_mnist_remove__fashion_mnist_cnn round=70 (checkpoint deleted)
2026-08-21 02:54:46 EVALUATED fashion-mnist-out-remove__homogeneous__global-dp__fedavg__clients-47__seed-42__nm0p00393101__clip5__rounds-100__epochs-5__fashion_mnist_remove__fashion_mnist_cnn round=80 (checkpoint deleted)
2026-08-21 02:54:49 EVALUATED fashion-mnist-out-remove__homogeneous__global-dp__fedavg__clients-47__seed-42__nm0p00393101__clip5__rounds-100__epochs-5__fashion_mnist_remove__fashion_mnist_cnn round=90 (checkpoint deleted)
2026-08-21 02:54:52 EVALUATED fashion-mnist-out-remove__homogeneous__global-dp__fedavg__clients-47__seed-42__nm0p00393101__clip5__rounds-100__epochs-5__fashion_mnist_remove__fashion_mnist_cnn round=100 (checkpoint deleted)
2026-08-21 02:54:52 PROGRESS 2/2 (0 failed so far)
2026-08-21 02:54:52 Sweep finished: 2/2 attempted, 0 failed
