{
  "training_runs": 1,
  "execute": true,
  "rounds_recorded": [
    1,
    100
  ],
  "run_names": [
    "eurosat-dirichlet-a0.3-in-r0.0__non-iid__vanilla__fedavg__clients-48__seed-42__nm0__clip5__rounds-100__epochs-5__data__eurosat_cnn"
  ]
}
Warning: You are sending unauthenticated requests to the HF Hub. Please set a HF_TOKEN to enable higher rate limits and faster downloads.
Generating train split:   0%|          | 0/21600 [00:00<?, ? examples/s]Generating train split:  46%|████▋     | 10000/21600 [00:00<00:00, 90586.00 examples/s]Generating train split: 100%|██████████| 21600/21600 [00:00<00:00, 132593.41 examples/s]
Generating test split:   0%|          | 0/2700 [00:00<?, ? examples/s]Generating test split: 100%|██████████| 2700/2700 [00:00<00:00, 166069.64 examples/s]
Generating contrast split:   0%|          | 0/2700 [00:00<?, ? examples/s]Generating contrast split: 100%|██████████| 2700/2700 [00:00<00:00, 277966.20 examples/s]
Generating gaussian_noise split:   0%|          | 0/2700 [00:00<?, ? examples/s]Generating gaussian_noise split: 100%|██████████| 2700/2700 [00:00<00:00, 246182.06 examples/s]
Generating impulse_noise split:   0%|          | 0/2700 [00:00<?, ? examples/s]Generating impulse_noise split: 100%|██████████| 2700/2700 [00:00<00:00, 248619.56 examples/s]
Generating jpeg_compression split:   0%|          | 0/2700 [00:00<?, ? examples/s]Generating jpeg_compression split: 100%|██████████| 2700/2700 [00:00<00:00, 283498.24 examples/s]
Generating motion_blur split:   0%|          | 0/2700 [00:00<?, ? examples/s]Generating motion_blur split: 100%|██████████| 2700/2700 [00:00<00:00, 283115.52 examples/s]
Generating pixelate split:   0%|          | 0/2700 [00:00<?, ? examples/s]Generating pixelate split: 100%|██████████| 2700/2700 [00:00<00:00, 201280.07 examples/s]
Generating spatter split:   0%|          | 0/2700 [00:00<?, ? examples/s]Generating spatter split: 100%|██████████| 2700/2700 [00:00<00:00, 259132.78 examples/s]
Traceback (most recent call last):
  File "<frozen runpy>", line 203, in _run_module_as_main
  File "<frozen runpy>", line 88, in _run_code
  File "/content/metricdp-pytorch/experiments/auc_frontier/runner.py", line 172, in <module>
    main()
    ~~~~^^
  File "/content/metricdp-pytorch/experiments/auc_frontier/runner.py", line 168, in main
    execute(combos, args.targets, args.output, args.max_parallel_clients, args.alpha_pilot)
    ~~~~~~~^^^^^^^^^^^^^^^^^^^^^^^^^^^^^^^^^^^^^^^^^^^^^^^^^^^^^^^^^^^^^^^^^^^^^^^^^^^^^^^^
  File "/content/metricdp-pytorch/experiments/auc_frontier/runner.py", line 70, in execute
    _execute([combo], targets, output, max_parallel_clients, pilot)
    ~~~~~~~~^^^^^^^^^^^^^^^^^^^^^^^^^^^^^^^^^^^^^^^^^^^^^^^^^^^^^^^
  File "/content/metricdp-pytorch/experiments/auc_frontier/runner.py", line 109, in _execute
    revision = subprocess.run(
               ~~~~~~~~~~~~~~^
        ["git", "-C", str(Path(__file__).resolve().parents[2]), "rev-parse", "HEAD"],
        ^^^^^^^^^^^^^^^^^^^^^^^^^^^^^^^^^^^^^^^^^^^^^^^^^^^^^^^^^^^^^^^^^^^^^^^^^^^^^
        capture_output=True, text=True, check=True,
        ^^^^^^^^^^^^^^^^^^^^^^^^^^^^^^^^^^^^^^^^^^^
    ).stdout.strip()
    ^
  File "/usr/lib/python3.13/subprocess.py", line 577, in run
    raise CalledProcessError(retcode, process.args,
                             output=stdout, stderr=stderr)
subprocess.CalledProcessError: Command '['git', '-C', '/content/metricdp-pytorch', 'rev-parse', 'HEAD']' returned non-zero exit status 128.
