2026-08-05 20:03:09 Starting full chunk: 2 trajectories
2026-08-05 20:03:09 START cifar-full-out-replace__non-iid__global-dp__fedavg__clients-16__seed-42__nm0p04__clip5__rounds-20__epochs-5__cifar_chunks__cifar10_cnn 
2026-08-05 20:08:47 DONE  cifar-full-out-replace__non-iid__global-dp__fedavg__clients-16__seed-42__nm0p04__clip5__rounds-20__epochs-5__cifar_chunks__cifar10_cnn (338.1s)
2026-08-05 20:08:55 EVALUATED cifar-full-out-replace__non-iid__global-dp__fedavg__clients-16__seed-42__nm0p04__clip5__rounds-20__epochs-5__cifar_chunks__cifar10_cnn round=1 (checkpoint deleted)
2026-08-05 20:08:59 EVALUATED cifar-full-out-replace__non-iid__global-dp__fedavg__clients-16__seed-42__nm0p04__clip5__rounds-20__epochs-5__cifar_chunks__cifar10_cnn round=2 (checkpoint deleted)
2026-08-05 20:09:04 EVALUATED cifar-full-out-replace__non-iid__global-dp__fedavg__clients-16__seed-42__nm0p04__clip5__rounds-20__epochs-5__cifar_chunks__cifar10_cnn round=3 (checkpoint deleted)
2026-08-05 20:09:08 EVALUATED cifar-full-out-replace__non-iid__global-dp__fedavg__clients-16__seed-42__nm0p04__clip5__rounds-20__epochs-5__cifar_chunks__cifar10_cnn round=4 (checkpoint deleted)
2026-08-05 20:09:12 EVALUATED cifar-full-out-replace__non-iid__global-dp__fedavg__clients-16__seed-42__nm0p04__clip5__rounds-20__epochs-5__cifar_chunks__cifar10_cnn round=5 (checkpoint deleted)
2026-08-05 20:09:16 EVALUATED cifar-full-out-replace__non-iid__global-dp__fedavg__clients-16__seed-42__nm0p04__clip5__rounds-20__epochs-5__cifar_chunks__cifar10_cnn round=6 (checkpoint deleted)
2026-08-05 20:09:21 EVALUATED cifar-full-out-replace__non-iid__global-dp__fedavg__clients-16__seed-42__nm0p04__clip5__rounds-20__epochs-5__cifar_chunks__cifar10_cnn round=7 (checkpoint deleted)
2026-08-05 20:09:25 EVALUATED cifar-full-out-replace__non-iid__global-dp__fedavg__clients-16__seed-42__nm0p04__clip5__rounds-20__epochs-5__cifar_chunks__cifar10_cnn round=8 (checkpoint deleted)
2026-08-05 20:09:29 EVALUATED cifar-full-out-replace__non-iid__global-dp__fedavg__clients-16__seed-42__nm0p04__clip5__rounds-20__epochs-5__cifar_chunks__cifar10_cnn round=9 (checkpoint deleted)
2026-08-05 20:09:34 EVALUATED cifar-full-out-replace__non-iid__global-dp__fedavg__clients-16__seed-42__nm0p04__clip5__rounds-20__epochs-5__cifar_chunks__cifar10_cnn round=10 (checkpoint deleted)
2026-08-05 20:09:38 EVALUATED cifar-full-out-replace__non-iid__global-dp__fedavg__clients-16__seed-42__nm0p04__clip5__rounds-20__epochs-5__cifar_chunks__cifar10_cnn round=11 (checkpoint deleted)
2026-08-05 20:09:42 EVALUATED cifar-full-out-replace__non-iid__global-dp__fedavg__clients-16__seed-42__nm0p04__clip5__rounds-20__epochs-5__cifar_chunks__cifar10_cnn round=12 (checkpoint deleted)
2026-08-05 20:09:46 EVALUATED cifar-full-out-replace__non-iid__global-dp__fedavg__clients-16__seed-42__nm0p04__clip5__rounds-20__epochs-5__cifar_chunks__cifar10_cnn round=13 (checkpoint deleted)
2026-08-05 20:09:51 EVALUATED cifar-full-out-replace__non-iid__global-dp__fedavg__clients-16__seed-42__nm0p04__clip5__rounds-20__epochs-5__cifar_chunks__cifar10_cnn round=14 (checkpoint deleted)
2026-08-05 20:09:55 EVALUATED cifar-full-out-replace__non-iid__global-dp__fedavg__clients-16__seed-42__nm0p04__clip5__rounds-20__epochs-5__cifar_chunks__cifar10_cnn round=15 (checkpoint deleted)
2026-08-05 20:09:59 EVALUATED cifar-full-out-replace__non-iid__global-dp__fedavg__clients-16__seed-42__nm0p04__clip5__rounds-20__epochs-5__cifar_chunks__cifar10_cnn round=16 (checkpoint deleted)
2026-08-05 20:10:03 EVALUATED cifar-full-out-replace__non-iid__global-dp__fedavg__clients-16__seed-42__nm0p04__clip5__rounds-20__epochs-5__cifar_chunks__cifar10_cnn round=17 (checkpoint deleted)
2026-08-05 20:10:08 EVALUATED cifar-full-out-replace__non-iid__global-dp__fedavg__clients-16__seed-42__nm0p04__clip5__rounds-20__epochs-5__cifar_chunks__cifar10_cnn round=18 (checkpoint deleted)
2026-08-05 20:10:12 EVALUATED cifar-full-out-replace__non-iid__global-dp__fedavg__clients-16__seed-42__nm0p04__clip5__rounds-20__epochs-5__cifar_chunks__cifar10_cnn round=19 (checkpoint deleted)
2026-08-05 20:10:16 EVALUATED cifar-full-out-replace__non-iid__global-dp__fedavg__clients-16__seed-42__nm0p04__clip5__rounds-20__epochs-5__cifar_chunks__cifar10_cnn round=20 (checkpoint deleted)
2026-08-05 20:10:16 PROGRESS 1/2 (0 failed so far)
2026-08-05 20:10:16 START cifar-full-out-replace__non-iid__metric-privacy__fedavg__clients-16__seed-42__nm0p04__clip5__rounds-20__epochs-5__cifar_chunks__cifar10_cnn 
2026-08-05 20:16:02 DONE  cifar-full-out-replace__non-iid__metric-privacy__fedavg__clients-16__seed-42__nm0p04__clip5__rounds-20__epochs-5__cifar_chunks__cifar10_cnn (345.7s)
2026-08-05 20:16:06 EVALUATED cifar-full-out-replace__non-iid__metric-privacy__fedavg__clients-16__seed-42__nm0p04__clip5__rounds-20__epochs-5__cifar_chunks__cifar10_cnn round=1 (checkpoint deleted)
2026-08-05 20:16:11 EVALUATED cifar-full-out-replace__non-iid__metric-privacy__fedavg__clients-16__seed-42__nm0p04__clip5__rounds-20__epochs-5__cifar_chunks__cifar10_cnn round=2 (checkpoint deleted)
2026-08-05 20:16:15 EVALUATED cifar-full-out-replace__non-iid__metric-privacy__fedavg__clients-16__seed-42__nm0p04__clip5__rounds-20__epochs-5__cifar_chunks__cifar10_cnn round=3 (checkpoint deleted)
2026-08-05 20:16:19 EVALUATED cifar-full-out-replace__non-iid__metric-privacy__fedavg__clients-16__seed-42__nm0p04__clip5__rounds-20__epochs-5__cifar_chunks__cifar10_cnn round=4 (checkpoint deleted)
2026-08-05 20:16:24 EVALUATED cifar-full-out-replace__non-iid__metric-privacy__fedavg__clients-16__seed-42__nm0p04__clip5__rounds-20__epochs-5__cifar_chunks__cifar10_cnn round=5 (checkpoint deleted)
2026-08-05 20:16:28 EVALUATED cifar-full-out-replace__non-iid__metric-privacy__fedavg__clients-16__seed-42__nm0p04__clip5__rounds-20__epochs-5__cifar_chunks__cifar10_cnn round=6 (checkpoint deleted)
2026-08-05 20:16:32 EVALUATED cifar-full-out-replace__non-iid__metric-privacy__fedavg__clients-16__seed-42__nm0p04__clip5__rounds-20__epochs-5__cifar_chunks__cifar10_cnn round=7 (checkpoint deleted)
2026-08-05 20:16:37 EVALUATED cifar-full-out-replace__non-iid__metric-privacy__fedavg__clients-16__seed-42__nm0p04__clip5__rounds-20__epochs-5__cifar_chunks__cifar10_cnn round=8 (checkpoint deleted)
2026-08-05 20:16:41 EVALUATED cifar-full-out-replace__non-iid__metric-privacy__fedavg__clients-16__seed-42__nm0p04__clip5__rounds-20__epochs-5__cifar_chunks__cifar10_cnn round=9 (checkpoint deleted)
2026-08-05 20:16:45 EVALUATED cifar-full-out-replace__non-iid__metric-privacy__fedavg__clients-16__seed-42__nm0p04__clip5__rounds-20__epochs-5__cifar_chunks__cifar10_cnn round=10 (checkpoint deleted)
2026-08-05 20:16:50 EVALUATED cifar-full-out-replace__non-iid__metric-privacy__fedavg__clients-16__seed-42__nm0p04__clip5__rounds-20__epochs-5__cifar_chunks__cifar10_cnn round=11 (checkpoint deleted)
2026-08-05 20:16:54 EVALUATED cifar-full-out-replace__non-iid__metric-privacy__fedavg__clients-16__seed-42__nm0p04__clip5__rounds-20__epochs-5__cifar_chunks__cifar10_cnn round=12 (checkpoint deleted)
2026-08-05 20:16:58 EVALUATED cifar-full-out-replace__non-iid__metric-privacy__fedavg__clients-16__seed-42__nm0p04__clip5__rounds-20__epochs-5__cifar_chunks__cifar10_cnn round=13 (checkpoint deleted)
2026-08-05 20:17:02 EVALUATED cifar-full-out-replace__non-iid__metric-privacy__fedavg__clients-16__seed-42__nm0p04__clip5__rounds-20__epochs-5__cifar_chunks__cifar10_cnn round=14 (checkpoint deleted)
2026-08-05 20:17:07 EVALUATED cifar-full-out-replace__non-iid__metric-privacy__fedavg__clients-16__seed-42__nm0p04__clip5__rounds-20__epochs-5__cifar_chunks__cifar10_cnn round=15 (checkpoint deleted)
2026-08-05 20:17:11 EVALUATED cifar-full-out-replace__non-iid__metric-privacy__fedavg__clients-16__seed-42__nm0p04__clip5__rounds-20__epochs-5__cifar_chunks__cifar10_cnn round=16 (checkpoint deleted)
2026-08-05 20:17:15 EVALUATED cifar-full-out-replace__non-iid__metric-privacy__fedavg__clients-16__seed-42__nm0p04__clip5__rounds-20__epochs-5__cifar_chunks__cifar10_cnn round=17 (checkpoint deleted)
2026-08-05 20:17:20 EVALUATED cifar-full-out-replace__non-iid__metric-privacy__fedavg__clients-16__seed-42__nm0p04__clip5__rounds-20__epochs-5__cifar_chunks__cifar10_cnn round=18 (checkpoint deleted)
2026-08-05 20:17:24 EVALUATED cifar-full-out-replace__non-iid__metric-privacy__fedavg__clients-16__seed-42__nm0p04__clip5__rounds-20__epochs-5__cifar_chunks__cifar10_cnn round=19 (checkpoint deleted)
2026-08-05 20:17:28 EVALUATED cifar-full-out-replace__non-iid__metric-privacy__fedavg__clients-16__seed-42__nm0p04__clip5__rounds-20__epochs-5__cifar_chunks__cifar10_cnn round=20 (checkpoint deleted)
2026-08-05 20:17:28 PROGRESS 2/2 (0 failed so far)
2026-08-05 20:17:28 Sweep finished: 2/2 attempted, 0 failed
