2026-08-20 20:37:27 Alzheimer stage (metric-privacy, non-iid, seed=42, noise_ratio=0.00124535469808234): 2 trajectories
2026-08-20 20:37:27 START alzheimer-in-remove__non-iid__metric-privacy__fedavg__clients-48__seed-42__nm0p059777__clip5__rounds-100__epochs-5__alzheimer_remove__paper_cnn 
2026-08-20 21:04:42 DONE  alzheimer-in-remove__non-iid__metric-privacy__fedavg__clients-48__seed-42__nm0p059777__clip5__rounds-100__epochs-5__alzheimer_remove__paper_cnn (1634.4s)
2026-08-20 21:04:42 EVALUATED alzheimer-in-remove__non-iid__metric-privacy__fedavg__clients-48__seed-42__nm0p059777__clip5__rounds-100__epochs-5__alzheimer_remove__paper_cnn round=1 (checkpoint deleted)
2026-08-20 21:04:43 EVALUATED alzheimer-in-remove__non-iid__metric-privacy__fedavg__clients-48__seed-42__nm0p059777__clip5__rounds-100__epochs-5__alzheimer_remove__paper_cnn round=10 (checkpoint deleted)
2026-08-20 21:04:43 EVALUATED alzheimer-in-remove__non-iid__metric-privacy__fedavg__clients-48__seed-42__nm0p059777__clip5__rounds-100__epochs-5__alzheimer_remove__paper_cnn round=20 (checkpoint deleted)
2026-08-20 21:04:44 EVALUATED alzheimer-in-remove__non-iid__metric-privacy__fedavg__clients-48__seed-42__nm0p059777__clip5__rounds-100__epochs-5__alzheimer_remove__paper_cnn round=30 (checkpoint deleted)
2026-08-20 21:04:44 EVALUATED alzheimer-in-remove__non-iid__metric-privacy__fedavg__clients-48__seed-42__nm0p059777__clip5__rounds-100__epochs-5__alzheimer_remove__paper_cnn round=40 (checkpoint deleted)
2026-08-20 21:04:45 EVALUATED alzheimer-in-remove__non-iid__metric-privacy__fedavg__clients-48__seed-42__nm0p059777__clip5__rounds-100__epochs-5__alzheimer_remove__paper_cnn round=50 (checkpoint deleted)
2026-08-20 21:04:45 EVALUATED alzheimer-in-remove__non-iid__metric-privacy__fedavg__clients-48__seed-42__nm0p059777__clip5__rounds-100__epochs-5__alzheimer_remove__paper_cnn round=60 (checkpoint deleted)
2026-08-20 21:04:46 EVALUATED alzheimer-in-remove__non-iid__metric-privacy__fedavg__clients-48__seed-42__nm0p059777__clip5__rounds-100__epochs-5__alzheimer_remove__paper_cnn round=70 (checkpoint deleted)
2026-08-20 21:04:46 EVALUATED alzheimer-in-remove__non-iid__metric-privacy__fedavg__clients-48__seed-42__nm0p059777__clip5__rounds-100__epochs-5__alzheimer_remove__paper_cnn round=80 (checkpoint deleted)
2026-08-20 21:04:47 EVALUATED alzheimer-in-remove__non-iid__metric-privacy__fedavg__clients-48__seed-42__nm0p059777__clip5__rounds-100__epochs-5__alzheimer_remove__paper_cnn round=90 (checkpoint deleted)
2026-08-20 21:04:47 EVALUATED alzheimer-in-remove__non-iid__metric-privacy__fedavg__clients-48__seed-42__nm0p059777__clip5__rounds-100__epochs-5__alzheimer_remove__paper_cnn round=100 (checkpoint deleted)
2026-08-20 21:04:47 PROGRESS 1/2 (0 failed so far)
2026-08-20 21:04:47 START alzheimer-out-remove__non-iid__metric-privacy__fedavg__clients-47__seed-42__nm0p0585317__clip5__rounds-100__epochs-5__alzheimer_remove__paper_cnn 
2026-08-20 21:30:02 DONE  alzheimer-out-remove__non-iid__metric-privacy__fedavg__clients-47__seed-42__nm0p0585317__clip5__rounds-100__epochs-5__alzheimer_remove__paper_cnn (1514.5s)
2026-08-20 21:30:02 EVALUATED alzheimer-out-remove__non-iid__metric-privacy__fedavg__clients-47__seed-42__nm0p0585317__clip5__rounds-100__epochs-5__alzheimer_remove__paper_cnn round=1 (checkpoint deleted)
2026-08-20 21:30:03 EVALUATED alzheimer-out-remove__non-iid__metric-privacy__fedavg__clients-47__seed-42__nm0p0585317__clip5__rounds-100__epochs-5__alzheimer_remove__paper_cnn round=10 (checkpoint deleted)
2026-08-20 21:30:03 EVALUATED alzheimer-out-remove__non-iid__metric-privacy__fedavg__clients-47__seed-42__nm0p0585317__clip5__rounds-100__epochs-5__alzheimer_remove__paper_cnn round=20 (checkpoint deleted)
2026-08-20 21:30:04 EVALUATED alzheimer-out-remove__non-iid__metric-privacy__fedavg__clients-47__seed-42__nm0p0585317__clip5__rounds-100__epochs-5__alzheimer_remove__paper_cnn round=30 (checkpoint deleted)
2026-08-20 21:30:04 EVALUATED alzheimer-out-remove__non-iid__metric-privacy__fedavg__clients-47__seed-42__nm0p0585317__clip5__rounds-100__epochs-5__alzheimer_remove__paper_cnn round=40 (checkpoint deleted)
2026-08-20 21:30:05 EVALUATED alzheimer-out-remove__non-iid__metric-privacy__fedavg__clients-47__seed-42__nm0p0585317__clip5__rounds-100__epochs-5__alzheimer_remove__paper_cnn round=50 (checkpoint deleted)
2026-08-20 21:30:05 EVALUATED alzheimer-out-remove__non-iid__metric-privacy__fedavg__clients-47__seed-42__nm0p0585317__clip5__rounds-100__epochs-5__alzheimer_remove__paper_cnn round=60 (checkpoint deleted)
2026-08-20 21:30:05 EVALUATED alzheimer-out-remove__non-iid__metric-privacy__fedavg__clients-47__seed-42__nm0p0585317__clip5__rounds-100__epochs-5__alzheimer_remove__paper_cnn round=70 (checkpoint deleted)
2026-08-20 21:30:06 EVALUATED alzheimer-out-remove__non-iid__metric-privacy__fedavg__clients-47__seed-42__nm0p0585317__clip5__rounds-100__epochs-5__alzheimer_remove__paper_cnn round=80 (checkpoint deleted)
2026-08-20 21:30:06 EVALUATED alzheimer-out-remove__non-iid__metric-privacy__fedavg__clients-47__seed-42__nm0p0585317__clip5__rounds-100__epochs-5__alzheimer_remove__paper_cnn round=90 (checkpoint deleted)
2026-08-20 21:30:07 EVALUATED alzheimer-out-remove__non-iid__metric-privacy__fedavg__clients-47__seed-42__nm0p0585317__clip5__rounds-100__epochs-5__alzheimer_remove__paper_cnn round=100 (checkpoint deleted)
2026-08-20 21:30:07 PROGRESS 2/2 (0 failed so far)
2026-08-20 21:30:07 Sweep finished: 2/2 attempted, 0 failed
