2026-08-05 19:01:29 Starting full chunk: 2 trajectories
2026-08-05 19:01:29 START cifar-full-in-replace__non-iid__global-dp__fedavg__clients-8__seed-44__nm0p026664__clip5__rounds-20__epochs-5__cifar_chunks__cifar10_cnn 
2026-08-05 19:05:52 DONE  cifar-full-in-replace__non-iid__global-dp__fedavg__clients-8__seed-44__nm0p026664__clip5__rounds-20__epochs-5__cifar_chunks__cifar10_cnn (263.0s)
2026-08-05 19:06:00 EVALUATED cifar-full-in-replace__non-iid__global-dp__fedavg__clients-8__seed-44__nm0p026664__clip5__rounds-20__epochs-5__cifar_chunks__cifar10_cnn round=1 (checkpoint deleted)
2026-08-05 19:06:04 EVALUATED cifar-full-in-replace__non-iid__global-dp__fedavg__clients-8__seed-44__nm0p026664__clip5__rounds-20__epochs-5__cifar_chunks__cifar10_cnn round=2 (checkpoint deleted)
2026-08-05 19:06:09 EVALUATED cifar-full-in-replace__non-iid__global-dp__fedavg__clients-8__seed-44__nm0p026664__clip5__rounds-20__epochs-5__cifar_chunks__cifar10_cnn round=3 (checkpoint deleted)
2026-08-05 19:06:13 EVALUATED cifar-full-in-replace__non-iid__global-dp__fedavg__clients-8__seed-44__nm0p026664__clip5__rounds-20__epochs-5__cifar_chunks__cifar10_cnn round=4 (checkpoint deleted)
2026-08-05 19:06:18 EVALUATED cifar-full-in-replace__non-iid__global-dp__fedavg__clients-8__seed-44__nm0p026664__clip5__rounds-20__epochs-5__cifar_chunks__cifar10_cnn round=5 (checkpoint deleted)
2026-08-05 19:06:22 EVALUATED cifar-full-in-replace__non-iid__global-dp__fedavg__clients-8__seed-44__nm0p026664__clip5__rounds-20__epochs-5__cifar_chunks__cifar10_cnn round=6 (checkpoint deleted)
2026-08-05 19:06:27 EVALUATED cifar-full-in-replace__non-iid__global-dp__fedavg__clients-8__seed-44__nm0p026664__clip5__rounds-20__epochs-5__cifar_chunks__cifar10_cnn round=7 (checkpoint deleted)
2026-08-05 19:06:31 EVALUATED cifar-full-in-replace__non-iid__global-dp__fedavg__clients-8__seed-44__nm0p026664__clip5__rounds-20__epochs-5__cifar_chunks__cifar10_cnn round=8 (checkpoint deleted)
2026-08-05 19:06:36 EVALUATED cifar-full-in-replace__non-iid__global-dp__fedavg__clients-8__seed-44__nm0p026664__clip5__rounds-20__epochs-5__cifar_chunks__cifar10_cnn round=9 (checkpoint deleted)
2026-08-05 19:06:40 EVALUATED cifar-full-in-replace__non-iid__global-dp__fedavg__clients-8__seed-44__nm0p026664__clip5__rounds-20__epochs-5__cifar_chunks__cifar10_cnn round=10 (checkpoint deleted)
2026-08-05 19:06:45 EVALUATED cifar-full-in-replace__non-iid__global-dp__fedavg__clients-8__seed-44__nm0p026664__clip5__rounds-20__epochs-5__cifar_chunks__cifar10_cnn round=11 (checkpoint deleted)
2026-08-05 19:06:49 EVALUATED cifar-full-in-replace__non-iid__global-dp__fedavg__clients-8__seed-44__nm0p026664__clip5__rounds-20__epochs-5__cifar_chunks__cifar10_cnn round=12 (checkpoint deleted)
2026-08-05 19:06:54 EVALUATED cifar-full-in-replace__non-iid__global-dp__fedavg__clients-8__seed-44__nm0p026664__clip5__rounds-20__epochs-5__cifar_chunks__cifar10_cnn round=13 (checkpoint deleted)
2026-08-05 19:06:58 EVALUATED cifar-full-in-replace__non-iid__global-dp__fedavg__clients-8__seed-44__nm0p026664__clip5__rounds-20__epochs-5__cifar_chunks__cifar10_cnn round=14 (checkpoint deleted)
2026-08-05 19:07:03 EVALUATED cifar-full-in-replace__non-iid__global-dp__fedavg__clients-8__seed-44__nm0p026664__clip5__rounds-20__epochs-5__cifar_chunks__cifar10_cnn round=15 (checkpoint deleted)
2026-08-05 19:07:07 EVALUATED cifar-full-in-replace__non-iid__global-dp__fedavg__clients-8__seed-44__nm0p026664__clip5__rounds-20__epochs-5__cifar_chunks__cifar10_cnn round=16 (checkpoint deleted)
2026-08-05 19:07:12 EVALUATED cifar-full-in-replace__non-iid__global-dp__fedavg__clients-8__seed-44__nm0p026664__clip5__rounds-20__epochs-5__cifar_chunks__cifar10_cnn round=17 (checkpoint deleted)
2026-08-05 19:07:16 EVALUATED cifar-full-in-replace__non-iid__global-dp__fedavg__clients-8__seed-44__nm0p026664__clip5__rounds-20__epochs-5__cifar_chunks__cifar10_cnn round=18 (checkpoint deleted)
2026-08-05 19:07:20 EVALUATED cifar-full-in-replace__non-iid__global-dp__fedavg__clients-8__seed-44__nm0p026664__clip5__rounds-20__epochs-5__cifar_chunks__cifar10_cnn round=19 (checkpoint deleted)
2026-08-05 19:07:25 EVALUATED cifar-full-in-replace__non-iid__global-dp__fedavg__clients-8__seed-44__nm0p026664__clip5__rounds-20__epochs-5__cifar_chunks__cifar10_cnn round=20 (checkpoint deleted)
2026-08-05 19:07:25 PROGRESS 1/2 (0 failed so far)
2026-08-05 19:07:25 START cifar-full-in-replace__non-iid__metric-privacy__fedavg__clients-8__seed-44__nm0p026664__clip5__rounds-20__epochs-5__cifar_chunks__cifar10_cnn 
2026-08-05 19:11:50 DONE  cifar-full-in-replace__non-iid__metric-privacy__fedavg__clients-8__seed-44__nm0p026664__clip5__rounds-20__epochs-5__cifar_chunks__cifar10_cnn (265.5s)
2026-08-05 19:11:55 EVALUATED cifar-full-in-replace__non-iid__metric-privacy__fedavg__clients-8__seed-44__nm0p026664__clip5__rounds-20__epochs-5__cifar_chunks__cifar10_cnn round=1 (checkpoint deleted)
2026-08-05 19:11:59 EVALUATED cifar-full-in-replace__non-iid__metric-privacy__fedavg__clients-8__seed-44__nm0p026664__clip5__rounds-20__epochs-5__cifar_chunks__cifar10_cnn round=2 (checkpoint deleted)
2026-08-05 19:12:04 EVALUATED cifar-full-in-replace__non-iid__metric-privacy__fedavg__clients-8__seed-44__nm0p026664__clip5__rounds-20__epochs-5__cifar_chunks__cifar10_cnn round=3 (checkpoint deleted)
2026-08-05 19:12:08 EVALUATED cifar-full-in-replace__non-iid__metric-privacy__fedavg__clients-8__seed-44__nm0p026664__clip5__rounds-20__epochs-5__cifar_chunks__cifar10_cnn round=4 (checkpoint deleted)
2026-08-05 19:12:13 EVALUATED cifar-full-in-replace__non-iid__metric-privacy__fedavg__clients-8__seed-44__nm0p026664__clip5__rounds-20__epochs-5__cifar_chunks__cifar10_cnn round=5 (checkpoint deleted)
2026-08-05 19:12:17 EVALUATED cifar-full-in-replace__non-iid__metric-privacy__fedavg__clients-8__seed-44__nm0p026664__clip5__rounds-20__epochs-5__cifar_chunks__cifar10_cnn round=6 (checkpoint deleted)
2026-08-05 19:12:22 EVALUATED cifar-full-in-replace__non-iid__metric-privacy__fedavg__clients-8__seed-44__nm0p026664__clip5__rounds-20__epochs-5__cifar_chunks__cifar10_cnn round=7 (checkpoint deleted)
2026-08-05 19:12:26 EVALUATED cifar-full-in-replace__non-iid__metric-privacy__fedavg__clients-8__seed-44__nm0p026664__clip5__rounds-20__epochs-5__cifar_chunks__cifar10_cnn round=8 (checkpoint deleted)
2026-08-05 19:12:31 EVALUATED cifar-full-in-replace__non-iid__metric-privacy__fedavg__clients-8__seed-44__nm0p026664__clip5__rounds-20__epochs-5__cifar_chunks__cifar10_cnn round=9 (checkpoint deleted)
2026-08-05 19:12:35 EVALUATED cifar-full-in-replace__non-iid__metric-privacy__fedavg__clients-8__seed-44__nm0p026664__clip5__rounds-20__epochs-5__cifar_chunks__cifar10_cnn round=10 (checkpoint deleted)
2026-08-05 19:12:40 EVALUATED cifar-full-in-replace__non-iid__metric-privacy__fedavg__clients-8__seed-44__nm0p026664__clip5__rounds-20__epochs-5__cifar_chunks__cifar10_cnn round=11 (checkpoint deleted)
2026-08-05 19:12:44 EVALUATED cifar-full-in-replace__non-iid__metric-privacy__fedavg__clients-8__seed-44__nm0p026664__clip5__rounds-20__epochs-5__cifar_chunks__cifar10_cnn round=12 (checkpoint deleted)
2026-08-05 19:12:49 EVALUATED cifar-full-in-replace__non-iid__metric-privacy__fedavg__clients-8__seed-44__nm0p026664__clip5__rounds-20__epochs-5__cifar_chunks__cifar10_cnn round=13 (checkpoint deleted)
2026-08-05 19:12:53 EVALUATED cifar-full-in-replace__non-iid__metric-privacy__fedavg__clients-8__seed-44__nm0p026664__clip5__rounds-20__epochs-5__cifar_chunks__cifar10_cnn round=14 (checkpoint deleted)
2026-08-05 19:12:58 EVALUATED cifar-full-in-replace__non-iid__metric-privacy__fedavg__clients-8__seed-44__nm0p026664__clip5__rounds-20__epochs-5__cifar_chunks__cifar10_cnn round=15 (checkpoint deleted)
2026-08-05 19:13:02 EVALUATED cifar-full-in-replace__non-iid__metric-privacy__fedavg__clients-8__seed-44__nm0p026664__clip5__rounds-20__epochs-5__cifar_chunks__cifar10_cnn round=16 (checkpoint deleted)
2026-08-05 19:13:07 EVALUATED cifar-full-in-replace__non-iid__metric-privacy__fedavg__clients-8__seed-44__nm0p026664__clip5__rounds-20__epochs-5__cifar_chunks__cifar10_cnn round=17 (checkpoint deleted)
2026-08-05 19:13:11 EVALUATED cifar-full-in-replace__non-iid__metric-privacy__fedavg__clients-8__seed-44__nm0p026664__clip5__rounds-20__epochs-5__cifar_chunks__cifar10_cnn round=18 (checkpoint deleted)
2026-08-05 19:13:16 EVALUATED cifar-full-in-replace__non-iid__metric-privacy__fedavg__clients-8__seed-44__nm0p026664__clip5__rounds-20__epochs-5__cifar_chunks__cifar10_cnn round=19 (checkpoint deleted)
2026-08-05 19:13:20 EVALUATED cifar-full-in-replace__non-iid__metric-privacy__fedavg__clients-8__seed-44__nm0p026664__clip5__rounds-20__epochs-5__cifar_chunks__cifar10_cnn round=20 (checkpoint deleted)
2026-08-05 19:13:20 PROGRESS 2/2 (0 failed so far)
2026-08-05 19:13:20 Sweep finished: 2/2 attempted, 0 failed
