2026-08-17 22:12:17 EuroSAT stage (vanilla, homogeneous, seed=43, noise_ratio=None): 2 trajectories
2026-08-17 22:12:17 START eurosat-in-remove__homogeneous__vanilla__fedavg__clients-48__seed-43__nm0p0371071__clip5__rounds-100__epochs-5__eurosat_remove__eurosat_cnn 
2026-08-17 22:43:14 DONE  eurosat-in-remove__homogeneous__vanilla__fedavg__clients-48__seed-43__nm0p0371071__clip5__rounds-100__epochs-5__eurosat_remove__eurosat_cnn (1856.5s)
2026-08-17 22:43:15 EVALUATED eurosat-in-remove__homogeneous__vanilla__fedavg__clients-48__seed-43__nm0p0371071__clip5__rounds-100__epochs-5__eurosat_remove__eurosat_cnn round=1 (checkpoint deleted)
2026-08-17 22:43:16 EVALUATED eurosat-in-remove__homogeneous__vanilla__fedavg__clients-48__seed-43__nm0p0371071__clip5__rounds-100__epochs-5__eurosat_remove__eurosat_cnn round=10 (checkpoint deleted)
2026-08-17 22:43:18 EVALUATED eurosat-in-remove__homogeneous__vanilla__fedavg__clients-48__seed-43__nm0p0371071__clip5__rounds-100__epochs-5__eurosat_remove__eurosat_cnn round=20 (checkpoint deleted)
2026-08-17 22:43:19 EVALUATED eurosat-in-remove__homogeneous__vanilla__fedavg__clients-48__seed-43__nm0p0371071__clip5__rounds-100__epochs-5__eurosat_remove__eurosat_cnn round=30 (checkpoint deleted)
2026-08-17 22:43:20 EVALUATED eurosat-in-remove__homogeneous__vanilla__fedavg__clients-48__seed-43__nm0p0371071__clip5__rounds-100__epochs-5__eurosat_remove__eurosat_cnn round=40 (checkpoint deleted)
2026-08-17 22:43:22 EVALUATED eurosat-in-remove__homogeneous__vanilla__fedavg__clients-48__seed-43__nm0p0371071__clip5__rounds-100__epochs-5__eurosat_remove__eurosat_cnn round=50 (checkpoint deleted)
2026-08-17 22:43:23 EVALUATED eurosat-in-remove__homogeneous__vanilla__fedavg__clients-48__seed-43__nm0p0371071__clip5__rounds-100__epochs-5__eurosat_remove__eurosat_cnn round=60 (checkpoint deleted)
2026-08-17 22:43:24 EVALUATED eurosat-in-remove__homogeneous__vanilla__fedavg__clients-48__seed-43__nm0p0371071__clip5__rounds-100__epochs-5__eurosat_remove__eurosat_cnn round=70 (checkpoint deleted)
2026-08-17 22:43:26 EVALUATED eurosat-in-remove__homogeneous__vanilla__fedavg__clients-48__seed-43__nm0p0371071__clip5__rounds-100__epochs-5__eurosat_remove__eurosat_cnn round=80 (checkpoint deleted)
2026-08-17 22:43:27 EVALUATED eurosat-in-remove__homogeneous__vanilla__fedavg__clients-48__seed-43__nm0p0371071__clip5__rounds-100__epochs-5__eurosat_remove__eurosat_cnn round=90 (checkpoint deleted)
2026-08-17 22:43:28 EVALUATED eurosat-in-remove__homogeneous__vanilla__fedavg__clients-48__seed-43__nm0p0371071__clip5__rounds-100__epochs-5__eurosat_remove__eurosat_cnn round=100 (checkpoint deleted)
2026-08-17 22:43:28 PROGRESS 1/2 (0 failed so far)
2026-08-17 22:43:28 START eurosat-out-remove__homogeneous__vanilla__fedavg__clients-47__seed-43__nm0p0371071__clip5__rounds-100__epochs-5__eurosat_remove__eurosat_cnn 
2026-08-17 23:13:32 DONE  eurosat-out-remove__homogeneous__vanilla__fedavg__clients-47__seed-43__nm0p0371071__clip5__rounds-100__epochs-5__eurosat_remove__eurosat_cnn (1804.1s)
2026-08-17 23:13:34 EVALUATED eurosat-out-remove__homogeneous__vanilla__fedavg__clients-47__seed-43__nm0p0371071__clip5__rounds-100__epochs-5__eurosat_remove__eurosat_cnn round=1 (checkpoint deleted)
2026-08-17 23:13:35 EVALUATED eurosat-out-remove__homogeneous__vanilla__fedavg__clients-47__seed-43__nm0p0371071__clip5__rounds-100__epochs-5__eurosat_remove__eurosat_cnn round=10 (checkpoint deleted)
2026-08-17 23:13:36 EVALUATED eurosat-out-remove__homogeneous__vanilla__fedavg__clients-47__seed-43__nm0p0371071__clip5__rounds-100__epochs-5__eurosat_remove__eurosat_cnn round=20 (checkpoint deleted)
2026-08-17 23:13:38 EVALUATED eurosat-out-remove__homogeneous__vanilla__fedavg__clients-47__seed-43__nm0p0371071__clip5__rounds-100__epochs-5__eurosat_remove__eurosat_cnn round=30 (checkpoint deleted)
2026-08-17 23:13:39 EVALUATED eurosat-out-remove__homogeneous__vanilla__fedavg__clients-47__seed-43__nm0p0371071__clip5__rounds-100__epochs-5__eurosat_remove__eurosat_cnn round=40 (checkpoint deleted)
2026-08-17 23:13:40 EVALUATED eurosat-out-remove__homogeneous__vanilla__fedavg__clients-47__seed-43__nm0p0371071__clip5__rounds-100__epochs-5__eurosat_remove__eurosat_cnn round=50 (checkpoint deleted)
2026-08-17 23:13:42 EVALUATED eurosat-out-remove__homogeneous__vanilla__fedavg__clients-47__seed-43__nm0p0371071__clip5__rounds-100__epochs-5__eurosat_remove__eurosat_cnn round=60 (checkpoint deleted)
2026-08-17 23:13:43 EVALUATED eurosat-out-remove__homogeneous__vanilla__fedavg__clients-47__seed-43__nm0p0371071__clip5__rounds-100__epochs-5__eurosat_remove__eurosat_cnn round=70 (checkpoint deleted)
2026-08-17 23:13:44 EVALUATED eurosat-out-remove__homogeneous__vanilla__fedavg__clients-47__seed-43__nm0p0371071__clip5__rounds-100__epochs-5__eurosat_remove__eurosat_cnn round=80 (checkpoint deleted)
2026-08-17 23:13:46 EVALUATED eurosat-out-remove__homogeneous__vanilla__fedavg__clients-47__seed-43__nm0p0371071__clip5__rounds-100__epochs-5__eurosat_remove__eurosat_cnn round=90 (checkpoint deleted)
2026-08-17 23:13:47 EVALUATED eurosat-out-remove__homogeneous__vanilla__fedavg__clients-47__seed-43__nm0p0371071__clip5__rounds-100__epochs-5__eurosat_remove__eurosat_cnn round=100 (checkpoint deleted)
2026-08-17 23:13:47 PROGRESS 2/2 (0 failed so far)
2026-08-17 23:13:47 Sweep finished: 2/2 attempted, 0 failed
