2026-08-21 21:14:36 CIFAR-10 stage (metric-privacy, non-iid, seed=44, noise_ratio=0.01): 2 trajectories
2026-08-21 21:14:36 START cifar10-in-remove__non-iid__metric-privacy__fedavg__clients-100__seed-44__nm1__clip5__rounds-20__epochs-5__cifar10_remove__cifar10_cnn 
2026-08-21 21:21:34 DONE  cifar10-in-remove__non-iid__metric-privacy__fedavg__clients-100__seed-44__nm1__clip5__rounds-20__epochs-5__cifar10_remove__cifar10_cnn (418.7s)
2026-08-21 21:21:37 EVALUATED cifar10-in-remove__non-iid__metric-privacy__fedavg__clients-100__seed-44__nm1__clip5__rounds-20__epochs-5__cifar10_remove__cifar10_cnn round=1 (checkpoint deleted)
2026-08-21 21:21:41 EVALUATED cifar10-in-remove__non-iid__metric-privacy__fedavg__clients-100__seed-44__nm1__clip5__rounds-20__epochs-5__cifar10_remove__cifar10_cnn round=2 (checkpoint deleted)
2026-08-21 21:21:44 EVALUATED cifar10-in-remove__non-iid__metric-privacy__fedavg__clients-100__seed-44__nm1__clip5__rounds-20__epochs-5__cifar10_remove__cifar10_cnn round=3 (checkpoint deleted)
2026-08-21 21:21:47 EVALUATED cifar10-in-remove__non-iid__metric-privacy__fedavg__clients-100__seed-44__nm1__clip5__rounds-20__epochs-5__cifar10_remove__cifar10_cnn round=4 (checkpoint deleted)
2026-08-21 21:21:50 EVALUATED cifar10-in-remove__non-iid__metric-privacy__fedavg__clients-100__seed-44__nm1__clip5__rounds-20__epochs-5__cifar10_remove__cifar10_cnn round=5 (checkpoint deleted)
2026-08-21 21:21:53 EVALUATED cifar10-in-remove__non-iid__metric-privacy__fedavg__clients-100__seed-44__nm1__clip5__rounds-20__epochs-5__cifar10_remove__cifar10_cnn round=6 (checkpoint deleted)
2026-08-21 21:21:56 EVALUATED cifar10-in-remove__non-iid__metric-privacy__fedavg__clients-100__seed-44__nm1__clip5__rounds-20__epochs-5__cifar10_remove__cifar10_cnn round=7 (checkpoint deleted)
2026-08-21 21:21:59 EVALUATED cifar10-in-remove__non-iid__metric-privacy__fedavg__clients-100__seed-44__nm1__clip5__rounds-20__epochs-5__cifar10_remove__cifar10_cnn round=8 (checkpoint deleted)
2026-08-21 21:22:02 EVALUATED cifar10-in-remove__non-iid__metric-privacy__fedavg__clients-100__seed-44__nm1__clip5__rounds-20__epochs-5__cifar10_remove__cifar10_cnn round=9 (checkpoint deleted)
2026-08-21 21:22:05 EVALUATED cifar10-in-remove__non-iid__metric-privacy__fedavg__clients-100__seed-44__nm1__clip5__rounds-20__epochs-5__cifar10_remove__cifar10_cnn round=10 (checkpoint deleted)
2026-08-21 21:22:08 EVALUATED cifar10-in-remove__non-iid__metric-privacy__fedavg__clients-100__seed-44__nm1__clip5__rounds-20__epochs-5__cifar10_remove__cifar10_cnn round=11 (checkpoint deleted)
2026-08-21 21:22:11 EVALUATED cifar10-in-remove__non-iid__metric-privacy__fedavg__clients-100__seed-44__nm1__clip5__rounds-20__epochs-5__cifar10_remove__cifar10_cnn round=12 (checkpoint deleted)
2026-08-21 21:22:15 EVALUATED cifar10-in-remove__non-iid__metric-privacy__fedavg__clients-100__seed-44__nm1__clip5__rounds-20__epochs-5__cifar10_remove__cifar10_cnn round=13 (checkpoint deleted)
2026-08-21 21:22:18 EVALUATED cifar10-in-remove__non-iid__metric-privacy__fedavg__clients-100__seed-44__nm1__clip5__rounds-20__epochs-5__cifar10_remove__cifar10_cnn round=14 (checkpoint deleted)
2026-08-21 21:22:21 EVALUATED cifar10-in-remove__non-iid__metric-privacy__fedavg__clients-100__seed-44__nm1__clip5__rounds-20__epochs-5__cifar10_remove__cifar10_cnn round=15 (checkpoint deleted)
2026-08-21 21:22:24 EVALUATED cifar10-in-remove__non-iid__metric-privacy__fedavg__clients-100__seed-44__nm1__clip5__rounds-20__epochs-5__cifar10_remove__cifar10_cnn round=16 (checkpoint deleted)
2026-08-21 21:22:27 EVALUATED cifar10-in-remove__non-iid__metric-privacy__fedavg__clients-100__seed-44__nm1__clip5__rounds-20__epochs-5__cifar10_remove__cifar10_cnn round=17 (checkpoint deleted)
2026-08-21 21:22:30 EVALUATED cifar10-in-remove__non-iid__metric-privacy__fedavg__clients-100__seed-44__nm1__clip5__rounds-20__epochs-5__cifar10_remove__cifar10_cnn round=18 (checkpoint deleted)
2026-08-21 21:22:33 EVALUATED cifar10-in-remove__non-iid__metric-privacy__fedavg__clients-100__seed-44__nm1__clip5__rounds-20__epochs-5__cifar10_remove__cifar10_cnn round=19 (checkpoint deleted)
2026-08-21 21:22:36 EVALUATED cifar10-in-remove__non-iid__metric-privacy__fedavg__clients-100__seed-44__nm1__clip5__rounds-20__epochs-5__cifar10_remove__cifar10_cnn round=20 (checkpoint deleted)
2026-08-21 21:22:36 PROGRESS 1/2 (0 failed so far)
2026-08-21 21:22:36 START cifar10-out-remove__non-iid__metric-privacy__fedavg__clients-99__seed-44__nm0p99__clip5__rounds-20__epochs-5__cifar10_remove__cifar10_cnn 
2026-08-21 21:29:30 DONE  cifar10-out-remove__non-iid__metric-privacy__fedavg__clients-99__seed-44__nm0p99__clip5__rounds-20__epochs-5__cifar10_remove__cifar10_cnn (413.6s)
2026-08-21 21:29:33 EVALUATED cifar10-out-remove__non-iid__metric-privacy__fedavg__clients-99__seed-44__nm0p99__clip5__rounds-20__epochs-5__cifar10_remove__cifar10_cnn round=1 (checkpoint deleted)
2026-08-21 21:29:36 EVALUATED cifar10-out-remove__non-iid__metric-privacy__fedavg__clients-99__seed-44__nm0p99__clip5__rounds-20__epochs-5__cifar10_remove__cifar10_cnn round=2 (checkpoint deleted)
2026-08-21 21:29:39 EVALUATED cifar10-out-remove__non-iid__metric-privacy__fedavg__clients-99__seed-44__nm0p99__clip5__rounds-20__epochs-5__cifar10_remove__cifar10_cnn round=3 (checkpoint deleted)
2026-08-21 21:29:42 EVALUATED cifar10-out-remove__non-iid__metric-privacy__fedavg__clients-99__seed-44__nm0p99__clip5__rounds-20__epochs-5__cifar10_remove__cifar10_cnn round=4 (checkpoint deleted)
2026-08-21 21:29:45 EVALUATED cifar10-out-remove__non-iid__metric-privacy__fedavg__clients-99__seed-44__nm0p99__clip5__rounds-20__epochs-5__cifar10_remove__cifar10_cnn round=5 (checkpoint deleted)
2026-08-21 21:29:48 EVALUATED cifar10-out-remove__non-iid__metric-privacy__fedavg__clients-99__seed-44__nm0p99__clip5__rounds-20__epochs-5__cifar10_remove__cifar10_cnn round=6 (checkpoint deleted)
2026-08-21 21:29:51 EVALUATED cifar10-out-remove__non-iid__metric-privacy__fedavg__clients-99__seed-44__nm0p99__clip5__rounds-20__epochs-5__cifar10_remove__cifar10_cnn round=7 (checkpoint deleted)
2026-08-21 21:29:54 EVALUATED cifar10-out-remove__non-iid__metric-privacy__fedavg__clients-99__seed-44__nm0p99__clip5__rounds-20__epochs-5__cifar10_remove__cifar10_cnn round=8 (checkpoint deleted)
2026-08-21 21:29:57 EVALUATED cifar10-out-remove__non-iid__metric-privacy__fedavg__clients-99__seed-44__nm0p99__clip5__rounds-20__epochs-5__cifar10_remove__cifar10_cnn round=9 (checkpoint deleted)
2026-08-21 21:30:00 EVALUATED cifar10-out-remove__non-iid__metric-privacy__fedavg__clients-99__seed-44__nm0p99__clip5__rounds-20__epochs-5__cifar10_remove__cifar10_cnn round=10 (checkpoint deleted)
2026-08-21 21:30:03 EVALUATED cifar10-out-remove__non-iid__metric-privacy__fedavg__clients-99__seed-44__nm0p99__clip5__rounds-20__epochs-5__cifar10_remove__cifar10_cnn round=11 (checkpoint deleted)
2026-08-21 21:30:06 EVALUATED cifar10-out-remove__non-iid__metric-privacy__fedavg__clients-99__seed-44__nm0p99__clip5__rounds-20__epochs-5__cifar10_remove__cifar10_cnn round=12 (checkpoint deleted)
2026-08-21 21:30:10 EVALUATED cifar10-out-remove__non-iid__metric-privacy__fedavg__clients-99__seed-44__nm0p99__clip5__rounds-20__epochs-5__cifar10_remove__cifar10_cnn round=13 (checkpoint deleted)
2026-08-21 21:30:13 EVALUATED cifar10-out-remove__non-iid__metric-privacy__fedavg__clients-99__seed-44__nm0p99__clip5__rounds-20__epochs-5__cifar10_remove__cifar10_cnn round=14 (checkpoint deleted)
2026-08-21 21:30:16 EVALUATED cifar10-out-remove__non-iid__metric-privacy__fedavg__clients-99__seed-44__nm0p99__clip5__rounds-20__epochs-5__cifar10_remove__cifar10_cnn round=15 (checkpoint deleted)
2026-08-21 21:30:19 EVALUATED cifar10-out-remove__non-iid__metric-privacy__fedavg__clients-99__seed-44__nm0p99__clip5__rounds-20__epochs-5__cifar10_remove__cifar10_cnn round=16 (checkpoint deleted)
2026-08-21 21:30:22 EVALUATED cifar10-out-remove__non-iid__metric-privacy__fedavg__clients-99__seed-44__nm0p99__clip5__rounds-20__epochs-5__cifar10_remove__cifar10_cnn round=17 (checkpoint deleted)
2026-08-21 21:30:25 EVALUATED cifar10-out-remove__non-iid__metric-privacy__fedavg__clients-99__seed-44__nm0p99__clip5__rounds-20__epochs-5__cifar10_remove__cifar10_cnn round=18 (checkpoint deleted)
2026-08-21 21:30:28 EVALUATED cifar10-out-remove__non-iid__metric-privacy__fedavg__clients-99__seed-44__nm0p99__clip5__rounds-20__epochs-5__cifar10_remove__cifar10_cnn round=19 (checkpoint deleted)
2026-08-21 21:30:31 EVALUATED cifar10-out-remove__non-iid__metric-privacy__fedavg__clients-99__seed-44__nm0p99__clip5__rounds-20__epochs-5__cifar10_remove__cifar10_cnn round=20 (checkpoint deleted)
2026-08-21 21:30:31 PROGRESS 2/2 (0 failed so far)
2026-08-21 21:30:31 Sweep finished: 2/2 attempted, 0 failed
