2026-08-20 23:06:34 Fashion-MNIST stage (vanilla, homogeneous, seed=42, noise_ratio=None): 2 trajectories
2026-08-20 23:06:34 START fashion-mnist-in-remove__homogeneous__vanilla__fedavg__clients-48__seed-42__nm0p0321172__clip5__rounds-100__epochs-5__fashion_mnist_remove__fashion_mnist_cnn 
2026-08-20 23:22:11 DONE  fashion-mnist-in-remove__homogeneous__vanilla__fedavg__clients-48__seed-42__nm0p0321172__clip5__rounds-100__epochs-5__fashion_mnist_remove__fashion_mnist_cnn (937.7s)
2026-08-20 23:22:16 EVALUATED fashion-mnist-in-remove__homogeneous__vanilla__fedavg__clients-48__seed-42__nm0p0321172__clip5__rounds-100__epochs-5__fashion_mnist_remove__fashion_mnist_cnn round=1 (checkpoint deleted)
2026-08-20 23:22:19 EVALUATED fashion-mnist-in-remove__homogeneous__vanilla__fedavg__clients-48__seed-42__nm0p0321172__clip5__rounds-100__epochs-5__fashion_mnist_remove__fashion_mnist_cnn round=10 (checkpoint deleted)
2026-08-20 23:22:22 EVALUATED fashion-mnist-in-remove__homogeneous__vanilla__fedavg__clients-48__seed-42__nm0p0321172__clip5__rounds-100__epochs-5__fashion_mnist_remove__fashion_mnist_cnn round=20 (checkpoint deleted)
2026-08-20 23:22:24 EVALUATED fashion-mnist-in-remove__homogeneous__vanilla__fedavg__clients-48__seed-42__nm0p0321172__clip5__rounds-100__epochs-5__fashion_mnist_remove__fashion_mnist_cnn round=30 (checkpoint deleted)
2026-08-20 23:22:27 EVALUATED fashion-mnist-in-remove__homogeneous__vanilla__fedavg__clients-48__seed-42__nm0p0321172__clip5__rounds-100__epochs-5__fashion_mnist_remove__fashion_mnist_cnn round=40 (checkpoint deleted)
2026-08-20 23:22:30 EVALUATED fashion-mnist-in-remove__homogeneous__vanilla__fedavg__clients-48__seed-42__nm0p0321172__clip5__rounds-100__epochs-5__fashion_mnist_remove__fashion_mnist_cnn round=50 (checkpoint deleted)
2026-08-20 23:22:32 EVALUATED fashion-mnist-in-remove__homogeneous__vanilla__fedavg__clients-48__seed-42__nm0p0321172__clip5__rounds-100__epochs-5__fashion_mnist_remove__fashion_mnist_cnn round=60 (checkpoint deleted)
2026-08-20 23:22:35 EVALUATED fashion-mnist-in-remove__homogeneous__vanilla__fedavg__clients-48__seed-42__nm0p0321172__clip5__rounds-100__epochs-5__fashion_mnist_remove__fashion_mnist_cnn round=70 (checkpoint deleted)
2026-08-20 23:22:38 EVALUATED fashion-mnist-in-remove__homogeneous__vanilla__fedavg__clients-48__seed-42__nm0p0321172__clip5__rounds-100__epochs-5__fashion_mnist_remove__fashion_mnist_cnn round=80 (checkpoint deleted)
2026-08-20 23:22:41 EVALUATED fashion-mnist-in-remove__homogeneous__vanilla__fedavg__clients-48__seed-42__nm0p0321172__clip5__rounds-100__epochs-5__fashion_mnist_remove__fashion_mnist_cnn round=90 (checkpoint deleted)
2026-08-20 23:22:43 EVALUATED fashion-mnist-in-remove__homogeneous__vanilla__fedavg__clients-48__seed-42__nm0p0321172__clip5__rounds-100__epochs-5__fashion_mnist_remove__fashion_mnist_cnn round=100 (checkpoint deleted)
2026-08-20 23:22:43 PROGRESS 1/2 (0 failed so far)
2026-08-20 23:22:43 START fashion-mnist-out-remove__homogeneous__vanilla__fedavg__clients-47__seed-42__nm0p0321172__clip5__rounds-100__epochs-5__fashion_mnist_remove__fashion_mnist_cnn 
2026-08-20 23:37:59 DONE  fashion-mnist-out-remove__homogeneous__vanilla__fedavg__clients-47__seed-42__nm0p0321172__clip5__rounds-100__epochs-5__fashion_mnist_remove__fashion_mnist_cnn (915.6s)
2026-08-20 23:38:02 EVALUATED fashion-mnist-out-remove__homogeneous__vanilla__fedavg__clients-47__seed-42__nm0p0321172__clip5__rounds-100__epochs-5__fashion_mnist_remove__fashion_mnist_cnn round=1 (checkpoint deleted)
2026-08-20 23:38:04 EVALUATED fashion-mnist-out-remove__homogeneous__vanilla__fedavg__clients-47__seed-42__nm0p0321172__clip5__rounds-100__epochs-5__fashion_mnist_remove__fashion_mnist_cnn round=10 (checkpoint deleted)
2026-08-20 23:38:07 EVALUATED fashion-mnist-out-remove__homogeneous__vanilla__fedavg__clients-47__seed-42__nm0p0321172__clip5__rounds-100__epochs-5__fashion_mnist_remove__fashion_mnist_cnn round=20 (checkpoint deleted)
2026-08-20 23:38:10 EVALUATED fashion-mnist-out-remove__homogeneous__vanilla__fedavg__clients-47__seed-42__nm0p0321172__clip5__rounds-100__epochs-5__fashion_mnist_remove__fashion_mnist_cnn round=30 (checkpoint deleted)
2026-08-20 23:38:12 EVALUATED fashion-mnist-out-remove__homogeneous__vanilla__fedavg__clients-47__seed-42__nm0p0321172__clip5__rounds-100__epochs-5__fashion_mnist_remove__fashion_mnist_cnn round=40 (checkpoint deleted)
2026-08-20 23:38:15 EVALUATED fashion-mnist-out-remove__homogeneous__vanilla__fedavg__clients-47__seed-42__nm0p0321172__clip5__rounds-100__epochs-5__fashion_mnist_remove__fashion_mnist_cnn round=50 (checkpoint deleted)
2026-08-20 23:38:18 EVALUATED fashion-mnist-out-remove__homogeneous__vanilla__fedavg__clients-47__seed-42__nm0p0321172__clip5__rounds-100__epochs-5__fashion_mnist_remove__fashion_mnist_cnn round=60 (checkpoint deleted)
2026-08-20 23:38:20 EVALUATED fashion-mnist-out-remove__homogeneous__vanilla__fedavg__clients-47__seed-42__nm0p0321172__clip5__rounds-100__epochs-5__fashion_mnist_remove__fashion_mnist_cnn round=70 (checkpoint deleted)
2026-08-20 23:38:23 EVALUATED fashion-mnist-out-remove__homogeneous__vanilla__fedavg__clients-47__seed-42__nm0p0321172__clip5__rounds-100__epochs-5__fashion_mnist_remove__fashion_mnist_cnn round=80 (checkpoint deleted)
2026-08-20 23:38:26 EVALUATED fashion-mnist-out-remove__homogeneous__vanilla__fedavg__clients-47__seed-42__nm0p0321172__clip5__rounds-100__epochs-5__fashion_mnist_remove__fashion_mnist_cnn round=90 (checkpoint deleted)
2026-08-20 23:38:28 EVALUATED fashion-mnist-out-remove__homogeneous__vanilla__fedavg__clients-47__seed-42__nm0p0321172__clip5__rounds-100__epochs-5__fashion_mnist_remove__fashion_mnist_cnn round=100 (checkpoint deleted)
2026-08-20 23:38:28 PROGRESS 2/2 (0 failed so far)
2026-08-20 23:38:28 Sweep finished: 2/2 attempted, 0 failed
