2026-08-20 05:57:32 Alzheimer stage (metric-privacy, homogeneous, seed=42, noise_ratio=0.0001556693372602925): 2 trajectories
2026-08-20 05:57:32 START alzheimer-in-remove__homogeneous__metric-privacy__fedavg__clients-48__seed-42__nm0p00747213__clip5__rounds-100__epochs-5__alzheimer_remove__paper_cnn 
2026-08-20 06:23:01 DONE  alzheimer-in-remove__homogeneous__metric-privacy__fedavg__clients-48__seed-42__nm0p00747213__clip5__rounds-100__epochs-5__alzheimer_remove__paper_cnn (1529.5s)
2026-08-20 06:23:02 EVALUATED alzheimer-in-remove__homogeneous__metric-privacy__fedavg__clients-48__seed-42__nm0p00747213__clip5__rounds-100__epochs-5__alzheimer_remove__paper_cnn round=1 (checkpoint deleted)
2026-08-20 06:23:02 EVALUATED alzheimer-in-remove__homogeneous__metric-privacy__fedavg__clients-48__seed-42__nm0p00747213__clip5__rounds-100__epochs-5__alzheimer_remove__paper_cnn round=10 (checkpoint deleted)
2026-08-20 06:23:03 EVALUATED alzheimer-in-remove__homogeneous__metric-privacy__fedavg__clients-48__seed-42__nm0p00747213__clip5__rounds-100__epochs-5__alzheimer_remove__paper_cnn round=20 (checkpoint deleted)
2026-08-20 06:23:03 EVALUATED alzheimer-in-remove__homogeneous__metric-privacy__fedavg__clients-48__seed-42__nm0p00747213__clip5__rounds-100__epochs-5__alzheimer_remove__paper_cnn round=30 (checkpoint deleted)
2026-08-20 06:23:04 EVALUATED alzheimer-in-remove__homogeneous__metric-privacy__fedavg__clients-48__seed-42__nm0p00747213__clip5__rounds-100__epochs-5__alzheimer_remove__paper_cnn round=40 (checkpoint deleted)
2026-08-20 06:23:04 EVALUATED alzheimer-in-remove__homogeneous__metric-privacy__fedavg__clients-48__seed-42__nm0p00747213__clip5__rounds-100__epochs-5__alzheimer_remove__paper_cnn round=50 (checkpoint deleted)
2026-08-20 06:23:05 EVALUATED alzheimer-in-remove__homogeneous__metric-privacy__fedavg__clients-48__seed-42__nm0p00747213__clip5__rounds-100__epochs-5__alzheimer_remove__paper_cnn round=60 (checkpoint deleted)
2026-08-20 06:23:05 EVALUATED alzheimer-in-remove__homogeneous__metric-privacy__fedavg__clients-48__seed-42__nm0p00747213__clip5__rounds-100__epochs-5__alzheimer_remove__paper_cnn round=70 (checkpoint deleted)
2026-08-20 06:23:06 EVALUATED alzheimer-in-remove__homogeneous__metric-privacy__fedavg__clients-48__seed-42__nm0p00747213__clip5__rounds-100__epochs-5__alzheimer_remove__paper_cnn round=80 (checkpoint deleted)
2026-08-20 06:23:06 EVALUATED alzheimer-in-remove__homogeneous__metric-privacy__fedavg__clients-48__seed-42__nm0p00747213__clip5__rounds-100__epochs-5__alzheimer_remove__paper_cnn round=90 (checkpoint deleted)
2026-08-20 06:23:07 EVALUATED alzheimer-in-remove__homogeneous__metric-privacy__fedavg__clients-48__seed-42__nm0p00747213__clip5__rounds-100__epochs-5__alzheimer_remove__paper_cnn round=100 (checkpoint deleted)
2026-08-20 06:23:07 PROGRESS 1/2 (0 failed so far)
2026-08-20 06:23:07 START alzheimer-out-remove__homogeneous__metric-privacy__fedavg__clients-47__seed-42__nm0p00731646__clip5__rounds-100__epochs-5__alzheimer_remove__paper_cnn 
2026-08-20 06:48:41 DONE  alzheimer-out-remove__homogeneous__metric-privacy__fedavg__clients-47__seed-42__nm0p00731646__clip5__rounds-100__epochs-5__alzheimer_remove__paper_cnn (1534.2s)
2026-08-20 06:48:41 EVALUATED alzheimer-out-remove__homogeneous__metric-privacy__fedavg__clients-47__seed-42__nm0p00731646__clip5__rounds-100__epochs-5__alzheimer_remove__paper_cnn round=1 (checkpoint deleted)
2026-08-20 06:48:42 EVALUATED alzheimer-out-remove__homogeneous__metric-privacy__fedavg__clients-47__seed-42__nm0p00731646__clip5__rounds-100__epochs-5__alzheimer_remove__paper_cnn round=10 (checkpoint deleted)
2026-08-20 06:48:42 EVALUATED alzheimer-out-remove__homogeneous__metric-privacy__fedavg__clients-47__seed-42__nm0p00731646__clip5__rounds-100__epochs-5__alzheimer_remove__paper_cnn round=20 (checkpoint deleted)
2026-08-20 06:48:43 EVALUATED alzheimer-out-remove__homogeneous__metric-privacy__fedavg__clients-47__seed-42__nm0p00731646__clip5__rounds-100__epochs-5__alzheimer_remove__paper_cnn round=30 (checkpoint deleted)
2026-08-20 06:48:43 EVALUATED alzheimer-out-remove__homogeneous__metric-privacy__fedavg__clients-47__seed-42__nm0p00731646__clip5__rounds-100__epochs-5__alzheimer_remove__paper_cnn round=40 (checkpoint deleted)
2026-08-20 06:48:44 EVALUATED alzheimer-out-remove__homogeneous__metric-privacy__fedavg__clients-47__seed-42__nm0p00731646__clip5__rounds-100__epochs-5__alzheimer_remove__paper_cnn round=50 (checkpoint deleted)
2026-08-20 06:48:44 EVALUATED alzheimer-out-remove__homogeneous__metric-privacy__fedavg__clients-47__seed-42__nm0p00731646__clip5__rounds-100__epochs-5__alzheimer_remove__paper_cnn round=60 (checkpoint deleted)
2026-08-20 06:48:45 EVALUATED alzheimer-out-remove__homogeneous__metric-privacy__fedavg__clients-47__seed-42__nm0p00731646__clip5__rounds-100__epochs-5__alzheimer_remove__paper_cnn round=70 (checkpoint deleted)
2026-08-20 06:48:45 EVALUATED alzheimer-out-remove__homogeneous__metric-privacy__fedavg__clients-47__seed-42__nm0p00731646__clip5__rounds-100__epochs-5__alzheimer_remove__paper_cnn round=80 (checkpoint deleted)
2026-08-20 06:48:46 EVALUATED alzheimer-out-remove__homogeneous__metric-privacy__fedavg__clients-47__seed-42__nm0p00731646__clip5__rounds-100__epochs-5__alzheimer_remove__paper_cnn round=90 (checkpoint deleted)
2026-08-20 06:48:46 EVALUATED alzheimer-out-remove__homogeneous__metric-privacy__fedavg__clients-47__seed-42__nm0p00731646__clip5__rounds-100__epochs-5__alzheimer_remove__paper_cnn round=100 (checkpoint deleted)
2026-08-20 06:48:46 PROGRESS 2/2 (0 failed so far)
2026-08-20 06:48:46 Sweep finished: 2/2 attempted, 0 failed
