2026-08-13 13:55:51 CIFAR-10 removal CIA chunk (global-dp, clients=48, noise_ratio=0.00625): 2 trajectories
2026-08-13 13:55:51 START cifar10-in-remove__non-iid__global-dp__fedavg__clients-48__seed-42__nm0p3__clip5__rounds-20__epochs-5__cifar10_remove__cifar10_cnn 
2026-08-13 14:08:56 DONE  cifar10-in-remove__non-iid__global-dp__fedavg__clients-48__seed-42__nm0p3__clip5__rounds-20__epochs-5__cifar10_remove__cifar10_cnn (784.8s)
2026-08-13 14:09:02 EVALUATED cifar10-in-remove__non-iid__global-dp__fedavg__clients-48__seed-42__nm0p3__clip5__rounds-20__epochs-5__cifar10_remove__cifar10_cnn round=1 (checkpoint deleted)
2026-08-13 14:09:07 EVALUATED cifar10-in-remove__non-iid__global-dp__fedavg__clients-48__seed-42__nm0p3__clip5__rounds-20__epochs-5__cifar10_remove__cifar10_cnn round=2 (checkpoint deleted)
2026-08-13 14:09:12 EVALUATED cifar10-in-remove__non-iid__global-dp__fedavg__clients-48__seed-42__nm0p3__clip5__rounds-20__epochs-5__cifar10_remove__cifar10_cnn round=3 (checkpoint deleted)
2026-08-13 14:09:17 EVALUATED cifar10-in-remove__non-iid__global-dp__fedavg__clients-48__seed-42__nm0p3__clip5__rounds-20__epochs-5__cifar10_remove__cifar10_cnn round=4 (checkpoint deleted)
2026-08-13 14:09:22 EVALUATED cifar10-in-remove__non-iid__global-dp__fedavg__clients-48__seed-42__nm0p3__clip5__rounds-20__epochs-5__cifar10_remove__cifar10_cnn round=5 (checkpoint deleted)
2026-08-13 14:09:27 EVALUATED cifar10-in-remove__non-iid__global-dp__fedavg__clients-48__seed-42__nm0p3__clip5__rounds-20__epochs-5__cifar10_remove__cifar10_cnn round=6 (checkpoint deleted)
2026-08-13 14:09:32 EVALUATED cifar10-in-remove__non-iid__global-dp__fedavg__clients-48__seed-42__nm0p3__clip5__rounds-20__epochs-5__cifar10_remove__cifar10_cnn round=7 (checkpoint deleted)
2026-08-13 14:09:37 EVALUATED cifar10-in-remove__non-iid__global-dp__fedavg__clients-48__seed-42__nm0p3__clip5__rounds-20__epochs-5__cifar10_remove__cifar10_cnn round=8 (checkpoint deleted)
2026-08-13 14:09:42 EVALUATED cifar10-in-remove__non-iid__global-dp__fedavg__clients-48__seed-42__nm0p3__clip5__rounds-20__epochs-5__cifar10_remove__cifar10_cnn round=9 (checkpoint deleted)
2026-08-13 14:09:47 EVALUATED cifar10-in-remove__non-iid__global-dp__fedavg__clients-48__seed-42__nm0p3__clip5__rounds-20__epochs-5__cifar10_remove__cifar10_cnn round=10 (checkpoint deleted)
2026-08-13 14:09:52 EVALUATED cifar10-in-remove__non-iid__global-dp__fedavg__clients-48__seed-42__nm0p3__clip5__rounds-20__epochs-5__cifar10_remove__cifar10_cnn round=11 (checkpoint deleted)
2026-08-13 14:09:57 EVALUATED cifar10-in-remove__non-iid__global-dp__fedavg__clients-48__seed-42__nm0p3__clip5__rounds-20__epochs-5__cifar10_remove__cifar10_cnn round=12 (checkpoint deleted)
2026-08-13 14:10:02 EVALUATED cifar10-in-remove__non-iid__global-dp__fedavg__clients-48__seed-42__nm0p3__clip5__rounds-20__epochs-5__cifar10_remove__cifar10_cnn round=13 (checkpoint deleted)
2026-08-13 14:10:06 EVALUATED cifar10-in-remove__non-iid__global-dp__fedavg__clients-48__seed-42__nm0p3__clip5__rounds-20__epochs-5__cifar10_remove__cifar10_cnn round=14 (checkpoint deleted)
2026-08-13 14:10:11 EVALUATED cifar10-in-remove__non-iid__global-dp__fedavg__clients-48__seed-42__nm0p3__clip5__rounds-20__epochs-5__cifar10_remove__cifar10_cnn round=15 (checkpoint deleted)
2026-08-13 14:10:16 EVALUATED cifar10-in-remove__non-iid__global-dp__fedavg__clients-48__seed-42__nm0p3__clip5__rounds-20__epochs-5__cifar10_remove__cifar10_cnn round=16 (checkpoint deleted)
2026-08-13 14:10:21 EVALUATED cifar10-in-remove__non-iid__global-dp__fedavg__clients-48__seed-42__nm0p3__clip5__rounds-20__epochs-5__cifar10_remove__cifar10_cnn round=17 (checkpoint deleted)
2026-08-13 14:10:26 EVALUATED cifar10-in-remove__non-iid__global-dp__fedavg__clients-48__seed-42__nm0p3__clip5__rounds-20__epochs-5__cifar10_remove__cifar10_cnn round=18 (checkpoint deleted)
2026-08-13 14:10:31 EVALUATED cifar10-in-remove__non-iid__global-dp__fedavg__clients-48__seed-42__nm0p3__clip5__rounds-20__epochs-5__cifar10_remove__cifar10_cnn round=19 (checkpoint deleted)
2026-08-13 14:10:36 EVALUATED cifar10-in-remove__non-iid__global-dp__fedavg__clients-48__seed-42__nm0p3__clip5__rounds-20__epochs-5__cifar10_remove__cifar10_cnn round=20 (checkpoint deleted)
2026-08-13 14:10:36 PROGRESS 1/2 (0 failed so far)
2026-08-13 14:10:36 START cifar10-out-remove__non-iid__global-dp__fedavg__clients-47__seed-42__nm0p29375__clip5__rounds-20__epochs-5__cifar10_remove__cifar10_cnn 
2026-08-13 14:23:26 DONE  cifar10-out-remove__non-iid__global-dp__fedavg__clients-47__seed-42__nm0p29375__clip5__rounds-20__epochs-5__cifar10_remove__cifar10_cnn (770.0s)
2026-08-13 14:23:31 EVALUATED cifar10-out-remove__non-iid__global-dp__fedavg__clients-47__seed-42__nm0p29375__clip5__rounds-20__epochs-5__cifar10_remove__cifar10_cnn round=1 (checkpoint deleted)
2026-08-13 14:23:36 EVALUATED cifar10-out-remove__non-iid__global-dp__fedavg__clients-47__seed-42__nm0p29375__clip5__rounds-20__epochs-5__cifar10_remove__cifar10_cnn round=2 (checkpoint deleted)
2026-08-13 14:23:41 EVALUATED cifar10-out-remove__non-iid__global-dp__fedavg__clients-47__seed-42__nm0p29375__clip5__rounds-20__epochs-5__cifar10_remove__cifar10_cnn round=3 (checkpoint deleted)
2026-08-13 14:23:46 EVALUATED cifar10-out-remove__non-iid__global-dp__fedavg__clients-47__seed-42__nm0p29375__clip5__rounds-20__epochs-5__cifar10_remove__cifar10_cnn round=4 (checkpoint deleted)
2026-08-13 14:23:51 EVALUATED cifar10-out-remove__non-iid__global-dp__fedavg__clients-47__seed-42__nm0p29375__clip5__rounds-20__epochs-5__cifar10_remove__cifar10_cnn round=5 (checkpoint deleted)
2026-08-13 14:23:56 EVALUATED cifar10-out-remove__non-iid__global-dp__fedavg__clients-47__seed-42__nm0p29375__clip5__rounds-20__epochs-5__cifar10_remove__cifar10_cnn round=6 (checkpoint deleted)
2026-08-13 14:24:01 EVALUATED cifar10-out-remove__non-iid__global-dp__fedavg__clients-47__seed-42__nm0p29375__clip5__rounds-20__epochs-5__cifar10_remove__cifar10_cnn round=7 (checkpoint deleted)
2026-08-13 14:24:06 EVALUATED cifar10-out-remove__non-iid__global-dp__fedavg__clients-47__seed-42__nm0p29375__clip5__rounds-20__epochs-5__cifar10_remove__cifar10_cnn round=8 (checkpoint deleted)
2026-08-13 14:24:11 EVALUATED cifar10-out-remove__non-iid__global-dp__fedavg__clients-47__seed-42__nm0p29375__clip5__rounds-20__epochs-5__cifar10_remove__cifar10_cnn round=9 (checkpoint deleted)
2026-08-13 14:24:16 EVALUATED cifar10-out-remove__non-iid__global-dp__fedavg__clients-47__seed-42__nm0p29375__clip5__rounds-20__epochs-5__cifar10_remove__cifar10_cnn round=10 (checkpoint deleted)
2026-08-13 14:24:21 EVALUATED cifar10-out-remove__non-iid__global-dp__fedavg__clients-47__seed-42__nm0p29375__clip5__rounds-20__epochs-5__cifar10_remove__cifar10_cnn round=11 (checkpoint deleted)
2026-08-13 14:24:26 EVALUATED cifar10-out-remove__non-iid__global-dp__fedavg__clients-47__seed-42__nm0p29375__clip5__rounds-20__epochs-5__cifar10_remove__cifar10_cnn round=12 (checkpoint deleted)
2026-08-13 14:24:31 EVALUATED cifar10-out-remove__non-iid__global-dp__fedavg__clients-47__seed-42__nm0p29375__clip5__rounds-20__epochs-5__cifar10_remove__cifar10_cnn round=13 (checkpoint deleted)
2026-08-13 14:24:36 EVALUATED cifar10-out-remove__non-iid__global-dp__fedavg__clients-47__seed-42__nm0p29375__clip5__rounds-20__epochs-5__cifar10_remove__cifar10_cnn round=14 (checkpoint deleted)
2026-08-13 14:24:41 EVALUATED cifar10-out-remove__non-iid__global-dp__fedavg__clients-47__seed-42__nm0p29375__clip5__rounds-20__epochs-5__cifar10_remove__cifar10_cnn round=15 (checkpoint deleted)
2026-08-13 14:24:46 EVALUATED cifar10-out-remove__non-iid__global-dp__fedavg__clients-47__seed-42__nm0p29375__clip5__rounds-20__epochs-5__cifar10_remove__cifar10_cnn round=16 (checkpoint deleted)
2026-08-13 14:24:51 EVALUATED cifar10-out-remove__non-iid__global-dp__fedavg__clients-47__seed-42__nm0p29375__clip5__rounds-20__epochs-5__cifar10_remove__cifar10_cnn round=17 (checkpoint deleted)
2026-08-13 14:24:55 EVALUATED cifar10-out-remove__non-iid__global-dp__fedavg__clients-47__seed-42__nm0p29375__clip5__rounds-20__epochs-5__cifar10_remove__cifar10_cnn round=18 (checkpoint deleted)
2026-08-13 14:25:00 EVALUATED cifar10-out-remove__non-iid__global-dp__fedavg__clients-47__seed-42__nm0p29375__clip5__rounds-20__epochs-5__cifar10_remove__cifar10_cnn round=19 (checkpoint deleted)
2026-08-13 14:25:05 EVALUATED cifar10-out-remove__non-iid__global-dp__fedavg__clients-47__seed-42__nm0p29375__clip5__rounds-20__epochs-5__cifar10_remove__cifar10_cnn round=20 (checkpoint deleted)
2026-08-13 14:25:05 PROGRESS 2/2 (0 failed so far)
2026-08-13 14:25:05 Sweep finished: 2/2 attempted, 0 failed
