2026-08-05 18:25:08 Starting full chunk: 2 trajectories
2026-08-05 18:25:08 START cifar-full-out-replace__non-iid__global-dp__fedavg__clients-8__seed-42__nm0p026664__clip5__rounds-20__epochs-5__cifar_chunks__cifar10_cnn 
2026-08-05 18:29:39 DONE  cifar-full-out-replace__non-iid__global-dp__fedavg__clients-8__seed-42__nm0p026664__clip5__rounds-20__epochs-5__cifar_chunks__cifar10_cnn (270.1s)
2026-08-05 18:29:46 EVALUATED cifar-full-out-replace__non-iid__global-dp__fedavg__clients-8__seed-42__nm0p026664__clip5__rounds-20__epochs-5__cifar_chunks__cifar10_cnn round=1 (checkpoint deleted)
2026-08-05 18:29:51 EVALUATED cifar-full-out-replace__non-iid__global-dp__fedavg__clients-8__seed-42__nm0p026664__clip5__rounds-20__epochs-5__cifar_chunks__cifar10_cnn round=2 (checkpoint deleted)
2026-08-05 18:29:55 EVALUATED cifar-full-out-replace__non-iid__global-dp__fedavg__clients-8__seed-42__nm0p026664__clip5__rounds-20__epochs-5__cifar_chunks__cifar10_cnn round=3 (checkpoint deleted)
2026-08-05 18:30:00 EVALUATED cifar-full-out-replace__non-iid__global-dp__fedavg__clients-8__seed-42__nm0p026664__clip5__rounds-20__epochs-5__cifar_chunks__cifar10_cnn round=4 (checkpoint deleted)
2026-08-05 18:30:04 EVALUATED cifar-full-out-replace__non-iid__global-dp__fedavg__clients-8__seed-42__nm0p026664__clip5__rounds-20__epochs-5__cifar_chunks__cifar10_cnn round=5 (checkpoint deleted)
2026-08-05 18:30:09 EVALUATED cifar-full-out-replace__non-iid__global-dp__fedavg__clients-8__seed-42__nm0p026664__clip5__rounds-20__epochs-5__cifar_chunks__cifar10_cnn round=6 (checkpoint deleted)
2026-08-05 18:30:13 EVALUATED cifar-full-out-replace__non-iid__global-dp__fedavg__clients-8__seed-42__nm0p026664__clip5__rounds-20__epochs-5__cifar_chunks__cifar10_cnn round=7 (checkpoint deleted)
2026-08-05 18:30:18 EVALUATED cifar-full-out-replace__non-iid__global-dp__fedavg__clients-8__seed-42__nm0p026664__clip5__rounds-20__epochs-5__cifar_chunks__cifar10_cnn round=8 (checkpoint deleted)
2026-08-05 18:30:22 EVALUATED cifar-full-out-replace__non-iid__global-dp__fedavg__clients-8__seed-42__nm0p026664__clip5__rounds-20__epochs-5__cifar_chunks__cifar10_cnn round=9 (checkpoint deleted)
2026-08-05 18:30:27 EVALUATED cifar-full-out-replace__non-iid__global-dp__fedavg__clients-8__seed-42__nm0p026664__clip5__rounds-20__epochs-5__cifar_chunks__cifar10_cnn round=10 (checkpoint deleted)
2026-08-05 18:30:31 EVALUATED cifar-full-out-replace__non-iid__global-dp__fedavg__clients-8__seed-42__nm0p026664__clip5__rounds-20__epochs-5__cifar_chunks__cifar10_cnn round=11 (checkpoint deleted)
2026-08-05 18:30:36 EVALUATED cifar-full-out-replace__non-iid__global-dp__fedavg__clients-8__seed-42__nm0p026664__clip5__rounds-20__epochs-5__cifar_chunks__cifar10_cnn round=12 (checkpoint deleted)
2026-08-05 18:30:40 EVALUATED cifar-full-out-replace__non-iid__global-dp__fedavg__clients-8__seed-42__nm0p026664__clip5__rounds-20__epochs-5__cifar_chunks__cifar10_cnn round=13 (checkpoint deleted)
2026-08-05 18:30:45 EVALUATED cifar-full-out-replace__non-iid__global-dp__fedavg__clients-8__seed-42__nm0p026664__clip5__rounds-20__epochs-5__cifar_chunks__cifar10_cnn round=14 (checkpoint deleted)
2026-08-05 18:30:49 EVALUATED cifar-full-out-replace__non-iid__global-dp__fedavg__clients-8__seed-42__nm0p026664__clip5__rounds-20__epochs-5__cifar_chunks__cifar10_cnn round=15 (checkpoint deleted)
2026-08-05 18:30:54 EVALUATED cifar-full-out-replace__non-iid__global-dp__fedavg__clients-8__seed-42__nm0p026664__clip5__rounds-20__epochs-5__cifar_chunks__cifar10_cnn round=16 (checkpoint deleted)
2026-08-05 18:30:58 EVALUATED cifar-full-out-replace__non-iid__global-dp__fedavg__clients-8__seed-42__nm0p026664__clip5__rounds-20__epochs-5__cifar_chunks__cifar10_cnn round=17 (checkpoint deleted)
2026-08-05 18:31:03 EVALUATED cifar-full-out-replace__non-iid__global-dp__fedavg__clients-8__seed-42__nm0p026664__clip5__rounds-20__epochs-5__cifar_chunks__cifar10_cnn round=18 (checkpoint deleted)
2026-08-05 18:31:07 EVALUATED cifar-full-out-replace__non-iid__global-dp__fedavg__clients-8__seed-42__nm0p026664__clip5__rounds-20__epochs-5__cifar_chunks__cifar10_cnn round=19 (checkpoint deleted)
2026-08-05 18:31:12 EVALUATED cifar-full-out-replace__non-iid__global-dp__fedavg__clients-8__seed-42__nm0p026664__clip5__rounds-20__epochs-5__cifar_chunks__cifar10_cnn round=20 (checkpoint deleted)
2026-08-05 18:31:12 PROGRESS 1/2 (0 failed so far)
2026-08-05 18:31:12 START cifar-full-out-replace__non-iid__metric-privacy__fedavg__clients-8__seed-42__nm0p026664__clip5__rounds-20__epochs-5__cifar_chunks__cifar10_cnn 
2026-08-05 18:35:46 DONE  cifar-full-out-replace__non-iid__metric-privacy__fedavg__clients-8__seed-42__nm0p026664__clip5__rounds-20__epochs-5__cifar_chunks__cifar10_cnn (274.1s)
2026-08-05 18:35:50 EVALUATED cifar-full-out-replace__non-iid__metric-privacy__fedavg__clients-8__seed-42__nm0p026664__clip5__rounds-20__epochs-5__cifar_chunks__cifar10_cnn round=1 (checkpoint deleted)
2026-08-05 18:35:55 EVALUATED cifar-full-out-replace__non-iid__metric-privacy__fedavg__clients-8__seed-42__nm0p026664__clip5__rounds-20__epochs-5__cifar_chunks__cifar10_cnn round=2 (checkpoint deleted)
2026-08-05 18:35:59 EVALUATED cifar-full-out-replace__non-iid__metric-privacy__fedavg__clients-8__seed-42__nm0p026664__clip5__rounds-20__epochs-5__cifar_chunks__cifar10_cnn round=3 (checkpoint deleted)
2026-08-05 18:36:04 EVALUATED cifar-full-out-replace__non-iid__metric-privacy__fedavg__clients-8__seed-42__nm0p026664__clip5__rounds-20__epochs-5__cifar_chunks__cifar10_cnn round=4 (checkpoint deleted)
2026-08-05 18:36:08 EVALUATED cifar-full-out-replace__non-iid__metric-privacy__fedavg__clients-8__seed-42__nm0p026664__clip5__rounds-20__epochs-5__cifar_chunks__cifar10_cnn round=5 (checkpoint deleted)
2026-08-05 18:36:13 EVALUATED cifar-full-out-replace__non-iid__metric-privacy__fedavg__clients-8__seed-42__nm0p026664__clip5__rounds-20__epochs-5__cifar_chunks__cifar10_cnn round=6 (checkpoint deleted)
2026-08-05 18:36:17 EVALUATED cifar-full-out-replace__non-iid__metric-privacy__fedavg__clients-8__seed-42__nm0p026664__clip5__rounds-20__epochs-5__cifar_chunks__cifar10_cnn round=7 (checkpoint deleted)
2026-08-05 18:36:22 EVALUATED cifar-full-out-replace__non-iid__metric-privacy__fedavg__clients-8__seed-42__nm0p026664__clip5__rounds-20__epochs-5__cifar_chunks__cifar10_cnn round=8 (checkpoint deleted)
2026-08-05 18:36:26 EVALUATED cifar-full-out-replace__non-iid__metric-privacy__fedavg__clients-8__seed-42__nm0p026664__clip5__rounds-20__epochs-5__cifar_chunks__cifar10_cnn round=9 (checkpoint deleted)
2026-08-05 18:36:31 EVALUATED cifar-full-out-replace__non-iid__metric-privacy__fedavg__clients-8__seed-42__nm0p026664__clip5__rounds-20__epochs-5__cifar_chunks__cifar10_cnn round=10 (checkpoint deleted)
2026-08-05 18:36:36 EVALUATED cifar-full-out-replace__non-iid__metric-privacy__fedavg__clients-8__seed-42__nm0p026664__clip5__rounds-20__epochs-5__cifar_chunks__cifar10_cnn round=11 (checkpoint deleted)
2026-08-05 18:36:40 EVALUATED cifar-full-out-replace__non-iid__metric-privacy__fedavg__clients-8__seed-42__nm0p026664__clip5__rounds-20__epochs-5__cifar_chunks__cifar10_cnn round=12 (checkpoint deleted)
2026-08-05 18:36:45 EVALUATED cifar-full-out-replace__non-iid__metric-privacy__fedavg__clients-8__seed-42__nm0p026664__clip5__rounds-20__epochs-5__cifar_chunks__cifar10_cnn round=13 (checkpoint deleted)
2026-08-05 18:36:49 EVALUATED cifar-full-out-replace__non-iid__metric-privacy__fedavg__clients-8__seed-42__nm0p026664__clip5__rounds-20__epochs-5__cifar_chunks__cifar10_cnn round=14 (checkpoint deleted)
2026-08-05 18:36:54 EVALUATED cifar-full-out-replace__non-iid__metric-privacy__fedavg__clients-8__seed-42__nm0p026664__clip5__rounds-20__epochs-5__cifar_chunks__cifar10_cnn round=15 (checkpoint deleted)
2026-08-05 18:36:58 EVALUATED cifar-full-out-replace__non-iid__metric-privacy__fedavg__clients-8__seed-42__nm0p026664__clip5__rounds-20__epochs-5__cifar_chunks__cifar10_cnn round=16 (checkpoint deleted)
2026-08-05 18:37:03 EVALUATED cifar-full-out-replace__non-iid__metric-privacy__fedavg__clients-8__seed-42__nm0p026664__clip5__rounds-20__epochs-5__cifar_chunks__cifar10_cnn round=17 (checkpoint deleted)
2026-08-05 18:37:07 EVALUATED cifar-full-out-replace__non-iid__metric-privacy__fedavg__clients-8__seed-42__nm0p026664__clip5__rounds-20__epochs-5__cifar_chunks__cifar10_cnn round=18 (checkpoint deleted)
2026-08-05 18:37:12 EVALUATED cifar-full-out-replace__non-iid__metric-privacy__fedavg__clients-8__seed-42__nm0p026664__clip5__rounds-20__epochs-5__cifar_chunks__cifar10_cnn round=19 (checkpoint deleted)
2026-08-05 18:37:16 EVALUATED cifar-full-out-replace__non-iid__metric-privacy__fedavg__clients-8__seed-42__nm0p026664__clip5__rounds-20__epochs-5__cifar_chunks__cifar10_cnn round=20 (checkpoint deleted)
2026-08-05 18:37:16 PROGRESS 2/2 (0 failed so far)
2026-08-05 18:37:16 Sweep finished: 2/2 attempted, 0 failed
