2026-08-05 12:17:24 Starting max-records chunk: 2 trajectories
2026-08-05 12:17:24 START cifar-max-records-out-remove__non-iid__global-dp__fedavg__clients-2__seed-44__nm0p01__clip5__rounds-20__epochs-5__cifar_chunks__cifar10_cnn 
2026-08-05 12:23:08 DONE  cifar-max-records-out-remove__non-iid__global-dp__fedavg__clients-2__seed-44__nm0p01__clip5__rounds-20__epochs-5__cifar_chunks__cifar10_cnn (344.1s)
2026-08-05 12:23:18 EVALUATED cifar-max-records-out-remove__non-iid__global-dp__fedavg__clients-2__seed-44__nm0p01__clip5__rounds-20__epochs-5__cifar_chunks__cifar10_cnn round=1 (checkpoint deleted)
2026-08-05 12:23:25 EVALUATED cifar-max-records-out-remove__non-iid__global-dp__fedavg__clients-2__seed-44__nm0p01__clip5__rounds-20__epochs-5__cifar_chunks__cifar10_cnn round=2 (checkpoint deleted)
2026-08-05 12:23:32 EVALUATED cifar-max-records-out-remove__non-iid__global-dp__fedavg__clients-2__seed-44__nm0p01__clip5__rounds-20__epochs-5__cifar_chunks__cifar10_cnn round=3 (checkpoint deleted)
2026-08-05 12:23:39 EVALUATED cifar-max-records-out-remove__non-iid__global-dp__fedavg__clients-2__seed-44__nm0p01__clip5__rounds-20__epochs-5__cifar_chunks__cifar10_cnn round=4 (checkpoint deleted)
2026-08-05 12:23:46 EVALUATED cifar-max-records-out-remove__non-iid__global-dp__fedavg__clients-2__seed-44__nm0p01__clip5__rounds-20__epochs-5__cifar_chunks__cifar10_cnn round=5 (checkpoint deleted)
2026-08-05 12:23:53 EVALUATED cifar-max-records-out-remove__non-iid__global-dp__fedavg__clients-2__seed-44__nm0p01__clip5__rounds-20__epochs-5__cifar_chunks__cifar10_cnn round=6 (checkpoint deleted)
2026-08-05 12:24:00 EVALUATED cifar-max-records-out-remove__non-iid__global-dp__fedavg__clients-2__seed-44__nm0p01__clip5__rounds-20__epochs-5__cifar_chunks__cifar10_cnn round=7 (checkpoint deleted)
2026-08-05 12:24:07 EVALUATED cifar-max-records-out-remove__non-iid__global-dp__fedavg__clients-2__seed-44__nm0p01__clip5__rounds-20__epochs-5__cifar_chunks__cifar10_cnn round=8 (checkpoint deleted)
2026-08-05 12:24:14 EVALUATED cifar-max-records-out-remove__non-iid__global-dp__fedavg__clients-2__seed-44__nm0p01__clip5__rounds-20__epochs-5__cifar_chunks__cifar10_cnn round=9 (checkpoint deleted)
2026-08-05 12:24:21 EVALUATED cifar-max-records-out-remove__non-iid__global-dp__fedavg__clients-2__seed-44__nm0p01__clip5__rounds-20__epochs-5__cifar_chunks__cifar10_cnn round=10 (checkpoint deleted)
2026-08-05 12:24:28 EVALUATED cifar-max-records-out-remove__non-iid__global-dp__fedavg__clients-2__seed-44__nm0p01__clip5__rounds-20__epochs-5__cifar_chunks__cifar10_cnn round=11 (checkpoint deleted)
2026-08-05 12:24:34 EVALUATED cifar-max-records-out-remove__non-iid__global-dp__fedavg__clients-2__seed-44__nm0p01__clip5__rounds-20__epochs-5__cifar_chunks__cifar10_cnn round=12 (checkpoint deleted)
2026-08-05 12:24:41 EVALUATED cifar-max-records-out-remove__non-iid__global-dp__fedavg__clients-2__seed-44__nm0p01__clip5__rounds-20__epochs-5__cifar_chunks__cifar10_cnn round=13 (checkpoint deleted)
2026-08-05 12:24:48 EVALUATED cifar-max-records-out-remove__non-iid__global-dp__fedavg__clients-2__seed-44__nm0p01__clip5__rounds-20__epochs-5__cifar_chunks__cifar10_cnn round=14 (checkpoint deleted)
2026-08-05 12:24:55 EVALUATED cifar-max-records-out-remove__non-iid__global-dp__fedavg__clients-2__seed-44__nm0p01__clip5__rounds-20__epochs-5__cifar_chunks__cifar10_cnn round=15 (checkpoint deleted)
2026-08-05 12:25:02 EVALUATED cifar-max-records-out-remove__non-iid__global-dp__fedavg__clients-2__seed-44__nm0p01__clip5__rounds-20__epochs-5__cifar_chunks__cifar10_cnn round=16 (checkpoint deleted)
2026-08-05 12:25:09 EVALUATED cifar-max-records-out-remove__non-iid__global-dp__fedavg__clients-2__seed-44__nm0p01__clip5__rounds-20__epochs-5__cifar_chunks__cifar10_cnn round=17 (checkpoint deleted)
2026-08-05 12:25:16 EVALUATED cifar-max-records-out-remove__non-iid__global-dp__fedavg__clients-2__seed-44__nm0p01__clip5__rounds-20__epochs-5__cifar_chunks__cifar10_cnn round=18 (checkpoint deleted)
2026-08-05 12:25:23 EVALUATED cifar-max-records-out-remove__non-iid__global-dp__fedavg__clients-2__seed-44__nm0p01__clip5__rounds-20__epochs-5__cifar_chunks__cifar10_cnn round=19 (checkpoint deleted)
2026-08-05 12:25:29 EVALUATED cifar-max-records-out-remove__non-iid__global-dp__fedavg__clients-2__seed-44__nm0p01__clip5__rounds-20__epochs-5__cifar_chunks__cifar10_cnn round=20 (checkpoint deleted)
2026-08-05 12:25:29 PROGRESS 1/2 (0 failed so far)
2026-08-05 12:25:29 START cifar-max-records-out-remove__non-iid__metric-privacy__fedavg__clients-2__seed-44__nm0p01__clip5__rounds-20__epochs-5__cifar_chunks__cifar10_cnn 
2026-08-05 12:31:16 DONE  cifar-max-records-out-remove__non-iid__metric-privacy__fedavg__clients-2__seed-44__nm0p01__clip5__rounds-20__epochs-5__cifar_chunks__cifar10_cnn (346.2s)
2026-08-05 12:31:22 EVALUATED cifar-max-records-out-remove__non-iid__metric-privacy__fedavg__clients-2__seed-44__nm0p01__clip5__rounds-20__epochs-5__cifar_chunks__cifar10_cnn round=1 (checkpoint deleted)
2026-08-05 12:31:29 EVALUATED cifar-max-records-out-remove__non-iid__metric-privacy__fedavg__clients-2__seed-44__nm0p01__clip5__rounds-20__epochs-5__cifar_chunks__cifar10_cnn round=2 (checkpoint deleted)
2026-08-05 12:31:36 EVALUATED cifar-max-records-out-remove__non-iid__metric-privacy__fedavg__clients-2__seed-44__nm0p01__clip5__rounds-20__epochs-5__cifar_chunks__cifar10_cnn round=3 (checkpoint deleted)
2026-08-05 12:31:43 EVALUATED cifar-max-records-out-remove__non-iid__metric-privacy__fedavg__clients-2__seed-44__nm0p01__clip5__rounds-20__epochs-5__cifar_chunks__cifar10_cnn round=4 (checkpoint deleted)
2026-08-05 12:31:50 EVALUATED cifar-max-records-out-remove__non-iid__metric-privacy__fedavg__clients-2__seed-44__nm0p01__clip5__rounds-20__epochs-5__cifar_chunks__cifar10_cnn round=5 (checkpoint deleted)
2026-08-05 12:31:57 EVALUATED cifar-max-records-out-remove__non-iid__metric-privacy__fedavg__clients-2__seed-44__nm0p01__clip5__rounds-20__epochs-5__cifar_chunks__cifar10_cnn round=6 (checkpoint deleted)
2026-08-05 12:32:04 EVALUATED cifar-max-records-out-remove__non-iid__metric-privacy__fedavg__clients-2__seed-44__nm0p01__clip5__rounds-20__epochs-5__cifar_chunks__cifar10_cnn round=7 (checkpoint deleted)
2026-08-05 12:32:11 EVALUATED cifar-max-records-out-remove__non-iid__metric-privacy__fedavg__clients-2__seed-44__nm0p01__clip5__rounds-20__epochs-5__cifar_chunks__cifar10_cnn round=8 (checkpoint deleted)
2026-08-05 12:32:18 EVALUATED cifar-max-records-out-remove__non-iid__metric-privacy__fedavg__clients-2__seed-44__nm0p01__clip5__rounds-20__epochs-5__cifar_chunks__cifar10_cnn round=9 (checkpoint deleted)
2026-08-05 12:32:25 EVALUATED cifar-max-records-out-remove__non-iid__metric-privacy__fedavg__clients-2__seed-44__nm0p01__clip5__rounds-20__epochs-5__cifar_chunks__cifar10_cnn round=10 (checkpoint deleted)
2026-08-05 12:32:32 EVALUATED cifar-max-records-out-remove__non-iid__metric-privacy__fedavg__clients-2__seed-44__nm0p01__clip5__rounds-20__epochs-5__cifar_chunks__cifar10_cnn round=11 (checkpoint deleted)
2026-08-05 12:32:39 EVALUATED cifar-max-records-out-remove__non-iid__metric-privacy__fedavg__clients-2__seed-44__nm0p01__clip5__rounds-20__epochs-5__cifar_chunks__cifar10_cnn round=12 (checkpoint deleted)
2026-08-05 12:32:45 EVALUATED cifar-max-records-out-remove__non-iid__metric-privacy__fedavg__clients-2__seed-44__nm0p01__clip5__rounds-20__epochs-5__cifar_chunks__cifar10_cnn round=13 (checkpoint deleted)
2026-08-05 12:32:52 EVALUATED cifar-max-records-out-remove__non-iid__metric-privacy__fedavg__clients-2__seed-44__nm0p01__clip5__rounds-20__epochs-5__cifar_chunks__cifar10_cnn round=14 (checkpoint deleted)
2026-08-05 12:32:59 EVALUATED cifar-max-records-out-remove__non-iid__metric-privacy__fedavg__clients-2__seed-44__nm0p01__clip5__rounds-20__epochs-5__cifar_chunks__cifar10_cnn round=15 (checkpoint deleted)
2026-08-05 12:33:06 EVALUATED cifar-max-records-out-remove__non-iid__metric-privacy__fedavg__clients-2__seed-44__nm0p01__clip5__rounds-20__epochs-5__cifar_chunks__cifar10_cnn round=16 (checkpoint deleted)
2026-08-05 12:33:13 EVALUATED cifar-max-records-out-remove__non-iid__metric-privacy__fedavg__clients-2__seed-44__nm0p01__clip5__rounds-20__epochs-5__cifar_chunks__cifar10_cnn round=17 (checkpoint deleted)
2026-08-05 12:33:20 EVALUATED cifar-max-records-out-remove__non-iid__metric-privacy__fedavg__clients-2__seed-44__nm0p01__clip5__rounds-20__epochs-5__cifar_chunks__cifar10_cnn round=18 (checkpoint deleted)
2026-08-05 12:33:27 EVALUATED cifar-max-records-out-remove__non-iid__metric-privacy__fedavg__clients-2__seed-44__nm0p01__clip5__rounds-20__epochs-5__cifar_chunks__cifar10_cnn round=19 (checkpoint deleted)
2026-08-05 12:33:34 EVALUATED cifar-max-records-out-remove__non-iid__metric-privacy__fedavg__clients-2__seed-44__nm0p01__clip5__rounds-20__epochs-5__cifar_chunks__cifar10_cnn round=20 (checkpoint deleted)
2026-08-05 12:33:34 PROGRESS 2/2 (0 failed so far)
2026-08-05 12:33:34 Sweep finished: 2/2 attempted, 0 failed
