2026-08-20 02:48:04 Alzheimer stage (global-dp, homogeneous, seed=42, noise_ratio=0.00124535469808234): 2 trajectories
2026-08-20 02:48:04 START alzheimer-in-remove__homogeneous__global-dp__fedavg__clients-48__seed-42__nm0p059777__clip5__rounds-100__epochs-5__alzheimer_remove__paper_cnn 
2026-08-20 03:04:59 DONE  alzheimer-in-remove__homogeneous__global-dp__fedavg__clients-48__seed-42__nm0p059777__clip5__rounds-100__epochs-5__alzheimer_remove__paper_cnn (1014.8s)
2026-08-20 03:04:59 EVALUATED alzheimer-in-remove__homogeneous__global-dp__fedavg__clients-48__seed-42__nm0p059777__clip5__rounds-100__epochs-5__alzheimer_remove__paper_cnn round=1 (checkpoint deleted)
2026-08-20 03:05:00 EVALUATED alzheimer-in-remove__homogeneous__global-dp__fedavg__clients-48__seed-42__nm0p059777__clip5__rounds-100__epochs-5__alzheimer_remove__paper_cnn round=10 (checkpoint deleted)
2026-08-20 03:05:00 EVALUATED alzheimer-in-remove__homogeneous__global-dp__fedavg__clients-48__seed-42__nm0p059777__clip5__rounds-100__epochs-5__alzheimer_remove__paper_cnn round=20 (checkpoint deleted)
2026-08-20 03:05:01 EVALUATED alzheimer-in-remove__homogeneous__global-dp__fedavg__clients-48__seed-42__nm0p059777__clip5__rounds-100__epochs-5__alzheimer_remove__paper_cnn round=30 (checkpoint deleted)
2026-08-20 03:05:01 EVALUATED alzheimer-in-remove__homogeneous__global-dp__fedavg__clients-48__seed-42__nm0p059777__clip5__rounds-100__epochs-5__alzheimer_remove__paper_cnn round=40 (checkpoint deleted)
2026-08-20 03:05:02 EVALUATED alzheimer-in-remove__homogeneous__global-dp__fedavg__clients-48__seed-42__nm0p059777__clip5__rounds-100__epochs-5__alzheimer_remove__paper_cnn round=50 (checkpoint deleted)
2026-08-20 03:05:02 EVALUATED alzheimer-in-remove__homogeneous__global-dp__fedavg__clients-48__seed-42__nm0p059777__clip5__rounds-100__epochs-5__alzheimer_remove__paper_cnn round=60 (checkpoint deleted)
2026-08-20 03:05:03 EVALUATED alzheimer-in-remove__homogeneous__global-dp__fedavg__clients-48__seed-42__nm0p059777__clip5__rounds-100__epochs-5__alzheimer_remove__paper_cnn round=70 (checkpoint deleted)
2026-08-20 03:05:03 EVALUATED alzheimer-in-remove__homogeneous__global-dp__fedavg__clients-48__seed-42__nm0p059777__clip5__rounds-100__epochs-5__alzheimer_remove__paper_cnn round=80 (checkpoint deleted)
2026-08-20 03:05:04 EVALUATED alzheimer-in-remove__homogeneous__global-dp__fedavg__clients-48__seed-42__nm0p059777__clip5__rounds-100__epochs-5__alzheimer_remove__paper_cnn round=90 (checkpoint deleted)
2026-08-20 03:05:04 EVALUATED alzheimer-in-remove__homogeneous__global-dp__fedavg__clients-48__seed-42__nm0p059777__clip5__rounds-100__epochs-5__alzheimer_remove__paper_cnn round=100 (checkpoint deleted)
2026-08-20 03:05:04 PROGRESS 1/2 (0 failed so far)
2026-08-20 03:05:04 START alzheimer-out-remove__homogeneous__global-dp__fedavg__clients-47__seed-42__nm0p0585317__clip5__rounds-100__epochs-5__alzheimer_remove__paper_cnn 
2026-08-20 03:22:01 DONE  alzheimer-out-remove__homogeneous__global-dp__fedavg__clients-47__seed-42__nm0p0585317__clip5__rounds-100__epochs-5__alzheimer_remove__paper_cnn (1016.9s)
2026-08-20 03:22:02 EVALUATED alzheimer-out-remove__homogeneous__global-dp__fedavg__clients-47__seed-42__nm0p0585317__clip5__rounds-100__epochs-5__alzheimer_remove__paper_cnn round=1 (checkpoint deleted)
2026-08-20 03:22:02 EVALUATED alzheimer-out-remove__homogeneous__global-dp__fedavg__clients-47__seed-42__nm0p0585317__clip5__rounds-100__epochs-5__alzheimer_remove__paper_cnn round=10 (checkpoint deleted)
2026-08-20 03:22:03 EVALUATED alzheimer-out-remove__homogeneous__global-dp__fedavg__clients-47__seed-42__nm0p0585317__clip5__rounds-100__epochs-5__alzheimer_remove__paper_cnn round=20 (checkpoint deleted)
2026-08-20 03:22:03 EVALUATED alzheimer-out-remove__homogeneous__global-dp__fedavg__clients-47__seed-42__nm0p0585317__clip5__rounds-100__epochs-5__alzheimer_remove__paper_cnn round=30 (checkpoint deleted)
2026-08-20 03:22:03 EVALUATED alzheimer-out-remove__homogeneous__global-dp__fedavg__clients-47__seed-42__nm0p0585317__clip5__rounds-100__epochs-5__alzheimer_remove__paper_cnn round=40 (checkpoint deleted)
2026-08-20 03:22:04 EVALUATED alzheimer-out-remove__homogeneous__global-dp__fedavg__clients-47__seed-42__nm0p0585317__clip5__rounds-100__epochs-5__alzheimer_remove__paper_cnn round=50 (checkpoint deleted)
2026-08-20 03:22:04 EVALUATED alzheimer-out-remove__homogeneous__global-dp__fedavg__clients-47__seed-42__nm0p0585317__clip5__rounds-100__epochs-5__alzheimer_remove__paper_cnn round=60 (checkpoint deleted)
2026-08-20 03:22:05 EVALUATED alzheimer-out-remove__homogeneous__global-dp__fedavg__clients-47__seed-42__nm0p0585317__clip5__rounds-100__epochs-5__alzheimer_remove__paper_cnn round=70 (checkpoint deleted)
2026-08-20 03:22:05 EVALUATED alzheimer-out-remove__homogeneous__global-dp__fedavg__clients-47__seed-42__nm0p0585317__clip5__rounds-100__epochs-5__alzheimer_remove__paper_cnn round=80 (checkpoint deleted)
2026-08-20 03:22:06 EVALUATED alzheimer-out-remove__homogeneous__global-dp__fedavg__clients-47__seed-42__nm0p0585317__clip5__rounds-100__epochs-5__alzheimer_remove__paper_cnn round=90 (checkpoint deleted)
2026-08-20 03:22:06 EVALUATED alzheimer-out-remove__homogeneous__global-dp__fedavg__clients-47__seed-42__nm0p0585317__clip5__rounds-100__epochs-5__alzheimer_remove__paper_cnn round=100 (checkpoint deleted)
2026-08-20 03:22:06 PROGRESS 2/2 (0 failed so far)
2026-08-20 03:22:06 Sweep finished: 2/2 attempted, 0 failed
