2026-08-20 04:41:22 CIFAR-10 removal CIA chunk (vanilla, clients=8, alpha=1.5, noise_ratio=0.0025): 2 trajectories
2026-08-20 04:41:22 START cifar10-in-remove__dirichlet__alpha-1p5__vanilla__fedavg__clients-8__seed-42__nm0p02__clip5__rounds-20__epochs-5__cifar10_dirichlet__cifar10_cnn 
2026-08-20 04:51:45 DONE  cifar10-in-remove__dirichlet__alpha-1p5__vanilla__fedavg__clients-8__seed-42__nm0p02__clip5__rounds-20__epochs-5__cifar10_dirichlet__cifar10_cnn (622.9s)
2026-08-20 04:51:57 EVALUATED cifar10-in-remove__dirichlet__alpha-1p5__vanilla__fedavg__clients-8__seed-42__nm0p02__clip5__rounds-20__epochs-5__cifar10_dirichlet__cifar10_cnn round=1 (checkpoint deleted)
2026-08-20 04:52:06 EVALUATED cifar10-in-remove__dirichlet__alpha-1p5__vanilla__fedavg__clients-8__seed-42__nm0p02__clip5__rounds-20__epochs-5__cifar10_dirichlet__cifar10_cnn round=2 (checkpoint deleted)
2026-08-20 04:52:14 EVALUATED cifar10-in-remove__dirichlet__alpha-1p5__vanilla__fedavg__clients-8__seed-42__nm0p02__clip5__rounds-20__epochs-5__cifar10_dirichlet__cifar10_cnn round=3 (checkpoint deleted)
2026-08-20 04:52:22 EVALUATED cifar10-in-remove__dirichlet__alpha-1p5__vanilla__fedavg__clients-8__seed-42__nm0p02__clip5__rounds-20__epochs-5__cifar10_dirichlet__cifar10_cnn round=4 (checkpoint deleted)
2026-08-20 04:52:31 EVALUATED cifar10-in-remove__dirichlet__alpha-1p5__vanilla__fedavg__clients-8__seed-42__nm0p02__clip5__rounds-20__epochs-5__cifar10_dirichlet__cifar10_cnn round=5 (checkpoint deleted)
2026-08-20 04:52:39 EVALUATED cifar10-in-remove__dirichlet__alpha-1p5__vanilla__fedavg__clients-8__seed-42__nm0p02__clip5__rounds-20__epochs-5__cifar10_dirichlet__cifar10_cnn round=6 (checkpoint deleted)
2026-08-20 04:52:47 EVALUATED cifar10-in-remove__dirichlet__alpha-1p5__vanilla__fedavg__clients-8__seed-42__nm0p02__clip5__rounds-20__epochs-5__cifar10_dirichlet__cifar10_cnn round=7 (checkpoint deleted)
2026-08-20 04:52:56 EVALUATED cifar10-in-remove__dirichlet__alpha-1p5__vanilla__fedavg__clients-8__seed-42__nm0p02__clip5__rounds-20__epochs-5__cifar10_dirichlet__cifar10_cnn round=8 (checkpoint deleted)
2026-08-20 04:53:04 EVALUATED cifar10-in-remove__dirichlet__alpha-1p5__vanilla__fedavg__clients-8__seed-42__nm0p02__clip5__rounds-20__epochs-5__cifar10_dirichlet__cifar10_cnn round=9 (checkpoint deleted)
2026-08-20 04:53:12 EVALUATED cifar10-in-remove__dirichlet__alpha-1p5__vanilla__fedavg__clients-8__seed-42__nm0p02__clip5__rounds-20__epochs-5__cifar10_dirichlet__cifar10_cnn round=10 (checkpoint deleted)
2026-08-20 04:53:21 EVALUATED cifar10-in-remove__dirichlet__alpha-1p5__vanilla__fedavg__clients-8__seed-42__nm0p02__clip5__rounds-20__epochs-5__cifar10_dirichlet__cifar10_cnn round=11 (checkpoint deleted)
2026-08-20 04:53:29 EVALUATED cifar10-in-remove__dirichlet__alpha-1p5__vanilla__fedavg__clients-8__seed-42__nm0p02__clip5__rounds-20__epochs-5__cifar10_dirichlet__cifar10_cnn round=12 (checkpoint deleted)
2026-08-20 04:53:37 EVALUATED cifar10-in-remove__dirichlet__alpha-1p5__vanilla__fedavg__clients-8__seed-42__nm0p02__clip5__rounds-20__epochs-5__cifar10_dirichlet__cifar10_cnn round=13 (checkpoint deleted)
2026-08-20 04:53:46 EVALUATED cifar10-in-remove__dirichlet__alpha-1p5__vanilla__fedavg__clients-8__seed-42__nm0p02__clip5__rounds-20__epochs-5__cifar10_dirichlet__cifar10_cnn round=14 (checkpoint deleted)
2026-08-20 04:53:54 EVALUATED cifar10-in-remove__dirichlet__alpha-1p5__vanilla__fedavg__clients-8__seed-42__nm0p02__clip5__rounds-20__epochs-5__cifar10_dirichlet__cifar10_cnn round=15 (checkpoint deleted)
2026-08-20 04:54:02 EVALUATED cifar10-in-remove__dirichlet__alpha-1p5__vanilla__fedavg__clients-8__seed-42__nm0p02__clip5__rounds-20__epochs-5__cifar10_dirichlet__cifar10_cnn round=16 (checkpoint deleted)
2026-08-20 04:54:11 EVALUATED cifar10-in-remove__dirichlet__alpha-1p5__vanilla__fedavg__clients-8__seed-42__nm0p02__clip5__rounds-20__epochs-5__cifar10_dirichlet__cifar10_cnn round=17 (checkpoint deleted)
2026-08-20 04:54:19 EVALUATED cifar10-in-remove__dirichlet__alpha-1p5__vanilla__fedavg__clients-8__seed-42__nm0p02__clip5__rounds-20__epochs-5__cifar10_dirichlet__cifar10_cnn round=18 (checkpoint deleted)
2026-08-20 04:54:28 EVALUATED cifar10-in-remove__dirichlet__alpha-1p5__vanilla__fedavg__clients-8__seed-42__nm0p02__clip5__rounds-20__epochs-5__cifar10_dirichlet__cifar10_cnn round=19 (checkpoint deleted)
2026-08-20 04:54:36 EVALUATED cifar10-in-remove__dirichlet__alpha-1p5__vanilla__fedavg__clients-8__seed-42__nm0p02__clip5__rounds-20__epochs-5__cifar10_dirichlet__cifar10_cnn round=20 (checkpoint deleted)
2026-08-20 04:54:36 PROGRESS 1/2 (0 failed so far)
2026-08-20 04:54:36 START cifar10-out-remove__dirichlet__alpha-1p5__vanilla__fedavg__clients-7__seed-42__nm0p0175__clip5__rounds-20__epochs-5__cifar10_dirichlet__cifar10_cnn 
2026-08-20 05:04:35 DONE  cifar10-out-remove__dirichlet__alpha-1p5__vanilla__fedavg__clients-7__seed-42__nm0p0175__clip5__rounds-20__epochs-5__cifar10_dirichlet__cifar10_cnn (598.7s)
2026-08-20 05:04:43 EVALUATED cifar10-out-remove__dirichlet__alpha-1p5__vanilla__fedavg__clients-7__seed-42__nm0p0175__clip5__rounds-20__epochs-5__cifar10_dirichlet__cifar10_cnn round=1 (checkpoint deleted)
2026-08-20 05:04:52 EVALUATED cifar10-out-remove__dirichlet__alpha-1p5__vanilla__fedavg__clients-7__seed-42__nm0p0175__clip5__rounds-20__epochs-5__cifar10_dirichlet__cifar10_cnn round=2 (checkpoint deleted)
2026-08-20 05:05:00 EVALUATED cifar10-out-remove__dirichlet__alpha-1p5__vanilla__fedavg__clients-7__seed-42__nm0p0175__clip5__rounds-20__epochs-5__cifar10_dirichlet__cifar10_cnn round=3 (checkpoint deleted)
2026-08-20 05:05:08 EVALUATED cifar10-out-remove__dirichlet__alpha-1p5__vanilla__fedavg__clients-7__seed-42__nm0p0175__clip5__rounds-20__epochs-5__cifar10_dirichlet__cifar10_cnn round=4 (checkpoint deleted)
2026-08-20 05:05:17 EVALUATED cifar10-out-remove__dirichlet__alpha-1p5__vanilla__fedavg__clients-7__seed-42__nm0p0175__clip5__rounds-20__epochs-5__cifar10_dirichlet__cifar10_cnn round=5 (checkpoint deleted)
2026-08-20 05:05:25 EVALUATED cifar10-out-remove__dirichlet__alpha-1p5__vanilla__fedavg__clients-7__seed-42__nm0p0175__clip5__rounds-20__epochs-5__cifar10_dirichlet__cifar10_cnn round=6 (checkpoint deleted)
2026-08-20 05:05:34 EVALUATED cifar10-out-remove__dirichlet__alpha-1p5__vanilla__fedavg__clients-7__seed-42__nm0p0175__clip5__rounds-20__epochs-5__cifar10_dirichlet__cifar10_cnn round=7 (checkpoint deleted)
2026-08-20 05:05:42 EVALUATED cifar10-out-remove__dirichlet__alpha-1p5__vanilla__fedavg__clients-7__seed-42__nm0p0175__clip5__rounds-20__epochs-5__cifar10_dirichlet__cifar10_cnn round=8 (checkpoint deleted)
2026-08-20 05:05:50 EVALUATED cifar10-out-remove__dirichlet__alpha-1p5__vanilla__fedavg__clients-7__seed-42__nm0p0175__clip5__rounds-20__epochs-5__cifar10_dirichlet__cifar10_cnn round=9 (checkpoint deleted)
2026-08-20 05:05:59 EVALUATED cifar10-out-remove__dirichlet__alpha-1p5__vanilla__fedavg__clients-7__seed-42__nm0p0175__clip5__rounds-20__epochs-5__cifar10_dirichlet__cifar10_cnn round=10 (checkpoint deleted)
2026-08-20 05:06:07 EVALUATED cifar10-out-remove__dirichlet__alpha-1p5__vanilla__fedavg__clients-7__seed-42__nm0p0175__clip5__rounds-20__epochs-5__cifar10_dirichlet__cifar10_cnn round=11 (checkpoint deleted)
2026-08-20 05:06:15 EVALUATED cifar10-out-remove__dirichlet__alpha-1p5__vanilla__fedavg__clients-7__seed-42__nm0p0175__clip5__rounds-20__epochs-5__cifar10_dirichlet__cifar10_cnn round=12 (checkpoint deleted)
2026-08-20 05:06:24 EVALUATED cifar10-out-remove__dirichlet__alpha-1p5__vanilla__fedavg__clients-7__seed-42__nm0p0175__clip5__rounds-20__epochs-5__cifar10_dirichlet__cifar10_cnn round=13 (checkpoint deleted)
2026-08-20 05:06:32 EVALUATED cifar10-out-remove__dirichlet__alpha-1p5__vanilla__fedavg__clients-7__seed-42__nm0p0175__clip5__rounds-20__epochs-5__cifar10_dirichlet__cifar10_cnn round=14 (checkpoint deleted)
2026-08-20 05:06:40 EVALUATED cifar10-out-remove__dirichlet__alpha-1p5__vanilla__fedavg__clients-7__seed-42__nm0p0175__clip5__rounds-20__epochs-5__cifar10_dirichlet__cifar10_cnn round=15 (checkpoint deleted)
2026-08-20 05:06:49 EVALUATED cifar10-out-remove__dirichlet__alpha-1p5__vanilla__fedavg__clients-7__seed-42__nm0p0175__clip5__rounds-20__epochs-5__cifar10_dirichlet__cifar10_cnn round=16 (checkpoint deleted)
2026-08-20 05:06:57 EVALUATED cifar10-out-remove__dirichlet__alpha-1p5__vanilla__fedavg__clients-7__seed-42__nm0p0175__clip5__rounds-20__epochs-5__cifar10_dirichlet__cifar10_cnn round=17 (checkpoint deleted)
2026-08-20 05:07:05 EVALUATED cifar10-out-remove__dirichlet__alpha-1p5__vanilla__fedavg__clients-7__seed-42__nm0p0175__clip5__rounds-20__epochs-5__cifar10_dirichlet__cifar10_cnn round=18 (checkpoint deleted)
2026-08-20 05:07:14 EVALUATED cifar10-out-remove__dirichlet__alpha-1p5__vanilla__fedavg__clients-7__seed-42__nm0p0175__clip5__rounds-20__epochs-5__cifar10_dirichlet__cifar10_cnn round=19 (checkpoint deleted)
2026-08-20 05:07:22 EVALUATED cifar10-out-remove__dirichlet__alpha-1p5__vanilla__fedavg__clients-7__seed-42__nm0p0175__clip5__rounds-20__epochs-5__cifar10_dirichlet__cifar10_cnn round=20 (checkpoint deleted)
2026-08-20 05:07:22 PROGRESS 2/2 (0 failed so far)
2026-08-20 05:07:22 Sweep finished: 2/2 attempted, 0 failed
