2026-08-05 23:11:20 Starting full chunk: 1 trajectories
2026-08-05 23:11:20 START cifar-full-out-replace__non-iid__vanilla__fedavg__clients-16__seed-44__nm0p01__clip5__rounds-20__epochs-5__cifar_chunks__cifar10_cnn 
2026-08-05 23:17:08 DONE  cifar-full-out-replace__non-iid__vanilla__fedavg__clients-16__seed-44__nm0p01__clip5__rounds-20__epochs-5__cifar_chunks__cifar10_cnn (348.4s)
2026-08-05 23:17:14 EVALUATED cifar-full-out-replace__non-iid__vanilla__fedavg__clients-16__seed-44__nm0p01__clip5__rounds-20__epochs-5__cifar_chunks__cifar10_cnn round=1 (checkpoint deleted)
2026-08-05 23:17:18 EVALUATED cifar-full-out-replace__non-iid__vanilla__fedavg__clients-16__seed-44__nm0p01__clip5__rounds-20__epochs-5__cifar_chunks__cifar10_cnn round=2 (checkpoint deleted)
2026-08-05 23:17:22 EVALUATED cifar-full-out-replace__non-iid__vanilla__fedavg__clients-16__seed-44__nm0p01__clip5__rounds-20__epochs-5__cifar_chunks__cifar10_cnn round=3 (checkpoint deleted)
2026-08-05 23:17:26 EVALUATED cifar-full-out-replace__non-iid__vanilla__fedavg__clients-16__seed-44__nm0p01__clip5__rounds-20__epochs-5__cifar_chunks__cifar10_cnn round=4 (checkpoint deleted)
2026-08-05 23:17:30 EVALUATED cifar-full-out-replace__non-iid__vanilla__fedavg__clients-16__seed-44__nm0p01__clip5__rounds-20__epochs-5__cifar_chunks__cifar10_cnn round=5 (checkpoint deleted)
2026-08-05 23:17:34 EVALUATED cifar-full-out-replace__non-iid__vanilla__fedavg__clients-16__seed-44__nm0p01__clip5__rounds-20__epochs-5__cifar_chunks__cifar10_cnn round=6 (checkpoint deleted)
2026-08-05 23:17:38 EVALUATED cifar-full-out-replace__non-iid__vanilla__fedavg__clients-16__seed-44__nm0p01__clip5__rounds-20__epochs-5__cifar_chunks__cifar10_cnn round=7 (checkpoint deleted)
2026-08-05 23:17:42 EVALUATED cifar-full-out-replace__non-iid__vanilla__fedavg__clients-16__seed-44__nm0p01__clip5__rounds-20__epochs-5__cifar_chunks__cifar10_cnn round=8 (checkpoint deleted)
2026-08-05 23:17:46 EVALUATED cifar-full-out-replace__non-iid__vanilla__fedavg__clients-16__seed-44__nm0p01__clip5__rounds-20__epochs-5__cifar_chunks__cifar10_cnn round=9 (checkpoint deleted)
2026-08-05 23:17:50 EVALUATED cifar-full-out-replace__non-iid__vanilla__fedavg__clients-16__seed-44__nm0p01__clip5__rounds-20__epochs-5__cifar_chunks__cifar10_cnn round=10 (checkpoint deleted)
2026-08-05 23:17:54 EVALUATED cifar-full-out-replace__non-iid__vanilla__fedavg__clients-16__seed-44__nm0p01__clip5__rounds-20__epochs-5__cifar_chunks__cifar10_cnn round=11 (checkpoint deleted)
2026-08-05 23:17:58 EVALUATED cifar-full-out-replace__non-iid__vanilla__fedavg__clients-16__seed-44__nm0p01__clip5__rounds-20__epochs-5__cifar_chunks__cifar10_cnn round=12 (checkpoint deleted)
2026-08-05 23:18:02 EVALUATED cifar-full-out-replace__non-iid__vanilla__fedavg__clients-16__seed-44__nm0p01__clip5__rounds-20__epochs-5__cifar_chunks__cifar10_cnn round=13 (checkpoint deleted)
2026-08-05 23:18:06 EVALUATED cifar-full-out-replace__non-iid__vanilla__fedavg__clients-16__seed-44__nm0p01__clip5__rounds-20__epochs-5__cifar_chunks__cifar10_cnn round=14 (checkpoint deleted)
2026-08-05 23:18:10 EVALUATED cifar-full-out-replace__non-iid__vanilla__fedavg__clients-16__seed-44__nm0p01__clip5__rounds-20__epochs-5__cifar_chunks__cifar10_cnn round=15 (checkpoint deleted)
2026-08-05 23:18:14 EVALUATED cifar-full-out-replace__non-iid__vanilla__fedavg__clients-16__seed-44__nm0p01__clip5__rounds-20__epochs-5__cifar_chunks__cifar10_cnn round=16 (checkpoint deleted)
2026-08-05 23:18:18 EVALUATED cifar-full-out-replace__non-iid__vanilla__fedavg__clients-16__seed-44__nm0p01__clip5__rounds-20__epochs-5__cifar_chunks__cifar10_cnn round=17 (checkpoint deleted)
2026-08-05 23:18:22 EVALUATED cifar-full-out-replace__non-iid__vanilla__fedavg__clients-16__seed-44__nm0p01__clip5__rounds-20__epochs-5__cifar_chunks__cifar10_cnn round=18 (checkpoint deleted)
2026-08-05 23:18:26 EVALUATED cifar-full-out-replace__non-iid__vanilla__fedavg__clients-16__seed-44__nm0p01__clip5__rounds-20__epochs-5__cifar_chunks__cifar10_cnn round=19 (checkpoint deleted)
2026-08-05 23:18:30 EVALUATED cifar-full-out-replace__non-iid__vanilla__fedavg__clients-16__seed-44__nm0p01__clip5__rounds-20__epochs-5__cifar_chunks__cifar10_cnn round=20 (checkpoint deleted)
2026-08-05 23:18:30 PROGRESS 1/1 (0 failed so far)
2026-08-05 23:18:30 Sweep finished: 1/1 attempted, 0 failed
