2026-08-20 00:28:36 Alzheimer stage (global-dp, homogeneous, seed=42, noise_ratio=7.783466863014625e-05): 2 trajectories
2026-08-20 00:28:36 START alzheimer-in-remove__homogeneous__global-dp__fedavg__clients-48__seed-42__nm0p00373606__clip5__rounds-100__epochs-5__alzheimer_remove__paper_cnn 
2026-08-20 00:46:02 DONE  alzheimer-in-remove__homogeneous__global-dp__fedavg__clients-48__seed-42__nm0p00373606__clip5__rounds-100__epochs-5__alzheimer_remove__paper_cnn (1046.6s)
2026-08-20 00:46:03 EVALUATED alzheimer-in-remove__homogeneous__global-dp__fedavg__clients-48__seed-42__nm0p00373606__clip5__rounds-100__epochs-5__alzheimer_remove__paper_cnn round=1 (checkpoint deleted)
2026-08-20 00:46:03 EVALUATED alzheimer-in-remove__homogeneous__global-dp__fedavg__clients-48__seed-42__nm0p00373606__clip5__rounds-100__epochs-5__alzheimer_remove__paper_cnn round=10 (checkpoint deleted)
2026-08-20 00:46:04 EVALUATED alzheimer-in-remove__homogeneous__global-dp__fedavg__clients-48__seed-42__nm0p00373606__clip5__rounds-100__epochs-5__alzheimer_remove__paper_cnn round=20 (checkpoint deleted)
2026-08-20 00:46:04 EVALUATED alzheimer-in-remove__homogeneous__global-dp__fedavg__clients-48__seed-42__nm0p00373606__clip5__rounds-100__epochs-5__alzheimer_remove__paper_cnn round=30 (checkpoint deleted)
2026-08-20 00:46:05 EVALUATED alzheimer-in-remove__homogeneous__global-dp__fedavg__clients-48__seed-42__nm0p00373606__clip5__rounds-100__epochs-5__alzheimer_remove__paper_cnn round=40 (checkpoint deleted)
2026-08-20 00:46:05 EVALUATED alzheimer-in-remove__homogeneous__global-dp__fedavg__clients-48__seed-42__nm0p00373606__clip5__rounds-100__epochs-5__alzheimer_remove__paper_cnn round=50 (checkpoint deleted)
2026-08-20 00:46:06 EVALUATED alzheimer-in-remove__homogeneous__global-dp__fedavg__clients-48__seed-42__nm0p00373606__clip5__rounds-100__epochs-5__alzheimer_remove__paper_cnn round=60 (checkpoint deleted)
2026-08-20 00:46:06 EVALUATED alzheimer-in-remove__homogeneous__global-dp__fedavg__clients-48__seed-42__nm0p00373606__clip5__rounds-100__epochs-5__alzheimer_remove__paper_cnn round=70 (checkpoint deleted)
2026-08-20 00:46:07 EVALUATED alzheimer-in-remove__homogeneous__global-dp__fedavg__clients-48__seed-42__nm0p00373606__clip5__rounds-100__epochs-5__alzheimer_remove__paper_cnn round=80 (checkpoint deleted)
2026-08-20 00:46:07 EVALUATED alzheimer-in-remove__homogeneous__global-dp__fedavg__clients-48__seed-42__nm0p00373606__clip5__rounds-100__epochs-5__alzheimer_remove__paper_cnn round=90 (checkpoint deleted)
2026-08-20 00:46:08 EVALUATED alzheimer-in-remove__homogeneous__global-dp__fedavg__clients-48__seed-42__nm0p00373606__clip5__rounds-100__epochs-5__alzheimer_remove__paper_cnn round=100 (checkpoint deleted)
2026-08-20 00:46:08 PROGRESS 1/2 (0 failed so far)
2026-08-20 00:46:08 START alzheimer-out-remove__homogeneous__global-dp__fedavg__clients-47__seed-42__nm0p00365823__clip5__rounds-100__epochs-5__alzheimer_remove__paper_cnn 
2026-08-20 01:02:57 DONE  alzheimer-out-remove__homogeneous__global-dp__fedavg__clients-47__seed-42__nm0p00365823__clip5__rounds-100__epochs-5__alzheimer_remove__paper_cnn (1009.2s)
2026-08-20 01:02:57 EVALUATED alzheimer-out-remove__homogeneous__global-dp__fedavg__clients-47__seed-42__nm0p00365823__clip5__rounds-100__epochs-5__alzheimer_remove__paper_cnn round=1 (checkpoint deleted)
2026-08-20 01:02:58 EVALUATED alzheimer-out-remove__homogeneous__global-dp__fedavg__clients-47__seed-42__nm0p00365823__clip5__rounds-100__epochs-5__alzheimer_remove__paper_cnn round=10 (checkpoint deleted)
2026-08-20 01:02:58 EVALUATED alzheimer-out-remove__homogeneous__global-dp__fedavg__clients-47__seed-42__nm0p00365823__clip5__rounds-100__epochs-5__alzheimer_remove__paper_cnn round=20 (checkpoint deleted)
2026-08-20 01:02:59 EVALUATED alzheimer-out-remove__homogeneous__global-dp__fedavg__clients-47__seed-42__nm0p00365823__clip5__rounds-100__epochs-5__alzheimer_remove__paper_cnn round=30 (checkpoint deleted)
2026-08-20 01:02:59 EVALUATED alzheimer-out-remove__homogeneous__global-dp__fedavg__clients-47__seed-42__nm0p00365823__clip5__rounds-100__epochs-5__alzheimer_remove__paper_cnn round=40 (checkpoint deleted)
2026-08-20 01:03:00 EVALUATED alzheimer-out-remove__homogeneous__global-dp__fedavg__clients-47__seed-42__nm0p00365823__clip5__rounds-100__epochs-5__alzheimer_remove__paper_cnn round=50 (checkpoint deleted)
2026-08-20 01:03:00 EVALUATED alzheimer-out-remove__homogeneous__global-dp__fedavg__clients-47__seed-42__nm0p00365823__clip5__rounds-100__epochs-5__alzheimer_remove__paper_cnn round=60 (checkpoint deleted)
2026-08-20 01:03:01 EVALUATED alzheimer-out-remove__homogeneous__global-dp__fedavg__clients-47__seed-42__nm0p00365823__clip5__rounds-100__epochs-5__alzheimer_remove__paper_cnn round=70 (checkpoint deleted)
2026-08-20 01:03:01 EVALUATED alzheimer-out-remove__homogeneous__global-dp__fedavg__clients-47__seed-42__nm0p00365823__clip5__rounds-100__epochs-5__alzheimer_remove__paper_cnn round=80 (checkpoint deleted)
2026-08-20 01:03:02 EVALUATED alzheimer-out-remove__homogeneous__global-dp__fedavg__clients-47__seed-42__nm0p00365823__clip5__rounds-100__epochs-5__alzheimer_remove__paper_cnn round=90 (checkpoint deleted)
2026-08-20 01:03:02 EVALUATED alzheimer-out-remove__homogeneous__global-dp__fedavg__clients-47__seed-42__nm0p00365823__clip5__rounds-100__epochs-5__alzheimer_remove__paper_cnn round=100 (checkpoint deleted)
2026-08-20 01:03:02 PROGRESS 2/2 (0 failed so far)
2026-08-20 01:03:02 Sweep finished: 2/2 attempted, 0 failed
2026-08-20 01:03:02 Alzheimer stage (global-dp, homogeneous, seed=42, noise_ratio=7.783466863014625e-05): 2 trajectories
2026-08-20 01:03:02 SKIP  2 combinations (attack results already exist)
2026-08-20 01:03:02 Sweep finished: 2/2 attempted, 0 failed
