2026-08-05 17:54:53 Starting full chunk: 2 trajectories
2026-08-05 17:54:53 START cifar-full-out-replace__non-iid__global-dp__fedavg__clients-8__seed-43__nm0p02__clip5__rounds-20__epochs-5__cifar_chunks__cifar10_cnn 
2026-08-05 17:59:16 DONE  cifar-full-out-replace__non-iid__global-dp__fedavg__clients-8__seed-43__nm0p02__clip5__rounds-20__epochs-5__cifar_chunks__cifar10_cnn (262.7s)
2026-08-05 17:59:23 EVALUATED cifar-full-out-replace__non-iid__global-dp__fedavg__clients-8__seed-43__nm0p02__clip5__rounds-20__epochs-5__cifar_chunks__cifar10_cnn round=1 (checkpoint deleted)
2026-08-05 17:59:28 EVALUATED cifar-full-out-replace__non-iid__global-dp__fedavg__clients-8__seed-43__nm0p02__clip5__rounds-20__epochs-5__cifar_chunks__cifar10_cnn round=2 (checkpoint deleted)
2026-08-05 17:59:34 EVALUATED cifar-full-out-replace__non-iid__global-dp__fedavg__clients-8__seed-43__nm0p02__clip5__rounds-20__epochs-5__cifar_chunks__cifar10_cnn round=3 (checkpoint deleted)
2026-08-05 17:59:39 EVALUATED cifar-full-out-replace__non-iid__global-dp__fedavg__clients-8__seed-43__nm0p02__clip5__rounds-20__epochs-5__cifar_chunks__cifar10_cnn round=4 (checkpoint deleted)
2026-08-05 17:59:44 EVALUATED cifar-full-out-replace__non-iid__global-dp__fedavg__clients-8__seed-43__nm0p02__clip5__rounds-20__epochs-5__cifar_chunks__cifar10_cnn round=5 (checkpoint deleted)
2026-08-05 17:59:50 EVALUATED cifar-full-out-replace__non-iid__global-dp__fedavg__clients-8__seed-43__nm0p02__clip5__rounds-20__epochs-5__cifar_chunks__cifar10_cnn round=6 (checkpoint deleted)
2026-08-05 17:59:55 EVALUATED cifar-full-out-replace__non-iid__global-dp__fedavg__clients-8__seed-43__nm0p02__clip5__rounds-20__epochs-5__cifar_chunks__cifar10_cnn round=7 (checkpoint deleted)
2026-08-05 18:00:00 EVALUATED cifar-full-out-replace__non-iid__global-dp__fedavg__clients-8__seed-43__nm0p02__clip5__rounds-20__epochs-5__cifar_chunks__cifar10_cnn round=8 (checkpoint deleted)
2026-08-05 18:00:05 EVALUATED cifar-full-out-replace__non-iid__global-dp__fedavg__clients-8__seed-43__nm0p02__clip5__rounds-20__epochs-5__cifar_chunks__cifar10_cnn round=9 (checkpoint deleted)
2026-08-05 18:00:11 EVALUATED cifar-full-out-replace__non-iid__global-dp__fedavg__clients-8__seed-43__nm0p02__clip5__rounds-20__epochs-5__cifar_chunks__cifar10_cnn round=10 (checkpoint deleted)
2026-08-05 18:00:16 EVALUATED cifar-full-out-replace__non-iid__global-dp__fedavg__clients-8__seed-43__nm0p02__clip5__rounds-20__epochs-5__cifar_chunks__cifar10_cnn round=11 (checkpoint deleted)
2026-08-05 18:00:21 EVALUATED cifar-full-out-replace__non-iid__global-dp__fedavg__clients-8__seed-43__nm0p02__clip5__rounds-20__epochs-5__cifar_chunks__cifar10_cnn round=12 (checkpoint deleted)
2026-08-05 18:00:26 EVALUATED cifar-full-out-replace__non-iid__global-dp__fedavg__clients-8__seed-43__nm0p02__clip5__rounds-20__epochs-5__cifar_chunks__cifar10_cnn round=13 (checkpoint deleted)
2026-08-05 18:00:32 EVALUATED cifar-full-out-replace__non-iid__global-dp__fedavg__clients-8__seed-43__nm0p02__clip5__rounds-20__epochs-5__cifar_chunks__cifar10_cnn round=14 (checkpoint deleted)
2026-08-05 18:00:37 EVALUATED cifar-full-out-replace__non-iid__global-dp__fedavg__clients-8__seed-43__nm0p02__clip5__rounds-20__epochs-5__cifar_chunks__cifar10_cnn round=15 (checkpoint deleted)
2026-08-05 18:00:42 EVALUATED cifar-full-out-replace__non-iid__global-dp__fedavg__clients-8__seed-43__nm0p02__clip5__rounds-20__epochs-5__cifar_chunks__cifar10_cnn round=16 (checkpoint deleted)
2026-08-05 18:00:48 EVALUATED cifar-full-out-replace__non-iid__global-dp__fedavg__clients-8__seed-43__nm0p02__clip5__rounds-20__epochs-5__cifar_chunks__cifar10_cnn round=17 (checkpoint deleted)
2026-08-05 18:00:53 EVALUATED cifar-full-out-replace__non-iid__global-dp__fedavg__clients-8__seed-43__nm0p02__clip5__rounds-20__epochs-5__cifar_chunks__cifar10_cnn round=18 (checkpoint deleted)
2026-08-05 18:00:58 EVALUATED cifar-full-out-replace__non-iid__global-dp__fedavg__clients-8__seed-43__nm0p02__clip5__rounds-20__epochs-5__cifar_chunks__cifar10_cnn round=19 (checkpoint deleted)
2026-08-05 18:01:03 EVALUATED cifar-full-out-replace__non-iid__global-dp__fedavg__clients-8__seed-43__nm0p02__clip5__rounds-20__epochs-5__cifar_chunks__cifar10_cnn round=20 (checkpoint deleted)
2026-08-05 18:01:03 PROGRESS 1/2 (0 failed so far)
2026-08-05 18:01:03 START cifar-full-out-replace__non-iid__metric-privacy__fedavg__clients-8__seed-43__nm0p02__clip5__rounds-20__epochs-5__cifar_chunks__cifar10_cnn 
2026-08-05 18:05:28 DONE  cifar-full-out-replace__non-iid__metric-privacy__fedavg__clients-8__seed-43__nm0p02__clip5__rounds-20__epochs-5__cifar_chunks__cifar10_cnn (264.3s)
2026-08-05 18:05:33 EVALUATED cifar-full-out-replace__non-iid__metric-privacy__fedavg__clients-8__seed-43__nm0p02__clip5__rounds-20__epochs-5__cifar_chunks__cifar10_cnn round=1 (checkpoint deleted)
2026-08-05 18:05:38 EVALUATED cifar-full-out-replace__non-iid__metric-privacy__fedavg__clients-8__seed-43__nm0p02__clip5__rounds-20__epochs-5__cifar_chunks__cifar10_cnn round=2 (checkpoint deleted)
2026-08-05 18:05:44 EVALUATED cifar-full-out-replace__non-iid__metric-privacy__fedavg__clients-8__seed-43__nm0p02__clip5__rounds-20__epochs-5__cifar_chunks__cifar10_cnn round=3 (checkpoint deleted)
2026-08-05 18:05:49 EVALUATED cifar-full-out-replace__non-iid__metric-privacy__fedavg__clients-8__seed-43__nm0p02__clip5__rounds-20__epochs-5__cifar_chunks__cifar10_cnn round=4 (checkpoint deleted)
2026-08-05 18:05:54 EVALUATED cifar-full-out-replace__non-iid__metric-privacy__fedavg__clients-8__seed-43__nm0p02__clip5__rounds-20__epochs-5__cifar_chunks__cifar10_cnn round=5 (checkpoint deleted)
2026-08-05 18:06:00 EVALUATED cifar-full-out-replace__non-iid__metric-privacy__fedavg__clients-8__seed-43__nm0p02__clip5__rounds-20__epochs-5__cifar_chunks__cifar10_cnn round=6 (checkpoint deleted)
2026-08-05 18:06:05 EVALUATED cifar-full-out-replace__non-iid__metric-privacy__fedavg__clients-8__seed-43__nm0p02__clip5__rounds-20__epochs-5__cifar_chunks__cifar10_cnn round=7 (checkpoint deleted)
2026-08-05 18:06:10 EVALUATED cifar-full-out-replace__non-iid__metric-privacy__fedavg__clients-8__seed-43__nm0p02__clip5__rounds-20__epochs-5__cifar_chunks__cifar10_cnn round=8 (checkpoint deleted)
2026-08-05 18:06:16 EVALUATED cifar-full-out-replace__non-iid__metric-privacy__fedavg__clients-8__seed-43__nm0p02__clip5__rounds-20__epochs-5__cifar_chunks__cifar10_cnn round=9 (checkpoint deleted)
2026-08-05 18:06:21 EVALUATED cifar-full-out-replace__non-iid__metric-privacy__fedavg__clients-8__seed-43__nm0p02__clip5__rounds-20__epochs-5__cifar_chunks__cifar10_cnn round=10 (checkpoint deleted)
2026-08-05 18:06:26 EVALUATED cifar-full-out-replace__non-iid__metric-privacy__fedavg__clients-8__seed-43__nm0p02__clip5__rounds-20__epochs-5__cifar_chunks__cifar10_cnn round=11 (checkpoint deleted)
2026-08-05 18:06:31 EVALUATED cifar-full-out-replace__non-iid__metric-privacy__fedavg__clients-8__seed-43__nm0p02__clip5__rounds-20__epochs-5__cifar_chunks__cifar10_cnn round=12 (checkpoint deleted)
2026-08-05 18:06:37 EVALUATED cifar-full-out-replace__non-iid__metric-privacy__fedavg__clients-8__seed-43__nm0p02__clip5__rounds-20__epochs-5__cifar_chunks__cifar10_cnn round=13 (checkpoint deleted)
2026-08-05 18:06:42 EVALUATED cifar-full-out-replace__non-iid__metric-privacy__fedavg__clients-8__seed-43__nm0p02__clip5__rounds-20__epochs-5__cifar_chunks__cifar10_cnn round=14 (checkpoint deleted)
2026-08-05 18:06:47 EVALUATED cifar-full-out-replace__non-iid__metric-privacy__fedavg__clients-8__seed-43__nm0p02__clip5__rounds-20__epochs-5__cifar_chunks__cifar10_cnn round=15 (checkpoint deleted)
2026-08-05 18:06:53 EVALUATED cifar-full-out-replace__non-iid__metric-privacy__fedavg__clients-8__seed-43__nm0p02__clip5__rounds-20__epochs-5__cifar_chunks__cifar10_cnn round=16 (checkpoint deleted)
2026-08-05 18:06:58 EVALUATED cifar-full-out-replace__non-iid__metric-privacy__fedavg__clients-8__seed-43__nm0p02__clip5__rounds-20__epochs-5__cifar_chunks__cifar10_cnn round=17 (checkpoint deleted)
2026-08-05 18:07:03 EVALUATED cifar-full-out-replace__non-iid__metric-privacy__fedavg__clients-8__seed-43__nm0p02__clip5__rounds-20__epochs-5__cifar_chunks__cifar10_cnn round=18 (checkpoint deleted)
2026-08-05 18:07:09 EVALUATED cifar-full-out-replace__non-iid__metric-privacy__fedavg__clients-8__seed-43__nm0p02__clip5__rounds-20__epochs-5__cifar_chunks__cifar10_cnn round=19 (checkpoint deleted)
2026-08-05 18:07:14 EVALUATED cifar-full-out-replace__non-iid__metric-privacy__fedavg__clients-8__seed-43__nm0p02__clip5__rounds-20__epochs-5__cifar_chunks__cifar10_cnn round=20 (checkpoint deleted)
2026-08-05 18:07:14 PROGRESS 2/2 (0 failed so far)
2026-08-05 18:07:14 Sweep finished: 2/2 attempted, 0 failed
