2026-08-05 19:47:43 Starting full chunk: 2 trajectories
2026-08-05 19:47:43 START cifar-full-out-replace__non-iid__global-dp__fedavg__clients-8__seed-44__nm0p05__clip5__rounds-20__epochs-5__cifar_chunks__cifar10_cnn 
2026-08-05 19:52:12 DONE  cifar-full-out-replace__non-iid__global-dp__fedavg__clients-8__seed-44__nm0p05__clip5__rounds-20__epochs-5__cifar_chunks__cifar10_cnn (269.3s)
2026-08-05 19:52:20 EVALUATED cifar-full-out-replace__non-iid__global-dp__fedavg__clients-8__seed-44__nm0p05__clip5__rounds-20__epochs-5__cifar_chunks__cifar10_cnn round=1 (checkpoint deleted)
2026-08-05 19:52:24 EVALUATED cifar-full-out-replace__non-iid__global-dp__fedavg__clients-8__seed-44__nm0p05__clip5__rounds-20__epochs-5__cifar_chunks__cifar10_cnn round=2 (checkpoint deleted)
2026-08-05 19:52:28 EVALUATED cifar-full-out-replace__non-iid__global-dp__fedavg__clients-8__seed-44__nm0p05__clip5__rounds-20__epochs-5__cifar_chunks__cifar10_cnn round=3 (checkpoint deleted)
2026-08-05 19:52:33 EVALUATED cifar-full-out-replace__non-iid__global-dp__fedavg__clients-8__seed-44__nm0p05__clip5__rounds-20__epochs-5__cifar_chunks__cifar10_cnn round=4 (checkpoint deleted)
2026-08-05 19:52:37 EVALUATED cifar-full-out-replace__non-iid__global-dp__fedavg__clients-8__seed-44__nm0p05__clip5__rounds-20__epochs-5__cifar_chunks__cifar10_cnn round=5 (checkpoint deleted)
2026-08-05 19:52:42 EVALUATED cifar-full-out-replace__non-iid__global-dp__fedavg__clients-8__seed-44__nm0p05__clip5__rounds-20__epochs-5__cifar_chunks__cifar10_cnn round=6 (checkpoint deleted)
2026-08-05 19:52:46 EVALUATED cifar-full-out-replace__non-iid__global-dp__fedavg__clients-8__seed-44__nm0p05__clip5__rounds-20__epochs-5__cifar_chunks__cifar10_cnn round=7 (checkpoint deleted)
2026-08-05 19:52:50 EVALUATED cifar-full-out-replace__non-iid__global-dp__fedavg__clients-8__seed-44__nm0p05__clip5__rounds-20__epochs-5__cifar_chunks__cifar10_cnn round=8 (checkpoint deleted)
2026-08-05 19:52:55 EVALUATED cifar-full-out-replace__non-iid__global-dp__fedavg__clients-8__seed-44__nm0p05__clip5__rounds-20__epochs-5__cifar_chunks__cifar10_cnn round=9 (checkpoint deleted)
2026-08-05 19:52:59 EVALUATED cifar-full-out-replace__non-iid__global-dp__fedavg__clients-8__seed-44__nm0p05__clip5__rounds-20__epochs-5__cifar_chunks__cifar10_cnn round=10 (checkpoint deleted)
2026-08-05 19:53:04 EVALUATED cifar-full-out-replace__non-iid__global-dp__fedavg__clients-8__seed-44__nm0p05__clip5__rounds-20__epochs-5__cifar_chunks__cifar10_cnn round=11 (checkpoint deleted)
2026-08-05 19:53:08 EVALUATED cifar-full-out-replace__non-iid__global-dp__fedavg__clients-8__seed-44__nm0p05__clip5__rounds-20__epochs-5__cifar_chunks__cifar10_cnn round=12 (checkpoint deleted)
2026-08-05 19:53:13 EVALUATED cifar-full-out-replace__non-iid__global-dp__fedavg__clients-8__seed-44__nm0p05__clip5__rounds-20__epochs-5__cifar_chunks__cifar10_cnn round=13 (checkpoint deleted)
2026-08-05 19:53:17 EVALUATED cifar-full-out-replace__non-iid__global-dp__fedavg__clients-8__seed-44__nm0p05__clip5__rounds-20__epochs-5__cifar_chunks__cifar10_cnn round=14 (checkpoint deleted)
2026-08-05 19:53:21 EVALUATED cifar-full-out-replace__non-iid__global-dp__fedavg__clients-8__seed-44__nm0p05__clip5__rounds-20__epochs-5__cifar_chunks__cifar10_cnn round=15 (checkpoint deleted)
2026-08-05 19:53:26 EVALUATED cifar-full-out-replace__non-iid__global-dp__fedavg__clients-8__seed-44__nm0p05__clip5__rounds-20__epochs-5__cifar_chunks__cifar10_cnn round=16 (checkpoint deleted)
2026-08-05 19:53:30 EVALUATED cifar-full-out-replace__non-iid__global-dp__fedavg__clients-8__seed-44__nm0p05__clip5__rounds-20__epochs-5__cifar_chunks__cifar10_cnn round=17 (checkpoint deleted)
2026-08-05 19:53:34 EVALUATED cifar-full-out-replace__non-iid__global-dp__fedavg__clients-8__seed-44__nm0p05__clip5__rounds-20__epochs-5__cifar_chunks__cifar10_cnn round=18 (checkpoint deleted)
2026-08-05 19:53:39 EVALUATED cifar-full-out-replace__non-iid__global-dp__fedavg__clients-8__seed-44__nm0p05__clip5__rounds-20__epochs-5__cifar_chunks__cifar10_cnn round=19 (checkpoint deleted)
2026-08-05 19:53:43 EVALUATED cifar-full-out-replace__non-iid__global-dp__fedavg__clients-8__seed-44__nm0p05__clip5__rounds-20__epochs-5__cifar_chunks__cifar10_cnn round=20 (checkpoint deleted)
2026-08-05 19:53:43 PROGRESS 1/2 (0 failed so far)
2026-08-05 19:53:43 START cifar-full-out-replace__non-iid__metric-privacy__fedavg__clients-8__seed-44__nm0p05__clip5__rounds-20__epochs-5__cifar_chunks__cifar10_cnn 
2026-08-05 19:58:17 DONE  cifar-full-out-replace__non-iid__metric-privacy__fedavg__clients-8__seed-44__nm0p05__clip5__rounds-20__epochs-5__cifar_chunks__cifar10_cnn (274.1s)
2026-08-05 19:58:22 EVALUATED cifar-full-out-replace__non-iid__metric-privacy__fedavg__clients-8__seed-44__nm0p05__clip5__rounds-20__epochs-5__cifar_chunks__cifar10_cnn round=1 (checkpoint deleted)
2026-08-05 19:58:26 EVALUATED cifar-full-out-replace__non-iid__metric-privacy__fedavg__clients-8__seed-44__nm0p05__clip5__rounds-20__epochs-5__cifar_chunks__cifar10_cnn round=2 (checkpoint deleted)
2026-08-05 19:58:30 EVALUATED cifar-full-out-replace__non-iid__metric-privacy__fedavg__clients-8__seed-44__nm0p05__clip5__rounds-20__epochs-5__cifar_chunks__cifar10_cnn round=3 (checkpoint deleted)
2026-08-05 19:58:35 EVALUATED cifar-full-out-replace__non-iid__metric-privacy__fedavg__clients-8__seed-44__nm0p05__clip5__rounds-20__epochs-5__cifar_chunks__cifar10_cnn round=4 (checkpoint deleted)
2026-08-05 19:58:39 EVALUATED cifar-full-out-replace__non-iid__metric-privacy__fedavg__clients-8__seed-44__nm0p05__clip5__rounds-20__epochs-5__cifar_chunks__cifar10_cnn round=5 (checkpoint deleted)
2026-08-05 19:58:44 EVALUATED cifar-full-out-replace__non-iid__metric-privacy__fedavg__clients-8__seed-44__nm0p05__clip5__rounds-20__epochs-5__cifar_chunks__cifar10_cnn round=6 (checkpoint deleted)
2026-08-05 19:58:48 EVALUATED cifar-full-out-replace__non-iid__metric-privacy__fedavg__clients-8__seed-44__nm0p05__clip5__rounds-20__epochs-5__cifar_chunks__cifar10_cnn round=7 (checkpoint deleted)
2026-08-05 19:58:53 EVALUATED cifar-full-out-replace__non-iid__metric-privacy__fedavg__clients-8__seed-44__nm0p05__clip5__rounds-20__epochs-5__cifar_chunks__cifar10_cnn round=8 (checkpoint deleted)
2026-08-05 19:58:57 EVALUATED cifar-full-out-replace__non-iid__metric-privacy__fedavg__clients-8__seed-44__nm0p05__clip5__rounds-20__epochs-5__cifar_chunks__cifar10_cnn round=9 (checkpoint deleted)
2026-08-05 19:59:01 EVALUATED cifar-full-out-replace__non-iid__metric-privacy__fedavg__clients-8__seed-44__nm0p05__clip5__rounds-20__epochs-5__cifar_chunks__cifar10_cnn round=10 (checkpoint deleted)
2026-08-05 19:59:06 EVALUATED cifar-full-out-replace__non-iid__metric-privacy__fedavg__clients-8__seed-44__nm0p05__clip5__rounds-20__epochs-5__cifar_chunks__cifar10_cnn round=11 (checkpoint deleted)
2026-08-05 19:59:10 EVALUATED cifar-full-out-replace__non-iid__metric-privacy__fedavg__clients-8__seed-44__nm0p05__clip5__rounds-20__epochs-5__cifar_chunks__cifar10_cnn round=12 (checkpoint deleted)
2026-08-05 19:59:15 EVALUATED cifar-full-out-replace__non-iid__metric-privacy__fedavg__clients-8__seed-44__nm0p05__clip5__rounds-20__epochs-5__cifar_chunks__cifar10_cnn round=13 (checkpoint deleted)
2026-08-05 19:59:19 EVALUATED cifar-full-out-replace__non-iid__metric-privacy__fedavg__clients-8__seed-44__nm0p05__clip5__rounds-20__epochs-5__cifar_chunks__cifar10_cnn round=14 (checkpoint deleted)
2026-08-05 19:59:23 EVALUATED cifar-full-out-replace__non-iid__metric-privacy__fedavg__clients-8__seed-44__nm0p05__clip5__rounds-20__epochs-5__cifar_chunks__cifar10_cnn round=15 (checkpoint deleted)
2026-08-05 19:59:28 EVALUATED cifar-full-out-replace__non-iid__metric-privacy__fedavg__clients-8__seed-44__nm0p05__clip5__rounds-20__epochs-5__cifar_chunks__cifar10_cnn round=16 (checkpoint deleted)
2026-08-05 19:59:32 EVALUATED cifar-full-out-replace__non-iid__metric-privacy__fedavg__clients-8__seed-44__nm0p05__clip5__rounds-20__epochs-5__cifar_chunks__cifar10_cnn round=17 (checkpoint deleted)
2026-08-05 19:59:37 EVALUATED cifar-full-out-replace__non-iid__metric-privacy__fedavg__clients-8__seed-44__nm0p05__clip5__rounds-20__epochs-5__cifar_chunks__cifar10_cnn round=18 (checkpoint deleted)
2026-08-05 19:59:41 EVALUATED cifar-full-out-replace__non-iid__metric-privacy__fedavg__clients-8__seed-44__nm0p05__clip5__rounds-20__epochs-5__cifar_chunks__cifar10_cnn round=19 (checkpoint deleted)
2026-08-05 19:59:46 EVALUATED cifar-full-out-replace__non-iid__metric-privacy__fedavg__clients-8__seed-44__nm0p05__clip5__rounds-20__epochs-5__cifar_chunks__cifar10_cnn round=20 (checkpoint deleted)
2026-08-05 19:59:46 PROGRESS 2/2 (0 failed so far)
2026-08-05 19:59:46 Sweep finished: 2/2 attempted, 0 failed
