2026-08-05 14:28:55 Starting full chunk: 1 trajectories
2026-08-05 14:28:55 START cifar-full-in-replace__non-iid__vanilla__fedavg__clients-3__seed-44__nm0p01__clip5__rounds-20__epochs-5__cifar_chunks__cifar10_cnn 
{
  "partition-mode": "non-iid",
  "partition-profile": "auto",
  "client-weights": "",
  "data-module": "experiments.cia.scripts.cifar_chunks:create_cifar_in_replace",
  "model-module": "experiments.reproduce.cifar10_cnn:create_model",
  "data-cache-dir": "",
  "privacy": "vanilla",
  "aggregation": "fedavg",
  "seed": 44,
  "num-server-rounds": 20,
  "num-clients": 3,
  "fraction-evaluate": 1.0,
  "local-epochs": 5,
  "learning-rate": 0.001,
  "batch-size": 32,
  "initialization-batch-size": 32,
  "initialization-epochs": 20,
  "initialization-learning-rate": 0.001,
  "max-client-samples": 0,
  "max-test-samples": 0,
  "noise-multiplier": 0.01,
  "clipping-norm": 5.0,
  "output-dir": "/content/metricdp-pytorch/results/planned_runs/cifar/full/in-replace/clients-3/seed-44/vanilla/runs",
  "run-name": "cifar-full-in-replace__non-iid__vanilla__fedavg__clients-3__seed-44__nm0p01__clip5__rounds-20__epochs-5__cifar_chunks__cifar10_cnn",
  "checkpoint-rounds": [
    1,
    2,
    3,
    4,
    5,
    6,
    7,
    8,
    9,
    10,
    11,
    12,
    13,
    14,
    15,
    16,
    17,
    18,
    19,
    20
  ]
}
2026-08-05 14:28:59.960107: I tensorflow/core/util/port.cc:153] oneDNN custom operations are on. You may see slightly different numerical results due to floating-point round-off errors from different computation orders. To turn them off, set the environment variable `TF_ENABLE_ONEDNN_OPTS=0`.
2026-08-05 14:29:00.029768: I tensorflow/core/platform/cpu_feature_guard.cc:210] This TensorFlow binary is optimized to use available CPU instructions in performance-critical operations.
To enable the following instructions: AVX2 AVX512F AVX512_VNNI FMA, in other operations, rebuild TensorFlow with the appropriate compiler flags.
[93mWARNING [0m:   DEPRECATED FEATURE: The `run_simulation` function is deprecated and will be removed in a future version of Flower. Please use `flwr run` in the CLI instead to run your simulation. Refer to the Flower Tutorials for more details: https://flower.ai/docs/framework/tutorial-quickstart-pytorch.html

            This is a deprecated feature. It will be removed
            entirely in future versions of Flower.
        
Warning: You are sending unauthenticated requests to the HF Hub. Please set a HF_TOKEN to enable higher rate limits and faster downloads.
Generating train split:   0%|          | 0/50000 [00:00<?, ? examples/s]Generating train split:  26%|██▌       | 13000/50000 [00:01<00:05, 7218.33 examples/s]/usr/local/lib/python3.12/dist-packages/ray/_private/worker.py:2051: FutureWarning: Tip: In future versions of Ray, Ray will no longer override accelerator visible devices env var if num_gpus=0 or num_gpus=None (default). To enable this behavior and turn off this error message, set RAY_ACCEL_ENV_VAR_OVERRIDE_ON_ZERO=0
  warnings.warn(
Generating train split:  53%|█████▎    | 26300/50000 [00:01<00:01, 16437.47 examples/s]Generating train split: 100%|██████████| 50000/50000 [00:01<00:00, 25109.45 examples/s]
Generating test split:   0%|          | 0/10000 [00:00<?, ? examples/s]Generating test split: 100%|██████████| 10000/10000 [00:00<00:00, 192550.30 examples/s]
Filtering CIFAR-10 to four classes:   0%|          | 0/50000 [00:00<?, ? examples/s]Filtering CIFAR-10 to four classes: 100%|██████████| 50000/50000 [00:00<00:00, 734070.73 examples/s]
Filtering CIFAR-10 to four classes:   0%|          | 0/10000 [00:00<?, ? examples/s]Filtering CIFAR-10 to four classes: 100%|██████████| 10000/10000 [00:00<00:00, 658632.58 examples/s]
[92mINFO [0m:      Starting DeterministicFedAvg strategy:
[92mINFO [0m:      	├── Number of rounds: 20
[92mINFO [0m:      	├── ArrayRecord (0.87 MB)
[92mINFO [0m:      	├── ConfigRecord (train): {'lr': 0.001}
[92mINFO [0m:      	├── ConfigRecord (evaluate): (empty!)
[92mINFO [0m:      	├──> Sampling:
[92mINFO [0m:      	│	├──Fraction: train (1.00) | evaluate ( 1.00)
[92mINFO [0m:      	│	├──Minimum nodes: train (3) | evaluate (3)
[92mINFO [0m:      	│	└──Minimum available nodes: 3
[92mINFO [0m:      	└──> Keys in records:
[92mINFO [0m:      		├── Weighted by: 'num-examples'
[92mINFO [0m:      		├── ArrayRecord key: 'arrays'
[92mINFO [0m:      		└── ConfigRecord key: 'config'
[92mINFO [0m:      
/usr/lib/python3.12/multiprocessing/popen_fork.py:66: DeprecationWarning: This process (pid=2714) is multi-threaded, use of fork() may lead to deadlocks in the child.
  self.pid = os.fork()
[92mINFO [0m:      Initial global evaluation results: {'loss': 1.3892939643859863, 'accuracy': 0.25, 'f1': 0.1, 'precision': 0.0625, 'auc': 0.48708850000000004}
[92mINFO [0m:      
[92mINFO [0m:      [ROUND 1/20]
[92mINFO [0m:      configure_train: Sampled 3 nodes (out of 3)
[36m(ClientAppActor pid=3294)[0m Using the latest cached version of the dataset since uoft-cs/cifar10 couldn't be found on the Hugging Face Hub (offline mode is enabled).
[36m(ClientAppActor pid=3294)[0m Found the latest cached dataset configuration 'plain_text' at /root/.cache/huggingface/datasets/uoft-cs___cifar10/plain_text/0.0.0/0b2714987fa478483af9968de7c934580d0bb9a2 (last modified on Wed Aug  5 14:29:17 2026).
[36m(ClientAppActor pid=3294)[0m /usr/lib/python3.12/multiprocessing/popen_fork.py:66: DeprecationWarning: This process (pid=3294) is multi-threaded, use of fork() may lead to deadlocks in the child.
[36m(ClientAppActor pid=3294)[0m   self.pid = os.fork()
[92mINFO [0m:      aggregate_train: Received 3 results and 0 failures
[92mINFO [0m:      	└──> Aggregated MetricRecord: {'train_loss': 0.8134808927774428, 'train_loss_mean': 0.980878584742546, 'client-ids': [0, 1, 2], 'per-client-num-examples': [3200, 1600, 4800], 'per-client-train_loss': [0.8396023309230805, 0.974659264087677, 0.7423404769102733], 'per-client-train_loss_mean': [0.999634384393692, 1.1199955313205718, 0.9220024027824401]}
[92mINFO [0m:      configure_evaluate: Sampled 3 nodes (out of 3)
[92mINFO [0m:      aggregate_evaluate: Received 3 results and 0 failures
[92mINFO [0m:      	└──> Aggregated MetricRecord: {'eval_loss': 1.2039920409520466, 'eval_acc': 0.55375, 'client-ids': [0, 1, 2], 'per-client-eval_acc': [0.54875, 0.5525, 0.5575], 'per-client-eval_loss': [1.2034083127975463, 1.2059935569763183, 1.2037140210469564], 'per-client-num-examples': [800, 400, 1200]}
[92mINFO [0m:      Global evaluation
[92mINFO [0m:      	└──> MetricRecord: {'loss': 1.195683042526245, 'accuracy': 0.5535, 'f1': 0.5448143562725284, 'precision': 0.6517489151902772, 'auc': 0.8057927083333334}
[92mINFO [0m:      
[92mINFO [0m:      [ROUND 2/20]
[92mINFO [0m:      configure_train: Sampled 3 nodes (out of 3)
[36m(ClientAppActor pid=3295)[0m Using the latest cached version of the dataset since uoft-cs/cifar10 couldn't be found on the Hugging Face Hub (offline mode is enabled).[32m [repeated 2x across cluster] (Ray deduplicates logs by default. Set RAY_DEDUP_LOGS=0 to disable log deduplication, or see https://docs.ray.io/en/master/ray-observability/user-guides/configure-logging.html#log-deduplication for more options.)[0m
[36m(ClientAppActor pid=3295)[0m Found the latest cached dataset configuration 'plain_text' at /root/.cache/huggingface/datasets/uoft-cs___cifar10/plain_text/0.0.0/0b2714987fa478483af9968de7c934580d0bb9a2 (last modified on Wed Aug  5 14:29:17 2026).[32m [repeated 2x across cluster][0m
[36m(ClientAppActor pid=3294)[0m /usr/lib/python3.12/multiprocessing/popen_fork.py:66: DeprecationWarning: This process (pid=3294) is multi-threaded, use of fork() may lead to deadlocks in the child.[32m [repeated 3x across cluster][0m
[36m(ClientAppActor pid=3294)[0m   self.pid = os.fork()[32m [repeated 3x across cluster][0m
[92mINFO [0m:      aggregate_train: Received 3 results and 0 failures
[92mINFO [0m:      	└──> Aggregated MetricRecord: {'train_loss': 0.6347680674990018, 'train_loss_mean': 0.730131994942824, 'client-ids': [0, 1, 2], 'per-client-num-examples': [3200, 1600, 4800], 'per-client-train_loss': [0.6690753230452537, 0.6652533787488938, 0.6017347933848699], 'per-client-train_loss_mean': [0.7550389080047607, 0.7806628057956695, 0.6966837826172511]}
[92mINFO [0m:      configure_evaluate: Sampled 3 nodes (out of 3)
[92mINFO [0m:      aggregate_evaluate: Received 3 results and 0 failures
[92mINFO [0m:      	└──> Aggregated MetricRecord: {'eval_loss': 0.6473879949251811, 'eval_acc': 0.735, 'client-ids': [0, 1, 2], 'per-client-eval_acc': [0.71875, 0.7075, 0.755], 'per-client-eval_loss': [0.6727441036701203, 0.6680484294891358, 0.6235971109072367], 'per-client-num-examples': [800, 400, 1200]}
[92mINFO [0m:      Global evaluation
[92mINFO [0m:      	└──> MetricRecord: {'loss': 0.6070336229801178, 'accuracy': 0.752, 'f1': 0.7519887878083925, 'precision': 0.7541415696584378, 'auc': 0.9355912500000001}
[92mINFO [0m:      
[92mINFO [0m:      [ROUND 3/20]
[92mINFO [0m:      configure_train: Sampled 3 nodes (out of 3)
[36m(ClientAppActor pid=3294)[0m /usr/lib/python3.12/multiprocessing/popen_fork.py:66: DeprecationWarning: This process (pid=3294) is multi-threaded, use of fork() may lead to deadlocks in the child.[32m [repeated 3x across cluster][0m
[36m(ClientAppActor pid=3294)[0m   self.pid = os.fork()[32m [repeated 3x across cluster][0m
[92mINFO [0m:      aggregate_train: Received 3 results and 0 failures
[92mINFO [0m:      	└──> Aggregated MetricRecord: {'train_loss': 0.46612950603167214, 'train_loss_mean': 0.5547789593140284, 'client-ids': [0, 1, 2], 'per-client-num-examples': [3200, 1600, 4800], 'per-client-train_loss': [0.5039832678437233, 0.4517689102888107, 0.4456805300712585], 'per-client-train_loss_mean': [0.5818301680386067, 0.5674341403245926, 0.5325264264941215]}
[92mINFO [0m:      configure_evaluate: Sampled 3 nodes (out of 3)
[92mINFO [0m:      aggregate_evaluate: Received 3 results and 0 failures
[92mINFO [0m:      	└──> Aggregated MetricRecord: {'eval_loss': 0.5883988360563914, 'eval_acc': 0.76875, 'client-ids': [0, 1, 2], 'per-client-eval_acc': [0.74375, 0.765, 0.7866666666666666], 'per-client-eval_loss': [0.6224719417095185, 0.5988336551189423, 0.5622051592667897], 'per-client-num-examples': [800, 400, 1200]}
[92mINFO [0m:      Global evaluation
[92mINFO [0m:      	└──> MetricRecord: {'loss': 0.5596577221155167, 'accuracy': 0.776, 'f1': 0.776545688857997, 'precision': 0.7800193308649236, 'auc': 0.9461315833333335}
[92mINFO [0m:      
[92mINFO [0m:      [ROUND 4/20]
[92mINFO [0m:      configure_train: Sampled 3 nodes (out of 3)
[36m(ClientAppActor pid=3294)[0m /usr/lib/python3.12/multiprocessing/popen_fork.py:66: DeprecationWarning: This process (pid=3294) is multi-threaded, use of fork() may lead to deadlocks in the child.[32m [repeated 3x across cluster][0m
[36m(ClientAppActor pid=3294)[0m   self.pid = os.fork()[32m [repeated 3x across cluster][0m
[92mINFO [0m:      aggregate_train: Received 3 results and 0 failures
[92mINFO [0m:      	└──> Aggregated MetricRecord: {'train_loss': 0.30781583560009795, 'train_loss_mean': 0.4093844669212897, 'client-ids': [0, 1, 2], 'per-client-num-examples': [3200, 1600, 4800], 'per-client-train_loss': [0.32595365107059476, 0.3351472294330597, 0.2866134940087795], 'per-client-train_loss_mean': [0.4405610763430595, 0.43687889474630354, 0.3794352513651053]}
[92mINFO [0m:      configure_evaluate: Sampled 3 nodes (out of 3)
[92mINFO [0m:      aggregate_evaluate: Received 3 results and 0 failures
[92mINFO [0m:      	└──> Aggregated MetricRecord: {'eval_loss': 0.5807016760110855, 'eval_acc': 0.7908333333333333, 'client-ids': [0, 1, 2], 'per-client-eval_acc': [0.77, 0.805, 0.8], 'per-client-eval_loss': [0.5965283060073853, 0.5753893101215363, 0.5719213779767355], 'per-client-num-examples': [800, 400, 1200]}
[92mINFO [0m:      Global evaluation
[92mINFO [0m:      	└──> MetricRecord: {'loss': 0.5858273239135742, 'accuracy': 0.787, 'f1': 0.7881117589875746, 'precision': 0.7928490522051933, 'auc': 0.9467205000000001}
[92mINFO [0m:      
[92mINFO [0m:      [ROUND 5/20]
[92mINFO [0m:      configure_train: Sampled 3 nodes (out of 3)
[36m(ClientAppActor pid=3294)[0m /usr/lib/python3.12/multiprocessing/popen_fork.py:66: DeprecationWarning: This process (pid=3294) is multi-threaded, use of fork() may lead to deadlocks in the child.[32m [repeated 3x across cluster][0m
[36m(ClientAppActor pid=3294)[0m   self.pid = os.fork()[32m [repeated 3x across cluster][0m
[92mINFO [0m:      aggregate_train: Received 3 results and 0 failures
[92mINFO [0m:      	└──> Aggregated MetricRecord: {'train_loss': 0.1879726815751443, 'train_loss_mean': 0.29528724756650626, 'client-ids': [0, 1, 2], 'per-client-num-examples': [3200, 1600, 4800], 'per-client-train_loss': [0.2089720557630062, 0.2098446449637413, 0.16668244432037074], 'per-client-train_loss_mean': [0.32346951477229596, 0.3513082050979138, 0.257825416918844]}
[92mINFO [0m:      configure_evaluate: Sampled 3 nodes (out of 3)
[92mINFO [0m:      aggregate_evaluate: Received 3 results and 0 failures
[92mINFO [0m:      	└──> Aggregated MetricRecord: {'eval_loss': 0.6328235267599424, 'eval_acc': 0.8016666666666666, 'client-ids': [0, 1, 2], 'per-client-eval_acc': [0.7925, 0.8125, 0.8041666666666667], 'per-client-eval_loss': [0.6560179597139358, 0.6257526129484177, 0.6197175427277883], 'per-client-num-examples': [800, 400, 1200]}
[92mINFO [0m:      Global evaluation
[92mINFO [0m:      	└──> MetricRecord: {'loss': 0.6482834403514862, 'accuracy': 0.802, 'f1': 0.8023267718028966, 'precision': 0.8029971091741638, 'auc': 0.95094025}
[92mINFO [0m:      
[92mINFO [0m:      [ROUND 6/20]
[92mINFO [0m:      configure_train: Sampled 3 nodes (out of 3)
[36m(ClientAppActor pid=3294)[0m /usr/lib/python3.12/multiprocessing/popen_fork.py:66: DeprecationWarning: This process (pid=3294) is multi-threaded, use of fork() may lead to deadlocks in the child.[32m [repeated 3x across cluster][0m
[36m(ClientAppActor pid=3294)[0m   self.pid = os.fork()[32m [repeated 3x across cluster][0m
[92mINFO [0m:      aggregate_train: Received 3 results and 0 failures
[92mINFO [0m:      	└──> Aggregated MetricRecord: {'train_loss': 0.12142447487451136, 'train_loss_mean': 0.20716145791113375, 'client-ids': [0, 1, 2], 'per-client-num-examples': [3200, 1600, 4800], 'per-client-train_loss': [0.13140746772289277, 0.13975775308907032, 0.10865805357073745], 'per-client-train_loss_mean': [0.23651436296105385, 0.2956189633458853, 0.1581070193996032]}
[92mINFO [0m:      configure_evaluate: Sampled 3 nodes (out of 3)
[92mINFO [0m:      aggregate_evaluate: Received 3 results and 0 failures
[92mINFO [0m:      	└──> Aggregated MetricRecord: {'eval_loss': 0.7325236985087394, 'eval_acc': 0.8058333333333333, 'client-ids': [0, 1, 2], 'per-client-eval_acc': [0.79125, 0.7925, 0.82], 'per-client-eval_loss': [0.7552635738253594, 0.7533352756500244, 0.7104265892505646], 'per-client-num-examples': [800, 400, 1200]}
[92mINFO [0m:      Global evaluation
[92mINFO [0m:      	└──> MetricRecord: {'loss': 0.7763054668903351, 'accuracy': 0.804, 'f1': 0.8042521396223092, 'precision': 0.8061831013307302, 'auc': 0.9502489166666668}
[92mINFO [0m:      
[92mINFO [0m:      [ROUND 7/20]
[92mINFO [0m:      configure_train: Sampled 3 nodes (out of 3)
[36m(ClientAppActor pid=3294)[0m /usr/lib/python3.12/multiprocessing/popen_fork.py:66: DeprecationWarning: This process (pid=3294) is multi-threaded, use of fork() may lead to deadlocks in the child.[32m [repeated 3x across cluster][0m
[36m(ClientAppActor pid=3294)[0m   self.pid = os.fork()[32m [repeated 3x across cluster][0m
[92mINFO [0m:      aggregate_train: Received 3 results and 0 failures
[92mINFO [0m:      	└──> Aggregated MetricRecord: {'train_loss': 0.07565204774184774, 'train_loss_mean': 0.1506686031691109, 'client-ids': [0, 1, 2], 'per-client-num-examples': [3200, 1600, 4800], 'per-client-train_loss': [0.10526245990768075, 0.07887093387544156, 0.054838810920094454], 'per-client-train_loss_mean': [0.174314606461674, 0.23521791847050189, 0.10672149587360522]}
[92mINFO [0m:      configure_evaluate: Sampled 3 nodes (out of 3)
[92mINFO [0m:      aggregate_evaluate: Received 3 results and 0 failures
[92mINFO [0m:      	└──> Aggregated MetricRecord: {'eval_loss': 0.8311511834462484, 'eval_acc': 0.7979166666666666, 'client-ids': [0, 1, 2], 'per-client-eval_acc': [0.7925, 0.7825, 0.8066666666666666], 'per-client-eval_loss': [0.8765383446216584, 0.8070345902442932, 0.8089319403966267], 'per-client-num-examples': [800, 400, 1200]}
[92mINFO [0m:      Global evaluation
[92mINFO [0m:      	└──> MetricRecord: {'loss': 0.8696717460155488, 'accuracy': 0.7985, 'f1': 0.7983970645474554, 'precision': 0.8008955341463588, 'auc': 0.9491489583333333}
[92mINFO [0m:      
[92mINFO [0m:      [ROUND 8/20]
[92mINFO [0m:      configure_train: Sampled 3 nodes (out of 3)
[36m(ClientAppActor pid=3294)[0m /usr/lib/python3.12/multiprocessing/popen_fork.py:66: DeprecationWarning: This process (pid=3294) is multi-threaded, use of fork() may lead to deadlocks in the child.[32m [repeated 3x across cluster][0m
[36m(ClientAppActor pid=3294)[0m   self.pid = os.fork()[32m [repeated 3x across cluster][0m
[92mINFO [0m:      aggregate_train: Received 3 results and 0 failures
[92mINFO [0m:      	└──> Aggregated MetricRecord: {'train_loss': 0.07378649904392659, 'train_loss_mean': 0.12009284856636077, 'client-ids': [0, 1, 2], 'per-client-num-examples': [3200, 1600, 4800], 'per-client-train_loss': [0.08800932393409312, 0.04652215616777539, 0.07339273007586598], 'per-client-train_loss_mean': [0.13450061010755598, 0.20982851772755384, 0.08057578448516627]}
[92mINFO [0m:      configure_evaluate: Sampled 3 nodes (out of 3)
[92mINFO [0m:      aggregate_evaluate: Received 3 results and 0 failures
[92mINFO [0m:      	└──> Aggregated MetricRecord: {'eval_loss': 0.8816481643915176, 'eval_acc': 0.7970833333333334, 'client-ids': [0, 1, 2], 'per-client-eval_acc': [0.79, 0.7875, 0.805], 'per-client-eval_loss': [0.8961947995424271, 0.9188396120071411, 0.8595532584190368], 'per-client-num-examples': [800, 400, 1200]}
[92mINFO [0m:      Global evaluation
[92mINFO [0m:      	└──> MetricRecord: {'loss': 0.9208954062461853, 'accuracy': 0.8055, 'f1': 0.8056110256435165, 'precision': 0.8062795191669997, 'auc': 0.947022625}
[92mINFO [0m:      
[92mINFO [0m:      [ROUND 9/20]
[92mINFO [0m:      configure_train: Sampled 3 nodes (out of 3)
[36m(ClientAppActor pid=3294)[0m /usr/lib/python3.12/multiprocessing/popen_fork.py:66: DeprecationWarning: This process (pid=3294) is multi-threaded, use of fork() may lead to deadlocks in the child.[32m [repeated 3x across cluster][0m
[36m(ClientAppActor pid=3294)[0m   self.pid = os.fork()[32m [repeated 3x across cluster][0m
[92mINFO [0m:      aggregate_train: Received 3 results and 0 failures
[92mINFO [0m:      	└──> Aggregated MetricRecord: {'train_loss': 0.06432600010108823, 'train_loss_mean': 0.09830133810072826, 'client-ids': [0, 1, 2], 'per-client-num-examples': [3200, 1600, 4800], 'per-client-train_loss': [0.05687010458437726, 0.04323825147934258, 0.07632584665281077], 'per-client-train_loss_mean': [0.10334499377431347, 0.1773508735280484, 0.06858905584256475]}
[92mINFO [0m:      configure_evaluate: Sampled 3 nodes (out of 3)
[92mINFO [0m:      aggregate_evaluate: Received 3 results and 0 failures
[92mINFO [0m:      	└──> Aggregated MetricRecord: {'eval_loss': 0.9305434612433116, 'eval_acc': 0.80125, 'client-ids': [0, 1, 2], 'per-client-eval_acc': [0.78875, 0.7825, 0.8158333333333333], 'per-client-eval_loss': [1.004978320002556, 0.94266108751297, 0.8768810133139292], 'per-client-num-examples': [800, 400, 1200]}
[92mINFO [0m:      Global evaluation
[92mINFO [0m:      	└──> MetricRecord: {'loss': 1.0091608438491821, 'accuracy': 0.8015, 'f1': 0.801962970660903, 'precision': 0.8029330482655821, 'auc': 0.9462524166666667}
[92mINFO [0m:      
[92mINFO [0m:      [ROUND 10/20]
[92mINFO [0m:      configure_train: Sampled 3 nodes (out of 3)
[36m(ClientAppActor pid=3294)[0m /usr/lib/python3.12/multiprocessing/popen_fork.py:66: DeprecationWarning: This process (pid=3294) is multi-threaded, use of fork() may lead to deadlocks in the child.[32m [repeated 3x across cluster][0m
[36m(ClientAppActor pid=3294)[0m   self.pid = os.fork()[32m [repeated 3x across cluster][0m
[92mINFO [0m:      aggregate_train: Received 3 results and 0 failures
[92mINFO [0m:      	└──> Aggregated MetricRecord: {'train_loss': 0.06889814514511575, 'train_loss_mean': 0.09291230129085792, 'client-ids': [0, 1, 2], 'per-client-num-examples': [3200, 1600, 4800], 'per-client-train_loss': [0.08979622945189476, 0.04014490091707557, 0.06455050368327647], 'per-client-train_loss_mean': [0.09177679675538093, 0.1667528702719137, 0.06905578132082398]}
[92mINFO [0m:      configure_evaluate: Sampled 3 nodes (out of 3)
[92mINFO [0m:      aggregate_evaluate: Received 3 results and 0 failures
[92mINFO [0m:      	└──> Aggregated MetricRecord: {'eval_loss': 0.9636722562710444, 'eval_acc': 0.7949999999999999, 'client-ids': [0, 1, 2], 'per-client-eval_acc': [0.78375, 0.76, 0.8141666666666667], 'per-client-eval_loss': [1.0428728973865509, 1.0701891100406646, 0.8753662109375], 'per-client-num-examples': [800, 400, 1200]}
[92mINFO [0m:      Global evaluation
[92mINFO [0m:      	└──> MetricRecord: {'loss': 1.0047871856689452, 'accuracy': 0.7915, 'f1': 0.7907966635175931, 'precision': 0.7920180003317139, 'auc': 0.9442355000000001}
[92mINFO [0m:      
[92mINFO [0m:      [ROUND 11/20]
[92mINFO [0m:      configure_train: Sampled 3 nodes (out of 3)
[36m(ClientAppActor pid=3294)[0m /usr/lib/python3.12/multiprocessing/popen_fork.py:66: DeprecationWarning: This process (pid=3294) is multi-threaded, use of fork() may lead to deadlocks in the child.[32m [repeated 3x across cluster][0m
[36m(ClientAppActor pid=3294)[0m   self.pid = os.fork()[32m [repeated 3x across cluster][0m
[92mINFO [0m:      aggregate_train: Received 3 results and 0 failures
[92mINFO [0m:      	└──> Aggregated MetricRecord: {'train_loss': 0.05792628348688594, 'train_loss_mean': 0.08159595973648054, 'client-ids': [0, 1, 2], 'per-client-num-examples': [3200, 1600, 4800], 'per-client-train_loss': [0.06438163923099637, 0.04402498226612806, 0.0582564800643983], 'per-client-train_loss_mean': [0.08051033410592937, 0.15733713620714845, 0.057072651333292014]}
[92mINFO [0m:      configure_evaluate: Sampled 3 nodes (out of 3)
[92mINFO [0m:      aggregate_evaluate: Received 3 results and 0 failures
[92mINFO [0m:      	└──> Aggregated MetricRecord: {'eval_loss': 1.023425436814626, 'eval_acc': 0.7949999999999999, 'client-ids': [0, 1, 2], 'per-client-eval_acc': [0.79, 0.7825, 0.8025], 'per-client-eval_loss': [1.0692813771963119, 1.0758710241317748, 0.9753729474544525], 'per-client-num-examples': [800, 400, 1200]}
[92mINFO [0m:      Global evaluation
[92mINFO [0m:      	└──> MetricRecord: {'loss': 1.1186651558876037, 'accuracy': 0.8055, 'f1': 0.8050468901338577, 'precision': 0.806698567989767, 'auc': 0.9438747916666669}
[92mINFO [0m:      
[92mINFO [0m:      [ROUND 12/20]
[92mINFO [0m:      configure_train: Sampled 3 nodes (out of 3)
[36m(ClientAppActor pid=3296)[0m /usr/lib/python3.12/multiprocessing/popen_fork.py:66: DeprecationWarning: This process (pid=3296) is multi-threaded, use of fork() may lead to deadlocks in the child.[32m [repeated 3x across cluster][0m
[36m(ClientAppActor pid=3296)[0m   self.pid = os.fork()[32m [repeated 3x across cluster][0m
[92mINFO [0m:      aggregate_train: Received 3 results and 0 failures
[92mINFO [0m:      	└──> Aggregated MetricRecord: {'train_loss': 0.06316146586458975, 'train_loss_mean': 0.0751366603099353, 'client-ids': [0, 1, 2], 'per-client-num-examples': [3200, 1600, 4800], 'per-client-train_loss': [0.06207717236829922, 0.053483656831085684, 0.06711026453995146], 'per-client-train_loss_mean': [0.07095439528860151, 0.14675248161144555, 0.05405289655698774]}
[92mINFO [0m:      configure_evaluate: Sampled 3 nodes (out of 3)
[92mINFO [0m:      aggregate_evaluate: Received 3 results and 0 failures
[92mINFO [0m:      	└──> Aggregated MetricRecord: {'eval_loss': 0.9481689341862996, 'eval_acc': 0.7908333333333333, 'client-ids': [0, 1, 2], 'per-client-eval_acc': [0.775, 0.7875, 0.8025], 'per-client-eval_loss': [1.0135224187374114, 1.020455230474472, 0.8805045123895009], 'per-client-num-examples': [800, 400, 1200]}
[92mINFO [0m:      Global evaluation
[92mINFO [0m:      	└──> MetricRecord: {'loss': 1.0479650919437409, 'accuracy': 0.7945, 'f1': 0.7942873897188893, 'precision': 0.7956682287358301, 'auc': 0.9413570833333333}
[92mINFO [0m:      
[92mINFO [0m:      [ROUND 13/20]
[92mINFO [0m:      configure_train: Sampled 3 nodes (out of 3)
[36m(ClientAppActor pid=3294)[0m /usr/lib/python3.12/multiprocessing/popen_fork.py:66: DeprecationWarning: This process (pid=3294) is multi-threaded, use of fork() may lead to deadlocks in the child.[32m [repeated 3x across cluster][0m
[36m(ClientAppActor pid=3294)[0m   self.pid = os.fork()[32m [repeated 3x across cluster][0m
[92mINFO [0m:      aggregate_train: Received 3 results and 0 failures
[92mINFO [0m:      	└──> Aggregated MetricRecord: {'train_loss': 0.03199518081382848, 'train_loss_mean': 0.06415110490086953, 'client-ids': [0, 1, 2], 'per-client-num-examples': [3200, 1600, 4800], 'per-client-train_loss': [0.025232764683896677, 0.021124336407519876, 0.04012707303588589], 'per-client-train_loss_mean': [0.061687157422536984, 0.11992038553114981, 0.04720397634299782]}
[92mINFO [0m:      configure_evaluate: Sampled 3 nodes (out of 3)
[92mINFO [0m:      aggregate_evaluate: Received 3 results and 0 failures
[92mINFO [0m:      	└──> Aggregated MetricRecord: {'eval_loss': 1.1086384926239647, 'eval_acc': 0.7908333333333333, 'client-ids': [0, 1, 2], 'per-client-eval_acc': [0.7775, 0.7625, 0.8091666666666667], 'per-client-eval_loss': [1.2208971172571181, 1.180145411491394, 1.0099637699127197], 'per-client-num-examples': [800, 400, 1200]}
[92mINFO [0m:      Global evaluation
[92mINFO [0m:      	└──> MetricRecord: {'loss': 1.1629276342391968, 'accuracy': 0.8025, 'f1': 0.8012792310275147, 'precision': 0.8014255903278956, 'auc': 0.94473725}
[92mINFO [0m:      
[92mINFO [0m:      [ROUND 14/20]
[92mINFO [0m:      configure_train: Sampled 3 nodes (out of 3)
[36m(ClientAppActor pid=3294)[0m /usr/lib/python3.12/multiprocessing/popen_fork.py:66: DeprecationWarning: This process (pid=3294) is multi-threaded, use of fork() may lead to deadlocks in the child.[32m [repeated 3x across cluster][0m
[36m(ClientAppActor pid=3294)[0m   self.pid = os.fork()[32m [repeated 3x across cluster][0m
[92mINFO [0m:      aggregate_train: Received 3 results and 0 failures
[92mINFO [0m:      	└──> Aggregated MetricRecord: {'train_loss': 0.05236425946083424, 'train_loss_mean': 0.06251401120553782, 'client-ids': [0, 1, 2], 'per-client-num-examples': [3200, 1600, 4800], 'per-client-train_loss': [0.044436054951511324, 0.02726901862421073, 0.06601480941259069], 'per-client-train_loss_mean': [0.06003172435355373, 0.11463350447569973, 0.04679570468347326]}
[92mINFO [0m:      configure_evaluate: Sampled 3 nodes (out of 3)
[92mINFO [0m:      aggregate_evaluate: Received 3 results and 0 failures
[92mINFO [0m:      	└──> Aggregated MetricRecord: {'eval_loss': 1.042002811829249, 'eval_acc': 0.7958333333333333, 'client-ids': [0, 1, 2], 'per-client-eval_acc': [0.7875, 0.7675, 0.8108333333333333], 'per-client-eval_loss': [1.1181357622146606, 1.0893263769149781, 0.975472989877065], 'per-client-num-examples': [800, 400, 1200]}
[92mINFO [0m:      Global evaluation
[92mINFO [0m:      	└──> MetricRecord: {'loss': 1.118280686378479, 'accuracy': 0.8015, 'f1': 0.8013352500159513, 'precision': 0.8014284959914619, 'auc': 0.9408778750000001}
[92mINFO [0m:      
[92mINFO [0m:      [ROUND 15/20]
[92mINFO [0m:      configure_train: Sampled 3 nodes (out of 3)
[36m(ClientAppActor pid=3295)[0m /usr/lib/python3.12/multiprocessing/popen_fork.py:66: DeprecationWarning: This process (pid=3295) is multi-threaded, use of fork() may lead to deadlocks in the child.[32m [repeated 3x across cluster][0m
[36m(ClientAppActor pid=3295)[0m   self.pid = os.fork()[32m [repeated 3x across cluster][0m
[92mINFO [0m:      aggregate_train: Received 3 results and 0 failures
[92mINFO [0m:      	└──> Aggregated MetricRecord: {'train_loss': 0.045040450764936395, 'train_loss_mean': 0.05915533988112777, 'client-ids': [0, 1, 2], 'per-client-num-examples': [3200, 1600, 4800], 'per-client-train_loss': [0.03273310861317441, 0.019431586128193887, 0.061781633745025225], 'per-client-train_loss_mean': [0.057447757063433524, 0.10322960531851277, 0.045602306613795614]}
[92mINFO [0m:      configure_evaluate: Sampled 3 nodes (out of 3)
[92mINFO [0m:      aggregate_evaluate: Received 3 results and 0 failures
[92mINFO [0m:      	└──> Aggregated MetricRecord: {'eval_loss': 1.2007537645101547, 'eval_acc': 0.7920833333333333, 'client-ids': [0, 1, 2], 'per-client-eval_acc': [0.78375, 0.77, 0.805], 'per-client-eval_loss': [1.2532384157180787, 1.2473741102218627, 1.1502238818009693], 'per-client-num-examples': [800, 400, 1200]}
[92mINFO [0m:      Global evaluation
[92mINFO [0m:      	└──> MetricRecord: {'loss': 1.2481527743339538, 'accuracy': 0.801, 'f1': 0.7996832751258158, 'precision': 0.7992722522297704, 'auc': 0.9438793750000001}
[92mINFO [0m:      
[92mINFO [0m:      [ROUND 16/20]
[92mINFO [0m:      configure_train: Sampled 3 nodes (out of 3)
[36m(ClientAppActor pid=3294)[0m /usr/lib/python3.12/multiprocessing/popen_fork.py:66: DeprecationWarning: This process (pid=3294) is multi-threaded, use of fork() may lead to deadlocks in the child.[32m [repeated 3x across cluster][0m
[36m(ClientAppActor pid=3294)[0m   self.pid = os.fork()[32m [repeated 3x across cluster][0m
[92mINFO [0m:      aggregate_train: Received 3 results and 0 failures
[92mINFO [0m:      	└──> Aggregated MetricRecord: {'train_loss': 0.03680361604065789, 'train_loss_mean': 0.05142713302767758, 'client-ids': [0, 1, 2], 'per-client-num-examples': [3200, 1600, 4800], 'per-client-train_loss': [0.034854158585658296, 0.011893599451286718, 0.04640659320711469], 'per-client-train_loss_mean': [0.047015324750915174, 0.09657414651638828, 0.039319334049282284]}
[92mINFO [0m:      configure_evaluate: Sampled 3 nodes (out of 3)
[92mINFO [0m:      aggregate_evaluate: Received 3 results and 0 failures
[92mINFO [0m:      	└──> Aggregated MetricRecord: {'eval_loss': 1.1654741497834524, 'eval_acc': 0.8004166666666667, 'client-ids': [0, 1, 2], 'per-client-eval_acc': [0.78875, 0.795, 0.81], 'per-client-eval_loss': [1.24417236328125, 1.213734242916107, 1.096921976407369], 'per-client-num-examples': [800, 400, 1200]}
[92mINFO [0m:      Global evaluation
[92mINFO [0m:      	└──> MetricRecord: {'loss': 1.2363117504119874, 'accuracy': 0.8025, 'f1': 0.8021367025982115, 'precision': 0.8022726079224909, 'auc': 0.9464883333333334}
[92mINFO [0m:      
[92mINFO [0m:      [ROUND 17/20]
[92mINFO [0m:      configure_train: Sampled 3 nodes (out of 3)
[36m(ClientAppActor pid=3294)[0m /usr/lib/python3.12/multiprocessing/popen_fork.py:66: DeprecationWarning: This process (pid=3294) is multi-threaded, use of fork() may lead to deadlocks in the child.[32m [repeated 3x across cluster][0m
[36m(ClientAppActor pid=3294)[0m   self.pid = os.fork()[32m [repeated 3x across cluster][0m
[92mINFO [0m:      aggregate_train: Received 3 results and 0 failures
[92mINFO [0m:      	└──> Aggregated MetricRecord: {'train_loss': 0.03534646742290837, 'train_loss_mean': 0.04905597657927137, 'client-ids': [0, 1, 2], 'per-client-num-examples': [3200, 1600, 4800], 'per-client-train_loss': [0.05559426964435261, 0.029415511063998565, 0.02382491806158214], 'per-client-train_loss_mean': [0.04750893431296572, 0.09147650067484939, 0.035947163391615806]}
[92mINFO [0m:      configure_evaluate: Sampled 3 nodes (out of 3)
[92mINFO [0m:      aggregate_evaluate: Received 3 results and 0 failures
[92mINFO [0m:      	└──> Aggregated MetricRecord: {'eval_loss': 1.1480973503986993, 'eval_acc': 0.78625, 'client-ids': [0, 1, 2], 'per-client-eval_acc': [0.77375, 0.765, 0.8016666666666666], 'per-client-eval_loss': [1.2384420979022979, 1.2442112183570861, 1.0558295627435048], 'per-client-num-examples': [800, 400, 1200]}
[92mINFO [0m:      Global evaluation
[92mINFO [0m:      	└──> MetricRecord: {'loss': 1.3100727887153625, 'accuracy': 0.791, 'f1': 0.7908162991268051, 'precision': 0.791720725318417, 'auc': 0.9387646666666666}
[92mINFO [0m:      
[92mINFO [0m:      [ROUND 18/20]
[92mINFO [0m:      configure_train: Sampled 3 nodes (out of 3)
[36m(ClientAppActor pid=3294)[0m /usr/lib/python3.12/multiprocessing/popen_fork.py:66: DeprecationWarning: This process (pid=3294) is multi-threaded, use of fork() may lead to deadlocks in the child.[32m [repeated 3x across cluster][0m
[36m(ClientAppActor pid=3294)[0m   self.pid = os.fork()[32m [repeated 3x across cluster][0m
[92mINFO [0m:      aggregate_train: Received 3 results and 0 failures
[92mINFO [0m:      	└──> Aggregated MetricRecord: {'train_loss': 0.032130122408173825, 'train_loss_mean': 0.04968281610074821, 'client-ids': [0, 1, 2], 'per-client-num-examples': [3200, 1600, 4800], 'per-client-train_loss': [0.02423603581642965, 0.040443068700842556, 0.03462186470511369], 'per-client-train_loss_mean': [0.04710371965978993, 0.10041935684811323, 0.034490033478932064]}
[92mINFO [0m:      configure_evaluate: Sampled 3 nodes (out of 3)
[92mINFO [0m:      aggregate_evaluate: Received 3 results and 0 failures
[92mINFO [0m:      	└──> Aggregated MetricRecord: {'eval_loss': 1.177554292678833, 'eval_acc': 0.7929166666666667, 'client-ids': [0, 1, 2], 'per-client-eval_acc': [0.7775, 0.7775, 0.8083333333333333], 'per-client-eval_loss': [1.3396710991859435, 1.1862430572509766, 1.0665801668167114], 'per-client-num-examples': [800, 400, 1200]}
[92mINFO [0m:      Global evaluation
[92mINFO [0m:      	└──> MetricRecord: {'loss': 1.3013482775688172, 'accuracy': 0.795, 'f1': 0.795337937127787, 'precision': 0.7990624470859156, 'auc': 0.9425000416666667}
[92mINFO [0m:      
[92mINFO [0m:      [ROUND 19/20]
[92mINFO [0m:      configure_train: Sampled 3 nodes (out of 3)
[36m(ClientAppActor pid=3294)[0m /usr/lib/python3.12/multiprocessing/popen_fork.py:66: DeprecationWarning: This process (pid=3294) is multi-threaded, use of fork() may lead to deadlocks in the child.[32m [repeated 3x across cluster][0m
[36m(ClientAppActor pid=3294)[0m   self.pid = os.fork()[32m [repeated 3x across cluster][0m
[92mINFO [0m:      aggregate_train: Received 3 results and 0 failures
[92mINFO [0m:      	└──> Aggregated MetricRecord: {'train_loss': 0.03950012784213565, 'train_loss_mean': 0.045624829256367475, 'client-ids': [0, 1, 2], 'per-client-num-examples': [3200, 1600, 4800], 'per-client-train_loss': [0.035639512475172525, 0.035101958115119486, 0.04353992799578312], 'per-client-train_loss_mean': [0.04163815417117439, 0.08373868993157521, 0.035577992421426945]}
[92mINFO [0m:      configure_evaluate: Sampled 3 nodes (out of 3)
[92mINFO [0m:      aggregate_evaluate: Received 3 results and 0 failures
[92mINFO [0m:      	└──> Aggregated MetricRecord: {'eval_loss': 1.2057892940441768, 'eval_acc': 0.7895833333333333, 'client-ids': [0, 1, 2], 'per-client-eval_acc': [0.76875, 0.775, 0.8083333333333333], 'per-client-eval_loss': [1.3045016360282897, 1.1421286678314209, 1.1612012747923532], 'per-client-num-examples': [800, 400, 1200]}
[92mINFO [0m:      Global evaluation
[92mINFO [0m:      	└──> MetricRecord: {'loss': 1.3187227873802185, 'accuracy': 0.802, 'f1': 0.8014900209068658, 'precision': 0.8014607428433554, 'auc': 0.9426787916666667}
[92mINFO [0m:      
[92mINFO [0m:      [ROUND 20/20]
[92mINFO [0m:      configure_train: Sampled 3 nodes (out of 3)
[36m(ClientAppActor pid=3294)[0m /usr/lib/python3.12/multiprocessing/popen_fork.py:66: DeprecationWarning: This process (pid=3294) is multi-threaded, use of fork() may lead to deadlocks in the child.[32m [repeated 3x across cluster][0m
[36m(ClientAppActor pid=3294)[0m   self.pid = os.fork()[32m [repeated 3x across cluster][0m
[92mINFO [0m:      aggregate_train: Received 3 results and 0 failures
[92mINFO [0m:      	└──> Aggregated MetricRecord: {'train_loss': 0.037600220223321226, 'train_loss_mean': 0.044288234833934736, 'client-ids': [0, 1, 2], 'per-client-num-examples': [3200, 1600, 4800], 'per-client-train_loss': [0.04256243032112252, 0.026856734168250115, 0.03787324217647741], 'per-client-train_loss_mean': [0.04040878763908404, 0.0845953465681523, 0.033438829052429356]}
[92mINFO [0m:      configure_evaluate: Sampled 3 nodes (out of 3)
[92mINFO [0m:      aggregate_evaluate: Received 3 results and 0 failures
[92mINFO [0m:      	└──> Aggregated MetricRecord: {'eval_loss': 1.2045976651708286, 'eval_acc': 0.7879166666666666, 'client-ids': [0, 1, 2], 'per-client-eval_acc': [0.7725, 0.775, 0.8025], 'per-client-eval_loss': [1.2989141821861268, 1.2339060878753663, 1.1319505129257839], 'per-client-num-examples': [800, 400, 1200]}
[92mINFO [0m:      Global evaluation
[92mINFO [0m:      	└──> MetricRecord: {'loss': 1.2920930728912354, 'accuracy': 0.801, 'f1': 0.8000302186774157, 'precision': 0.7998433243283498, 'auc': 0.9448351249999999}
[92mINFO [0m:      
[92mINFO [0m:      Strategy execution finished in 214.01s
[92mINFO [0m:      
[92mINFO [0m:      Final results:
[92mINFO [0m:      
[92mINFO [0m:      	Global Arrays:
[92mINFO [0m:      		ArrayRecord (0.866 MB)
[92mINFO [0m:      	
[92mINFO [0m:      	Aggregated ClientApp-side Train Metrics:
[92mINFO [0m:      	{ 1: { 'client-ids': "['0', '1', '2']",
[92mINFO [0m:      	       'per-client-num-examples': "['3200', '1600', '4800']",
[92mINFO [0m:      	       'per-client-train_loss': "['8.3960e-01', '9.7466e-01', '7.4234e-01']",
[92mINFO [0m:      	       'per-client-train_loss_mean': "['9.9963e-01', '1.1200e+00', "
[92mINFO [0m:      	                                     "'9.2200e-01']",
[92mINFO [0m:      	       'train_loss': '8.1348e-01',
[92mINFO [0m:      	       'train_loss_mean': '9.8088e-01'},
[92mINFO [0m:      	  2: { 'client-ids': "['0', '1', '2']",
[92mINFO [0m:      	       'per-client-num-examples': "['3200', '1600', '4800']",
[92mINFO [0m:      	       'per-client-train_loss': "['6.6908e-01', '6.6525e-01', '6.0173e-01']",
[92mINFO [0m:      	       'per-client-train_loss_mean': "['7.5504e-01', '7.8066e-01', "
[92mINFO [0m:      	                                     "'6.9668e-01']",
[92mINFO [0m:      	       'train_loss': '6.3477e-01',
[92mINFO [0m:      	       'train_loss_mean': '7.3013e-01'},
[92mINFO [0m:      	  3: { 'client-ids': "['0', '1', '2']",
[92mINFO [0m:      	       'per-client-num-examples': "['3200', '1600', '4800']",
[92mINFO [0m:      	       'per-client-train_loss': "['5.0398e-01', '4.5177e-01', '4.4568e-01']",
[92mINFO [0m:      	       'per-client-train_loss_mean': "['5.8183e-01', '5.6743e-01', "
[92mINFO [0m:      	                                     "'5.3253e-01']",
[92mINFO [0m:      	       'train_loss': '4.6613e-01',
[92mINFO [0m:      	       'train_loss_mean': '5.5478e-01'},
[92mINFO [0m:      	  4: { 'client-ids': "['0', '1', '2']",
[92mINFO [0m:      	       'per-client-num-examples': "['3200', '1600', '4800']",
[92mINFO [0m:      	       'per-client-train_loss': "['3.2595e-01', '3.3515e-01', '2.8661e-01']",
[92mINFO [0m:      	       'per-client-train_loss_mean': "['4.4056e-01', '4.3688e-01', "
[92mINFO [0m:      	                                     "'3.7944e-01']",
[92mINFO [0m:      	       'train_loss': '3.0782e-01',
[92mINFO [0m:      	       'train_loss_mean': '4.0938e-01'},
[92mINFO [0m:      	  5: { 'client-ids': "['0', '1', '2']",
[92mINFO [0m:      	       'per-client-num-examples': "['3200', '1600', '4800']",
[92mINFO [0m:      	       'per-client-train_loss': "['2.0897e-01', '2.0984e-01', '1.6668e-01']",
[92mINFO [0m:      	       'per-client-train_loss_mean': "['3.2347e-01', '3.5131e-01', "
[92mINFO [0m:      	                                     "'2.5783e-01']",
[92mINFO [0m:      	       'train_loss': '1.8797e-01',
[92mINFO [0m:      	       'train_loss_mean': '2.9529e-01'},
[92mINFO [0m:      	  6: { 'client-ids': "['0', '1', '2']",
[92mINFO [0m:      	       'per-client-num-examples': "['3200', '1600', '4800']",
[92mINFO [0m:      	       'per-client-train_loss': "['1.3141e-01', '1.3976e-01', '1.0866e-01']",
[92mINFO [0m:      	       'per-client-train_loss_mean': "['2.3651e-01', '2.9562e-01', "
[92mINFO [0m:      	                                     "'1.5811e-01']",
[92mINFO [0m:      	       'train_loss': '1.2142e-01',
[92mINFO [0m:      	       'train_loss_mean': '2.0716e-01'},
[92mINFO [0m:      	  7: { 'client-ids': "['0', '1', '2']",
[92mINFO [0m:      	       'per-client-num-examples': "['3200', '1600', '4800']",
[92mINFO [0m:      	       'per-client-train_loss': "['1.0526e-01', '7.8871e-02', '5.4839e-02']",
[92mINFO [0m:      	       'per-client-train_loss_mean': "['1.7431e-01', '2.3522e-01', "
[92mINFO [0m:      	                                     "'1.0672e-01']",
[92mINFO [0m:      	       'train_loss': '7.5652e-02',
[92mINFO [0m:      	       'train_loss_mean': '1.5067e-01'},
[92mINFO [0m:      	  8: { 'client-ids': "['0', '1', '2']",
[92mINFO [0m:      	       'per-client-num-examples': "['3200', '1600', '4800']",
[92mINFO [0m:      	       'per-client-train_loss': "['8.8009e-02', '4.6522e-02', '7.3393e-02']",
[92mINFO [0m:      	       'per-client-train_loss_mean': "['1.3450e-01', '2.0983e-01', "
[92mINFO [0m:      	                                     "'8.0576e-02']",
[92mINFO [0m:      	       'train_loss': '7.3786e-02',
[92mINFO [0m:      	       'train_loss_mean': '1.2009e-01'},
[92mINFO [0m:      	  9: { 'client-ids': "['0', '1', '2']",
[92mINFO [0m:      	       'per-client-num-examples': "['3200', '1600', '4800']",
[92mINFO [0m:      	       'per-client-train_loss': "['5.6870e-02', '4.3238e-02', '7.6326e-02']",
[92mINFO [0m:      	       'per-client-train_loss_mean': "['1.0334e-01', '1.7735e-01', "
[92mINFO [0m:      	                                     "'6.8589e-02']",
[92mINFO [0m:      	       'train_loss': '6.4326e-02',
[92mINFO [0m:      	       'train_loss_mean': '9.8301e-02'},
[92mINFO [0m:      	  10: { 'client-ids': "['0', '1', '2']",
[92mINFO [0m:      	        'per-client-num-examples': "['3200', '1600', '4800']",
[92mINFO [0m:      	        'per-client-train_loss': "['8.9796e-02', '4.0145e-02', '6.4551e-02']",
[92mINFO [0m:      	        'per-client-train_loss_mean': "['9.1777e-02', '1.6675e-01', "
[92mINFO [0m:      	                                      "'6.9056e-02']",
[92mINFO [0m:      	        'train_loss': '6.8898e-02',
[92mINFO [0m:      	        'train_loss_mean': '9.2912e-02'},
[92mINFO [0m:      	  11: { 'client-ids': "['0', '1', '2']",
[92mINFO [0m:      	        'per-client-num-examples': "['3200', '1600', '4800']",
[92mINFO [0m:      	        'per-client-train_loss': "['6.4382e-02', '4.4025e-02', '5.8256e-02']",
[92mINFO [0m:      	        'per-client-train_loss_mean': "['8.0510e-02', '1.5734e-01', "
[92mINFO [0m:      	                                      "'5.7073e-02']",
[92mINFO [0m:      	        'train_loss': '5.7926e-02',
[92mINFO [0m:      	        'train_loss_mean': '8.1596e-02'},
[92mINFO [0m:      	  12: { 'client-ids': "['0', '1', '2']",
[92mINFO [0m:      	        'per-client-num-examples': "['3200', '1600', '4800']",
[92mINFO [0m:      	        'per-client-train_loss': "['6.2077e-02', '5.3484e-02', '6.7110e-02']",
[92mINFO [0m:      	        'per-client-train_loss_mean': "['7.0954e-02', '1.4675e-01', "
[92mINFO [0m:      	                                      "'5.4053e-02']",
[92mINFO [0m:      	        'train_loss': '6.3161e-02',
[92mINFO [0m:      	        'train_loss_mean': '7.5137e-02'},
[92mINFO [0m:      	  13: { 'client-ids': "['0', '1', '2']",
[92mINFO [0m:      	        'per-client-num-examples': "['3200', '1600', '4800']",
[92mINFO [0m:      	        'per-client-train_loss': "['2.5233e-02', '2.1124e-02', '4.0127e-02']",
[92mINFO [0m:      	        'per-client-train_loss_mean': "['6.1687e-02', '1.1992e-01', "
[92mINFO [0m:      	                                      "'4.7204e-02']",
[92mINFO [0m:      	        'train_loss': '3.1995e-02',
[92mINFO [0m:      	        'train_loss_mean': '6.4151e-02'},
[92mINFO [0m:      	  14: { 'client-ids': "['0', '1', '2']",
[92mINFO [0m:      	        'per-client-num-examples': "['3200', '1600', '4800']",
[92mINFO [0m:      	        'per-client-train_loss': "['4.4436e-02', '2.7269e-02', '6.6015e-02']",
[92mINFO [0m:      	        'per-client-train_loss_mean': "['6.0032e-02', '1.1463e-01', "
[92mINFO [0m:      	                                      "'4.6796e-02']",
[92mINFO [0m:      	        'train_loss': '5.2364e-02',
[92mINFO [0m:      	        'train_loss_mean': '6.2514e-02'},
[92mINFO [0m:      	  15: { 'client-ids': "['0', '1', '2']",
[92mINFO [0m:      	        'per-client-num-examples': "['3200', '1600', '4800']",
[92mINFO [0m:      	        'per-client-train_loss': "['3.2733e-02', '1.9432e-02', '6.1782e-02']",
[92mINFO [0m:      	        'per-client-train_loss_mean': "['5.7448e-02', '1.0323e-01', "
[92mINFO [0m:      	                                      "'4.5602e-02']",
[92mINFO [0m:      	        'train_loss': '4.5040e-02',
[92mINFO [0m:      	        'train_loss_mean': '5.9155e-02'},
[92mINFO [0m:      	  16: { 'client-ids': "['0', '1', '2']",
[92mINFO [0m:      	        'per-client-num-examples': "['3200', '1600', '4800']",
[92mINFO [0m:      	        'per-client-train_loss': "['3.4854e-02', '1.1894e-02', '4.6407e-02']",
[92mINFO [0m:      	        'per-client-train_loss_mean': "['4.7015e-02', '9.6574e-02', "
[92mINFO [0m:      	                                      "'3.9319e-02']",
[92mINFO [0m:      	        'train_loss': '3.6804e-02',
[92mINFO [0m:      	        'train_loss_mean': '5.1427e-02'},
[92mINFO [0m:      	  17: { 'client-ids': "['0', '1', '2']",
[92mINFO [0m:      	        'per-client-num-examples': "['3200', '1600', '4800']",
[92mINFO [0m:      	        'per-client-train_loss': "['5.5594e-02', '2.9416e-02', '2.3825e-02']",
[92mINFO [0m:      	        'per-client-train_loss_mean': "['4.7509e-02', '9.1477e-02', "
[92mINFO [0m:      	                                      "'3.5947e-02']",
[92mINFO [0m:      	        'train_loss': '3.5346e-02',
[92mINFO [0m:      	        'train_loss_mean': '4.9056e-02'},
[92mINFO [0m:      	  18: { 'client-ids': "['0', '1', '2']",
[92mINFO [0m:      	        'per-client-num-examples': "['3200', '1600', '4800']",
[92mINFO [0m:      	        'per-client-train_loss': "['2.4236e-02', '4.0443e-02', '3.4622e-02']",
[92mINFO [0m:      	        'per-client-train_loss_mean': "['4.7104e-02', '1.0042e-01', "
[92mINFO [0m:      	                                      "'3.4490e-02']",
[92mINFO [0m:      	        'train_loss': '3.2130e-02',
[92mINFO [0m:      	        'train_loss_mean': '4.9683e-02'},
[92mINFO [0m:      	  19: { 'client-ids': "['0', '1', '2']",
[92mINFO [0m:      	        'per-client-num-examples': "['3200', '1600', '4800']",
[92mINFO [0m:      	        'per-client-train_loss': "['3.5640e-02', '3.5102e-02', '4.3540e-02']",
[92mINFO [0m:      	        'per-client-train_loss_mean': "['4.1638e-02', '8.3739e-02', "
[92mINFO [0m:      	                                      "'3.5578e-02']",
[92mINFO [0m:      	        'train_loss': '3.9500e-02',
[92mINFO [0m:      	        'train_loss_mean': '4.5625e-02'},
[92mINFO [0m:      	  20: { 'client-ids': "['0', '1', '2']",
[92mINFO [0m:      	        'per-client-num-examples': "['3200', '1600', '4800']",
[92mINFO [0m:      	        'per-client-train_loss': "['4.2562e-02', '2.6857e-02', '3.7873e-02']",
[92mINFO [0m:      	        'per-client-train_loss_mean': "['4.0409e-02', '8.4595e-02', "
[92mINFO [0m:      	                                      "'3.3439e-02']",
[92mINFO [0m:      	        'train_loss': '3.7600e-02',
[92mINFO [0m:      	        'train_loss_mean': '4.4288e-02'}}
[92mINFO [0m:      	
[92mINFO [0m:      	Aggregated ClientApp-side Evaluate Metrics:
[92mINFO [0m:      	{ 1: { 'client-ids': "['0', '1', '2']",
[92mINFO [0m:      	       'eval_acc': '5.5375e-01',
[92mINFO [0m:      	       'eval_loss': '1.2040e+00',
[92mINFO [0m:      	       'per-client-eval_acc': "['5.4875e-01', '5.5250e-01', '5.5750e-01']",
[92mINFO [0m:      	       'per-client-eval_loss': "['1.2034e+00', '1.2060e+00', '1.2037e+00']",
[92mINFO [0m:      	       'per-client-num-examples': "['800', '400', '1200']"},
[92mINFO [0m:      	  2: { 'client-ids': "['0', '1', '2']",
[92mINFO [0m:      	       'eval_acc': '7.3500e-01',
[92mINFO [0m:      	       'eval_loss': '6.4739e-01',
[92mINFO [0m:      	       'per-client-eval_acc': "['7.1875e-01', '7.0750e-01', '7.5500e-01']",
[92mINFO [0m:      	       'per-client-eval_loss': "['6.7274e-01', '6.6805e-01', '6.2360e-01']",
[92mINFO [0m:      	       'per-client-num-examples': "['800', '400', '1200']"},
[92mINFO [0m:      	  3: { 'client-ids': "['0', '1', '2']",
[92mINFO [0m:      	       'eval_acc': '7.6875e-01',
[92mINFO [0m:      	       'eval_loss': '5.8840e-01',
[92mINFO [0m:      	       'per-client-eval_acc': "['7.4375e-01', '7.6500e-01', '7.8667e-01']",
[92mINFO [0m:      	       'per-client-eval_loss': "['6.2247e-01', '5.9883e-01', '5.6221e-01']",
[92mINFO [0m:      	       'per-client-num-examples': "['800', '400', '1200']"},
[92mINFO [0m:      	  4: { 'client-ids': "['0', '1', '2']",
[92mINFO [0m:      	       'eval_acc': '7.9083e-01',
[92mINFO [0m:      	       'eval_loss': '5.8070e-01',
[92mINFO [0m:      	       'per-client-eval_acc': "['7.7000e-01', '8.0500e-01', '8.0000e-01']",
[92mINFO [0m:      	       'per-client-eval_loss': "['5.9653e-01', '5.7539e-01', '5.7192e-01']",
[92mINFO [0m:      	       'per-client-num-examples': "['800', '400', '1200']"},
[92mINFO [0m:      	  5: { 'client-ids': "['0', '1', '2']",
[92mINFO [0m:      	       'eval_acc': '8.0167e-01',
[92mINFO [0m:      	       'eval_loss': '6.3282e-01',
[92mINFO [0m:      	       'per-client-eval_acc': "['7.9250e-01', '8.1250e-01', '8.0417e-01']",
[92mINFO [0m:      	       'per-client-eval_loss': "['6.5602e-01', '6.2575e-01', '6.1972e-01']",
[92mINFO [0m:      	       'per-client-num-examples': "['800', '400', '1200']"},
[92mINFO [0m:      	  6: { 'client-ids': "['0', '1', '2']",
[92mINFO [0m:      	       'eval_acc': '8.0583e-01',
[92mINFO [0m:      	       'eval_loss': '7.3252e-01',
[92mINFO [0m:      	       'per-client-eval_acc': "['7.9125e-01', '7.9250e-01', '8.2000e-01']",
[92mINFO [0m:      	       'per-client-eval_loss': "['7.5526e-01', '7.5334e-01', '7.1043e-01']",
[92mINFO [0m:      	       'per-client-num-examples': "['800', '400', '1200']"},
[92mINFO [0m:      	  7: { 'client-ids': "['0', '1', '2']",
[92mINFO [0m:      	       'eval_acc': '7.9792e-01',
[92mINFO [0m:      	       'eval_loss': '8.3115e-01',
[92mINFO [0m:      	       'per-client-eval_acc': "['7.9250e-01', '7.8250e-01', '8.0667e-01']",
[92mINFO [0m:      	       'per-client-eval_loss': "['8.7654e-01', '8.0703e-01', '8.0893e-01']",
[92mINFO [0m:      	       'per-client-num-examples': "['800', '400', '1200']"},
[92mINFO [0m:      	  8: { 'client-ids': "['0', '1', '2']",
[92mINFO [0m:      	       'eval_acc': '7.9708e-01',
[92mINFO [0m:      	       'eval_loss': '8.8165e-01',
[92mINFO [0m:      	       'per-client-eval_acc': "['7.9000e-01', '7.8750e-01', '8.0500e-01']",
[92mINFO [0m:      	       'per-client-eval_loss': "['8.9619e-01', '9.1884e-01', '8.5955e-01']",
[92mINFO [0m:      	       'per-client-num-examples': "['800', '400', '1200']"},
[92mINFO [0m:      	  9: { 'client-ids': "['0', '1', '2']",
[92mINFO [0m:      	       'eval_acc': '8.0125e-01',
[92mINFO [0m:      	       'eval_loss': '9.3054e-01',
[92mINFO [0m:      	       'per-client-eval_acc': "['7.8875e-01', '7.8250e-01', '8.1583e-01']",
[92mINFO [0m:      	       'per-client-eval_loss': "['1.0050e+00', '9.4266e-01', '8.7688e-01']",
[92mINFO [0m:      	       'per-client-num-examples': "['800', '400', '1200']"},
[92mINFO [0m:      	  10: { 'client-ids': "['0', '1', '2']",
[92mINFO [0m:      	        'eval_acc': '7.9500e-01',
[92mINFO [0m:      	        'eval_loss': '9.6367e-01',
[92mINFO [0m:      	        'per-client-eval_acc': "['7.8375e-01', '7.6000e-01', '8.1417e-01']",
[92mINFO [0m:      	        'per-client-eval_loss': "['1.0429e+00', '1.0702e+00', '8.7537e-01']",
[92mINFO [0m:      	        'per-client-num-examples': "['800', '400', '1200']"},
[92mINFO [0m:      	  11: { 'client-ids': "['0', '1', '2']",
[92mINFO [0m:      	        'eval_acc': '7.9500e-01',
[92mINFO [0m:      	        'eval_loss': '1.0234e+00',
[92mINFO [0m:      	        'per-client-eval_acc': "['7.9000e-01', '7.8250e-01', '8.0250e-01']",
[92mINFO [0m:      	        'per-client-eval_loss': "['1.0693e+00', '1.0759e+00', '9.7537e-01']",
[92mINFO [0m:      	        'per-client-num-examples': "['800', '400', '1200']"},
[92mINFO [0m:      	  12: { 'client-ids': "['0', '1', '2']",
[92mINFO [0m:      	        'eval_acc': '7.9083e-01',
[92mINFO [0m:      	        'eval_loss': '9.4817e-01',
[92mINFO [0m:      	        'per-client-eval_acc': "['7.7500e-01', '7.8750e-01', '8.0250e-01']",
[92mINFO [0m:      	        'per-client-eval_loss': "['1.0135e+00', '1.0205e+00', '8.8050e-01']",
[92mINFO [0m:      	        'per-client-num-examples': "['800', '400', '1200']"},
[92mINFO [0m:      	  13: { 'client-ids': "['0', '1', '2']",
[92mINFO [0m:      	        'eval_acc': '7.9083e-01',
[92mINFO [0m:      	        'eval_loss': '1.1086e+00',
[92mINFO [0m:      	        'per-client-eval_acc': "['7.7750e-01', '7.6250e-01', '8.0917e-01']",
[92mINFO [0m:      	        'per-client-eval_loss': "['1.2209e+00', '1.1801e+00', '1.0100e+00']",
[92mINFO [0m:      	        'per-client-num-examples': "['800', '400', '1200']"},
[92mINFO [0m:      	  14: { 'client-ids': "['0', '1', '2']",
[92mINFO [0m:      	        'eval_acc': '7.9583e-01',
[92mINFO [0m:      	        'eval_loss': '1.0420e+00',
[92mINFO [0m:      	        'per-client-eval_acc': "['7.8750e-01', '7.6750e-01', '8.1083e-01']",
[92mINFO [0m:      	        'per-client-eval_loss': "['1.1181e+00', '1.0893e+00', '9.7547e-01']",
[92mINFO [0m:      	        'per-client-num-examples': "['800', '400', '1200']"},
[92mINFO [0m:      	  15: { 'client-ids': "['0', '1', '2']",
[92mINFO [0m:      	        'eval_acc': '7.9208e-01',
[92mINFO [0m:      	        'eval_loss': '1.2008e+00',
[92mINFO [0m:      	        'per-client-eval_acc': "['7.8375e-01', '7.7000e-01', '8.0500e-01']",
[92mINFO [0m:      	        'per-client-eval_loss': "['1.2532e+00', '1.2474e+00', '1.1502e+00']",
[92mINFO [0m:      	        'per-client-num-examples': "['800', '400', '1200']"},
[92mINFO [0m:      	  16: { 'client-ids': "['0', '1', '2']",
[92mINFO [0m:      	        'eval_acc': '8.0042e-01',
[92mINFO [0m:      	        'eval_loss': '1.1655e+00',
[92mINFO [0m:      	        'per-client-eval_acc': "['7.8875e-01', '7.9500e-01', '8.1000e-01']",
[92mINFO [0m:      	        'per-client-eval_loss': "['1.2442e+00', '1.2137e+00', '1.0969e+00']",
[92mINFO [0m:      	        'per-client-num-examples': "['800', '400', '1200']"},
[92mINFO [0m:      	  17: { 'client-ids': "['0', '1', '2']",
[92mINFO [0m:      	        'eval_acc': '7.8625e-01',
[92mINFO [0m:      	        'eval_loss': '1.1481e+00',
[92mINFO [0m:      	        'per-client-eval_acc': "['7.7375e-01', '7.6500e-01', '8.0167e-01']",
[92mINFO [0m:      	        'per-client-eval_loss': "['1.2384e+00', '1.2442e+00', '1.0558e+00']",
[92mINFO [0m:      	        'per-client-num-examples': "['800', '400', '1200']"},
[92mINFO [0m:      	  18: { 'client-ids': "['0', '1', '2']",
[92mINFO [0m:      	        'eval_acc': '7.9292e-01',
[92mINFO [0m:      	        'eval_loss': '1.1776e+00',
[92mINFO [0m:      	        'per-client-eval_acc': "['7.7750e-01', '7.7750e-01', '8.0833e-01']",
[92mINFO [0m:      	        'per-client-eval_loss': "['1.3397e+00', '1.1862e+00', '1.0666e+00']",
[92mINFO [0m:      	        'per-client-num-examples': "['800', '400', '1200']"},
[92mINFO [0m:      	  19: { 'client-ids': "['0', '1', '2']",
[92mINFO [0m:      	        'eval_acc': '7.8958e-01',
[92mINFO [0m:      	        'eval_loss': '1.2058e+00',
[92mINFO [0m:      	        'per-client-eval_acc': "['7.6875e-01', '7.7500e-01', '8.0833e-01']",
[92mINFO [0m:      	        'per-client-eval_loss': "['1.3045e+00', '1.1421e+00', '1.1612e+00']",
[92mINFO [0m:      	        'per-client-num-examples': "['800', '400', '1200']"},
[92mINFO [0m:      	  20: { 'client-ids': "['0', '1', '2']",
[92mINFO [0m:      	        'eval_acc': '7.8792e-01',
[92mINFO [0m:      	        'eval_loss': '1.2046e+00',
[92mINFO [0m:      	        'per-client-eval_acc': "['7.7250e-01', '7.7500e-01', '8.0250e-01']",
[92mINFO [0m:      	        'per-client-eval_loss': "['1.2989e+00', '1.2339e+00', '1.1320e+00']",
[92mINFO [0m:      	        'per-client-num-examples': "['800', '400', '1200']"}}
[92mINFO [0m:      	
[92mINFO [0m:      	ServerApp-side Evaluate Metrics:
[92mINFO [0m:      	{ 0: { 'accuracy': '2.5000e-01',
[92mINFO [0m:      	       'auc': '4.8709e-01',
[92mINFO [0m:      	       'f1': '1.0000e-01',
[92mINFO [0m:      	       'loss': '1.3893e+00',
[92mINFO [0m:      	       'precision': '6.2500e-02'},
[92mINFO [0m:      	  1: { 'accuracy': '5.5350e-01',
[92mINFO [0m:      	       'auc': '8.0579e-01',
[92mINFO [0m:      	       'f1': '5.4481e-01',
[92mINFO [0m:      	       'loss': '1.1957e+00',
[92mINFO [0m:      	       'precision': '6.5175e-01'},
[92mINFO [0m:      	  2: { 'accuracy': '7.5200e-01',
[92mINFO [0m:      	       'auc': '9.3559e-01',
[92mINFO [0m:      	       'f1': '7.5199e-01',
[92mINFO [0m:      	       'loss': '6.0703e-01',
[92mINFO [0m:      	       'precision': '7.5414e-01'},
[92mINFO [0m:      	  3: { 'accuracy': '7.7600e-01',
[92mINFO [0m:      	       'auc': '9.4613e-01',
[92mINFO [0m:      	       'f1': '7.7655e-01',
[92mINFO [0m:      	       'loss': '5.5966e-01',
[92mINFO [0m:      	       'precision': '7.8002e-01'},
[92mINFO [0m:      	  4: { 'accuracy': '7.8700e-01',
[92mINFO [0m:      	       'auc': '9.4672e-01',
[92mINFO [0m:      	       'f1': '7.8811e-01',
[92mINFO [0m:      	       'loss': '5.8583e-01',
[92mINFO [0m:      	       'precision': '7.9285e-01'},
[92mINFO [0m:      	  5: { 'accuracy': '8.0200e-01',
[92mINFO [0m:      	       'auc': '9.5094e-01',
[92mINFO [0m:      	       'f1': '8.0233e-01',
[92mINFO [0m:      	       'loss': '6.4828e-01',
[92mINFO [0m:      	       'precision': '8.0300e-01'},
[92mINFO [0m:      	  6: { 'accuracy': '8.0400e-01',
[92mINFO [0m:      	       'auc': '9.5025e-01',
[92mINFO [0m:      	       'f1': '8.0425e-01',
[92mINFO [0m:      	       'loss': '7.7631e-01',
[92mINFO [0m:      	       'precision': '8.0618e-01'},
[92mINFO [0m:      	  7: { 'accuracy': '7.9850e-01',
[92mINFO [0m:      	       'auc': '9.4915e-01',
[92mINFO [0m:      	       'f1': '7.9840e-01',
[92mINFO [0m:      	       'loss': '8.6967e-01',
[92mINFO [0m:      	       'precision': '8.0090e-01'},
[92mINFO [0m:      	  8: { 'accuracy': '8.0550e-01',
[92mINFO [0m:      	       'auc': '9.4702e-01',
[92mINFO [0m:      	       'f1': '8.0561e-01',
[92mINFO [0m:      	       'loss': '9.2090e-01',
[92mINFO [0m:      	       'precision': '8.0628e-01'},
[92mINFO [0m:      	  9: { 'accuracy': '8.0150e-01',
[92mINFO [0m:      	       'auc': '9.4625e-01',
[92mINFO [0m:      	       'f1': '8.0196e-01',
[92mINFO [0m:      	       'loss': '1.0092e+00',
[92mINFO [0m:      	       'precision': '8.0293e-01'},
[92mINFO [0m:      	  10: { 'accuracy': '7.9150e-01',
[92mINFO [0m:      	        'auc': '9.4424e-01',
[92mINFO [0m:      	        'f1': '7.9080e-01',
[92mINFO [0m:      	        'loss': '1.0048e+00',
[92mINFO [0m:      	        'precision': '7.9202e-01'},
[92mINFO [0m:      	  11: { 'accuracy': '8.0550e-01',
[92mINFO [0m:      	        'auc': '9.4387e-01',
[92mINFO [0m:      	        'f1': '8.0505e-01',
[92mINFO [0m:      	        'loss': '1.1187e+00',
[92mINFO [0m:      	        'precision': '8.0670e-01'},
[92mINFO [0m:      	  12: { 'accuracy': '7.9450e-01',
[92mINFO [0m:      	        'auc': '9.4136e-01',
[92mINFO [0m:      	        'f1': '7.9429e-01',
[92mINFO [0m:      	        'loss': '1.0480e+00',
[92mINFO [0m:      	        'precision': '7.9567e-01'},
[92mINFO [0m:      	  13: { 'accuracy': '8.0250e-01',
[92mINFO [0m:      	        'auc': '9.4474e-01',
[92mINFO [0m:      	        'f1': '8.0128e-01',
[92mINFO [0m:      	        'loss': '1.1629e+00',
[92mINFO [0m:      	        'precision': '8.0143e-01'},
[92mINFO [0m:      	  14: { 'accuracy': '8.0150e-01',
[92mINFO [0m:      	        'auc': '9.4088e-01',
[92mINFO [0m:      	        'f1': '8.0134e-01',
[92mINFO [0m:      	        'loss': '1.1183e+00',
[92mINFO [0m:      	        'precision': '8.0143e-01'},
[92mINFO [0m:      	  15: { 'accuracy': '8.0100e-01',
[92mINFO [0m:      	        'auc': '9.4388e-01',
[92mINFO [0m:      	        'f1': '7.9968e-01',
[92mINFO [0m:      	        'loss': '1.2482e+00',
[92mINFO [0m:      	        'precision': '7.9927e-01'},
[92mINFO [0m:      	  16: { 'accuracy': '8.0250e-01',
[92mINFO [0m:      	        'auc': '9.4649e-01',
[92mINFO [0m:      	        'f1': '8.0214e-01',
[92mINFO [0m:      	        'loss': '1.2363e+00',
[92mINFO [0m:      	        'precision': '8.0227e-01'},
[92mINFO [0m:      	  17: { 'accuracy': '7.9100e-01',
[92mINFO [0m:      	        'auc': '9.3876e-01',
[92mINFO [0m:      	        'f1': '7.9082e-01',
[92mINFO [0m:      	        'loss': '1.3101e+00',
[92mINFO [0m:      	        'precision': '7.9172e-01'},
[92mINFO [0m:      	  18: { 'accuracy': '7.9500e-01',
[92mINFO [0m:      	        'auc': '9.4250e-01',
[92mINFO [0m:      	        'f1': '7.9534e-01',
[92mINFO [0m:      	        'loss': '1.3013e+00',
[92mINFO [0m:      	        'precision': '7.9906e-01'},
[92mINFO [0m:      	  19: { 'accuracy': '8.0200e-01',
[92mINFO [0m:      	        'auc': '9.4268e-01',
[92mINFO [0m:      	        'f1': '8.0149e-01',
[92mINFO [0m:      	        'loss': '1.3187e+00',
[92mINFO [0m:      	        'precision': '8.0146e-01'},
[92mINFO [0m:      	  20: { 'accuracy': '8.0100e-01',
[92mINFO [0m:      	        'auc': '9.4484e-01',
[92mINFO [0m:      	        'f1': '8.0003e-01',
[92mINFO [0m:      	        'loss': '1.2921e+00',
[92mINFO [0m:      	        'precision': '7.9984e-01'}}
[92mINFO [0m:      
Round 1 checkpoint written to /content/metricdp-pytorch/results/planned_runs/cifar/full/in-replace/clients-3/seed-44/vanilla/runs/cifar-full-in-replace__non-iid__vanilla__fedavg__clients-3__seed-44__nm0p01__clip5__rounds-20__epochs-5__cifar_chunks__cifar10_cnn.round-1.pt
Round 2 checkpoint written to /content/metricdp-pytorch/results/planned_runs/cifar/full/in-replace/clients-3/seed-44/vanilla/runs/cifar-full-in-replace__non-iid__vanilla__fedavg__clients-3__seed-44__nm0p01__clip5__rounds-20__epochs-5__cifar_chunks__cifar10_cnn.round-2.pt
Round 3 checkpoint written to /content/metricdp-pytorch/results/planned_runs/cifar/full/in-replace/clients-3/seed-44/vanilla/runs/cifar-full-in-replace__non-iid__vanilla__fedavg__clients-3__seed-44__nm0p01__clip5__rounds-20__epochs-5__cifar_chunks__cifar10_cnn.round-3.pt
Round 4 checkpoint written to /content/metricdp-pytorch/results/planned_runs/cifar/full/in-replace/clients-3/seed-44/vanilla/runs/cifar-full-in-replace__non-iid__vanilla__fedavg__clients-3__seed-44__nm0p01__clip5__rounds-20__epochs-5__cifar_chunks__cifar10_cnn.round-4.pt
Round 5 checkpoint written to /content/metricdp-pytorch/results/planned_runs/cifar/full/in-replace/clients-3/seed-44/vanilla/runs/cifar-full-in-replace__non-iid__vanilla__fedavg__clients-3__seed-44__nm0p01__clip5__rounds-20__epochs-5__cifar_chunks__cifar10_cnn.round-5.pt
Round 6 checkpoint written to /content/metricdp-pytorch/results/planned_runs/cifar/full/in-replace/clients-3/seed-44/vanilla/runs/cifar-full-in-replace__non-iid__vanilla__fedavg__clients-3__seed-44__nm0p01__clip5__rounds-20__epochs-5__cifar_chunks__cifar10_cnn.round-6.pt
Round 7 checkpoint written to /content/metricdp-pytorch/results/planned_runs/cifar/full/in-replace/clients-3/seed-44/vanilla/runs/cifar-full-in-replace__non-iid__vanilla__fedavg__clients-3__seed-44__nm0p01__clip5__rounds-20__epochs-5__cifar_chunks__cifar10_cnn.round-7.pt
Round 8 checkpoint written to /content/metricdp-pytorch/results/planned_runs/cifar/full/in-replace/clients-3/seed-44/vanilla/runs/cifar-full-in-replace__non-iid__vanilla__fedavg__clients-3__seed-44__nm0p01__clip5__rounds-20__epochs-5__cifar_chunks__cifar10_cnn.round-8.pt
Round 9 checkpoint written to /content/metricdp-pytorch/results/planned_runs/cifar/full/in-replace/clients-3/seed-44/vanilla/runs/cifar-full-in-replace__non-iid__vanilla__fedavg__clients-3__seed-44__nm0p01__clip5__rounds-20__epochs-5__cifar_chunks__cifar10_cnn.round-9.pt
Round 10 checkpoint written to /content/metricdp-pytorch/results/planned_runs/cifar/full/in-replace/clients-3/seed-44/vanilla/runs/cifar-full-in-replace__non-iid__vanilla__fedavg__clients-3__seed-44__nm0p01__clip5__rounds-20__epochs-5__cifar_chunks__cifar10_cnn.round-10.pt
Round 11 checkpoint written to /content/metricdp-pytorch/results/planned_runs/cifar/full/in-replace/clients-3/seed-44/vanilla/runs/cifar-full-in-replace__non-iid__vanilla__fedavg__clients-3__seed-44__nm0p01__clip5__rounds-20__epochs-5__cifar_chunks__cifar10_cnn.round-11.pt
Round 12 checkpoint written to /content/metricdp-pytorch/results/planned_runs/cifar/full/in-replace/clients-3/seed-44/vanilla/runs/cifar-full-in-replace__non-iid__vanilla__fedavg__clients-3__seed-44__nm0p01__clip5__rounds-20__epochs-5__cifar_chunks__cifar10_cnn.round-12.pt
Round 13 checkpoint written to /content/metricdp-pytorch/results/planned_runs/cifar/full/in-replace/clients-3/seed-44/vanilla/runs/cifar-full-in-replace__non-iid__vanilla__fedavg__clients-3__seed-44__nm0p01__clip5__rounds-20__epochs-5__cifar_chunks__cifar10_cnn.round-13.pt
Round 14 checkpoint written to /content/metricdp-pytorch/results/planned_runs/cifar/full/in-replace/clients-3/seed-44/vanilla/runs/cifar-full-in-replace__non-iid__vanilla__fedavg__clients-3__seed-44__nm0p01__clip5__rounds-20__epochs-5__cifar_chunks__cifar10_cnn.round-14.pt
Round 15 checkpoint written to /content/metricdp-pytorch/results/planned_runs/cifar/full/in-replace/clients-3/seed-44/vanilla/runs/cifar-full-in-replace__non-iid__vanilla__fedavg__clients-3__seed-44__nm0p01__clip5__rounds-20__epochs-5__cifar_chunks__cifar10_cnn.round-15.pt
Round 16 checkpoint written to /content/metricdp-pytorch/results/planned_runs/cifar/full/in-replace/clients-3/seed-44/vanilla/runs/cifar-full-in-replace__non-iid__vanilla__fedavg__clients-3__seed-44__nm0p01__clip5__rounds-20__epochs-5__cifar_chunks__cifar10_cnn.round-16.pt
Round 17 checkpoint written to /content/metricdp-pytorch/results/planned_runs/cifar/full/in-replace/clients-3/seed-44/vanilla/runs/cifar-full-in-replace__non-iid__vanilla__fedavg__clients-3__seed-44__nm0p01__clip5__rounds-20__epochs-5__cifar_chunks__cifar10_cnn.round-17.pt
Round 18 checkpoint written to /content/metricdp-pytorch/results/planned_runs/cifar/full/in-replace/clients-3/seed-44/vanilla/runs/cifar-full-in-replace__non-iid__vanilla__fedavg__clients-3__seed-44__nm0p01__clip5__rounds-20__epochs-5__cifar_chunks__cifar10_cnn.round-18.pt
Round 19 checkpoint written to /content/metricdp-pytorch/results/planned_runs/cifar/full/in-replace/clients-3/seed-44/vanilla/runs/cifar-full-in-replace__non-iid__vanilla__fedavg__clients-3__seed-44__nm0p01__clip5__rounds-20__epochs-5__cifar_chunks__cifar10_cnn.round-19.pt
Round 20 checkpoint written to /content/metricdp-pytorch/results/planned_runs/cifar/full/in-replace/clients-3/seed-44/vanilla/runs/cifar-full-in-replace__non-iid__vanilla__fedavg__clients-3__seed-44__nm0p01__clip5__rounds-20__epochs-5__cifar_chunks__cifar10_cnn.round-20.pt
Experiment result written to /content/metricdp-pytorch/results/planned_runs/cifar/full/in-replace/clients-3/seed-44/vanilla/runs/cifar-full-in-replace__non-iid__vanilla__fedavg__clients-3__seed-44__nm0p01__clip5__rounds-20__epochs-5__cifar_chunks__cifar10_cnn.json
/usr/lib/python3.12/multiprocessing/popen_fork.py:66: DeprecationWarning: This process (pid=2714) is multi-threaded, use of fork() may lead to deadlocks in the child.
  self.pid = os.fork()
[36m(ClientAppActor pid=3295)[0m /usr/lib/python3.12/multiprocessing/popen_fork.py:66: DeprecationWarning: This process (pid=3295) is multi-threaded, use of fork() may lead to deadlocks in the child.[32m [repeated 2x across cluster][0m
[36m(ClientAppActor pid=3295)[0m   self.pid = os.fork()[32m [repeated 2x across cluster][0m
Detailed evaluation written to /content/metricdp-pytorch/results/planned_runs/cifar/full/in-replace/clients-3/seed-44/vanilla/runs/cifar-full-in-replace__non-iid__vanilla__fedavg__clients-3__seed-44__nm0p01__clip5__rounds-20__epochs-5__cifar_chunks__cifar10_cnn.evaluation.json and /content/metricdp-pytorch/results/planned_runs/cifar/full/in-replace/clients-3/seed-44/vanilla/runs/cifar-full-in-replace__non-iid__vanilla__fedavg__clients-3__seed-44__nm0p01__clip5__rounds-20__epochs-5__cifar_chunks__cifar10_cnn.predictions.npz
Result: /content/metricdp-pytorch/results/planned_runs/cifar/full/in-replace/clients-3/seed-44/vanilla/runs/cifar-full-in-replace__non-iid__vanilla__fedavg__clients-3__seed-44__nm0p01__clip5__rounds-20__epochs-5__cifar_chunks__cifar10_cnn.json
Final server metrics: {'loss': 1.2920930728912354, 'accuracy': 0.801, 'f1': 0.8000302186774157, 'precision': 0.7998433243283498, 'auc': 0.9448351249999999}
2026-08-05 14:33:01 DONE  cifar-full-in-replace__non-iid__vanilla__fedavg__clients-3__seed-44__nm0p01__clip5__rounds-20__epochs-5__cifar_chunks__cifar10_cnn (245.6s)
Warning: You are sending unauthenticated requests to the HF Hub. Please set a HF_TOKEN to enable higher rate limits and faster downloads.
2026-08-05 14:33:09 EVALUATED cifar-full-in-replace__non-iid__vanilla__fedavg__clients-3__seed-44__nm0p01__clip5__rounds-20__epochs-5__cifar_chunks__cifar10_cnn round=1 (checkpoint deleted)
2026-08-05 14:33:15 EVALUATED cifar-full-in-replace__non-iid__vanilla__fedavg__clients-3__seed-44__nm0p01__clip5__rounds-20__epochs-5__cifar_chunks__cifar10_cnn round=2 (checkpoint deleted)
2026-08-05 14:33:21 EVALUATED cifar-full-in-replace__non-iid__vanilla__fedavg__clients-3__seed-44__nm0p01__clip5__rounds-20__epochs-5__cifar_chunks__cifar10_cnn round=3 (checkpoint deleted)
2026-08-05 14:33:26 EVALUATED cifar-full-in-replace__non-iid__vanilla__fedavg__clients-3__seed-44__nm0p01__clip5__rounds-20__epochs-5__cifar_chunks__cifar10_cnn round=4 (checkpoint deleted)
2026-08-05 14:33:32 EVALUATED cifar-full-in-replace__non-iid__vanilla__fedavg__clients-3__seed-44__nm0p01__clip5__rounds-20__epochs-5__cifar_chunks__cifar10_cnn round=5 (checkpoint deleted)
2026-08-05 14:33:37 EVALUATED cifar-full-in-replace__non-iid__vanilla__fedavg__clients-3__seed-44__nm0p01__clip5__rounds-20__epochs-5__cifar_chunks__cifar10_cnn round=6 (checkpoint deleted)
2026-08-05 14:33:43 EVALUATED cifar-full-in-replace__non-iid__vanilla__fedavg__clients-3__seed-44__nm0p01__clip5__rounds-20__epochs-5__cifar_chunks__cifar10_cnn round=7 (checkpoint deleted)
2026-08-05 14:33:48 EVALUATED cifar-full-in-replace__non-iid__vanilla__fedavg__clients-3__seed-44__nm0p01__clip5__rounds-20__epochs-5__cifar_chunks__cifar10_cnn round=8 (checkpoint deleted)
2026-08-05 14:33:54 EVALUATED cifar-full-in-replace__non-iid__vanilla__fedavg__clients-3__seed-44__nm0p01__clip5__rounds-20__epochs-5__cifar_chunks__cifar10_cnn round=9 (checkpoint deleted)
2026-08-05 14:33:59 EVALUATED cifar-full-in-replace__non-iid__vanilla__fedavg__clients-3__seed-44__nm0p01__clip5__rounds-20__epochs-5__cifar_chunks__cifar10_cnn round=10 (checkpoint deleted)
2026-08-05 14:34:05 EVALUATED cifar-full-in-replace__non-iid__vanilla__fedavg__clients-3__seed-44__nm0p01__clip5__rounds-20__epochs-5__cifar_chunks__cifar10_cnn round=11 (checkpoint deleted)
2026-08-05 14:34:11 EVALUATED cifar-full-in-replace__non-iid__vanilla__fedavg__clients-3__seed-44__nm0p01__clip5__rounds-20__epochs-5__cifar_chunks__cifar10_cnn round=12 (checkpoint deleted)
2026-08-05 14:34:16 EVALUATED cifar-full-in-replace__non-iid__vanilla__fedavg__clients-3__seed-44__nm0p01__clip5__rounds-20__epochs-5__cifar_chunks__cifar10_cnn round=13 (checkpoint deleted)
2026-08-05 14:34:22 EVALUATED cifar-full-in-replace__non-iid__vanilla__fedavg__clients-3__seed-44__nm0p01__clip5__rounds-20__epochs-5__cifar_chunks__cifar10_cnn round=14 (checkpoint deleted)
2026-08-05 14:34:27 EVALUATED cifar-full-in-replace__non-iid__vanilla__fedavg__clients-3__seed-44__nm0p01__clip5__rounds-20__epochs-5__cifar_chunks__cifar10_cnn round=15 (checkpoint deleted)
2026-08-05 14:34:33 EVALUATED cifar-full-in-replace__non-iid__vanilla__fedavg__clients-3__seed-44__nm0p01__clip5__rounds-20__epochs-5__cifar_chunks__cifar10_cnn round=16 (checkpoint deleted)
2026-08-05 14:34:38 EVALUATED cifar-full-in-replace__non-iid__vanilla__fedavg__clients-3__seed-44__nm0p01__clip5__rounds-20__epochs-5__cifar_chunks__cifar10_cnn round=17 (checkpoint deleted)
2026-08-05 14:34:44 EVALUATED cifar-full-in-replace__non-iid__vanilla__fedavg__clients-3__seed-44__nm0p01__clip5__rounds-20__epochs-5__cifar_chunks__cifar10_cnn round=18 (checkpoint deleted)
2026-08-05 14:34:49 EVALUATED cifar-full-in-replace__non-iid__vanilla__fedavg__clients-3__seed-44__nm0p01__clip5__rounds-20__epochs-5__cifar_chunks__cifar10_cnn round=19 (checkpoint deleted)
2026-08-05 14:34:55 EVALUATED cifar-full-in-replace__non-iid__vanilla__fedavg__clients-3__seed-44__nm0p01__clip5__rounds-20__epochs-5__cifar_chunks__cifar10_cnn round=20 (checkpoint deleted)
2026-08-05 14:34:55 PROGRESS 1/1 (0 failed so far)
2026-08-05 14:34:55 Sweep finished: 1/1 attempted, 0 failed
