2026-08-05 17:40:10 Starting full chunk: 2 trajectories
2026-08-05 17:40:10 START cifar-full-out-replace__non-iid__global-dp__fedavg__clients-8__seed-42__nm0p02__clip5__rounds-20__epochs-5__cifar_chunks__cifar10_cnn 
2026-08-05 17:44:50 DONE  cifar-full-out-replace__non-iid__global-dp__fedavg__clients-8__seed-42__nm0p02__clip5__rounds-20__epochs-5__cifar_chunks__cifar10_cnn (280.0s)
2026-08-05 17:44:56 EVALUATED cifar-full-out-replace__non-iid__global-dp__fedavg__clients-8__seed-42__nm0p02__clip5__rounds-20__epochs-5__cifar_chunks__cifar10_cnn round=1 (checkpoint deleted)
2026-08-05 17:45:01 EVALUATED cifar-full-out-replace__non-iid__global-dp__fedavg__clients-8__seed-42__nm0p02__clip5__rounds-20__epochs-5__cifar_chunks__cifar10_cnn round=2 (checkpoint deleted)
2026-08-05 17:45:05 EVALUATED cifar-full-out-replace__non-iid__global-dp__fedavg__clients-8__seed-42__nm0p02__clip5__rounds-20__epochs-5__cifar_chunks__cifar10_cnn round=3 (checkpoint deleted)
2026-08-05 17:45:10 EVALUATED cifar-full-out-replace__non-iid__global-dp__fedavg__clients-8__seed-42__nm0p02__clip5__rounds-20__epochs-5__cifar_chunks__cifar10_cnn round=4 (checkpoint deleted)
2026-08-05 17:45:14 EVALUATED cifar-full-out-replace__non-iid__global-dp__fedavg__clients-8__seed-42__nm0p02__clip5__rounds-20__epochs-5__cifar_chunks__cifar10_cnn round=5 (checkpoint deleted)
2026-08-05 17:45:19 EVALUATED cifar-full-out-replace__non-iid__global-dp__fedavg__clients-8__seed-42__nm0p02__clip5__rounds-20__epochs-5__cifar_chunks__cifar10_cnn round=6 (checkpoint deleted)
2026-08-05 17:45:23 EVALUATED cifar-full-out-replace__non-iid__global-dp__fedavg__clients-8__seed-42__nm0p02__clip5__rounds-20__epochs-5__cifar_chunks__cifar10_cnn round=7 (checkpoint deleted)
2026-08-05 17:45:28 EVALUATED cifar-full-out-replace__non-iid__global-dp__fedavg__clients-8__seed-42__nm0p02__clip5__rounds-20__epochs-5__cifar_chunks__cifar10_cnn round=8 (checkpoint deleted)
2026-08-05 17:45:32 EVALUATED cifar-full-out-replace__non-iid__global-dp__fedavg__clients-8__seed-42__nm0p02__clip5__rounds-20__epochs-5__cifar_chunks__cifar10_cnn round=9 (checkpoint deleted)
2026-08-05 17:45:37 EVALUATED cifar-full-out-replace__non-iid__global-dp__fedavg__clients-8__seed-42__nm0p02__clip5__rounds-20__epochs-5__cifar_chunks__cifar10_cnn round=10 (checkpoint deleted)
2026-08-05 17:45:41 EVALUATED cifar-full-out-replace__non-iid__global-dp__fedavg__clients-8__seed-42__nm0p02__clip5__rounds-20__epochs-5__cifar_chunks__cifar10_cnn round=11 (checkpoint deleted)
2026-08-05 17:45:46 EVALUATED cifar-full-out-replace__non-iid__global-dp__fedavg__clients-8__seed-42__nm0p02__clip5__rounds-20__epochs-5__cifar_chunks__cifar10_cnn round=12 (checkpoint deleted)
2026-08-05 17:45:50 EVALUATED cifar-full-out-replace__non-iid__global-dp__fedavg__clients-8__seed-42__nm0p02__clip5__rounds-20__epochs-5__cifar_chunks__cifar10_cnn round=13 (checkpoint deleted)
2026-08-05 17:45:55 EVALUATED cifar-full-out-replace__non-iid__global-dp__fedavg__clients-8__seed-42__nm0p02__clip5__rounds-20__epochs-5__cifar_chunks__cifar10_cnn round=14 (checkpoint deleted)
2026-08-05 17:45:59 EVALUATED cifar-full-out-replace__non-iid__global-dp__fedavg__clients-8__seed-42__nm0p02__clip5__rounds-20__epochs-5__cifar_chunks__cifar10_cnn round=15 (checkpoint deleted)
2026-08-05 17:46:04 EVALUATED cifar-full-out-replace__non-iid__global-dp__fedavg__clients-8__seed-42__nm0p02__clip5__rounds-20__epochs-5__cifar_chunks__cifar10_cnn round=16 (checkpoint deleted)
2026-08-05 17:46:08 EVALUATED cifar-full-out-replace__non-iid__global-dp__fedavg__clients-8__seed-42__nm0p02__clip5__rounds-20__epochs-5__cifar_chunks__cifar10_cnn round=17 (checkpoint deleted)
2026-08-05 17:46:13 EVALUATED cifar-full-out-replace__non-iid__global-dp__fedavg__clients-8__seed-42__nm0p02__clip5__rounds-20__epochs-5__cifar_chunks__cifar10_cnn round=18 (checkpoint deleted)
2026-08-05 17:46:17 EVALUATED cifar-full-out-replace__non-iid__global-dp__fedavg__clients-8__seed-42__nm0p02__clip5__rounds-20__epochs-5__cifar_chunks__cifar10_cnn round=19 (checkpoint deleted)
2026-08-05 17:46:22 EVALUATED cifar-full-out-replace__non-iid__global-dp__fedavg__clients-8__seed-42__nm0p02__clip5__rounds-20__epochs-5__cifar_chunks__cifar10_cnn round=20 (checkpoint deleted)
2026-08-05 17:46:22 PROGRESS 1/2 (0 failed so far)
2026-08-05 17:46:22 START cifar-full-out-replace__non-iid__metric-privacy__fedavg__clients-8__seed-42__nm0p02__clip5__rounds-20__epochs-5__cifar_chunks__cifar10_cnn 
2026-08-05 17:51:01 DONE  cifar-full-out-replace__non-iid__metric-privacy__fedavg__clients-8__seed-42__nm0p02__clip5__rounds-20__epochs-5__cifar_chunks__cifar10_cnn (279.5s)
2026-08-05 17:51:06 EVALUATED cifar-full-out-replace__non-iid__metric-privacy__fedavg__clients-8__seed-42__nm0p02__clip5__rounds-20__epochs-5__cifar_chunks__cifar10_cnn round=1 (checkpoint deleted)
2026-08-05 17:51:10 EVALUATED cifar-full-out-replace__non-iid__metric-privacy__fedavg__clients-8__seed-42__nm0p02__clip5__rounds-20__epochs-5__cifar_chunks__cifar10_cnn round=2 (checkpoint deleted)
2026-08-05 17:51:15 EVALUATED cifar-full-out-replace__non-iid__metric-privacy__fedavg__clients-8__seed-42__nm0p02__clip5__rounds-20__epochs-5__cifar_chunks__cifar10_cnn round=3 (checkpoint deleted)
2026-08-05 17:51:19 EVALUATED cifar-full-out-replace__non-iid__metric-privacy__fedavg__clients-8__seed-42__nm0p02__clip5__rounds-20__epochs-5__cifar_chunks__cifar10_cnn round=4 (checkpoint deleted)
2026-08-05 17:51:24 EVALUATED cifar-full-out-replace__non-iid__metric-privacy__fedavg__clients-8__seed-42__nm0p02__clip5__rounds-20__epochs-5__cifar_chunks__cifar10_cnn round=5 (checkpoint deleted)
2026-08-05 17:51:28 EVALUATED cifar-full-out-replace__non-iid__metric-privacy__fedavg__clients-8__seed-42__nm0p02__clip5__rounds-20__epochs-5__cifar_chunks__cifar10_cnn round=6 (checkpoint deleted)
2026-08-05 17:51:33 EVALUATED cifar-full-out-replace__non-iid__metric-privacy__fedavg__clients-8__seed-42__nm0p02__clip5__rounds-20__epochs-5__cifar_chunks__cifar10_cnn round=7 (checkpoint deleted)
2026-08-05 17:51:37 EVALUATED cifar-full-out-replace__non-iid__metric-privacy__fedavg__clients-8__seed-42__nm0p02__clip5__rounds-20__epochs-5__cifar_chunks__cifar10_cnn round=8 (checkpoint deleted)
2026-08-05 17:51:42 EVALUATED cifar-full-out-replace__non-iid__metric-privacy__fedavg__clients-8__seed-42__nm0p02__clip5__rounds-20__epochs-5__cifar_chunks__cifar10_cnn round=9 (checkpoint deleted)
2026-08-05 17:51:46 EVALUATED cifar-full-out-replace__non-iid__metric-privacy__fedavg__clients-8__seed-42__nm0p02__clip5__rounds-20__epochs-5__cifar_chunks__cifar10_cnn round=10 (checkpoint deleted)
2026-08-05 17:51:51 EVALUATED cifar-full-out-replace__non-iid__metric-privacy__fedavg__clients-8__seed-42__nm0p02__clip5__rounds-20__epochs-5__cifar_chunks__cifar10_cnn round=11 (checkpoint deleted)
2026-08-05 17:51:55 EVALUATED cifar-full-out-replace__non-iid__metric-privacy__fedavg__clients-8__seed-42__nm0p02__clip5__rounds-20__epochs-5__cifar_chunks__cifar10_cnn round=12 (checkpoint deleted)
2026-08-05 17:51:59 EVALUATED cifar-full-out-replace__non-iid__metric-privacy__fedavg__clients-8__seed-42__nm0p02__clip5__rounds-20__epochs-5__cifar_chunks__cifar10_cnn round=13 (checkpoint deleted)
2026-08-05 17:52:04 EVALUATED cifar-full-out-replace__non-iid__metric-privacy__fedavg__clients-8__seed-42__nm0p02__clip5__rounds-20__epochs-5__cifar_chunks__cifar10_cnn round=14 (checkpoint deleted)
2026-08-05 17:52:08 EVALUATED cifar-full-out-replace__non-iid__metric-privacy__fedavg__clients-8__seed-42__nm0p02__clip5__rounds-20__epochs-5__cifar_chunks__cifar10_cnn round=15 (checkpoint deleted)
2026-08-05 17:52:13 EVALUATED cifar-full-out-replace__non-iid__metric-privacy__fedavg__clients-8__seed-42__nm0p02__clip5__rounds-20__epochs-5__cifar_chunks__cifar10_cnn round=16 (checkpoint deleted)
2026-08-05 17:52:17 EVALUATED cifar-full-out-replace__non-iid__metric-privacy__fedavg__clients-8__seed-42__nm0p02__clip5__rounds-20__epochs-5__cifar_chunks__cifar10_cnn round=17 (checkpoint deleted)
2026-08-05 17:52:22 EVALUATED cifar-full-out-replace__non-iid__metric-privacy__fedavg__clients-8__seed-42__nm0p02__clip5__rounds-20__epochs-5__cifar_chunks__cifar10_cnn round=18 (checkpoint deleted)
2026-08-05 17:52:26 EVALUATED cifar-full-out-replace__non-iid__metric-privacy__fedavg__clients-8__seed-42__nm0p02__clip5__rounds-20__epochs-5__cifar_chunks__cifar10_cnn round=19 (checkpoint deleted)
2026-08-05 17:52:31 EVALUATED cifar-full-out-replace__non-iid__metric-privacy__fedavg__clients-8__seed-42__nm0p02__clip5__rounds-20__epochs-5__cifar_chunks__cifar10_cnn round=20 (checkpoint deleted)
2026-08-05 17:52:31 PROGRESS 2/2 (0 failed so far)
2026-08-05 17:52:31 Sweep finished: 2/2 attempted, 0 failed
