2026-08-20 02:30:12 CIFAR-10 removal CIA chunk (global-dp, clients=8, alpha=0.1, noise_ratio=0.0025): 2 trajectories
2026-08-20 02:30:12 START cifar10-in-remove__dirichlet__alpha-0p1__global-dp__fedavg__clients-8__seed-42__nm0p02__clip5__rounds-20__epochs-5__cifar10_dirichlet__cifar10_cnn 
2026-08-20 02:43:01 DONE  cifar10-in-remove__dirichlet__alpha-0p1__global-dp__fedavg__clients-8__seed-42__nm0p02__clip5__rounds-20__epochs-5__cifar10_dirichlet__cifar10_cnn (768.8s)
2026-08-20 02:43:10 EVALUATED cifar10-in-remove__dirichlet__alpha-0p1__global-dp__fedavg__clients-8__seed-42__nm0p02__clip5__rounds-20__epochs-5__cifar10_dirichlet__cifar10_cnn round=1 (checkpoint deleted)
2026-08-20 02:43:17 EVALUATED cifar10-in-remove__dirichlet__alpha-0p1__global-dp__fedavg__clients-8__seed-42__nm0p02__clip5__rounds-20__epochs-5__cifar10_dirichlet__cifar10_cnn round=2 (checkpoint deleted)
2026-08-20 02:43:23 EVALUATED cifar10-in-remove__dirichlet__alpha-0p1__global-dp__fedavg__clients-8__seed-42__nm0p02__clip5__rounds-20__epochs-5__cifar10_dirichlet__cifar10_cnn round=3 (checkpoint deleted)
2026-08-20 02:43:29 EVALUATED cifar10-in-remove__dirichlet__alpha-0p1__global-dp__fedavg__clients-8__seed-42__nm0p02__clip5__rounds-20__epochs-5__cifar10_dirichlet__cifar10_cnn round=4 (checkpoint deleted)
2026-08-20 02:43:36 EVALUATED cifar10-in-remove__dirichlet__alpha-0p1__global-dp__fedavg__clients-8__seed-42__nm0p02__clip5__rounds-20__epochs-5__cifar10_dirichlet__cifar10_cnn round=5 (checkpoint deleted)
2026-08-20 02:43:42 EVALUATED cifar10-in-remove__dirichlet__alpha-0p1__global-dp__fedavg__clients-8__seed-42__nm0p02__clip5__rounds-20__epochs-5__cifar10_dirichlet__cifar10_cnn round=6 (checkpoint deleted)
2026-08-20 02:43:48 EVALUATED cifar10-in-remove__dirichlet__alpha-0p1__global-dp__fedavg__clients-8__seed-42__nm0p02__clip5__rounds-20__epochs-5__cifar10_dirichlet__cifar10_cnn round=7 (checkpoint deleted)
2026-08-20 02:43:55 EVALUATED cifar10-in-remove__dirichlet__alpha-0p1__global-dp__fedavg__clients-8__seed-42__nm0p02__clip5__rounds-20__epochs-5__cifar10_dirichlet__cifar10_cnn round=8 (checkpoint deleted)
2026-08-20 02:44:01 EVALUATED cifar10-in-remove__dirichlet__alpha-0p1__global-dp__fedavg__clients-8__seed-42__nm0p02__clip5__rounds-20__epochs-5__cifar10_dirichlet__cifar10_cnn round=9 (checkpoint deleted)
2026-08-20 02:44:07 EVALUATED cifar10-in-remove__dirichlet__alpha-0p1__global-dp__fedavg__clients-8__seed-42__nm0p02__clip5__rounds-20__epochs-5__cifar10_dirichlet__cifar10_cnn round=10 (checkpoint deleted)
2026-08-20 02:44:13 EVALUATED cifar10-in-remove__dirichlet__alpha-0p1__global-dp__fedavg__clients-8__seed-42__nm0p02__clip5__rounds-20__epochs-5__cifar10_dirichlet__cifar10_cnn round=11 (checkpoint deleted)
2026-08-20 02:44:20 EVALUATED cifar10-in-remove__dirichlet__alpha-0p1__global-dp__fedavg__clients-8__seed-42__nm0p02__clip5__rounds-20__epochs-5__cifar10_dirichlet__cifar10_cnn round=12 (checkpoint deleted)
2026-08-20 02:44:26 EVALUATED cifar10-in-remove__dirichlet__alpha-0p1__global-dp__fedavg__clients-8__seed-42__nm0p02__clip5__rounds-20__epochs-5__cifar10_dirichlet__cifar10_cnn round=13 (checkpoint deleted)
2026-08-20 02:44:33 EVALUATED cifar10-in-remove__dirichlet__alpha-0p1__global-dp__fedavg__clients-8__seed-42__nm0p02__clip5__rounds-20__epochs-5__cifar10_dirichlet__cifar10_cnn round=14 (checkpoint deleted)
2026-08-20 02:44:39 EVALUATED cifar10-in-remove__dirichlet__alpha-0p1__global-dp__fedavg__clients-8__seed-42__nm0p02__clip5__rounds-20__epochs-5__cifar10_dirichlet__cifar10_cnn round=15 (checkpoint deleted)
2026-08-20 02:44:45 EVALUATED cifar10-in-remove__dirichlet__alpha-0p1__global-dp__fedavg__clients-8__seed-42__nm0p02__clip5__rounds-20__epochs-5__cifar10_dirichlet__cifar10_cnn round=16 (checkpoint deleted)
2026-08-20 02:44:52 EVALUATED cifar10-in-remove__dirichlet__alpha-0p1__global-dp__fedavg__clients-8__seed-42__nm0p02__clip5__rounds-20__epochs-5__cifar10_dirichlet__cifar10_cnn round=17 (checkpoint deleted)
2026-08-20 02:44:58 EVALUATED cifar10-in-remove__dirichlet__alpha-0p1__global-dp__fedavg__clients-8__seed-42__nm0p02__clip5__rounds-20__epochs-5__cifar10_dirichlet__cifar10_cnn round=18 (checkpoint deleted)
2026-08-20 02:45:04 EVALUATED cifar10-in-remove__dirichlet__alpha-0p1__global-dp__fedavg__clients-8__seed-42__nm0p02__clip5__rounds-20__epochs-5__cifar10_dirichlet__cifar10_cnn round=19 (checkpoint deleted)
2026-08-20 02:45:11 EVALUATED cifar10-in-remove__dirichlet__alpha-0p1__global-dp__fedavg__clients-8__seed-42__nm0p02__clip5__rounds-20__epochs-5__cifar10_dirichlet__cifar10_cnn round=20 (checkpoint deleted)
2026-08-20 02:45:11 PROGRESS 1/2 (0 failed so far)
2026-08-20 02:45:11 START cifar10-out-remove__dirichlet__alpha-0p1__global-dp__fedavg__clients-7__seed-42__nm0p0175__clip5__rounds-20__epochs-5__cifar10_dirichlet__cifar10_cnn 
2026-08-20 02:57:33 DONE  cifar10-out-remove__dirichlet__alpha-0p1__global-dp__fedavg__clients-7__seed-42__nm0p0175__clip5__rounds-20__epochs-5__cifar10_dirichlet__cifar10_cnn (742.0s)
2026-08-20 02:57:39 EVALUATED cifar10-out-remove__dirichlet__alpha-0p1__global-dp__fedavg__clients-7__seed-42__nm0p0175__clip5__rounds-20__epochs-5__cifar10_dirichlet__cifar10_cnn round=1 (checkpoint deleted)
2026-08-20 02:57:46 EVALUATED cifar10-out-remove__dirichlet__alpha-0p1__global-dp__fedavg__clients-7__seed-42__nm0p0175__clip5__rounds-20__epochs-5__cifar10_dirichlet__cifar10_cnn round=2 (checkpoint deleted)
2026-08-20 02:57:52 EVALUATED cifar10-out-remove__dirichlet__alpha-0p1__global-dp__fedavg__clients-7__seed-42__nm0p0175__clip5__rounds-20__epochs-5__cifar10_dirichlet__cifar10_cnn round=3 (checkpoint deleted)
2026-08-20 02:57:58 EVALUATED cifar10-out-remove__dirichlet__alpha-0p1__global-dp__fedavg__clients-7__seed-42__nm0p0175__clip5__rounds-20__epochs-5__cifar10_dirichlet__cifar10_cnn round=4 (checkpoint deleted)
2026-08-20 02:58:05 EVALUATED cifar10-out-remove__dirichlet__alpha-0p1__global-dp__fedavg__clients-7__seed-42__nm0p0175__clip5__rounds-20__epochs-5__cifar10_dirichlet__cifar10_cnn round=5 (checkpoint deleted)
2026-08-20 02:58:11 EVALUATED cifar10-out-remove__dirichlet__alpha-0p1__global-dp__fedavg__clients-7__seed-42__nm0p0175__clip5__rounds-20__epochs-5__cifar10_dirichlet__cifar10_cnn round=6 (checkpoint deleted)
2026-08-20 02:58:17 EVALUATED cifar10-out-remove__dirichlet__alpha-0p1__global-dp__fedavg__clients-7__seed-42__nm0p0175__clip5__rounds-20__epochs-5__cifar10_dirichlet__cifar10_cnn round=7 (checkpoint deleted)
2026-08-20 02:58:24 EVALUATED cifar10-out-remove__dirichlet__alpha-0p1__global-dp__fedavg__clients-7__seed-42__nm0p0175__clip5__rounds-20__epochs-5__cifar10_dirichlet__cifar10_cnn round=8 (checkpoint deleted)
2026-08-20 02:58:30 EVALUATED cifar10-out-remove__dirichlet__alpha-0p1__global-dp__fedavg__clients-7__seed-42__nm0p0175__clip5__rounds-20__epochs-5__cifar10_dirichlet__cifar10_cnn round=9 (checkpoint deleted)
2026-08-20 02:58:37 EVALUATED cifar10-out-remove__dirichlet__alpha-0p1__global-dp__fedavg__clients-7__seed-42__nm0p0175__clip5__rounds-20__epochs-5__cifar10_dirichlet__cifar10_cnn round=10 (checkpoint deleted)
2026-08-20 02:58:43 EVALUATED cifar10-out-remove__dirichlet__alpha-0p1__global-dp__fedavg__clients-7__seed-42__nm0p0175__clip5__rounds-20__epochs-5__cifar10_dirichlet__cifar10_cnn round=11 (checkpoint deleted)
2026-08-20 02:58:49 EVALUATED cifar10-out-remove__dirichlet__alpha-0p1__global-dp__fedavg__clients-7__seed-42__nm0p0175__clip5__rounds-20__epochs-5__cifar10_dirichlet__cifar10_cnn round=12 (checkpoint deleted)
2026-08-20 02:58:56 EVALUATED cifar10-out-remove__dirichlet__alpha-0p1__global-dp__fedavg__clients-7__seed-42__nm0p0175__clip5__rounds-20__epochs-5__cifar10_dirichlet__cifar10_cnn round=13 (checkpoint deleted)
2026-08-20 02:59:02 EVALUATED cifar10-out-remove__dirichlet__alpha-0p1__global-dp__fedavg__clients-7__seed-42__nm0p0175__clip5__rounds-20__epochs-5__cifar10_dirichlet__cifar10_cnn round=14 (checkpoint deleted)
2026-08-20 02:59:08 EVALUATED cifar10-out-remove__dirichlet__alpha-0p1__global-dp__fedavg__clients-7__seed-42__nm0p0175__clip5__rounds-20__epochs-5__cifar10_dirichlet__cifar10_cnn round=15 (checkpoint deleted)
2026-08-20 02:59:15 EVALUATED cifar10-out-remove__dirichlet__alpha-0p1__global-dp__fedavg__clients-7__seed-42__nm0p0175__clip5__rounds-20__epochs-5__cifar10_dirichlet__cifar10_cnn round=16 (checkpoint deleted)
2026-08-20 02:59:21 EVALUATED cifar10-out-remove__dirichlet__alpha-0p1__global-dp__fedavg__clients-7__seed-42__nm0p0175__clip5__rounds-20__epochs-5__cifar10_dirichlet__cifar10_cnn round=17 (checkpoint deleted)
2026-08-20 02:59:27 EVALUATED cifar10-out-remove__dirichlet__alpha-0p1__global-dp__fedavg__clients-7__seed-42__nm0p0175__clip5__rounds-20__epochs-5__cifar10_dirichlet__cifar10_cnn round=18 (checkpoint deleted)
2026-08-20 02:59:34 EVALUATED cifar10-out-remove__dirichlet__alpha-0p1__global-dp__fedavg__clients-7__seed-42__nm0p0175__clip5__rounds-20__epochs-5__cifar10_dirichlet__cifar10_cnn round=19 (checkpoint deleted)
2026-08-20 02:59:40 EVALUATED cifar10-out-remove__dirichlet__alpha-0p1__global-dp__fedavg__clients-7__seed-42__nm0p0175__clip5__rounds-20__epochs-5__cifar10_dirichlet__cifar10_cnn round=20 (checkpoint deleted)
2026-08-20 02:59:40 PROGRESS 2/2 (0 failed so far)
2026-08-20 02:59:40 Sweep finished: 2/2 attempted, 0 failed
