2026-08-06 14:03:56 Sweep starting: 96 combinations, client_counts=(8, 16, 32, 48), noise_multipliers=(0.01, 0.05, 0.1, 0.25, 0.5, 1.0), max_parallel_clients=24, force=False
2026-08-06 14:03:56 START noisebyclients__homogeneous__global-dp__fedavg__n8__nm0p01
2026-08-06 14:06:04 DONE  noisebyclients__homogeneous__global-dp__fedavg__n8__nm0p01 (128.8s)
2026-08-06 14:06:04 PROGRESS 1/96 (0 failed so far)
2026-08-06 14:06:04 START noisebyclients__homogeneous__metric-privacy__fedavg__n8__nm0p01
2026-08-06 14:08:16 DONE  noisebyclients__homogeneous__metric-privacy__fedavg__n8__nm0p01 (131.7s)
2026-08-06 14:08:16 PROGRESS 2/96 (0 failed so far)
2026-08-06 14:08:16 START noisebyclients__homogeneous__global-dp__fedavg__n8__nm0p05
2026-08-06 14:10:24 DONE  noisebyclients__homogeneous__global-dp__fedavg__n8__nm0p05 (128.0s)
2026-08-06 14:10:24 PROGRESS 3/96 (0 failed so far)
2026-08-06 14:10:24 START noisebyclients__homogeneous__metric-privacy__fedavg__n8__nm0p05
2026-08-06 14:12:36 DONE  noisebyclients__homogeneous__metric-privacy__fedavg__n8__nm0p05 (131.9s)
2026-08-06 14:12:36 PROGRESS 4/96 (0 failed so far)
2026-08-06 14:12:36 START noisebyclients__homogeneous__global-dp__fedavg__n8__nm0p1
2026-08-06 14:14:44 DONE  noisebyclients__homogeneous__global-dp__fedavg__n8__nm0p1 (128.1s)
2026-08-06 14:14:44 PROGRESS 5/96 (0 failed so far)
2026-08-06 14:14:44 START noisebyclients__homogeneous__metric-privacy__fedavg__n8__nm0p1
2026-08-06 14:16:56 DONE  noisebyclients__homogeneous__metric-privacy__fedavg__n8__nm0p1 (132.5s)
2026-08-06 14:16:56 PROGRESS 6/96 (0 failed so far)
2026-08-06 14:16:56 START noisebyclients__homogeneous__global-dp__fedavg__n8__nm0p25
2026-08-06 14:18:01 FAILED noisebyclients__homogeneous__global-dp__fedavg__n8__nm0p25 (exit=1, 64.3s)
2026-08-06 14:18:01 PROGRESS 7/96 (1 failed so far)
2026-08-06 14:18:01 START noisebyclients__homogeneous__metric-privacy__fedavg__n8__nm0p25
2026-08-06 14:20:12 DONE  noisebyclients__homogeneous__metric-privacy__fedavg__n8__nm0p25 (131.0s)
2026-08-06 14:20:12 PROGRESS 8/96 (1 failed so far)
2026-08-06 14:20:12 START noisebyclients__homogeneous__global-dp__fedavg__n8__nm0p5
2026-08-06 14:20:48 FAILED noisebyclients__homogeneous__global-dp__fedavg__n8__nm0p5 (exit=1, 36.6s)
2026-08-06 14:20:48 PROGRESS 9/96 (2 failed so far)
2026-08-06 14:20:48 START noisebyclients__homogeneous__metric-privacy__fedavg__n8__nm0p5
2026-08-06 14:22:53 DONE  noisebyclients__homogeneous__metric-privacy__fedavg__n8__nm0p5 (124.3s)
2026-08-06 14:22:53 PROGRESS 10/96 (2 failed so far)
2026-08-06 14:22:53 START noisebyclients__homogeneous__global-dp__fedavg__n8__nm1
2026-08-06 14:23:23 FAILED noisebyclients__homogeneous__global-dp__fedavg__n8__nm1 (exit=1, 30.7s)
2026-08-06 14:23:23 PROGRESS 11/96 (3 failed so far)
2026-08-06 14:23:23 START noisebyclients__homogeneous__metric-privacy__fedavg__n8__nm1
2026-08-06 14:25:28 DONE  noisebyclients__homogeneous__metric-privacy__fedavg__n8__nm1 (124.6s)
2026-08-06 14:25:28 PROGRESS 12/96 (3 failed so far)
2026-08-06 14:25:28 START noisebyclients__non-iid__global-dp__fedavg__n8__nm0p01
2026-08-06 14:27:40 DONE  noisebyclients__non-iid__global-dp__fedavg__n8__nm0p01 (132.5s)
2026-08-06 14:27:40 PROGRESS 13/96 (3 failed so far)
2026-08-06 14:27:40 START noisebyclients__non-iid__metric-privacy__fedavg__n8__nm0p01
2026-08-06 14:29:57 DONE  noisebyclients__non-iid__metric-privacy__fedavg__n8__nm0p01 (136.3s)
2026-08-06 14:29:57 PROGRESS 14/96 (3 failed so far)
2026-08-06 14:29:57 START noisebyclients__non-iid__global-dp__fedavg__n8__nm0p05
2026-08-06 14:32:10 DONE  noisebyclients__non-iid__global-dp__fedavg__n8__nm0p05 (133.8s)
2026-08-06 14:32:10 PROGRESS 15/96 (3 failed so far)
2026-08-06 14:32:10 START noisebyclients__non-iid__metric-privacy__fedavg__n8__nm0p05
2026-08-06 14:34:27 DONE  noisebyclients__non-iid__metric-privacy__fedavg__n8__nm0p05 (137.0s)
2026-08-06 14:34:27 PROGRESS 16/96 (3 failed so far)
2026-08-06 14:34:27 START noisebyclients__non-iid__global-dp__fedavg__n8__nm0p1
2026-08-06 14:36:41 DONE  noisebyclients__non-iid__global-dp__fedavg__n8__nm0p1 (133.3s)
2026-08-06 14:36:41 PROGRESS 17/96 (3 failed so far)
2026-08-06 14:36:41 START noisebyclients__non-iid__metric-privacy__fedavg__n8__nm0p1
2026-08-06 14:38:57 DONE  noisebyclients__non-iid__metric-privacy__fedavg__n8__nm0p1 (136.1s)
2026-08-06 14:38:57 PROGRESS 18/96 (3 failed so far)
2026-08-06 14:38:57 START noisebyclients__non-iid__global-dp__fedavg__n8__nm0p25
2026-08-06 14:40:02 FAILED noisebyclients__non-iid__global-dp__fedavg__n8__nm0p25 (exit=1, 65.1s)
2026-08-06 14:40:02 PROGRESS 19/96 (4 failed so far)
2026-08-06 14:40:02 START noisebyclients__non-iid__metric-privacy__fedavg__n8__nm0p25
2026-08-06 14:42:13 DONE  noisebyclients__non-iid__metric-privacy__fedavg__n8__nm0p25 (130.8s)
2026-08-06 14:42:13 PROGRESS 20/96 (4 failed so far)
2026-08-06 14:42:13 START noisebyclients__non-iid__global-dp__fedavg__n8__nm0p5
2026-08-06 14:42:50 FAILED noisebyclients__non-iid__global-dp__fedavg__n8__nm0p5 (exit=1, 37.1s)
2026-08-06 14:42:50 PROGRESS 21/96 (5 failed so far)
2026-08-06 14:42:50 START noisebyclients__non-iid__metric-privacy__fedavg__n8__nm0p5
2026-08-06 14:44:58 DONE  noisebyclients__non-iid__metric-privacy__fedavg__n8__nm0p5 (128.4s)
2026-08-06 14:44:58 PROGRESS 22/96 (5 failed so far)
2026-08-06 14:44:58 START noisebyclients__non-iid__global-dp__fedavg__n8__nm1
2026-08-06 14:45:30 FAILED noisebyclients__non-iid__global-dp__fedavg__n8__nm1 (exit=1, 31.7s)
2026-08-06 14:45:30 PROGRESS 23/96 (6 failed so far)
2026-08-06 14:45:30 START noisebyclients__non-iid__metric-privacy__fedavg__n8__nm1
2026-08-06 14:47:37 DONE  noisebyclients__non-iid__metric-privacy__fedavg__n8__nm1 (127.4s)
2026-08-06 14:47:37 PROGRESS 24/96 (6 failed so far)
2026-08-06 14:47:37 START noisebyclients__homogeneous__global-dp__fedavg__n16__nm0p01
2026-08-06 14:50:09 DONE  noisebyclients__homogeneous__global-dp__fedavg__n16__nm0p01 (151.5s)
2026-08-06 14:50:09 PROGRESS 25/96 (6 failed so far)
2026-08-06 14:50:09 START noisebyclients__homogeneous__metric-privacy__fedavg__n16__nm0p01
2026-08-06 14:52:53 DONE  noisebyclients__homogeneous__metric-privacy__fedavg__n16__nm0p01 (164.3s)
2026-08-06 14:52:53 PROGRESS 26/96 (6 failed so far)
2026-08-06 14:52:53 START noisebyclients__homogeneous__global-dp__fedavg__n16__nm0p05
2026-08-06 14:55:24 DONE  noisebyclients__homogeneous__global-dp__fedavg__n16__nm0p05 (151.0s)
2026-08-06 14:55:24 PROGRESS 27/96 (6 failed so far)
2026-08-06 14:55:24 START noisebyclients__homogeneous__metric-privacy__fedavg__n16__nm0p05
2026-08-06 14:58:11 DONE  noisebyclients__homogeneous__metric-privacy__fedavg__n16__nm0p05 (167.1s)
2026-08-06 14:58:11 PROGRESS 28/96 (6 failed so far)
2026-08-06 14:58:11 START noisebyclients__homogeneous__global-dp__fedavg__n16__nm0p1
2026-08-06 15:00:42 DONE  noisebyclients__homogeneous__global-dp__fedavg__n16__nm0p1 (151.1s)
2026-08-06 15:00:42 PROGRESS 29/96 (6 failed so far)
2026-08-06 15:00:42 START noisebyclients__homogeneous__metric-privacy__fedavg__n16__nm0p1
2026-08-06 15:03:29 DONE  noisebyclients__homogeneous__metric-privacy__fedavg__n16__nm0p1 (166.5s)
2026-08-06 15:03:29 PROGRESS 30/96 (6 failed so far)
2026-08-06 15:03:29 START noisebyclients__homogeneous__global-dp__fedavg__n16__nm0p25
2026-08-06 15:06:00 DONE  noisebyclients__homogeneous__global-dp__fedavg__n16__nm0p25 (151.2s)
2026-08-06 15:06:00 PROGRESS 31/96 (6 failed so far)
2026-08-06 15:06:00 START noisebyclients__homogeneous__metric-privacy__fedavg__n16__nm0p25
2026-08-06 15:08:43 DONE  noisebyclients__homogeneous__metric-privacy__fedavg__n16__nm0p25 (163.4s)
2026-08-06 15:08:43 PROGRESS 32/96 (6 failed so far)
2026-08-06 15:08:43 START noisebyclients__homogeneous__global-dp__fedavg__n16__nm0p5
2026-08-06 15:09:52 FAILED noisebyclients__homogeneous__global-dp__fedavg__n16__nm0p5 (exit=1, 68.9s)
2026-08-06 15:09:52 PROGRESS 33/96 (7 failed so far)
2026-08-06 15:09:52 START noisebyclients__homogeneous__metric-privacy__fedavg__n16__nm0p5
2026-08-06 15:12:35 DONE  noisebyclients__homogeneous__metric-privacy__fedavg__n16__nm0p5 (162.6s)
2026-08-06 15:12:35 PROGRESS 34/96 (7 failed so far)
2026-08-06 15:12:35 START noisebyclients__homogeneous__global-dp__fedavg__n16__nm1
2026-08-06 15:13:17 FAILED noisebyclients__homogeneous__global-dp__fedavg__n16__nm1 (exit=1, 42.2s)
2026-08-06 15:13:17 PROGRESS 35/96 (8 failed so far)
2026-08-06 15:13:17 START noisebyclients__homogeneous__metric-privacy__fedavg__n16__nm1
2026-08-06 15:15:57 DONE  noisebyclients__homogeneous__metric-privacy__fedavg__n16__nm1 (160.3s)
2026-08-06 15:15:57 PROGRESS 36/96 (8 failed so far)
2026-08-06 15:15:57 START noisebyclients__non-iid__global-dp__fedavg__n16__nm0p01
2026-08-06 15:18:38 DONE  noisebyclients__non-iid__global-dp__fedavg__n16__nm0p01 (160.9s)
2026-08-06 15:18:38 PROGRESS 37/96 (8 failed so far)
2026-08-06 15:18:38 START noisebyclients__non-iid__metric-privacy__fedavg__n16__nm0p01
2026-08-06 15:21:33 DONE  noisebyclients__non-iid__metric-privacy__fedavg__n16__nm0p01 (174.9s)
2026-08-06 15:21:33 PROGRESS 38/96 (8 failed so far)
2026-08-06 15:21:33 START noisebyclients__non-iid__global-dp__fedavg__n16__nm0p05
2026-08-06 15:24:15 DONE  noisebyclients__non-iid__global-dp__fedavg__n16__nm0p05 (161.8s)
2026-08-06 15:24:15 PROGRESS 39/96 (8 failed so far)
2026-08-06 15:24:15 START noisebyclients__non-iid__metric-privacy__fedavg__n16__nm0p05
2026-08-06 15:27:20 DONE  noisebyclients__non-iid__metric-privacy__fedavg__n16__nm0p05 (184.9s)
2026-08-06 15:27:20 PROGRESS 40/96 (8 failed so far)
2026-08-06 15:27:20 START noisebyclients__non-iid__global-dp__fedavg__n16__nm0p1
2026-08-06 15:30:01 DONE  noisebyclients__non-iid__global-dp__fedavg__n16__nm0p1 (160.9s)
2026-08-06 15:30:01 PROGRESS 41/96 (8 failed so far)
2026-08-06 15:30:01 START noisebyclients__non-iid__metric-privacy__fedavg__n16__nm0p1
2026-08-06 15:32:55 DONE  noisebyclients__non-iid__metric-privacy__fedavg__n16__nm0p1 (174.1s)
2026-08-06 15:32:55 PROGRESS 42/96 (8 failed so far)
2026-08-06 15:32:55 START noisebyclients__non-iid__global-dp__fedavg__n16__nm0p25
2026-08-06 15:35:37 DONE  noisebyclients__non-iid__global-dp__fedavg__n16__nm0p25 (162.5s)
2026-08-06 15:35:37 PROGRESS 43/96 (8 failed so far)
2026-08-06 15:35:37 START noisebyclients__non-iid__metric-privacy__fedavg__n16__nm0p25
2026-08-06 15:38:32 DONE  noisebyclients__non-iid__metric-privacy__fedavg__n16__nm0p25 (174.9s)
2026-08-06 15:38:32 PROGRESS 44/96 (8 failed so far)
2026-08-06 15:38:32 START noisebyclients__non-iid__global-dp__fedavg__n16__nm0p5
2026-08-06 15:39:51 FAILED noisebyclients__non-iid__global-dp__fedavg__n16__nm0p5 (exit=1, 78.6s)
2026-08-06 15:39:51 PROGRESS 45/96 (9 failed so far)
2026-08-06 15:39:51 START noisebyclients__non-iid__metric-privacy__fedavg__n16__nm0p5
2026-08-06 15:42:39 DONE  noisebyclients__non-iid__metric-privacy__fedavg__n16__nm0p5 (168.3s)
2026-08-06 15:42:39 PROGRESS 46/96 (9 failed so far)
2026-08-06 15:42:39 START noisebyclients__non-iid__global-dp__fedavg__n16__nm1
2026-08-06 15:43:15 FAILED noisebyclients__non-iid__global-dp__fedavg__n16__nm1 (exit=1, 36.1s)
2026-08-06 15:43:15 PROGRESS 47/96 (10 failed so far)
2026-08-06 15:43:15 START noisebyclients__non-iid__metric-privacy__fedavg__n16__nm1
2026-08-06 15:45:53 DONE  noisebyclients__non-iid__metric-privacy__fedavg__n16__nm1 (157.9s)
2026-08-06 15:45:53 PROGRESS 48/96 (10 failed so far)
2026-08-06 15:45:53 START noisebyclients__homogeneous__global-dp__fedavg__n32__nm0p01
2026-08-06 15:49:16 DONE  noisebyclients__homogeneous__global-dp__fedavg__n32__nm0p01 (202.5s)
2026-08-06 15:49:16 PROGRESS 49/96 (10 failed so far)
2026-08-06 15:49:16 START noisebyclients__homogeneous__metric-privacy__fedavg__n32__nm0p01
2026-08-06 15:53:32 DONE  noisebyclients__homogeneous__metric-privacy__fedavg__n32__nm0p01 (256.6s)
2026-08-06 15:53:32 PROGRESS 50/96 (10 failed so far)
2026-08-06 15:53:32 START noisebyclients__homogeneous__global-dp__fedavg__n32__nm0p05
2026-08-06 15:56:54 DONE  noisebyclients__homogeneous__global-dp__fedavg__n32__nm0p05 (201.6s)
2026-08-06 15:56:54 PROGRESS 51/96 (10 failed so far)
2026-08-06 15:56:54 START noisebyclients__homogeneous__metric-privacy__fedavg__n32__nm0p05
2026-08-06 16:01:11 DONE  noisebyclients__homogeneous__metric-privacy__fedavg__n32__nm0p05 (256.6s)
2026-08-06 16:01:11 PROGRESS 52/96 (10 failed so far)
2026-08-06 16:01:11 START noisebyclients__homogeneous__global-dp__fedavg__n32__nm0p1
2026-08-06 16:04:34 DONE  noisebyclients__homogeneous__global-dp__fedavg__n32__nm0p1 (203.3s)
2026-08-06 16:04:34 PROGRESS 53/96 (10 failed so far)
2026-08-06 16:04:34 START noisebyclients__homogeneous__metric-privacy__fedavg__n32__nm0p1
2026-08-06 16:08:45 DONE  noisebyclients__homogeneous__metric-privacy__fedavg__n32__nm0p1 (251.3s)
2026-08-06 16:08:45 PROGRESS 54/96 (10 failed so far)
2026-08-06 16:08:45 START noisebyclients__homogeneous__global-dp__fedavg__n32__nm0p25
2026-08-06 16:12:20 DONE  noisebyclients__homogeneous__global-dp__fedavg__n32__nm0p25 (214.9s)
2026-08-06 16:12:20 PROGRESS 55/96 (10 failed so far)
2026-08-06 16:12:20 START noisebyclients__homogeneous__metric-privacy__fedavg__n32__nm0p25
2026-08-06 16:16:57 DONE  noisebyclients__homogeneous__metric-privacy__fedavg__n32__nm0p25 (276.7s)
2026-08-06 16:16:57 PROGRESS 56/96 (10 failed so far)
2026-08-06 16:16:57 START noisebyclients__homogeneous__global-dp__fedavg__n32__nm0p5
2026-08-06 16:20:35 DONE  noisebyclients__homogeneous__global-dp__fedavg__n32__nm0p5 (217.9s)
2026-08-06 16:20:35 PROGRESS 57/96 (10 failed so far)
2026-08-06 16:20:35 START noisebyclients__homogeneous__metric-privacy__fedavg__n32__nm0p5
2026-08-06 16:25:01 DONE  noisebyclients__homogeneous__metric-privacy__fedavg__n32__nm0p5 (266.3s)
2026-08-06 16:25:01 PROGRESS 58/96 (10 failed so far)
2026-08-06 16:25:01 START noisebyclients__homogeneous__global-dp__fedavg__n32__nm1
2026-08-06 16:26:40 FAILED noisebyclients__homogeneous__global-dp__fedavg__n32__nm1 (exit=1, 98.6s)
2026-08-06 16:26:40 PROGRESS 59/96 (11 failed so far)
2026-08-06 16:26:40 START noisebyclients__homogeneous__metric-privacy__fedavg__n32__nm1
2026-08-06 16:30:37 DONE  noisebyclients__homogeneous__metric-privacy__fedavg__n32__nm1 (237.0s)
2026-08-06 16:30:37 PROGRESS 60/96 (11 failed so far)
2026-08-06 16:30:37 START noisebyclients__non-iid__global-dp__fedavg__n32__nm0p01
2026-08-06 16:33:56 DONE  noisebyclients__non-iid__global-dp__fedavg__n32__nm0p01 (199.7s)
2026-08-06 16:33:56 PROGRESS 61/96 (11 failed so far)
2026-08-06 16:33:56 START noisebyclients__non-iid__metric-privacy__fedavg__n32__nm0p01
2026-08-06 16:38:15 DONE  noisebyclients__non-iid__metric-privacy__fedavg__n32__nm0p01 (258.6s)
2026-08-06 16:38:15 PROGRESS 62/96 (11 failed so far)
2026-08-06 16:38:15 START noisebyclients__non-iid__global-dp__fedavg__n32__nm0p05
2026-08-06 16:41:40 DONE  noisebyclients__non-iid__global-dp__fedavg__n32__nm0p05 (204.6s)
2026-08-06 16:41:40 PROGRESS 63/96 (11 failed so far)
2026-08-06 16:41:40 START noisebyclients__non-iid__metric-privacy__fedavg__n32__nm0p05
2026-08-06 16:46:10 DONE  noisebyclients__non-iid__metric-privacy__fedavg__n32__nm0p05 (270.4s)
2026-08-06 16:46:10 PROGRESS 64/96 (11 failed so far)
2026-08-06 16:46:10 START noisebyclients__non-iid__global-dp__fedavg__n32__nm0p1
2026-08-06 16:49:51 DONE  noisebyclients__non-iid__global-dp__fedavg__n32__nm0p1 (220.9s)
2026-08-06 16:49:51 PROGRESS 65/96 (11 failed so far)
2026-08-06 16:49:51 START noisebyclients__non-iid__metric-privacy__fedavg__n32__nm0p1
2026-08-06 16:54:29 DONE  noisebyclients__non-iid__metric-privacy__fedavg__n32__nm0p1 (278.4s)
2026-08-06 16:54:29 PROGRESS 66/96 (11 failed so far)
2026-08-06 16:54:29 START noisebyclients__non-iid__global-dp__fedavg__n32__nm0p25
2026-08-06 16:58:04 DONE  noisebyclients__non-iid__global-dp__fedavg__n32__nm0p25 (214.2s)
2026-08-06 16:58:04 PROGRESS 67/96 (11 failed so far)
2026-08-06 16:58:04 START noisebyclients__non-iid__metric-privacy__fedavg__n32__nm0p25
2026-08-06 17:02:34 DONE  noisebyclients__non-iid__metric-privacy__fedavg__n32__nm0p25 (270.5s)
2026-08-06 17:02:34 PROGRESS 68/96 (11 failed so far)
2026-08-06 17:02:34 START noisebyclients__non-iid__global-dp__fedavg__n32__nm0p5
2026-08-06 17:06:12 DONE  noisebyclients__non-iid__global-dp__fedavg__n32__nm0p5 (218.1s)
2026-08-06 17:06:12 PROGRESS 69/96 (11 failed so far)
2026-08-06 17:06:12 START noisebyclients__non-iid__metric-privacy__fedavg__n32__nm0p5
2026-08-06 17:10:31 DONE  noisebyclients__non-iid__metric-privacy__fedavg__n32__nm0p5 (259.2s)
2026-08-06 17:10:31 PROGRESS 70/96 (11 failed so far)
2026-08-06 17:10:31 START noisebyclients__non-iid__global-dp__fedavg__n32__nm1
2026-08-06 17:12:09 FAILED noisebyclients__non-iid__global-dp__fedavg__n32__nm1 (exit=1, 97.8s)
2026-08-06 17:12:09 PROGRESS 71/96 (12 failed so far)
2026-08-06 17:12:09 START noisebyclients__non-iid__metric-privacy__fedavg__n32__nm1
2026-08-06 17:16:23 DONE  noisebyclients__non-iid__metric-privacy__fedavg__n32__nm1 (253.7s)
2026-08-06 17:16:23 PROGRESS 72/96 (12 failed so far)
2026-08-06 17:16:23 START noisebyclients__homogeneous__global-dp__fedavg__n48__nm0p01
2026-08-06 17:20:38 DONE  noisebyclients__homogeneous__global-dp__fedavg__n48__nm0p01 (255.2s)
2026-08-06 17:20:38 PROGRESS 73/96 (12 failed so far)
2026-08-06 17:20:38 START noisebyclients__homogeneous__metric-privacy__fedavg__n48__nm0p01
2026-08-06 17:26:28 DONE  noisebyclients__homogeneous__metric-privacy__fedavg__n48__nm0p01 (349.5s)
2026-08-06 17:26:28 PROGRESS 74/96 (12 failed so far)
2026-08-06 17:26:28 START noisebyclients__homogeneous__global-dp__fedavg__n48__nm0p05
2026-08-06 17:30:41 DONE  noisebyclients__homogeneous__global-dp__fedavg__n48__nm0p05 (253.3s)
2026-08-06 17:30:41 PROGRESS 75/96 (12 failed so far)
2026-08-06 17:30:41 START noisebyclients__homogeneous__metric-privacy__fedavg__n48__nm0p05
2026-08-06 17:36:39 DONE  noisebyclients__homogeneous__metric-privacy__fedavg__n48__nm0p05 (358.6s)
2026-08-06 17:36:39 PROGRESS 76/96 (12 failed so far)
2026-08-06 17:36:39 START noisebyclients__homogeneous__global-dp__fedavg__n48__nm0p1
2026-08-06 17:40:56 DONE  noisebyclients__homogeneous__global-dp__fedavg__n48__nm0p1 (257.0s)
2026-08-06 17:40:56 PROGRESS 77/96 (12 failed so far)
2026-08-06 17:40:56 START noisebyclients__homogeneous__metric-privacy__fedavg__n48__nm0p1
2026-08-06 17:47:04 DONE  noisebyclients__homogeneous__metric-privacy__fedavg__n48__nm0p1 (368.0s)
2026-08-06 17:47:04 PROGRESS 78/96 (12 failed so far)
2026-08-06 17:47:04 START noisebyclients__homogeneous__global-dp__fedavg__n48__nm0p25
2026-08-06 17:51:08 DONE  noisebyclients__homogeneous__global-dp__fedavg__n48__nm0p25 (243.9s)
2026-08-06 17:51:08 PROGRESS 79/96 (12 failed so far)
2026-08-06 17:51:08 START noisebyclients__homogeneous__metric-privacy__fedavg__n48__nm0p25
2026-08-06 17:57:42 DONE  noisebyclients__homogeneous__metric-privacy__fedavg__n48__nm0p25 (393.4s)
2026-08-06 17:57:42 PROGRESS 80/96 (12 failed so far)
2026-08-06 17:57:42 START noisebyclients__homogeneous__global-dp__fedavg__n48__nm0p5
2026-08-06 18:01:49 DONE  noisebyclients__homogeneous__global-dp__fedavg__n48__nm0p5 (247.1s)
2026-08-06 18:01:49 PROGRESS 81/96 (12 failed so far)
2026-08-06 18:01:49 START noisebyclients__homogeneous__metric-privacy__fedavg__n48__nm0p5
2026-08-06 18:07:56 DONE  noisebyclients__homogeneous__metric-privacy__fedavg__n48__nm0p5 (366.7s)
2026-08-06 18:07:56 PROGRESS 82/96 (12 failed so far)
2026-08-06 18:07:56 START noisebyclients__homogeneous__global-dp__fedavg__n48__nm1
2026-08-06 18:12:13 DONE  noisebyclients__homogeneous__global-dp__fedavg__n48__nm1 (257.9s)
2026-08-06 18:12:13 PROGRESS 83/96 (12 failed so far)
2026-08-06 18:12:13 START noisebyclients__homogeneous__metric-privacy__fedavg__n48__nm1
2026-08-06 18:17:46 DONE  noisebyclients__homogeneous__metric-privacy__fedavg__n48__nm1 (332.6s)
2026-08-06 18:17:46 PROGRESS 84/96 (12 failed so far)
2026-08-06 18:17:46 START noisebyclients__non-iid__global-dp__fedavg__n48__nm0p01
2026-08-06 18:21:58 DONE  noisebyclients__non-iid__global-dp__fedavg__n48__nm0p01 (251.4s)
2026-08-06 18:21:58 PROGRESS 85/96 (12 failed so far)
2026-08-06 18:21:58 START noisebyclients__non-iid__metric-privacy__fedavg__n48__nm0p01
2026-08-06 18:27:56 DONE  noisebyclients__non-iid__metric-privacy__fedavg__n48__nm0p01 (358.3s)
2026-08-06 18:27:56 PROGRESS 86/96 (12 failed so far)
2026-08-06 18:27:56 START noisebyclients__non-iid__global-dp__fedavg__n48__nm0p05
2026-08-06 18:31:59 DONE  noisebyclients__non-iid__global-dp__fedavg__n48__nm0p05 (242.8s)
2026-08-06 18:31:59 PROGRESS 87/96 (12 failed so far)
2026-08-06 18:31:59 START noisebyclients__non-iid__metric-privacy__fedavg__n48__nm0p05
2026-08-06 18:38:20 DONE  noisebyclients__non-iid__metric-privacy__fedavg__n48__nm0p05 (381.3s)
2026-08-06 18:38:20 PROGRESS 88/96 (12 failed so far)
2026-08-06 18:38:20 START noisebyclients__non-iid__global-dp__fedavg__n48__nm0p1
2026-08-06 18:42:29 DONE  noisebyclients__non-iid__global-dp__fedavg__n48__nm0p1 (249.2s)
2026-08-06 18:42:29 PROGRESS 89/96 (12 failed so far)
2026-08-06 18:42:29 START noisebyclients__non-iid__metric-privacy__fedavg__n48__nm0p1
2026-08-06 18:48:26 DONE  noisebyclients__non-iid__metric-privacy__fedavg__n48__nm0p1 (357.3s)
2026-08-06 18:48:26 PROGRESS 90/96 (12 failed so far)
2026-08-06 18:48:26 START noisebyclients__non-iid__global-dp__fedavg__n48__nm0p25
2026-08-06 18:52:42 DONE  noisebyclients__non-iid__global-dp__fedavg__n48__nm0p25 (255.8s)
2026-08-06 18:52:42 PROGRESS 91/96 (12 failed so far)
2026-08-06 18:52:42 START noisebyclients__non-iid__metric-privacy__fedavg__n48__nm0p25
2026-08-06 18:58:43 DONE  noisebyclients__non-iid__metric-privacy__fedavg__n48__nm0p25 (361.3s)
2026-08-06 18:58:43 PROGRESS 92/96 (12 failed so far)
2026-08-06 18:58:43 START noisebyclients__non-iid__global-dp__fedavg__n48__nm0p5
2026-08-06 19:02:56 DONE  noisebyclients__non-iid__global-dp__fedavg__n48__nm0p5 (252.3s)
2026-08-06 19:02:56 PROGRESS 93/96 (12 failed so far)
2026-08-06 19:02:56 START noisebyclients__non-iid__metric-privacy__fedavg__n48__nm0p5
2026-08-06 19:09:30 DONE  noisebyclients__non-iid__metric-privacy__fedavg__n48__nm0p5 (394.3s)
2026-08-06 19:09:30 PROGRESS 94/96 (12 failed so far)
2026-08-06 19:09:30 START noisebyclients__non-iid__global-dp__fedavg__n48__nm1
2026-08-06 19:13:37 DONE  noisebyclients__non-iid__global-dp__fedavg__n48__nm1 (247.2s)
2026-08-06 19:13:37 PROGRESS 95/96 (12 failed so far)
2026-08-06 19:13:37 START noisebyclients__non-iid__metric-privacy__fedavg__n48__nm1
2026-08-06 19:19:08 DONE  noisebyclients__non-iid__metric-privacy__fedavg__n48__nm1 (330.9s)
2026-08-06 19:19:08 PROGRESS 96/96 (12 failed so far)
2026-08-06 19:19:08 Sweep finished: 96/96 attempted, 12 failed
2026-08-06 19:19:08 Failed combinations: noisebyclients__homogeneous__global-dp__fedavg__n8__nm0p25, noisebyclients__homogeneous__global-dp__fedavg__n8__nm0p5, noisebyclients__homogeneous__global-dp__fedavg__n8__nm1, noisebyclients__non-iid__global-dp__fedavg__n8__nm0p25, noisebyclients__non-iid__global-dp__fedavg__n8__nm0p5, noisebyclients__non-iid__global-dp__fedavg__n8__nm1, noisebyclients__homogeneous__global-dp__fedavg__n16__nm0p5, noisebyclients__homogeneous__global-dp__fedavg__n16__nm1, noisebyclients__non-iid__global-dp__fedavg__n16__nm0p5, noisebyclients__non-iid__global-dp__fedavg__n16__nm1, noisebyclients__homogeneous__global-dp__fedavg__n32__nm1, noisebyclients__non-iid__global-dp__fedavg__n32__nm1
2026-08-06 19:25:34 Sweep starting: 96 combinations, client_counts=(8, 16, 32, 48), noise_multipliers=(0.01, 0.05, 0.1, 0.25, 0.5, 1.0), max_parallel_clients=24, force=False
2026-08-06 19:25:34 SKIP  noisebyclients__homogeneous__global-dp__fedavg__n8__nm0p01 (already complete)
2026-08-06 19:25:34 PROGRESS 1/96 (0 failed so far)
2026-08-06 19:25:34 SKIP  noisebyclients__homogeneous__metric-privacy__fedavg__n8__nm0p01 (already complete)
2026-08-06 19:25:34 PROGRESS 2/96 (0 failed so far)
2026-08-06 19:25:34 SKIP  noisebyclients__homogeneous__global-dp__fedavg__n8__nm0p05 (already complete)
2026-08-06 19:25:34 PROGRESS 3/96 (0 failed so far)
2026-08-06 19:25:34 SKIP  noisebyclients__homogeneous__metric-privacy__fedavg__n8__nm0p05 (already complete)
2026-08-06 19:25:34 PROGRESS 4/96 (0 failed so far)
2026-08-06 19:25:34 SKIP  noisebyclients__homogeneous__global-dp__fedavg__n8__nm0p1 (already complete)
2026-08-06 19:25:34 PROGRESS 5/96 (0 failed so far)
2026-08-06 19:25:34 SKIP  noisebyclients__homogeneous__metric-privacy__fedavg__n8__nm0p1 (already complete)
2026-08-06 19:25:34 PROGRESS 6/96 (0 failed so far)
2026-08-06 19:25:34 START noisebyclients__homogeneous__global-dp__fedavg__n8__nm0p25
2026-08-06 19:27:56 DONE  noisebyclients__homogeneous__global-dp__fedavg__n8__nm0p25 (142.0s)
2026-08-06 19:27:56 PROGRESS 7/96 (0 failed so far)
2026-08-06 19:27:56 SKIP  noisebyclients__homogeneous__metric-privacy__fedavg__n8__nm0p25 (already complete)
2026-08-06 19:27:56 PROGRESS 8/96 (0 failed so far)
2026-08-06 19:27:56 START noisebyclients__homogeneous__global-dp__fedavg__n8__nm0p5
2026-08-06 19:30:09 DONE  noisebyclients__homogeneous__global-dp__fedavg__n8__nm0p5 (132.9s)
2026-08-06 19:30:09 PROGRESS 9/96 (0 failed so far)
2026-08-06 19:30:09 SKIP  noisebyclients__homogeneous__metric-privacy__fedavg__n8__nm0p5 (already complete)
2026-08-06 19:30:09 PROGRESS 10/96 (0 failed so far)
2026-08-06 19:30:09 START noisebyclients__homogeneous__global-dp__fedavg__n8__nm1
2026-08-06 19:32:17 DONE  noisebyclients__homogeneous__global-dp__fedavg__n8__nm1 (128.1s)
2026-08-06 19:32:17 PROGRESS 11/96 (0 failed so far)
2026-08-06 19:32:17 SKIP  noisebyclients__homogeneous__metric-privacy__fedavg__n8__nm1 (already complete)
2026-08-06 19:32:17 PROGRESS 12/96 (0 failed so far)
2026-08-06 19:32:17 SKIP  noisebyclients__non-iid__global-dp__fedavg__n8__nm0p01 (already complete)
2026-08-06 19:32:17 PROGRESS 13/96 (0 failed so far)
2026-08-06 19:32:17 SKIP  noisebyclients__non-iid__metric-privacy__fedavg__n8__nm0p01 (already complete)
2026-08-06 19:32:17 PROGRESS 14/96 (0 failed so far)
2026-08-06 19:32:17 SKIP  noisebyclients__non-iid__global-dp__fedavg__n8__nm0p05 (already complete)
2026-08-06 19:32:17 PROGRESS 15/96 (0 failed so far)
2026-08-06 19:32:17 SKIP  noisebyclients__non-iid__metric-privacy__fedavg__n8__nm0p05 (already complete)
2026-08-06 19:32:17 PROGRESS 16/96 (0 failed so far)
2026-08-06 19:32:17 SKIP  noisebyclients__non-iid__global-dp__fedavg__n8__nm0p1 (already complete)
2026-08-06 19:32:17 PROGRESS 17/96 (0 failed so far)
2026-08-06 19:32:17 SKIP  noisebyclients__non-iid__metric-privacy__fedavg__n8__nm0p1 (already complete)
2026-08-06 19:32:17 PROGRESS 18/96 (0 failed so far)
2026-08-06 19:32:17 START noisebyclients__non-iid__global-dp__fedavg__n8__nm0p25
2026-08-06 19:34:47 DONE  noisebyclients__non-iid__global-dp__fedavg__n8__nm0p25 (150.6s)
2026-08-06 19:34:47 PROGRESS 19/96 (0 failed so far)
2026-08-06 19:34:47 SKIP  noisebyclients__non-iid__metric-privacy__fedavg__n8__nm0p25 (already complete)
2026-08-06 19:34:47 PROGRESS 20/96 (0 failed so far)
2026-08-06 19:34:47 START noisebyclients__non-iid__global-dp__fedavg__n8__nm0p5
2026-08-06 19:37:11 DONE  noisebyclients__non-iid__global-dp__fedavg__n8__nm0p5 (143.4s)
2026-08-06 19:37:11 PROGRESS 21/96 (0 failed so far)
2026-08-06 19:37:11 SKIP  noisebyclients__non-iid__metric-privacy__fedavg__n8__nm0p5 (already complete)
2026-08-06 19:37:11 PROGRESS 22/96 (0 failed so far)
2026-08-06 19:37:11 START noisebyclients__non-iid__global-dp__fedavg__n8__nm1
2026-08-06 19:39:38 DONE  noisebyclients__non-iid__global-dp__fedavg__n8__nm1 (147.6s)
2026-08-06 19:39:38 PROGRESS 23/96 (0 failed so far)
2026-08-06 19:39:38 SKIP  noisebyclients__non-iid__metric-privacy__fedavg__n8__nm1 (already complete)
2026-08-06 19:39:38 PROGRESS 24/96 (0 failed so far)
2026-08-06 19:39:38 SKIP  noisebyclients__homogeneous__global-dp__fedavg__n16__nm0p01 (already complete)
2026-08-06 19:39:38 PROGRESS 25/96 (0 failed so far)
2026-08-06 19:39:38 SKIP  noisebyclients__homogeneous__metric-privacy__fedavg__n16__nm0p01 (already complete)
2026-08-06 19:39:38 PROGRESS 26/96 (0 failed so far)
2026-08-06 19:39:38 SKIP  noisebyclients__homogeneous__global-dp__fedavg__n16__nm0p05 (already complete)
2026-08-06 19:39:38 PROGRESS 27/96 (0 failed so far)
2026-08-06 19:39:38 SKIP  noisebyclients__homogeneous__metric-privacy__fedavg__n16__nm0p05 (already complete)
2026-08-06 19:39:38 PROGRESS 28/96 (0 failed so far)
2026-08-06 19:39:38 SKIP  noisebyclients__homogeneous__global-dp__fedavg__n16__nm0p1 (already complete)
2026-08-06 19:39:38 PROGRESS 29/96 (0 failed so far)
2026-08-06 19:39:38 SKIP  noisebyclients__homogeneous__metric-privacy__fedavg__n16__nm0p1 (already complete)
2026-08-06 19:39:38 PROGRESS 30/96 (0 failed so far)
2026-08-06 19:39:38 SKIP  noisebyclients__homogeneous__global-dp__fedavg__n16__nm0p25 (already complete)
2026-08-06 19:39:38 PROGRESS 31/96 (0 failed so far)
2026-08-06 19:39:38 SKIP  noisebyclients__homogeneous__metric-privacy__fedavg__n16__nm0p25 (already complete)
2026-08-06 19:39:38 PROGRESS 32/96 (0 failed so far)
2026-08-06 19:39:38 START noisebyclients__homogeneous__global-dp__fedavg__n16__nm0p5
2026-08-06 19:42:24 DONE  noisebyclients__homogeneous__global-dp__fedavg__n16__nm0p5 (165.5s)
2026-08-06 19:42:24 PROGRESS 33/96 (0 failed so far)
2026-08-06 19:42:24 SKIP  noisebyclients__homogeneous__metric-privacy__fedavg__n16__nm0p5 (already complete)
2026-08-06 19:42:24 PROGRESS 34/96 (0 failed so far)
2026-08-06 19:42:24 START noisebyclients__homogeneous__global-dp__fedavg__n16__nm1
2026-08-06 19:44:59 DONE  noisebyclients__homogeneous__global-dp__fedavg__n16__nm1 (155.3s)
2026-08-06 19:44:59 PROGRESS 35/96 (0 failed so far)
2026-08-06 19:44:59 SKIP  noisebyclients__homogeneous__metric-privacy__fedavg__n16__nm1 (already complete)
2026-08-06 19:44:59 PROGRESS 36/96 (0 failed so far)
2026-08-06 19:44:59 SKIP  noisebyclients__non-iid__global-dp__fedavg__n16__nm0p01 (already complete)
2026-08-06 19:44:59 PROGRESS 37/96 (0 failed so far)
2026-08-06 19:44:59 SKIP  noisebyclients__non-iid__metric-privacy__fedavg__n16__nm0p01 (already complete)
2026-08-06 19:44:59 PROGRESS 38/96 (0 failed so far)
2026-08-06 19:44:59 SKIP  noisebyclients__non-iid__global-dp__fedavg__n16__nm0p05 (already complete)
2026-08-06 19:44:59 PROGRESS 39/96 (0 failed so far)
2026-08-06 19:44:59 SKIP  noisebyclients__non-iid__metric-privacy__fedavg__n16__nm0p05 (already complete)
2026-08-06 19:44:59 PROGRESS 40/96 (0 failed so far)
2026-08-06 19:44:59 SKIP  noisebyclients__non-iid__global-dp__fedavg__n16__nm0p1 (already complete)
2026-08-06 19:44:59 PROGRESS 41/96 (0 failed so far)
2026-08-06 19:44:59 SKIP  noisebyclients__non-iid__metric-privacy__fedavg__n16__nm0p1 (already complete)
2026-08-06 19:44:59 PROGRESS 42/96 (0 failed so far)
2026-08-06 19:44:59 SKIP  noisebyclients__non-iid__global-dp__fedavg__n16__nm0p25 (already complete)
2026-08-06 19:44:59 PROGRESS 43/96 (0 failed so far)
2026-08-06 19:44:59 SKIP  noisebyclients__non-iid__metric-privacy__fedavg__n16__nm0p25 (already complete)
2026-08-06 19:44:59 PROGRESS 44/96 (0 failed so far)
2026-08-06 19:44:59 START noisebyclients__non-iid__global-dp__fedavg__n16__nm0p5
2026-08-06 19:47:32 DONE  noisebyclients__non-iid__global-dp__fedavg__n16__nm0p5 (153.3s)
2026-08-06 19:47:32 PROGRESS 45/96 (0 failed so far)
2026-08-06 19:47:32 SKIP  noisebyclients__non-iid__metric-privacy__fedavg__n16__nm0p5 (already complete)
2026-08-06 19:47:32 PROGRESS 46/96 (0 failed so far)
2026-08-06 19:47:32 START noisebyclients__non-iid__global-dp__fedavg__n16__nm1
2026-08-06 19:50:10 DONE  noisebyclients__non-iid__global-dp__fedavg__n16__nm1 (158.0s)
2026-08-06 19:50:10 PROGRESS 47/96 (0 failed so far)
2026-08-06 19:50:10 SKIP  noisebyclients__non-iid__metric-privacy__fedavg__n16__nm1 (already complete)
2026-08-06 19:50:10 PROGRESS 48/96 (0 failed so far)
2026-08-06 19:50:10 SKIP  noisebyclients__homogeneous__global-dp__fedavg__n32__nm0p01 (already complete)
2026-08-06 19:50:10 PROGRESS 49/96 (0 failed so far)
2026-08-06 19:50:10 SKIP  noisebyclients__homogeneous__metric-privacy__fedavg__n32__nm0p01 (already complete)
2026-08-06 19:50:10 PROGRESS 50/96 (0 failed so far)
2026-08-06 19:50:10 SKIP  noisebyclients__homogeneous__global-dp__fedavg__n32__nm0p05 (already complete)
2026-08-06 19:50:10 PROGRESS 51/96 (0 failed so far)
2026-08-06 19:50:10 SKIP  noisebyclients__homogeneous__metric-privacy__fedavg__n32__nm0p05 (already complete)
2026-08-06 19:50:10 PROGRESS 52/96 (0 failed so far)
2026-08-06 19:50:10 SKIP  noisebyclients__homogeneous__global-dp__fedavg__n32__nm0p1 (already complete)
2026-08-06 19:50:10 PROGRESS 53/96 (0 failed so far)
2026-08-06 19:50:10 SKIP  noisebyclients__homogeneous__metric-privacy__fedavg__n32__nm0p1 (already complete)
2026-08-06 19:50:10 PROGRESS 54/96 (0 failed so far)
2026-08-06 19:50:10 SKIP  noisebyclients__homogeneous__global-dp__fedavg__n32__nm0p25 (already complete)
2026-08-06 19:50:10 PROGRESS 55/96 (0 failed so far)
2026-08-06 19:50:10 SKIP  noisebyclients__homogeneous__metric-privacy__fedavg__n32__nm0p25 (already complete)
2026-08-06 19:50:10 PROGRESS 56/96 (0 failed so far)
2026-08-06 19:50:10 SKIP  noisebyclients__homogeneous__global-dp__fedavg__n32__nm0p5 (already complete)
2026-08-06 19:50:10 PROGRESS 57/96 (0 failed so far)
2026-08-06 19:50:10 SKIP  noisebyclients__homogeneous__metric-privacy__fedavg__n32__nm0p5 (already complete)
2026-08-06 19:50:10 PROGRESS 58/96 (0 failed so far)
2026-08-06 19:50:10 START noisebyclients__homogeneous__global-dp__fedavg__n32__nm1
2026-08-06 19:53:22 DONE  noisebyclients__homogeneous__global-dp__fedavg__n32__nm1 (191.8s)
2026-08-06 19:53:22 PROGRESS 59/96 (0 failed so far)
2026-08-06 19:53:22 SKIP  noisebyclients__homogeneous__metric-privacy__fedavg__n32__nm1 (already complete)
2026-08-06 19:53:22 PROGRESS 60/96 (0 failed so far)
2026-08-06 19:53:22 SKIP  noisebyclients__non-iid__global-dp__fedavg__n32__nm0p01 (already complete)
2026-08-06 19:53:22 PROGRESS 61/96 (0 failed so far)
2026-08-06 19:53:22 SKIP  noisebyclients__non-iid__metric-privacy__fedavg__n32__nm0p01 (already complete)
2026-08-06 19:53:22 PROGRESS 62/96 (0 failed so far)
2026-08-06 19:53:22 SKIP  noisebyclients__non-iid__global-dp__fedavg__n32__nm0p05 (already complete)
2026-08-06 19:53:22 PROGRESS 63/96 (0 failed so far)
2026-08-06 19:53:22 SKIP  noisebyclients__non-iid__metric-privacy__fedavg__n32__nm0p05 (already complete)
2026-08-06 19:53:22 PROGRESS 64/96 (0 failed so far)
2026-08-06 19:53:22 SKIP  noisebyclients__non-iid__global-dp__fedavg__n32__nm0p1 (already complete)
2026-08-06 19:53:22 PROGRESS 65/96 (0 failed so far)
2026-08-06 19:53:22 SKIP  noisebyclients__non-iid__metric-privacy__fedavg__n32__nm0p1 (already complete)
2026-08-06 19:53:22 PROGRESS 66/96 (0 failed so far)
2026-08-06 19:53:22 SKIP  noisebyclients__non-iid__global-dp__fedavg__n32__nm0p25 (already complete)
2026-08-06 19:53:22 PROGRESS 67/96 (0 failed so far)
2026-08-06 19:53:22 SKIP  noisebyclients__non-iid__metric-privacy__fedavg__n32__nm0p25 (already complete)
2026-08-06 19:53:22 PROGRESS 68/96 (0 failed so far)
2026-08-06 19:53:22 SKIP  noisebyclients__non-iid__global-dp__fedavg__n32__nm0p5 (already complete)
2026-08-06 19:53:22 PROGRESS 69/96 (0 failed so far)
2026-08-06 19:53:22 SKIP  noisebyclients__non-iid__metric-privacy__fedavg__n32__nm0p5 (already complete)
2026-08-06 19:53:22 PROGRESS 70/96 (0 failed so far)
2026-08-06 19:53:22 START noisebyclients__non-iid__global-dp__fedavg__n32__nm1
2026-08-06 19:56:31 DONE  noisebyclients__non-iid__global-dp__fedavg__n32__nm1 (188.5s)
2026-08-06 19:56:31 PROGRESS 71/96 (0 failed so far)
2026-08-06 19:56:31 SKIP  noisebyclients__non-iid__metric-privacy__fedavg__n32__nm1 (already complete)
2026-08-06 19:56:31 PROGRESS 72/96 (0 failed so far)
2026-08-06 19:56:31 SKIP  noisebyclients__homogeneous__global-dp__fedavg__n48__nm0p01 (already complete)
2026-08-06 19:56:31 PROGRESS 73/96 (0 failed so far)
2026-08-06 19:56:31 SKIP  noisebyclients__homogeneous__metric-privacy__fedavg__n48__nm0p01 (already complete)
2026-08-06 19:56:31 PROGRESS 74/96 (0 failed so far)
2026-08-06 19:56:31 SKIP  noisebyclients__homogeneous__global-dp__fedavg__n48__nm0p05 (already complete)
2026-08-06 19:56:31 PROGRESS 75/96 (0 failed so far)
2026-08-06 19:56:31 SKIP  noisebyclients__homogeneous__metric-privacy__fedavg__n48__nm0p05 (already complete)
2026-08-06 19:56:31 PROGRESS 76/96 (0 failed so far)
2026-08-06 19:56:31 SKIP  noisebyclients__homogeneous__global-dp__fedavg__n48__nm0p1 (already complete)
2026-08-06 19:56:31 PROGRESS 77/96 (0 failed so far)
2026-08-06 19:56:31 SKIP  noisebyclients__homogeneous__metric-privacy__fedavg__n48__nm0p1 (already complete)
2026-08-06 19:56:31 PROGRESS 78/96 (0 failed so far)
2026-08-06 19:56:31 SKIP  noisebyclients__homogeneous__global-dp__fedavg__n48__nm0p25 (already complete)
2026-08-06 19:56:31 PROGRESS 79/96 (0 failed so far)
2026-08-06 19:56:31 SKIP  noisebyclients__homogeneous__metric-privacy__fedavg__n48__nm0p25 (already complete)
2026-08-06 19:56:31 PROGRESS 80/96 (0 failed so far)
2026-08-06 19:56:31 SKIP  noisebyclients__homogeneous__global-dp__fedavg__n48__nm0p5 (already complete)
2026-08-06 19:56:31 PROGRESS 81/96 (0 failed so far)
2026-08-06 19:56:31 SKIP  noisebyclients__homogeneous__metric-privacy__fedavg__n48__nm0p5 (already complete)
2026-08-06 19:56:31 PROGRESS 82/96 (0 failed so far)
2026-08-06 19:56:31 SKIP  noisebyclients__homogeneous__global-dp__fedavg__n48__nm1 (already complete)
2026-08-06 19:56:31 PROGRESS 83/96 (0 failed so far)
2026-08-06 19:56:31 SKIP  noisebyclients__homogeneous__metric-privacy__fedavg__n48__nm1 (already complete)
2026-08-06 19:56:31 PROGRESS 84/96 (0 failed so far)
2026-08-06 19:56:31 SKIP  noisebyclients__non-iid__global-dp__fedavg__n48__nm0p01 (already complete)
2026-08-06 19:56:31 PROGRESS 85/96 (0 failed so far)
2026-08-06 19:56:31 SKIP  noisebyclients__non-iid__metric-privacy__fedavg__n48__nm0p01 (already complete)
2026-08-06 19:56:31 PROGRESS 86/96 (0 failed so far)
2026-08-06 19:56:31 SKIP  noisebyclients__non-iid__global-dp__fedavg__n48__nm0p05 (already complete)
2026-08-06 19:56:31 PROGRESS 87/96 (0 failed so far)
2026-08-06 19:56:31 SKIP  noisebyclients__non-iid__metric-privacy__fedavg__n48__nm0p05 (already complete)
2026-08-06 19:56:31 PROGRESS 88/96 (0 failed so far)
2026-08-06 19:56:31 SKIP  noisebyclients__non-iid__global-dp__fedavg__n48__nm0p1 (already complete)
2026-08-06 19:56:31 PROGRESS 89/96 (0 failed so far)
2026-08-06 19:56:31 SKIP  noisebyclients__non-iid__metric-privacy__fedavg__n48__nm0p1 (already complete)
2026-08-06 19:56:31 PROGRESS 90/96 (0 failed so far)
2026-08-06 19:56:31 SKIP  noisebyclients__non-iid__global-dp__fedavg__n48__nm0p25 (already complete)
2026-08-06 19:56:31 PROGRESS 91/96 (0 failed so far)
2026-08-06 19:56:31 SKIP  noisebyclients__non-iid__metric-privacy__fedavg__n48__nm0p25 (already complete)
2026-08-06 19:56:31 PROGRESS 92/96 (0 failed so far)
2026-08-06 19:56:31 SKIP  noisebyclients__non-iid__global-dp__fedavg__n48__nm0p5 (already complete)
2026-08-06 19:56:31 PROGRESS 93/96 (0 failed so far)
2026-08-06 19:56:31 SKIP  noisebyclients__non-iid__metric-privacy__fedavg__n48__nm0p5 (already complete)
2026-08-06 19:56:31 PROGRESS 94/96 (0 failed so far)
2026-08-06 19:56:31 SKIP  noisebyclients__non-iid__global-dp__fedavg__n48__nm1 (already complete)
2026-08-06 19:56:31 PROGRESS 95/96 (0 failed so far)
2026-08-06 19:56:31 SKIP  noisebyclients__non-iid__metric-privacy__fedavg__n48__nm1 (already complete)
2026-08-06 19:56:31 PROGRESS 96/96 (0 failed so far)
2026-08-06 19:56:31 Sweep finished: 96/96 attempted, 0 failed
