2026-08-20 08:31:39 Alzheimer stage (metric-privacy, homogeneous, seed=42, noise_ratio=0.00124535469808234): 2 trajectories
2026-08-20 08:31:39 START alzheimer-in-remove__homogeneous__metric-privacy__fedavg__clients-48__seed-42__nm0p059777__clip5__rounds-100__epochs-5__alzheimer_remove__paper_cnn 
2026-08-20 08:56:57 DONE  alzheimer-in-remove__homogeneous__metric-privacy__fedavg__clients-48__seed-42__nm0p059777__clip5__rounds-100__epochs-5__alzheimer_remove__paper_cnn (1518.6s)
2026-08-20 08:56:58 EVALUATED alzheimer-in-remove__homogeneous__metric-privacy__fedavg__clients-48__seed-42__nm0p059777__clip5__rounds-100__epochs-5__alzheimer_remove__paper_cnn round=1 (checkpoint deleted)
2026-08-20 08:56:58 EVALUATED alzheimer-in-remove__homogeneous__metric-privacy__fedavg__clients-48__seed-42__nm0p059777__clip5__rounds-100__epochs-5__alzheimer_remove__paper_cnn round=10 (checkpoint deleted)
2026-08-20 08:56:59 EVALUATED alzheimer-in-remove__homogeneous__metric-privacy__fedavg__clients-48__seed-42__nm0p059777__clip5__rounds-100__epochs-5__alzheimer_remove__paper_cnn round=20 (checkpoint deleted)
2026-08-20 08:56:59 EVALUATED alzheimer-in-remove__homogeneous__metric-privacy__fedavg__clients-48__seed-42__nm0p059777__clip5__rounds-100__epochs-5__alzheimer_remove__paper_cnn round=30 (checkpoint deleted)
2026-08-20 08:57:00 EVALUATED alzheimer-in-remove__homogeneous__metric-privacy__fedavg__clients-48__seed-42__nm0p059777__clip5__rounds-100__epochs-5__alzheimer_remove__paper_cnn round=40 (checkpoint deleted)
2026-08-20 08:57:00 EVALUATED alzheimer-in-remove__homogeneous__metric-privacy__fedavg__clients-48__seed-42__nm0p059777__clip5__rounds-100__epochs-5__alzheimer_remove__paper_cnn round=50 (checkpoint deleted)
2026-08-20 08:57:01 EVALUATED alzheimer-in-remove__homogeneous__metric-privacy__fedavg__clients-48__seed-42__nm0p059777__clip5__rounds-100__epochs-5__alzheimer_remove__paper_cnn round=60 (checkpoint deleted)
2026-08-20 08:57:01 EVALUATED alzheimer-in-remove__homogeneous__metric-privacy__fedavg__clients-48__seed-42__nm0p059777__clip5__rounds-100__epochs-5__alzheimer_remove__paper_cnn round=70 (checkpoint deleted)
2026-08-20 08:57:02 EVALUATED alzheimer-in-remove__homogeneous__metric-privacy__fedavg__clients-48__seed-42__nm0p059777__clip5__rounds-100__epochs-5__alzheimer_remove__paper_cnn round=80 (checkpoint deleted)
2026-08-20 08:57:02 EVALUATED alzheimer-in-remove__homogeneous__metric-privacy__fedavg__clients-48__seed-42__nm0p059777__clip5__rounds-100__epochs-5__alzheimer_remove__paper_cnn round=90 (checkpoint deleted)
2026-08-20 08:57:03 EVALUATED alzheimer-in-remove__homogeneous__metric-privacy__fedavg__clients-48__seed-42__nm0p059777__clip5__rounds-100__epochs-5__alzheimer_remove__paper_cnn round=100 (checkpoint deleted)
2026-08-20 08:57:03 PROGRESS 1/2 (0 failed so far)
2026-08-20 08:57:03 START alzheimer-out-remove__homogeneous__metric-privacy__fedavg__clients-47__seed-42__nm0p0585317__clip5__rounds-100__epochs-5__alzheimer_remove__paper_cnn 
2026-08-20 09:22:15 DONE  alzheimer-out-remove__homogeneous__metric-privacy__fedavg__clients-47__seed-42__nm0p0585317__clip5__rounds-100__epochs-5__alzheimer_remove__paper_cnn (1512.8s)
2026-08-20 09:22:16 EVALUATED alzheimer-out-remove__homogeneous__metric-privacy__fedavg__clients-47__seed-42__nm0p0585317__clip5__rounds-100__epochs-5__alzheimer_remove__paper_cnn round=1 (checkpoint deleted)
2026-08-20 09:22:16 EVALUATED alzheimer-out-remove__homogeneous__metric-privacy__fedavg__clients-47__seed-42__nm0p0585317__clip5__rounds-100__epochs-5__alzheimer_remove__paper_cnn round=10 (checkpoint deleted)
2026-08-20 09:22:17 EVALUATED alzheimer-out-remove__homogeneous__metric-privacy__fedavg__clients-47__seed-42__nm0p0585317__clip5__rounds-100__epochs-5__alzheimer_remove__paper_cnn round=20 (checkpoint deleted)
2026-08-20 09:22:17 EVALUATED alzheimer-out-remove__homogeneous__metric-privacy__fedavg__clients-47__seed-42__nm0p0585317__clip5__rounds-100__epochs-5__alzheimer_remove__paper_cnn round=30 (checkpoint deleted)
2026-08-20 09:22:18 EVALUATED alzheimer-out-remove__homogeneous__metric-privacy__fedavg__clients-47__seed-42__nm0p0585317__clip5__rounds-100__epochs-5__alzheimer_remove__paper_cnn round=40 (checkpoint deleted)
2026-08-20 09:22:18 EVALUATED alzheimer-out-remove__homogeneous__metric-privacy__fedavg__clients-47__seed-42__nm0p0585317__clip5__rounds-100__epochs-5__alzheimer_remove__paper_cnn round=50 (checkpoint deleted)
2026-08-20 09:22:19 EVALUATED alzheimer-out-remove__homogeneous__metric-privacy__fedavg__clients-47__seed-42__nm0p0585317__clip5__rounds-100__epochs-5__alzheimer_remove__paper_cnn round=60 (checkpoint deleted)
2026-08-20 09:22:19 EVALUATED alzheimer-out-remove__homogeneous__metric-privacy__fedavg__clients-47__seed-42__nm0p0585317__clip5__rounds-100__epochs-5__alzheimer_remove__paper_cnn round=70 (checkpoint deleted)
2026-08-20 09:22:20 EVALUATED alzheimer-out-remove__homogeneous__metric-privacy__fedavg__clients-47__seed-42__nm0p0585317__clip5__rounds-100__epochs-5__alzheimer_remove__paper_cnn round=80 (checkpoint deleted)
2026-08-20 09:22:20 EVALUATED alzheimer-out-remove__homogeneous__metric-privacy__fedavg__clients-47__seed-42__nm0p0585317__clip5__rounds-100__epochs-5__alzheimer_remove__paper_cnn round=90 (checkpoint deleted)
2026-08-20 09:22:21 EVALUATED alzheimer-out-remove__homogeneous__metric-privacy__fedavg__clients-47__seed-42__nm0p0585317__clip5__rounds-100__epochs-5__alzheimer_remove__paper_cnn round=100 (checkpoint deleted)
2026-08-20 09:22:21 PROGRESS 2/2 (0 failed so far)
2026-08-20 09:22:21 Sweep finished: 2/2 attempted, 0 failed
