2026-08-13 22:42:43 CIFAR-10 removal CIA chunk (metric-privacy, clients=8, noise_ratio=0.004): 2 trajectories
2026-08-13 22:42:43 START cifar10-in-remove__non-iid__metric-privacy__fedavg__clients-8__seed-42__nm0p032__clip5__rounds-20__epochs-5__cifar10_remove__cifar10_cnn 
2026-08-13 22:54:17 DONE  cifar10-in-remove__non-iid__metric-privacy__fedavg__clients-8__seed-42__nm0p032__clip5__rounds-20__epochs-5__cifar10_remove__cifar10_cnn (693.5s)
2026-08-13 22:54:26 EVALUATED cifar10-in-remove__non-iid__metric-privacy__fedavg__clients-8__seed-42__nm0p032__clip5__rounds-20__epochs-5__cifar10_remove__cifar10_cnn round=1 (checkpoint deleted)
2026-08-13 22:54:33 EVALUATED cifar10-in-remove__non-iid__metric-privacy__fedavg__clients-8__seed-42__nm0p032__clip5__rounds-20__epochs-5__cifar10_remove__cifar10_cnn round=2 (checkpoint deleted)
2026-08-13 22:54:40 EVALUATED cifar10-in-remove__non-iid__metric-privacy__fedavg__clients-8__seed-42__nm0p032__clip5__rounds-20__epochs-5__cifar10_remove__cifar10_cnn round=3 (checkpoint deleted)
2026-08-13 22:54:47 EVALUATED cifar10-in-remove__non-iid__metric-privacy__fedavg__clients-8__seed-42__nm0p032__clip5__rounds-20__epochs-5__cifar10_remove__cifar10_cnn round=4 (checkpoint deleted)
2026-08-13 22:54:55 EVALUATED cifar10-in-remove__non-iid__metric-privacy__fedavg__clients-8__seed-42__nm0p032__clip5__rounds-20__epochs-5__cifar10_remove__cifar10_cnn round=5 (checkpoint deleted)
2026-08-13 22:55:02 EVALUATED cifar10-in-remove__non-iid__metric-privacy__fedavg__clients-8__seed-42__nm0p032__clip5__rounds-20__epochs-5__cifar10_remove__cifar10_cnn round=6 (checkpoint deleted)
2026-08-13 22:55:09 EVALUATED cifar10-in-remove__non-iid__metric-privacy__fedavg__clients-8__seed-42__nm0p032__clip5__rounds-20__epochs-5__cifar10_remove__cifar10_cnn round=7 (checkpoint deleted)
2026-08-13 22:55:17 EVALUATED cifar10-in-remove__non-iid__metric-privacy__fedavg__clients-8__seed-42__nm0p032__clip5__rounds-20__epochs-5__cifar10_remove__cifar10_cnn round=8 (checkpoint deleted)
2026-08-13 22:55:24 EVALUATED cifar10-in-remove__non-iid__metric-privacy__fedavg__clients-8__seed-42__nm0p032__clip5__rounds-20__epochs-5__cifar10_remove__cifar10_cnn round=9 (checkpoint deleted)
2026-08-13 22:55:31 EVALUATED cifar10-in-remove__non-iid__metric-privacy__fedavg__clients-8__seed-42__nm0p032__clip5__rounds-20__epochs-5__cifar10_remove__cifar10_cnn round=10 (checkpoint deleted)
2026-08-13 22:55:38 EVALUATED cifar10-in-remove__non-iid__metric-privacy__fedavg__clients-8__seed-42__nm0p032__clip5__rounds-20__epochs-5__cifar10_remove__cifar10_cnn round=11 (checkpoint deleted)
2026-08-13 22:55:46 EVALUATED cifar10-in-remove__non-iid__metric-privacy__fedavg__clients-8__seed-42__nm0p032__clip5__rounds-20__epochs-5__cifar10_remove__cifar10_cnn round=12 (checkpoint deleted)
2026-08-13 22:55:53 EVALUATED cifar10-in-remove__non-iid__metric-privacy__fedavg__clients-8__seed-42__nm0p032__clip5__rounds-20__epochs-5__cifar10_remove__cifar10_cnn round=13 (checkpoint deleted)
2026-08-13 22:56:01 EVALUATED cifar10-in-remove__non-iid__metric-privacy__fedavg__clients-8__seed-42__nm0p032__clip5__rounds-20__epochs-5__cifar10_remove__cifar10_cnn round=14 (checkpoint deleted)
2026-08-13 22:56:08 EVALUATED cifar10-in-remove__non-iid__metric-privacy__fedavg__clients-8__seed-42__nm0p032__clip5__rounds-20__epochs-5__cifar10_remove__cifar10_cnn round=15 (checkpoint deleted)
2026-08-13 22:56:15 EVALUATED cifar10-in-remove__non-iid__metric-privacy__fedavg__clients-8__seed-42__nm0p032__clip5__rounds-20__epochs-5__cifar10_remove__cifar10_cnn round=16 (checkpoint deleted)
2026-08-13 22:56:22 EVALUATED cifar10-in-remove__non-iid__metric-privacy__fedavg__clients-8__seed-42__nm0p032__clip5__rounds-20__epochs-5__cifar10_remove__cifar10_cnn round=17 (checkpoint deleted)
2026-08-13 22:56:30 EVALUATED cifar10-in-remove__non-iid__metric-privacy__fedavg__clients-8__seed-42__nm0p032__clip5__rounds-20__epochs-5__cifar10_remove__cifar10_cnn round=18 (checkpoint deleted)
2026-08-13 22:56:37 EVALUATED cifar10-in-remove__non-iid__metric-privacy__fedavg__clients-8__seed-42__nm0p032__clip5__rounds-20__epochs-5__cifar10_remove__cifar10_cnn round=19 (checkpoint deleted)
2026-08-13 22:56:44 EVALUATED cifar10-in-remove__non-iid__metric-privacy__fedavg__clients-8__seed-42__nm0p032__clip5__rounds-20__epochs-5__cifar10_remove__cifar10_cnn round=20 (checkpoint deleted)
2026-08-13 22:56:44 PROGRESS 1/2 (0 failed so far)
2026-08-13 22:56:44 START cifar10-out-remove__non-iid__metric-privacy__fedavg__clients-7__seed-42__nm0p028__clip5__rounds-20__epochs-5__cifar10_remove__cifar10_cnn 
2026-08-13 23:07:52 DONE  cifar10-out-remove__non-iid__metric-privacy__fedavg__clients-7__seed-42__nm0p028__clip5__rounds-20__epochs-5__cifar10_remove__cifar10_cnn (668.1s)
2026-08-13 23:08:00 EVALUATED cifar10-out-remove__non-iid__metric-privacy__fedavg__clients-7__seed-42__nm0p028__clip5__rounds-20__epochs-5__cifar10_remove__cifar10_cnn round=1 (checkpoint deleted)
2026-08-13 23:08:07 EVALUATED cifar10-out-remove__non-iid__metric-privacy__fedavg__clients-7__seed-42__nm0p028__clip5__rounds-20__epochs-5__cifar10_remove__cifar10_cnn round=2 (checkpoint deleted)
2026-08-13 23:08:14 EVALUATED cifar10-out-remove__non-iid__metric-privacy__fedavg__clients-7__seed-42__nm0p028__clip5__rounds-20__epochs-5__cifar10_remove__cifar10_cnn round=3 (checkpoint deleted)
2026-08-13 23:08:22 EVALUATED cifar10-out-remove__non-iid__metric-privacy__fedavg__clients-7__seed-42__nm0p028__clip5__rounds-20__epochs-5__cifar10_remove__cifar10_cnn round=4 (checkpoint deleted)
2026-08-13 23:08:29 EVALUATED cifar10-out-remove__non-iid__metric-privacy__fedavg__clients-7__seed-42__nm0p028__clip5__rounds-20__epochs-5__cifar10_remove__cifar10_cnn round=5 (checkpoint deleted)
2026-08-13 23:08:36 EVALUATED cifar10-out-remove__non-iid__metric-privacy__fedavg__clients-7__seed-42__nm0p028__clip5__rounds-20__epochs-5__cifar10_remove__cifar10_cnn round=6 (checkpoint deleted)
2026-08-13 23:08:44 EVALUATED cifar10-out-remove__non-iid__metric-privacy__fedavg__clients-7__seed-42__nm0p028__clip5__rounds-20__epochs-5__cifar10_remove__cifar10_cnn round=7 (checkpoint deleted)
2026-08-13 23:08:51 EVALUATED cifar10-out-remove__non-iid__metric-privacy__fedavg__clients-7__seed-42__nm0p028__clip5__rounds-20__epochs-5__cifar10_remove__cifar10_cnn round=8 (checkpoint deleted)
2026-08-13 23:08:58 EVALUATED cifar10-out-remove__non-iid__metric-privacy__fedavg__clients-7__seed-42__nm0p028__clip5__rounds-20__epochs-5__cifar10_remove__cifar10_cnn round=9 (checkpoint deleted)
2026-08-13 23:09:06 EVALUATED cifar10-out-remove__non-iid__metric-privacy__fedavg__clients-7__seed-42__nm0p028__clip5__rounds-20__epochs-5__cifar10_remove__cifar10_cnn round=10 (checkpoint deleted)
2026-08-13 23:09:13 EVALUATED cifar10-out-remove__non-iid__metric-privacy__fedavg__clients-7__seed-42__nm0p028__clip5__rounds-20__epochs-5__cifar10_remove__cifar10_cnn round=11 (checkpoint deleted)
2026-08-13 23:09:20 EVALUATED cifar10-out-remove__non-iid__metric-privacy__fedavg__clients-7__seed-42__nm0p028__clip5__rounds-20__epochs-5__cifar10_remove__cifar10_cnn round=12 (checkpoint deleted)
2026-08-13 23:09:28 EVALUATED cifar10-out-remove__non-iid__metric-privacy__fedavg__clients-7__seed-42__nm0p028__clip5__rounds-20__epochs-5__cifar10_remove__cifar10_cnn round=13 (checkpoint deleted)
2026-08-13 23:09:35 EVALUATED cifar10-out-remove__non-iid__metric-privacy__fedavg__clients-7__seed-42__nm0p028__clip5__rounds-20__epochs-5__cifar10_remove__cifar10_cnn round=14 (checkpoint deleted)
2026-08-13 23:09:42 EVALUATED cifar10-out-remove__non-iid__metric-privacy__fedavg__clients-7__seed-42__nm0p028__clip5__rounds-20__epochs-5__cifar10_remove__cifar10_cnn round=15 (checkpoint deleted)
2026-08-13 23:09:49 EVALUATED cifar10-out-remove__non-iid__metric-privacy__fedavg__clients-7__seed-42__nm0p028__clip5__rounds-20__epochs-5__cifar10_remove__cifar10_cnn round=16 (checkpoint deleted)
2026-08-13 23:09:57 EVALUATED cifar10-out-remove__non-iid__metric-privacy__fedavg__clients-7__seed-42__nm0p028__clip5__rounds-20__epochs-5__cifar10_remove__cifar10_cnn round=17 (checkpoint deleted)
2026-08-13 23:10:04 EVALUATED cifar10-out-remove__non-iid__metric-privacy__fedavg__clients-7__seed-42__nm0p028__clip5__rounds-20__epochs-5__cifar10_remove__cifar10_cnn round=18 (checkpoint deleted)
2026-08-13 23:10:11 EVALUATED cifar10-out-remove__non-iid__metric-privacy__fedavg__clients-7__seed-42__nm0p028__clip5__rounds-20__epochs-5__cifar10_remove__cifar10_cnn round=19 (checkpoint deleted)
2026-08-13 23:10:19 EVALUATED cifar10-out-remove__non-iid__metric-privacy__fedavg__clients-7__seed-42__nm0p028__clip5__rounds-20__epochs-5__cifar10_remove__cifar10_cnn round=20 (checkpoint deleted)
2026-08-13 23:10:19 PROGRESS 2/2 (0 failed so far)
2026-08-13 23:10:19 Sweep finished: 2/2 attempted, 0 failed
