2026-08-20 10:13:04 Alzheimer stage (metric-privacy, homogeneous, seed=42, noise_ratio=0.00498141879232936): 2 trajectories
2026-08-20 10:13:04 START alzheimer-in-remove__homogeneous__metric-privacy__fedavg__clients-48__seed-42__nm0p239108__clip5__rounds-100__epochs-5__alzheimer_remove__paper_cnn 
2026-08-20 10:35:48 DONE  alzheimer-in-remove__homogeneous__metric-privacy__fedavg__clients-48__seed-42__nm0p239108__clip5__rounds-100__epochs-5__alzheimer_remove__paper_cnn (1364.3s)
2026-08-20 10:35:48 EVALUATED alzheimer-in-remove__homogeneous__metric-privacy__fedavg__clients-48__seed-42__nm0p239108__clip5__rounds-100__epochs-5__alzheimer_remove__paper_cnn round=1 (checkpoint deleted)
2026-08-20 10:35:49 EVALUATED alzheimer-in-remove__homogeneous__metric-privacy__fedavg__clients-48__seed-42__nm0p239108__clip5__rounds-100__epochs-5__alzheimer_remove__paper_cnn round=10 (checkpoint deleted)
2026-08-20 10:35:49 EVALUATED alzheimer-in-remove__homogeneous__metric-privacy__fedavg__clients-48__seed-42__nm0p239108__clip5__rounds-100__epochs-5__alzheimer_remove__paper_cnn round=20 (checkpoint deleted)
2026-08-20 10:35:50 EVALUATED alzheimer-in-remove__homogeneous__metric-privacy__fedavg__clients-48__seed-42__nm0p239108__clip5__rounds-100__epochs-5__alzheimer_remove__paper_cnn round=30 (checkpoint deleted)
2026-08-20 10:35:50 EVALUATED alzheimer-in-remove__homogeneous__metric-privacy__fedavg__clients-48__seed-42__nm0p239108__clip5__rounds-100__epochs-5__alzheimer_remove__paper_cnn round=40 (checkpoint deleted)
2026-08-20 10:35:51 EVALUATED alzheimer-in-remove__homogeneous__metric-privacy__fedavg__clients-48__seed-42__nm0p239108__clip5__rounds-100__epochs-5__alzheimer_remove__paper_cnn round=50 (checkpoint deleted)
2026-08-20 10:35:51 EVALUATED alzheimer-in-remove__homogeneous__metric-privacy__fedavg__clients-48__seed-42__nm0p239108__clip5__rounds-100__epochs-5__alzheimer_remove__paper_cnn round=60 (checkpoint deleted)
2026-08-20 10:35:52 EVALUATED alzheimer-in-remove__homogeneous__metric-privacy__fedavg__clients-48__seed-42__nm0p239108__clip5__rounds-100__epochs-5__alzheimer_remove__paper_cnn round=70 (checkpoint deleted)
2026-08-20 10:35:52 EVALUATED alzheimer-in-remove__homogeneous__metric-privacy__fedavg__clients-48__seed-42__nm0p239108__clip5__rounds-100__epochs-5__alzheimer_remove__paper_cnn round=80 (checkpoint deleted)
2026-08-20 10:35:53 EVALUATED alzheimer-in-remove__homogeneous__metric-privacy__fedavg__clients-48__seed-42__nm0p239108__clip5__rounds-100__epochs-5__alzheimer_remove__paper_cnn round=90 (checkpoint deleted)
2026-08-20 10:35:53 EVALUATED alzheimer-in-remove__homogeneous__metric-privacy__fedavg__clients-48__seed-42__nm0p239108__clip5__rounds-100__epochs-5__alzheimer_remove__paper_cnn round=100 (checkpoint deleted)
2026-08-20 10:35:53 PROGRESS 1/2 (0 failed so far)
2026-08-20 10:35:53 START alzheimer-out-remove__homogeneous__metric-privacy__fedavg__clients-47__seed-42__nm0p234127__clip5__rounds-100__epochs-5__alzheimer_remove__paper_cnn 
2026-08-20 10:57:36 DONE  alzheimer-out-remove__homogeneous__metric-privacy__fedavg__clients-47__seed-42__nm0p234127__clip5__rounds-100__epochs-5__alzheimer_remove__paper_cnn (1302.4s)
2026-08-20 10:57:36 EVALUATED alzheimer-out-remove__homogeneous__metric-privacy__fedavg__clients-47__seed-42__nm0p234127__clip5__rounds-100__epochs-5__alzheimer_remove__paper_cnn round=1 (checkpoint deleted)
2026-08-20 10:57:36 EVALUATED alzheimer-out-remove__homogeneous__metric-privacy__fedavg__clients-47__seed-42__nm0p234127__clip5__rounds-100__epochs-5__alzheimer_remove__paper_cnn round=10 (checkpoint deleted)
2026-08-20 10:57:37 EVALUATED alzheimer-out-remove__homogeneous__metric-privacy__fedavg__clients-47__seed-42__nm0p234127__clip5__rounds-100__epochs-5__alzheimer_remove__paper_cnn round=20 (checkpoint deleted)
2026-08-20 10:57:37 EVALUATED alzheimer-out-remove__homogeneous__metric-privacy__fedavg__clients-47__seed-42__nm0p234127__clip5__rounds-100__epochs-5__alzheimer_remove__paper_cnn round=30 (checkpoint deleted)
2026-08-20 10:57:38 EVALUATED alzheimer-out-remove__homogeneous__metric-privacy__fedavg__clients-47__seed-42__nm0p234127__clip5__rounds-100__epochs-5__alzheimer_remove__paper_cnn round=40 (checkpoint deleted)
2026-08-20 10:57:38 EVALUATED alzheimer-out-remove__homogeneous__metric-privacy__fedavg__clients-47__seed-42__nm0p234127__clip5__rounds-100__epochs-5__alzheimer_remove__paper_cnn round=50 (checkpoint deleted)
2026-08-20 10:57:39 EVALUATED alzheimer-out-remove__homogeneous__metric-privacy__fedavg__clients-47__seed-42__nm0p234127__clip5__rounds-100__epochs-5__alzheimer_remove__paper_cnn round=60 (checkpoint deleted)
2026-08-20 10:57:39 EVALUATED alzheimer-out-remove__homogeneous__metric-privacy__fedavg__clients-47__seed-42__nm0p234127__clip5__rounds-100__epochs-5__alzheimer_remove__paper_cnn round=70 (checkpoint deleted)
2026-08-20 10:57:40 EVALUATED alzheimer-out-remove__homogeneous__metric-privacy__fedavg__clients-47__seed-42__nm0p234127__clip5__rounds-100__epochs-5__alzheimer_remove__paper_cnn round=80 (checkpoint deleted)
2026-08-20 10:57:40 EVALUATED alzheimer-out-remove__homogeneous__metric-privacy__fedavg__clients-47__seed-42__nm0p234127__clip5__rounds-100__epochs-5__alzheimer_remove__paper_cnn round=90 (checkpoint deleted)
2026-08-20 10:57:41 EVALUATED alzheimer-out-remove__homogeneous__metric-privacy__fedavg__clients-47__seed-42__nm0p234127__clip5__rounds-100__epochs-5__alzheimer_remove__paper_cnn round=100 (checkpoint deleted)
2026-08-20 10:57:41 PROGRESS 2/2 (0 failed so far)
2026-08-20 10:57:41 Sweep finished: 2/2 attempted, 0 failed
