2026-08-21 20:58:54 CIFAR-10 stage (metric-privacy, non-iid, seed=43, noise_ratio=0.01): 2 trajectories
2026-08-21 20:58:54 START cifar10-in-remove__non-iid__metric-privacy__fedavg__clients-100__seed-43__nm1__clip5__rounds-20__epochs-5__cifar10_remove__cifar10_cnn 
2026-08-21 21:05:46 DONE  cifar10-in-remove__non-iid__metric-privacy__fedavg__clients-100__seed-43__nm1__clip5__rounds-20__epochs-5__cifar10_remove__cifar10_cnn (412.1s)
2026-08-21 21:05:49 EVALUATED cifar10-in-remove__non-iid__metric-privacy__fedavg__clients-100__seed-43__nm1__clip5__rounds-20__epochs-5__cifar10_remove__cifar10_cnn round=1 (checkpoint deleted)
2026-08-21 21:05:52 EVALUATED cifar10-in-remove__non-iid__metric-privacy__fedavg__clients-100__seed-43__nm1__clip5__rounds-20__epochs-5__cifar10_remove__cifar10_cnn round=2 (checkpoint deleted)
2026-08-21 21:05:56 EVALUATED cifar10-in-remove__non-iid__metric-privacy__fedavg__clients-100__seed-43__nm1__clip5__rounds-20__epochs-5__cifar10_remove__cifar10_cnn round=3 (checkpoint deleted)
2026-08-21 21:05:59 EVALUATED cifar10-in-remove__non-iid__metric-privacy__fedavg__clients-100__seed-43__nm1__clip5__rounds-20__epochs-5__cifar10_remove__cifar10_cnn round=4 (checkpoint deleted)
2026-08-21 21:06:02 EVALUATED cifar10-in-remove__non-iid__metric-privacy__fedavg__clients-100__seed-43__nm1__clip5__rounds-20__epochs-5__cifar10_remove__cifar10_cnn round=5 (checkpoint deleted)
2026-08-21 21:06:05 EVALUATED cifar10-in-remove__non-iid__metric-privacy__fedavg__clients-100__seed-43__nm1__clip5__rounds-20__epochs-5__cifar10_remove__cifar10_cnn round=6 (checkpoint deleted)
2026-08-21 21:06:08 EVALUATED cifar10-in-remove__non-iid__metric-privacy__fedavg__clients-100__seed-43__nm1__clip5__rounds-20__epochs-5__cifar10_remove__cifar10_cnn round=7 (checkpoint deleted)
2026-08-21 21:06:11 EVALUATED cifar10-in-remove__non-iid__metric-privacy__fedavg__clients-100__seed-43__nm1__clip5__rounds-20__epochs-5__cifar10_remove__cifar10_cnn round=8 (checkpoint deleted)
2026-08-21 21:06:14 EVALUATED cifar10-in-remove__non-iid__metric-privacy__fedavg__clients-100__seed-43__nm1__clip5__rounds-20__epochs-5__cifar10_remove__cifar10_cnn round=9 (checkpoint deleted)
2026-08-21 21:06:17 EVALUATED cifar10-in-remove__non-iid__metric-privacy__fedavg__clients-100__seed-43__nm1__clip5__rounds-20__epochs-5__cifar10_remove__cifar10_cnn round=10 (checkpoint deleted)
2026-08-21 21:06:20 EVALUATED cifar10-in-remove__non-iid__metric-privacy__fedavg__clients-100__seed-43__nm1__clip5__rounds-20__epochs-5__cifar10_remove__cifar10_cnn round=11 (checkpoint deleted)
2026-08-21 21:06:23 EVALUATED cifar10-in-remove__non-iid__metric-privacy__fedavg__clients-100__seed-43__nm1__clip5__rounds-20__epochs-5__cifar10_remove__cifar10_cnn round=12 (checkpoint deleted)
2026-08-21 21:06:26 EVALUATED cifar10-in-remove__non-iid__metric-privacy__fedavg__clients-100__seed-43__nm1__clip5__rounds-20__epochs-5__cifar10_remove__cifar10_cnn round=13 (checkpoint deleted)
2026-08-21 21:06:29 EVALUATED cifar10-in-remove__non-iid__metric-privacy__fedavg__clients-100__seed-43__nm1__clip5__rounds-20__epochs-5__cifar10_remove__cifar10_cnn round=14 (checkpoint deleted)
2026-08-21 21:06:32 EVALUATED cifar10-in-remove__non-iid__metric-privacy__fedavg__clients-100__seed-43__nm1__clip5__rounds-20__epochs-5__cifar10_remove__cifar10_cnn round=15 (checkpoint deleted)
2026-08-21 21:06:35 EVALUATED cifar10-in-remove__non-iid__metric-privacy__fedavg__clients-100__seed-43__nm1__clip5__rounds-20__epochs-5__cifar10_remove__cifar10_cnn round=16 (checkpoint deleted)
2026-08-21 21:06:38 EVALUATED cifar10-in-remove__non-iid__metric-privacy__fedavg__clients-100__seed-43__nm1__clip5__rounds-20__epochs-5__cifar10_remove__cifar10_cnn round=17 (checkpoint deleted)
2026-08-21 21:06:41 EVALUATED cifar10-in-remove__non-iid__metric-privacy__fedavg__clients-100__seed-43__nm1__clip5__rounds-20__epochs-5__cifar10_remove__cifar10_cnn round=18 (checkpoint deleted)
2026-08-21 21:06:44 EVALUATED cifar10-in-remove__non-iid__metric-privacy__fedavg__clients-100__seed-43__nm1__clip5__rounds-20__epochs-5__cifar10_remove__cifar10_cnn round=19 (checkpoint deleted)
2026-08-21 21:06:47 EVALUATED cifar10-in-remove__non-iid__metric-privacy__fedavg__clients-100__seed-43__nm1__clip5__rounds-20__epochs-5__cifar10_remove__cifar10_cnn round=20 (checkpoint deleted)
2026-08-21 21:06:47 PROGRESS 1/2 (0 failed so far)
2026-08-21 21:06:47 START cifar10-out-remove__non-iid__metric-privacy__fedavg__clients-99__seed-43__nm0p99__clip5__rounds-20__epochs-5__cifar10_remove__cifar10_cnn 
2026-08-21 21:13:36 DONE  cifar10-out-remove__non-iid__metric-privacy__fedavg__clients-99__seed-43__nm0p99__clip5__rounds-20__epochs-5__cifar10_remove__cifar10_cnn (408.9s)
2026-08-21 21:13:39 EVALUATED cifar10-out-remove__non-iid__metric-privacy__fedavg__clients-99__seed-43__nm0p99__clip5__rounds-20__epochs-5__cifar10_remove__cifar10_cnn round=1 (checkpoint deleted)
2026-08-21 21:13:42 EVALUATED cifar10-out-remove__non-iid__metric-privacy__fedavg__clients-99__seed-43__nm0p99__clip5__rounds-20__epochs-5__cifar10_remove__cifar10_cnn round=2 (checkpoint deleted)
2026-08-21 21:13:45 EVALUATED cifar10-out-remove__non-iid__metric-privacy__fedavg__clients-99__seed-43__nm0p99__clip5__rounds-20__epochs-5__cifar10_remove__cifar10_cnn round=3 (checkpoint deleted)
2026-08-21 21:13:48 EVALUATED cifar10-out-remove__non-iid__metric-privacy__fedavg__clients-99__seed-43__nm0p99__clip5__rounds-20__epochs-5__cifar10_remove__cifar10_cnn round=4 (checkpoint deleted)
2026-08-21 21:13:50 EVALUATED cifar10-out-remove__non-iid__metric-privacy__fedavg__clients-99__seed-43__nm0p99__clip5__rounds-20__epochs-5__cifar10_remove__cifar10_cnn round=5 (checkpoint deleted)
2026-08-21 21:13:53 EVALUATED cifar10-out-remove__non-iid__metric-privacy__fedavg__clients-99__seed-43__nm0p99__clip5__rounds-20__epochs-5__cifar10_remove__cifar10_cnn round=6 (checkpoint deleted)
2026-08-21 21:13:56 EVALUATED cifar10-out-remove__non-iid__metric-privacy__fedavg__clients-99__seed-43__nm0p99__clip5__rounds-20__epochs-5__cifar10_remove__cifar10_cnn round=7 (checkpoint deleted)
2026-08-21 21:13:59 EVALUATED cifar10-out-remove__non-iid__metric-privacy__fedavg__clients-99__seed-43__nm0p99__clip5__rounds-20__epochs-5__cifar10_remove__cifar10_cnn round=8 (checkpoint deleted)
2026-08-21 21:14:02 EVALUATED cifar10-out-remove__non-iid__metric-privacy__fedavg__clients-99__seed-43__nm0p99__clip5__rounds-20__epochs-5__cifar10_remove__cifar10_cnn round=9 (checkpoint deleted)
2026-08-21 21:14:05 EVALUATED cifar10-out-remove__non-iid__metric-privacy__fedavg__clients-99__seed-43__nm0p99__clip5__rounds-20__epochs-5__cifar10_remove__cifar10_cnn round=10 (checkpoint deleted)
2026-08-21 21:14:08 EVALUATED cifar10-out-remove__non-iid__metric-privacy__fedavg__clients-99__seed-43__nm0p99__clip5__rounds-20__epochs-5__cifar10_remove__cifar10_cnn round=11 (checkpoint deleted)
2026-08-21 21:14:11 EVALUATED cifar10-out-remove__non-iid__metric-privacy__fedavg__clients-99__seed-43__nm0p99__clip5__rounds-20__epochs-5__cifar10_remove__cifar10_cnn round=12 (checkpoint deleted)
2026-08-21 21:14:14 EVALUATED cifar10-out-remove__non-iid__metric-privacy__fedavg__clients-99__seed-43__nm0p99__clip5__rounds-20__epochs-5__cifar10_remove__cifar10_cnn round=13 (checkpoint deleted)
2026-08-21 21:14:17 EVALUATED cifar10-out-remove__non-iid__metric-privacy__fedavg__clients-99__seed-43__nm0p99__clip5__rounds-20__epochs-5__cifar10_remove__cifar10_cnn round=14 (checkpoint deleted)
2026-08-21 21:14:20 EVALUATED cifar10-out-remove__non-iid__metric-privacy__fedavg__clients-99__seed-43__nm0p99__clip5__rounds-20__epochs-5__cifar10_remove__cifar10_cnn round=15 (checkpoint deleted)
2026-08-21 21:14:23 EVALUATED cifar10-out-remove__non-iid__metric-privacy__fedavg__clients-99__seed-43__nm0p99__clip5__rounds-20__epochs-5__cifar10_remove__cifar10_cnn round=16 (checkpoint deleted)
2026-08-21 21:14:26 EVALUATED cifar10-out-remove__non-iid__metric-privacy__fedavg__clients-99__seed-43__nm0p99__clip5__rounds-20__epochs-5__cifar10_remove__cifar10_cnn round=17 (checkpoint deleted)
2026-08-21 21:14:29 EVALUATED cifar10-out-remove__non-iid__metric-privacy__fedavg__clients-99__seed-43__nm0p99__clip5__rounds-20__epochs-5__cifar10_remove__cifar10_cnn round=18 (checkpoint deleted)
2026-08-21 21:14:33 EVALUATED cifar10-out-remove__non-iid__metric-privacy__fedavg__clients-99__seed-43__nm0p99__clip5__rounds-20__epochs-5__cifar10_remove__cifar10_cnn round=19 (checkpoint deleted)
2026-08-21 21:14:36 EVALUATED cifar10-out-remove__non-iid__metric-privacy__fedavg__clients-99__seed-43__nm0p99__clip5__rounds-20__epochs-5__cifar10_remove__cifar10_cnn round=20 (checkpoint deleted)
2026-08-21 21:14:36 PROGRESS 2/2 (0 failed so far)
2026-08-21 21:14:36 Sweep finished: 2/2 attempted, 0 failed
