2026-08-19 23:26:48 Alzheimer stage (vanilla, homogeneous, seed=42, noise_ratio=None): 2 trajectories
2026-08-19 23:26:48 START alzheimer-in-remove__homogeneous__vanilla__fedavg__clients-48__seed-42__nm0p00373606__clip5__rounds-100__epochs-5__alzheimer_remove__paper_cnn 
2026-08-19 23:37:47 DONE  alzheimer-in-remove__homogeneous__vanilla__fedavg__clients-48__seed-42__nm0p00373606__clip5__rounds-100__epochs-5__alzheimer_remove__paper_cnn (659.3s)
2026-08-19 23:37:51 EVALUATED alzheimer-in-remove__homogeneous__vanilla__fedavg__clients-48__seed-42__nm0p00373606__clip5__rounds-100__epochs-5__alzheimer_remove__paper_cnn round=1 (checkpoint deleted)
2026-08-19 23:37:52 EVALUATED alzheimer-in-remove__homogeneous__vanilla__fedavg__clients-48__seed-42__nm0p00373606__clip5__rounds-100__epochs-5__alzheimer_remove__paper_cnn round=10 (checkpoint deleted)
2026-08-19 23:37:52 EVALUATED alzheimer-in-remove__homogeneous__vanilla__fedavg__clients-48__seed-42__nm0p00373606__clip5__rounds-100__epochs-5__alzheimer_remove__paper_cnn round=20 (checkpoint deleted)
2026-08-19 23:37:53 EVALUATED alzheimer-in-remove__homogeneous__vanilla__fedavg__clients-48__seed-42__nm0p00373606__clip5__rounds-100__epochs-5__alzheimer_remove__paper_cnn round=30 (checkpoint deleted)
2026-08-19 23:37:53 EVALUATED alzheimer-in-remove__homogeneous__vanilla__fedavg__clients-48__seed-42__nm0p00373606__clip5__rounds-100__epochs-5__alzheimer_remove__paper_cnn round=40 (checkpoint deleted)
2026-08-19 23:37:54 EVALUATED alzheimer-in-remove__homogeneous__vanilla__fedavg__clients-48__seed-42__nm0p00373606__clip5__rounds-100__epochs-5__alzheimer_remove__paper_cnn round=50 (checkpoint deleted)
2026-08-19 23:37:54 EVALUATED alzheimer-in-remove__homogeneous__vanilla__fedavg__clients-48__seed-42__nm0p00373606__clip5__rounds-100__epochs-5__alzheimer_remove__paper_cnn round=60 (checkpoint deleted)
2026-08-19 23:37:55 EVALUATED alzheimer-in-remove__homogeneous__vanilla__fedavg__clients-48__seed-42__nm0p00373606__clip5__rounds-100__epochs-5__alzheimer_remove__paper_cnn round=70 (checkpoint deleted)
2026-08-19 23:37:55 EVALUATED alzheimer-in-remove__homogeneous__vanilla__fedavg__clients-48__seed-42__nm0p00373606__clip5__rounds-100__epochs-5__alzheimer_remove__paper_cnn round=80 (checkpoint deleted)
2026-08-19 23:37:56 EVALUATED alzheimer-in-remove__homogeneous__vanilla__fedavg__clients-48__seed-42__nm0p00373606__clip5__rounds-100__epochs-5__alzheimer_remove__paper_cnn round=90 (checkpoint deleted)
2026-08-19 23:37:56 EVALUATED alzheimer-in-remove__homogeneous__vanilla__fedavg__clients-48__seed-42__nm0p00373606__clip5__rounds-100__epochs-5__alzheimer_remove__paper_cnn round=100 (checkpoint deleted)
2026-08-19 23:37:56 PROGRESS 1/2 (0 failed so far)
2026-08-19 23:37:56 START alzheimer-out-remove__homogeneous__vanilla__fedavg__clients-47__seed-42__nm0p00373606__clip5__rounds-100__epochs-5__alzheimer_remove__paper_cnn 
2026-08-19 23:47:48 DONE  alzheimer-out-remove__homogeneous__vanilla__fedavg__clients-47__seed-42__nm0p00373606__clip5__rounds-100__epochs-5__alzheimer_remove__paper_cnn (592.2s)
2026-08-19 23:47:49 EVALUATED alzheimer-out-remove__homogeneous__vanilla__fedavg__clients-47__seed-42__nm0p00373606__clip5__rounds-100__epochs-5__alzheimer_remove__paper_cnn round=1 (checkpoint deleted)
2026-08-19 23:47:49 EVALUATED alzheimer-out-remove__homogeneous__vanilla__fedavg__clients-47__seed-42__nm0p00373606__clip5__rounds-100__epochs-5__alzheimer_remove__paper_cnn round=10 (checkpoint deleted)
2026-08-19 23:47:50 EVALUATED alzheimer-out-remove__homogeneous__vanilla__fedavg__clients-47__seed-42__nm0p00373606__clip5__rounds-100__epochs-5__alzheimer_remove__paper_cnn round=20 (checkpoint deleted)
2026-08-19 23:47:50 EVALUATED alzheimer-out-remove__homogeneous__vanilla__fedavg__clients-47__seed-42__nm0p00373606__clip5__rounds-100__epochs-5__alzheimer_remove__paper_cnn round=30 (checkpoint deleted)
2026-08-19 23:47:51 EVALUATED alzheimer-out-remove__homogeneous__vanilla__fedavg__clients-47__seed-42__nm0p00373606__clip5__rounds-100__epochs-5__alzheimer_remove__paper_cnn round=40 (checkpoint deleted)
2026-08-19 23:47:51 EVALUATED alzheimer-out-remove__homogeneous__vanilla__fedavg__clients-47__seed-42__nm0p00373606__clip5__rounds-100__epochs-5__alzheimer_remove__paper_cnn round=50 (checkpoint deleted)
2026-08-19 23:47:52 EVALUATED alzheimer-out-remove__homogeneous__vanilla__fedavg__clients-47__seed-42__nm0p00373606__clip5__rounds-100__epochs-5__alzheimer_remove__paper_cnn round=60 (checkpoint deleted)
2026-08-19 23:47:52 EVALUATED alzheimer-out-remove__homogeneous__vanilla__fedavg__clients-47__seed-42__nm0p00373606__clip5__rounds-100__epochs-5__alzheimer_remove__paper_cnn round=70 (checkpoint deleted)
2026-08-19 23:47:53 EVALUATED alzheimer-out-remove__homogeneous__vanilla__fedavg__clients-47__seed-42__nm0p00373606__clip5__rounds-100__epochs-5__alzheimer_remove__paper_cnn round=80 (checkpoint deleted)
2026-08-19 23:47:53 EVALUATED alzheimer-out-remove__homogeneous__vanilla__fedavg__clients-47__seed-42__nm0p00373606__clip5__rounds-100__epochs-5__alzheimer_remove__paper_cnn round=90 (checkpoint deleted)
2026-08-19 23:47:54 EVALUATED alzheimer-out-remove__homogeneous__vanilla__fedavg__clients-47__seed-42__nm0p00373606__clip5__rounds-100__epochs-5__alzheimer_remove__paper_cnn round=100 (checkpoint deleted)
2026-08-19 23:47:54 PROGRESS 2/2 (0 failed so far)
2026-08-19 23:47:54 Sweep finished: 2/2 attempted, 0 failed
