2026-08-11 22:13:51 CIFAR-10 removal CIA chunk (metric-privacy, clients=100): 1 trajectories
2026-08-11 22:13:51 START cifar10-out-remove__non-iid__metric-privacy__fedavg__clients-99__seed-42__nm0p0182__clip5__rounds-20__epochs-5__cifar10_remove__cifar10_cnn 
2026-08-11 22:32:55 DONE  cifar10-out-remove__non-iid__metric-privacy__fedavg__clients-99__seed-42__nm0p0182__clip5__rounds-20__epochs-5__cifar10_remove__cifar10_cnn (1144.5s)
2026-08-11 22:33:01 EVALUATED cifar10-out-remove__non-iid__metric-privacy__fedavg__clients-99__seed-42__nm0p0182__clip5__rounds-20__epochs-5__cifar10_remove__cifar10_cnn round=1 (checkpoint deleted)
2026-08-11 22:33:06 EVALUATED cifar10-out-remove__non-iid__metric-privacy__fedavg__clients-99__seed-42__nm0p0182__clip5__rounds-20__epochs-5__cifar10_remove__cifar10_cnn round=2 (checkpoint deleted)
2026-08-11 22:33:11 EVALUATED cifar10-out-remove__non-iid__metric-privacy__fedavg__clients-99__seed-42__nm0p0182__clip5__rounds-20__epochs-5__cifar10_remove__cifar10_cnn round=3 (checkpoint deleted)
2026-08-11 22:33:15 EVALUATED cifar10-out-remove__non-iid__metric-privacy__fedavg__clients-99__seed-42__nm0p0182__clip5__rounds-20__epochs-5__cifar10_remove__cifar10_cnn round=4 (checkpoint deleted)
2026-08-11 22:33:20 EVALUATED cifar10-out-remove__non-iid__metric-privacy__fedavg__clients-99__seed-42__nm0p0182__clip5__rounds-20__epochs-5__cifar10_remove__cifar10_cnn round=5 (checkpoint deleted)
2026-08-11 22:33:25 EVALUATED cifar10-out-remove__non-iid__metric-privacy__fedavg__clients-99__seed-42__nm0p0182__clip5__rounds-20__epochs-5__cifar10_remove__cifar10_cnn round=6 (checkpoint deleted)
2026-08-11 22:33:29 EVALUATED cifar10-out-remove__non-iid__metric-privacy__fedavg__clients-99__seed-42__nm0p0182__clip5__rounds-20__epochs-5__cifar10_remove__cifar10_cnn round=7 (checkpoint deleted)
2026-08-11 22:33:34 EVALUATED cifar10-out-remove__non-iid__metric-privacy__fedavg__clients-99__seed-42__nm0p0182__clip5__rounds-20__epochs-5__cifar10_remove__cifar10_cnn round=8 (checkpoint deleted)
2026-08-11 22:33:39 EVALUATED cifar10-out-remove__non-iid__metric-privacy__fedavg__clients-99__seed-42__nm0p0182__clip5__rounds-20__epochs-5__cifar10_remove__cifar10_cnn round=9 (checkpoint deleted)
2026-08-11 22:33:43 EVALUATED cifar10-out-remove__non-iid__metric-privacy__fedavg__clients-99__seed-42__nm0p0182__clip5__rounds-20__epochs-5__cifar10_remove__cifar10_cnn round=10 (checkpoint deleted)
2026-08-11 22:33:48 EVALUATED cifar10-out-remove__non-iid__metric-privacy__fedavg__clients-99__seed-42__nm0p0182__clip5__rounds-20__epochs-5__cifar10_remove__cifar10_cnn round=11 (checkpoint deleted)
2026-08-11 22:33:52 EVALUATED cifar10-out-remove__non-iid__metric-privacy__fedavg__clients-99__seed-42__nm0p0182__clip5__rounds-20__epochs-5__cifar10_remove__cifar10_cnn round=12 (checkpoint deleted)
2026-08-11 22:33:57 EVALUATED cifar10-out-remove__non-iid__metric-privacy__fedavg__clients-99__seed-42__nm0p0182__clip5__rounds-20__epochs-5__cifar10_remove__cifar10_cnn round=13 (checkpoint deleted)
2026-08-11 22:34:02 EVALUATED cifar10-out-remove__non-iid__metric-privacy__fedavg__clients-99__seed-42__nm0p0182__clip5__rounds-20__epochs-5__cifar10_remove__cifar10_cnn round=14 (checkpoint deleted)
2026-08-11 22:34:06 EVALUATED cifar10-out-remove__non-iid__metric-privacy__fedavg__clients-99__seed-42__nm0p0182__clip5__rounds-20__epochs-5__cifar10_remove__cifar10_cnn round=15 (checkpoint deleted)
2026-08-11 22:34:11 EVALUATED cifar10-out-remove__non-iid__metric-privacy__fedavg__clients-99__seed-42__nm0p0182__clip5__rounds-20__epochs-5__cifar10_remove__cifar10_cnn round=16 (checkpoint deleted)
2026-08-11 22:34:15 EVALUATED cifar10-out-remove__non-iid__metric-privacy__fedavg__clients-99__seed-42__nm0p0182__clip5__rounds-20__epochs-5__cifar10_remove__cifar10_cnn round=17 (checkpoint deleted)
2026-08-11 22:34:20 EVALUATED cifar10-out-remove__non-iid__metric-privacy__fedavg__clients-99__seed-42__nm0p0182__clip5__rounds-20__epochs-5__cifar10_remove__cifar10_cnn round=18 (checkpoint deleted)
2026-08-11 22:34:25 EVALUATED cifar10-out-remove__non-iid__metric-privacy__fedavg__clients-99__seed-42__nm0p0182__clip5__rounds-20__epochs-5__cifar10_remove__cifar10_cnn round=19 (checkpoint deleted)
2026-08-11 22:34:29 EVALUATED cifar10-out-remove__non-iid__metric-privacy__fedavg__clients-99__seed-42__nm0p0182__clip5__rounds-20__epochs-5__cifar10_remove__cifar10_cnn round=20 (checkpoint deleted)
2026-08-11 22:34:29 PROGRESS 1/1 (0 failed so far)
2026-08-11 22:34:29 Sweep finished: 1/1 attempted, 0 failed
