2026-08-05 20:27:55 Starting full chunk: 2 trajectories
2026-08-05 20:27:55 START cifar-full-in-replace__non-iid__global-dp__fedavg__clients-16__seed-42__nm0p053328__clip5__rounds-20__epochs-5__cifar_chunks__cifar10_cnn 
2026-08-05 20:33:41 DONE  cifar-full-in-replace__non-iid__global-dp__fedavg__clients-16__seed-42__nm0p053328__clip5__rounds-20__epochs-5__cifar_chunks__cifar10_cnn (346.2s)
2026-08-05 20:33:48 EVALUATED cifar-full-in-replace__non-iid__global-dp__fedavg__clients-16__seed-42__nm0p053328__clip5__rounds-20__epochs-5__cifar_chunks__cifar10_cnn round=1 (checkpoint deleted)
2026-08-05 20:33:53 EVALUATED cifar-full-in-replace__non-iid__global-dp__fedavg__clients-16__seed-42__nm0p053328__clip5__rounds-20__epochs-5__cifar_chunks__cifar10_cnn round=2 (checkpoint deleted)
2026-08-05 20:33:57 EVALUATED cifar-full-in-replace__non-iid__global-dp__fedavg__clients-16__seed-42__nm0p053328__clip5__rounds-20__epochs-5__cifar_chunks__cifar10_cnn round=3 (checkpoint deleted)
2026-08-05 20:34:01 EVALUATED cifar-full-in-replace__non-iid__global-dp__fedavg__clients-16__seed-42__nm0p053328__clip5__rounds-20__epochs-5__cifar_chunks__cifar10_cnn round=4 (checkpoint deleted)
2026-08-05 20:34:05 EVALUATED cifar-full-in-replace__non-iid__global-dp__fedavg__clients-16__seed-42__nm0p053328__clip5__rounds-20__epochs-5__cifar_chunks__cifar10_cnn round=5 (checkpoint deleted)
2026-08-05 20:34:10 EVALUATED cifar-full-in-replace__non-iid__global-dp__fedavg__clients-16__seed-42__nm0p053328__clip5__rounds-20__epochs-5__cifar_chunks__cifar10_cnn round=6 (checkpoint deleted)
2026-08-05 20:34:14 EVALUATED cifar-full-in-replace__non-iid__global-dp__fedavg__clients-16__seed-42__nm0p053328__clip5__rounds-20__epochs-5__cifar_chunks__cifar10_cnn round=7 (checkpoint deleted)
2026-08-05 20:34:18 EVALUATED cifar-full-in-replace__non-iid__global-dp__fedavg__clients-16__seed-42__nm0p053328__clip5__rounds-20__epochs-5__cifar_chunks__cifar10_cnn round=8 (checkpoint deleted)
2026-08-05 20:34:23 EVALUATED cifar-full-in-replace__non-iid__global-dp__fedavg__clients-16__seed-42__nm0p053328__clip5__rounds-20__epochs-5__cifar_chunks__cifar10_cnn round=9 (checkpoint deleted)
2026-08-05 20:34:27 EVALUATED cifar-full-in-replace__non-iid__global-dp__fedavg__clients-16__seed-42__nm0p053328__clip5__rounds-20__epochs-5__cifar_chunks__cifar10_cnn round=10 (checkpoint deleted)
2026-08-05 20:34:31 EVALUATED cifar-full-in-replace__non-iid__global-dp__fedavg__clients-16__seed-42__nm0p053328__clip5__rounds-20__epochs-5__cifar_chunks__cifar10_cnn round=11 (checkpoint deleted)
2026-08-05 20:34:35 EVALUATED cifar-full-in-replace__non-iid__global-dp__fedavg__clients-16__seed-42__nm0p053328__clip5__rounds-20__epochs-5__cifar_chunks__cifar10_cnn round=12 (checkpoint deleted)
2026-08-05 20:34:39 EVALUATED cifar-full-in-replace__non-iid__global-dp__fedavg__clients-16__seed-42__nm0p053328__clip5__rounds-20__epochs-5__cifar_chunks__cifar10_cnn round=13 (checkpoint deleted)
2026-08-05 20:34:44 EVALUATED cifar-full-in-replace__non-iid__global-dp__fedavg__clients-16__seed-42__nm0p053328__clip5__rounds-20__epochs-5__cifar_chunks__cifar10_cnn round=14 (checkpoint deleted)
2026-08-05 20:34:48 EVALUATED cifar-full-in-replace__non-iid__global-dp__fedavg__clients-16__seed-42__nm0p053328__clip5__rounds-20__epochs-5__cifar_chunks__cifar10_cnn round=15 (checkpoint deleted)
2026-08-05 20:34:52 EVALUATED cifar-full-in-replace__non-iid__global-dp__fedavg__clients-16__seed-42__nm0p053328__clip5__rounds-20__epochs-5__cifar_chunks__cifar10_cnn round=16 (checkpoint deleted)
2026-08-05 20:34:57 EVALUATED cifar-full-in-replace__non-iid__global-dp__fedavg__clients-16__seed-42__nm0p053328__clip5__rounds-20__epochs-5__cifar_chunks__cifar10_cnn round=17 (checkpoint deleted)
2026-08-05 20:35:01 EVALUATED cifar-full-in-replace__non-iid__global-dp__fedavg__clients-16__seed-42__nm0p053328__clip5__rounds-20__epochs-5__cifar_chunks__cifar10_cnn round=18 (checkpoint deleted)
2026-08-05 20:35:05 EVALUATED cifar-full-in-replace__non-iid__global-dp__fedavg__clients-16__seed-42__nm0p053328__clip5__rounds-20__epochs-5__cifar_chunks__cifar10_cnn round=19 (checkpoint deleted)
2026-08-05 20:35:09 EVALUATED cifar-full-in-replace__non-iid__global-dp__fedavg__clients-16__seed-42__nm0p053328__clip5__rounds-20__epochs-5__cifar_chunks__cifar10_cnn round=20 (checkpoint deleted)
2026-08-05 20:35:09 PROGRESS 1/2 (0 failed so far)
2026-08-05 20:35:09 START cifar-full-in-replace__non-iid__metric-privacy__fedavg__clients-16__seed-42__nm0p053328__clip5__rounds-20__epochs-5__cifar_chunks__cifar10_cnn 
2026-08-05 20:40:58 DONE  cifar-full-in-replace__non-iid__metric-privacy__fedavg__clients-16__seed-42__nm0p053328__clip5__rounds-20__epochs-5__cifar_chunks__cifar10_cnn (349.2s)
2026-08-05 20:41:03 EVALUATED cifar-full-in-replace__non-iid__metric-privacy__fedavg__clients-16__seed-42__nm0p053328__clip5__rounds-20__epochs-5__cifar_chunks__cifar10_cnn round=1 (checkpoint deleted)
2026-08-05 20:41:07 EVALUATED cifar-full-in-replace__non-iid__metric-privacy__fedavg__clients-16__seed-42__nm0p053328__clip5__rounds-20__epochs-5__cifar_chunks__cifar10_cnn round=2 (checkpoint deleted)
2026-08-05 20:41:11 EVALUATED cifar-full-in-replace__non-iid__metric-privacy__fedavg__clients-16__seed-42__nm0p053328__clip5__rounds-20__epochs-5__cifar_chunks__cifar10_cnn round=3 (checkpoint deleted)
2026-08-05 20:41:16 EVALUATED cifar-full-in-replace__non-iid__metric-privacy__fedavg__clients-16__seed-42__nm0p053328__clip5__rounds-20__epochs-5__cifar_chunks__cifar10_cnn round=4 (checkpoint deleted)
2026-08-05 20:41:20 EVALUATED cifar-full-in-replace__non-iid__metric-privacy__fedavg__clients-16__seed-42__nm0p053328__clip5__rounds-20__epochs-5__cifar_chunks__cifar10_cnn round=5 (checkpoint deleted)
2026-08-05 20:41:24 EVALUATED cifar-full-in-replace__non-iid__metric-privacy__fedavg__clients-16__seed-42__nm0p053328__clip5__rounds-20__epochs-5__cifar_chunks__cifar10_cnn round=6 (checkpoint deleted)
2026-08-05 20:41:28 EVALUATED cifar-full-in-replace__non-iid__metric-privacy__fedavg__clients-16__seed-42__nm0p053328__clip5__rounds-20__epochs-5__cifar_chunks__cifar10_cnn round=7 (checkpoint deleted)
2026-08-05 20:41:33 EVALUATED cifar-full-in-replace__non-iid__metric-privacy__fedavg__clients-16__seed-42__nm0p053328__clip5__rounds-20__epochs-5__cifar_chunks__cifar10_cnn round=8 (checkpoint deleted)
2026-08-05 20:41:37 EVALUATED cifar-full-in-replace__non-iid__metric-privacy__fedavg__clients-16__seed-42__nm0p053328__clip5__rounds-20__epochs-5__cifar_chunks__cifar10_cnn round=9 (checkpoint deleted)
2026-08-05 20:41:41 EVALUATED cifar-full-in-replace__non-iid__metric-privacy__fedavg__clients-16__seed-42__nm0p053328__clip5__rounds-20__epochs-5__cifar_chunks__cifar10_cnn round=10 (checkpoint deleted)
2026-08-05 20:41:45 EVALUATED cifar-full-in-replace__non-iid__metric-privacy__fedavg__clients-16__seed-42__nm0p053328__clip5__rounds-20__epochs-5__cifar_chunks__cifar10_cnn round=11 (checkpoint deleted)
2026-08-05 20:41:50 EVALUATED cifar-full-in-replace__non-iid__metric-privacy__fedavg__clients-16__seed-42__nm0p053328__clip5__rounds-20__epochs-5__cifar_chunks__cifar10_cnn round=12 (checkpoint deleted)
2026-08-05 20:41:54 EVALUATED cifar-full-in-replace__non-iid__metric-privacy__fedavg__clients-16__seed-42__nm0p053328__clip5__rounds-20__epochs-5__cifar_chunks__cifar10_cnn round=13 (checkpoint deleted)
2026-08-05 20:41:58 EVALUATED cifar-full-in-replace__non-iid__metric-privacy__fedavg__clients-16__seed-42__nm0p053328__clip5__rounds-20__epochs-5__cifar_chunks__cifar10_cnn round=14 (checkpoint deleted)
2026-08-05 20:42:02 EVALUATED cifar-full-in-replace__non-iid__metric-privacy__fedavg__clients-16__seed-42__nm0p053328__clip5__rounds-20__epochs-5__cifar_chunks__cifar10_cnn round=15 (checkpoint deleted)
2026-08-05 20:42:07 EVALUATED cifar-full-in-replace__non-iid__metric-privacy__fedavg__clients-16__seed-42__nm0p053328__clip5__rounds-20__epochs-5__cifar_chunks__cifar10_cnn round=16 (checkpoint deleted)
2026-08-05 20:42:11 EVALUATED cifar-full-in-replace__non-iid__metric-privacy__fedavg__clients-16__seed-42__nm0p053328__clip5__rounds-20__epochs-5__cifar_chunks__cifar10_cnn round=17 (checkpoint deleted)
2026-08-05 20:42:15 EVALUATED cifar-full-in-replace__non-iid__metric-privacy__fedavg__clients-16__seed-42__nm0p053328__clip5__rounds-20__epochs-5__cifar_chunks__cifar10_cnn round=18 (checkpoint deleted)
2026-08-05 20:42:20 EVALUATED cifar-full-in-replace__non-iid__metric-privacy__fedavg__clients-16__seed-42__nm0p053328__clip5__rounds-20__epochs-5__cifar_chunks__cifar10_cnn round=19 (checkpoint deleted)
2026-08-05 20:42:24 EVALUATED cifar-full-in-replace__non-iid__metric-privacy__fedavg__clients-16__seed-42__nm0p053328__clip5__rounds-20__epochs-5__cifar_chunks__cifar10_cnn round=20 (checkpoint deleted)
2026-08-05 20:42:24 PROGRESS 2/2 (0 failed so far)
2026-08-05 20:42:24 Sweep finished: 2/2 attempted, 0 failed
