2026-08-05 22:31:16 Starting full chunk: 2 trajectories
2026-08-05 22:31:16 START cifar-full-in-replace__non-iid__global-dp__fedavg__clients-16__seed-44__nm0p1__clip5__rounds-20__epochs-5__cifar_chunks__cifar10_cnn 
2026-08-05 22:37:03 DONE  cifar-full-in-replace__non-iid__global-dp__fedavg__clients-16__seed-44__nm0p1__clip5__rounds-20__epochs-5__cifar_chunks__cifar10_cnn (347.1s)
2026-08-05 22:37:09 EVALUATED cifar-full-in-replace__non-iid__global-dp__fedavg__clients-16__seed-44__nm0p1__clip5__rounds-20__epochs-5__cifar_chunks__cifar10_cnn round=1 (checkpoint deleted)
2026-08-05 22:37:13 EVALUATED cifar-full-in-replace__non-iid__global-dp__fedavg__clients-16__seed-44__nm0p1__clip5__rounds-20__epochs-5__cifar_chunks__cifar10_cnn round=2 (checkpoint deleted)
2026-08-05 22:37:17 EVALUATED cifar-full-in-replace__non-iid__global-dp__fedavg__clients-16__seed-44__nm0p1__clip5__rounds-20__epochs-5__cifar_chunks__cifar10_cnn round=3 (checkpoint deleted)
2026-08-05 22:37:21 EVALUATED cifar-full-in-replace__non-iid__global-dp__fedavg__clients-16__seed-44__nm0p1__clip5__rounds-20__epochs-5__cifar_chunks__cifar10_cnn round=4 (checkpoint deleted)
2026-08-05 22:37:25 EVALUATED cifar-full-in-replace__non-iid__global-dp__fedavg__clients-16__seed-44__nm0p1__clip5__rounds-20__epochs-5__cifar_chunks__cifar10_cnn round=5 (checkpoint deleted)
2026-08-05 22:37:29 EVALUATED cifar-full-in-replace__non-iid__global-dp__fedavg__clients-16__seed-44__nm0p1__clip5__rounds-20__epochs-5__cifar_chunks__cifar10_cnn round=6 (checkpoint deleted)
2026-08-05 22:37:33 EVALUATED cifar-full-in-replace__non-iid__global-dp__fedavg__clients-16__seed-44__nm0p1__clip5__rounds-20__epochs-5__cifar_chunks__cifar10_cnn round=7 (checkpoint deleted)
2026-08-05 22:37:37 EVALUATED cifar-full-in-replace__non-iid__global-dp__fedavg__clients-16__seed-44__nm0p1__clip5__rounds-20__epochs-5__cifar_chunks__cifar10_cnn round=8 (checkpoint deleted)
2026-08-05 22:37:41 EVALUATED cifar-full-in-replace__non-iid__global-dp__fedavg__clients-16__seed-44__nm0p1__clip5__rounds-20__epochs-5__cifar_chunks__cifar10_cnn round=9 (checkpoint deleted)
2026-08-05 22:37:44 EVALUATED cifar-full-in-replace__non-iid__global-dp__fedavg__clients-16__seed-44__nm0p1__clip5__rounds-20__epochs-5__cifar_chunks__cifar10_cnn round=10 (checkpoint deleted)
2026-08-05 22:37:48 EVALUATED cifar-full-in-replace__non-iid__global-dp__fedavg__clients-16__seed-44__nm0p1__clip5__rounds-20__epochs-5__cifar_chunks__cifar10_cnn round=11 (checkpoint deleted)
2026-08-05 22:37:52 EVALUATED cifar-full-in-replace__non-iid__global-dp__fedavg__clients-16__seed-44__nm0p1__clip5__rounds-20__epochs-5__cifar_chunks__cifar10_cnn round=12 (checkpoint deleted)
2026-08-05 22:37:56 EVALUATED cifar-full-in-replace__non-iid__global-dp__fedavg__clients-16__seed-44__nm0p1__clip5__rounds-20__epochs-5__cifar_chunks__cifar10_cnn round=13 (checkpoint deleted)
2026-08-05 22:38:00 EVALUATED cifar-full-in-replace__non-iid__global-dp__fedavg__clients-16__seed-44__nm0p1__clip5__rounds-20__epochs-5__cifar_chunks__cifar10_cnn round=14 (checkpoint deleted)
2026-08-05 22:38:04 EVALUATED cifar-full-in-replace__non-iid__global-dp__fedavg__clients-16__seed-44__nm0p1__clip5__rounds-20__epochs-5__cifar_chunks__cifar10_cnn round=15 (checkpoint deleted)
2026-08-05 22:38:08 EVALUATED cifar-full-in-replace__non-iid__global-dp__fedavg__clients-16__seed-44__nm0p1__clip5__rounds-20__epochs-5__cifar_chunks__cifar10_cnn round=16 (checkpoint deleted)
2026-08-05 22:38:12 EVALUATED cifar-full-in-replace__non-iid__global-dp__fedavg__clients-16__seed-44__nm0p1__clip5__rounds-20__epochs-5__cifar_chunks__cifar10_cnn round=17 (checkpoint deleted)
2026-08-05 22:38:15 EVALUATED cifar-full-in-replace__non-iid__global-dp__fedavg__clients-16__seed-44__nm0p1__clip5__rounds-20__epochs-5__cifar_chunks__cifar10_cnn round=18 (checkpoint deleted)
2026-08-05 22:38:19 EVALUATED cifar-full-in-replace__non-iid__global-dp__fedavg__clients-16__seed-44__nm0p1__clip5__rounds-20__epochs-5__cifar_chunks__cifar10_cnn round=19 (checkpoint deleted)
2026-08-05 22:38:23 EVALUATED cifar-full-in-replace__non-iid__global-dp__fedavg__clients-16__seed-44__nm0p1__clip5__rounds-20__epochs-5__cifar_chunks__cifar10_cnn round=20 (checkpoint deleted)
2026-08-05 22:38:23 PROGRESS 1/2 (0 failed so far)
2026-08-05 22:38:23 START cifar-full-in-replace__non-iid__metric-privacy__fedavg__clients-16__seed-44__nm0p1__clip5__rounds-20__epochs-5__cifar_chunks__cifar10_cnn 
2026-08-05 22:44:11 DONE  cifar-full-in-replace__non-iid__metric-privacy__fedavg__clients-16__seed-44__nm0p1__clip5__rounds-20__epochs-5__cifar_chunks__cifar10_cnn (348.3s)
2026-08-05 22:44:15 EVALUATED cifar-full-in-replace__non-iid__metric-privacy__fedavg__clients-16__seed-44__nm0p1__clip5__rounds-20__epochs-5__cifar_chunks__cifar10_cnn round=1 (checkpoint deleted)
2026-08-05 22:44:19 EVALUATED cifar-full-in-replace__non-iid__metric-privacy__fedavg__clients-16__seed-44__nm0p1__clip5__rounds-20__epochs-5__cifar_chunks__cifar10_cnn round=2 (checkpoint deleted)
2026-08-05 22:44:23 EVALUATED cifar-full-in-replace__non-iid__metric-privacy__fedavg__clients-16__seed-44__nm0p1__clip5__rounds-20__epochs-5__cifar_chunks__cifar10_cnn round=3 (checkpoint deleted)
2026-08-05 22:44:27 EVALUATED cifar-full-in-replace__non-iid__metric-privacy__fedavg__clients-16__seed-44__nm0p1__clip5__rounds-20__epochs-5__cifar_chunks__cifar10_cnn round=4 (checkpoint deleted)
2026-08-05 22:44:31 EVALUATED cifar-full-in-replace__non-iid__metric-privacy__fedavg__clients-16__seed-44__nm0p1__clip5__rounds-20__epochs-5__cifar_chunks__cifar10_cnn round=5 (checkpoint deleted)
2026-08-05 22:44:35 EVALUATED cifar-full-in-replace__non-iid__metric-privacy__fedavg__clients-16__seed-44__nm0p1__clip5__rounds-20__epochs-5__cifar_chunks__cifar10_cnn round=6 (checkpoint deleted)
2026-08-05 22:44:39 EVALUATED cifar-full-in-replace__non-iid__metric-privacy__fedavg__clients-16__seed-44__nm0p1__clip5__rounds-20__epochs-5__cifar_chunks__cifar10_cnn round=7 (checkpoint deleted)
2026-08-05 22:44:43 EVALUATED cifar-full-in-replace__non-iid__metric-privacy__fedavg__clients-16__seed-44__nm0p1__clip5__rounds-20__epochs-5__cifar_chunks__cifar10_cnn round=8 (checkpoint deleted)
2026-08-05 22:44:46 EVALUATED cifar-full-in-replace__non-iid__metric-privacy__fedavg__clients-16__seed-44__nm0p1__clip5__rounds-20__epochs-5__cifar_chunks__cifar10_cnn round=9 (checkpoint deleted)
2026-08-05 22:44:50 EVALUATED cifar-full-in-replace__non-iid__metric-privacy__fedavg__clients-16__seed-44__nm0p1__clip5__rounds-20__epochs-5__cifar_chunks__cifar10_cnn round=10 (checkpoint deleted)
2026-08-05 22:44:54 EVALUATED cifar-full-in-replace__non-iid__metric-privacy__fedavg__clients-16__seed-44__nm0p1__clip5__rounds-20__epochs-5__cifar_chunks__cifar10_cnn round=11 (checkpoint deleted)
2026-08-05 22:44:58 EVALUATED cifar-full-in-replace__non-iid__metric-privacy__fedavg__clients-16__seed-44__nm0p1__clip5__rounds-20__epochs-5__cifar_chunks__cifar10_cnn round=12 (checkpoint deleted)
2026-08-05 22:45:02 EVALUATED cifar-full-in-replace__non-iid__metric-privacy__fedavg__clients-16__seed-44__nm0p1__clip5__rounds-20__epochs-5__cifar_chunks__cifar10_cnn round=13 (checkpoint deleted)
2026-08-05 22:45:06 EVALUATED cifar-full-in-replace__non-iid__metric-privacy__fedavg__clients-16__seed-44__nm0p1__clip5__rounds-20__epochs-5__cifar_chunks__cifar10_cnn round=14 (checkpoint deleted)
2026-08-05 22:45:10 EVALUATED cifar-full-in-replace__non-iid__metric-privacy__fedavg__clients-16__seed-44__nm0p1__clip5__rounds-20__epochs-5__cifar_chunks__cifar10_cnn round=15 (checkpoint deleted)
2026-08-05 22:45:14 EVALUATED cifar-full-in-replace__non-iid__metric-privacy__fedavg__clients-16__seed-44__nm0p1__clip5__rounds-20__epochs-5__cifar_chunks__cifar10_cnn round=16 (checkpoint deleted)
2026-08-05 22:45:18 EVALUATED cifar-full-in-replace__non-iid__metric-privacy__fedavg__clients-16__seed-44__nm0p1__clip5__rounds-20__epochs-5__cifar_chunks__cifar10_cnn round=17 (checkpoint deleted)
2026-08-05 22:45:21 EVALUATED cifar-full-in-replace__non-iid__metric-privacy__fedavg__clients-16__seed-44__nm0p1__clip5__rounds-20__epochs-5__cifar_chunks__cifar10_cnn round=18 (checkpoint deleted)
2026-08-05 22:45:25 EVALUATED cifar-full-in-replace__non-iid__metric-privacy__fedavg__clients-16__seed-44__nm0p1__clip5__rounds-20__epochs-5__cifar_chunks__cifar10_cnn round=19 (checkpoint deleted)
2026-08-05 22:45:29 EVALUATED cifar-full-in-replace__non-iid__metric-privacy__fedavg__clients-16__seed-44__nm0p1__clip5__rounds-20__epochs-5__cifar_chunks__cifar10_cnn round=20 (checkpoint deleted)
2026-08-05 22:45:29 PROGRESS 2/2 (0 failed so far)
2026-08-05 22:45:29 Sweep finished: 2/2 attempted, 0 failed
