2026-08-11 19:43:20 CIFAR-10 removal CIA chunk (metric-privacy, clients=16): 1 trajectories
2026-08-11 19:43:20 START cifar10-out-remove__non-iid__metric-privacy__fedavg__clients-15__seed-42__nm0p0182__clip5__rounds-20__epochs-5__cifar10_remove__cifar10_cnn 
2026-08-11 19:54:30 DONE  cifar10-out-remove__non-iid__metric-privacy__fedavg__clients-15__seed-42__nm0p0182__clip5__rounds-20__epochs-5__cifar10_remove__cifar10_cnn (669.9s)
2026-08-11 19:54:39 EVALUATED cifar10-out-remove__non-iid__metric-privacy__fedavg__clients-15__seed-42__nm0p0182__clip5__rounds-20__epochs-5__cifar10_remove__cifar10_cnn round=1 (checkpoint deleted)
2026-08-11 19:54:45 EVALUATED cifar10-out-remove__non-iid__metric-privacy__fedavg__clients-15__seed-42__nm0p0182__clip5__rounds-20__epochs-5__cifar10_remove__cifar10_cnn round=2 (checkpoint deleted)
2026-08-11 19:54:51 EVALUATED cifar10-out-remove__non-iid__metric-privacy__fedavg__clients-15__seed-42__nm0p0182__clip5__rounds-20__epochs-5__cifar10_remove__cifar10_cnn round=3 (checkpoint deleted)
2026-08-11 19:54:56 EVALUATED cifar10-out-remove__non-iid__metric-privacy__fedavg__clients-15__seed-42__nm0p0182__clip5__rounds-20__epochs-5__cifar10_remove__cifar10_cnn round=4 (checkpoint deleted)
2026-08-11 19:55:02 EVALUATED cifar10-out-remove__non-iid__metric-privacy__fedavg__clients-15__seed-42__nm0p0182__clip5__rounds-20__epochs-5__cifar10_remove__cifar10_cnn round=5 (checkpoint deleted)
2026-08-11 19:55:08 EVALUATED cifar10-out-remove__non-iid__metric-privacy__fedavg__clients-15__seed-42__nm0p0182__clip5__rounds-20__epochs-5__cifar10_remove__cifar10_cnn round=6 (checkpoint deleted)
2026-08-11 19:55:14 EVALUATED cifar10-out-remove__non-iid__metric-privacy__fedavg__clients-15__seed-42__nm0p0182__clip5__rounds-20__epochs-5__cifar10_remove__cifar10_cnn round=7 (checkpoint deleted)
2026-08-11 19:55:19 EVALUATED cifar10-out-remove__non-iid__metric-privacy__fedavg__clients-15__seed-42__nm0p0182__clip5__rounds-20__epochs-5__cifar10_remove__cifar10_cnn round=8 (checkpoint deleted)
2026-08-11 19:55:25 EVALUATED cifar10-out-remove__non-iid__metric-privacy__fedavg__clients-15__seed-42__nm0p0182__clip5__rounds-20__epochs-5__cifar10_remove__cifar10_cnn round=9 (checkpoint deleted)
2026-08-11 19:55:31 EVALUATED cifar10-out-remove__non-iid__metric-privacy__fedavg__clients-15__seed-42__nm0p0182__clip5__rounds-20__epochs-5__cifar10_remove__cifar10_cnn round=10 (checkpoint deleted)
2026-08-11 19:55:36 EVALUATED cifar10-out-remove__non-iid__metric-privacy__fedavg__clients-15__seed-42__nm0p0182__clip5__rounds-20__epochs-5__cifar10_remove__cifar10_cnn round=11 (checkpoint deleted)
2026-08-11 19:55:42 EVALUATED cifar10-out-remove__non-iid__metric-privacy__fedavg__clients-15__seed-42__nm0p0182__clip5__rounds-20__epochs-5__cifar10_remove__cifar10_cnn round=12 (checkpoint deleted)
2026-08-11 19:55:48 EVALUATED cifar10-out-remove__non-iid__metric-privacy__fedavg__clients-15__seed-42__nm0p0182__clip5__rounds-20__epochs-5__cifar10_remove__cifar10_cnn round=13 (checkpoint deleted)
2026-08-11 19:55:53 EVALUATED cifar10-out-remove__non-iid__metric-privacy__fedavg__clients-15__seed-42__nm0p0182__clip5__rounds-20__epochs-5__cifar10_remove__cifar10_cnn round=14 (checkpoint deleted)
2026-08-11 19:55:59 EVALUATED cifar10-out-remove__non-iid__metric-privacy__fedavg__clients-15__seed-42__nm0p0182__clip5__rounds-20__epochs-5__cifar10_remove__cifar10_cnn round=15 (checkpoint deleted)
2026-08-11 19:56:05 EVALUATED cifar10-out-remove__non-iid__metric-privacy__fedavg__clients-15__seed-42__nm0p0182__clip5__rounds-20__epochs-5__cifar10_remove__cifar10_cnn round=16 (checkpoint deleted)
2026-08-11 19:56:10 EVALUATED cifar10-out-remove__non-iid__metric-privacy__fedavg__clients-15__seed-42__nm0p0182__clip5__rounds-20__epochs-5__cifar10_remove__cifar10_cnn round=17 (checkpoint deleted)
2026-08-11 19:56:16 EVALUATED cifar10-out-remove__non-iid__metric-privacy__fedavg__clients-15__seed-42__nm0p0182__clip5__rounds-20__epochs-5__cifar10_remove__cifar10_cnn round=18 (checkpoint deleted)
2026-08-11 19:56:22 EVALUATED cifar10-out-remove__non-iid__metric-privacy__fedavg__clients-15__seed-42__nm0p0182__clip5__rounds-20__epochs-5__cifar10_remove__cifar10_cnn round=19 (checkpoint deleted)
2026-08-11 19:56:28 EVALUATED cifar10-out-remove__non-iid__metric-privacy__fedavg__clients-15__seed-42__nm0p0182__clip5__rounds-20__epochs-5__cifar10_remove__cifar10_cnn round=20 (checkpoint deleted)
2026-08-11 19:56:28 PROGRESS 1/1 (0 failed so far)
2026-08-11 19:56:28 Sweep finished: 1/1 attempted, 0 failed
