2026-08-18 20:45:02 EuroSAT stage (global-dp, homogeneous, seed=43, noise_ratio=0.0007730650439020523): 2 trajectories
2026-08-18 20:45:02 START eurosat-in-remove__homogeneous__global-dp__fedavg__clients-48__seed-43__nm0p0371071__clip5__rounds-100__epochs-5__eurosat_remove__eurosat_cnn 
2026-08-18 21:10:39 DONE  eurosat-in-remove__homogeneous__global-dp__fedavg__clients-48__seed-43__nm0p0371071__clip5__rounds-100__epochs-5__eurosat_remove__eurosat_cnn (1536.4s)
2026-08-18 21:10:43 EVALUATED eurosat-in-remove__homogeneous__global-dp__fedavg__clients-48__seed-43__nm0p0371071__clip5__rounds-100__epochs-5__eurosat_remove__eurosat_cnn round=1 (checkpoint deleted)
2026-08-18 21:10:44 EVALUATED eurosat-in-remove__homogeneous__global-dp__fedavg__clients-48__seed-43__nm0p0371071__clip5__rounds-100__epochs-5__eurosat_remove__eurosat_cnn round=10 (checkpoint deleted)
2026-08-18 21:10:45 EVALUATED eurosat-in-remove__homogeneous__global-dp__fedavg__clients-48__seed-43__nm0p0371071__clip5__rounds-100__epochs-5__eurosat_remove__eurosat_cnn round=20 (checkpoint deleted)
2026-08-18 21:10:46 EVALUATED eurosat-in-remove__homogeneous__global-dp__fedavg__clients-48__seed-43__nm0p0371071__clip5__rounds-100__epochs-5__eurosat_remove__eurosat_cnn round=30 (checkpoint deleted)
2026-08-18 21:10:48 EVALUATED eurosat-in-remove__homogeneous__global-dp__fedavg__clients-48__seed-43__nm0p0371071__clip5__rounds-100__epochs-5__eurosat_remove__eurosat_cnn round=40 (checkpoint deleted)
2026-08-18 21:10:49 EVALUATED eurosat-in-remove__homogeneous__global-dp__fedavg__clients-48__seed-43__nm0p0371071__clip5__rounds-100__epochs-5__eurosat_remove__eurosat_cnn round=50 (checkpoint deleted)
2026-08-18 21:10:50 EVALUATED eurosat-in-remove__homogeneous__global-dp__fedavg__clients-48__seed-43__nm0p0371071__clip5__rounds-100__epochs-5__eurosat_remove__eurosat_cnn round=60 (checkpoint deleted)
2026-08-18 21:10:52 EVALUATED eurosat-in-remove__homogeneous__global-dp__fedavg__clients-48__seed-43__nm0p0371071__clip5__rounds-100__epochs-5__eurosat_remove__eurosat_cnn round=70 (checkpoint deleted)
2026-08-18 21:10:53 EVALUATED eurosat-in-remove__homogeneous__global-dp__fedavg__clients-48__seed-43__nm0p0371071__clip5__rounds-100__epochs-5__eurosat_remove__eurosat_cnn round=80 (checkpoint deleted)
2026-08-18 21:10:54 EVALUATED eurosat-in-remove__homogeneous__global-dp__fedavg__clients-48__seed-43__nm0p0371071__clip5__rounds-100__epochs-5__eurosat_remove__eurosat_cnn round=90 (checkpoint deleted)
2026-08-18 21:10:55 EVALUATED eurosat-in-remove__homogeneous__global-dp__fedavg__clients-48__seed-43__nm0p0371071__clip5__rounds-100__epochs-5__eurosat_remove__eurosat_cnn round=100 (checkpoint deleted)
2026-08-18 21:10:55 PROGRESS 1/2 (0 failed so far)
2026-08-18 21:10:55 START eurosat-out-remove__homogeneous__global-dp__fedavg__clients-47__seed-43__nm0p0363341__clip5__rounds-100__epochs-5__eurosat_remove__eurosat_cnn 
2026-08-18 21:36:12 DONE  eurosat-out-remove__homogeneous__global-dp__fedavg__clients-47__seed-43__nm0p0363341__clip5__rounds-100__epochs-5__eurosat_remove__eurosat_cnn (1517.1s)
2026-08-18 21:36:14 EVALUATED eurosat-out-remove__homogeneous__global-dp__fedavg__clients-47__seed-43__nm0p0363341__clip5__rounds-100__epochs-5__eurosat_remove__eurosat_cnn round=1 (checkpoint deleted)
2026-08-18 21:36:15 EVALUATED eurosat-out-remove__homogeneous__global-dp__fedavg__clients-47__seed-43__nm0p0363341__clip5__rounds-100__epochs-5__eurosat_remove__eurosat_cnn round=10 (checkpoint deleted)
2026-08-18 21:36:16 EVALUATED eurosat-out-remove__homogeneous__global-dp__fedavg__clients-47__seed-43__nm0p0363341__clip5__rounds-100__epochs-5__eurosat_remove__eurosat_cnn round=20 (checkpoint deleted)
2026-08-18 21:36:18 EVALUATED eurosat-out-remove__homogeneous__global-dp__fedavg__clients-47__seed-43__nm0p0363341__clip5__rounds-100__epochs-5__eurosat_remove__eurosat_cnn round=30 (checkpoint deleted)
2026-08-18 21:36:19 EVALUATED eurosat-out-remove__homogeneous__global-dp__fedavg__clients-47__seed-43__nm0p0363341__clip5__rounds-100__epochs-5__eurosat_remove__eurosat_cnn round=40 (checkpoint deleted)
2026-08-18 21:36:20 EVALUATED eurosat-out-remove__homogeneous__global-dp__fedavg__clients-47__seed-43__nm0p0363341__clip5__rounds-100__epochs-5__eurosat_remove__eurosat_cnn round=50 (checkpoint deleted)
2026-08-18 21:36:21 EVALUATED eurosat-out-remove__homogeneous__global-dp__fedavg__clients-47__seed-43__nm0p0363341__clip5__rounds-100__epochs-5__eurosat_remove__eurosat_cnn round=60 (checkpoint deleted)
2026-08-18 21:36:23 EVALUATED eurosat-out-remove__homogeneous__global-dp__fedavg__clients-47__seed-43__nm0p0363341__clip5__rounds-100__epochs-5__eurosat_remove__eurosat_cnn round=70 (checkpoint deleted)
2026-08-18 21:36:24 EVALUATED eurosat-out-remove__homogeneous__global-dp__fedavg__clients-47__seed-43__nm0p0363341__clip5__rounds-100__epochs-5__eurosat_remove__eurosat_cnn round=80 (checkpoint deleted)
2026-08-18 21:36:25 EVALUATED eurosat-out-remove__homogeneous__global-dp__fedavg__clients-47__seed-43__nm0p0363341__clip5__rounds-100__epochs-5__eurosat_remove__eurosat_cnn round=90 (checkpoint deleted)
2026-08-18 21:36:26 EVALUATED eurosat-out-remove__homogeneous__global-dp__fedavg__clients-47__seed-43__nm0p0363341__clip5__rounds-100__epochs-5__eurosat_remove__eurosat_cnn round=100 (checkpoint deleted)
2026-08-18 21:36:26 PROGRESS 2/2 (0 failed so far)
2026-08-18 21:36:26 Sweep finished: 2/2 attempted, 0 failed
