2026-08-11 19:45:33 CIFAR-10 removal CIA chunk (vanilla, clients=48): 1 trajectories
2026-08-11 19:45:33 START cifar10-in-remove__non-iid__vanilla__fedavg__clients-48__seed-42__nm0p0182__clip5__rounds-20__epochs-5__cifar10_remove__cifar10_cnn 
2026-08-11 19:59:10 DONE  cifar10-in-remove__non-iid__vanilla__fedavg__clients-48__seed-42__nm0p0182__clip5__rounds-20__epochs-5__cifar10_remove__cifar10_cnn (817.7s)
2026-08-11 19:59:19 EVALUATED cifar10-in-remove__non-iid__vanilla__fedavg__clients-48__seed-42__nm0p0182__clip5__rounds-20__epochs-5__cifar10_remove__cifar10_cnn round=1 (checkpoint deleted)
2026-08-11 19:59:24 EVALUATED cifar10-in-remove__non-iid__vanilla__fedavg__clients-48__seed-42__nm0p0182__clip5__rounds-20__epochs-5__cifar10_remove__cifar10_cnn round=2 (checkpoint deleted)
2026-08-11 19:59:29 EVALUATED cifar10-in-remove__non-iid__vanilla__fedavg__clients-48__seed-42__nm0p0182__clip5__rounds-20__epochs-5__cifar10_remove__cifar10_cnn round=3 (checkpoint deleted)
2026-08-11 19:59:34 EVALUATED cifar10-in-remove__non-iid__vanilla__fedavg__clients-48__seed-42__nm0p0182__clip5__rounds-20__epochs-5__cifar10_remove__cifar10_cnn round=4 (checkpoint deleted)
2026-08-11 19:59:40 EVALUATED cifar10-in-remove__non-iid__vanilla__fedavg__clients-48__seed-42__nm0p0182__clip5__rounds-20__epochs-5__cifar10_remove__cifar10_cnn round=5 (checkpoint deleted)
2026-08-11 19:59:45 EVALUATED cifar10-in-remove__non-iid__vanilla__fedavg__clients-48__seed-42__nm0p0182__clip5__rounds-20__epochs-5__cifar10_remove__cifar10_cnn round=6 (checkpoint deleted)
2026-08-11 19:59:50 EVALUATED cifar10-in-remove__non-iid__vanilla__fedavg__clients-48__seed-42__nm0p0182__clip5__rounds-20__epochs-5__cifar10_remove__cifar10_cnn round=7 (checkpoint deleted)
2026-08-11 19:59:55 EVALUATED cifar10-in-remove__non-iid__vanilla__fedavg__clients-48__seed-42__nm0p0182__clip5__rounds-20__epochs-5__cifar10_remove__cifar10_cnn round=8 (checkpoint deleted)
2026-08-11 20:00:00 EVALUATED cifar10-in-remove__non-iid__vanilla__fedavg__clients-48__seed-42__nm0p0182__clip5__rounds-20__epochs-5__cifar10_remove__cifar10_cnn round=9 (checkpoint deleted)
2026-08-11 20:00:06 EVALUATED cifar10-in-remove__non-iid__vanilla__fedavg__clients-48__seed-42__nm0p0182__clip5__rounds-20__epochs-5__cifar10_remove__cifar10_cnn round=10 (checkpoint deleted)
2026-08-11 20:00:11 EVALUATED cifar10-in-remove__non-iid__vanilla__fedavg__clients-48__seed-42__nm0p0182__clip5__rounds-20__epochs-5__cifar10_remove__cifar10_cnn round=11 (checkpoint deleted)
2026-08-11 20:00:16 EVALUATED cifar10-in-remove__non-iid__vanilla__fedavg__clients-48__seed-42__nm0p0182__clip5__rounds-20__epochs-5__cifar10_remove__cifar10_cnn round=12 (checkpoint deleted)
2026-08-11 20:00:21 EVALUATED cifar10-in-remove__non-iid__vanilla__fedavg__clients-48__seed-42__nm0p0182__clip5__rounds-20__epochs-5__cifar10_remove__cifar10_cnn round=13 (checkpoint deleted)
2026-08-11 20:00:26 EVALUATED cifar10-in-remove__non-iid__vanilla__fedavg__clients-48__seed-42__nm0p0182__clip5__rounds-20__epochs-5__cifar10_remove__cifar10_cnn round=14 (checkpoint deleted)
2026-08-11 20:00:31 EVALUATED cifar10-in-remove__non-iid__vanilla__fedavg__clients-48__seed-42__nm0p0182__clip5__rounds-20__epochs-5__cifar10_remove__cifar10_cnn round=15 (checkpoint deleted)
2026-08-11 20:00:37 EVALUATED cifar10-in-remove__non-iid__vanilla__fedavg__clients-48__seed-42__nm0p0182__clip5__rounds-20__epochs-5__cifar10_remove__cifar10_cnn round=16 (checkpoint deleted)
2026-08-11 20:00:42 EVALUATED cifar10-in-remove__non-iid__vanilla__fedavg__clients-48__seed-42__nm0p0182__clip5__rounds-20__epochs-5__cifar10_remove__cifar10_cnn round=17 (checkpoint deleted)
2026-08-11 20:00:47 EVALUATED cifar10-in-remove__non-iid__vanilla__fedavg__clients-48__seed-42__nm0p0182__clip5__rounds-20__epochs-5__cifar10_remove__cifar10_cnn round=18 (checkpoint deleted)
2026-08-11 20:00:52 EVALUATED cifar10-in-remove__non-iid__vanilla__fedavg__clients-48__seed-42__nm0p0182__clip5__rounds-20__epochs-5__cifar10_remove__cifar10_cnn round=19 (checkpoint deleted)
2026-08-11 20:00:57 EVALUATED cifar10-in-remove__non-iid__vanilla__fedavg__clients-48__seed-42__nm0p0182__clip5__rounds-20__epochs-5__cifar10_remove__cifar10_cnn round=20 (checkpoint deleted)
2026-08-11 20:00:57 PROGRESS 1/1 (0 failed so far)
2026-08-11 20:00:57 Sweep finished: 1/1 attempted, 0 failed
