2026-08-21 04:00:38 Fashion-MNIST stage (metric-privacy, homogeneous, seed=42, noise_ratio=0.00033455428668894335): 2 trajectories
2026-08-21 04:00:38 START fashion-mnist-in-remove__homogeneous__metric-privacy__fedavg__clients-48__seed-42__nm0p0160586__clip5__rounds-100__epochs-5__fashion_mnist_remove__fashion_mnist_cnn 
2026-08-21 04:16:52 DONE  fashion-mnist-in-remove__homogeneous__metric-privacy__fedavg__clients-48__seed-42__nm0p0160586__clip5__rounds-100__epochs-5__fashion_mnist_remove__fashion_mnist_cnn (974.1s)
2026-08-21 04:16:54 EVALUATED fashion-mnist-in-remove__homogeneous__metric-privacy__fedavg__clients-48__seed-42__nm0p0160586__clip5__rounds-100__epochs-5__fashion_mnist_remove__fashion_mnist_cnn round=1 (checkpoint deleted)
2026-08-21 04:16:57 EVALUATED fashion-mnist-in-remove__homogeneous__metric-privacy__fedavg__clients-48__seed-42__nm0p0160586__clip5__rounds-100__epochs-5__fashion_mnist_remove__fashion_mnist_cnn round=10 (checkpoint deleted)
2026-08-21 04:17:00 EVALUATED fashion-mnist-in-remove__homogeneous__metric-privacy__fedavg__clients-48__seed-42__nm0p0160586__clip5__rounds-100__epochs-5__fashion_mnist_remove__fashion_mnist_cnn round=20 (checkpoint deleted)
2026-08-21 04:17:02 EVALUATED fashion-mnist-in-remove__homogeneous__metric-privacy__fedavg__clients-48__seed-42__nm0p0160586__clip5__rounds-100__epochs-5__fashion_mnist_remove__fashion_mnist_cnn round=30 (checkpoint deleted)
2026-08-21 04:17:05 EVALUATED fashion-mnist-in-remove__homogeneous__metric-privacy__fedavg__clients-48__seed-42__nm0p0160586__clip5__rounds-100__epochs-5__fashion_mnist_remove__fashion_mnist_cnn round=40 (checkpoint deleted)
2026-08-21 04:17:08 EVALUATED fashion-mnist-in-remove__homogeneous__metric-privacy__fedavg__clients-48__seed-42__nm0p0160586__clip5__rounds-100__epochs-5__fashion_mnist_remove__fashion_mnist_cnn round=50 (checkpoint deleted)
2026-08-21 04:17:10 EVALUATED fashion-mnist-in-remove__homogeneous__metric-privacy__fedavg__clients-48__seed-42__nm0p0160586__clip5__rounds-100__epochs-5__fashion_mnist_remove__fashion_mnist_cnn round=60 (checkpoint deleted)
2026-08-21 04:17:13 EVALUATED fashion-mnist-in-remove__homogeneous__metric-privacy__fedavg__clients-48__seed-42__nm0p0160586__clip5__rounds-100__epochs-5__fashion_mnist_remove__fashion_mnist_cnn round=70 (checkpoint deleted)
2026-08-21 04:17:15 EVALUATED fashion-mnist-in-remove__homogeneous__metric-privacy__fedavg__clients-48__seed-42__nm0p0160586__clip5__rounds-100__epochs-5__fashion_mnist_remove__fashion_mnist_cnn round=80 (checkpoint deleted)
2026-08-21 04:17:18 EVALUATED fashion-mnist-in-remove__homogeneous__metric-privacy__fedavg__clients-48__seed-42__nm0p0160586__clip5__rounds-100__epochs-5__fashion_mnist_remove__fashion_mnist_cnn round=90 (checkpoint deleted)
2026-08-21 04:17:21 EVALUATED fashion-mnist-in-remove__homogeneous__metric-privacy__fedavg__clients-48__seed-42__nm0p0160586__clip5__rounds-100__epochs-5__fashion_mnist_remove__fashion_mnist_cnn round=100 (checkpoint deleted)
2026-08-21 04:17:21 PROGRESS 1/2 (0 failed so far)
2026-08-21 04:17:21 START fashion-mnist-out-remove__homogeneous__metric-privacy__fedavg__clients-47__seed-42__nm0p0157241__clip5__rounds-100__epochs-5__fashion_mnist_remove__fashion_mnist_cnn 
2026-08-21 04:32:52 DONE  fashion-mnist-out-remove__homogeneous__metric-privacy__fedavg__clients-47__seed-42__nm0p0157241__clip5__rounds-100__epochs-5__fashion_mnist_remove__fashion_mnist_cnn (931.6s)
2026-08-21 04:32:55 EVALUATED fashion-mnist-out-remove__homogeneous__metric-privacy__fedavg__clients-47__seed-42__nm0p0157241__clip5__rounds-100__epochs-5__fashion_mnist_remove__fashion_mnist_cnn round=1 (checkpoint deleted)
2026-08-21 04:32:57 EVALUATED fashion-mnist-out-remove__homogeneous__metric-privacy__fedavg__clients-47__seed-42__nm0p0157241__clip5__rounds-100__epochs-5__fashion_mnist_remove__fashion_mnist_cnn round=10 (checkpoint deleted)
2026-08-21 04:33:00 EVALUATED fashion-mnist-out-remove__homogeneous__metric-privacy__fedavg__clients-47__seed-42__nm0p0157241__clip5__rounds-100__epochs-5__fashion_mnist_remove__fashion_mnist_cnn round=20 (checkpoint deleted)
2026-08-21 04:33:03 EVALUATED fashion-mnist-out-remove__homogeneous__metric-privacy__fedavg__clients-47__seed-42__nm0p0157241__clip5__rounds-100__epochs-5__fashion_mnist_remove__fashion_mnist_cnn round=30 (checkpoint deleted)
2026-08-21 04:33:05 EVALUATED fashion-mnist-out-remove__homogeneous__metric-privacy__fedavg__clients-47__seed-42__nm0p0157241__clip5__rounds-100__epochs-5__fashion_mnist_remove__fashion_mnist_cnn round=40 (checkpoint deleted)
2026-08-21 04:33:08 EVALUATED fashion-mnist-out-remove__homogeneous__metric-privacy__fedavg__clients-47__seed-42__nm0p0157241__clip5__rounds-100__epochs-5__fashion_mnist_remove__fashion_mnist_cnn round=50 (checkpoint deleted)
2026-08-21 04:33:11 EVALUATED fashion-mnist-out-remove__homogeneous__metric-privacy__fedavg__clients-47__seed-42__nm0p0157241__clip5__rounds-100__epochs-5__fashion_mnist_remove__fashion_mnist_cnn round=60 (checkpoint deleted)
2026-08-21 04:33:13 EVALUATED fashion-mnist-out-remove__homogeneous__metric-privacy__fedavg__clients-47__seed-42__nm0p0157241__clip5__rounds-100__epochs-5__fashion_mnist_remove__fashion_mnist_cnn round=70 (checkpoint deleted)
2026-08-21 04:33:16 EVALUATED fashion-mnist-out-remove__homogeneous__metric-privacy__fedavg__clients-47__seed-42__nm0p0157241__clip5__rounds-100__epochs-5__fashion_mnist_remove__fashion_mnist_cnn round=80 (checkpoint deleted)
2026-08-21 04:33:19 EVALUATED fashion-mnist-out-remove__homogeneous__metric-privacy__fedavg__clients-47__seed-42__nm0p0157241__clip5__rounds-100__epochs-5__fashion_mnist_remove__fashion_mnist_cnn round=90 (checkpoint deleted)
2026-08-21 04:33:21 EVALUATED fashion-mnist-out-remove__homogeneous__metric-privacy__fedavg__clients-47__seed-42__nm0p0157241__clip5__rounds-100__epochs-5__fashion_mnist_remove__fashion_mnist_cnn round=100 (checkpoint deleted)
2026-08-21 04:33:21 PROGRESS 2/2 (0 failed so far)
2026-08-21 04:33:21 Sweep finished: 2/2 attempted, 0 failed
