2026-08-04 20:28:31 Determinism check-determinism-run-1: 3 combinations
2026-08-04 20:28:31 START check-determinism-run-1__homogeneous__vanilla__fedavg__clients-4__seed-42__nm0p01__clip5__rounds-20__epochs-5__check_determinism__paper_cnn 
2026-08-04 20:32:19 DONE  check-determinism-run-1__homogeneous__vanilla__fedavg__clients-4__seed-42__nm0p01__clip5__rounds-20__epochs-5__check_determinism__paper_cnn (227.5s)
2026-08-04 20:32:24 EVALUATED check-determinism-run-1__homogeneous__vanilla__fedavg__clients-4__seed-42__nm0p01__clip5__rounds-20__epochs-5__check_determinism__paper_cnn round=1 (checkpoint deleted)
2026-08-04 20:32:25 EVALUATED check-determinism-run-1__homogeneous__vanilla__fedavg__clients-4__seed-42__nm0p01__clip5__rounds-20__epochs-5__check_determinism__paper_cnn round=20 (checkpoint deleted)
2026-08-04 20:32:25 PROGRESS 1/3 (0 failed so far)
2026-08-04 20:32:25 START check-determinism-run-1__homogeneous__global-dp__fedavg__clients-4__seed-42__nm0p01__clip5__rounds-20__epochs-5__check_determinism__paper_cnn 
2026-08-04 20:36:28 DONE  check-determinism-run-1__homogeneous__global-dp__fedavg__clients-4__seed-42__nm0p01__clip5__rounds-20__epochs-5__check_determinism__paper_cnn (243.2s)
2026-08-04 20:36:30 EVALUATED check-determinism-run-1__homogeneous__global-dp__fedavg__clients-4__seed-42__nm0p01__clip5__rounds-20__epochs-5__check_determinism__paper_cnn round=1 (checkpoint deleted)
2026-08-04 20:36:31 EVALUATED check-determinism-run-1__homogeneous__global-dp__fedavg__clients-4__seed-42__nm0p01__clip5__rounds-20__epochs-5__check_determinism__paper_cnn round=20 (checkpoint deleted)
2026-08-04 20:36:31 PROGRESS 2/3 (0 failed so far)
2026-08-04 20:36:31 START check-determinism-run-1__homogeneous__metric-privacy__fedavg__clients-4__seed-42__nm0p01__clip5__rounds-20__epochs-5__check_determinism__paper_cnn 
2026-08-04 20:40:37 DONE  check-determinism-run-1__homogeneous__metric-privacy__fedavg__clients-4__seed-42__nm0p01__clip5__rounds-20__epochs-5__check_determinism__paper_cnn (245.8s)
2026-08-04 20:40:39 EVALUATED check-determinism-run-1__homogeneous__metric-privacy__fedavg__clients-4__seed-42__nm0p01__clip5__rounds-20__epochs-5__check_determinism__paper_cnn round=1 (checkpoint deleted)
2026-08-04 20:40:40 EVALUATED check-determinism-run-1__homogeneous__metric-privacy__fedavg__clients-4__seed-42__nm0p01__clip5__rounds-20__epochs-5__check_determinism__paper_cnn round=20 (checkpoint deleted)
2026-08-04 20:40:40 PROGRESS 3/3 (0 failed so far)
2026-08-04 20:40:40 Sweep finished: 3/3 attempted, 0 failed
2026-08-04 20:40:40 Determinism check-determinism-run-2: 3 combinations
2026-08-04 20:40:40 START check-determinism-run-2__homogeneous__vanilla__fedavg__clients-4__seed-42__nm0p01__clip5__rounds-20__epochs-5__check_determinism__paper_cnn 
2026-08-04 20:44:34 DONE  check-determinism-run-2__homogeneous__vanilla__fedavg__clients-4__seed-42__nm0p01__clip5__rounds-20__epochs-5__check_determinism__paper_cnn (233.6s)
2026-08-04 20:44:35 EVALUATED check-determinism-run-2__homogeneous__vanilla__fedavg__clients-4__seed-42__nm0p01__clip5__rounds-20__epochs-5__check_determinism__paper_cnn round=1 (checkpoint deleted)
2026-08-04 20:44:37 EVALUATED check-determinism-run-2__homogeneous__vanilla__fedavg__clients-4__seed-42__nm0p01__clip5__rounds-20__epochs-5__check_determinism__paper_cnn round=20 (checkpoint deleted)
2026-08-04 20:44:37 PROGRESS 1/3 (0 failed so far)
2026-08-04 20:44:37 START check-determinism-run-2__homogeneous__global-dp__fedavg__clients-4__seed-42__nm0p01__clip5__rounds-20__epochs-5__check_determinism__paper_cnn 
2026-08-04 20:48:41 DONE  check-determinism-run-2__homogeneous__global-dp__fedavg__clients-4__seed-42__nm0p01__clip5__rounds-20__epochs-5__check_determinism__paper_cnn (244.7s)
2026-08-04 20:48:43 EVALUATED check-determinism-run-2__homogeneous__global-dp__fedavg__clients-4__seed-42__nm0p01__clip5__rounds-20__epochs-5__check_determinism__paper_cnn round=1 (checkpoint deleted)
2026-08-04 20:48:44 EVALUATED check-determinism-run-2__homogeneous__global-dp__fedavg__clients-4__seed-42__nm0p01__clip5__rounds-20__epochs-5__check_determinism__paper_cnn round=20 (checkpoint deleted)
2026-08-04 20:48:44 PROGRESS 2/3 (0 failed so far)
2026-08-04 20:48:44 START check-determinism-run-2__homogeneous__metric-privacy__fedavg__clients-4__seed-42__nm0p01__clip5__rounds-20__epochs-5__check_determinism__paper_cnn 
2026-08-04 20:52:51 DONE  check-determinism-run-2__homogeneous__metric-privacy__fedavg__clients-4__seed-42__nm0p01__clip5__rounds-20__epochs-5__check_determinism__paper_cnn (246.4s)
2026-08-04 20:52:52 EVALUATED check-determinism-run-2__homogeneous__metric-privacy__fedavg__clients-4__seed-42__nm0p01__clip5__rounds-20__epochs-5__check_determinism__paper_cnn round=1 (checkpoint deleted)
2026-08-04 20:52:54 EVALUATED check-determinism-run-2__homogeneous__metric-privacy__fedavg__clients-4__seed-42__nm0p01__clip5__rounds-20__epochs-5__check_determinism__paper_cnn round=20 (checkpoint deleted)
2026-08-04 20:52:54 PROGRESS 3/3 (0 failed so far)
2026-08-04 20:52:54 Sweep finished: 3/3 attempted, 0 failed
