2026-08-21 13:23:50 Fashion-MNIST stage (metric-privacy, non-iid, seed=42, noise_ratio=0.021411474348092374): 2 trajectories
2026-08-21 13:23:50 START fashion-mnist-in-remove__non-iid__metric-privacy__fedavg__clients-48__seed-42__nm1p02775__clip5__rounds-100__epochs-5__fashion_mnist_remove__fashion_mnist_cnn 
2026-08-21 13:40:07 DONE  fashion-mnist-in-remove__non-iid__metric-privacy__fedavg__clients-48__seed-42__nm1p02775__clip5__rounds-100__epochs-5__fashion_mnist_remove__fashion_mnist_cnn (976.8s)
2026-08-21 13:40:10 EVALUATED fashion-mnist-in-remove__non-iid__metric-privacy__fedavg__clients-48__seed-42__nm1p02775__clip5__rounds-100__epochs-5__fashion_mnist_remove__fashion_mnist_cnn round=1 (checkpoint deleted)
2026-08-21 13:40:12 EVALUATED fashion-mnist-in-remove__non-iid__metric-privacy__fedavg__clients-48__seed-42__nm1p02775__clip5__rounds-100__epochs-5__fashion_mnist_remove__fashion_mnist_cnn round=10 (checkpoint deleted)
2026-08-21 13:40:15 EVALUATED fashion-mnist-in-remove__non-iid__metric-privacy__fedavg__clients-48__seed-42__nm1p02775__clip5__rounds-100__epochs-5__fashion_mnist_remove__fashion_mnist_cnn round=20 (checkpoint deleted)
2026-08-21 13:40:18 EVALUATED fashion-mnist-in-remove__non-iid__metric-privacy__fedavg__clients-48__seed-42__nm1p02775__clip5__rounds-100__epochs-5__fashion_mnist_remove__fashion_mnist_cnn round=30 (checkpoint deleted)
2026-08-21 13:40:21 EVALUATED fashion-mnist-in-remove__non-iid__metric-privacy__fedavg__clients-48__seed-42__nm1p02775__clip5__rounds-100__epochs-5__fashion_mnist_remove__fashion_mnist_cnn round=40 (checkpoint deleted)
2026-08-21 13:40:23 EVALUATED fashion-mnist-in-remove__non-iid__metric-privacy__fedavg__clients-48__seed-42__nm1p02775__clip5__rounds-100__epochs-5__fashion_mnist_remove__fashion_mnist_cnn round=50 (checkpoint deleted)
2026-08-21 13:40:26 EVALUATED fashion-mnist-in-remove__non-iid__metric-privacy__fedavg__clients-48__seed-42__nm1p02775__clip5__rounds-100__epochs-5__fashion_mnist_remove__fashion_mnist_cnn round=60 (checkpoint deleted)
2026-08-21 13:40:29 EVALUATED fashion-mnist-in-remove__non-iid__metric-privacy__fedavg__clients-48__seed-42__nm1p02775__clip5__rounds-100__epochs-5__fashion_mnist_remove__fashion_mnist_cnn round=70 (checkpoint deleted)
2026-08-21 13:40:31 EVALUATED fashion-mnist-in-remove__non-iid__metric-privacy__fedavg__clients-48__seed-42__nm1p02775__clip5__rounds-100__epochs-5__fashion_mnist_remove__fashion_mnist_cnn round=80 (checkpoint deleted)
2026-08-21 13:40:34 EVALUATED fashion-mnist-in-remove__non-iid__metric-privacy__fedavg__clients-48__seed-42__nm1p02775__clip5__rounds-100__epochs-5__fashion_mnist_remove__fashion_mnist_cnn round=90 (checkpoint deleted)
2026-08-21 13:40:37 EVALUATED fashion-mnist-in-remove__non-iid__metric-privacy__fedavg__clients-48__seed-42__nm1p02775__clip5__rounds-100__epochs-5__fashion_mnist_remove__fashion_mnist_cnn round=100 (checkpoint deleted)
2026-08-21 13:40:37 PROGRESS 1/2 (0 failed so far)
2026-08-21 13:40:37 START fashion-mnist-out-remove__non-iid__metric-privacy__fedavg__clients-47__seed-42__nm1p00634__clip5__rounds-100__epochs-5__fashion_mnist_remove__fashion_mnist_cnn 
2026-08-21 13:56:41 DONE  fashion-mnist-out-remove__non-iid__metric-privacy__fedavg__clients-47__seed-42__nm1p00634__clip5__rounds-100__epochs-5__fashion_mnist_remove__fashion_mnist_cnn (963.6s)
2026-08-21 13:56:43 EVALUATED fashion-mnist-out-remove__non-iid__metric-privacy__fedavg__clients-47__seed-42__nm1p00634__clip5__rounds-100__epochs-5__fashion_mnist_remove__fashion_mnist_cnn round=1 (checkpoint deleted)
2026-08-21 13:56:46 EVALUATED fashion-mnist-out-remove__non-iid__metric-privacy__fedavg__clients-47__seed-42__nm1p00634__clip5__rounds-100__epochs-5__fashion_mnist_remove__fashion_mnist_cnn round=10 (checkpoint deleted)
2026-08-21 13:56:49 EVALUATED fashion-mnist-out-remove__non-iid__metric-privacy__fedavg__clients-47__seed-42__nm1p00634__clip5__rounds-100__epochs-5__fashion_mnist_remove__fashion_mnist_cnn round=20 (checkpoint deleted)
2026-08-21 13:56:51 EVALUATED fashion-mnist-out-remove__non-iid__metric-privacy__fedavg__clients-47__seed-42__nm1p00634__clip5__rounds-100__epochs-5__fashion_mnist_remove__fashion_mnist_cnn round=30 (checkpoint deleted)
2026-08-21 13:56:54 EVALUATED fashion-mnist-out-remove__non-iid__metric-privacy__fedavg__clients-47__seed-42__nm1p00634__clip5__rounds-100__epochs-5__fashion_mnist_remove__fashion_mnist_cnn round=40 (checkpoint deleted)
2026-08-21 13:56:57 EVALUATED fashion-mnist-out-remove__non-iid__metric-privacy__fedavg__clients-47__seed-42__nm1p00634__clip5__rounds-100__epochs-5__fashion_mnist_remove__fashion_mnist_cnn round=50 (checkpoint deleted)
2026-08-21 13:56:59 EVALUATED fashion-mnist-out-remove__non-iid__metric-privacy__fedavg__clients-47__seed-42__nm1p00634__clip5__rounds-100__epochs-5__fashion_mnist_remove__fashion_mnist_cnn round=60 (checkpoint deleted)
2026-08-21 13:57:02 EVALUATED fashion-mnist-out-remove__non-iid__metric-privacy__fedavg__clients-47__seed-42__nm1p00634__clip5__rounds-100__epochs-5__fashion_mnist_remove__fashion_mnist_cnn round=70 (checkpoint deleted)
2026-08-21 13:57:05 EVALUATED fashion-mnist-out-remove__non-iid__metric-privacy__fedavg__clients-47__seed-42__nm1p00634__clip5__rounds-100__epochs-5__fashion_mnist_remove__fashion_mnist_cnn round=80 (checkpoint deleted)
2026-08-21 13:57:08 EVALUATED fashion-mnist-out-remove__non-iid__metric-privacy__fedavg__clients-47__seed-42__nm1p00634__clip5__rounds-100__epochs-5__fashion_mnist_remove__fashion_mnist_cnn round=90 (checkpoint deleted)
2026-08-21 13:57:10 EVALUATED fashion-mnist-out-remove__non-iid__metric-privacy__fedavg__clients-47__seed-42__nm1p00634__clip5__rounds-100__epochs-5__fashion_mnist_remove__fashion_mnist_cnn round=100 (checkpoint deleted)
2026-08-21 13:57:10 PROGRESS 2/2 (0 failed so far)
2026-08-21 13:57:10 Sweep finished: 2/2 attempted, 0 failed
