2026-08-19 19:44:28 EuroSAT stage (global-dp, non-iid, seed=44, noise_ratio=0.0015461300878041046): 2 trajectories
2026-08-19 19:44:28 START eurosat-in-remove__non-iid__global-dp__fedavg__clients-48__seed-44__nm0p0742142__clip5__rounds-100__epochs-5__eurosat_remove__eurosat_cnn 
2026-08-19 20:02:26 DONE  eurosat-in-remove__non-iid__global-dp__fedavg__clients-48__seed-44__nm0p0742142__clip5__rounds-100__epochs-5__eurosat_remove__eurosat_cnn (1078.1s)
2026-08-19 20:02:28 EVALUATED eurosat-in-remove__non-iid__global-dp__fedavg__clients-48__seed-44__nm0p0742142__clip5__rounds-100__epochs-5__eurosat_remove__eurosat_cnn round=1 (checkpoint deleted)
2026-08-19 20:02:29 EVALUATED eurosat-in-remove__non-iid__global-dp__fedavg__clients-48__seed-44__nm0p0742142__clip5__rounds-100__epochs-5__eurosat_remove__eurosat_cnn round=10 (checkpoint deleted)
2026-08-19 20:02:31 EVALUATED eurosat-in-remove__non-iid__global-dp__fedavg__clients-48__seed-44__nm0p0742142__clip5__rounds-100__epochs-5__eurosat_remove__eurosat_cnn round=20 (checkpoint deleted)
2026-08-19 20:02:32 EVALUATED eurosat-in-remove__non-iid__global-dp__fedavg__clients-48__seed-44__nm0p0742142__clip5__rounds-100__epochs-5__eurosat_remove__eurosat_cnn round=30 (checkpoint deleted)
2026-08-19 20:02:33 EVALUATED eurosat-in-remove__non-iid__global-dp__fedavg__clients-48__seed-44__nm0p0742142__clip5__rounds-100__epochs-5__eurosat_remove__eurosat_cnn round=40 (checkpoint deleted)
2026-08-19 20:02:35 EVALUATED eurosat-in-remove__non-iid__global-dp__fedavg__clients-48__seed-44__nm0p0742142__clip5__rounds-100__epochs-5__eurosat_remove__eurosat_cnn round=50 (checkpoint deleted)
2026-08-19 20:02:36 EVALUATED eurosat-in-remove__non-iid__global-dp__fedavg__clients-48__seed-44__nm0p0742142__clip5__rounds-100__epochs-5__eurosat_remove__eurosat_cnn round=60 (checkpoint deleted)
2026-08-19 20:02:37 EVALUATED eurosat-in-remove__non-iid__global-dp__fedavg__clients-48__seed-44__nm0p0742142__clip5__rounds-100__epochs-5__eurosat_remove__eurosat_cnn round=70 (checkpoint deleted)
2026-08-19 20:02:39 EVALUATED eurosat-in-remove__non-iid__global-dp__fedavg__clients-48__seed-44__nm0p0742142__clip5__rounds-100__epochs-5__eurosat_remove__eurosat_cnn round=80 (checkpoint deleted)
2026-08-19 20:02:40 EVALUATED eurosat-in-remove__non-iid__global-dp__fedavg__clients-48__seed-44__nm0p0742142__clip5__rounds-100__epochs-5__eurosat_remove__eurosat_cnn round=90 (checkpoint deleted)
2026-08-19 20:02:42 EVALUATED eurosat-in-remove__non-iid__global-dp__fedavg__clients-48__seed-44__nm0p0742142__clip5__rounds-100__epochs-5__eurosat_remove__eurosat_cnn round=100 (checkpoint deleted)
2026-08-19 20:02:42 PROGRESS 1/2 (0 failed so far)
2026-08-19 20:02:42 START eurosat-out-remove__non-iid__global-dp__fedavg__clients-47__seed-44__nm0p0726681__clip5__rounds-100__epochs-5__eurosat_remove__eurosat_cnn 
2026-08-19 20:20:16 DONE  eurosat-out-remove__non-iid__global-dp__fedavg__clients-47__seed-44__nm0p0726681__clip5__rounds-100__epochs-5__eurosat_remove__eurosat_cnn (1054.5s)
2026-08-19 20:20:17 EVALUATED eurosat-out-remove__non-iid__global-dp__fedavg__clients-47__seed-44__nm0p0726681__clip5__rounds-100__epochs-5__eurosat_remove__eurosat_cnn round=1 (checkpoint deleted)
2026-08-19 20:20:19 EVALUATED eurosat-out-remove__non-iid__global-dp__fedavg__clients-47__seed-44__nm0p0726681__clip5__rounds-100__epochs-5__eurosat_remove__eurosat_cnn round=10 (checkpoint deleted)
2026-08-19 20:20:20 EVALUATED eurosat-out-remove__non-iid__global-dp__fedavg__clients-47__seed-44__nm0p0726681__clip5__rounds-100__epochs-5__eurosat_remove__eurosat_cnn round=20 (checkpoint deleted)
2026-08-19 20:20:22 EVALUATED eurosat-out-remove__non-iid__global-dp__fedavg__clients-47__seed-44__nm0p0726681__clip5__rounds-100__epochs-5__eurosat_remove__eurosat_cnn round=30 (checkpoint deleted)
2026-08-19 20:20:23 EVALUATED eurosat-out-remove__non-iid__global-dp__fedavg__clients-47__seed-44__nm0p0726681__clip5__rounds-100__epochs-5__eurosat_remove__eurosat_cnn round=40 (checkpoint deleted)
2026-08-19 20:20:24 EVALUATED eurosat-out-remove__non-iid__global-dp__fedavg__clients-47__seed-44__nm0p0726681__clip5__rounds-100__epochs-5__eurosat_remove__eurosat_cnn round=50 (checkpoint deleted)
2026-08-19 20:20:26 EVALUATED eurosat-out-remove__non-iid__global-dp__fedavg__clients-47__seed-44__nm0p0726681__clip5__rounds-100__epochs-5__eurosat_remove__eurosat_cnn round=60 (checkpoint deleted)
2026-08-19 20:20:27 EVALUATED eurosat-out-remove__non-iid__global-dp__fedavg__clients-47__seed-44__nm0p0726681__clip5__rounds-100__epochs-5__eurosat_remove__eurosat_cnn round=70 (checkpoint deleted)
2026-08-19 20:20:29 EVALUATED eurosat-out-remove__non-iid__global-dp__fedavg__clients-47__seed-44__nm0p0726681__clip5__rounds-100__epochs-5__eurosat_remove__eurosat_cnn round=80 (checkpoint deleted)
2026-08-19 20:20:30 EVALUATED eurosat-out-remove__non-iid__global-dp__fedavg__clients-47__seed-44__nm0p0726681__clip5__rounds-100__epochs-5__eurosat_remove__eurosat_cnn round=90 (checkpoint deleted)
2026-08-19 20:20:31 EVALUATED eurosat-out-remove__non-iid__global-dp__fedavg__clients-47__seed-44__nm0p0726681__clip5__rounds-100__epochs-5__eurosat_remove__eurosat_cnn round=100 (checkpoint deleted)
2026-08-19 20:20:31 PROGRESS 2/2 (0 failed so far)
2026-08-19 20:20:31 Sweep finished: 2/2 attempted, 0 failed
