2026-08-19 17:12:44 EuroSAT stage (vanilla, non-iid, seed=44, noise_ratio=None): 2 trajectories
2026-08-19 17:12:44 START eurosat-in-remove__non-iid__vanilla__fedavg__clients-48__seed-44__nm0p0371071__clip5__rounds-100__epochs-5__eurosat_remove__eurosat_cnn 
2026-08-19 17:31:49 DONE  eurosat-in-remove__non-iid__vanilla__fedavg__clients-48__seed-44__nm0p0371071__clip5__rounds-100__epochs-5__eurosat_remove__eurosat_cnn (1145.4s)
2026-08-19 17:31:51 EVALUATED eurosat-in-remove__non-iid__vanilla__fedavg__clients-48__seed-44__nm0p0371071__clip5__rounds-100__epochs-5__eurosat_remove__eurosat_cnn round=1 (checkpoint deleted)
2026-08-19 17:31:52 EVALUATED eurosat-in-remove__non-iid__vanilla__fedavg__clients-48__seed-44__nm0p0371071__clip5__rounds-100__epochs-5__eurosat_remove__eurosat_cnn round=10 (checkpoint deleted)
2026-08-19 17:31:54 EVALUATED eurosat-in-remove__non-iid__vanilla__fedavg__clients-48__seed-44__nm0p0371071__clip5__rounds-100__epochs-5__eurosat_remove__eurosat_cnn round=20 (checkpoint deleted)
2026-08-19 17:31:55 EVALUATED eurosat-in-remove__non-iid__vanilla__fedavg__clients-48__seed-44__nm0p0371071__clip5__rounds-100__epochs-5__eurosat_remove__eurosat_cnn round=30 (checkpoint deleted)
2026-08-19 17:31:57 EVALUATED eurosat-in-remove__non-iid__vanilla__fedavg__clients-48__seed-44__nm0p0371071__clip5__rounds-100__epochs-5__eurosat_remove__eurosat_cnn round=40 (checkpoint deleted)
2026-08-19 17:31:58 EVALUATED eurosat-in-remove__non-iid__vanilla__fedavg__clients-48__seed-44__nm0p0371071__clip5__rounds-100__epochs-5__eurosat_remove__eurosat_cnn round=50 (checkpoint deleted)
2026-08-19 17:32:00 EVALUATED eurosat-in-remove__non-iid__vanilla__fedavg__clients-48__seed-44__nm0p0371071__clip5__rounds-100__epochs-5__eurosat_remove__eurosat_cnn round=60 (checkpoint deleted)
2026-08-19 17:32:01 EVALUATED eurosat-in-remove__non-iid__vanilla__fedavg__clients-48__seed-44__nm0p0371071__clip5__rounds-100__epochs-5__eurosat_remove__eurosat_cnn round=70 (checkpoint deleted)
2026-08-19 17:32:03 EVALUATED eurosat-in-remove__non-iid__vanilla__fedavg__clients-48__seed-44__nm0p0371071__clip5__rounds-100__epochs-5__eurosat_remove__eurosat_cnn round=80 (checkpoint deleted)
2026-08-19 17:32:04 EVALUATED eurosat-in-remove__non-iid__vanilla__fedavg__clients-48__seed-44__nm0p0371071__clip5__rounds-100__epochs-5__eurosat_remove__eurosat_cnn round=90 (checkpoint deleted)
2026-08-19 17:32:06 EVALUATED eurosat-in-remove__non-iid__vanilla__fedavg__clients-48__seed-44__nm0p0371071__clip5__rounds-100__epochs-5__eurosat_remove__eurosat_cnn round=100 (checkpoint deleted)
2026-08-19 17:32:06 PROGRESS 1/2 (0 failed so far)
2026-08-19 17:32:06 START eurosat-out-remove__non-iid__vanilla__fedavg__clients-47__seed-44__nm0p0371071__clip5__rounds-100__epochs-5__eurosat_remove__eurosat_cnn 
2026-08-19 17:50:46 DONE  eurosat-out-remove__non-iid__vanilla__fedavg__clients-47__seed-44__nm0p0371071__clip5__rounds-100__epochs-5__eurosat_remove__eurosat_cnn (1120.3s)
2026-08-19 17:50:47 EVALUATED eurosat-out-remove__non-iid__vanilla__fedavg__clients-47__seed-44__nm0p0371071__clip5__rounds-100__epochs-5__eurosat_remove__eurosat_cnn round=1 (checkpoint deleted)
2026-08-19 17:50:49 EVALUATED eurosat-out-remove__non-iid__vanilla__fedavg__clients-47__seed-44__nm0p0371071__clip5__rounds-100__epochs-5__eurosat_remove__eurosat_cnn round=10 (checkpoint deleted)
2026-08-19 17:50:50 EVALUATED eurosat-out-remove__non-iid__vanilla__fedavg__clients-47__seed-44__nm0p0371071__clip5__rounds-100__epochs-5__eurosat_remove__eurosat_cnn round=20 (checkpoint deleted)
2026-08-19 17:50:52 EVALUATED eurosat-out-remove__non-iid__vanilla__fedavg__clients-47__seed-44__nm0p0371071__clip5__rounds-100__epochs-5__eurosat_remove__eurosat_cnn round=30 (checkpoint deleted)
2026-08-19 17:50:53 EVALUATED eurosat-out-remove__non-iid__vanilla__fedavg__clients-47__seed-44__nm0p0371071__clip5__rounds-100__epochs-5__eurosat_remove__eurosat_cnn round=40 (checkpoint deleted)
2026-08-19 17:50:54 EVALUATED eurosat-out-remove__non-iid__vanilla__fedavg__clients-47__seed-44__nm0p0371071__clip5__rounds-100__epochs-5__eurosat_remove__eurosat_cnn round=50 (checkpoint deleted)
2026-08-19 17:50:56 EVALUATED eurosat-out-remove__non-iid__vanilla__fedavg__clients-47__seed-44__nm0p0371071__clip5__rounds-100__epochs-5__eurosat_remove__eurosat_cnn round=60 (checkpoint deleted)
2026-08-19 17:50:57 EVALUATED eurosat-out-remove__non-iid__vanilla__fedavg__clients-47__seed-44__nm0p0371071__clip5__rounds-100__epochs-5__eurosat_remove__eurosat_cnn round=70 (checkpoint deleted)
2026-08-19 17:50:59 EVALUATED eurosat-out-remove__non-iid__vanilla__fedavg__clients-47__seed-44__nm0p0371071__clip5__rounds-100__epochs-5__eurosat_remove__eurosat_cnn round=80 (checkpoint deleted)
2026-08-19 17:51:00 EVALUATED eurosat-out-remove__non-iid__vanilla__fedavg__clients-47__seed-44__nm0p0371071__clip5__rounds-100__epochs-5__eurosat_remove__eurosat_cnn round=90 (checkpoint deleted)
2026-08-19 17:51:02 EVALUATED eurosat-out-remove__non-iid__vanilla__fedavg__clients-47__seed-44__nm0p0371071__clip5__rounds-100__epochs-5__eurosat_remove__eurosat_cnn round=100 (checkpoint deleted)
2026-08-19 17:51:02 PROGRESS 2/2 (0 failed so far)
2026-08-19 17:51:02 Sweep finished: 2/2 attempted, 0 failed
