2026-08-21 19:23:47 CIFAR-10 stage (global-dp, non-iid, seed=44, noise_ratio=0.00125): 2 trajectories
2026-08-21 19:23:47 START cifar10-in-remove__non-iid__global-dp__fedavg__clients-100__seed-44__nm0p125__clip5__rounds-20__epochs-5__cifar10_remove__cifar10_cnn 
2026-08-21 19:30:26 DONE  cifar10-in-remove__non-iid__global-dp__fedavg__clients-100__seed-44__nm0p125__clip5__rounds-20__epochs-5__cifar10_remove__cifar10_cnn (398.6s)
2026-08-21 19:30:29 EVALUATED cifar10-in-remove__non-iid__global-dp__fedavg__clients-100__seed-44__nm0p125__clip5__rounds-20__epochs-5__cifar10_remove__cifar10_cnn round=1 (checkpoint deleted)
2026-08-21 19:30:32 EVALUATED cifar10-in-remove__non-iid__global-dp__fedavg__clients-100__seed-44__nm0p125__clip5__rounds-20__epochs-5__cifar10_remove__cifar10_cnn round=2 (checkpoint deleted)
2026-08-21 19:30:35 EVALUATED cifar10-in-remove__non-iid__global-dp__fedavg__clients-100__seed-44__nm0p125__clip5__rounds-20__epochs-5__cifar10_remove__cifar10_cnn round=3 (checkpoint deleted)
2026-08-21 19:30:38 EVALUATED cifar10-in-remove__non-iid__global-dp__fedavg__clients-100__seed-44__nm0p125__clip5__rounds-20__epochs-5__cifar10_remove__cifar10_cnn round=4 (checkpoint deleted)
2026-08-21 19:30:41 EVALUATED cifar10-in-remove__non-iid__global-dp__fedavg__clients-100__seed-44__nm0p125__clip5__rounds-20__epochs-5__cifar10_remove__cifar10_cnn round=5 (checkpoint deleted)
2026-08-21 19:30:44 EVALUATED cifar10-in-remove__non-iid__global-dp__fedavg__clients-100__seed-44__nm0p125__clip5__rounds-20__epochs-5__cifar10_remove__cifar10_cnn round=6 (checkpoint deleted)
2026-08-21 19:30:47 EVALUATED cifar10-in-remove__non-iid__global-dp__fedavg__clients-100__seed-44__nm0p125__clip5__rounds-20__epochs-5__cifar10_remove__cifar10_cnn round=7 (checkpoint deleted)
2026-08-21 19:30:50 EVALUATED cifar10-in-remove__non-iid__global-dp__fedavg__clients-100__seed-44__nm0p125__clip5__rounds-20__epochs-5__cifar10_remove__cifar10_cnn round=8 (checkpoint deleted)
2026-08-21 19:30:53 EVALUATED cifar10-in-remove__non-iid__global-dp__fedavg__clients-100__seed-44__nm0p125__clip5__rounds-20__epochs-5__cifar10_remove__cifar10_cnn round=9 (checkpoint deleted)
2026-08-21 19:30:56 EVALUATED cifar10-in-remove__non-iid__global-dp__fedavg__clients-100__seed-44__nm0p125__clip5__rounds-20__epochs-5__cifar10_remove__cifar10_cnn round=10 (checkpoint deleted)
2026-08-21 19:30:59 EVALUATED cifar10-in-remove__non-iid__global-dp__fedavg__clients-100__seed-44__nm0p125__clip5__rounds-20__epochs-5__cifar10_remove__cifar10_cnn round=11 (checkpoint deleted)
2026-08-21 19:31:02 EVALUATED cifar10-in-remove__non-iid__global-dp__fedavg__clients-100__seed-44__nm0p125__clip5__rounds-20__epochs-5__cifar10_remove__cifar10_cnn round=12 (checkpoint deleted)
2026-08-21 19:31:05 EVALUATED cifar10-in-remove__non-iid__global-dp__fedavg__clients-100__seed-44__nm0p125__clip5__rounds-20__epochs-5__cifar10_remove__cifar10_cnn round=13 (checkpoint deleted)
2026-08-21 19:31:08 EVALUATED cifar10-in-remove__non-iid__global-dp__fedavg__clients-100__seed-44__nm0p125__clip5__rounds-20__epochs-5__cifar10_remove__cifar10_cnn round=14 (checkpoint deleted)
2026-08-21 19:31:11 EVALUATED cifar10-in-remove__non-iid__global-dp__fedavg__clients-100__seed-44__nm0p125__clip5__rounds-20__epochs-5__cifar10_remove__cifar10_cnn round=15 (checkpoint deleted)
2026-08-21 19:31:14 EVALUATED cifar10-in-remove__non-iid__global-dp__fedavg__clients-100__seed-44__nm0p125__clip5__rounds-20__epochs-5__cifar10_remove__cifar10_cnn round=16 (checkpoint deleted)
2026-08-21 19:31:17 EVALUATED cifar10-in-remove__non-iid__global-dp__fedavg__clients-100__seed-44__nm0p125__clip5__rounds-20__epochs-5__cifar10_remove__cifar10_cnn round=17 (checkpoint deleted)
2026-08-21 19:31:20 EVALUATED cifar10-in-remove__non-iid__global-dp__fedavg__clients-100__seed-44__nm0p125__clip5__rounds-20__epochs-5__cifar10_remove__cifar10_cnn round=18 (checkpoint deleted)
2026-08-21 19:31:23 EVALUATED cifar10-in-remove__non-iid__global-dp__fedavg__clients-100__seed-44__nm0p125__clip5__rounds-20__epochs-5__cifar10_remove__cifar10_cnn round=19 (checkpoint deleted)
2026-08-21 19:31:26 EVALUATED cifar10-in-remove__non-iid__global-dp__fedavg__clients-100__seed-44__nm0p125__clip5__rounds-20__epochs-5__cifar10_remove__cifar10_cnn round=20 (checkpoint deleted)
2026-08-21 19:31:26 PROGRESS 1/2 (0 failed so far)
2026-08-21 19:31:26 START cifar10-out-remove__non-iid__global-dp__fedavg__clients-99__seed-44__nm0p12375__clip5__rounds-20__epochs-5__cifar10_remove__cifar10_cnn 
2026-08-21 19:38:00 DONE  cifar10-out-remove__non-iid__global-dp__fedavg__clients-99__seed-44__nm0p12375__clip5__rounds-20__epochs-5__cifar10_remove__cifar10_cnn (393.8s)
2026-08-21 19:38:03 EVALUATED cifar10-out-remove__non-iid__global-dp__fedavg__clients-99__seed-44__nm0p12375__clip5__rounds-20__epochs-5__cifar10_remove__cifar10_cnn round=1 (checkpoint deleted)
2026-08-21 19:38:06 EVALUATED cifar10-out-remove__non-iid__global-dp__fedavg__clients-99__seed-44__nm0p12375__clip5__rounds-20__epochs-5__cifar10_remove__cifar10_cnn round=2 (checkpoint deleted)
2026-08-21 19:38:09 EVALUATED cifar10-out-remove__non-iid__global-dp__fedavg__clients-99__seed-44__nm0p12375__clip5__rounds-20__epochs-5__cifar10_remove__cifar10_cnn round=3 (checkpoint deleted)
2026-08-21 19:38:12 EVALUATED cifar10-out-remove__non-iid__global-dp__fedavg__clients-99__seed-44__nm0p12375__clip5__rounds-20__epochs-5__cifar10_remove__cifar10_cnn round=4 (checkpoint deleted)
2026-08-21 19:38:15 EVALUATED cifar10-out-remove__non-iid__global-dp__fedavg__clients-99__seed-44__nm0p12375__clip5__rounds-20__epochs-5__cifar10_remove__cifar10_cnn round=5 (checkpoint deleted)
2026-08-21 19:38:18 EVALUATED cifar10-out-remove__non-iid__global-dp__fedavg__clients-99__seed-44__nm0p12375__clip5__rounds-20__epochs-5__cifar10_remove__cifar10_cnn round=6 (checkpoint deleted)
2026-08-21 19:38:21 EVALUATED cifar10-out-remove__non-iid__global-dp__fedavg__clients-99__seed-44__nm0p12375__clip5__rounds-20__epochs-5__cifar10_remove__cifar10_cnn round=7 (checkpoint deleted)
2026-08-21 19:38:24 EVALUATED cifar10-out-remove__non-iid__global-dp__fedavg__clients-99__seed-44__nm0p12375__clip5__rounds-20__epochs-5__cifar10_remove__cifar10_cnn round=8 (checkpoint deleted)
2026-08-21 19:38:27 EVALUATED cifar10-out-remove__non-iid__global-dp__fedavg__clients-99__seed-44__nm0p12375__clip5__rounds-20__epochs-5__cifar10_remove__cifar10_cnn round=9 (checkpoint deleted)
2026-08-21 19:38:30 EVALUATED cifar10-out-remove__non-iid__global-dp__fedavg__clients-99__seed-44__nm0p12375__clip5__rounds-20__epochs-5__cifar10_remove__cifar10_cnn round=10 (checkpoint deleted)
2026-08-21 19:38:33 EVALUATED cifar10-out-remove__non-iid__global-dp__fedavg__clients-99__seed-44__nm0p12375__clip5__rounds-20__epochs-5__cifar10_remove__cifar10_cnn round=11 (checkpoint deleted)
2026-08-21 19:38:36 EVALUATED cifar10-out-remove__non-iid__global-dp__fedavg__clients-99__seed-44__nm0p12375__clip5__rounds-20__epochs-5__cifar10_remove__cifar10_cnn round=12 (checkpoint deleted)
2026-08-21 19:38:39 EVALUATED cifar10-out-remove__non-iid__global-dp__fedavg__clients-99__seed-44__nm0p12375__clip5__rounds-20__epochs-5__cifar10_remove__cifar10_cnn round=13 (checkpoint deleted)
2026-08-21 19:38:42 EVALUATED cifar10-out-remove__non-iid__global-dp__fedavg__clients-99__seed-44__nm0p12375__clip5__rounds-20__epochs-5__cifar10_remove__cifar10_cnn round=14 (checkpoint deleted)
2026-08-21 19:38:45 EVALUATED cifar10-out-remove__non-iid__global-dp__fedavg__clients-99__seed-44__nm0p12375__clip5__rounds-20__epochs-5__cifar10_remove__cifar10_cnn round=15 (checkpoint deleted)
2026-08-21 19:38:48 EVALUATED cifar10-out-remove__non-iid__global-dp__fedavg__clients-99__seed-44__nm0p12375__clip5__rounds-20__epochs-5__cifar10_remove__cifar10_cnn round=16 (checkpoint deleted)
2026-08-21 19:38:51 EVALUATED cifar10-out-remove__non-iid__global-dp__fedavg__clients-99__seed-44__nm0p12375__clip5__rounds-20__epochs-5__cifar10_remove__cifar10_cnn round=17 (checkpoint deleted)
2026-08-21 19:38:54 EVALUATED cifar10-out-remove__non-iid__global-dp__fedavg__clients-99__seed-44__nm0p12375__clip5__rounds-20__epochs-5__cifar10_remove__cifar10_cnn round=18 (checkpoint deleted)
2026-08-21 19:38:57 EVALUATED cifar10-out-remove__non-iid__global-dp__fedavg__clients-99__seed-44__nm0p12375__clip5__rounds-20__epochs-5__cifar10_remove__cifar10_cnn round=19 (checkpoint deleted)
2026-08-21 19:39:00 EVALUATED cifar10-out-remove__non-iid__global-dp__fedavg__clients-99__seed-44__nm0p12375__clip5__rounds-20__epochs-5__cifar10_remove__cifar10_cnn round=20 (checkpoint deleted)
2026-08-21 19:39:00 PROGRESS 2/2 (0 failed so far)
2026-08-21 19:39:00 Sweep finished: 2/2 attempted, 0 failed
