2026-08-05 15:08:14 Starting full chunk: 2 trajectories
2026-08-05 15:08:14 START cifar-full-in-replace__non-iid__global-dp__fedavg__clients-3__seed-44__nm0p0075__clip5__rounds-20__epochs-5__cifar_chunks__cifar10_cnn 
2026-08-05 15:12:21 DONE  cifar-full-in-replace__non-iid__global-dp__fedavg__clients-3__seed-44__nm0p0075__clip5__rounds-20__epochs-5__cifar_chunks__cifar10_cnn (246.5s)
2026-08-05 15:12:30 EVALUATED cifar-full-in-replace__non-iid__global-dp__fedavg__clients-3__seed-44__nm0p0075__clip5__rounds-20__epochs-5__cifar_chunks__cifar10_cnn round=1 (checkpoint deleted)
2026-08-05 15:12:35 EVALUATED cifar-full-in-replace__non-iid__global-dp__fedavg__clients-3__seed-44__nm0p0075__clip5__rounds-20__epochs-5__cifar_chunks__cifar10_cnn round=2 (checkpoint deleted)
2026-08-05 15:12:41 EVALUATED cifar-full-in-replace__non-iid__global-dp__fedavg__clients-3__seed-44__nm0p0075__clip5__rounds-20__epochs-5__cifar_chunks__cifar10_cnn round=3 (checkpoint deleted)
2026-08-05 15:12:46 EVALUATED cifar-full-in-replace__non-iid__global-dp__fedavg__clients-3__seed-44__nm0p0075__clip5__rounds-20__epochs-5__cifar_chunks__cifar10_cnn round=4 (checkpoint deleted)
2026-08-05 15:12:52 EVALUATED cifar-full-in-replace__non-iid__global-dp__fedavg__clients-3__seed-44__nm0p0075__clip5__rounds-20__epochs-5__cifar_chunks__cifar10_cnn round=5 (checkpoint deleted)
2026-08-05 15:12:57 EVALUATED cifar-full-in-replace__non-iid__global-dp__fedavg__clients-3__seed-44__nm0p0075__clip5__rounds-20__epochs-5__cifar_chunks__cifar10_cnn round=6 (checkpoint deleted)
2026-08-05 15:13:03 EVALUATED cifar-full-in-replace__non-iid__global-dp__fedavg__clients-3__seed-44__nm0p0075__clip5__rounds-20__epochs-5__cifar_chunks__cifar10_cnn round=7 (checkpoint deleted)
2026-08-05 15:13:08 EVALUATED cifar-full-in-replace__non-iid__global-dp__fedavg__clients-3__seed-44__nm0p0075__clip5__rounds-20__epochs-5__cifar_chunks__cifar10_cnn round=8 (checkpoint deleted)
2026-08-05 15:13:14 EVALUATED cifar-full-in-replace__non-iid__global-dp__fedavg__clients-3__seed-44__nm0p0075__clip5__rounds-20__epochs-5__cifar_chunks__cifar10_cnn round=9 (checkpoint deleted)
2026-08-05 15:13:19 EVALUATED cifar-full-in-replace__non-iid__global-dp__fedavg__clients-3__seed-44__nm0p0075__clip5__rounds-20__epochs-5__cifar_chunks__cifar10_cnn round=10 (checkpoint deleted)
2026-08-05 15:13:25 EVALUATED cifar-full-in-replace__non-iid__global-dp__fedavg__clients-3__seed-44__nm0p0075__clip5__rounds-20__epochs-5__cifar_chunks__cifar10_cnn round=11 (checkpoint deleted)
2026-08-05 15:13:30 EVALUATED cifar-full-in-replace__non-iid__global-dp__fedavg__clients-3__seed-44__nm0p0075__clip5__rounds-20__epochs-5__cifar_chunks__cifar10_cnn round=12 (checkpoint deleted)
2026-08-05 15:13:36 EVALUATED cifar-full-in-replace__non-iid__global-dp__fedavg__clients-3__seed-44__nm0p0075__clip5__rounds-20__epochs-5__cifar_chunks__cifar10_cnn round=13 (checkpoint deleted)
2026-08-05 15:13:41 EVALUATED cifar-full-in-replace__non-iid__global-dp__fedavg__clients-3__seed-44__nm0p0075__clip5__rounds-20__epochs-5__cifar_chunks__cifar10_cnn round=14 (checkpoint deleted)
2026-08-05 15:13:47 EVALUATED cifar-full-in-replace__non-iid__global-dp__fedavg__clients-3__seed-44__nm0p0075__clip5__rounds-20__epochs-5__cifar_chunks__cifar10_cnn round=15 (checkpoint deleted)
2026-08-05 15:13:52 EVALUATED cifar-full-in-replace__non-iid__global-dp__fedavg__clients-3__seed-44__nm0p0075__clip5__rounds-20__epochs-5__cifar_chunks__cifar10_cnn round=16 (checkpoint deleted)
2026-08-05 15:13:58 EVALUATED cifar-full-in-replace__non-iid__global-dp__fedavg__clients-3__seed-44__nm0p0075__clip5__rounds-20__epochs-5__cifar_chunks__cifar10_cnn round=17 (checkpoint deleted)
2026-08-05 15:14:03 EVALUATED cifar-full-in-replace__non-iid__global-dp__fedavg__clients-3__seed-44__nm0p0075__clip5__rounds-20__epochs-5__cifar_chunks__cifar10_cnn round=18 (checkpoint deleted)
2026-08-05 15:14:09 EVALUATED cifar-full-in-replace__non-iid__global-dp__fedavg__clients-3__seed-44__nm0p0075__clip5__rounds-20__epochs-5__cifar_chunks__cifar10_cnn round=19 (checkpoint deleted)
2026-08-05 15:14:14 EVALUATED cifar-full-in-replace__non-iid__global-dp__fedavg__clients-3__seed-44__nm0p0075__clip5__rounds-20__epochs-5__cifar_chunks__cifar10_cnn round=20 (checkpoint deleted)
2026-08-05 15:14:14 PROGRESS 1/2 (0 failed so far)
2026-08-05 15:14:14 START cifar-full-in-replace__non-iid__metric-privacy__fedavg__clients-3__seed-44__nm0p0075__clip5__rounds-20__epochs-5__cifar_chunks__cifar10_cnn 
2026-08-05 15:18:22 DONE  cifar-full-in-replace__non-iid__metric-privacy__fedavg__clients-3__seed-44__nm0p0075__clip5__rounds-20__epochs-5__cifar_chunks__cifar10_cnn (247.9s)
2026-08-05 15:18:28 EVALUATED cifar-full-in-replace__non-iid__metric-privacy__fedavg__clients-3__seed-44__nm0p0075__clip5__rounds-20__epochs-5__cifar_chunks__cifar10_cnn round=1 (checkpoint deleted)
2026-08-05 15:18:33 EVALUATED cifar-full-in-replace__non-iid__metric-privacy__fedavg__clients-3__seed-44__nm0p0075__clip5__rounds-20__epochs-5__cifar_chunks__cifar10_cnn round=2 (checkpoint deleted)
2026-08-05 15:18:39 EVALUATED cifar-full-in-replace__non-iid__metric-privacy__fedavg__clients-3__seed-44__nm0p0075__clip5__rounds-20__epochs-5__cifar_chunks__cifar10_cnn round=3 (checkpoint deleted)
2026-08-05 15:18:44 EVALUATED cifar-full-in-replace__non-iid__metric-privacy__fedavg__clients-3__seed-44__nm0p0075__clip5__rounds-20__epochs-5__cifar_chunks__cifar10_cnn round=4 (checkpoint deleted)
2026-08-05 15:18:50 EVALUATED cifar-full-in-replace__non-iid__metric-privacy__fedavg__clients-3__seed-44__nm0p0075__clip5__rounds-20__epochs-5__cifar_chunks__cifar10_cnn round=5 (checkpoint deleted)
2026-08-05 15:18:55 EVALUATED cifar-full-in-replace__non-iid__metric-privacy__fedavg__clients-3__seed-44__nm0p0075__clip5__rounds-20__epochs-5__cifar_chunks__cifar10_cnn round=6 (checkpoint deleted)
2026-08-05 15:19:01 EVALUATED cifar-full-in-replace__non-iid__metric-privacy__fedavg__clients-3__seed-44__nm0p0075__clip5__rounds-20__epochs-5__cifar_chunks__cifar10_cnn round=7 (checkpoint deleted)
2026-08-05 15:19:06 EVALUATED cifar-full-in-replace__non-iid__metric-privacy__fedavg__clients-3__seed-44__nm0p0075__clip5__rounds-20__epochs-5__cifar_chunks__cifar10_cnn round=8 (checkpoint deleted)
2026-08-05 15:19:12 EVALUATED cifar-full-in-replace__non-iid__metric-privacy__fedavg__clients-3__seed-44__nm0p0075__clip5__rounds-20__epochs-5__cifar_chunks__cifar10_cnn round=9 (checkpoint deleted)
2026-08-05 15:19:17 EVALUATED cifar-full-in-replace__non-iid__metric-privacy__fedavg__clients-3__seed-44__nm0p0075__clip5__rounds-20__epochs-5__cifar_chunks__cifar10_cnn round=10 (checkpoint deleted)
2026-08-05 15:19:23 EVALUATED cifar-full-in-replace__non-iid__metric-privacy__fedavg__clients-3__seed-44__nm0p0075__clip5__rounds-20__epochs-5__cifar_chunks__cifar10_cnn round=11 (checkpoint deleted)
2026-08-05 15:19:28 EVALUATED cifar-full-in-replace__non-iid__metric-privacy__fedavg__clients-3__seed-44__nm0p0075__clip5__rounds-20__epochs-5__cifar_chunks__cifar10_cnn round=12 (checkpoint deleted)
2026-08-05 15:19:34 EVALUATED cifar-full-in-replace__non-iid__metric-privacy__fedavg__clients-3__seed-44__nm0p0075__clip5__rounds-20__epochs-5__cifar_chunks__cifar10_cnn round=13 (checkpoint deleted)
2026-08-05 15:19:39 EVALUATED cifar-full-in-replace__non-iid__metric-privacy__fedavg__clients-3__seed-44__nm0p0075__clip5__rounds-20__epochs-5__cifar_chunks__cifar10_cnn round=14 (checkpoint deleted)
2026-08-05 15:19:45 EVALUATED cifar-full-in-replace__non-iid__metric-privacy__fedavg__clients-3__seed-44__nm0p0075__clip5__rounds-20__epochs-5__cifar_chunks__cifar10_cnn round=15 (checkpoint deleted)
2026-08-05 15:19:50 EVALUATED cifar-full-in-replace__non-iid__metric-privacy__fedavg__clients-3__seed-44__nm0p0075__clip5__rounds-20__epochs-5__cifar_chunks__cifar10_cnn round=16 (checkpoint deleted)
2026-08-05 15:19:56 EVALUATED cifar-full-in-replace__non-iid__metric-privacy__fedavg__clients-3__seed-44__nm0p0075__clip5__rounds-20__epochs-5__cifar_chunks__cifar10_cnn round=17 (checkpoint deleted)
2026-08-05 15:20:01 EVALUATED cifar-full-in-replace__non-iid__metric-privacy__fedavg__clients-3__seed-44__nm0p0075__clip5__rounds-20__epochs-5__cifar_chunks__cifar10_cnn round=18 (checkpoint deleted)
2026-08-05 15:20:07 EVALUATED cifar-full-in-replace__non-iid__metric-privacy__fedavg__clients-3__seed-44__nm0p0075__clip5__rounds-20__epochs-5__cifar_chunks__cifar10_cnn round=19 (checkpoint deleted)
2026-08-05 15:20:12 EVALUATED cifar-full-in-replace__non-iid__metric-privacy__fedavg__clients-3__seed-44__nm0p0075__clip5__rounds-20__epochs-5__cifar_chunks__cifar10_cnn round=20 (checkpoint deleted)
2026-08-05 15:20:12 PROGRESS 2/2 (0 failed so far)
2026-08-05 15:20:12 Sweep finished: 2/2 attempted, 0 failed
