2026-08-05 12:00:23 Starting max-records chunk: 2 trajectories
2026-08-05 12:00:23 START cifar-max-records-out-remove__non-iid__global-dp__fedavg__clients-2__seed-43__nm0p01__clip5__rounds-20__epochs-5__cifar_chunks__cifar10_cnn 
2026-08-05 12:05:58 DONE  cifar-max-records-out-remove__non-iid__global-dp__fedavg__clients-2__seed-43__nm0p01__clip5__rounds-20__epochs-5__cifar_chunks__cifar10_cnn (335.5s)
2026-08-05 12:06:09 EVALUATED cifar-max-records-out-remove__non-iid__global-dp__fedavg__clients-2__seed-43__nm0p01__clip5__rounds-20__epochs-5__cifar_chunks__cifar10_cnn round=1 (checkpoint deleted)
2026-08-05 12:06:15 EVALUATED cifar-max-records-out-remove__non-iid__global-dp__fedavg__clients-2__seed-43__nm0p01__clip5__rounds-20__epochs-5__cifar_chunks__cifar10_cnn round=2 (checkpoint deleted)
2026-08-05 12:06:22 EVALUATED cifar-max-records-out-remove__non-iid__global-dp__fedavg__clients-2__seed-43__nm0p01__clip5__rounds-20__epochs-5__cifar_chunks__cifar10_cnn round=3 (checkpoint deleted)
2026-08-05 12:06:29 EVALUATED cifar-max-records-out-remove__non-iid__global-dp__fedavg__clients-2__seed-43__nm0p01__clip5__rounds-20__epochs-5__cifar_chunks__cifar10_cnn round=4 (checkpoint deleted)
2026-08-05 12:06:36 EVALUATED cifar-max-records-out-remove__non-iid__global-dp__fedavg__clients-2__seed-43__nm0p01__clip5__rounds-20__epochs-5__cifar_chunks__cifar10_cnn round=5 (checkpoint deleted)
2026-08-05 12:06:43 EVALUATED cifar-max-records-out-remove__non-iid__global-dp__fedavg__clients-2__seed-43__nm0p01__clip5__rounds-20__epochs-5__cifar_chunks__cifar10_cnn round=6 (checkpoint deleted)
2026-08-05 12:06:49 EVALUATED cifar-max-records-out-remove__non-iid__global-dp__fedavg__clients-2__seed-43__nm0p01__clip5__rounds-20__epochs-5__cifar_chunks__cifar10_cnn round=7 (checkpoint deleted)
2026-08-05 12:06:56 EVALUATED cifar-max-records-out-remove__non-iid__global-dp__fedavg__clients-2__seed-43__nm0p01__clip5__rounds-20__epochs-5__cifar_chunks__cifar10_cnn round=8 (checkpoint deleted)
2026-08-05 12:07:03 EVALUATED cifar-max-records-out-remove__non-iid__global-dp__fedavg__clients-2__seed-43__nm0p01__clip5__rounds-20__epochs-5__cifar_chunks__cifar10_cnn round=9 (checkpoint deleted)
2026-08-05 12:07:10 EVALUATED cifar-max-records-out-remove__non-iid__global-dp__fedavg__clients-2__seed-43__nm0p01__clip5__rounds-20__epochs-5__cifar_chunks__cifar10_cnn round=10 (checkpoint deleted)
2026-08-05 12:07:17 EVALUATED cifar-max-records-out-remove__non-iid__global-dp__fedavg__clients-2__seed-43__nm0p01__clip5__rounds-20__epochs-5__cifar_chunks__cifar10_cnn round=11 (checkpoint deleted)
2026-08-05 12:07:23 EVALUATED cifar-max-records-out-remove__non-iid__global-dp__fedavg__clients-2__seed-43__nm0p01__clip5__rounds-20__epochs-5__cifar_chunks__cifar10_cnn round=12 (checkpoint deleted)
2026-08-05 12:07:30 EVALUATED cifar-max-records-out-remove__non-iid__global-dp__fedavg__clients-2__seed-43__nm0p01__clip5__rounds-20__epochs-5__cifar_chunks__cifar10_cnn round=13 (checkpoint deleted)
2026-08-05 12:07:37 EVALUATED cifar-max-records-out-remove__non-iid__global-dp__fedavg__clients-2__seed-43__nm0p01__clip5__rounds-20__epochs-5__cifar_chunks__cifar10_cnn round=14 (checkpoint deleted)
2026-08-05 12:07:44 EVALUATED cifar-max-records-out-remove__non-iid__global-dp__fedavg__clients-2__seed-43__nm0p01__clip5__rounds-20__epochs-5__cifar_chunks__cifar10_cnn round=15 (checkpoint deleted)
2026-08-05 12:07:50 EVALUATED cifar-max-records-out-remove__non-iid__global-dp__fedavg__clients-2__seed-43__nm0p01__clip5__rounds-20__epochs-5__cifar_chunks__cifar10_cnn round=16 (checkpoint deleted)
2026-08-05 12:07:57 EVALUATED cifar-max-records-out-remove__non-iid__global-dp__fedavg__clients-2__seed-43__nm0p01__clip5__rounds-20__epochs-5__cifar_chunks__cifar10_cnn round=17 (checkpoint deleted)
2026-08-05 12:08:04 EVALUATED cifar-max-records-out-remove__non-iid__global-dp__fedavg__clients-2__seed-43__nm0p01__clip5__rounds-20__epochs-5__cifar_chunks__cifar10_cnn round=18 (checkpoint deleted)
2026-08-05 12:08:11 EVALUATED cifar-max-records-out-remove__non-iid__global-dp__fedavg__clients-2__seed-43__nm0p01__clip5__rounds-20__epochs-5__cifar_chunks__cifar10_cnn round=19 (checkpoint deleted)
2026-08-05 12:08:17 EVALUATED cifar-max-records-out-remove__non-iid__global-dp__fedavg__clients-2__seed-43__nm0p01__clip5__rounds-20__epochs-5__cifar_chunks__cifar10_cnn round=20 (checkpoint deleted)
2026-08-05 12:08:17 PROGRESS 1/2 (0 failed so far)
2026-08-05 12:08:17 START cifar-max-records-out-remove__non-iid__metric-privacy__fedavg__clients-2__seed-43__nm0p01__clip5__rounds-20__epochs-5__cifar_chunks__cifar10_cnn 
2026-08-05 12:13:58 DONE  cifar-max-records-out-remove__non-iid__metric-privacy__fedavg__clients-2__seed-43__nm0p01__clip5__rounds-20__epochs-5__cifar_chunks__cifar10_cnn (340.1s)
2026-08-05 12:14:04 EVALUATED cifar-max-records-out-remove__non-iid__metric-privacy__fedavg__clients-2__seed-43__nm0p01__clip5__rounds-20__epochs-5__cifar_chunks__cifar10_cnn round=1 (checkpoint deleted)
2026-08-05 12:14:11 EVALUATED cifar-max-records-out-remove__non-iid__metric-privacy__fedavg__clients-2__seed-43__nm0p01__clip5__rounds-20__epochs-5__cifar_chunks__cifar10_cnn round=2 (checkpoint deleted)
2026-08-05 12:14:18 EVALUATED cifar-max-records-out-remove__non-iid__metric-privacy__fedavg__clients-2__seed-43__nm0p01__clip5__rounds-20__epochs-5__cifar_chunks__cifar10_cnn round=3 (checkpoint deleted)
2026-08-05 12:14:25 EVALUATED cifar-max-records-out-remove__non-iid__metric-privacy__fedavg__clients-2__seed-43__nm0p01__clip5__rounds-20__epochs-5__cifar_chunks__cifar10_cnn round=4 (checkpoint deleted)
2026-08-05 12:14:32 EVALUATED cifar-max-records-out-remove__non-iid__metric-privacy__fedavg__clients-2__seed-43__nm0p01__clip5__rounds-20__epochs-5__cifar_chunks__cifar10_cnn round=5 (checkpoint deleted)
2026-08-05 12:14:39 EVALUATED cifar-max-records-out-remove__non-iid__metric-privacy__fedavg__clients-2__seed-43__nm0p01__clip5__rounds-20__epochs-5__cifar_chunks__cifar10_cnn round=6 (checkpoint deleted)
2026-08-05 12:14:45 EVALUATED cifar-max-records-out-remove__non-iid__metric-privacy__fedavg__clients-2__seed-43__nm0p01__clip5__rounds-20__epochs-5__cifar_chunks__cifar10_cnn round=7 (checkpoint deleted)
2026-08-05 12:14:52 EVALUATED cifar-max-records-out-remove__non-iid__metric-privacy__fedavg__clients-2__seed-43__nm0p01__clip5__rounds-20__epochs-5__cifar_chunks__cifar10_cnn round=8 (checkpoint deleted)
2026-08-05 12:14:59 EVALUATED cifar-max-records-out-remove__non-iid__metric-privacy__fedavg__clients-2__seed-43__nm0p01__clip5__rounds-20__epochs-5__cifar_chunks__cifar10_cnn round=9 (checkpoint deleted)
2026-08-05 12:15:06 EVALUATED cifar-max-records-out-remove__non-iid__metric-privacy__fedavg__clients-2__seed-43__nm0p01__clip5__rounds-20__epochs-5__cifar_chunks__cifar10_cnn round=10 (checkpoint deleted)
2026-08-05 12:15:13 EVALUATED cifar-max-records-out-remove__non-iid__metric-privacy__fedavg__clients-2__seed-43__nm0p01__clip5__rounds-20__epochs-5__cifar_chunks__cifar10_cnn round=11 (checkpoint deleted)
2026-08-05 12:15:19 EVALUATED cifar-max-records-out-remove__non-iid__metric-privacy__fedavg__clients-2__seed-43__nm0p01__clip5__rounds-20__epochs-5__cifar_chunks__cifar10_cnn round=12 (checkpoint deleted)
2026-08-05 12:15:26 EVALUATED cifar-max-records-out-remove__non-iid__metric-privacy__fedavg__clients-2__seed-43__nm0p01__clip5__rounds-20__epochs-5__cifar_chunks__cifar10_cnn round=13 (checkpoint deleted)
2026-08-05 12:15:33 EVALUATED cifar-max-records-out-remove__non-iid__metric-privacy__fedavg__clients-2__seed-43__nm0p01__clip5__rounds-20__epochs-5__cifar_chunks__cifar10_cnn round=14 (checkpoint deleted)
2026-08-05 12:15:40 EVALUATED cifar-max-records-out-remove__non-iid__metric-privacy__fedavg__clients-2__seed-43__nm0p01__clip5__rounds-20__epochs-5__cifar_chunks__cifar10_cnn round=15 (checkpoint deleted)
2026-08-05 12:15:47 EVALUATED cifar-max-records-out-remove__non-iid__metric-privacy__fedavg__clients-2__seed-43__nm0p01__clip5__rounds-20__epochs-5__cifar_chunks__cifar10_cnn round=16 (checkpoint deleted)
2026-08-05 12:15:54 EVALUATED cifar-max-records-out-remove__non-iid__metric-privacy__fedavg__clients-2__seed-43__nm0p01__clip5__rounds-20__epochs-5__cifar_chunks__cifar10_cnn round=17 (checkpoint deleted)
2026-08-05 12:16:00 EVALUATED cifar-max-records-out-remove__non-iid__metric-privacy__fedavg__clients-2__seed-43__nm0p01__clip5__rounds-20__epochs-5__cifar_chunks__cifar10_cnn round=18 (checkpoint deleted)
2026-08-05 12:16:07 EVALUATED cifar-max-records-out-remove__non-iid__metric-privacy__fedavg__clients-2__seed-43__nm0p01__clip5__rounds-20__epochs-5__cifar_chunks__cifar10_cnn round=19 (checkpoint deleted)
2026-08-05 12:16:14 EVALUATED cifar-max-records-out-remove__non-iid__metric-privacy__fedavg__clients-2__seed-43__nm0p01__clip5__rounds-20__epochs-5__cifar_chunks__cifar10_cnn round=20 (checkpoint deleted)
2026-08-05 12:16:14 PROGRESS 2/2 (0 failed so far)
2026-08-05 12:16:14 Sweep finished: 2/2 attempted, 0 failed
