2026-08-05 19:17:18 Starting full chunk: 2 trajectories
2026-08-05 19:17:18 START cifar-full-in-replace__non-iid__global-dp__fedavg__clients-8__seed-42__nm0p05__clip5__rounds-20__epochs-5__cifar_chunks__cifar10_cnn 
2026-08-05 19:21:40 DONE  cifar-full-in-replace__non-iid__global-dp__fedavg__clients-8__seed-42__nm0p05__clip5__rounds-20__epochs-5__cifar_chunks__cifar10_cnn (261.5s)
2026-08-05 19:21:47 EVALUATED cifar-full-in-replace__non-iid__global-dp__fedavg__clients-8__seed-42__nm0p05__clip5__rounds-20__epochs-5__cifar_chunks__cifar10_cnn round=1 (checkpoint deleted)
2026-08-05 19:21:52 EVALUATED cifar-full-in-replace__non-iid__global-dp__fedavg__clients-8__seed-42__nm0p05__clip5__rounds-20__epochs-5__cifar_chunks__cifar10_cnn round=2 (checkpoint deleted)
2026-08-05 19:21:56 EVALUATED cifar-full-in-replace__non-iid__global-dp__fedavg__clients-8__seed-42__nm0p05__clip5__rounds-20__epochs-5__cifar_chunks__cifar10_cnn round=3 (checkpoint deleted)
2026-08-05 19:22:01 EVALUATED cifar-full-in-replace__non-iid__global-dp__fedavg__clients-8__seed-42__nm0p05__clip5__rounds-20__epochs-5__cifar_chunks__cifar10_cnn round=4 (checkpoint deleted)
2026-08-05 19:22:05 EVALUATED cifar-full-in-replace__non-iid__global-dp__fedavg__clients-8__seed-42__nm0p05__clip5__rounds-20__epochs-5__cifar_chunks__cifar10_cnn round=5 (checkpoint deleted)
2026-08-05 19:22:10 EVALUATED cifar-full-in-replace__non-iid__global-dp__fedavg__clients-8__seed-42__nm0p05__clip5__rounds-20__epochs-5__cifar_chunks__cifar10_cnn round=6 (checkpoint deleted)
2026-08-05 19:22:14 EVALUATED cifar-full-in-replace__non-iid__global-dp__fedavg__clients-8__seed-42__nm0p05__clip5__rounds-20__epochs-5__cifar_chunks__cifar10_cnn round=7 (checkpoint deleted)
2026-08-05 19:22:18 EVALUATED cifar-full-in-replace__non-iid__global-dp__fedavg__clients-8__seed-42__nm0p05__clip5__rounds-20__epochs-5__cifar_chunks__cifar10_cnn round=8 (checkpoint deleted)
2026-08-05 19:22:23 EVALUATED cifar-full-in-replace__non-iid__global-dp__fedavg__clients-8__seed-42__nm0p05__clip5__rounds-20__epochs-5__cifar_chunks__cifar10_cnn round=9 (checkpoint deleted)
2026-08-05 19:22:27 EVALUATED cifar-full-in-replace__non-iid__global-dp__fedavg__clients-8__seed-42__nm0p05__clip5__rounds-20__epochs-5__cifar_chunks__cifar10_cnn round=10 (checkpoint deleted)
2026-08-05 19:22:32 EVALUATED cifar-full-in-replace__non-iid__global-dp__fedavg__clients-8__seed-42__nm0p05__clip5__rounds-20__epochs-5__cifar_chunks__cifar10_cnn round=11 (checkpoint deleted)
2026-08-05 19:22:36 EVALUATED cifar-full-in-replace__non-iid__global-dp__fedavg__clients-8__seed-42__nm0p05__clip5__rounds-20__epochs-5__cifar_chunks__cifar10_cnn round=12 (checkpoint deleted)
2026-08-05 19:22:40 EVALUATED cifar-full-in-replace__non-iid__global-dp__fedavg__clients-8__seed-42__nm0p05__clip5__rounds-20__epochs-5__cifar_chunks__cifar10_cnn round=13 (checkpoint deleted)
2026-08-05 19:22:45 EVALUATED cifar-full-in-replace__non-iid__global-dp__fedavg__clients-8__seed-42__nm0p05__clip5__rounds-20__epochs-5__cifar_chunks__cifar10_cnn round=14 (checkpoint deleted)
2026-08-05 19:22:49 EVALUATED cifar-full-in-replace__non-iid__global-dp__fedavg__clients-8__seed-42__nm0p05__clip5__rounds-20__epochs-5__cifar_chunks__cifar10_cnn round=15 (checkpoint deleted)
2026-08-05 19:22:54 EVALUATED cifar-full-in-replace__non-iid__global-dp__fedavg__clients-8__seed-42__nm0p05__clip5__rounds-20__epochs-5__cifar_chunks__cifar10_cnn round=16 (checkpoint deleted)
2026-08-05 19:22:58 EVALUATED cifar-full-in-replace__non-iid__global-dp__fedavg__clients-8__seed-42__nm0p05__clip5__rounds-20__epochs-5__cifar_chunks__cifar10_cnn round=17 (checkpoint deleted)
2026-08-05 19:23:03 EVALUATED cifar-full-in-replace__non-iid__global-dp__fedavg__clients-8__seed-42__nm0p05__clip5__rounds-20__epochs-5__cifar_chunks__cifar10_cnn round=18 (checkpoint deleted)
2026-08-05 19:23:07 EVALUATED cifar-full-in-replace__non-iid__global-dp__fedavg__clients-8__seed-42__nm0p05__clip5__rounds-20__epochs-5__cifar_chunks__cifar10_cnn round=19 (checkpoint deleted)
2026-08-05 19:23:11 EVALUATED cifar-full-in-replace__non-iid__global-dp__fedavg__clients-8__seed-42__nm0p05__clip5__rounds-20__epochs-5__cifar_chunks__cifar10_cnn round=20 (checkpoint deleted)
2026-08-05 19:23:11 PROGRESS 1/2 (0 failed so far)
2026-08-05 19:23:11 START cifar-full-in-replace__non-iid__metric-privacy__fedavg__clients-8__seed-42__nm0p05__clip5__rounds-20__epochs-5__cifar_chunks__cifar10_cnn 
2026-08-05 19:27:36 DONE  cifar-full-in-replace__non-iid__metric-privacy__fedavg__clients-8__seed-42__nm0p05__clip5__rounds-20__epochs-5__cifar_chunks__cifar10_cnn (264.2s)
2026-08-05 19:27:40 EVALUATED cifar-full-in-replace__non-iid__metric-privacy__fedavg__clients-8__seed-42__nm0p05__clip5__rounds-20__epochs-5__cifar_chunks__cifar10_cnn round=1 (checkpoint deleted)
2026-08-05 19:27:44 EVALUATED cifar-full-in-replace__non-iid__metric-privacy__fedavg__clients-8__seed-42__nm0p05__clip5__rounds-20__epochs-5__cifar_chunks__cifar10_cnn round=2 (checkpoint deleted)
2026-08-05 19:27:49 EVALUATED cifar-full-in-replace__non-iid__metric-privacy__fedavg__clients-8__seed-42__nm0p05__clip5__rounds-20__epochs-5__cifar_chunks__cifar10_cnn round=3 (checkpoint deleted)
2026-08-05 19:27:53 EVALUATED cifar-full-in-replace__non-iid__metric-privacy__fedavg__clients-8__seed-42__nm0p05__clip5__rounds-20__epochs-5__cifar_chunks__cifar10_cnn round=4 (checkpoint deleted)
2026-08-05 19:27:58 EVALUATED cifar-full-in-replace__non-iid__metric-privacy__fedavg__clients-8__seed-42__nm0p05__clip5__rounds-20__epochs-5__cifar_chunks__cifar10_cnn round=5 (checkpoint deleted)
2026-08-05 19:28:02 EVALUATED cifar-full-in-replace__non-iid__metric-privacy__fedavg__clients-8__seed-42__nm0p05__clip5__rounds-20__epochs-5__cifar_chunks__cifar10_cnn round=6 (checkpoint deleted)
2026-08-05 19:28:07 EVALUATED cifar-full-in-replace__non-iid__metric-privacy__fedavg__clients-8__seed-42__nm0p05__clip5__rounds-20__epochs-5__cifar_chunks__cifar10_cnn round=7 (checkpoint deleted)
2026-08-05 19:28:11 EVALUATED cifar-full-in-replace__non-iid__metric-privacy__fedavg__clients-8__seed-42__nm0p05__clip5__rounds-20__epochs-5__cifar_chunks__cifar10_cnn round=8 (checkpoint deleted)
2026-08-05 19:28:16 EVALUATED cifar-full-in-replace__non-iid__metric-privacy__fedavg__clients-8__seed-42__nm0p05__clip5__rounds-20__epochs-5__cifar_chunks__cifar10_cnn round=9 (checkpoint deleted)
2026-08-05 19:28:20 EVALUATED cifar-full-in-replace__non-iid__metric-privacy__fedavg__clients-8__seed-42__nm0p05__clip5__rounds-20__epochs-5__cifar_chunks__cifar10_cnn round=10 (checkpoint deleted)
2026-08-05 19:28:25 EVALUATED cifar-full-in-replace__non-iid__metric-privacy__fedavg__clients-8__seed-42__nm0p05__clip5__rounds-20__epochs-5__cifar_chunks__cifar10_cnn round=11 (checkpoint deleted)
2026-08-05 19:28:29 EVALUATED cifar-full-in-replace__non-iid__metric-privacy__fedavg__clients-8__seed-42__nm0p05__clip5__rounds-20__epochs-5__cifar_chunks__cifar10_cnn round=12 (checkpoint deleted)
2026-08-05 19:28:34 EVALUATED cifar-full-in-replace__non-iid__metric-privacy__fedavg__clients-8__seed-42__nm0p05__clip5__rounds-20__epochs-5__cifar_chunks__cifar10_cnn round=13 (checkpoint deleted)
2026-08-05 19:28:38 EVALUATED cifar-full-in-replace__non-iid__metric-privacy__fedavg__clients-8__seed-42__nm0p05__clip5__rounds-20__epochs-5__cifar_chunks__cifar10_cnn round=14 (checkpoint deleted)
2026-08-05 19:28:42 EVALUATED cifar-full-in-replace__non-iid__metric-privacy__fedavg__clients-8__seed-42__nm0p05__clip5__rounds-20__epochs-5__cifar_chunks__cifar10_cnn round=15 (checkpoint deleted)
2026-08-05 19:28:47 EVALUATED cifar-full-in-replace__non-iid__metric-privacy__fedavg__clients-8__seed-42__nm0p05__clip5__rounds-20__epochs-5__cifar_chunks__cifar10_cnn round=16 (checkpoint deleted)
2026-08-05 19:28:51 EVALUATED cifar-full-in-replace__non-iid__metric-privacy__fedavg__clients-8__seed-42__nm0p05__clip5__rounds-20__epochs-5__cifar_chunks__cifar10_cnn round=17 (checkpoint deleted)
2026-08-05 19:28:56 EVALUATED cifar-full-in-replace__non-iid__metric-privacy__fedavg__clients-8__seed-42__nm0p05__clip5__rounds-20__epochs-5__cifar_chunks__cifar10_cnn round=18 (checkpoint deleted)
2026-08-05 19:29:00 EVALUATED cifar-full-in-replace__non-iid__metric-privacy__fedavg__clients-8__seed-42__nm0p05__clip5__rounds-20__epochs-5__cifar_chunks__cifar10_cnn round=19 (checkpoint deleted)
2026-08-05 19:29:05 EVALUATED cifar-full-in-replace__non-iid__metric-privacy__fedavg__clients-8__seed-42__nm0p05__clip5__rounds-20__epochs-5__cifar_chunks__cifar10_cnn round=20 (checkpoint deleted)
2026-08-05 19:29:05 PROGRESS 2/2 (0 failed so far)
2026-08-05 19:29:05 Sweep finished: 2/2 attempted, 0 failed
