2026-08-11 14:46:13 CIFAR-10 removal CIA chunk (metric-privacy, clients=8): 1 trajectories
2026-08-11 14:46:13 START cifar10-out-remove__non-iid__metric-privacy__fedavg__clients-7__seed-42__nm0p0182__clip5__rounds-20__epochs-5__cifar10_remove__cifar10_cnn 
2026-08-11 14:57:50 DONE  cifar10-out-remove__non-iid__metric-privacy__fedavg__clients-7__seed-42__nm0p0182__clip5__rounds-20__epochs-5__cifar10_remove__cifar10_cnn (696.9s)
2026-08-11 14:58:00 EVALUATED cifar10-out-remove__non-iid__metric-privacy__fedavg__clients-7__seed-42__nm0p0182__clip5__rounds-20__epochs-5__cifar10_remove__cifar10_cnn round=1 (checkpoint deleted)
2026-08-11 14:58:07 EVALUATED cifar10-out-remove__non-iid__metric-privacy__fedavg__clients-7__seed-42__nm0p0182__clip5__rounds-20__epochs-5__cifar10_remove__cifar10_cnn round=2 (checkpoint deleted)
2026-08-11 14:58:15 EVALUATED cifar10-out-remove__non-iid__metric-privacy__fedavg__clients-7__seed-42__nm0p0182__clip5__rounds-20__epochs-5__cifar10_remove__cifar10_cnn round=3 (checkpoint deleted)
2026-08-11 14:58:22 EVALUATED cifar10-out-remove__non-iid__metric-privacy__fedavg__clients-7__seed-42__nm0p0182__clip5__rounds-20__epochs-5__cifar10_remove__cifar10_cnn round=4 (checkpoint deleted)
2026-08-11 14:58:30 EVALUATED cifar10-out-remove__non-iid__metric-privacy__fedavg__clients-7__seed-42__nm0p0182__clip5__rounds-20__epochs-5__cifar10_remove__cifar10_cnn round=5 (checkpoint deleted)
2026-08-11 14:58:37 EVALUATED cifar10-out-remove__non-iid__metric-privacy__fedavg__clients-7__seed-42__nm0p0182__clip5__rounds-20__epochs-5__cifar10_remove__cifar10_cnn round=6 (checkpoint deleted)
2026-08-11 14:58:44 EVALUATED cifar10-out-remove__non-iid__metric-privacy__fedavg__clients-7__seed-42__nm0p0182__clip5__rounds-20__epochs-5__cifar10_remove__cifar10_cnn round=7 (checkpoint deleted)
2026-08-11 14:58:51 EVALUATED cifar10-out-remove__non-iid__metric-privacy__fedavg__clients-7__seed-42__nm0p0182__clip5__rounds-20__epochs-5__cifar10_remove__cifar10_cnn round=8 (checkpoint deleted)
2026-08-11 14:58:59 EVALUATED cifar10-out-remove__non-iid__metric-privacy__fedavg__clients-7__seed-42__nm0p0182__clip5__rounds-20__epochs-5__cifar10_remove__cifar10_cnn round=9 (checkpoint deleted)
2026-08-11 14:59:06 EVALUATED cifar10-out-remove__non-iid__metric-privacy__fedavg__clients-7__seed-42__nm0p0182__clip5__rounds-20__epochs-5__cifar10_remove__cifar10_cnn round=10 (checkpoint deleted)
2026-08-11 14:59:13 EVALUATED cifar10-out-remove__non-iid__metric-privacy__fedavg__clients-7__seed-42__nm0p0182__clip5__rounds-20__epochs-5__cifar10_remove__cifar10_cnn round=11 (checkpoint deleted)
2026-08-11 14:59:21 EVALUATED cifar10-out-remove__non-iid__metric-privacy__fedavg__clients-7__seed-42__nm0p0182__clip5__rounds-20__epochs-5__cifar10_remove__cifar10_cnn round=12 (checkpoint deleted)
2026-08-11 14:59:28 EVALUATED cifar10-out-remove__non-iid__metric-privacy__fedavg__clients-7__seed-42__nm0p0182__clip5__rounds-20__epochs-5__cifar10_remove__cifar10_cnn round=13 (checkpoint deleted)
2026-08-11 14:59:35 EVALUATED cifar10-out-remove__non-iid__metric-privacy__fedavg__clients-7__seed-42__nm0p0182__clip5__rounds-20__epochs-5__cifar10_remove__cifar10_cnn round=14 (checkpoint deleted)
2026-08-11 14:59:43 EVALUATED cifar10-out-remove__non-iid__metric-privacy__fedavg__clients-7__seed-42__nm0p0182__clip5__rounds-20__epochs-5__cifar10_remove__cifar10_cnn round=15 (checkpoint deleted)
2026-08-11 14:59:50 EVALUATED cifar10-out-remove__non-iid__metric-privacy__fedavg__clients-7__seed-42__nm0p0182__clip5__rounds-20__epochs-5__cifar10_remove__cifar10_cnn round=16 (checkpoint deleted)
2026-08-11 14:59:57 EVALUATED cifar10-out-remove__non-iid__metric-privacy__fedavg__clients-7__seed-42__nm0p0182__clip5__rounds-20__epochs-5__cifar10_remove__cifar10_cnn round=17 (checkpoint deleted)
2026-08-11 15:00:05 EVALUATED cifar10-out-remove__non-iid__metric-privacy__fedavg__clients-7__seed-42__nm0p0182__clip5__rounds-20__epochs-5__cifar10_remove__cifar10_cnn round=18 (checkpoint deleted)
2026-08-11 15:00:12 EVALUATED cifar10-out-remove__non-iid__metric-privacy__fedavg__clients-7__seed-42__nm0p0182__clip5__rounds-20__epochs-5__cifar10_remove__cifar10_cnn round=19 (checkpoint deleted)
2026-08-11 15:00:19 EVALUATED cifar10-out-remove__non-iid__metric-privacy__fedavg__clients-7__seed-42__nm0p0182__clip5__rounds-20__epochs-5__cifar10_remove__cifar10_cnn round=20 (checkpoint deleted)
2026-08-11 15:00:19 PROGRESS 1/1 (0 failed so far)
2026-08-11 15:00:19 Sweep finished: 1/1 attempted, 0 failed
