2026-08-05 14:19:41 Starting full chunk: 1 trajectories
2026-08-05 14:19:41 START cifar-full-in-replace__non-iid__vanilla__fedavg__clients-3__seed-43__nm0p01__clip5__rounds-20__epochs-5__cifar_chunks__cifar10_cnn 
2026-08-05 14:23:50 DONE  cifar-full-in-replace__non-iid__vanilla__fedavg__clients-3__seed-43__nm0p01__clip5__rounds-20__epochs-5__cifar_chunks__cifar10_cnn (249.7s)
2026-08-05 14:23:59 EVALUATED cifar-full-in-replace__non-iid__vanilla__fedavg__clients-3__seed-43__nm0p01__clip5__rounds-20__epochs-5__cifar_chunks__cifar10_cnn round=1 (checkpoint deleted)
2026-08-05 14:24:05 EVALUATED cifar-full-in-replace__non-iid__vanilla__fedavg__clients-3__seed-43__nm0p01__clip5__rounds-20__epochs-5__cifar_chunks__cifar10_cnn round=2 (checkpoint deleted)
2026-08-05 14:24:10 EVALUATED cifar-full-in-replace__non-iid__vanilla__fedavg__clients-3__seed-43__nm0p01__clip5__rounds-20__epochs-5__cifar_chunks__cifar10_cnn round=3 (checkpoint deleted)
2026-08-05 14:24:16 EVALUATED cifar-full-in-replace__non-iid__vanilla__fedavg__clients-3__seed-43__nm0p01__clip5__rounds-20__epochs-5__cifar_chunks__cifar10_cnn round=4 (checkpoint deleted)
2026-08-05 14:24:21 EVALUATED cifar-full-in-replace__non-iid__vanilla__fedavg__clients-3__seed-43__nm0p01__clip5__rounds-20__epochs-5__cifar_chunks__cifar10_cnn round=5 (checkpoint deleted)
2026-08-05 14:24:27 EVALUATED cifar-full-in-replace__non-iid__vanilla__fedavg__clients-3__seed-43__nm0p01__clip5__rounds-20__epochs-5__cifar_chunks__cifar10_cnn round=6 (checkpoint deleted)
2026-08-05 14:24:32 EVALUATED cifar-full-in-replace__non-iid__vanilla__fedavg__clients-3__seed-43__nm0p01__clip5__rounds-20__epochs-5__cifar_chunks__cifar10_cnn round=7 (checkpoint deleted)
2026-08-05 14:24:38 EVALUATED cifar-full-in-replace__non-iid__vanilla__fedavg__clients-3__seed-43__nm0p01__clip5__rounds-20__epochs-5__cifar_chunks__cifar10_cnn round=8 (checkpoint deleted)
2026-08-05 14:24:43 EVALUATED cifar-full-in-replace__non-iid__vanilla__fedavg__clients-3__seed-43__nm0p01__clip5__rounds-20__epochs-5__cifar_chunks__cifar10_cnn round=9 (checkpoint deleted)
2026-08-05 14:24:49 EVALUATED cifar-full-in-replace__non-iid__vanilla__fedavg__clients-3__seed-43__nm0p01__clip5__rounds-20__epochs-5__cifar_chunks__cifar10_cnn round=10 (checkpoint deleted)
2026-08-05 14:24:54 EVALUATED cifar-full-in-replace__non-iid__vanilla__fedavg__clients-3__seed-43__nm0p01__clip5__rounds-20__epochs-5__cifar_chunks__cifar10_cnn round=11 (checkpoint deleted)
2026-08-05 14:25:00 EVALUATED cifar-full-in-replace__non-iid__vanilla__fedavg__clients-3__seed-43__nm0p01__clip5__rounds-20__epochs-5__cifar_chunks__cifar10_cnn round=12 (checkpoint deleted)
2026-08-05 14:25:05 EVALUATED cifar-full-in-replace__non-iid__vanilla__fedavg__clients-3__seed-43__nm0p01__clip5__rounds-20__epochs-5__cifar_chunks__cifar10_cnn round=13 (checkpoint deleted)
2026-08-05 14:25:11 EVALUATED cifar-full-in-replace__non-iid__vanilla__fedavg__clients-3__seed-43__nm0p01__clip5__rounds-20__epochs-5__cifar_chunks__cifar10_cnn round=14 (checkpoint deleted)
2026-08-05 14:25:16 EVALUATED cifar-full-in-replace__non-iid__vanilla__fedavg__clients-3__seed-43__nm0p01__clip5__rounds-20__epochs-5__cifar_chunks__cifar10_cnn round=15 (checkpoint deleted)
2026-08-05 14:25:22 EVALUATED cifar-full-in-replace__non-iid__vanilla__fedavg__clients-3__seed-43__nm0p01__clip5__rounds-20__epochs-5__cifar_chunks__cifar10_cnn round=16 (checkpoint deleted)
2026-08-05 14:25:27 EVALUATED cifar-full-in-replace__non-iid__vanilla__fedavg__clients-3__seed-43__nm0p01__clip5__rounds-20__epochs-5__cifar_chunks__cifar10_cnn round=17 (checkpoint deleted)
2026-08-05 14:25:32 EVALUATED cifar-full-in-replace__non-iid__vanilla__fedavg__clients-3__seed-43__nm0p01__clip5__rounds-20__epochs-5__cifar_chunks__cifar10_cnn round=18 (checkpoint deleted)
2026-08-05 14:25:38 EVALUATED cifar-full-in-replace__non-iid__vanilla__fedavg__clients-3__seed-43__nm0p01__clip5__rounds-20__epochs-5__cifar_chunks__cifar10_cnn round=19 (checkpoint deleted)
2026-08-05 14:25:43 EVALUATED cifar-full-in-replace__non-iid__vanilla__fedavg__clients-3__seed-43__nm0p01__clip5__rounds-20__epochs-5__cifar_chunks__cifar10_cnn round=20 (checkpoint deleted)
2026-08-05 14:25:43 PROGRESS 1/1 (0 failed so far)
2026-08-05 14:25:43 Sweep finished: 1/1 attempted, 0 failed
