2026-08-21 16:17:27 CIFAR-10 stage (global-dp, homogeneous, seed=44, noise_ratio=0.01): 2 trajectories
2026-08-21 16:17:27 START cifar10-in-remove__homogeneous__global-dp__fedavg__clients-100__seed-44__nm1__clip5__rounds-20__epochs-5__cifar10_remove__cifar10_cnn 
2026-08-21 16:24:08 DONE  cifar10-in-remove__homogeneous__global-dp__fedavg__clients-100__seed-44__nm1__clip5__rounds-20__epochs-5__cifar10_remove__cifar10_cnn (401.4s)
2026-08-21 16:24:11 EVALUATED cifar10-in-remove__homogeneous__global-dp__fedavg__clients-100__seed-44__nm1__clip5__rounds-20__epochs-5__cifar10_remove__cifar10_cnn round=1 (checkpoint deleted)
2026-08-21 16:24:15 EVALUATED cifar10-in-remove__homogeneous__global-dp__fedavg__clients-100__seed-44__nm1__clip5__rounds-20__epochs-5__cifar10_remove__cifar10_cnn round=2 (checkpoint deleted)
2026-08-21 16:24:18 EVALUATED cifar10-in-remove__homogeneous__global-dp__fedavg__clients-100__seed-44__nm1__clip5__rounds-20__epochs-5__cifar10_remove__cifar10_cnn round=3 (checkpoint deleted)
2026-08-21 16:24:21 EVALUATED cifar10-in-remove__homogeneous__global-dp__fedavg__clients-100__seed-44__nm1__clip5__rounds-20__epochs-5__cifar10_remove__cifar10_cnn round=4 (checkpoint deleted)
2026-08-21 16:24:24 EVALUATED cifar10-in-remove__homogeneous__global-dp__fedavg__clients-100__seed-44__nm1__clip5__rounds-20__epochs-5__cifar10_remove__cifar10_cnn round=5 (checkpoint deleted)
2026-08-21 16:24:27 EVALUATED cifar10-in-remove__homogeneous__global-dp__fedavg__clients-100__seed-44__nm1__clip5__rounds-20__epochs-5__cifar10_remove__cifar10_cnn round=6 (checkpoint deleted)
2026-08-21 16:24:30 EVALUATED cifar10-in-remove__homogeneous__global-dp__fedavg__clients-100__seed-44__nm1__clip5__rounds-20__epochs-5__cifar10_remove__cifar10_cnn round=7 (checkpoint deleted)
2026-08-21 16:24:33 EVALUATED cifar10-in-remove__homogeneous__global-dp__fedavg__clients-100__seed-44__nm1__clip5__rounds-20__epochs-5__cifar10_remove__cifar10_cnn round=8 (checkpoint deleted)
2026-08-21 16:24:36 EVALUATED cifar10-in-remove__homogeneous__global-dp__fedavg__clients-100__seed-44__nm1__clip5__rounds-20__epochs-5__cifar10_remove__cifar10_cnn round=9 (checkpoint deleted)
2026-08-21 16:24:39 EVALUATED cifar10-in-remove__homogeneous__global-dp__fedavg__clients-100__seed-44__nm1__clip5__rounds-20__epochs-5__cifar10_remove__cifar10_cnn round=10 (checkpoint deleted)
2026-08-21 16:24:42 EVALUATED cifar10-in-remove__homogeneous__global-dp__fedavg__clients-100__seed-44__nm1__clip5__rounds-20__epochs-5__cifar10_remove__cifar10_cnn round=11 (checkpoint deleted)
2026-08-21 16:24:45 EVALUATED cifar10-in-remove__homogeneous__global-dp__fedavg__clients-100__seed-44__nm1__clip5__rounds-20__epochs-5__cifar10_remove__cifar10_cnn round=12 (checkpoint deleted)
2026-08-21 16:24:48 EVALUATED cifar10-in-remove__homogeneous__global-dp__fedavg__clients-100__seed-44__nm1__clip5__rounds-20__epochs-5__cifar10_remove__cifar10_cnn round=13 (checkpoint deleted)
2026-08-21 16:24:51 EVALUATED cifar10-in-remove__homogeneous__global-dp__fedavg__clients-100__seed-44__nm1__clip5__rounds-20__epochs-5__cifar10_remove__cifar10_cnn round=14 (checkpoint deleted)
2026-08-21 16:24:54 EVALUATED cifar10-in-remove__homogeneous__global-dp__fedavg__clients-100__seed-44__nm1__clip5__rounds-20__epochs-5__cifar10_remove__cifar10_cnn round=15 (checkpoint deleted)
2026-08-21 16:24:57 EVALUATED cifar10-in-remove__homogeneous__global-dp__fedavg__clients-100__seed-44__nm1__clip5__rounds-20__epochs-5__cifar10_remove__cifar10_cnn round=16 (checkpoint deleted)
2026-08-21 16:25:00 EVALUATED cifar10-in-remove__homogeneous__global-dp__fedavg__clients-100__seed-44__nm1__clip5__rounds-20__epochs-5__cifar10_remove__cifar10_cnn round=17 (checkpoint deleted)
2026-08-21 16:25:03 EVALUATED cifar10-in-remove__homogeneous__global-dp__fedavg__clients-100__seed-44__nm1__clip5__rounds-20__epochs-5__cifar10_remove__cifar10_cnn round=18 (checkpoint deleted)
2026-08-21 16:25:06 EVALUATED cifar10-in-remove__homogeneous__global-dp__fedavg__clients-100__seed-44__nm1__clip5__rounds-20__epochs-5__cifar10_remove__cifar10_cnn round=19 (checkpoint deleted)
2026-08-21 16:25:09 EVALUATED cifar10-in-remove__homogeneous__global-dp__fedavg__clients-100__seed-44__nm1__clip5__rounds-20__epochs-5__cifar10_remove__cifar10_cnn round=20 (checkpoint deleted)
2026-08-21 16:25:09 PROGRESS 1/2 (0 failed so far)
2026-08-21 16:25:09 START cifar10-out-remove__homogeneous__global-dp__fedavg__clients-99__seed-44__nm0p99__clip5__rounds-20__epochs-5__cifar10_remove__cifar10_cnn 
2026-08-21 16:31:46 DONE  cifar10-out-remove__homogeneous__global-dp__fedavg__clients-99__seed-44__nm0p99__clip5__rounds-20__epochs-5__cifar10_remove__cifar10_cnn (397.1s)
2026-08-21 16:31:49 EVALUATED cifar10-out-remove__homogeneous__global-dp__fedavg__clients-99__seed-44__nm0p99__clip5__rounds-20__epochs-5__cifar10_remove__cifar10_cnn round=1 (checkpoint deleted)
2026-08-21 16:31:52 EVALUATED cifar10-out-remove__homogeneous__global-dp__fedavg__clients-99__seed-44__nm0p99__clip5__rounds-20__epochs-5__cifar10_remove__cifar10_cnn round=2 (checkpoint deleted)
2026-08-21 16:31:55 EVALUATED cifar10-out-remove__homogeneous__global-dp__fedavg__clients-99__seed-44__nm0p99__clip5__rounds-20__epochs-5__cifar10_remove__cifar10_cnn round=3 (checkpoint deleted)
2026-08-21 16:31:58 EVALUATED cifar10-out-remove__homogeneous__global-dp__fedavg__clients-99__seed-44__nm0p99__clip5__rounds-20__epochs-5__cifar10_remove__cifar10_cnn round=4 (checkpoint deleted)
2026-08-21 16:32:01 EVALUATED cifar10-out-remove__homogeneous__global-dp__fedavg__clients-99__seed-44__nm0p99__clip5__rounds-20__epochs-5__cifar10_remove__cifar10_cnn round=5 (checkpoint deleted)
2026-08-21 16:32:04 EVALUATED cifar10-out-remove__homogeneous__global-dp__fedavg__clients-99__seed-44__nm0p99__clip5__rounds-20__epochs-5__cifar10_remove__cifar10_cnn round=6 (checkpoint deleted)
2026-08-21 16:32:07 EVALUATED cifar10-out-remove__homogeneous__global-dp__fedavg__clients-99__seed-44__nm0p99__clip5__rounds-20__epochs-5__cifar10_remove__cifar10_cnn round=7 (checkpoint deleted)
2026-08-21 16:32:10 EVALUATED cifar10-out-remove__homogeneous__global-dp__fedavg__clients-99__seed-44__nm0p99__clip5__rounds-20__epochs-5__cifar10_remove__cifar10_cnn round=8 (checkpoint deleted)
2026-08-21 16:32:13 EVALUATED cifar10-out-remove__homogeneous__global-dp__fedavg__clients-99__seed-44__nm0p99__clip5__rounds-20__epochs-5__cifar10_remove__cifar10_cnn round=9 (checkpoint deleted)
2026-08-21 16:32:16 EVALUATED cifar10-out-remove__homogeneous__global-dp__fedavg__clients-99__seed-44__nm0p99__clip5__rounds-20__epochs-5__cifar10_remove__cifar10_cnn round=10 (checkpoint deleted)
2026-08-21 16:32:19 EVALUATED cifar10-out-remove__homogeneous__global-dp__fedavg__clients-99__seed-44__nm0p99__clip5__rounds-20__epochs-5__cifar10_remove__cifar10_cnn round=11 (checkpoint deleted)
2026-08-21 16:32:22 EVALUATED cifar10-out-remove__homogeneous__global-dp__fedavg__clients-99__seed-44__nm0p99__clip5__rounds-20__epochs-5__cifar10_remove__cifar10_cnn round=12 (checkpoint deleted)
2026-08-21 16:32:25 EVALUATED cifar10-out-remove__homogeneous__global-dp__fedavg__clients-99__seed-44__nm0p99__clip5__rounds-20__epochs-5__cifar10_remove__cifar10_cnn round=13 (checkpoint deleted)
2026-08-21 16:32:28 EVALUATED cifar10-out-remove__homogeneous__global-dp__fedavg__clients-99__seed-44__nm0p99__clip5__rounds-20__epochs-5__cifar10_remove__cifar10_cnn round=14 (checkpoint deleted)
2026-08-21 16:32:31 EVALUATED cifar10-out-remove__homogeneous__global-dp__fedavg__clients-99__seed-44__nm0p99__clip5__rounds-20__epochs-5__cifar10_remove__cifar10_cnn round=15 (checkpoint deleted)
2026-08-21 16:32:34 EVALUATED cifar10-out-remove__homogeneous__global-dp__fedavg__clients-99__seed-44__nm0p99__clip5__rounds-20__epochs-5__cifar10_remove__cifar10_cnn round=16 (checkpoint deleted)
2026-08-21 16:32:37 EVALUATED cifar10-out-remove__homogeneous__global-dp__fedavg__clients-99__seed-44__nm0p99__clip5__rounds-20__epochs-5__cifar10_remove__cifar10_cnn round=17 (checkpoint deleted)
2026-08-21 16:32:40 EVALUATED cifar10-out-remove__homogeneous__global-dp__fedavg__clients-99__seed-44__nm0p99__clip5__rounds-20__epochs-5__cifar10_remove__cifar10_cnn round=18 (checkpoint deleted)
2026-08-21 16:32:43 EVALUATED cifar10-out-remove__homogeneous__global-dp__fedavg__clients-99__seed-44__nm0p99__clip5__rounds-20__epochs-5__cifar10_remove__cifar10_cnn round=19 (checkpoint deleted)
2026-08-21 16:32:46 EVALUATED cifar10-out-remove__homogeneous__global-dp__fedavg__clients-99__seed-44__nm0p99__clip5__rounds-20__epochs-5__cifar10_remove__cifar10_cnn round=20 (checkpoint deleted)
2026-08-21 16:32:46 PROGRESS 2/2 (0 failed so far)
2026-08-21 16:32:46 Sweep finished: 2/2 attempted, 0 failed
