2026-08-05 16:24:19 Starting full chunk: 2 trajectories
2026-08-05 16:24:19 START cifar-full-out-replace__non-iid__global-dp__fedavg__clients-3__seed-42__nm0p01875__clip5__rounds-20__epochs-5__cifar_chunks__cifar10_cnn 
2026-08-05 16:28:28 DONE  cifar-full-out-replace__non-iid__global-dp__fedavg__clients-3__seed-42__nm0p01875__clip5__rounds-20__epochs-5__cifar_chunks__cifar10_cnn (248.6s)
2026-08-05 16:28:39 EVALUATED cifar-full-out-replace__non-iid__global-dp__fedavg__clients-3__seed-42__nm0p01875__clip5__rounds-20__epochs-5__cifar_chunks__cifar10_cnn round=1 (checkpoint deleted)
2026-08-05 16:28:46 EVALUATED cifar-full-out-replace__non-iid__global-dp__fedavg__clients-3__seed-42__nm0p01875__clip5__rounds-20__epochs-5__cifar_chunks__cifar10_cnn round=2 (checkpoint deleted)
2026-08-05 16:28:54 EVALUATED cifar-full-out-replace__non-iid__global-dp__fedavg__clients-3__seed-42__nm0p01875__clip5__rounds-20__epochs-5__cifar_chunks__cifar10_cnn round=3 (checkpoint deleted)
2026-08-05 16:29:01 EVALUATED cifar-full-out-replace__non-iid__global-dp__fedavg__clients-3__seed-42__nm0p01875__clip5__rounds-20__epochs-5__cifar_chunks__cifar10_cnn round=4 (checkpoint deleted)
2026-08-05 16:29:09 EVALUATED cifar-full-out-replace__non-iid__global-dp__fedavg__clients-3__seed-42__nm0p01875__clip5__rounds-20__epochs-5__cifar_chunks__cifar10_cnn round=5 (checkpoint deleted)
2026-08-05 16:29:16 EVALUATED cifar-full-out-replace__non-iid__global-dp__fedavg__clients-3__seed-42__nm0p01875__clip5__rounds-20__epochs-5__cifar_chunks__cifar10_cnn round=6 (checkpoint deleted)
2026-08-05 16:29:24 EVALUATED cifar-full-out-replace__non-iid__global-dp__fedavg__clients-3__seed-42__nm0p01875__clip5__rounds-20__epochs-5__cifar_chunks__cifar10_cnn round=7 (checkpoint deleted)
2026-08-05 16:29:31 EVALUATED cifar-full-out-replace__non-iid__global-dp__fedavg__clients-3__seed-42__nm0p01875__clip5__rounds-20__epochs-5__cifar_chunks__cifar10_cnn round=8 (checkpoint deleted)
2026-08-05 16:29:39 EVALUATED cifar-full-out-replace__non-iid__global-dp__fedavg__clients-3__seed-42__nm0p01875__clip5__rounds-20__epochs-5__cifar_chunks__cifar10_cnn round=9 (checkpoint deleted)
2026-08-05 16:29:47 EVALUATED cifar-full-out-replace__non-iid__global-dp__fedavg__clients-3__seed-42__nm0p01875__clip5__rounds-20__epochs-5__cifar_chunks__cifar10_cnn round=10 (checkpoint deleted)
2026-08-05 16:29:54 EVALUATED cifar-full-out-replace__non-iid__global-dp__fedavg__clients-3__seed-42__nm0p01875__clip5__rounds-20__epochs-5__cifar_chunks__cifar10_cnn round=11 (checkpoint deleted)
2026-08-05 16:30:02 EVALUATED cifar-full-out-replace__non-iid__global-dp__fedavg__clients-3__seed-42__nm0p01875__clip5__rounds-20__epochs-5__cifar_chunks__cifar10_cnn round=12 (checkpoint deleted)
2026-08-05 16:30:09 EVALUATED cifar-full-out-replace__non-iid__global-dp__fedavg__clients-3__seed-42__nm0p01875__clip5__rounds-20__epochs-5__cifar_chunks__cifar10_cnn round=13 (checkpoint deleted)
2026-08-05 16:30:17 EVALUATED cifar-full-out-replace__non-iid__global-dp__fedavg__clients-3__seed-42__nm0p01875__clip5__rounds-20__epochs-5__cifar_chunks__cifar10_cnn round=14 (checkpoint deleted)
2026-08-05 16:30:24 EVALUATED cifar-full-out-replace__non-iid__global-dp__fedavg__clients-3__seed-42__nm0p01875__clip5__rounds-20__epochs-5__cifar_chunks__cifar10_cnn round=15 (checkpoint deleted)
2026-08-05 16:30:32 EVALUATED cifar-full-out-replace__non-iid__global-dp__fedavg__clients-3__seed-42__nm0p01875__clip5__rounds-20__epochs-5__cifar_chunks__cifar10_cnn round=16 (checkpoint deleted)
2026-08-05 16:30:39 EVALUATED cifar-full-out-replace__non-iid__global-dp__fedavg__clients-3__seed-42__nm0p01875__clip5__rounds-20__epochs-5__cifar_chunks__cifar10_cnn round=17 (checkpoint deleted)
2026-08-05 16:30:47 EVALUATED cifar-full-out-replace__non-iid__global-dp__fedavg__clients-3__seed-42__nm0p01875__clip5__rounds-20__epochs-5__cifar_chunks__cifar10_cnn round=18 (checkpoint deleted)
2026-08-05 16:30:54 EVALUATED cifar-full-out-replace__non-iid__global-dp__fedavg__clients-3__seed-42__nm0p01875__clip5__rounds-20__epochs-5__cifar_chunks__cifar10_cnn round=19 (checkpoint deleted)
2026-08-05 16:31:02 EVALUATED cifar-full-out-replace__non-iid__global-dp__fedavg__clients-3__seed-42__nm0p01875__clip5__rounds-20__epochs-5__cifar_chunks__cifar10_cnn round=20 (checkpoint deleted)
2026-08-05 16:31:02 PROGRESS 1/2 (0 failed so far)
2026-08-05 16:31:02 START cifar-full-out-replace__non-iid__metric-privacy__fedavg__clients-3__seed-42__nm0p01875__clip5__rounds-20__epochs-5__cifar_chunks__cifar10_cnn 
2026-08-05 16:35:13 DONE  cifar-full-out-replace__non-iid__metric-privacy__fedavg__clients-3__seed-42__nm0p01875__clip5__rounds-20__epochs-5__cifar_chunks__cifar10_cnn (250.8s)
2026-08-05 16:35:20 EVALUATED cifar-full-out-replace__non-iid__metric-privacy__fedavg__clients-3__seed-42__nm0p01875__clip5__rounds-20__epochs-5__cifar_chunks__cifar10_cnn round=1 (checkpoint deleted)
2026-08-05 16:35:28 EVALUATED cifar-full-out-replace__non-iid__metric-privacy__fedavg__clients-3__seed-42__nm0p01875__clip5__rounds-20__epochs-5__cifar_chunks__cifar10_cnn round=2 (checkpoint deleted)
2026-08-05 16:35:36 EVALUATED cifar-full-out-replace__non-iid__metric-privacy__fedavg__clients-3__seed-42__nm0p01875__clip5__rounds-20__epochs-5__cifar_chunks__cifar10_cnn round=3 (checkpoint deleted)
2026-08-05 16:35:43 EVALUATED cifar-full-out-replace__non-iid__metric-privacy__fedavg__clients-3__seed-42__nm0p01875__clip5__rounds-20__epochs-5__cifar_chunks__cifar10_cnn round=4 (checkpoint deleted)
2026-08-05 16:35:51 EVALUATED cifar-full-out-replace__non-iid__metric-privacy__fedavg__clients-3__seed-42__nm0p01875__clip5__rounds-20__epochs-5__cifar_chunks__cifar10_cnn round=5 (checkpoint deleted)
2026-08-05 16:35:58 EVALUATED cifar-full-out-replace__non-iid__metric-privacy__fedavg__clients-3__seed-42__nm0p01875__clip5__rounds-20__epochs-5__cifar_chunks__cifar10_cnn round=6 (checkpoint deleted)
2026-08-05 16:36:06 EVALUATED cifar-full-out-replace__non-iid__metric-privacy__fedavg__clients-3__seed-42__nm0p01875__clip5__rounds-20__epochs-5__cifar_chunks__cifar10_cnn round=7 (checkpoint deleted)
2026-08-05 16:36:14 EVALUATED cifar-full-out-replace__non-iid__metric-privacy__fedavg__clients-3__seed-42__nm0p01875__clip5__rounds-20__epochs-5__cifar_chunks__cifar10_cnn round=8 (checkpoint deleted)
2026-08-05 16:36:21 EVALUATED cifar-full-out-replace__non-iid__metric-privacy__fedavg__clients-3__seed-42__nm0p01875__clip5__rounds-20__epochs-5__cifar_chunks__cifar10_cnn round=9 (checkpoint deleted)
2026-08-05 16:36:29 EVALUATED cifar-full-out-replace__non-iid__metric-privacy__fedavg__clients-3__seed-42__nm0p01875__clip5__rounds-20__epochs-5__cifar_chunks__cifar10_cnn round=10 (checkpoint deleted)
2026-08-05 16:36:36 EVALUATED cifar-full-out-replace__non-iid__metric-privacy__fedavg__clients-3__seed-42__nm0p01875__clip5__rounds-20__epochs-5__cifar_chunks__cifar10_cnn round=11 (checkpoint deleted)
2026-08-05 16:36:44 EVALUATED cifar-full-out-replace__non-iid__metric-privacy__fedavg__clients-3__seed-42__nm0p01875__clip5__rounds-20__epochs-5__cifar_chunks__cifar10_cnn round=12 (checkpoint deleted)
2026-08-05 16:36:51 EVALUATED cifar-full-out-replace__non-iid__metric-privacy__fedavg__clients-3__seed-42__nm0p01875__clip5__rounds-20__epochs-5__cifar_chunks__cifar10_cnn round=13 (checkpoint deleted)
2026-08-05 16:36:59 EVALUATED cifar-full-out-replace__non-iid__metric-privacy__fedavg__clients-3__seed-42__nm0p01875__clip5__rounds-20__epochs-5__cifar_chunks__cifar10_cnn round=14 (checkpoint deleted)
2026-08-05 16:37:07 EVALUATED cifar-full-out-replace__non-iid__metric-privacy__fedavg__clients-3__seed-42__nm0p01875__clip5__rounds-20__epochs-5__cifar_chunks__cifar10_cnn round=15 (checkpoint deleted)
2026-08-05 16:37:14 EVALUATED cifar-full-out-replace__non-iid__metric-privacy__fedavg__clients-3__seed-42__nm0p01875__clip5__rounds-20__epochs-5__cifar_chunks__cifar10_cnn round=16 (checkpoint deleted)
2026-08-05 16:37:22 EVALUATED cifar-full-out-replace__non-iid__metric-privacy__fedavg__clients-3__seed-42__nm0p01875__clip5__rounds-20__epochs-5__cifar_chunks__cifar10_cnn round=17 (checkpoint deleted)
2026-08-05 16:37:29 EVALUATED cifar-full-out-replace__non-iid__metric-privacy__fedavg__clients-3__seed-42__nm0p01875__clip5__rounds-20__epochs-5__cifar_chunks__cifar10_cnn round=18 (checkpoint deleted)
2026-08-05 16:37:37 EVALUATED cifar-full-out-replace__non-iid__metric-privacy__fedavg__clients-3__seed-42__nm0p01875__clip5__rounds-20__epochs-5__cifar_chunks__cifar10_cnn round=19 (checkpoint deleted)
2026-08-05 16:37:45 EVALUATED cifar-full-out-replace__non-iid__metric-privacy__fedavg__clients-3__seed-42__nm0p01875__clip5__rounds-20__epochs-5__cifar_chunks__cifar10_cnn round=20 (checkpoint deleted)
2026-08-05 16:37:45 PROGRESS 2/2 (0 failed so far)
2026-08-05 16:37:45 Sweep finished: 2/2 attempted, 0 failed
